train_hybinn.py log started 2026-06-05 21:25:09.543890
=========================================
Model Active Branches: ['binn']
=========================================

=========================================
FOLD 1/5
=========================================

Epoch 1
-------------------------------
loss: 2.546922  [   64/  677]
loss: 3.409385  [  256/  677]
loss: 2.233025  [  448/  677]
loss: 3.127874  [  640/  677]
Average Training Loss: 1.028837
Val Loss: 2.5748 | C-index: 0.4947

Epoch 2
-------------------------------
loss: 3.180377  [   64/  677]
loss: 2.843541  [  256/  677]
loss: 2.845238  [  448/  677]
loss: 2.899327  [  640/  677]
Average Training Loss: 1.069862
Val Loss: 2.5709 | C-index: 0.5314

Epoch 3
-------------------------------
loss: 3.368399  [   64/  677]
loss: 2.985448  [  256/  677]
loss: 2.744627  [  448/  677]
loss: 2.903871  [  640/  677]
Average Training Loss: 1.091122
Val Loss: 2.5588 | C-index: 0.5441

Epoch 4
-------------------------------
loss: 2.695630  [   64/  677]
loss: 3.114357  [  256/  677]
loss: 2.602643  [  448/  677]
loss: 2.943283  [  640/  677]
Average Training Loss: 1.032356
Val Loss: 2.5505 | C-index: 0.5180

Epoch 5
-------------------------------
loss: 2.776514  [   64/  677]
loss: 2.989641  [  256/  677]
loss: 3.563927  [  448/  677]
loss: 2.794766  [  640/  677]
Average Training Loss: 1.102259
Val Loss: 2.5384 | C-index: 0.5441

Epoch 6
-------------------------------
loss: 2.671702  [   64/  677]
loss: 2.653503  [  256/  677]
loss: 2.418346  [  448/  677]
loss: 2.545070  [  640/  677]
Average Training Loss: 0.935329
Val Loss: 2.4134 | C-index: 0.6883

Epoch 7
-------------------------------
loss: 3.028594  [   64/  677]
loss: 2.488691  [  256/  677]
loss: 2.063213  [  448/  677]
loss: 2.588538  [  640/  677]
Average Training Loss: 0.924458
Val Loss: 2.4010 | C-index: 0.7323

Epoch 8
-------------------------------
loss: 2.454145  [   64/  677]
loss: 2.771742  [  256/  677]
loss: 2.465374  [  448/  677]
loss: 2.646625  [  640/  677]
Average Training Loss: 0.939808
Val Loss: 2.3204 | C-index: 0.7510

Epoch 9
-------------------------------
loss: 2.060483  [   64/  677]
loss: 2.311299  [  256/  677]
loss: 2.651373  [  448/  677]
loss: 2.562034  [  640/  677]
Average Training Loss: 0.871381
Val Loss: 2.3301 | C-index: 0.7517

Epoch 10
-------------------------------
loss: 2.244444  [   64/  677]
loss: 2.200979  [  256/  677]
loss: 1.703647  [  448/  677]
loss: 2.330685  [  640/  677]
Average Training Loss: 0.770887
Val Loss: 2.3532 | C-index: 0.7176

Epoch 11
-------------------------------
loss: 1.790896  [   64/  677]
loss: 2.355580  [  256/  677]
loss: 2.174255  [  448/  677]
loss: 1.433119  [  640/  677]
Average Training Loss: 0.704895
Val Loss: 2.3552 | C-index: 0.7323

Epoch 12
-------------------------------
loss: 2.200341  [   64/  677]
loss: 2.256175  [  256/  677]
loss: 2.105893  [  448/  677]
loss: 2.258373  [  640/  677]
Average Training Loss: 0.801889
Val Loss: 2.3977 | C-index: 0.7236

Epoch 13
-------------------------------
loss: 2.053339  [   64/  677]
loss: 2.491407  [  256/  677]
loss: 1.633730  [  448/  677]
loss: 2.534355  [  640/  677]
Average Training Loss: 0.792076
Val Loss: 2.4844 | C-index: 0.6983

Epoch 14
-------------------------------
loss: 2.285147  [   64/  677]
loss: 2.059969  [  256/  677]
loss: 1.724302  [  448/  677]
loss: 1.801134  [  640/  677]
Average Training Loss: 0.715505
Val Loss: 2.4569 | C-index: 0.7089

Stopping early at Epoch 14 since no C-Index improvement after 5 epochs.
Done!
Best C-Index = 0.7516688918558078 at Epoch 9

=========================================
FOLD 2/5
=========================================

Epoch 1
-------------------------------
loss: 3.430767  [   64/  677]
loss: 3.491903  [  256/  677]
loss: 2.685390  [  448/  677]
loss: 2.803551  [  640/  677]
Average Training Loss: 1.128328
Val Loss: 2.7798 | C-index: 0.4557

Epoch 2
-------------------------------
loss: 3.130190  [   64/  677]
loss: 2.671335  [  256/  677]
loss: 2.857994  [  448/  677]
loss: 3.139871  [  640/  677]
Average Training Loss: 1.072672
Val Loss: 2.7846 | C-index: 0.4728

Epoch 3
-------------------------------
loss: 2.712662  [   64/  677]
loss: 2.940874  [  256/  677]
loss: 3.149172  [  448/  677]
loss: 2.812789  [  640/  677]
Average Training Loss: 1.055954
Val Loss: 2.8154 | C-index: 0.4658

Epoch 4
-------------------------------
loss: 2.849053  [   64/  677]
loss: 3.238248  [  256/  677]
loss: 3.176010  [  448/  677]
loss: 2.613036  [  640/  677]
Average Training Loss: 1.079668
Val Loss: 2.8425 | C-index: 0.4805

Epoch 5
-------------------------------
loss: 2.352529  [   64/  677]
loss: 2.706529  [  256/  677]
loss: 2.889598  [  448/  677]
loss: 3.012732  [  640/  677]
Average Training Loss: 0.996490
Val Loss: 2.8274 | C-index: 0.5124

Epoch 6
-------------------------------
loss: 2.156248  [   64/  677]
loss: 2.882843  [  256/  677]
loss: 2.400540  [  448/  677]
loss: 2.590001  [  640/  677]
Average Training Loss: 0.911785
Val Loss: 2.7750 | C-index: 0.5378

Epoch 7
-------------------------------
loss: 2.489023  [   64/  677]
loss: 2.530384  [  256/  677]
loss: 2.116736  [  448/  677]
loss: 1.379057  [  640/  677]
Average Training Loss: 0.774109
Val Loss: 2.7788 | C-index: 0.5567

Epoch 8
-------------------------------
loss: 2.441211  [   64/  677]
loss: 2.521355  [  256/  677]
loss: 2.029097  [  448/  677]
loss: 2.136001  [  640/  677]
Average Training Loss: 0.829788
Val Loss: 2.8426 | C-index: 0.5643

Epoch 9
-------------------------------
loss: 2.025795  [   64/  677]
loss: 1.967627  [  256/  677]
loss: 2.383498  [  448/  677]
loss: 2.232425  [  640/  677]
Average Training Loss: 0.782668
Val Loss: 2.8026 | C-index: 0.5809

Epoch 10
-------------------------------
loss: 2.045990  [   64/  677]
loss: 2.152274  [  256/  677]
loss: 1.952968  [  448/  677]
loss: 2.655298  [  640/  677]
Average Training Loss: 0.800594
Val Loss: 2.8300 | C-index: 0.5620

Epoch 11
-------------------------------
loss: 2.129742  [   64/  677]
loss: 2.286268  [  256/  677]
loss: 2.019493  [  448/  677]
loss: 2.393447  [  640/  677]
Average Training Loss: 0.802632
Val Loss: 2.8204 | C-index: 0.5968

Epoch 12
-------------------------------
loss: 2.237460  [   64/  677]
loss: 2.095967  [  256/  677]
loss: 2.380536  [  448/  677]
loss: 2.160528  [  640/  677]
Average Training Loss: 0.806772
Val Loss: 2.7655 | C-index: 0.6116

Epoch 13
-------------------------------
loss: 2.357303  [   64/  677]
loss: 1.768359  [  256/  677]
loss: 1.680646  [  448/  677]
loss: 2.408262  [  640/  677]
Average Training Loss: 0.746779
Val Loss: 2.8971 | C-index: 0.5514

Epoch 14
-------------------------------
loss: 2.253880  [   64/  677]
loss: 1.655616  [  256/  677]
loss: 1.837180  [  448/  677]
loss: 2.272593  [  640/  677]
Average Training Loss: 0.729024
Val Loss: 2.8381 | C-index: 0.5732

Epoch 15
-------------------------------
loss: 1.817770  [   64/  677]
loss: 2.111420  [  256/  677]
loss: 2.036609  [  448/  677]
loss: 1.835584  [  640/  677]
Average Training Loss: 0.709217
Val Loss: 2.8528 | C-index: 0.5826

Epoch 16
-------------------------------
loss: 1.993066  [   64/  677]
loss: 1.715145  [  256/  677]
loss: 2.280351  [  448/  677]
loss: 2.256963  [  640/  677]
Average Training Loss: 0.749593
Val Loss: 2.8391 | C-index: 0.6133

Epoch 17
-------------------------------
loss: 2.080128  [   64/  677]
loss: 2.182098  [  256/  677]
loss: 1.757844  [  448/  677]
loss: 2.059699  [  640/  677]
Average Training Loss: 0.734524
Val Loss: 2.7665 | C-index: 0.6370

Epoch 18
-------------------------------
loss: 2.506901  [   64/  677]
loss: 1.858684  [  256/  677]
loss: 1.901818  [  448/  677]
loss: 1.907174  [  640/  677]
Average Training Loss: 0.743143
Val Loss: 2.7744 | C-index: 0.6470

Epoch 19
-------------------------------
loss: 1.899573  [   64/  677]
loss: 1.970757  [  256/  677]
loss: 1.686932  [  448/  677]
loss: 1.785613  [  640/  677]
Average Training Loss: 0.667534
Val Loss: 2.9525 | C-index: 0.5531

Epoch 20
-------------------------------
loss: 2.049247  [   64/  677]
loss: 2.222766  [  256/  677]
loss: 2.130120  [  448/  677]
loss: 2.117813  [  640/  677]
Average Training Loss: 0.774541
Val Loss: 2.8143 | C-index: 0.6488

Epoch 21
-------------------------------
loss: 2.117952  [   64/  677]
loss: 1.485638  [  256/  677]
loss: 2.170761  [  448/  677]
loss: 2.179309  [  640/  677]
Average Training Loss: 0.723060
Val Loss: 2.7522 | C-index: 0.6322

Epoch 22
-------------------------------
loss: 1.877351  [   64/  677]
loss: 2.124461  [  256/  677]
loss: 2.224349  [  448/  677]
loss: 1.984517  [  640/  677]
Average Training Loss: 0.746425
Val Loss: 2.7048 | C-index: 0.6594

Epoch 23
-------------------------------
loss: 1.676682  [   64/  677]
loss: 2.429741  [  256/  677]
loss: 2.293105  [  448/  677]
loss: 1.624556  [  640/  677]
Average Training Loss: 0.729462
Val Loss: 2.8177 | C-index: 0.6269

Epoch 24
-------------------------------
loss: 1.808731  [   64/  677]
loss: 1.744470  [  256/  677]
loss: 1.187087  [  448/  677]
loss: 2.109506  [  640/  677]
Average Training Loss: 0.622709
Val Loss: 2.8316 | C-index: 0.6417

Epoch 25
-------------------------------
loss: 2.078977  [   64/  677]
loss: 1.869919  [  256/  677]
loss: 2.381487  [  448/  677]
loss: 1.971579  [  640/  677]
Average Training Loss: 0.754724
Val Loss: 2.7783 | C-index: 0.6322

Epoch 26
-------------------------------
loss: 1.563475  [   64/  677]
loss: 2.242810  [  256/  677]
loss: 1.933325  [  448/  677]
loss: 2.091152  [  640/  677]
Average Training Loss: 0.711888
Val Loss: 2.6977 | C-index: 0.6582

Epoch 27
-------------------------------
loss: 2.071842  [   64/  677]
loss: 1.817134  [  256/  677]
loss: 1.905969  [  448/  677]
loss: 1.831544  [  640/  677]
Average Training Loss: 0.693317
Val Loss: 2.6913 | C-index: 0.6558

Stopping early at Epoch 27 since no C-Index improvement after 5 epochs.
Done!
Best C-Index = 0.6593860684769776 at Epoch 22

=========================================
FOLD 3/5
=========================================

Epoch 1
-------------------------------
loss: 3.224284  [   64/  678]
loss: 2.795472  [  256/  678]
loss: 2.658642  [  448/  678]
loss: 2.361624  [  640/  678]
Average Training Loss: 1.003638
Val Loss: 2.8657 | C-index: 0.4693

Epoch 2
-------------------------------
loss: 2.909766  [   64/  678]
loss: 2.813133  [  256/  678]
loss: 2.755486  [  448/  678]
loss: 2.909413  [  640/  678]
Average Training Loss: 1.035254
Val Loss: 2.8664 | C-index: 0.4962

Epoch 3
-------------------------------
loss: 2.754030  [   64/  678]
loss: 3.457517  [  256/  678]
loss: 3.089315  [  448/  678]
loss: 2.909146  [  640/  678]
Average Training Loss: 1.110001
Val Loss: 2.8748 | C-index: 0.4946

Epoch 4
-------------------------------
loss: 2.805482  [   64/  678]
loss: 2.896350  [  256/  678]
loss: 2.568015  [  448/  678]
loss: 2.814602  [  640/  678]
Average Training Loss: 1.007677
Val Loss: 2.8905 | C-index: 0.4968

Epoch 5
-------------------------------
loss: 2.617843  [   64/  678]
loss: 2.574328  [  256/  678]
loss: 3.055978  [  448/  678]
loss: 3.330188  [  640/  678]
Average Training Loss: 1.052576
Val Loss: 2.8862 | C-index: 0.5399

Epoch 6
-------------------------------
loss: 2.066764  [   64/  678]
loss: 2.769554  [  256/  678]
loss: 3.101063  [  448/  678]
loss: 2.639831  [  640/  678]
Average Training Loss: 0.961565
Val Loss: 2.8102 | C-index: 0.5943

Epoch 7
-------------------------------
loss: 2.365521  [   64/  678]
loss: 2.925488  [  256/  678]
loss: 1.870421  [  448/  678]
loss: 2.778598  [  640/  678]
Average Training Loss: 0.903639
Val Loss: 2.7056 | C-index: 0.6659

Epoch 8
-------------------------------
loss: 2.590783  [   64/  678]
loss: 2.610533  [  256/  678]
loss: 2.384519  [  448/  678]
loss: 2.294679  [  640/  678]
Average Training Loss: 0.898229
Val Loss: 2.7809 | C-index: 0.6800

Epoch 9
-------------------------------
loss: 2.260474  [   64/  678]
loss: 2.397208  [  256/  678]
loss: 2.218454  [  448/  678]
loss: 1.942571  [  640/  678]
Average Training Loss: 0.801701
Val Loss: 2.8048 | C-index: 0.6827

Epoch 10
-------------------------------
loss: 2.263771  [   64/  678]
loss: 2.262840  [  256/  678]
loss: 2.438161  [  448/  678]
loss: 1.989449  [  640/  678]
Average Training Loss: 0.814020
Val Loss: 2.7641 | C-index: 0.7155

Epoch 11
-------------------------------
loss: 2.534349  [   64/  678]
loss: 2.144262  [  256/  678]
loss: 2.080164  [  448/  678]
loss: 2.266569  [  640/  678]
Average Training Loss: 0.820486
Val Loss: 2.8283 | C-index: 0.7134

Epoch 12
-------------------------------
loss: 2.328127  [   64/  678]
loss: 2.277748  [  256/  678]
loss: 2.158305  [  448/  678]
loss: 2.423063  [  640/  678]
Average Training Loss: 0.835204
Val Loss: 2.6388 | C-index: 0.7597

Epoch 13
-------------------------------
loss: 2.013460  [   64/  678]
loss: 2.087120  [  256/  678]
loss: 2.013795  [  448/  678]
loss: 2.056323  [  640/  678]
Average Training Loss: 0.742791
Val Loss: 2.8555 | C-index: 0.7042

Epoch 14
-------------------------------
loss: 1.616705  [   64/  678]
loss: 2.045566  [  256/  678]
loss: 2.090282  [  448/  678]
loss: 1.904150  [  640/  678]
Average Training Loss: 0.696064
Val Loss: 2.9035 | C-index: 0.7220

Epoch 15
-------------------------------
loss: 2.205208  [   64/  678]
loss: 2.311902  [  256/  678]
loss: 2.238235  [  448/  678]
loss: 1.837375  [  640/  678]
Average Training Loss: 0.781156
Val Loss: 2.7716 | C-index: 0.7355

Epoch 16
-------------------------------
loss: 2.220252  [   64/  678]
loss: 2.484732  [  256/  678]
loss: 1.857881  [  448/  678]
loss: 2.242919  [  640/  678]
Average Training Loss: 0.800526
Val Loss: 2.8376 | C-index: 0.7123

Epoch 17
-------------------------------
loss: 1.553453  [   64/  678]
loss: 1.792067  [  256/  678]
loss: 1.623858  [  448/  678]
loss: 1.780802  [  640/  678]
Average Training Loss: 0.613653
Val Loss: 2.8567 | C-index: 0.7139

Stopping early at Epoch 17 since no C-Index improvement after 5 epochs.
Done!
Best C-Index = 0.759698275862069 at Epoch 12

=========================================
FOLD 4/5
=========================================

Epoch 1
-------------------------------
loss: 3.669002  [   64/  678]
loss: 4.063975  [  256/  678]
loss: 2.923750  [  448/  678]
loss: 3.113244  [  640/  678]
Average Training Loss: 1.251816
Val Loss: 2.7856 | C-index: 0.5835

Epoch 2
-------------------------------
loss: 3.111105  [   64/  678]
loss: 2.648020  [  256/  678]
loss: 2.878958  [  448/  678]
loss: 3.040198  [  640/  678]
Average Training Loss: 1.061662
Val Loss: 2.7843 | C-index: 0.6378

Epoch 3
-------------------------------
loss: 2.779028  [   64/  678]
loss: 3.084511  [  256/  678]
loss: 3.123512  [  448/  678]
loss: 3.033400  [  640/  678]
Average Training Loss: 1.092768
Val Loss: 2.7768 | C-index: 0.6434

Epoch 4
-------------------------------
loss: 2.804305  [   64/  678]
loss: 2.842556  [  256/  678]
loss: 2.831815  [  448/  678]
loss: 2.801371  [  640/  678]
Average Training Loss: 1.025459
Val Loss: 2.7535 | C-index: 0.6596

Epoch 5
-------------------------------
loss: 2.328780  [   64/  678]
loss: 3.255386  [  256/  678]
loss: 1.663892  [  448/  678]
loss: 2.619793  [  640/  678]
Average Training Loss: 0.897077
Val Loss: 2.7470 | C-index: 0.6596

Epoch 6
-------------------------------
loss: 2.115050  [   64/  678]
loss: 3.293951  [  256/  678]
loss: 2.542712  [  448/  678]
loss: 2.969611  [  640/  678]
Average Training Loss: 0.992848
Val Loss: 2.7207 | C-index: 0.6758

Epoch 7
-------------------------------
loss: 2.644509  [   64/  678]
loss: 2.120651  [  256/  678]
loss: 2.804744  [  448/  678]
loss: 2.761178  [  640/  678]
Average Training Loss: 0.939189
Val Loss: 2.7329 | C-index: 0.6610

Epoch 8
-------------------------------
loss: 2.419273  [   64/  678]
loss: 2.032593  [  256/  678]
loss: 2.740893  [  448/  678]
loss: 2.059245  [  640/  678]
Average Training Loss: 0.841091
Val Loss: 2.7730 | C-index: 0.6934

Epoch 9
-------------------------------
loss: 2.622411  [   64/  678]
loss: 1.837556  [  256/  678]
loss: 2.391877  [  448/  678]
loss: 2.370807  [  640/  678]
Average Training Loss: 0.838423
Val Loss: 2.7142 | C-index: 0.6864

Epoch 10
-------------------------------
loss: 1.800916  [   64/  678]
loss: 2.163958  [  256/  678]
loss: 2.183624  [  448/  678]
loss: 2.332525  [  640/  678]
Average Training Loss: 0.771002
Val Loss: 2.7448 | C-index: 0.6617

Epoch 11
-------------------------------
loss: 2.301765  [   64/  678]
loss: 2.086390  [  256/  678]
loss: 2.153269  [  448/  678]
loss: 2.237612  [  640/  678]
Average Training Loss: 0.798094
Val Loss: 2.7130 | C-index: 0.7160

Epoch 12
-------------------------------
loss: 2.491282  [   64/  678]
loss: 2.008691  [  256/  678]
loss: 2.067567  [  448/  678]
loss: 1.795225  [  640/  678]
Average Training Loss: 0.760251
Val Loss: 2.6866 | C-index: 0.6688

Epoch 13
-------------------------------
loss: 1.789643  [   64/  678]
loss: 2.187032  [  256/  678]
loss: 2.214169  [  448/  678]
loss: 1.955125  [  640/  678]
Average Training Loss: 0.740543
Val Loss: 2.7029 | C-index: 0.7026

Epoch 14
-------------------------------
loss: 2.171815  [   64/  678]
loss: 2.178025  [  256/  678]
loss: 1.920450  [  448/  678]
loss: 2.230929  [  640/  678]
Average Training Loss: 0.772838
Val Loss: 2.6882 | C-index: 0.7104

Epoch 15
-------------------------------
loss: 2.360162  [   64/  678]
loss: 2.403269  [  256/  678]
loss: 2.186665  [  448/  678]
loss: 1.688474  [  640/  678]
Average Training Loss: 0.785325
Val Loss: 2.7124 | C-index: 0.6899

Epoch 16
-------------------------------
loss: 1.878282  [   64/  678]
loss: 2.445211  [  256/  678]
loss: 1.885064  [  448/  678]
loss: 2.251103  [  640/  678]
Average Training Loss: 0.769060
Val Loss: 2.7017 | C-index: 0.6786

Stopping early at Epoch 16 since no C-Index improvement after 5 epochs.
Done!
Best C-Index = 0.7159971811134602 at Epoch 11

=========================================
FOLD 5/5
=========================================

Epoch 1
-------------------------------
loss: 2.816616  [   64/  678]
loss: 3.217067  [  256/  678]
loss: 2.431588  [  448/  678]
loss: 2.854139  [  640/  678]
Average Training Loss: 1.029037
Val Loss: 2.9422 | C-index: 0.5737

Epoch 2
-------------------------------
loss: 2.193630  [   64/  678]
loss: 3.141189  [  256/  678]
loss: 3.232960  [  448/  678]
loss: 3.508155  [  640/  678]
Average Training Loss: 1.097812
Val Loss: 2.9371 | C-index: 0.6366

Epoch 3
-------------------------------
loss: 3.190755  [   64/  678]
loss: 3.248406  [  256/  678]
loss: 2.418977  [  448/  678]
loss: 2.814907  [  640/  678]
Average Training Loss: 1.061186
Val Loss: 2.9138 | C-index: 0.6407

Epoch 4
-------------------------------
loss: 3.215785  [   64/  678]
loss: 2.954501  [  256/  678]
loss: 2.925540  [  448/  678]
loss: 3.118563  [  640/  678]
Average Training Loss: 1.110399
Val Loss: 2.8942 | C-index: 0.6320

Epoch 5
-------------------------------
loss: 2.540990  [   64/  678]
loss: 2.792956  [  256/  678]
loss: 2.830923  [  448/  678]
loss: 2.993223  [  640/  678]
Average Training Loss: 1.014372
Val Loss: 2.8231 | C-index: 0.6696

Epoch 6
-------------------------------
loss: 2.820005  [   64/  678]
loss: 2.694079  [  256/  678]
loss: 2.861626  [  448/  678]
loss: 2.605645  [  640/  678]
Average Training Loss: 0.998305
Val Loss: 2.8436 | C-index: 0.6776

Epoch 7
-------------------------------
loss: 2.772175  [   64/  678]
loss: 2.753688  [  256/  678]
loss: 2.381421  [  448/  678]
loss: 2.993381  [  640/  678]
Average Training Loss: 0.990969
Val Loss: 2.7818 | C-index: 0.7152

Epoch 8
-------------------------------
loss: 2.107701  [   64/  678]
loss: 2.557648  [  256/  678]
loss: 2.656377  [  448/  678]
loss: 2.417408  [  640/  678]
Average Training Loss: 0.885376
Val Loss: 2.8463 | C-index: 0.6909

Epoch 9
-------------------------------
loss: 1.636341  [   64/  678]
loss: 2.510123  [  256/  678]
loss: 2.250249  [  448/  678]
loss: 2.251062  [  640/  678]
Average Training Loss: 0.786161
Val Loss: 2.7010 | C-index: 0.7400

Epoch 10
-------------------------------
loss: 2.280131  [   64/  678]
loss: 2.017365  [  256/  678]
loss: 2.212710  [  448/  678]
loss: 2.441834  [  640/  678]
Average Training Loss: 0.813822
Val Loss: 2.7297 | C-index: 0.7215

Epoch 11
-------------------------------
loss: 1.784421  [   64/  678]
loss: 2.136921  [  256/  678]
loss: 2.361270  [  448/  678]
loss: 2.695430  [  640/  678]
Average Training Loss: 0.816186
Val Loss: 2.7201 | C-index: 0.7325

Epoch 12
-------------------------------
loss: 2.353143  [   64/  678]
loss: 1.948594  [  256/  678]
loss: 2.400811  [  448/  678]
loss: 1.842462  [  640/  678]
Average Training Loss: 0.776819
Val Loss: 2.7776 | C-index: 0.7106

Epoch 13
-------------------------------
loss: 1.986068  [   64/  678]
loss: 2.243305  [  256/  678]
loss: 1.994518  [  448/  678]
loss: 2.104029  [  640/  678]
Average Training Loss: 0.757084
Val Loss: 2.8243 | C-index: 0.6817

Epoch 14
-------------------------------
loss: 2.305679  [   64/  678]
loss: 1.826418  [  256/  678]
loss: 1.400354  [  448/  678]
loss: 1.945088  [  640/  678]
Average Training Loss: 0.679776
Val Loss: 2.7721 | C-index: 0.6875

Stopping early at Epoch 14 since no C-Index improvement after 5 epochs.
Done!
Best C-Index = 0.7400346620450606 at Epoch 9

=========================================
CV training complete! Mean ± std C-index: 0.7254 ± 0.0361
Best epochs per fold: [9, 22, 12, 11, 9]

=========================================
Retraining model on full train+val for 13 epochs...
Epoch 1
-------------------------------
loss: 2.848257  [   64/  847]
loss: 3.275707  [  320/  847]
loss: 2.914709  [  576/  847]
loss: 2.804973  [  832/  847]
Average Training Loss: 0.845975
Val Loss: 2.8094 | C-index: 0.6205

Epoch 2
-------------------------------
loss: 3.296267  [   64/  847]
loss: 3.551952  [  320/  847]
loss: 3.168794  [  576/  847]
loss: 2.981648  [  832/  847]
Average Training Loss: 0.928476
Val Loss: 2.7963 | C-index: 0.6141

Epoch 3
-------------------------------
loss: 3.319922  [   64/  847]
loss: 2.606774  [  320/  847]
loss: 3.204443  [  576/  847]
loss: 3.562026  [  832/  847]
Average Training Loss: 0.906655
Val Loss: 2.7980 | C-index: 0.6674

Epoch 4
-------------------------------
loss: 2.488479  [   64/  847]
loss: 2.991239  [  320/  847]
loss: 2.987459  [  576/  847]
loss: 3.061971  [  832/  847]
Average Training Loss: 0.823511
Val Loss: 2.6778 | C-index: 0.6915

Epoch 5
-------------------------------
loss: 2.001290  [   64/  847]
loss: 2.791089  [  320/  847]
loss: 2.976609  [  576/  847]
loss: 2.349642  [  832/  847]
Average Training Loss: 0.722759
Val Loss: 2.5463 | C-index: 0.7955

Epoch 6
-------------------------------
loss: 2.556459  [   64/  847]
loss: 3.159687  [  320/  847]
loss: 2.633039  [  576/  847]
loss: 2.023203  [  832/  847]
Average Training Loss: 0.740885
Val Loss: 2.3316 | C-index: 0.8601

Epoch 7
-------------------------------
loss: 2.520672  [   64/  847]
loss: 2.754289  [  320/  847]
loss: 1.791409  [  576/  847]
loss: 2.335255  [  832/  847]
Average Training Loss: 0.671545
Val Loss: 2.2458 | C-index: 0.8750

Epoch 8
-------------------------------
loss: 2.353141  [   64/  847]
loss: 2.007071  [  320/  847]
loss: 2.549249  [  576/  847]
loss: 2.412590  [  832/  847]
Average Training Loss: 0.665861
Val Loss: 2.1291 | C-index: 0.9027

Epoch 9
-------------------------------
loss: 2.075187  [   64/  847]
loss: 2.657934  [  320/  847]
loss: 2.216909  [  576/  847]
loss: 1.924150  [  832/  847]
Average Training Loss: 0.633870
Val Loss: 2.0912 | C-index: 0.9145

Epoch 10
-------------------------------
loss: 1.937151  [   64/  847]
loss: 2.140488  [  320/  847]
loss: 2.105133  [  576/  847]
loss: 1.830733  [  832/  847]
Average Training Loss: 0.572393
Val Loss: 2.0278 | C-index: 0.9213

Epoch 11
-------------------------------
loss: 2.440393  [   64/  847]
loss: 2.332416  [  320/  847]
loss: 2.206116  [  576/  847]
loss: 2.095676  [  832/  847]
Average Training Loss: 0.648186
Val Loss: 2.0202 | C-index: 0.9060

Epoch 12
-------------------------------
loss: 1.774326  [   64/  847]
loss: 2.320153  [  320/  847]
loss: 1.947667  [  576/  847]
loss: 2.425512  [  832/  847]
Average Training Loss: 0.604833
Val Loss: 2.0899 | C-index: 0.9063

Epoch 13
-------------------------------
loss: 1.743031  [   64/  847]
loss: 2.543800  [  320/  847]
loss: 2.060201  [  576/  847]
loss: 2.333145  [  832/  847]
Average Training Loss: 0.620013
Val Loss: 2.0653 | C-index: 0.9237

Done!
Best C-Index = 0.923679439139369 at Epoch 13
FINAL TEST Average Loss: 2.5161
FINAL TEST C-index: 0.6741
Bootstrap 95% CI: [0.5518, 0.7801]
Top 10 activated pathways:
{'R-HSA-5693554': 0.05935708060860634, 'R-HSA-9704331': 0.05857658386230469, 'R-HSA-9830364': 0.05210466682910919, 'R-HSA-9955298': 0.05084133893251419, 'R-HSA-70895': 0.04799332097172737, 'R-HSA-8866652': 0.04798475652933121, 'R-HSA-9717207': 0.04697549715638161, 'R-HSA-186712': 0.04640629142522812, 'R-HSA-180292': 0.04495415464043617, 'R-HSA-445144': 0.04452374204993248}
Results saved to /Users/evan/Documents/GitHub/HyBINN/experiments/runs/binn_only/seed_5/results.json
