train_hybinn.py log started 2026-06-05 21:37:19.827295
=========================================
Model Active Branches: ['binn', 'clinical']
=========================================

=========================================
FOLD 1/5
=========================================

Epoch 1
-------------------------------
loss: 2.682833  [   64/  677]
loss: 3.087932  [  256/  677]
loss: 2.672640  [  448/  677]
loss: 2.969715  [  640/  677]
Average Training Loss: 1.037556
Val Loss: 3.1158 | C-index: 0.6886

Epoch 2
-------------------------------
loss: 3.139958  [   64/  677]
loss: 3.606417  [  256/  677]
loss: 3.477830  [  448/  677]
loss: 2.993813  [  640/  677]
Average Training Loss: 1.201638
Val Loss: 3.1127 | C-index: 0.6891

Epoch 3
-------------------------------
loss: 2.777307  [   64/  677]
loss: 2.602663  [  256/  677]
loss: 3.062164  [  448/  677]
loss: 2.686536  [  640/  677]
Average Training Loss: 1.011697
Val Loss: 3.1024 | C-index: 0.6784

Epoch 4
-------------------------------
loss: 3.619453  [   64/  677]
loss: 3.181736  [  256/  677]
loss: 2.957706  [  448/  677]
loss: 2.771611  [  640/  677]
Average Training Loss: 1.139137
Val Loss: 3.0644 | C-index: 0.6759

Epoch 5
-------------------------------
loss: 3.193082  [   64/  677]
loss: 2.809263  [  256/  677]
loss: 3.158961  [  448/  677]
loss: 2.930066  [  640/  677]
Average Training Loss: 1.099216
Val Loss: 3.0433 | C-index: 0.6618

Epoch 6
-------------------------------
loss: 2.767703  [   64/  677]
loss: 2.992130  [  256/  677]
loss: 2.899679  [  448/  677]
loss: 2.476919  [  640/  677]
Average Training Loss: 1.012403
Val Loss: 3.0284 | C-index: 0.6423

Epoch 7
-------------------------------
loss: 2.502761  [   64/  677]
loss: 2.569412  [  256/  677]
loss: 2.992931  [  448/  677]
loss: 2.883579  [  640/  677]
Average Training Loss: 0.995335
Val Loss: 3.0102 | C-index: 0.6740

Stopping early at Epoch 7 since no C-Index improvement after 5 epochs.
Done!
Best C-Index = 0.6891166422645193 at Epoch 2

=========================================
FOLD 2/5
=========================================

Epoch 1
-------------------------------
loss: 3.390039  [   64/  677]
loss: 3.276577  [  256/  677]
loss: 2.927575  [  448/  677]
loss: 2.744542  [  640/  677]
Average Training Loss: 1.121703
Val Loss: 2.9962 | C-index: 0.8121

Epoch 2
-------------------------------
loss: 2.755141  [   64/  677]
loss: 2.946063  [  256/  677]
loss: 2.913991  [  448/  677]
loss: 2.779794  [  640/  677]
Average Training Loss: 1.035908
Val Loss: 2.9857 | C-index: 0.8137

Epoch 3
-------------------------------
loss: 3.480137  [   64/  677]
loss: 2.852118  [  256/  677]
loss: 2.746214  [  448/  677]
loss: 2.872552  [  640/  677]
Average Training Loss: 1.086456
Val Loss: 2.9665 | C-index: 0.8088

Epoch 4
-------------------------------
loss: 2.887152  [   64/  677]
loss: 3.042176  [  256/  677]
loss: 3.078601  [  448/  677]
loss: 3.034034  [  640/  677]
Average Training Loss: 1.094724
Val Loss: 2.9341 | C-index: 0.7600

Epoch 5
-------------------------------
loss: 2.549072  [   64/  677]
loss: 3.365760  [  256/  677]
loss: 2.723897  [  448/  677]
loss: 3.141337  [  640/  677]
Average Training Loss: 1.070915
Val Loss: 2.9062 | C-index: 0.7445

Epoch 6
-------------------------------
loss: 3.063979  [   64/  677]
loss: 2.732872  [  256/  677]
loss: 3.226696  [  448/  677]
loss: 3.100999  [  640/  677]
Average Training Loss: 1.102231
Val Loss: 2.8582 | C-index: 0.7633

Epoch 7
-------------------------------
loss: 2.918770  [   64/  677]
loss: 2.579003  [  256/  677]
loss: 2.664813  [  448/  677]
loss: 2.883841  [  640/  677]
Average Training Loss: 1.004221
Val Loss: 2.8078 | C-index: 0.7727

Stopping early at Epoch 7 since no C-Index improvement after 5 epochs.
Done!
Best C-Index = 0.8137472283813747 at Epoch 2

=========================================
FOLD 3/5
=========================================

Epoch 1
-------------------------------
loss: 3.212021  [   64/  678]
loss: 2.966223  [  256/  678]
loss: 2.635499  [  448/  678]
loss: 2.827760  [  640/  678]
Average Training Loss: 1.058318
Val Loss: 2.4176 | C-index: 0.7339

Epoch 2
-------------------------------
loss: 3.207500  [   64/  678]
loss: 3.128371  [  256/  678]
loss: 2.973586  [  448/  678]
loss: 3.094490  [  640/  678]
Average Training Loss: 1.127632
Val Loss: 2.4126 | C-index: 0.7315

Epoch 3
-------------------------------
loss: 3.565735  [   64/  678]
loss: 3.257137  [  256/  678]
loss: 2.959821  [  448/  678]
loss: 2.868760  [  640/  678]
Average Training Loss: 1.150132
Val Loss: 2.3941 | C-index: 0.7306

Epoch 4
-------------------------------
loss: 2.883266  [   64/  678]
loss: 3.015997  [  256/  678]
loss: 3.323415  [  448/  678]
loss: 3.160239  [  640/  678]
Average Training Loss: 1.125720
Val Loss: 2.3557 | C-index: 0.7395

Epoch 5
-------------------------------
loss: 3.254902  [   64/  678]
loss: 2.444236  [  256/  678]
loss: 3.617531  [  448/  678]
loss: 3.291853  [  640/  678]
Average Training Loss: 1.146229
Val Loss: 2.3036 | C-index: 0.7653

Epoch 6
-------------------------------
loss: 2.895248  [   64/  678]
loss: 3.073300  [  256/  678]
loss: 3.139499  [  448/  678]
loss: 2.859572  [  640/  678]
Average Training Loss: 1.087965
Val Loss: 2.2841 | C-index: 0.7589

Epoch 7
-------------------------------
loss: 2.747237  [   64/  678]
loss: 3.018306  [  256/  678]
loss: 2.754920  [  448/  678]
loss: 2.888989  [  640/  678]
Average Training Loss: 1.037223
Val Loss: 2.2663 | C-index: 0.7661

Epoch 8
-------------------------------
loss: 3.430851  [   64/  678]
loss: 2.847934  [  256/  678]
loss: 2.499115  [  448/  678]
loss: 2.793890  [  640/  678]
Average Training Loss: 1.051981
Val Loss: 2.2635 | C-index: 0.7629

Epoch 9
-------------------------------
loss: 2.537716  [   64/  678]
loss: 2.773132  [  256/  678]
loss: 2.716674  [  448/  678]
loss: 2.254218  [  640/  678]
Average Training Loss: 0.934704
Val Loss: 2.2284 | C-index: 0.7581

Epoch 10
-------------------------------
loss: 2.607716  [   64/  678]
loss: 2.578410  [  256/  678]
loss: 2.409553  [  448/  678]
loss: 2.163791  [  640/  678]
Average Training Loss: 0.887225
Val Loss: 2.2424 | C-index: 0.7500

Epoch 11
-------------------------------
loss: 2.771489  [   64/  678]
loss: 2.362222  [  256/  678]
loss: 2.305130  [  448/  678]
loss: 2.757017  [  640/  678]
Average Training Loss: 0.926896
Val Loss: 2.2916 | C-index: 0.7290

Epoch 12
-------------------------------
loss: 2.611121  [   64/  678]
loss: 2.315533  [  256/  678]
loss: 2.463250  [  448/  678]
loss: 2.406565  [  640/  678]
Average Training Loss: 0.890588
Val Loss: 2.1753 | C-index: 0.7677

Epoch 13
-------------------------------
loss: 2.856431  [   64/  678]
loss: 2.797863  [  256/  678]
loss: 2.473490  [  448/  678]
loss: 1.962801  [  640/  678]
Average Training Loss: 0.917326
Val Loss: 2.1850 | C-index: 0.7540

Epoch 14
-------------------------------
loss: 2.628901  [   64/  678]
loss: 2.547929  [  256/  678]
loss: 2.170326  [  448/  678]
loss: 2.590357  [  640/  678]
Average Training Loss: 0.903410
Val Loss: 2.1642 | C-index: 0.7565

Epoch 15
-------------------------------
loss: 2.289753  [   64/  678]
loss: 2.779515  [  256/  678]
loss: 3.012658  [  448/  678]
loss: 2.573951  [  640/  678]
Average Training Loss: 0.968716
Val Loss: 2.1148 | C-index: 0.7758

Epoch 16
-------------------------------
loss: 2.222312  [   64/  678]
loss: 2.544021  [  256/  678]
loss: 2.231639  [  448/  678]
loss: 2.353490  [  640/  678]
Average Training Loss: 0.850133
Val Loss: 2.1661 | C-index: 0.7460

Epoch 17
-------------------------------
loss: 2.529199  [   64/  678]
loss: 2.477065  [  256/  678]
loss: 2.434780  [  448/  678]
loss: 1.710008  [  640/  678]
Average Training Loss: 0.831914
Val Loss: 2.1142 | C-index: 0.7734

Epoch 18
-------------------------------
loss: 2.378162  [   64/  678]
loss: 2.628401  [  256/  678]
loss: 2.237474  [  448/  678]
loss: 2.498016  [  640/  678]
Average Training Loss: 0.885641
Val Loss: 2.1406 | C-index: 0.7766

Epoch 19
-------------------------------
loss: 2.323227  [   64/  678]
loss: 2.422633  [  256/  678]
loss: 2.245873  [  448/  678]
loss: 2.263355  [  640/  678]
Average Training Loss: 0.841372
Val Loss: 2.2035 | C-index: 0.7476

Epoch 20
-------------------------------
loss: 2.306241  [   64/  678]
loss: 2.589786  [  256/  678]
loss: 2.401679  [  448/  678]
loss: 2.428308  [  640/  678]
Average Training Loss: 0.884183
Val Loss: 2.1568 | C-index: 0.7605

Epoch 21
-------------------------------
loss: 2.513762  [   64/  678]
loss: 2.488631  [  256/  678]
loss: 2.310597  [  448/  678]
loss: 2.574439  [  640/  678]
Average Training Loss: 0.898857
Val Loss: 2.1650 | C-index: 0.7532

Epoch 22
-------------------------------
loss: 2.480495  [   64/  678]
loss: 2.426110  [  256/  678]
loss: 2.249168  [  448/  678]
loss: 1.842757  [  640/  678]
Average Training Loss: 0.818048
Val Loss: 2.1718 | C-index: 0.7508

Epoch 23
-------------------------------
loss: 2.219275  [   64/  678]
loss: 1.967259  [  256/  678]
loss: 2.214126  [  448/  678]
loss: 2.110762  [  640/  678]
Average Training Loss: 0.773766
Val Loss: 2.1902 | C-index: 0.7323

Stopping early at Epoch 23 since no C-Index improvement after 5 epochs.
Done!
Best C-Index = 0.7766129032258065 at Epoch 18

=========================================
FOLD 4/5
=========================================

Epoch 1
-------------------------------
loss: 2.792001  [   64/  678]
loss: 2.901348  [  256/  678]
loss: 2.716758  [  448/  678]
loss: 3.117069  [  640/  678]
Average Training Loss: 1.047925
Val Loss: 3.1453 | C-index: 0.5597

Epoch 2
-------------------------------
loss: 3.258636  [   64/  678]
loss: 2.831790  [  256/  678]
loss: 3.036421  [  448/  678]
loss: 2.234962  [  640/  678]
Average Training Loss: 1.032892
Val Loss: 3.1449 | C-index: 0.5431

Epoch 3
-------------------------------
loss: 3.302505  [   64/  678]
loss: 3.190929  [  256/  678]
loss: 3.020155  [  448/  678]
loss: 2.194775  [  640/  678]
Average Training Loss: 1.064397
Val Loss: 3.1461 | C-index: 0.5350

Epoch 4
-------------------------------
loss: 2.897740  [   64/  678]
loss: 2.994456  [  256/  678]
loss: 2.891911  [  448/  678]
loss: 2.442318  [  640/  678]
Average Training Loss: 1.020584
Val Loss: 3.1609 | C-index: 0.5312

Epoch 5
-------------------------------
loss: 2.931031  [   64/  678]
loss: 2.729132  [  256/  678]
loss: 2.873958  [  448/  678]
loss: 2.764529  [  640/  678]
Average Training Loss: 1.027150
Val Loss: 3.1497 | C-index: 0.5920

Epoch 6
-------------------------------
loss: 3.070512  [   64/  678]
loss: 2.766054  [  256/  678]
loss: 2.826980  [  448/  678]
loss: 2.903874  [  640/  678]
Average Training Loss: 1.051584
Val Loss: 3.1439 | C-index: 0.6087

Epoch 7
-------------------------------
loss: 2.966828  [   64/  678]
loss: 2.100073  [  256/  678]
loss: 2.422572  [  448/  678]
loss: 2.921318  [  640/  678]
Average Training Loss: 0.946435
Val Loss: 3.1571 | C-index: 0.6055

Epoch 8
-------------------------------
loss: 2.684566  [   64/  678]
loss: 2.879784  [  256/  678]
loss: 2.158350  [  448/  678]
loss: 2.793921  [  640/  678]
Average Training Loss: 0.956056
Val Loss: 3.0858 | C-index: 0.6523

Epoch 9
-------------------------------
loss: 2.089097  [   64/  678]
loss: 2.221691  [  256/  678]
loss: 2.876264  [  448/  678]
loss: 1.967908  [  640/  678]
Average Training Loss: 0.832269
Val Loss: 3.1187 | C-index: 0.6555

Epoch 10
-------------------------------
loss: 2.615134  [   64/  678]
loss: 2.085573  [  256/  678]
loss: 2.310754  [  448/  678]
loss: 2.130457  [  640/  678]
Average Training Loss: 0.831083
Val Loss: 3.1099 | C-index: 0.6690

Epoch 11
-------------------------------
loss: 2.273736  [   64/  678]
loss: 2.087333  [  256/  678]
loss: 2.468279  [  448/  678]
loss: 2.613488  [  640/  678]
Average Training Loss: 0.858440
Val Loss: 3.1298 | C-index: 0.6695

Epoch 12
-------------------------------
loss: 2.884526  [   64/  678]
loss: 2.415581  [  256/  678]
loss: 2.389503  [  448/  678]
loss: 2.455784  [  640/  678]
Average Training Loss: 0.922309
Val Loss: 3.1524 | C-index: 0.6485

Epoch 13
-------------------------------
loss: 2.367176  [   64/  678]
loss: 2.458219  [  256/  678]
loss: 2.411957  [  448/  678]
loss: 2.570434  [  640/  678]
Average Training Loss: 0.891617
Val Loss: 3.1592 | C-index: 0.6329

Epoch 14
-------------------------------
loss: 2.108735  [   64/  678]
loss: 2.454366  [  256/  678]
loss: 2.227549  [  448/  678]
loss: 2.368709  [  640/  678]
Average Training Loss: 0.832669
Val Loss: 3.1877 | C-index: 0.6324

Epoch 15
-------------------------------
loss: 2.409499  [   64/  678]
loss: 2.615568  [  256/  678]
loss: 2.366894  [  448/  678]
loss: 2.379057  [  640/  678]
Average Training Loss: 0.888274
Val Loss: 3.1751 | C-index: 0.6313

Epoch 16
-------------------------------
loss: 2.421242  [   64/  678]
loss: 2.427367  [  256/  678]
loss: 2.386127  [  448/  678]
loss: 2.250024  [  640/  678]
Average Training Loss: 0.862251
Val Loss: 3.2357 | C-index: 0.6023

Stopping early at Epoch 16 since no C-Index improvement after 5 epochs.
Done!
Best C-Index = 0.6695371367061357 at Epoch 11

=========================================
FOLD 5/5
=========================================

Epoch 1
-------------------------------
loss: 3.413324  [   64/  678]
loss: 3.136559  [  256/  678]
loss: 2.763670  [  448/  678]
loss: 3.353422  [  640/  678]
Average Training Loss: 1.151543
Val Loss: 2.5602 | C-index: 0.5884

Epoch 2
-------------------------------
loss: 3.461869  [   64/  678]
loss: 3.445430  [  256/  678]
loss: 2.718934  [  448/  678]
loss: 2.886580  [  640/  678]
Average Training Loss: 1.137528
Val Loss: 2.5548 | C-index: 0.5637

Epoch 3
-------------------------------
loss: 3.057612  [   64/  678]
loss: 3.450334  [  256/  678]
loss: 2.967481  [  448/  678]
loss: 3.159822  [  640/  678]
Average Training Loss: 1.148659
Val Loss: 2.5410 | C-index: 0.4651

Epoch 4
-------------------------------
loss: 3.207354  [   64/  678]
loss: 3.365195  [  256/  678]
loss: 3.358158  [  448/  678]
loss: 2.670872  [  640/  678]
Average Training Loss: 1.145598
Val Loss: 2.5165 | C-index: 0.4479

Epoch 5
-------------------------------
loss: 2.990684  [   64/  678]
loss: 2.944388  [  256/  678]
loss: 2.992092  [  448/  678]
loss: 2.848851  [  640/  678]
Average Training Loss: 1.070547
Val Loss: 2.5116 | C-index: 0.4384

Epoch 6
-------------------------------
loss: 2.733869  [   64/  678]
loss: 2.872595  [  256/  678]
loss: 2.860859  [  448/  678]
loss: 2.318501  [  640/  678]
Average Training Loss: 0.980530
Val Loss: 2.5550 | C-index: 0.4555

Stopping early at Epoch 6 since no C-Index improvement after 5 epochs.
Done!
Best C-Index = 0.5883561643835616 at Epoch 1

=========================================
CV training complete! Mean ± std C-index: 0.7075 ± 0.0800
Best epochs per fold: [2, 2, 18, 11, 1]

=========================================
Retraining model on full train+val for 7 epochs...
Epoch 1
-------------------------------
loss: 2.913164  [   64/  847]
loss: 3.295459  [  320/  847]
loss: 2.943446  [  576/  847]
loss: 2.455619  [  832/  847]
Average Training Loss: 0.829121
Val Loss: 2.9313 | C-index: 0.7232

Epoch 2
-------------------------------
loss: 3.047025  [   64/  847]
loss: 3.044998  [  320/  847]
loss: 2.990623  [  576/  847]
loss: 2.978861  [  832/  847]
Average Training Loss: 0.861536
Val Loss: 2.8793 | C-index: 0.7239

Epoch 3
-------------------------------
loss: 3.144166  [   64/  847]
loss: 3.219352  [  320/  847]
loss: 3.068743  [  576/  847]
loss: 3.641660  [  832/  847]
Average Training Loss: 0.933851
Val Loss: 2.8365 | C-index: 0.7075

Epoch 4
-------------------------------
loss: 2.528162  [   64/  847]
loss: 2.938841  [  320/  847]
loss: 3.121245  [  576/  847]
loss: 2.782170  [  832/  847]
Average Training Loss: 0.812173
Val Loss: 2.7595 | C-index: 0.7567

Epoch 5
-------------------------------
loss: 2.652694  [   64/  847]
loss: 2.884256  [  320/  847]
loss: 2.639993  [  576/  847]
loss: 2.955704  [  832/  847]
Average Training Loss: 0.795189
Val Loss: 2.6782 | C-index: 0.7917

Epoch 6
-------------------------------
loss: 3.030915  [   64/  847]
loss: 2.901386  [  320/  847]
loss: 2.515068  [  576/  847]
loss: 2.743245  [  832/  847]
Average Training Loss: 0.799330
Val Loss: 2.6177 | C-index: 0.8191

Epoch 7
-------------------------------
loss: 2.534164  [   64/  847]
loss: 2.895306  [  320/  847]
loss: 2.689774  [  576/  847]
loss: 2.671937  [  832/  847]
Average Training Loss: 0.770799
Val Loss: 2.4495 | C-index: 0.8663

Done!
Best C-Index = 0.866348278565828 at Epoch 7
FINAL TEST Average Loss: 2.5715
FINAL TEST C-index: 0.6582
Bootstrap 95% CI: [0.5312, 0.7766]
Top 10 activated pathways:
{'R-HSA-9704646': 0.06738923490047455, 'R-HSA-5083635': 0.06571401655673981, 'R-HSA-1362277': 0.0527007095515728, 'R-HSA-1793185': 0.050987064838409424, 'R-HSA-9932298': 0.048815567046403885, 'R-HSA-451326': 0.04825909063220024, 'R-HSA-167200': 0.04793945327401161, 'R-HSA-201556': 0.04545878618955612, 'R-HSA-5357956': 0.04437132924795151, 'R-HSA-2022928': 0.04328004643321037}
Results saved to /Users/evan/Documents/GitHub/HyBINN/experiments/runs/binn_clinical/seed_2/results.json
