train_hybinn.py log started 2026-06-17 01:24:25.290678
=========================================
Model Active Branches: ['gene', 'clinical']
=========================================

=========================================
FOLD 1/5
=========================================

Epoch 1
-------------------------------
loss: 2.593563  [   64/  677]
loss: 3.399189  [  256/  677]
loss: 3.059508  [  448/  677]
loss: 2.939538  [  640/  677]
Average Training Loss: 1.090164
Val Loss: 2.7621 | C-index: 0.5341

Epoch 2
-------------------------------
loss: 2.774012  [   64/  677]
loss: 2.622719  [  256/  677]
loss: 2.896611  [  448/  677]
loss: 2.879009  [  640/  677]
Average Training Loss: 1.015668
Val Loss: 2.7124 | C-index: 0.6168

Epoch 3
-------------------------------
loss: 2.237352  [   64/  677]
loss: 2.030388  [  256/  677]
loss: 3.426409  [  448/  677]
loss: 2.756660  [  640/  677]
Average Training Loss: 0.950074
Val Loss: 2.6267 | C-index: 0.6797

Epoch 4
-------------------------------
loss: 2.642988  [   64/  677]
loss: 2.366066  [  256/  677]
loss: 2.461000  [  448/  677]
loss: 1.901613  [  640/  677]
Average Training Loss: 0.851970
Val Loss: 2.6725 | C-index: 0.6406

Epoch 5
-------------------------------
loss: 2.147494  [   64/  677]
loss: 1.685911  [  256/  677]
loss: 1.529780  [  448/  677]
loss: 1.690762  [  640/  677]
Average Training Loss: 0.641268
Val Loss: 2.8209 | C-index: 0.6195

Epoch 6
-------------------------------
loss: 2.139711  [   64/  677]
loss: 1.630887  [  256/  677]
loss: 1.608531  [  448/  677]
loss: 1.218826  [  640/  677]
Average Training Loss: 0.599814
Val Loss: 3.2908 | C-index: 0.5500

Epoch 7
-------------------------------
loss: 2.110251  [   64/  677]
loss: 1.858185  [  256/  677]
loss: 1.776857  [  448/  677]
loss: 1.070690  [  640/  677]
Average Training Loss: 0.619635
Val Loss: 2.6531 | C-index: 0.6817

Epoch 8
-------------------------------
loss: 1.387171  [   64/  677]
loss: 1.732372  [  256/  677]
loss: 1.156477  [  448/  677]
loss: 0.428725  [  640/  677]
Average Training Loss: 0.427704
Val Loss: 2.9609 | C-index: 0.5910

Epoch 9
-------------------------------
loss: 1.561071  [   64/  677]
loss: 1.375037  [  256/  677]
loss: 1.524771  [  448/  677]
loss: 1.859602  [  640/  677]
Average Training Loss: 0.574589
Val Loss: 2.7129 | C-index: 0.6572

Epoch 10
-------------------------------
loss: 1.580738  [   64/  677]
loss: 1.278625  [  256/  677]
loss: 1.262607  [  448/  677]
loss: 1.353644  [  640/  677]
Average Training Loss: 0.497783
Val Loss: 2.9750 | C-index: 0.6327

Epoch 11
-------------------------------
loss: 0.953281  [   64/  677]
loss: 1.816751  [  256/  677]
loss: 1.714106  [  448/  677]
loss: 1.057816  [  640/  677]
Average Training Loss: 0.503814
Val Loss: 2.9087 | C-index: 0.6989

Epoch 12
-------------------------------
loss: 0.515198  [   64/  677]
loss: 1.743328  [  256/  677]
loss: 1.499017  [  448/  677]
loss: 0.993489  [  640/  677]
Average Training Loss: 0.431912
Val Loss: 3.2238 | C-index: 0.5639

Epoch 13
-------------------------------
loss: 1.043478  [   64/  677]
loss: 1.027960  [  256/  677]
loss: 2.446473  [  448/  677]
loss: 0.893299  [  640/  677]
Average Training Loss: 0.491928
Val Loss: 2.7409 | C-index: 0.6731

Epoch 14
-------------------------------
loss: 1.043542  [   64/  677]
loss: 0.910186  [  256/  677]
loss: 1.119655  [  448/  677]
loss: 0.790067  [  640/  677]
Average Training Loss: 0.351223
Val Loss: 2.8462 | C-index: 0.6267

Epoch 15
-------------------------------
loss: 1.012729  [   64/  677]
loss: 1.041544  [  256/  677]
loss: 1.307205  [  448/  677]
loss: 0.930872  [  640/  677]
Average Training Loss: 0.390214
Val Loss: 3.0484 | C-index: 0.6009

Epoch 16
-------------------------------
loss: 0.657575  [   64/  677]
loss: 1.418710  [  256/  677]
loss: 0.748885  [  448/  677]
loss: 0.905263  [  640/  677]
Average Training Loss: 0.339130
Val Loss: 2.9602 | C-index: 0.6241

Stopping early at Epoch 16 since no C-Index improvement after 5 epochs.
Done!
Best C-Index = 0.698874917273329 at Epoch 11

=========================================
FOLD 2/5
=========================================

Epoch 1
-------------------------------
loss: 2.708739  [   64/  677]
loss: 3.196279  [  256/  677]
loss: 2.829317  [  448/  677]
loss: 2.991434  [  640/  677]
Average Training Loss: 1.065979
Val Loss: 2.8653 | C-index: 0.5666

Epoch 2
-------------------------------
loss: 3.043893  [   64/  677]
loss: 2.910723  [  256/  677]
loss: 2.523771  [  448/  677]
loss: 2.974099  [  640/  677]
Average Training Loss: 1.041135
Val Loss: 2.8030 | C-index: 0.6805

Epoch 3
-------------------------------
loss: 2.777035  [   64/  677]
loss: 2.996909  [  256/  677]
loss: 2.705210  [  448/  677]
loss: 2.621941  [  640/  677]
Average Training Loss: 1.009190
Val Loss: 2.7058 | C-index: 0.7080

Epoch 4
-------------------------------
loss: 1.996787  [   64/  677]
loss: 2.418117  [  256/  677]
loss: 1.666260  [  448/  677]
loss: 2.306523  [  640/  677]
Average Training Loss: 0.762517
Val Loss: 3.1965 | C-index: 0.5854

Epoch 5
-------------------------------
loss: 1.898348  [   64/  677]
loss: 2.079953  [  256/  677]
loss: 2.103411  [  448/  677]
loss: 1.724583  [  640/  677]
Average Training Loss: 0.709663
Val Loss: 2.6626 | C-index: 0.7046

Epoch 6
-------------------------------
loss: 1.573200  [   64/  677]
loss: 1.678602  [  256/  677]
loss: 1.536825  [  448/  677]
loss: 1.659734  [  640/  677]
Average Training Loss: 0.586215
Val Loss: 2.8710 | C-index: 0.6818

Epoch 7
-------------------------------
loss: 1.134191  [   64/  677]
loss: 1.385868  [  256/  677]
loss: 1.640031  [  448/  677]
loss: 1.953446  [  640/  677]
Average Training Loss: 0.555776
Val Loss: 2.7063 | C-index: 0.7569

Epoch 8
-------------------------------
loss: 1.943943  [   64/  677]
loss: 1.244940  [  256/  677]
loss: 1.697803  [  448/  677]
loss: 0.743533  [  640/  677]
Average Training Loss: 0.511838
Val Loss: 3.2559 | C-index: 0.6202

Epoch 9
-------------------------------
loss: 1.110911  [   64/  677]
loss: 1.220354  [  256/  677]
loss: 1.479782  [  448/  677]
loss: 1.751627  [  640/  677]
Average Training Loss: 0.505698
Val Loss: 3.1836 | C-index: 0.6725

Epoch 10
-------------------------------
loss: 1.064007  [   64/  677]
loss: 1.411645  [  256/  677]
loss: 0.947655  [  448/  677]
loss: 1.840016  [  640/  677]
Average Training Loss: 0.478484
Val Loss: 2.7812 | C-index: 0.7033

Epoch 11
-------------------------------
loss: 0.991532  [   64/  677]
loss: 1.451424  [  256/  677]
loss: 1.147007  [  448/  677]
loss: 1.192367  [  640/  677]
Average Training Loss: 0.434757
Val Loss: 2.8948 | C-index: 0.7006

Epoch 12
-------------------------------
loss: 1.134367  [   64/  677]
loss: 1.248518  [  256/  677]
loss: 0.937928  [  448/  677]
loss: 1.638148  [  640/  677]
Average Training Loss: 0.450815
Val Loss: 2.6912 | C-index: 0.7776

Epoch 13
-------------------------------
loss: 1.321205  [   64/  677]
loss: 0.895714  [  256/  677]
loss: 0.816445  [  448/  677]
loss: 1.134341  [  640/  677]
Average Training Loss: 0.378882
Val Loss: 2.9786 | C-index: 0.7113

Epoch 14
-------------------------------
loss: 0.969282  [   64/  677]
loss: 1.331224  [  256/  677]
loss: 0.793359  [  448/  677]
loss: 0.862021  [  640/  677]
Average Training Loss: 0.359626
Val Loss: 3.0914 | C-index: 0.7535

Epoch 15
-------------------------------
loss: 0.703349  [   64/  677]
loss: 1.133129  [  256/  677]
loss: 1.506497  [  448/  677]
loss: 1.745652  [  640/  677]
Average Training Loss: 0.462602
Val Loss: 3.0737 | C-index: 0.7328

Epoch 16
-------------------------------
loss: 1.041817  [   64/  677]
loss: 1.947759  [  256/  677]
loss: 0.503269  [  448/  677]
loss: 1.303004  [  640/  677]
Average Training Loss: 0.435986
Val Loss: 3.1685 | C-index: 0.6778

Epoch 17
-------------------------------
loss: 1.301241  [   64/  677]
loss: 0.624468  [  256/  677]
loss: 1.068414  [  448/  677]
loss: 1.082298  [  640/  677]
Average Training Loss: 0.370584
Val Loss: 3.0613 | C-index: 0.7528

Stopping early at Epoch 17 since no C-Index improvement after 5 epochs.
Done!
Best C-Index = 0.7776289350301406 at Epoch 12

=========================================
FOLD 3/5
=========================================

Epoch 1
-------------------------------
loss: 2.802024  [   64/  678]
loss: 2.917353  [  256/  678]
loss: 2.866055  [  448/  678]
loss: 2.236629  [  640/  678]
Average Training Loss: 0.983824
Val Loss: 3.4179 | C-index: 0.6158

Epoch 2
-------------------------------
loss: 2.466616  [   64/  678]
loss: 2.869202  [  256/  678]
loss: 2.949072  [  448/  678]
loss: 2.618585  [  640/  678]
Average Training Loss: 0.991225
Val Loss: 3.4109 | C-index: 0.6037

Epoch 3
-------------------------------
loss: 2.625707  [   64/  678]
loss: 2.748892  [  256/  678]
loss: 2.577318  [  448/  678]
loss: 2.979030  [  640/  678]
Average Training Loss: 0.993722
Val Loss: 3.2823 | C-index: 0.6677

Epoch 4
-------------------------------
loss: 2.663106  [   64/  678]
loss: 2.214324  [  256/  678]
loss: 2.520344  [  448/  678]
loss: 2.370848  [  640/  678]
Average Training Loss: 0.888057
Val Loss: 3.3327 | C-index: 0.6580

Epoch 5
-------------------------------
loss: 2.088760  [   64/  678]
loss: 1.579145  [  256/  678]
loss: 1.880144  [  448/  678]
loss: 1.965032  [  640/  678]
Average Training Loss: 0.683007
Val Loss: 3.3982 | C-index: 0.6872

Epoch 6
-------------------------------
loss: 1.667446  [   64/  678]
loss: 1.142635  [  256/  678]
loss: 1.607002  [  448/  678]
loss: 1.281848  [  640/  678]
Average Training Loss: 0.518085
Val Loss: 4.1958 | C-index: 0.6070

Epoch 7
-------------------------------
loss: 1.489501  [   64/  678]
loss: 1.627979  [  256/  678]
loss: 1.542540  [  448/  678]
loss: 1.090279  [  640/  678]
Average Training Loss: 0.522754
Val Loss: 3.4959 | C-index: 0.7026

Epoch 8
-------------------------------
loss: 1.011339  [   64/  678]
loss: 1.229249  [  256/  678]
loss: 2.613732  [  448/  678]
loss: 2.173962  [  640/  678]
Average Training Loss: 0.638935
Val Loss: 4.7798 | C-index: 0.6084

Epoch 9
-------------------------------
loss: 1.416238  [   64/  678]
loss: 1.123118  [  256/  678]
loss: 1.475319  [  448/  678]
loss: 1.642016  [  640/  678]
Average Training Loss: 0.514245
Val Loss: 4.7243 | C-index: 0.5680

Epoch 10
-------------------------------
loss: 1.724771  [   64/  678]
loss: 1.711655  [  256/  678]
loss: 1.106815  [  448/  678]
loss: 1.036690  [  640/  678]
Average Training Loss: 0.507266
Val Loss: 4.5359 | C-index: 0.6515

Epoch 11
-------------------------------
loss: 1.196142  [   64/  678]
loss: 1.227835  [  256/  678]
loss: 1.113745  [  448/  678]
loss: 1.365511  [  640/  678]
Average Training Loss: 0.445749
Val Loss: 4.7407 | C-index: 0.6483

Epoch 12
-------------------------------
loss: 1.084642  [   64/  678]
loss: 0.410014  [  256/  678]
loss: 1.782143  [  448/  678]
loss: 1.667808  [  640/  678]
Average Training Loss: 0.449510
Val Loss: 4.8142 | C-index: 0.6585

Stopping early at Epoch 12 since no C-Index improvement after 5 epochs.
Done!
Best C-Index = 0.7025522041763341 at Epoch 7

=========================================
FOLD 4/5
=========================================

Epoch 1
-------------------------------
loss: 3.129256  [   64/  678]
loss: 3.028749  [  256/  678]
loss: 2.921345  [  448/  678]
loss: 3.469340  [  640/  678]
Average Training Loss: 1.140790
Val Loss: 2.5483 | C-index: 0.4920

Epoch 2
-------------------------------
loss: 3.291837  [   64/  678]
loss: 3.032565  [  256/  678]
loss: 2.841812  [  448/  678]
loss: 3.083496  [  640/  678]
Average Training Loss: 1.113610
Val Loss: 2.5006 | C-index: 0.5574

Epoch 3
-------------------------------
loss: 3.018064  [   64/  678]
loss: 2.260068  [  256/  678]
loss: 2.982439  [  448/  678]
loss: 2.175277  [  640/  678]
Average Training Loss: 0.948713
Val Loss: 2.4303 | C-index: 0.5710

Epoch 4
-------------------------------
loss: 2.554234  [   64/  678]
loss: 2.257665  [  256/  678]
loss: 2.044173  [  448/  678]
loss: 1.751419  [  640/  678]
Average Training Loss: 0.782499
Val Loss: 2.7259 | C-index: 0.5247

Epoch 5
-------------------------------
loss: 1.531400  [   64/  678]
loss: 1.698722  [  256/  678]
loss: 1.916564  [  448/  678]
loss: 2.017058  [  640/  678]
Average Training Loss: 0.651250
Val Loss: 2.6477 | C-index: 0.6045

Epoch 6
-------------------------------
loss: 1.812671  [   64/  678]
loss: 1.623477  [  256/  678]
loss: 1.848310  [  448/  678]
loss: 1.573455  [  640/  678]
Average Training Loss: 0.623447
Val Loss: 3.6029 | C-index: 0.4928

Epoch 7
-------------------------------
loss: 2.193264  [   64/  678]
loss: 1.983412  [  256/  678]
loss: 1.026154  [  448/  678]
loss: 1.624401  [  640/  678]
Average Training Loss: 0.620657
Val Loss: 2.7359 | C-index: 0.5973

Epoch 8
-------------------------------
loss: 1.783238  [   64/  678]
loss: 1.079517  [  256/  678]
loss: 1.022991  [  448/  678]
loss: 1.106195  [  640/  678]
Average Training Loss: 0.453813
Val Loss: 2.5600 | C-index: 0.5925

Epoch 9
-------------------------------
loss: 1.130334  [   64/  678]
loss: 1.087724  [  256/  678]
loss: 1.333230  [  448/  678]
loss: 0.955022  [  640/  678]
Average Training Loss: 0.409665
Val Loss: 3.2193 | C-index: 0.5502

Epoch 10
-------------------------------
loss: 0.988548  [   64/  678]
loss: 1.193992  [  256/  678]
loss: 1.499751  [  448/  678]
loss: 0.406696  [  640/  678]
Average Training Loss: 0.371726
Val Loss: 3.2022 | C-index: 0.5351

Stopping early at Epoch 10 since no C-Index improvement after 5 epochs.
Done!
Best C-Index = 0.6044657097288676 at Epoch 5

=========================================
FOLD 5/5
=========================================

Epoch 1
-------------------------------
loss: 2.910504  [   64/  678]
loss: 3.298927  [  256/  678]
loss: 3.425416  [  448/  678]
loss: 2.710904  [  640/  678]
Average Training Loss: 1.122341
Val Loss: 3.0950 | C-index: 0.5690

Epoch 2
-------------------------------
loss: 3.210077  [   64/  678]
loss: 2.942020  [  256/  678]
loss: 3.467834  [  448/  678]
loss: 3.157923  [  640/  678]
Average Training Loss: 1.161623
Val Loss: 3.0932 | C-index: 0.5641

Epoch 3
-------------------------------
loss: 2.965411  [   64/  678]
loss: 3.155146  [  256/  678]
loss: 2.635290  [  448/  678]
loss: 2.870225  [  640/  678]
Average Training Loss: 1.056916
Val Loss: 3.0804 | C-index: 0.6577

Epoch 4
-------------------------------
loss: 2.443351  [   64/  678]
loss: 2.414181  [  256/  678]
loss: 2.443918  [  448/  678]
loss: 2.350735  [  640/  678]
Average Training Loss: 0.877471
Val Loss: 2.9244 | C-index: 0.6880

Epoch 5
-------------------------------
loss: 1.766437  [   64/  678]
loss: 1.708588  [  256/  678]
loss: 1.705146  [  448/  678]
loss: 2.087247  [  640/  678]
Average Training Loss: 0.660674
Val Loss: 3.0623 | C-index: 0.6333

Epoch 6
-------------------------------
loss: 1.532758  [   64/  678]
loss: 1.768845  [  256/  678]
loss: 1.380454  [  448/  678]
loss: 1.394478  [  640/  678]
Average Training Loss: 0.552412
Val Loss: 3.5541 | C-index: 0.6763

Epoch 7
-------------------------------
loss: 1.870071  [   64/  678]
loss: 1.387082  [  256/  678]
loss: 2.406426  [  448/  678]
loss: 0.826679  [  640/  678]
Average Training Loss: 0.590023
Val Loss: 3.5851 | C-index: 0.6758

Epoch 8
-------------------------------
loss: 1.192116  [   64/  678]
loss: 0.916168  [  256/  678]
loss: 1.295423  [  448/  678]
loss: 0.858251  [  640/  678]
Average Training Loss: 0.387451
Val Loss: 3.1930 | C-index: 0.6904

Epoch 9
-------------------------------
loss: 1.414558  [   64/  678]
loss: 1.240755  [  256/  678]
loss: 1.391569  [  448/  678]
loss: 0.944694  [  640/  678]
Average Training Loss: 0.453780
Val Loss: 4.0181 | C-index: 0.6475

Epoch 10
-------------------------------
loss: 1.476082  [   64/  678]
loss: 1.973414  [  256/  678]
loss: 2.176587  [  448/  678]
loss: 1.606326  [  640/  678]
Average Training Loss: 0.657492
Val Loss: 3.7734 | C-index: 0.6743

Epoch 11
-------------------------------
loss: 1.691395  [   64/  678]
loss: 1.308519  [  256/  678]
loss: 1.608231  [  448/  678]
loss: 1.106249  [  640/  678]
Average Training Loss: 0.519490
Val Loss: 3.4227 | C-index: 0.6972

Epoch 12
-------------------------------
loss: 0.766117  [   64/  678]
loss: 1.066993  [  256/  678]
loss: 1.066459  [  448/  678]
loss: 1.291779  [  640/  678]
Average Training Loss: 0.381032
Val Loss: 3.4270 | C-index: 0.6948

Epoch 13
-------------------------------
loss: 1.498890  [   64/  678]
loss: 0.994671  [  256/  678]
loss: 1.735683  [  448/  678]
loss: 1.118205  [  640/  678]
Average Training Loss: 0.486132
Val Loss: 3.2471 | C-index: 0.7133

Epoch 14
-------------------------------
loss: 1.266716  [   64/  678]
loss: 1.552160  [  256/  678]
loss: 1.165075  [  448/  678]
loss: 0.808814  [  640/  678]
Average Training Loss: 0.435706
Val Loss: 3.7006 | C-index: 0.6928

Epoch 15
-------------------------------
loss: 1.145434  [   64/  678]
loss: 1.618952  [  256/  678]
loss: 1.142002  [  448/  678]
loss: 1.196011  [  640/  678]
Average Training Loss: 0.463854
Val Loss: 3.4047 | C-index: 0.6636

Epoch 16
-------------------------------
loss: 0.926899  [   64/  678]
loss: 0.894927  [  256/  678]
loss: 1.013860  [  448/  678]
loss: 1.671514  [  640/  678]
Average Training Loss: 0.409745
Val Loss: 3.4376 | C-index: 0.6767

Epoch 17
-------------------------------
loss: 1.141366  [   64/  678]
loss: 0.221374  [  256/  678]
loss: 1.507445  [  448/  678]
loss: 0.899454  [  640/  678]
Average Training Loss: 0.342694
Val Loss: 3.6556 | C-index: 0.7118

Epoch 18
-------------------------------
loss: 0.867882  [   64/  678]
loss: 0.832768  [  256/  678]
loss: 1.234347  [  448/  678]
loss: 0.965980  [  640/  678]
Average Training Loss: 0.354634
Val Loss: 3.4773 | C-index: 0.7011

Stopping early at Epoch 18 since no C-Index improvement after 5 epochs.
Done!
Best C-Index = 0.7133105802047781 at Epoch 13

=========================================
CV training complete! Mean ± std C-index: 0.6994 ± 0.0554
Best epochs per fold: [11, 12, 7, 5, 13]

=========================================
Retraining model on full train+val for 10 epochs...
Epoch 1
-------------------------------
loss: 2.598381  [   64/  847]
loss: 2.929364  [  320/  847]
loss: 3.090683  [  576/  847]
loss: 2.552888  [  832/  847]
Average Training Loss: 0.797951
Val Loss: 2.8311 | C-index: 0.7059

Epoch 2
-------------------------------
loss: 2.966176  [   64/  847]
loss: 2.985443  [  320/  847]
loss: 3.160062  [  576/  847]
loss: 2.381891  [  832/  847]
Average Training Loss: 0.820969
Val Loss: 2.6212 | C-index: 0.8099

Epoch 3
-------------------------------
loss: 2.928949  [   64/  847]
loss: 2.499177  [  320/  847]
loss: 2.655571  [  576/  847]
loss: 2.423890  [  832/  847]
Average Training Loss: 0.750542
Val Loss: 2.1960 | C-index: 0.8910

Epoch 4
-------------------------------
loss: 2.039437  [   64/  847]
loss: 2.329142  [  320/  847]
loss: 2.150601  [  576/  847]
loss: 1.977126  [  832/  847]
Average Training Loss: 0.606879
Val Loss: 1.7732 | C-index: 0.9302

Epoch 5
-------------------------------
loss: 1.849647  [   64/  847]
loss: 2.156585  [  320/  847]
loss: 2.060568  [  576/  847]
loss: 1.831784  [  832/  847]
Average Training Loss: 0.564185
Val Loss: 1.6287 | C-index: 0.9421

Epoch 6
-------------------------------
loss: 1.926552  [   64/  847]
loss: 1.522014  [  320/  847]
loss: 1.542201  [  576/  847]
loss: 2.093177  [  832/  847]
Average Training Loss: 0.505996
Val Loss: 1.4109 | C-index: 0.9423

Epoch 7
-------------------------------
loss: 1.051629  [   64/  847]
loss: 1.309756  [  320/  847]
loss: 1.031080  [  576/  847]
loss: 1.829485  [  832/  847]
Average Training Loss: 0.372996
Val Loss: 1.3846 | C-index: 0.9319

Epoch 8
-------------------------------
loss: 1.707468  [   64/  847]
loss: 1.631723  [  320/  847]
loss: 2.380714  [  576/  847]
loss: 1.585997  [  832/  847]
Average Training Loss: 0.521850
Val Loss: 1.2343 | C-index: 0.9659

Epoch 9
-------------------------------
loss: 1.083331  [   64/  847]
loss: 1.479322  [  320/  847]
loss: 1.114675  [  576/  847]
loss: 1.883251  [  832/  847]
Average Training Loss: 0.397184
Val Loss: 1.0562 | C-index: 0.9734

Epoch 10
-------------------------------
loss: 1.301782  [   64/  847]
loss: 1.250653  [  320/  847]
loss: 0.774044  [  576/  847]
loss: 2.199971  [  832/  847]
Average Training Loss: 0.394746
Val Loss: 0.9678 | C-index: 0.9747

Done!
Best C-Index = 0.9746556343203964 at Epoch 10
FINAL TEST Average Loss: 3.0744
FINAL TEST C-index: 0.5695
Bootstrap 95% CI: [0.4294, 0.7205]
Results saved to /Users/evan/Documents/GitHub/HyBINN/experiments/runs/gene_clinical/seed_9/results.json
