train_hybinn.py log started 2026-06-05 21:38:52.507543
=========================================
Model Active Branches: ['binn', 'clinical']
=========================================

=========================================
FOLD 1/5
=========================================

Epoch 1
-------------------------------
loss: 3.293367  [   64/  677]
loss: 3.433157  [  256/  677]
loss: 2.650679  [  448/  677]
loss: 3.021214  [  640/  677]
Average Training Loss: 1.127129
Val Loss: 2.5736 | C-index: 0.6442

Epoch 2
-------------------------------
loss: 2.206093  [   64/  677]
loss: 3.174684  [  256/  677]
loss: 3.696157  [  448/  677]
loss: 3.431223  [  640/  677]
Average Training Loss: 1.137105
Val Loss: 2.5722 | C-index: 0.5401

Epoch 3
-------------------------------
loss: 2.939066  [   64/  677]
loss: 2.961487  [  256/  677]
loss: 2.844184  [  448/  677]
loss: 2.988564  [  640/  677]
Average Training Loss: 1.066664
Val Loss: 2.5697 | C-index: 0.4933

Epoch 4
-------------------------------
loss: 2.862583  [   64/  677]
loss: 3.025379  [  256/  677]
loss: 2.819420  [  448/  677]
loss: 2.987210  [  640/  677]
Average Training Loss: 1.063145
Val Loss: 2.5676 | C-index: 0.4953

Epoch 5
-------------------------------
loss: 2.523490  [   64/  677]
loss: 2.902352  [  256/  677]
loss: 2.596322  [  448/  677]
loss: 2.778931  [  640/  677]
Average Training Loss: 0.981918
Val Loss: 2.5366 | C-index: 0.5534

Epoch 6
-------------------------------
loss: 2.890509  [   64/  677]
loss: 2.727176  [  256/  677]
loss: 3.151237  [  448/  677]
loss: 2.598951  [  640/  677]
Average Training Loss: 1.033443
Val Loss: 2.4787 | C-index: 0.6709

Epoch 7
-------------------------------
loss: 2.772776  [   64/  677]
loss: 2.613574  [  256/  677]
loss: 2.597192  [  448/  677]
loss: 3.214448  [  640/  677]
Average Training Loss: 1.017999
Val Loss: 2.4611 | C-index: 0.6822

Epoch 8
-------------------------------
loss: 2.562487  [   64/  677]
loss: 2.583689  [  256/  677]
loss: 2.893931  [  448/  677]
loss: 2.504748  [  640/  677]
Average Training Loss: 0.958623
Val Loss: 2.4319 | C-index: 0.7650

Epoch 9
-------------------------------
loss: 2.473723  [   64/  677]
loss: 2.132176  [  256/  677]
loss: 2.400423  [  448/  677]
loss: 2.116259  [  640/  677]
Average Training Loss: 0.829326
Val Loss: 2.4215 | C-index: 0.7483

Epoch 10
-------------------------------
loss: 2.586923  [   64/  677]
loss: 2.875875  [  256/  677]
loss: 2.552809  [  448/  677]
loss: 2.178032  [  640/  677]
Average Training Loss: 0.926695
Val Loss: 2.4126 | C-index: 0.7610

Epoch 11
-------------------------------
loss: 2.184889  [   64/  677]
loss: 2.511686  [  256/  677]
loss: 2.484476  [  448/  677]
loss: 2.857445  [  640/  677]
Average Training Loss: 0.912591
Val Loss: 2.4517 | C-index: 0.7450

Epoch 12
-------------------------------
loss: 2.260902  [   64/  677]
loss: 2.213162  [  256/  677]
loss: 2.736336  [  448/  677]
loss: 1.920313  [  640/  677]
Average Training Loss: 0.830065
Val Loss: 2.4058 | C-index: 0.7490

Epoch 13
-------------------------------
loss: 2.242579  [   64/  677]
loss: 1.953350  [  256/  677]
loss: 2.147405  [  448/  677]
loss: 2.304059  [  640/  677]
Average Training Loss: 0.786127
Val Loss: 2.4574 | C-index: 0.7190

Stopping early at Epoch 13 since no C-Index improvement after 5 epochs.
Done!
Best C-Index = 0.7650200267022697 at Epoch 8

=========================================
FOLD 2/5
=========================================

Epoch 1
-------------------------------
loss: 3.071646  [   64/  677]
loss: 2.456149  [  256/  677]
loss: 3.242757  [  448/  677]
loss: 2.700170  [  640/  677]
Average Training Loss: 1.042793
Val Loss: 2.7778 | C-index: 0.5933

Epoch 2
-------------------------------
loss: 2.983967  [   64/  677]
loss: 3.402693  [  256/  677]
loss: 3.088450  [  448/  677]
loss: 2.822604  [  640/  677]
Average Training Loss: 1.117974
Val Loss: 2.7759 | C-index: 0.5289

Epoch 3
-------------------------------
loss: 1.937263  [   64/  677]
loss: 3.187675  [  256/  677]
loss: 2.992524  [  448/  677]
loss: 3.399689  [  640/  677]
Average Training Loss: 1.047014
Val Loss: 2.7806 | C-index: 0.4894

Epoch 4
-------------------------------
loss: 3.450260  [   64/  677]
loss: 3.003037  [  256/  677]
loss: 3.076439  [  448/  677]
loss: 2.370982  [  640/  677]
Average Training Loss: 1.081883
Val Loss: 2.7930 | C-index: 0.4906

Epoch 5
-------------------------------
loss: 2.861817  [   64/  677]
loss: 3.073230  [  256/  677]
loss: 2.751369  [  448/  677]
loss: 2.788001  [  640/  677]
Average Training Loss: 1.043129
Val Loss: 2.7917 | C-index: 0.5112

Epoch 6
-------------------------------
loss: 2.314704  [   64/  677]
loss: 2.583161  [  256/  677]
loss: 2.820009  [  448/  677]
loss: 2.780181  [  640/  677]
Average Training Loss: 0.954369
Val Loss: 2.7556 | C-index: 0.5508

Stopping early at Epoch 6 since no C-Index improvement after 5 epochs.
Done!
Best C-Index = 0.5932703659976387 at Epoch 1

=========================================
FOLD 3/5
=========================================

Epoch 1
-------------------------------
loss: 2.818231  [   64/  678]
loss: 3.231097  [  256/  678]
loss: 2.414434  [  448/  678]
loss: 2.785745  [  640/  678]
Average Training Loss: 1.022682
Val Loss: 2.8627 | C-index: 0.7355

Epoch 2
-------------------------------
loss: 3.219003  [   64/  678]
loss: 3.119954  [  256/  678]
loss: 2.685299  [  448/  678]
loss: 3.101325  [  640/  678]
Average Training Loss: 1.102326
Val Loss: 2.8604 | C-index: 0.6789

Epoch 3
-------------------------------
loss: 2.845741  [   64/  678]
loss: 2.690049  [  256/  678]
loss: 3.479277  [  448/  678]
loss: 2.931208  [  640/  678]
Average Training Loss: 1.086025
Val Loss: 2.8641 | C-index: 0.5819

Epoch 4
-------------------------------
loss: 2.544678  [   64/  678]
loss: 2.445307  [  256/  678]
loss: 2.776807  [  448/  678]
loss: 2.795526  [  640/  678]
Average Training Loss: 0.960211
Val Loss: 2.8765 | C-index: 0.5232

Epoch 5
-------------------------------
loss: 2.675622  [   64/  678]
loss: 2.651164  [  256/  678]
loss: 3.421852  [  448/  678]
loss: 2.570567  [  640/  678]
Average Training Loss: 1.029019
Val Loss: 2.8619 | C-index: 0.5620

Epoch 6
-------------------------------
loss: 2.600532  [   64/  678]
loss: 2.667799  [  256/  678]
loss: 2.809140  [  448/  678]
loss: 2.475489  [  640/  678]
Average Training Loss: 0.959360
Val Loss: 2.7725 | C-index: 0.6767

Stopping early at Epoch 6 since no C-Index improvement after 5 epochs.
Done!
Best C-Index = 0.7354525862068966 at Epoch 1

=========================================
FOLD 4/5
=========================================

Epoch 1
-------------------------------
loss: 3.253963  [   64/  678]
loss: 2.560806  [  256/  678]
loss: 2.791484  [  448/  678]
loss: 2.582213  [  640/  678]
Average Training Loss: 1.017133
Val Loss: 2.7864 | C-index: 0.5257

Epoch 2
-------------------------------
loss: 3.387709  [   64/  678]
loss: 2.776201  [  256/  678]
loss: 2.689121  [  448/  678]
loss: 3.074148  [  640/  678]
Average Training Loss: 1.084289
Val Loss: 2.7863 | C-index: 0.5504

Epoch 3
-------------------------------
loss: 2.801440  [   64/  678]
loss: 2.186018  [  256/  678]
loss: 2.839000  [  448/  678]
loss: 3.122897  [  640/  678]
Average Training Loss: 0.995396
Val Loss: 2.7839 | C-index: 0.5786

Epoch 4
-------------------------------
loss: 3.027982  [   64/  678]
loss: 2.752712  [  256/  678]
loss: 2.721811  [  448/  678]
loss: 2.891121  [  640/  678]
Average Training Loss: 1.035784
Val Loss: 2.7691 | C-index: 0.5990

Epoch 5
-------------------------------
loss: 2.934872  [   64/  678]
loss: 3.397263  [  256/  678]
loss: 2.538625  [  448/  678]
loss: 1.719130  [  640/  678]
Average Training Loss: 0.962717
Val Loss: 2.7625 | C-index: 0.6054

Epoch 6
-------------------------------
loss: 2.589615  [   64/  678]
loss: 2.991623  [  256/  678]
loss: 3.653248  [  448/  678]
loss: 2.607567  [  640/  678]
Average Training Loss: 1.076550
Val Loss: 2.7765 | C-index: 0.5913

Epoch 7
-------------------------------
loss: 2.472558  [   64/  678]
loss: 2.750657  [  256/  678]
loss: 2.601420  [  448/  678]
loss: 2.876833  [  640/  678]
Average Training Loss: 0.972861
Val Loss: 2.7636 | C-index: 0.5976

Epoch 8
-------------------------------
loss: 2.944908  [   64/  678]
loss: 2.342365  [  256/  678]
loss: 2.687398  [  448/  678]
loss: 2.685621  [  640/  678]
Average Training Loss: 0.969117
Val Loss: 2.7387 | C-index: 0.6251

Epoch 9
-------------------------------
loss: 2.426531  [   64/  678]
loss: 2.637604  [  256/  678]
loss: 2.522759  [  448/  678]
loss: 2.836675  [  640/  678]
Average Training Loss: 0.947597
Val Loss: 2.7342 | C-index: 0.6096

Epoch 10
-------------------------------
loss: 3.074291  [   64/  678]
loss: 1.978374  [  256/  678]
loss: 2.711998  [  448/  678]
loss: 2.452658  [  640/  678]
Average Training Loss: 0.928847
Val Loss: 2.7254 | C-index: 0.6342

Epoch 11
-------------------------------
loss: 2.154919  [   64/  678]
loss: 2.170397  [  256/  678]
loss: 2.330253  [  448/  678]
loss: 2.618451  [  640/  678]
Average Training Loss: 0.843093
Val Loss: 2.7315 | C-index: 0.6180

Epoch 12
-------------------------------
loss: 2.295515  [   64/  678]
loss: 2.752205  [  256/  678]
loss: 2.088675  [  448/  678]
loss: 2.549720  [  640/  678]
Average Training Loss: 0.880556
Val Loss: 2.7170 | C-index: 0.6399

Epoch 13
-------------------------------
loss: 2.254890  [   64/  678]
loss: 2.858861  [  256/  678]
loss: 2.620795  [  448/  678]
loss: 2.186493  [  640/  678]
Average Training Loss: 0.901913
Val Loss: 2.7807 | C-index: 0.5870

Epoch 14
-------------------------------
loss: 2.457759  [   64/  678]
loss: 2.451120  [  256/  678]
loss: 2.510251  [  448/  678]
loss: 2.356609  [  640/  678]
Average Training Loss: 0.888704
Val Loss: 2.6999 | C-index: 0.6350

Epoch 15
-------------------------------
loss: 2.383870  [   64/  678]
loss: 2.376806  [  256/  678]
loss: 2.338262  [  448/  678]
loss: 2.429941  [  640/  678]
Average Training Loss: 0.866262
Val Loss: 2.7124 | C-index: 0.6342

Epoch 16
-------------------------------
loss: 2.828821  [   64/  678]
loss: 2.533711  [  256/  678]
loss: 1.935304  [  448/  678]
loss: 2.672954  [  640/  678]
Average Training Loss: 0.906435
Val Loss: 2.7444 | C-index: 0.6258

Epoch 17
-------------------------------
loss: 2.495603  [   64/  678]
loss: 2.315285  [  256/  678]
loss: 2.489923  [  448/  678]
loss: 2.140629  [  640/  678]
Average Training Loss: 0.858313
Val Loss: 2.7485 | C-index: 0.6152

Stopping early at Epoch 17 since no C-Index improvement after 5 epochs.
Done!
Best C-Index = 0.6398872445384073 at Epoch 12

=========================================
FOLD 5/5
=========================================

Epoch 1
-------------------------------
loss: 2.836763  [   64/  678]
loss: 3.152422  [  256/  678]
loss: 3.027390  [  448/  678]
loss: 3.137921  [  640/  678]
Average Training Loss: 1.104954
Val Loss: 2.9405 | C-index: 0.7603

Epoch 2
-------------------------------
loss: 2.298643  [   64/  678]
loss: 3.168290  [  256/  678]
loss: 2.661976  [  448/  678]
loss: 3.012527  [  640/  678]
Average Training Loss: 1.012858
Val Loss: 2.9361 | C-index: 0.7683

Epoch 3
-------------------------------
loss: 2.728204  [   64/  678]
loss: 2.754670  [  256/  678]
loss: 2.887002  [  448/  678]
loss: 2.936877  [  640/  678]
Average Training Loss: 1.027887
Val Loss: 2.9257 | C-index: 0.7464

Epoch 4
-------------------------------
loss: 3.075508  [   64/  678]
loss: 2.687191  [  256/  678]
loss: 2.384950  [  448/  678]
loss: 3.200396  [  640/  678]
Average Training Loss: 1.031641
Val Loss: 2.9038 | C-index: 0.6961

Epoch 5
-------------------------------
loss: 3.165788  [   64/  678]
loss: 3.246321  [  256/  678]
loss: 2.670583  [  448/  678]
loss: 2.465970  [  640/  678]
Average Training Loss: 1.049878
Val Loss: 2.8665 | C-index: 0.7008

Epoch 6
-------------------------------
loss: 2.797173  [   64/  678]
loss: 2.317307  [  256/  678]
loss: 2.988744  [  448/  678]
loss: 3.102553  [  640/  678]
Average Training Loss: 1.018707
Val Loss: 2.8166 | C-index: 0.7221

Epoch 7
-------------------------------
loss: 2.028263  [   64/  678]
loss: 2.906801  [  256/  678]
loss: 2.833361  [  448/  678]
loss: 2.356713  [  640/  678]
Average Training Loss: 0.920467
Val Loss: 2.7940 | C-index: 0.7366

Stopping early at Epoch 7 since no C-Index improvement after 5 epochs.
Done!
Best C-Index = 0.7683419988445985 at Epoch 2

=========================================
CV training complete! Mean ± std C-index: 0.7004 ± 0.0709
Best epochs per fold: [8, 1, 1, 12, 2]

=========================================
Retraining model on full train+val for 5 epochs...
Epoch 1
-------------------------------
loss: 3.158440  [   64/  847]
loss: 2.968590  [  320/  847]
loss: 2.936123  [  576/  847]
loss: 3.139951  [  832/  847]
Average Training Loss: 0.871650
Val Loss: 2.7634 | C-index: 0.6261

Epoch 2
-------------------------------
loss: 2.926828  [   64/  847]
loss: 2.654567  [  320/  847]
loss: 3.680248  [  576/  847]
loss: 2.468861  [  832/  847]
Average Training Loss: 0.837893
Val Loss: 2.8512 | C-index: 0.6090

Epoch 3
-------------------------------
loss: 3.037810  [   64/  847]
loss: 2.911610  [  320/  847]
loss: 2.933484  [  576/  847]
loss: 3.370452  [  832/  847]
Average Training Loss: 0.875240
Val Loss: 2.7928 | C-index: 0.6295

Epoch 4
-------------------------------
loss: 2.753268  [   64/  847]
loss: 3.322617  [  320/  847]
loss: 2.999334  [  576/  847]
loss: 3.101944  [  832/  847]
Average Training Loss: 0.869797
Val Loss: 2.7613 | C-index: 0.7015

Epoch 5
-------------------------------
loss: 3.029974  [   64/  847]
loss: 3.433274  [  320/  847]
loss: 3.138160  [  576/  847]
loss: 2.908563  [  832/  847]
Average Training Loss: 0.893569
Val Loss: 2.6681 | C-index: 0.7554

Done!
Best C-Index = 0.755445424876103 at Epoch 5
FINAL TEST Average Loss: 2.5346
FINAL TEST C-index: 0.6705
Bootstrap 95% CI: [0.5285, 0.7971]
Top 10 activated pathways:
{'R-HSA-186712': 0.044813137501478195, 'R-HSA-9034015': 0.043911125510931015, 'R-HSA-9735869': 0.04286925122141838, 'R-HSA-9013507': 0.04241165891289711, 'R-HSA-9027284': 0.03674694895744324, 'R-HSA-352230': 0.0342484712600708, 'R-HSA-9704331': 0.033994972705841064, 'R-HSA-390918': 0.033613089472055435, 'R-HSA-9027276': 0.03349680453538895, 'R-HSA-168333': 0.03188268467783928}
Results saved to /Users/evan/Documents/GitHub/HyBINN/experiments/runs/binn_clinical/seed_5/results.json
