train_hybinn.py log started 2026-06-17 01:27:06.437519
=========================================
Model Active Branches: ['binn', 'gene', 'clinical']
=========================================

=========================================
FOLD 1/5
=========================================

Epoch 1
-------------------------------
loss: 2.743424  [   64/  677]
loss: 2.395462  [  256/  677]
loss: 3.539025  [  448/  677]
loss: 3.190444  [  640/  677]
Average Training Loss: 1.078941
Val Loss: 3.0546 | C-index: 0.5102

Epoch 2
-------------------------------
loss: 2.485795  [   64/  677]
loss: 3.193588  [  256/  677]
loss: 3.040352  [  448/  677]
loss: 3.261917  [  640/  677]
Average Training Loss: 1.089241
Val Loss: 3.0287 | C-index: 0.5136

Epoch 3
-------------------------------
loss: 3.055282  [   64/  677]
loss: 3.042038  [  256/  677]
loss: 2.560518  [  448/  677]
loss: 2.421959  [  640/  677]
Average Training Loss: 1.007254
Val Loss: 2.9615 | C-index: 0.6938

Epoch 4
-------------------------------
loss: 2.148632  [   64/  677]
loss: 2.462151  [  256/  677]
loss: 2.406795  [  448/  677]
loss: 2.861029  [  640/  677]
Average Training Loss: 0.898055
Val Loss: 2.8507 | C-index: 0.7663

Epoch 5
-------------------------------
loss: 2.171587  [   64/  677]
loss: 2.360370  [  256/  677]
loss: 2.020867  [  448/  677]
loss: 2.432636  [  640/  677]
Average Training Loss: 0.816860
Val Loss: 3.1383 | C-index: 0.5658

Epoch 6
-------------------------------
loss: 1.476303  [   64/  677]
loss: 1.949217  [  256/  677]
loss: 2.364872  [  448/  677]
loss: 1.892775  [  640/  677]
Average Training Loss: 0.698470
Val Loss: 2.9600 | C-index: 0.6476

Epoch 7
-------------------------------
loss: 1.184120  [   64/  677]
loss: 2.220391  [  256/  677]
loss: 1.503117  [  448/  677]
loss: 1.521783  [  640/  677]
Average Training Loss: 0.584492
Val Loss: 2.7850 | C-index: 0.7588

Epoch 8
-------------------------------
loss: 1.644077  [   64/  677]
loss: 1.408290  [  256/  677]
loss: 0.897551  [  448/  677]
loss: 1.928699  [  640/  677]
Average Training Loss: 0.534420
Val Loss: 3.2541 | C-index: 0.5638

Epoch 9
-------------------------------
loss: 1.890646  [   64/  677]
loss: 0.823433  [  256/  677]
loss: 1.480938  [  448/  677]
loss: 1.212259  [  640/  677]
Average Training Loss: 0.491570
Val Loss: 3.0886 | C-index: 0.6546

Stopping early at Epoch 9 since no C-Index improvement after 5 epochs.
Done!
Best C-Index = 0.7662531017369727 at Epoch 4

=========================================
FOLD 2/5
=========================================

Epoch 1
-------------------------------
loss: 3.089993  [   64/  677]
loss: 3.164767  [  256/  677]
loss: 2.878133  [  448/  677]
loss: 3.180895  [  640/  677]
Average Training Loss: 1.119435
Val Loss: 2.6045 | C-index: 0.5636

Epoch 2
-------------------------------
loss: 2.536478  [   64/  677]
loss: 3.038664  [  256/  677]
loss: 2.841319  [  448/  677]
loss: 3.198907  [  640/  677]
Average Training Loss: 1.055943
Val Loss: 2.5757 | C-index: 0.5722

Epoch 3
-------------------------------
loss: 3.089720  [   64/  677]
loss: 2.769252  [  256/  677]
loss: 2.812820  [  448/  677]
loss: 2.777368  [  640/  677]
Average Training Loss: 1.040833
Val Loss: 2.5687 | C-index: 0.6155

Epoch 4
-------------------------------
loss: 2.548155  [   64/  677]
loss: 2.686805  [  256/  677]
loss: 2.767715  [  448/  677]
loss: 2.211421  [  640/  677]
Average Training Loss: 0.928554
Val Loss: 2.4808 | C-index: 0.6834

Epoch 5
-------------------------------
loss: 1.715276  [   64/  677]
loss: 2.364655  [  256/  677]
loss: 2.148504  [  448/  677]
loss: 1.585683  [  640/  677]
Average Training Loss: 0.710374
Val Loss: 2.5898 | C-index: 0.6669

Epoch 6
-------------------------------
loss: 1.614836  [   64/  677]
loss: 1.946747  [  256/  677]
loss: 1.822374  [  448/  677]
loss: 1.791794  [  640/  677]
Average Training Loss: 0.652341
Val Loss: 2.9971 | C-index: 0.6458

Epoch 7
-------------------------------
loss: 0.694880  [   64/  677]
loss: 1.330432  [  256/  677]
loss: 1.892630  [  448/  677]
loss: 1.877474  [  640/  677]
Average Training Loss: 0.526856
Val Loss: 2.7525 | C-index: 0.6321

Epoch 8
-------------------------------
loss: 2.187110  [   64/  677]
loss: 1.342041  [  256/  677]
loss: 1.145575  [  448/  677]
loss: 1.746976  [  640/  677]
Average Training Loss: 0.583791
Val Loss: 3.1235 | C-index: 0.5824

Epoch 9
-------------------------------
loss: 1.668554  [   64/  677]
loss: 1.987245  [  256/  677]
loss: 2.084184  [  448/  677]
loss: 1.384190  [  640/  677]
Average Training Loss: 0.647652
Val Loss: 2.8875 | C-index: 0.6138

Stopping early at Epoch 9 since no C-Index improvement after 5 epochs.
Done!
Best C-Index = 0.6833998859098688 at Epoch 4

=========================================
FOLD 3/5
=========================================

Epoch 1
-------------------------------
loss: 2.942221  [   64/  678]
loss: 3.070382  [  256/  678]
loss: 2.860074  [  448/  678]
loss: 2.804198  [  640/  678]
Average Training Loss: 1.061534
Val Loss: 3.0468 | C-index: 0.5477

Epoch 2
-------------------------------
loss: 2.819917  [   64/  678]
loss: 2.609559  [  256/  678]
loss: 2.849424  [  448/  678]
loss: 2.646106  [  640/  678]
Average Training Loss: 0.993182
Val Loss: 3.0634 | C-index: 0.5398

Epoch 3
-------------------------------
loss: 2.477363  [   64/  678]
loss: 3.001577  [  256/  678]
loss: 2.981847  [  448/  678]
loss: 2.767463  [  640/  678]
Average Training Loss: 1.020750
Val Loss: 3.0488 | C-index: 0.5839

Epoch 4
-------------------------------
loss: 2.718402  [   64/  678]
loss: 2.454669  [  256/  678]
loss: 2.443032  [  448/  678]
loss: 3.160271  [  640/  678]
Average Training Loss: 0.979670
Val Loss: 3.0631 | C-index: 0.6184

Epoch 5
-------------------------------
loss: 2.194217  [   64/  678]
loss: 2.014066  [  256/  678]
loss: 2.334819  [  448/  678]
loss: 2.003674  [  640/  678]
Average Training Loss: 0.776980
Val Loss: 3.3200 | C-index: 0.5283

Epoch 6
-------------------------------
loss: 2.059377  [   64/  678]
loss: 1.902402  [  256/  678]
loss: 2.195046  [  448/  678]
loss: 1.109495  [  640/  678]
Average Training Loss: 0.660575
Val Loss: 3.2516 | C-index: 0.5660

Epoch 7
-------------------------------
loss: 1.605745  [   64/  678]
loss: 1.493507  [  256/  678]
loss: 1.134613  [  448/  678]
loss: 1.851972  [  640/  678]
Average Training Loss: 0.553258
Val Loss: 3.4171 | C-index: 0.6017

Epoch 8
-------------------------------
loss: 1.423943  [   64/  678]
loss: 1.805261  [  256/  678]
loss: 1.427805  [  448/  678]
loss: 1.492970  [  640/  678]
Average Training Loss: 0.559089
Val Loss: 3.8593 | C-index: 0.5545

Epoch 9
-------------------------------
loss: 1.559853  [   64/  678]
loss: 1.726859  [  256/  678]
loss: 1.323750  [  448/  678]
loss: 0.978976  [  640/  678]
Average Training Loss: 0.508131
Val Loss: 3.6074 | C-index: 0.5991

Stopping early at Epoch 9 since no C-Index improvement after 5 epochs.
Done!
Best C-Index = 0.6184486373165619 at Epoch 4

=========================================
FOLD 4/5
=========================================

Epoch 1
-------------------------------
loss: 3.266906  [   64/  678]
loss: 3.174892  [  256/  678]
loss: 3.027266  [  448/  678]
loss: 3.477570  [  640/  678]
Average Training Loss: 1.176967
Val Loss: 2.2608 | C-index: 0.7400

Epoch 2
-------------------------------
loss: 2.927588  [   64/  678]
loss: 3.151806  [  256/  678]
loss: 2.721865  [  448/  678]
loss: 3.255248  [  640/  678]
Average Training Loss: 1.096046
Val Loss: 2.2559 | C-index: 0.6775

Epoch 3
-------------------------------
loss: 3.049950  [   64/  678]
loss: 3.076084  [  256/  678]
loss: 2.597483  [  448/  678]
loss: 2.674355  [  640/  678]
Average Training Loss: 1.036170
Val Loss: 2.1853 | C-index: 0.7274

Epoch 4
-------------------------------
loss: 2.921716  [   64/  678]
loss: 2.455005  [  256/  678]
loss: 2.941349  [  448/  678]
loss: 2.556327  [  640/  678]
Average Training Loss: 0.988582
Val Loss: 2.1899 | C-index: 0.6513

Epoch 5
-------------------------------
loss: 2.616852  [   64/  678]
loss: 2.475402  [  256/  678]
loss: 2.839040  [  448/  678]
loss: 2.444163  [  640/  678]
Average Training Loss: 0.943223
Val Loss: 2.1291 | C-index: 0.7219

Epoch 6
-------------------------------
loss: 1.959403  [   64/  678]
loss: 1.772680  [  256/  678]
loss: 2.439947  [  448/  678]
loss: 1.950969  [  640/  678]
Average Training Loss: 0.738454
Val Loss: 2.2602 | C-index: 0.6830

Stopping early at Epoch 6 since no C-Index improvement after 5 epochs.
Done!
Best C-Index = 0.740036231884058 at Epoch 1

=========================================
FOLD 5/5
=========================================

Epoch 1
-------------------------------
loss: 2.895647  [   64/  678]
loss: 3.089255  [  256/  678]
loss: 2.469507  [  448/  678]
loss: 3.828519  [  640/  678]
Average Training Loss: 1.116630
Val Loss: 2.8805 | C-index: 0.5293

Epoch 2
-------------------------------
loss: 2.376425  [   64/  678]
loss: 2.645660  [  256/  678]
loss: 3.179868  [  448/  678]
loss: 3.001262  [  640/  678]
Average Training Loss: 1.018474
Val Loss: 2.8887 | C-index: 0.5711

Epoch 3
-------------------------------
loss: 2.856654  [   64/  678]
loss: 2.649552  [  256/  678]
loss: 2.910296  [  448/  678]
loss: 2.667965  [  640/  678]
Average Training Loss: 1.007679
Val Loss: 2.8281 | C-index: 0.6428

Epoch 4
-------------------------------
loss: 2.325439  [   64/  678]
loss: 2.353945  [  256/  678]
loss: 2.582510  [  448/  678]
loss: 1.820162  [  640/  678]
Average Training Loss: 0.825641
Val Loss: 2.9909 | C-index: 0.6529

Epoch 5
-------------------------------
loss: 1.835832  [   64/  678]
loss: 1.928859  [  256/  678]
loss: 2.118060  [  448/  678]
loss: 2.420961  [  640/  678]
Average Training Loss: 0.754883
Val Loss: 2.9254 | C-index: 0.6565

Epoch 6
-------------------------------
loss: 1.604254  [   64/  678]
loss: 1.442246  [  256/  678]
loss: 1.938929  [  448/  678]
loss: 1.481924  [  640/  678]
Average Training Loss: 0.587941
Val Loss: 3.3127 | C-index: 0.6344

Epoch 7
-------------------------------
loss: 1.766689  [   64/  678]
loss: 1.764497  [  256/  678]
loss: 1.237571  [  448/  678]
loss: 1.193809  [  640/  678]
Average Training Loss: 0.542052
Val Loss: 3.0199 | C-index: 0.5783

Epoch 8
-------------------------------
loss: 1.339723  [   64/  678]
loss: 1.308954  [  256/  678]
loss: 1.345003  [  448/  678]
loss: 1.711022  [  640/  678]
Average Training Loss: 0.518609
Val Loss: 2.9843 | C-index: 0.6123

Epoch 9
-------------------------------
loss: 1.162541  [   64/  678]
loss: 1.581510  [  256/  678]
loss: 1.306677  [  448/  678]
loss: 1.550851  [  640/  678]
Average Training Loss: 0.509234
Val Loss: 3.6109 | C-index: 0.5974

Epoch 10
-------------------------------
loss: 1.295543  [   64/  678]
loss: 1.614871  [  256/  678]
loss: 0.788166  [  448/  678]
loss: 1.357661  [  640/  678]
Average Training Loss: 0.459658
Val Loss: 3.0434 | C-index: 0.6481

Stopping early at Epoch 10 since no C-Index improvement after 5 epochs.
Done!
Best C-Index = 0.6565113500597372 at Epoch 5

=========================================
CV training complete! Mean ± std C-index: 0.6929 ± 0.0540
Best epochs per fold: [4, 4, 4, 1, 5]

=========================================
Retraining model on full train+val for 4 epochs...
Epoch 1
-------------------------------
loss: 2.887499  [   64/  847]
loss: 3.001790  [  320/  847]
loss: 3.007144  [  576/  847]
loss: 2.836288  [  832/  847]
Average Training Loss: 0.838052
Val Loss: 2.8489 | C-index: 0.6829

Epoch 2
-------------------------------
loss: 3.185140  [   64/  847]
loss: 3.464073  [  320/  847]
loss: 2.650538  [  576/  847]
loss: 2.317846  [  832/  847]
Average Training Loss: 0.829828
Val Loss: 2.8179 | C-index: 0.7816

Epoch 3
-------------------------------
loss: 2.702284  [   64/  847]
loss: 2.828050  [  320/  847]
loss: 2.996750  [  576/  847]
loss: 2.934134  [  832/  847]
Average Training Loss: 0.818658
Val Loss: 2.5093 | C-index: 0.8570

Epoch 4
-------------------------------
loss: 2.901100  [   64/  847]
loss: 2.288964  [  320/  847]
loss: 2.720713  [  576/  847]
loss: 2.583108  [  832/  847]
Average Training Loss: 0.749563
Val Loss: 2.0519 | C-index: 0.9134

Done!
Best C-Index = 0.9134411889197197 at Epoch 4
FINAL TEST Average Loss: 2.3974
FINAL TEST C-index: 0.6556
Bootstrap 95% CI: [0.5409, 0.7612]
Top 10 activated pathways:
{'R-HSA-389957': 0.035299379378557205, 'R-HSA-168274': 0.03391124680638313, 'R-HSA-167290': 0.031141726300120354, 'R-HSA-9735869': 0.030520638450980186, 'R-HSA-1362277': 0.02963355742394924, 'R-HSA-9013407': 0.02926015853881836, 'R-HSA-76071': 0.028185412287712097, 'R-HSA-8978934': 0.0273677259683609, 'R-HSA-9615933': 0.026646506041288376, 'R-HSA-9840310': 0.02627892792224884}
Results saved to /Users/evan/Documents/GitHub/HyBINN/experiments/runs/full_hybinn/seed_3/results.json
