train_hybinn.py log started 2026-06-17 01:02:56.466524
=========================================
Model Active Branches: ['gene']
=========================================

=========================================
FOLD 1/5
=========================================

Epoch 1
-------------------------------
loss: 3.576297  [   64/  677]
loss: 3.638891  [  256/  677]
loss: 2.580167  [  448/  677]
loss: 3.295926  [  640/  677]
Average Training Loss: 1.190116
Val Loss: 2.6013 | C-index: 0.4665

Epoch 2
-------------------------------
loss: 2.976656  [   64/  677]
loss: 2.868607  [  256/  677]
loss: 2.868110  [  448/  677]
loss: 2.986587  [  640/  677]
Average Training Loss: 1.063633
Val Loss: 2.6682 | C-index: 0.5027

Epoch 3
-------------------------------
loss: 2.675945  [   64/  677]
loss: 2.953397  [  256/  677]
loss: 2.750790  [  448/  677]
loss: 2.467633  [  640/  677]
Average Training Loss: 0.986160
Val Loss: 2.7727 | C-index: 0.4380

Epoch 4
-------------------------------
loss: 2.445811  [   64/  677]
loss: 1.911852  [  256/  677]
loss: 1.896566  [  448/  677]
loss: 2.330772  [  640/  677]
Average Training Loss: 0.780455
Val Loss: 2.8310 | C-index: 0.5096

Epoch 5
-------------------------------
loss: 1.874741  [   64/  677]
loss: 2.312811  [  256/  677]
loss: 1.632119  [  448/  677]
loss: 2.066762  [  640/  677]
Average Training Loss: 0.716949
Val Loss: 3.2872 | C-index: 0.4018

Epoch 6
-------------------------------
loss: 2.087936  [   64/  677]
loss: 2.203811  [  256/  677]
loss: 0.930702  [  448/  677]
loss: 2.028487  [  640/  677]
Average Training Loss: 0.659176
Val Loss: 3.5934 | C-index: 0.4311

Epoch 7
-------------------------------
loss: 1.122727  [   64/  677]
loss: 1.869665  [  256/  677]
loss: 2.160640  [  448/  677]
loss: 1.782356  [  640/  677]
Average Training Loss: 0.630490
Val Loss: 3.5625 | C-index: 0.4265

Epoch 8
-------------------------------
loss: 1.326321  [   64/  677]
loss: 1.775348  [  256/  677]
loss: 0.252550  [  448/  677]
loss: 1.312001  [  640/  677]
Average Training Loss: 0.424202
Val Loss: 3.4518 | C-index: 0.4727

Epoch 9
-------------------------------
loss: 1.508683  [   64/  677]
loss: 0.224343  [  256/  677]
loss: 0.995107  [  448/  677]
loss: 2.085137  [  640/  677]
Average Training Loss: 0.437570
Val Loss: 3.9436 | C-index: 0.4103

Stopping early at Epoch 9 since no C-Index improvement after 5 epochs.
Done!
Best C-Index = 0.5096227867590454 at Epoch 4

=========================================
FOLD 2/5
=========================================

Epoch 1
-------------------------------
loss: 2.699735  [   64/  677]
loss: 2.599910  [  256/  677]
loss: 2.765166  [  448/  677]
loss: 3.633184  [  640/  677]
Average Training Loss: 1.063454
Val Loss: 2.8699 | C-index: 0.5430

Epoch 2
-------------------------------
loss: 3.187284  [   64/  677]
loss: 2.897945  [  256/  677]
loss: 2.947074  [  448/  677]
loss: 2.643533  [  640/  677]
Average Training Loss: 1.061440
Val Loss: 2.8262 | C-index: 0.6249

Epoch 3
-------------------------------
loss: 3.090206  [   64/  677]
loss: 2.821293  [  256/  677]
loss: 2.475619  [  448/  677]
loss: 2.385149  [  640/  677]
Average Training Loss: 0.979297
Val Loss: 2.8298 | C-index: 0.6547

Epoch 4
-------------------------------
loss: 2.590052  [   64/  677]
loss: 2.497703  [  256/  677]
loss: 2.325807  [  448/  677]
loss: 1.949318  [  640/  677]
Average Training Loss: 0.851171
Val Loss: 2.9394 | C-index: 0.6614

Epoch 5
-------------------------------
loss: 2.202914  [   64/  677]
loss: 2.168296  [  256/  677]
loss: 1.555617  [  448/  677]
loss: 1.974040  [  640/  677]
Average Training Loss: 0.718261
Val Loss: 2.8917 | C-index: 0.6547

Epoch 6
-------------------------------
loss: 2.276889  [   64/  677]
loss: 1.216840  [  256/  677]
loss: 1.589269  [  448/  677]
loss: 1.898767  [  640/  677]
Average Training Loss: 0.634706
Val Loss: 3.1406 | C-index: 0.6929

Epoch 7
-------------------------------
loss: 1.278354  [   64/  677]
loss: 2.143452  [  256/  677]
loss: 1.896437  [  448/  677]
loss: 1.985302  [  640/  677]
Average Training Loss: 0.663959
Val Loss: 3.1192 | C-index: 0.6856

Epoch 8
-------------------------------
loss: 1.502584  [   64/  677]
loss: 1.321835  [  256/  677]
loss: 1.095768  [  448/  677]
loss: 2.014084  [  640/  677]
Average Training Loss: 0.539479
Val Loss: 3.1761 | C-index: 0.5969

Epoch 9
-------------------------------
loss: 1.625393  [   64/  677]
loss: 1.534045  [  256/  677]
loss: 1.286532  [  448/  677]
loss: 1.474159  [  640/  677]
Average Training Loss: 0.538194
Val Loss: 3.5618 | C-index: 0.6766

Epoch 10
-------------------------------
loss: 1.520343  [   64/  677]
loss: 1.780300  [  256/  677]
loss: 0.897258  [  448/  677]
loss: 1.129437  [  640/  677]
Average Training Loss: 0.484303
Val Loss: 3.2409 | C-index: 0.5997

Epoch 11
-------------------------------
loss: 0.690896  [   64/  677]
loss: 1.416394  [  256/  677]
loss: 2.495583  [  448/  677]
loss: 2.714623  [  640/  677]
Average Training Loss: 0.665227
Val Loss: 3.2609 | C-index: 0.7052

Epoch 12
-------------------------------
loss: 1.054219  [   64/  677]
loss: 1.486709  [  256/  677]
loss: 1.585694  [  448/  677]
loss: 1.723230  [  640/  677]
Average Training Loss: 0.531805
Val Loss: 3.3321 | C-index: 0.6305

Epoch 13
-------------------------------
loss: 1.686876  [   64/  677]
loss: 1.641542  [  256/  677]
loss: 0.936543  [  448/  677]
loss: 0.529305  [  640/  677]
Average Training Loss: 0.435842
Val Loss: 2.9680 | C-index: 0.7181

Epoch 14
-------------------------------
loss: 1.186741  [   64/  677]
loss: 0.946459  [  256/  677]
loss: 1.502050  [  448/  677]
loss: 1.405880  [  640/  677]
Average Training Loss: 0.458285
Val Loss: 3.1890 | C-index: 0.6569

Epoch 15
-------------------------------
loss: 1.001934  [   64/  677]
loss: 1.618961  [  256/  677]
loss: 1.309099  [  448/  677]
loss: 1.083806  [  640/  677]
Average Training Loss: 0.455800
Val Loss: 3.2192 | C-index: 0.6423

Epoch 16
-------------------------------
loss: 1.657871  [   64/  677]
loss: 1.466420  [  256/  677]
loss: 0.717165  [  448/  677]
loss: 1.187160  [  640/  677]
Average Training Loss: 0.457147
Val Loss: 3.3552 | C-index: 0.7260

Epoch 17
-------------------------------
loss: 1.183164  [   64/  677]
loss: 1.048337  [  256/  677]
loss: 0.962175  [  448/  677]
loss: 1.297785  [  640/  677]
Average Training Loss: 0.408315
Val Loss: 3.6524 | C-index: 0.6811

Epoch 18
-------------------------------
loss: 1.062621  [   64/  677]
loss: 1.059464  [  256/  677]
loss: 1.946318  [  448/  677]
loss: 1.432518  [  640/  677]
Average Training Loss: 0.500084
Val Loss: 3.7570 | C-index: 0.7052

Epoch 19
-------------------------------
loss: 0.996496  [   64/  677]
loss: 0.495716  [  256/  677]
loss: 1.945903  [  448/  677]
loss: 1.241581  [  640/  677]
Average Training Loss: 0.425427
Val Loss: 3.2215 | C-index: 0.7086

Epoch 20
-------------------------------
loss: 1.284767  [   64/  677]
loss: 1.110170  [  256/  677]
loss: 0.731806  [  448/  677]
loss: 0.624443  [  640/  677]
Average Training Loss: 0.341017
Val Loss: 3.5495 | C-index: 0.7260

Epoch 21
-------------------------------
loss: 0.930669  [   64/  677]
loss: 0.780605  [  256/  677]
loss: 1.359193  [  448/  677]
loss: 1.210473  [  640/  677]
Average Training Loss: 0.389176
Val Loss: 3.2380 | C-index: 0.6996

Stopping early at Epoch 21 since no C-Index improvement after 5 epochs.
Done!
Best C-Index = 0.7259966311061201 at Epoch 16

=========================================
FOLD 3/5
=========================================

Epoch 1
-------------------------------
loss: 2.879510  [   64/  678]
loss: 3.122022  [  256/  678]
loss: 3.106661  [  448/  678]
loss: 2.484513  [  640/  678]
Average Training Loss: 1.053882
Val Loss: 2.8723 | C-index: 0.4088

Epoch 2
-------------------------------
loss: 3.138125  [   64/  678]
loss: 2.568525  [  256/  678]
loss: 3.162217  [  448/  678]
loss: 3.151560  [  640/  678]
Average Training Loss: 1.092766
Val Loss: 2.7779 | C-index: 0.5444

Epoch 3
-------------------------------
loss: 3.239301  [   64/  678]
loss: 2.991460  [  256/  678]
loss: 2.015168  [  448/  678]
loss: 2.358991  [  640/  678]
Average Training Loss: 0.964084
Val Loss: 2.8249 | C-index: 0.5341

Epoch 4
-------------------------------
loss: 2.160645  [   64/  678]
loss: 2.059136  [  256/  678]
loss: 2.557229  [  448/  678]
loss: 2.380923  [  640/  678]
Average Training Loss: 0.832539
Val Loss: 2.8437 | C-index: 0.6201

Epoch 5
-------------------------------
loss: 1.979845  [   64/  678]
loss: 1.937076  [  256/  678]
loss: 1.817559  [  448/  678]
loss: 1.968043  [  640/  678]
Average Training Loss: 0.700229
Val Loss: 2.8513 | C-index: 0.7151

Epoch 6
-------------------------------
loss: 1.768795  [   64/  678]
loss: 1.814121  [  256/  678]
loss: 2.404147  [  448/  678]
loss: 2.392397  [  640/  678]
Average Training Loss: 0.761769
Val Loss: 3.1901 | C-index: 0.6607

Epoch 7
-------------------------------
loss: 1.778262  [   64/  678]
loss: 1.103210  [  256/  678]
loss: 1.802714  [  448/  678]
loss: 1.460273  [  640/  678]
Average Training Loss: 0.558587
Val Loss: 3.6386 | C-index: 0.4948

Epoch 8
-------------------------------
loss: 1.599246  [   64/  678]
loss: 1.277034  [  256/  678]
loss: 1.153244  [  448/  678]
loss: 1.797070  [  640/  678]
Average Training Loss: 0.529690
Val Loss: 3.1582 | C-index: 0.6910

Epoch 9
-------------------------------
loss: 1.466824  [   64/  678]
loss: 1.487252  [  256/  678]
loss: 1.424989  [  448/  678]
loss: 1.070922  [  640/  678]
Average Training Loss: 0.495453
Val Loss: 3.4508 | C-index: 0.5871

Epoch 10
-------------------------------
loss: 1.156556  [   64/  678]
loss: 1.653429  [  256/  678]
loss: 1.655669  [  448/  678]
loss: 1.627614  [  640/  678]
Average Training Loss: 0.553933
Val Loss: 3.1564 | C-index: 0.7164

Epoch 11
-------------------------------
loss: 1.841809  [   64/  678]
loss: 1.402096  [  256/  678]
loss: 1.258461  [  448/  678]
loss: 0.977900  [  640/  678]
Average Training Loss: 0.498206
Val Loss: 3.1602 | C-index: 0.6242

Epoch 12
-------------------------------
loss: 0.833428  [   64/  678]
loss: 1.978775  [  256/  678]
loss: 2.468320  [  448/  678]
loss: 1.832260  [  640/  678]
Average Training Loss: 0.646617
Val Loss: 3.0104 | C-index: 0.6937

Epoch 13
-------------------------------
loss: 1.210334  [   64/  678]
loss: 1.085495  [  256/  678]
loss: 0.508011  [  448/  678]
loss: 0.402655  [  640/  678]
Average Training Loss: 0.291500
Val Loss: 3.8705 | C-index: 0.5926

Epoch 14
-------------------------------
loss: 0.936440  [   64/  678]
loss: 1.267882  [  256/  678]
loss: 0.264296  [  448/  678]
loss: 1.522795  [  640/  678]
Average Training Loss: 0.362856
Val Loss: 3.4555 | C-index: 0.6483

Epoch 15
-------------------------------
loss: 0.670218  [   64/  678]
loss: 1.253740  [  256/  678]
loss: 1.265906  [  448/  678]
loss: 1.017203  [  640/  678]
Average Training Loss: 0.382461
Val Loss: 3.8214 | C-index: 0.6284

Stopping early at Epoch 15 since no C-Index improvement after 5 epochs.
Done!
Best C-Index = 0.7164487267721955 at Epoch 10

=========================================
FOLD 4/5
=========================================

Epoch 1
-------------------------------
loss: 2.850592  [   64/  678]
loss: 3.285498  [  256/  678]
loss: 2.848929  [  448/  678]
loss: 2.386957  [  640/  678]
Average Training Loss: 1.033816
Val Loss: 2.9008 | C-index: 0.4580

Epoch 2
-------------------------------
loss: 3.419472  [   64/  678]
loss: 3.200887  [  256/  678]
loss: 2.469648  [  448/  678]
loss: 2.527863  [  640/  678]
Average Training Loss: 1.056170
Val Loss: 2.9035 | C-index: 0.4800

Epoch 3
-------------------------------
loss: 2.539547  [   64/  678]
loss: 2.424706  [  256/  678]
loss: 2.726954  [  448/  678]
loss: 2.617459  [  640/  678]
Average Training Loss: 0.937151
Val Loss: 3.0465 | C-index: 0.4609

Epoch 4
-------------------------------
loss: 2.480846  [   64/  678]
loss: 1.847211  [  256/  678]
loss: 2.125011  [  448/  678]
loss: 2.329487  [  640/  678]
Average Training Loss: 0.798414
Val Loss: 2.9258 | C-index: 0.5838

Epoch 5
-------------------------------
loss: 1.147730  [   64/  678]
loss: 2.278750  [  256/  678]
loss: 2.181537  [  448/  678]
loss: 1.550309  [  640/  678]
Average Training Loss: 0.650757
Val Loss: 3.1480 | C-index: 0.5049

Epoch 6
-------------------------------
loss: 1.457902  [   64/  678]
loss: 1.344775  [  256/  678]
loss: 1.967323  [  448/  678]
loss: 2.305501  [  640/  678]
Average Training Loss: 0.643227
Val Loss: 3.6147 | C-index: 0.5270

Epoch 7
-------------------------------
loss: 2.257457  [   64/  678]
loss: 1.456481  [  256/  678]
loss: 1.270585  [  448/  678]
loss: 1.393849  [  640/  678]
Average Training Loss: 0.579852
Val Loss: 3.3627 | C-index: 0.6359

Epoch 8
-------------------------------
loss: 1.323251  [   64/  678]
loss: 1.595973  [  256/  678]
loss: 0.848853  [  448/  678]
loss: 1.639024  [  640/  678]
Average Training Loss: 0.491555
Val Loss: 3.4383 | C-index: 0.5322

Epoch 9
-------------------------------
loss: 1.496802  [   64/  678]
loss: 1.580705  [  256/  678]
loss: 1.039611  [  448/  678]
loss: 1.134805  [  640/  678]
Average Training Loss: 0.477448
Val Loss: 3.6403 | C-index: 0.5113

Epoch 10
-------------------------------
loss: 1.570098  [   64/  678]
loss: 1.559678  [  256/  678]
loss: 1.330728  [  448/  678]
loss: 0.788774  [  640/  678]
Average Training Loss: 0.477207
Val Loss: 3.6710 | C-index: 0.5090

Epoch 11
-------------------------------
loss: 1.261508  [   64/  678]
loss: 1.126788  [  256/  678]
loss: 1.247398  [  448/  678]
loss: 1.502422  [  640/  678]
Average Training Loss: 0.467101
Val Loss: 3.5329 | C-index: 0.5762

Epoch 12
-------------------------------
loss: 1.232718  [   64/  678]
loss: 1.121683  [  256/  678]
loss: 1.196568  [  448/  678]
loss: 0.616314  [  640/  678]
Average Training Loss: 0.378844
Val Loss: 3.7300 | C-index: 0.5455

Stopping early at Epoch 12 since no C-Index improvement after 5 epochs.
Done!
Best C-Index = 0.6359420289855072 at Epoch 7

=========================================
FOLD 5/5
=========================================

Epoch 1
-------------------------------
loss: 3.136468  [   64/  678]
loss: 2.480362  [  256/  678]
loss: 2.958875  [  448/  678]
loss: 2.425116  [  640/  678]
Average Training Loss: 1.000075
Val Loss: 2.7943 | C-index: 0.6214

Epoch 2
-------------------------------
loss: 3.051480  [   64/  678]
loss: 2.296343  [  256/  678]
loss: 3.153774  [  448/  678]
loss: 3.044519  [  640/  678]
Average Training Loss: 1.049647
Val Loss: 2.8069 | C-index: 0.6517

Epoch 3
-------------------------------
loss: 3.079896  [   64/  678]
loss: 3.176968  [  256/  678]
loss: 2.926242  [  448/  678]
loss: 2.597488  [  640/  678]
Average Training Loss: 1.070963
Val Loss: 2.7450 | C-index: 0.6540

Epoch 4
-------------------------------
loss: 2.692147  [   64/  678]
loss: 2.425605  [  256/  678]
loss: 1.942218  [  448/  678]
loss: 2.100566  [  640/  678]
Average Training Loss: 0.832776
Val Loss: 3.0265 | C-index: 0.5934

Epoch 5
-------------------------------
loss: 1.234595  [   64/  678]
loss: 1.850397  [  256/  678]
loss: 1.721433  [  448/  678]
loss: 2.001784  [  640/  678]
Average Training Loss: 0.618928
Val Loss: 3.1561 | C-index: 0.5771

Epoch 6
-------------------------------
loss: 1.556301  [   64/  678]
loss: 2.086676  [  256/  678]
loss: 1.350176  [  448/  678]
loss: 1.276182  [  640/  678]
Average Training Loss: 0.569940
Val Loss: 3.5659 | C-index: 0.6063

Epoch 7
-------------------------------
loss: 1.547900  [   64/  678]
loss: 2.731840  [  256/  678]
loss: 1.452413  [  448/  678]
loss: 1.839957  [  640/  678]
Average Training Loss: 0.688374
Val Loss: 3.3231 | C-index: 0.6399

Epoch 8
-------------------------------
loss: 1.435729  [   64/  678]
loss: 1.305101  [  256/  678]
loss: 1.242352  [  448/  678]
loss: 1.766168  [  640/  678]
Average Training Loss: 0.522668
Val Loss: 3.1127 | C-index: 0.6652

Epoch 9
-------------------------------
loss: 1.141159  [   64/  678]
loss: 1.090974  [  256/  678]
loss: 0.925950  [  448/  678]
loss: 1.271910  [  640/  678]
Average Training Loss: 0.402727
Val Loss: 3.4316 | C-index: 0.5928

Epoch 10
-------------------------------
loss: 1.569204  [   64/  678]
loss: 0.901106  [  256/  678]
loss: 1.314849  [  448/  678]
loss: 1.220789  [  640/  678]
Average Training Loss: 0.455086
Val Loss: 3.5419 | C-index: 0.6136

Epoch 11
-------------------------------
loss: 1.607125  [   64/  678]
loss: 0.927277  [  256/  678]
loss: 1.135164  [  448/  678]
loss: 0.932627  [  640/  678]
Average Training Loss: 0.418381
Val Loss: 3.7894 | C-index: 0.5395

Epoch 12
-------------------------------
loss: 1.068020  [   64/  678]
loss: 1.049065  [  256/  678]
loss: 2.264023  [  448/  678]
loss: 0.791781  [  640/  678]
Average Training Loss: 0.470263
Val Loss: 3.3184 | C-index: 0.6461

Epoch 13
-------------------------------
loss: 0.927861  [   64/  678]
loss: 1.455068  [  256/  678]
loss: 0.988310  [  448/  678]
loss: 1.054377  [  640/  678]
Average Training Loss: 0.402329
Val Loss: 3.9960 | C-index: 0.5294

Stopping early at Epoch 13 since no C-Index improvement after 5 epochs.
Done!
Best C-Index = 0.6651710600112171 at Epoch 8

=========================================
CV training complete! Mean ± std C-index: 0.6506 ± 0.0779
Best epochs per fold: [4, 16, 10, 7, 8]

=========================================
Retraining model on full train+val for 9 epochs...
Epoch 1
-------------------------------
loss: 3.568783  [   64/  847]
loss: 2.868807  [  320/  847]
loss: 2.736493  [  576/  847]
loss: 3.359911  [  832/  847]
Average Training Loss: 0.895285
Val Loss: 2.7349 | C-index: 0.6582

Epoch 2
-------------------------------
loss: 3.242868  [   64/  847]
loss: 2.820515  [  320/  847]
loss: 3.062785  [  576/  847]
loss: 2.673491  [  832/  847]
Average Training Loss: 0.842833
Val Loss: 2.6601 | C-index: 0.7296

Epoch 3
-------------------------------
loss: 2.445325  [   64/  847]
loss: 2.655265  [  320/  847]
loss: 2.569915  [  576/  847]
loss: 2.440153  [  832/  847]
Average Training Loss: 0.722190
Val Loss: 2.3586 | C-index: 0.8546

Epoch 4
-------------------------------
loss: 2.681082  [   64/  847]
loss: 2.454987  [  320/  847]
loss: 2.487246  [  576/  847]
loss: 2.226781  [  832/  847]
Average Training Loss: 0.703578
Val Loss: 1.9871 | C-index: 0.8936

Epoch 5
-------------------------------
loss: 2.211098  [   64/  847]
loss: 2.078974  [  320/  847]
loss: 2.023998  [  576/  847]
loss: 2.825691  [  832/  847]
Average Training Loss: 0.652840
Val Loss: 1.7967 | C-index: 0.8944

Epoch 6
-------------------------------
loss: 1.791456  [   64/  847]
loss: 1.896944  [  320/  847]
loss: 1.912753  [  576/  847]
loss: 2.176881  [  832/  847]
Average Training Loss: 0.555574
Val Loss: 1.5733 | C-index: 0.9045

Epoch 7
-------------------------------
loss: 1.740935  [   64/  847]
loss: 1.334897  [  320/  847]
loss: 2.422204  [  576/  847]
loss: 1.369023  [  832/  847]
Average Training Loss: 0.490504
Val Loss: 1.4448 | C-index: 0.9357

Epoch 8
-------------------------------
loss: 1.400564  [   64/  847]
loss: 1.582478  [  320/  847]
loss: 1.459482  [  576/  847]
loss: 1.458672  [  832/  847]
Average Training Loss: 0.421514
Val Loss: 1.2231 | C-index: 0.9504

Epoch 9
-------------------------------
loss: 1.051963  [   64/  847]
loss: 1.655707  [  320/  847]
loss: 2.336985  [  576/  847]
loss: 1.937953  [  832/  847]
Average Training Loss: 0.498758
Val Loss: 1.1187 | C-index: 0.9562

Done!
Best C-Index = 0.9562382014758881 at Epoch 9
FINAL TEST Average Loss: 2.8735
FINAL TEST C-index: 0.6623
Bootstrap 95% CI: [0.5452, 0.7710]
Results saved to /Users/evan/Documents/GitHub/HyBINN/experiments/runs/gene/seed_4/results.json
