train_hybinn.py log started 2026-06-05 22:28:37.551504
=========================================
Model Active Branches: ['binn', 'gene', 'clinical']
=========================================

=========================================
FOLD 1/5
=========================================

Epoch 1
-------------------------------
loss: 3.378148  [   64/  677]
loss: 2.839765  [  256/  677]
loss: 2.997844  [  448/  677]
loss: 2.831075  [  640/  677]
Average Training Loss: 1.095167
Val Loss: 2.5749 | C-index: 0.5134

Epoch 2
-------------------------------
loss: 3.035122  [   64/  677]
loss: 2.885919  [  256/  677]
loss: 3.003944  [  448/  677]
loss: 2.860492  [  640/  677]
Average Training Loss: 1.071407
Val Loss: 2.5693 | C-index: 0.5214

Epoch 3
-------------------------------
loss: 3.299204  [   64/  677]
loss: 2.988247  [  256/  677]
loss: 2.986178  [  448/  677]
loss: 2.061286  [  640/  677]
Average Training Loss: 1.030447
Val Loss: 2.5017 | C-index: 0.7116

Epoch 4
-------------------------------
loss: 2.544954  [   64/  677]
loss: 2.512299  [  256/  677]
loss: 2.818117  [  448/  677]
loss: 2.637223  [  640/  677]
Average Training Loss: 0.955690
Val Loss: 2.4308 | C-index: 0.7463

Epoch 5
-------------------------------
loss: 2.514435  [   64/  677]
loss: 2.608064  [  256/  677]
loss: 2.267240  [  448/  677]
loss: 2.128722  [  640/  677]
Average Training Loss: 0.865315
Val Loss: 2.5412 | C-index: 0.7116

Epoch 6
-------------------------------
loss: 2.192612  [   64/  677]
loss: 1.523100  [  256/  677]
loss: 2.273275  [  448/  677]
loss: 2.039430  [  640/  677]
Average Training Loss: 0.729856
Val Loss: 2.4536 | C-index: 0.7363

Epoch 7
-------------------------------
loss: 1.045694  [   64/  677]
loss: 1.536505  [  256/  677]
loss: 2.056525  [  448/  677]
loss: 2.142864  [  640/  677]
Average Training Loss: 0.616508
Val Loss: 2.5195 | C-index: 0.7503

Epoch 8
-------------------------------
loss: 1.443943  [   64/  677]
loss: 1.191363  [  256/  677]
loss: 1.651589  [  448/  677]
loss: 1.251293  [  640/  677]
Average Training Loss: 0.503472
Val Loss: 2.5751 | C-index: 0.7790

Epoch 9
-------------------------------
loss: 0.997035  [   64/  677]
loss: 1.147549  [  256/  677]
loss: 2.095276  [  448/  677]
loss: 1.634825  [  640/  677]
Average Training Loss: 0.534062
Val Loss: 2.6492 | C-index: 0.7283

Epoch 10
-------------------------------
loss: 1.594326  [   64/  677]
loss: 1.164479  [  256/  677]
loss: 1.330712  [  448/  677]
loss: 1.748236  [  640/  677]
Average Training Loss: 0.530705
Val Loss: 2.8289 | C-index: 0.7176

Epoch 11
-------------------------------
loss: 1.643115  [   64/  677]
loss: 0.955054  [  256/  677]
loss: 1.469695  [  448/  677]
loss: 1.547537  [  640/  677]
Average Training Loss: 0.510491
Val Loss: 2.7893 | C-index: 0.6809

Epoch 12
-------------------------------
loss: 1.103191  [   64/  677]
loss: 1.544040  [  256/  677]
loss: 1.370952  [  448/  677]
loss: 1.430587  [  640/  677]
Average Training Loss: 0.495343
Val Loss: 2.6186 | C-index: 0.7623

Epoch 13
-------------------------------
loss: 1.284161  [   64/  677]
loss: 1.437651  [  256/  677]
loss: 1.474142  [  448/  677]
loss: 0.631713  [  640/  677]
Average Training Loss: 0.438879
Val Loss: 2.7531 | C-index: 0.7363

Stopping early at Epoch 13 since no C-Index improvement after 5 epochs.
Done!
Best C-Index = 0.7790387182910548 at Epoch 8

=========================================
FOLD 2/5
=========================================

Epoch 1
-------------------------------
loss: 2.937881  [   64/  677]
loss: 3.308161  [  256/  677]
loss: 3.138946  [  448/  677]
loss: 3.253614  [  640/  677]
Average Training Loss: 1.148964
Val Loss: 2.8044 | C-index: 0.3955

Epoch 2
-------------------------------
loss: 2.840874  [   64/  677]
loss: 3.289540  [  256/  677]
loss: 2.978549  [  448/  677]
loss: 2.503356  [  640/  677]
Average Training Loss: 1.055665
Val Loss: 2.8197 | C-index: 0.4481

Epoch 3
-------------------------------
loss: 2.836741  [   64/  677]
loss: 3.128864  [  256/  677]
loss: 3.244349  [  448/  677]
loss: 2.396705  [  640/  677]
Average Training Loss: 1.055151
Val Loss: 2.7751 | C-index: 0.4947

Epoch 4
-------------------------------
loss: 2.045142  [   64/  677]
loss: 2.569132  [  256/  677]
loss: 2.433374  [  448/  677]
loss: 1.836113  [  640/  677]
Average Training Loss: 0.807615
Val Loss: 2.9906 | C-index: 0.5142

Epoch 5
-------------------------------
loss: 2.274680  [   64/  677]
loss: 1.709827  [  256/  677]
loss: 1.792593  [  448/  677]
loss: 2.438624  [  640/  677]
Average Training Loss: 0.746884
Val Loss: 3.1278 | C-index: 0.4734

Epoch 6
-------------------------------
loss: 2.026801  [   64/  677]
loss: 1.846042  [  256/  677]
loss: 2.039812  [  448/  677]
loss: 1.419734  [  640/  677]
Average Training Loss: 0.666581
Val Loss: 3.1720 | C-index: 0.4829

Epoch 7
-------------------------------
loss: 1.546933  [   64/  677]
loss: 1.546042  [  256/  677]
loss: 1.448642  [  448/  677]
loss: 1.395257  [  640/  677]
Average Training Loss: 0.539716
Val Loss: 3.0713 | C-index: 0.5915

Epoch 8
-------------------------------
loss: 1.257333  [   64/  677]
loss: 1.156934  [  256/  677]
loss: 1.588925  [  448/  677]
loss: 1.165981  [  640/  677]
Average Training Loss: 0.469925
Val Loss: 3.2393 | C-index: 0.4976

Epoch 9
-------------------------------
loss: 1.076059  [   64/  677]
loss: 1.147860  [  256/  677]
loss: 1.389621  [  448/  677]
loss: 1.336966  [  640/  677]
Average Training Loss: 0.450046
Val Loss: 3.6526 | C-index: 0.5390

Epoch 10
-------------------------------
loss: 1.497777  [   64/  677]
loss: 1.334107  [  256/  677]
loss: 1.478338  [  448/  677]
loss: 0.986286  [  640/  677]
Average Training Loss: 0.481501
Val Loss: 3.5288 | C-index: 0.5041

Epoch 11
-------------------------------
loss: 0.816593  [   64/  677]
loss: 2.024123  [  256/  677]
loss: 1.346684  [  448/  677]
loss: 0.925891  [  640/  677]
Average Training Loss: 0.464845
Val Loss: 3.2409 | C-index: 0.5803

Epoch 12
-------------------------------
loss: 1.266405  [   64/  677]
loss: 1.634538  [  256/  677]
loss: 2.453592  [  448/  677]
loss: 0.833770  [  640/  677]
Average Training Loss: 0.562573
Val Loss: 3.5012 | C-index: 0.5691

Stopping early at Epoch 12 since no C-Index improvement after 5 epochs.
Done!
Best C-Index = 0.5914994096812278 at Epoch 7

=========================================
FOLD 3/5
=========================================

Epoch 1
-------------------------------
loss: 2.794421  [   64/  678]
loss: 3.113670  [  256/  678]
loss: 2.482000  [  448/  678]
loss: 3.605682  [  640/  678]
Average Training Loss: 1.090525
Val Loss: 2.9054 | C-index: 0.4494

Epoch 2
-------------------------------
loss: 2.720808  [   64/  678]
loss: 2.764850  [  256/  678]
loss: 2.935450  [  448/  678]
loss: 2.241827  [  640/  678]
Average Training Loss: 0.969358
Val Loss: 2.8719 | C-index: 0.5162

Epoch 3
-------------------------------
loss: 2.819502  [   64/  678]
loss: 2.744823  [  256/  678]
loss: 2.213372  [  448/  678]
loss: 3.053706  [  640/  678]
Average Training Loss: 0.984673
Val Loss: 2.8371 | C-index: 0.5673

Epoch 4
-------------------------------
loss: 2.634519  [   64/  678]
loss: 2.806655  [  256/  678]
loss: 2.348446  [  448/  678]
loss: 2.370857  [  640/  678]
Average Training Loss: 0.923680
Val Loss: 2.6882 | C-index: 0.6298

Epoch 5
-------------------------------
loss: 2.016702  [   64/  678]
loss: 2.354979  [  256/  678]
loss: 1.797038  [  448/  678]
loss: 2.371753  [  640/  678]
Average Training Loss: 0.776407
Val Loss: 2.8155 | C-index: 0.6298

Epoch 6
-------------------------------
loss: 2.133333  [   64/  678]
loss: 1.364460  [  256/  678]
loss: 1.946789  [  448/  678]
loss: 1.891050  [  640/  678]
Average Training Loss: 0.666876
Val Loss: 2.7071 | C-index: 0.6649

Epoch 7
-------------------------------
loss: 1.585734  [   64/  678]
loss: 1.478554  [  256/  678]
loss: 1.575638  [  448/  678]
loss: 2.902420  [  640/  678]
Average Training Loss: 0.685668
Val Loss: 3.1931 | C-index: 0.5857

Epoch 8
-------------------------------
loss: 0.790002  [   64/  678]
loss: 1.382638  [  256/  678]
loss: 1.423335  [  448/  678]
loss: 1.524911  [  640/  678]
Average Training Loss: 0.465535
Val Loss: 2.6937 | C-index: 0.6730

Epoch 9
-------------------------------
loss: 1.272603  [   64/  678]
loss: 1.563216  [  256/  678]
loss: 0.961102  [  448/  678]
loss: 1.501169  [  640/  678]
Average Training Loss: 0.481645
Val Loss: 3.3126 | C-index: 0.5943

Epoch 10
-------------------------------
loss: 1.780671  [   64/  678]
loss: 1.090126  [  256/  678]
loss: 1.127100  [  448/  678]
loss: 1.683604  [  640/  678]
Average Training Loss: 0.516500
Val Loss: 2.9277 | C-index: 0.6923

Epoch 11
-------------------------------
loss: 0.793442  [   64/  678]
loss: 1.440695  [  256/  678]
loss: 0.873611  [  448/  678]
loss: 1.347202  [  640/  678]
Average Training Loss: 0.404995
Val Loss: 3.1172 | C-index: 0.6471

Epoch 12
-------------------------------
loss: 1.625006  [   64/  678]
loss: 2.086749  [  256/  678]
loss: 1.231944  [  448/  678]
loss: 1.141005  [  640/  678]
Average Training Loss: 0.553155
Val Loss: 3.1862 | C-index: 0.5884

Epoch 13
-------------------------------
loss: 0.939252  [   64/  678]
loss: 1.343530  [  256/  678]
loss: 2.091291  [  448/  678]
loss: 0.919089  [  640/  678]
Average Training Loss: 0.481196
Val Loss: 2.9606 | C-index: 0.6261

Epoch 14
-------------------------------
loss: 1.298308  [   64/  678]
loss: 1.247624  [  256/  678]
loss: 1.382070  [  448/  678]
loss: 0.982074  [  640/  678]
Average Training Loss: 0.446371
Val Loss: 2.9194 | C-index: 0.6309

Epoch 15
-------------------------------
loss: 0.794754  [   64/  678]
loss: 1.000973  [  256/  678]
loss: 1.485413  [  448/  678]
loss: 1.346138  [  640/  678]
Average Training Loss: 0.420662
Val Loss: 3.1856 | C-index: 0.6239

Stopping early at Epoch 15 since no C-Index improvement after 5 epochs.
Done!
Best C-Index = 0.6923491379310345 at Epoch 10

=========================================
FOLD 4/5
=========================================

Epoch 1
-------------------------------
loss: 3.500266  [   64/  678]
loss: 2.784691  [  256/  678]
loss: 2.813103  [  448/  678]
loss: 3.185716  [  640/  678]
Average Training Loss: 1.116707
Val Loss: 2.7866 | C-index: 0.5398

Epoch 2
-------------------------------
loss: 2.790139  [   64/  678]
loss: 3.006640  [  256/  678]
loss: 2.611243  [  448/  678]
loss: 3.120309  [  640/  678]
Average Training Loss: 1.048030
Val Loss: 2.7723 | C-index: 0.5849

Epoch 3
-------------------------------
loss: 3.143169  [   64/  678]
loss: 2.808897  [  256/  678]
loss: 2.728775  [  448/  678]
loss: 2.554986  [  640/  678]
Average Training Loss: 1.021439
Val Loss: 2.7301 | C-index: 0.6385

Epoch 4
-------------------------------
loss: 2.615678  [   64/  678]
loss: 2.829441  [  256/  678]
loss: 2.835236  [  448/  678]
loss: 3.129483  [  640/  678]
Average Training Loss: 1.037258
Val Loss: 2.7513 | C-index: 0.6096

Epoch 5
-------------------------------
loss: 2.093810  [   64/  678]
loss: 2.099286  [  256/  678]
loss: 1.929916  [  448/  678]
loss: 2.208401  [  640/  678]
Average Training Loss: 0.757401
Val Loss: 3.0368 | C-index: 0.6018

Epoch 6
-------------------------------
loss: 2.080387  [   64/  678]
loss: 2.430473  [  256/  678]
loss: 0.797334  [  448/  678]
loss: 1.839532  [  640/  678]
Average Training Loss: 0.649793
Val Loss: 3.1820 | C-index: 0.6335

Epoch 7
-------------------------------
loss: 1.115066  [   64/  678]
loss: 1.312942  [  256/  678]
loss: 1.378508  [  448/  678]
loss: 1.561725  [  640/  678]
Average Training Loss: 0.488022
Val Loss: 3.2510 | C-index: 0.6159

Epoch 8
-------------------------------
loss: 1.597995  [   64/  678]
loss: 1.335076  [  256/  678]
loss: 0.787258  [  448/  678]
loss: 2.256177  [  640/  678]
Average Training Loss: 0.543319
Val Loss: 2.8192 | C-index: 0.7089

Epoch 9
-------------------------------
loss: 1.206488  [   64/  678]
loss: 1.817139  [  256/  678]
loss: 1.427824  [  448/  678]
loss: 1.477914  [  640/  678]
Average Training Loss: 0.539033
Val Loss: 3.1289 | C-index: 0.6378

Epoch 10
-------------------------------
loss: 0.872093  [   64/  678]
loss: 1.507749  [  256/  678]
loss: 1.306139  [  448/  678]
loss: 1.324967  [  640/  678]
Average Training Loss: 0.455541
Val Loss: 2.9277 | C-index: 0.6688

Epoch 11
-------------------------------
loss: 1.378834  [   64/  678]
loss: 1.125513  [  256/  678]
loss: 1.566702  [  448/  678]
loss: 1.357673  [  640/  678]
Average Training Loss: 0.493520
Val Loss: 3.1857 | C-index: 0.5920

Epoch 12
-------------------------------
loss: 1.741901  [   64/  678]
loss: 1.001604  [  256/  678]
loss: 0.654805  [  448/  678]
loss: 2.218307  [  640/  678]
Average Training Loss: 0.510602
Val Loss: 3.0719 | C-index: 0.6765

Epoch 13
-------------------------------
loss: 1.270788  [   64/  678]
loss: 1.104095  [  256/  678]
loss: 1.059801  [  448/  678]
loss: 0.592668  [  640/  678]
Average Training Loss: 0.366123
Val Loss: 2.9920 | C-index: 0.6744

Stopping early at Epoch 13 since no C-Index improvement after 5 epochs.
Done!
Best C-Index = 0.7089499647639183 at Epoch 8

=========================================
FOLD 5/5
=========================================

Epoch 1
-------------------------------
loss: 2.825992  [   64/  678]
loss: 2.762573  [  256/  678]
loss: 2.630088  [  448/  678]
loss: 2.986566  [  640/  678]
Average Training Loss: 1.018656
Val Loss: 2.9157 | C-index: 0.6626

Epoch 2
-------------------------------
loss: 3.121907  [   64/  678]
loss: 3.330035  [  256/  678]
loss: 3.045365  [  448/  678]
loss: 2.646139  [  640/  678]
Average Training Loss: 1.103950
Val Loss: 2.9155 | C-index: 0.6649

Epoch 3
-------------------------------
loss: 3.014535  [   64/  678]
loss: 2.286295  [  256/  678]
loss: 3.107598  [  448/  678]
loss: 2.565483  [  640/  678]
Average Training Loss: 0.997628
Val Loss: 2.8751 | C-index: 0.7267

Epoch 4
-------------------------------
loss: 2.702301  [   64/  678]
loss: 2.688327  [  256/  678]
loss: 2.517555  [  448/  678]
loss: 3.083393  [  640/  678]
Average Training Loss: 0.999234
Val Loss: 2.7958 | C-index: 0.6828

Epoch 5
-------------------------------
loss: 2.274849  [   64/  678]
loss: 2.053528  [  256/  678]
loss: 2.190668  [  448/  678]
loss: 2.007080  [  640/  678]
Average Training Loss: 0.775102
Val Loss: 2.7502 | C-index: 0.7060

Epoch 6
-------------------------------
loss: 1.894538  [   64/  678]
loss: 1.717283  [  256/  678]
loss: 2.308627  [  448/  678]
loss: 2.075056  [  640/  678]
Average Training Loss: 0.726864
Val Loss: 3.1363 | C-index: 0.6730

Epoch 7
-------------------------------
loss: 1.461428  [   64/  678]
loss: 1.197484  [  256/  678]
loss: 2.279197  [  448/  678]
loss: 1.585017  [  640/  678]
Average Training Loss: 0.593012
Val Loss: 2.9545 | C-index: 0.6973

Epoch 8
-------------------------------
loss: 0.953576  [   64/  678]
loss: 1.598241  [  256/  678]
loss: 1.374759  [  448/  678]
loss: 1.937218  [  640/  678]
Average Training Loss: 0.533072
Val Loss: 3.0174 | C-index: 0.6909

Stopping early at Epoch 8 since no C-Index improvement after 5 epochs.
Done!
Best C-Index = 0.7267475447718083 at Epoch 3

=========================================
CV training complete! Mean ± std C-index: 0.6997 ± 0.0614
Best epochs per fold: [8, 7, 10, 8, 3]

=========================================
Retraining model on full train+val for 7 epochs...
Epoch 1
-------------------------------
loss: 3.203674  [   64/  847]
loss: 2.984938  [  320/  847]
loss: 2.690789  [  576/  847]
loss: 3.365947  [  832/  847]
Average Training Loss: 0.874668
Val Loss: 2.8042 | C-index: 0.6132

Epoch 2
-------------------------------
loss: 2.365968  [   64/  847]
loss: 3.286730  [  320/  847]
loss: 2.298209  [  576/  847]
loss: 2.867111  [  832/  847]
Average Training Loss: 0.772716
Val Loss: 2.6503 | C-index: 0.7556

Epoch 3
-------------------------------
loss: 2.485461  [   64/  847]
loss: 2.569201  [  320/  847]
loss: 2.480819  [  576/  847]
loss: 3.209861  [  832/  847]
Average Training Loss: 0.767524
Val Loss: 2.5093 | C-index: 0.8431

Epoch 4
-------------------------------
loss: 2.578398  [   64/  847]
loss: 2.573137  [  320/  847]
loss: 2.127098  [  576/  847]
loss: 1.728595  [  832/  847]
Average Training Loss: 0.643373
Val Loss: 1.9549 | C-index: 0.9017

Epoch 5
-------------------------------
loss: 1.985971  [   64/  847]
loss: 2.244461  [  320/  847]
loss: 2.287493  [  576/  847]
loss: 1.662245  [  832/  847]
Average Training Loss: 0.584298
Val Loss: 1.6694 | C-index: 0.9441

Epoch 6
-------------------------------
loss: 1.656316  [   64/  847]
loss: 2.186169  [  320/  847]
loss: 1.617252  [  576/  847]
loss: 1.631503  [  832/  847]
Average Training Loss: 0.506517
Val Loss: 1.2782 | C-index: 0.9642

Epoch 7
-------------------------------
loss: 1.668448  [   64/  847]
loss: 1.619501  [  320/  847]
loss: 1.596341  [  576/  847]
loss: 1.009655  [  832/  847]
Average Training Loss: 0.420996
Val Loss: 1.2060 | C-index: 0.9671

Done!
Best C-Index = 0.9670977879850114 at Epoch 7
FINAL TEST Average Loss: 2.6060
FINAL TEST C-index: 0.6892
Bootstrap 95% CI: [0.5696, 0.7886]
Top 10 activated pathways:
{'R-HSA-2243919': 0.04061305150389671, 'R-HSA-9820960': 0.03971943259239197, 'R-HSA-210991': 0.038061268627643585, 'R-HSA-167246': 0.037828341126441956, 'R-HSA-111931': 0.036043930798769, 'R-HSA-389958': 0.03590832278132439, 'R-HSA-9013407': 0.034978631883859634, 'R-HSA-70895': 0.034793123602867126, 'R-HSA-9753281': 0.034225981682538986, 'R-HSA-3928663': 0.03353011608123779}
Results saved to /Users/evan/Documents/GitHub/HyBINN/experiments/runs/full_hybinn/seed_5/results.json
