train_hybinn.py log started 2026-06-05 22:36:26.447344
=========================================
Model Active Branches: ['gene']
=========================================

=========================================
FOLD 1/5
=========================================

Epoch 1
-------------------------------
loss: 2.613442  [   64/  677]
loss: 3.155149  [  256/  677]
loss: 2.877187  [  448/  677]
loss: 2.509257  [  640/  677]
Average Training Loss: 1.014094
Val Loss: 3.0458 | C-index: 0.5600

Epoch 2
-------------------------------
loss: 2.787359  [   64/  677]
loss: 2.798280  [  256/  677]
loss: 2.899689  [  448/  677]
loss: 2.921083  [  640/  677]
Average Training Loss: 1.036946
Val Loss: 2.9684 | C-index: 0.6286

Epoch 3
-------------------------------
loss: 2.583075  [   64/  677]
loss: 3.033424  [  256/  677]
loss: 1.863811  [  448/  677]
loss: 2.873137  [  640/  677]
Average Training Loss: 0.941222
Val Loss: 2.9263 | C-index: 0.6994

Epoch 4
-------------------------------
loss: 2.136015  [   64/  677]
loss: 2.285671  [  256/  677]
loss: 2.092651  [  448/  677]
loss: 2.005945  [  640/  677]
Average Training Loss: 0.774571
Val Loss: 3.1324 | C-index: 0.5890

Epoch 5
-------------------------------
loss: 0.893698  [   64/  677]
loss: 1.334021  [  256/  677]
loss: 1.982767  [  448/  677]
loss: 2.249568  [  640/  677]
Average Training Loss: 0.587278
Val Loss: 3.0180 | C-index: 0.6651

Epoch 6
-------------------------------
loss: 2.025375  [   64/  677]
loss: 2.257388  [  256/  677]
loss: 1.252843  [  448/  677]
loss: 1.852083  [  640/  677]
Average Training Loss: 0.671608
Val Loss: 3.3336 | C-index: 0.6527

Epoch 7
-------------------------------
loss: 1.182083  [   64/  677]
loss: 1.943305  [  256/  677]
loss: 1.432270  [  448/  677]
loss: 0.818038  [  640/  677]
Average Training Loss: 0.488700
Val Loss: 3.0621 | C-index: 0.6961

Epoch 8
-------------------------------
loss: 1.712267  [   64/  677]
loss: 0.827290  [  256/  677]
loss: 1.994597  [  448/  677]
loss: 1.748002  [  640/  677]
Average Training Loss: 0.571105
Val Loss: 3.2987 | C-index: 0.6533

Stopping early at Epoch 8 since no C-Index improvement after 5 epochs.
Done!
Best C-Index = 0.6993569131832797 at Epoch 3

=========================================
FOLD 2/5
=========================================

Epoch 1
-------------------------------
loss: 2.907719  [   64/  677]
loss: 2.801205  [  256/  677]
loss: 2.602732  [  448/  677]
loss: 3.360151  [  640/  677]
Average Training Loss: 1.061073
Val Loss: 2.8392 | C-index: 0.6041

Epoch 2
-------------------------------
loss: 2.179760  [   64/  677]
loss: 2.755997  [  256/  677]
loss: 3.150462  [  448/  677]
loss: 2.959627  [  640/  677]
Average Training Loss: 1.004168
Val Loss: 2.8904 | C-index: 0.6099

Epoch 3
-------------------------------
loss: 2.612009  [   64/  677]
loss: 2.734635  [  256/  677]
loss: 2.642616  [  448/  677]
loss: 2.606979  [  640/  677]
Average Training Loss: 0.963294
Val Loss: 2.9254 | C-index: 0.6196

Epoch 4
-------------------------------
loss: 2.126475  [   64/  677]
loss: 2.142544  [  256/  677]
loss: 2.203037  [  448/  677]
loss: 1.980243  [  640/  677]
Average Training Loss: 0.768391
Val Loss: 2.9307 | C-index: 0.6391

Epoch 5
-------------------------------
loss: 1.772418  [   64/  677]
loss: 2.116796  [  256/  677]
loss: 1.760206  [  448/  677]
loss: 2.044283  [  640/  677]
Average Training Loss: 0.699428
Val Loss: 2.8293 | C-index: 0.6850

Epoch 6
-------------------------------
loss: 1.402530  [   64/  677]
loss: 1.241483  [  256/  677]
loss: 1.866712  [  448/  677]
loss: 1.727462  [  640/  677]
Average Training Loss: 0.567108
Val Loss: 3.0053 | C-index: 0.6437

Epoch 7
-------------------------------
loss: 1.304003  [   64/  677]
loss: 1.775747  [  256/  677]
loss: 1.780263  [  448/  677]
loss: 1.587903  [  640/  677]
Average Training Loss: 0.586174
Val Loss: 3.0400 | C-index: 0.6414

Epoch 8
-------------------------------
loss: 1.496523  [   64/  677]
loss: 0.962601  [  256/  677]
loss: 1.090214  [  448/  677]
loss: 2.339975  [  640/  677]
Average Training Loss: 0.535392
Val Loss: 3.6548 | C-index: 0.6225

Epoch 9
-------------------------------
loss: 2.183443  [   64/  677]
loss: 1.349866  [  256/  677]
loss: 1.726525  [  448/  677]
loss: 1.752839  [  640/  677]
Average Training Loss: 0.637516
Val Loss: 2.9982 | C-index: 0.6718

Epoch 10
-------------------------------
loss: 1.408549  [   64/  677]
loss: 1.956273  [  256/  677]
loss: 0.825459  [  448/  677]
loss: 1.235853  [  640/  677]
Average Training Loss: 0.493285
Val Loss: 3.2115 | C-index: 0.6311

Stopping early at Epoch 10 since no C-Index improvement after 5 epochs.
Done!
Best C-Index = 0.685025817555938 at Epoch 5

=========================================
FOLD 3/5
=========================================

Epoch 1
-------------------------------
loss: 3.273237  [   64/  678]
loss: 2.524067  [  256/  678]
loss: 2.801497  [  448/  678]
loss: 3.321825  [  640/  678]
Average Training Loss: 1.083693
Val Loss: 2.9886 | C-index: 0.4699

Epoch 2
-------------------------------
loss: 2.679570  [   64/  678]
loss: 3.114911  [  256/  678]
loss: 3.478825  [  448/  678]
loss: 2.756682  [  640/  678]
Average Training Loss: 1.093635
Val Loss: 2.9408 | C-index: 0.5367

Epoch 3
-------------------------------
loss: 3.026334  [   64/  678]
loss: 2.466093  [  256/  678]
loss: 2.991829  [  448/  678]
loss: 2.751621  [  640/  678]
Average Training Loss: 1.021443
Val Loss: 2.8913 | C-index: 0.6297

Epoch 4
-------------------------------
loss: 2.266130  [   64/  678]
loss: 2.488931  [  256/  678]
loss: 2.117355  [  448/  678]
loss: 2.393837  [  640/  678]
Average Training Loss: 0.842387
Val Loss: 3.0228 | C-index: 0.5573

Epoch 5
-------------------------------
loss: 2.391179  [   64/  678]
loss: 1.887334  [  256/  678]
loss: 2.603355  [  448/  678]
loss: 1.233643  [  640/  678]
Average Training Loss: 0.737774
Val Loss: 2.7666 | C-index: 0.6821

Epoch 6
-------------------------------
loss: 1.257440  [   64/  678]
loss: 1.565371  [  256/  678]
loss: 1.570861  [  448/  678]
loss: 2.448859  [  640/  678]
Average Training Loss: 0.622048
Val Loss: 3.2070 | C-index: 0.5568

Epoch 7
-------------------------------
loss: 1.428902  [   64/  678]
loss: 1.113864  [  256/  678]
loss: 1.455362  [  448/  678]
loss: 2.084428  [  640/  678]
Average Training Loss: 0.552960
Val Loss: 3.1006 | C-index: 0.5986

Epoch 8
-------------------------------
loss: 1.323120  [   64/  678]
loss: 1.188046  [  256/  678]
loss: 1.378125  [  448/  678]
loss: 2.329946  [  640/  678]
Average Training Loss: 0.565385
Val Loss: 3.1720 | C-index: 0.6136

Epoch 9
-------------------------------
loss: 0.835054  [   64/  678]
loss: 1.698270  [  256/  678]
loss: 1.619242  [  448/  678]
loss: 1.289130  [  640/  678]
Average Training Loss: 0.494700
Val Loss: 3.0360 | C-index: 0.6420

Epoch 10
-------------------------------
loss: 0.959828  [   64/  678]
loss: 0.726297  [  256/  678]
loss: 0.879994  [  448/  678]
loss: 0.476442  [  640/  678]
Average Training Loss: 0.276596
Val Loss: 3.1575 | C-index: 0.6631

Stopping early at Epoch 10 since no C-Index improvement after 5 epochs.
Done!
Best C-Index = 0.6820712694877505 at Epoch 5

=========================================
FOLD 4/5
=========================================

Epoch 1
-------------------------------
loss: 3.443070  [   64/  678]
loss: 2.975460  [  256/  678]
loss: 3.332953  [  448/  678]
loss: 2.810964  [  640/  678]
Average Training Loss: 1.142041
Val Loss: 2.5686 | C-index: 0.4718

Epoch 2
-------------------------------
loss: 2.367896  [   64/  678]
loss: 2.535199  [  256/  678]
loss: 3.155556  [  448/  678]
loss: 2.846251  [  640/  678]
Average Training Loss: 0.991355
Val Loss: 2.5763 | C-index: 0.5357

Epoch 3
-------------------------------
loss: 1.704117  [   64/  678]
loss: 2.061840  [  256/  678]
loss: 2.992375  [  448/  678]
loss: 3.311988  [  640/  678]
Average Training Loss: 0.915484
Val Loss: 2.4378 | C-index: 0.6356

Epoch 4
-------------------------------
loss: 1.920182  [   64/  678]
loss: 2.253461  [  256/  678]
loss: 2.177103  [  448/  678]
loss: 2.058863  [  640/  678]
Average Training Loss: 0.764510
Val Loss: 2.4060 | C-index: 0.6132

Epoch 5
-------------------------------
loss: 1.541512  [   64/  678]
loss: 1.899099  [  256/  678]
loss: 2.247718  [  448/  678]
loss: 1.795236  [  640/  678]
Average Training Loss: 0.680324
Val Loss: 2.5091 | C-index: 0.6628

Epoch 6
-------------------------------
loss: 1.734890  [   64/  678]
loss: 1.499516  [  256/  678]
loss: 2.047320  [  448/  678]
loss: 1.218005  [  640/  678]
Average Training Loss: 0.590885
Val Loss: 2.3983 | C-index: 0.5493

Epoch 7
-------------------------------
loss: 1.147706  [   64/  678]
loss: 1.799325  [  256/  678]
loss: 1.792360  [  448/  678]
loss: 3.087688  [  640/  678]
Average Training Loss: 0.711553
Val Loss: 3.1842 | C-index: 0.5615

Epoch 8
-------------------------------
loss: 0.741636  [   64/  678]
loss: 1.627346  [  256/  678]
loss: 1.848922  [  448/  678]
loss: 2.209056  [  640/  678]
Average Training Loss: 0.584269
Val Loss: 2.5129 | C-index: 0.6506

Epoch 9
-------------------------------
loss: 1.661008  [   64/  678]
loss: 1.603193  [  256/  678]
loss: 1.587157  [  448/  678]
loss: 0.557315  [  640/  678]
Average Training Loss: 0.491697
Val Loss: 2.7546 | C-index: 0.5670

Epoch 10
-------------------------------
loss: 1.386153  [   64/  678]
loss: 0.996571  [  256/  678]
loss: 0.701021  [  448/  678]
loss: 1.156505  [  640/  678]
Average Training Loss: 0.385477
Val Loss: 2.5525 | C-index: 0.7559

Epoch 11
-------------------------------
loss: 1.047425  [   64/  678]
loss: 1.076787  [  256/  678]
loss: 1.538170  [  448/  678]
loss: 1.525276  [  640/  678]
Average Training Loss: 0.471605
Val Loss: 2.8878 | C-index: 0.6200

Epoch 12
-------------------------------
loss: 1.120867  [   64/  678]
loss: 0.591565  [  256/  678]
loss: 1.516606  [  448/  678]
loss: 1.189507  [  640/  678]
Average Training Loss: 0.401686
Val Loss: 2.4743 | C-index: 0.6710

Epoch 13
-------------------------------
loss: 1.145043  [   64/  678]
loss: 1.291255  [  256/  678]
loss: 1.253413  [  448/  678]
loss: 1.610823  [  640/  678]
Average Training Loss: 0.481867
Val Loss: 2.9125 | C-index: 0.6832

Epoch 14
-------------------------------
loss: 1.218823  [   64/  678]
loss: 0.589406  [  256/  678]
loss: 2.391158  [  448/  678]
loss: 1.089451  [  640/  678]
Average Training Loss: 0.480803
Val Loss: 2.6273 | C-index: 0.5935

Epoch 15
-------------------------------
loss: 1.240479  [   64/  678]
loss: 1.414782  [  256/  678]
loss: 0.977661  [  448/  678]
loss: 1.730598  [  640/  678]
Average Training Loss: 0.487593
Val Loss: 2.3692 | C-index: 0.6676

Stopping early at Epoch 15 since no C-Index improvement after 5 epochs.
Done!
Best C-Index = 0.7559483344663495 at Epoch 10

=========================================
FOLD 5/5
=========================================

Epoch 1
-------------------------------
loss: 2.149557  [   64/  678]
loss: 3.108983  [  256/  678]
loss: 3.407529  [  448/  678]
loss: 3.002660  [  640/  678]
Average Training Loss: 1.060793
Val Loss: 2.5419 | C-index: 0.5822

Epoch 2
-------------------------------
loss: 2.600464  [   64/  678]
loss: 3.027608  [  256/  678]
loss: 3.089538  [  448/  678]
loss: 2.804658  [  640/  678]
Average Training Loss: 1.047479
Val Loss: 2.4841 | C-index: 0.6264

Epoch 3
-------------------------------
loss: 2.862811  [   64/  678]
loss: 2.425179  [  256/  678]
loss: 2.864538  [  448/  678]
loss: 2.420118  [  640/  678]
Average Training Loss: 0.961150
Val Loss: 2.3440 | C-index: 0.6264

Epoch 4
-------------------------------
loss: 2.954570  [   64/  678]
loss: 2.005633  [  256/  678]
loss: 1.803615  [  448/  678]
loss: 1.919541  [  640/  678]
Average Training Loss: 0.789396
Val Loss: 2.3510 | C-index: 0.7058

Epoch 5
-------------------------------
loss: 1.804020  [   64/  678]
loss: 1.546595  [  256/  678]
loss: 1.654643  [  448/  678]
loss: 2.207357  [  640/  678]
Average Training Loss: 0.655692
Val Loss: 2.5136 | C-index: 0.6651

Epoch 6
-------------------------------
loss: 1.441841  [   64/  678]
loss: 1.427290  [  256/  678]
loss: 1.743095  [  448/  678]
loss: 1.338770  [  640/  678]
Average Training Loss: 0.541000
Val Loss: 2.5784 | C-index: 0.6861

Epoch 7
-------------------------------
loss: 2.286529  [   64/  678]
loss: 1.197774  [  256/  678]
loss: 0.933703  [  448/  678]
loss: 0.921093  [  640/  678]
Average Training Loss: 0.485373
Val Loss: 2.7722 | C-index: 0.6596

Epoch 8
-------------------------------
loss: 0.939262  [   64/  678]
loss: 1.441203  [  256/  678]
loss: 2.631505  [  448/  678]
loss: 0.593475  [  640/  678]
Average Training Loss: 0.509586
Val Loss: 2.8024 | C-index: 0.6488

Epoch 9
-------------------------------
loss: 1.212868  [   64/  678]
loss: 1.334025  [  256/  678]
loss: 0.947829  [  448/  678]
loss: 1.751300  [  640/  678]
Average Training Loss: 0.476911
Val Loss: 2.5946 | C-index: 0.6277

Stopping early at Epoch 9 since no C-Index improvement after 5 epochs.
Done!
Best C-Index = 0.7058423913043478 at Epoch 4

=========================================
CV training complete! Mean ± std C-index: 0.7056 ± 0.0266
Best epochs per fold: [3, 5, 5, 10, 4]

=========================================
Retraining model on full train+val for 5 epochs...
Epoch 1
-------------------------------
loss: 3.153984  [   64/  847]
loss: 3.772703  [  320/  847]
loss: 3.323409  [  576/  847]
loss: 2.934973  [  832/  847]
Average Training Loss: 0.941791
Val Loss: 2.7250 | C-index: 0.6642

Epoch 2
-------------------------------
loss: 2.260961  [   64/  847]
loss: 2.997510  [  320/  847]
loss: 2.904430  [  576/  847]
loss: 2.395386  [  832/  847]
Average Training Loss: 0.754163
Val Loss: 2.3680 | C-index: 0.8228

Epoch 3
-------------------------------
loss: 2.274188  [   64/  847]
loss: 3.142873  [  320/  847]
loss: 2.285456  [  576/  847]
loss: 2.783703  [  832/  847]
Average Training Loss: 0.749016
Val Loss: 1.9666 | C-index: 0.9079

Epoch 4
-------------------------------
loss: 1.657718  [   64/  847]
loss: 2.266726  [  320/  847]
loss: 2.342418  [  576/  847]
loss: 1.826400  [  832/  847]
Average Training Loss: 0.578090
Val Loss: 1.8038 | C-index: 0.9268

Epoch 5
-------------------------------
loss: 2.077587  [   64/  847]
loss: 1.191519  [  320/  847]
loss: 2.123770  [  576/  847]
loss: 2.271422  [  832/  847]
Average Training Loss: 0.547450
Val Loss: 1.5896 | C-index: 0.9415

Done!
Best C-Index = 0.9415059709675112 at Epoch 5
FINAL TEST Average Loss: 2.4689
FINAL TEST C-index: 0.5501
Bootstrap 95% CI: [0.4092, 0.7038]
Results saved to /Users/evan/Documents/GitHub/HyBINN/experiments/runs/gene_only/seed_7/results.json
