train_hybinn.py log started 2026-06-17 01:25:07.370708
=========================================
Model Active Branches: ['binn', 'gene', 'clinical']
=========================================

=========================================
FOLD 1/5
=========================================

Epoch 1
-------------------------------
loss: 2.988692  [   64/  677]
loss: 3.058769  [  256/  677]
loss: 2.918598  [  448/  677]
loss: 2.903967  [  640/  677]
Average Training Loss: 1.079093
Val Loss: 2.7294 | C-index: 0.4325

Epoch 2
-------------------------------
loss: 3.031301  [   64/  677]
loss: 3.112126  [  256/  677]
loss: 3.323935  [  448/  677]
loss: 3.081402  [  640/  677]
Average Training Loss: 1.140797
Val Loss: 2.7012 | C-index: 0.5339

Epoch 3
-------------------------------
loss: 2.754913  [   64/  677]
loss: 2.688562  [  256/  677]
loss: 2.634773  [  448/  677]
loss: 2.445638  [  640/  677]
Average Training Loss: 0.956717
Val Loss: 2.6785 | C-index: 0.5636

Epoch 4
-------------------------------
loss: 2.443382  [   64/  677]
loss: 2.712443  [  256/  677]
loss: 1.879591  [  448/  677]
loss: 2.040455  [  640/  677]
Average Training Loss: 0.825079
Val Loss: 2.6145 | C-index: 0.6314

Epoch 5
-------------------------------
loss: 2.349801  [   64/  677]
loss: 2.114320  [  256/  677]
loss: 1.756169  [  448/  677]
loss: 1.742360  [  640/  677]
Average Training Loss: 0.723877
Val Loss: 2.8390 | C-index: 0.5440

Epoch 6
-------------------------------
loss: 1.660485  [   64/  677]
loss: 1.708886  [  256/  677]
loss: 1.844770  [  448/  677]
loss: 1.884737  [  640/  677]
Average Training Loss: 0.645353
Val Loss: 2.7542 | C-index: 0.6515

Epoch 7
-------------------------------
loss: 1.269057  [   64/  677]
loss: 1.687316  [  256/  677]
loss: 1.551672  [  448/  677]
loss: 0.821328  [  640/  677]
Average Training Loss: 0.484488
Val Loss: 3.3769 | C-index: 0.6123

Epoch 8
-------------------------------
loss: 0.855652  [   64/  677]
loss: 1.698661  [  256/  677]
loss: 1.706318  [  448/  677]
loss: 1.017971  [  640/  677]
Average Training Loss: 0.479873
Val Loss: 2.6595 | C-index: 0.6627

Epoch 9
-------------------------------
loss: 1.033188  [   64/  677]
loss: 1.275195  [  256/  677]
loss: 1.167475  [  448/  677]
loss: 1.821810  [  640/  677]
Average Training Loss: 0.481606
Val Loss: 3.0002 | C-index: 0.5641

Epoch 10
-------------------------------
loss: 1.259911  [   64/  677]
loss: 1.625086  [  256/  677]
loss: 1.195728  [  448/  677]
loss: 1.462595  [  640/  677]
Average Training Loss: 0.503938
Val Loss: 2.6220 | C-index: 0.7137

Epoch 11
-------------------------------
loss: 0.792244  [   64/  677]
loss: 2.031910  [  256/  677]
loss: 1.356340  [  448/  677]
loss: 0.836995  [  640/  677]
Average Training Loss: 0.456135
Val Loss: 2.7724 | C-index: 0.7204

Epoch 12
-------------------------------
loss: 1.087189  [   64/  677]
loss: 1.743513  [  256/  677]
loss: 1.012667  [  448/  677]
loss: 1.351878  [  640/  677]
Average Training Loss: 0.472295
Val Loss: 2.9181 | C-index: 0.6734

Epoch 13
-------------------------------
loss: 1.168783  [   64/  677]
loss: 0.945096  [  256/  677]
loss: 1.036664  [  448/  677]
loss: 0.731728  [  640/  677]
Average Training Loss: 0.352934
Val Loss: 2.8037 | C-index: 0.6997

Epoch 14
-------------------------------
loss: 1.325801  [   64/  677]
loss: 1.184606  [  256/  677]
loss: 1.406190  [  448/  677]
loss: 1.014685  [  640/  677]
Average Training Loss: 0.448298
Val Loss: 3.2243 | C-index: 0.6717

Epoch 15
-------------------------------
loss: 0.699651  [   64/  677]
loss: 1.052683  [  256/  677]
loss: 1.324867  [  448/  677]
loss: 1.462270  [  640/  677]
Average Training Loss: 0.412679
Val Loss: 3.5463 | C-index: 0.6952

Epoch 16
-------------------------------
loss: 0.787151  [   64/  677]
loss: 1.007612  [  256/  677]
loss: 1.067019  [  448/  677]
loss: 2.444184  [  640/  677]
Average Training Loss: 0.482361
Val Loss: 3.3888 | C-index: 0.5810

Stopping early at Epoch 16 since no C-Index improvement after 5 epochs.
Done!
Best C-Index = 0.7204481792717087 at Epoch 11

=========================================
FOLD 2/5
=========================================

Epoch 1
-------------------------------
loss: 2.836020  [   64/  677]
loss: 2.764850  [  256/  677]
loss: 2.843691  [  448/  677]
loss: 2.638517  [  640/  677]
Average Training Loss: 1.007553
Val Loss: 2.8964 | C-index: 0.5128

Epoch 2
-------------------------------
loss: 3.044617  [   64/  677]
loss: 2.728428  [  256/  677]
loss: 2.897312  [  448/  677]
loss: 2.935677  [  640/  677]
Average Training Loss: 1.055094
Val Loss: 2.8933 | C-index: 0.5818

Epoch 3
-------------------------------
loss: 2.956840  [   64/  677]
loss: 2.460622  [  256/  677]
loss: 2.267373  [  448/  677]
loss: 2.786196  [  640/  677]
Average Training Loss: 0.951912
Val Loss: 2.9106 | C-index: 0.6746

Epoch 4
-------------------------------
loss: 2.118834  [   64/  677]
loss: 2.675570  [  256/  677]
loss: 2.440176  [  448/  677]
loss: 2.013943  [  640/  677]
Average Training Loss: 0.840775
Val Loss: 3.1021 | C-index: 0.7180

Epoch 5
-------------------------------
loss: 2.013228  [   64/  677]
loss: 2.120090  [  256/  677]
loss: 2.075230  [  448/  677]
loss: 1.586197  [  640/  677]
Average Training Loss: 0.708613
Val Loss: 3.0100 | C-index: 0.7305

Epoch 6
-------------------------------
loss: 1.924109  [   64/  677]
loss: 1.697487  [  256/  677]
loss: 1.999054  [  448/  677]
loss: 1.886127  [  640/  677]
Average Training Loss: 0.682434
Val Loss: 3.4691 | C-index: 0.6258

Epoch 7
-------------------------------
loss: 2.152166  [   64/  677]
loss: 2.320789  [  256/  677]
loss: 1.819691  [  448/  677]
loss: 1.048914  [  640/  677]
Average Training Loss: 0.667415
Val Loss: 3.6774 | C-index: 0.6657

Epoch 8
-------------------------------
loss: 0.584695  [   64/  677]
loss: 1.170454  [  256/  677]
loss: 1.065442  [  448/  677]
loss: 1.334183  [  640/  677]
Average Training Loss: 0.377707
Val Loss: 3.9554 | C-index: 0.6151

Epoch 9
-------------------------------
loss: 0.957489  [   64/  677]
loss: 2.210510  [  256/  677]
loss: 1.855497  [  448/  677]
loss: 2.115535  [  640/  677]
Average Training Loss: 0.649003
Val Loss: 4.5120 | C-index: 0.6294

Epoch 10
-------------------------------
loss: 1.408973  [   64/  677]
loss: 0.950102  [  256/  677]
loss: 1.598602  [  448/  677]
loss: 1.091259  [  640/  677]
Average Training Loss: 0.458994
Val Loss: 3.7793 | C-index: 0.6716

Stopping early at Epoch 10 since no C-Index improvement after 5 epochs.
Done!
Best C-Index = 0.7305175490779298 at Epoch 5

=========================================
FOLD 3/5
=========================================

Epoch 1
-------------------------------
loss: 2.894964  [   64/  678]
loss: 2.785683  [  256/  678]
loss: 3.406512  [  448/  678]
loss: 3.047259  [  640/  678]
Average Training Loss: 1.103129
Val Loss: 2.3872 | C-index: 0.5651

Epoch 2
-------------------------------
loss: 2.849478  [   64/  678]
loss: 3.370498  [  256/  678]
loss: 2.939832  [  448/  678]
loss: 2.765131  [  640/  678]
Average Training Loss: 1.084085
Val Loss: 2.3666 | C-index: 0.6264

Epoch 3
-------------------------------
loss: 2.757301  [   64/  678]
loss: 2.639898  [  256/  678]
loss: 2.508801  [  448/  678]
loss: 2.233248  [  640/  678]
Average Training Loss: 0.921750
Val Loss: 2.3675 | C-index: 0.6119

Epoch 4
-------------------------------
loss: 2.390158  [   64/  678]
loss: 2.390025  [  256/  678]
loss: 2.495404  [  448/  678]
loss: 2.109388  [  640/  678]
Average Training Loss: 0.853180
Val Loss: 2.4450 | C-index: 0.5940

Epoch 5
-------------------------------
loss: 2.023831  [   64/  678]
loss: 1.427466  [  256/  678]
loss: 2.129532  [  448/  678]
loss: 2.172921  [  640/  678]
Average Training Loss: 0.704886
Val Loss: 2.3528 | C-index: 0.7089

Epoch 6
-------------------------------
loss: 1.753707  [   64/  678]
loss: 3.171088  [  256/  678]
loss: 1.847513  [  448/  678]
loss: 1.943975  [  640/  678]
Average Training Loss: 0.792389
Val Loss: 2.5903 | C-index: 0.6740

Epoch 7
-------------------------------
loss: 1.755833  [   64/  678]
loss: 1.764154  [  256/  678]
loss: 1.831643  [  448/  678]
loss: 1.888510  [  640/  678]
Average Training Loss: 0.658195
Val Loss: 2.6127 | C-index: 0.6374

Epoch 8
-------------------------------
loss: 1.495433  [   64/  678]
loss: 1.859239  [  256/  678]
loss: 1.342449  [  448/  678]
loss: 0.887441  [  640/  678]
Average Training Loss: 0.507687
Val Loss: 2.8729 | C-index: 0.5438

Epoch 9
-------------------------------
loss: 1.043552  [   64/  678]
loss: 1.309329  [  256/  678]
loss: 1.790673  [  448/  678]
loss: 1.037324  [  640/  678]
Average Training Loss: 0.470989
Val Loss: 2.7264 | C-index: 0.6970

Epoch 10
-------------------------------
loss: 1.216223  [   64/  678]
loss: 0.963534  [  256/  678]
loss: 1.943447  [  448/  678]
loss: 2.321289  [  640/  678]
Average Training Loss: 0.585863
Val Loss: 3.2219 | C-index: 0.4740

Stopping early at Epoch 10 since no C-Index improvement after 5 epochs.
Done!
Best C-Index = 0.708936170212766 at Epoch 5

=========================================
FOLD 4/5
=========================================

Epoch 1
-------------------------------
loss: 3.251165  [   64/  678]
loss: 3.170923  [  256/  678]
loss: 2.826249  [  448/  678]
loss: 2.941671  [  640/  678]
Average Training Loss: 1.108183
Val Loss: 2.8398 | C-index: 0.5628

Epoch 2
-------------------------------
loss: 1.935928  [   64/  678]
loss: 2.903586  [  256/  678]
loss: 2.754733  [  448/  678]
loss: 2.835329  [  640/  678]
Average Training Loss: 0.948143
Val Loss: 2.8171 | C-index: 0.5746

Epoch 3
-------------------------------
loss: 2.415120  [   64/  678]
loss: 2.446376  [  256/  678]
loss: 2.633662  [  448/  678]
loss: 2.951729  [  640/  678]
Average Training Loss: 0.949717
Val Loss: 2.8038 | C-index: 0.5659

Epoch 4
-------------------------------
loss: 2.468831  [   64/  678]
loss: 2.656623  [  256/  678]
loss: 2.357635  [  448/  678]
loss: 2.333417  [  640/  678]
Average Training Loss: 0.892410
Val Loss: 2.9095 | C-index: 0.5461

Epoch 5
-------------------------------
loss: 1.790282  [   64/  678]
loss: 1.896611  [  256/  678]
loss: 1.611688  [  448/  678]
loss: 2.179630  [  640/  678]
Average Training Loss: 0.679837
Val Loss: 3.1138 | C-index: 0.5195

Epoch 6
-------------------------------
loss: 1.133135  [   64/  678]
loss: 2.019008  [  256/  678]
loss: 1.993526  [  448/  678]
loss: 1.438197  [  640/  678]
Average Training Loss: 0.598533
Val Loss: 3.0051 | C-index: 0.5598

Epoch 7
-------------------------------
loss: 1.661543  [   64/  678]
loss: 0.540382  [  256/  678]
loss: 1.523837  [  448/  678]
loss: 1.860777  [  640/  678]
Average Training Loss: 0.507867
Val Loss: 3.4768 | C-index: 0.5461

Stopping early at Epoch 7 since no C-Index improvement after 5 epochs.
Done!
Best C-Index = 0.5746130030959752 at Epoch 2

=========================================
FOLD 5/5
=========================================

Epoch 1
-------------------------------
loss: 2.684852  [   64/  678]
loss: 3.637156  [  256/  678]
loss: 3.148703  [  448/  678]
loss: 2.992519  [  640/  678]
Average Training Loss: 1.133021
Val Loss: 2.7687 | C-index: 0.6879

Epoch 2
-------------------------------
loss: 2.858796  [   64/  678]
loss: 2.885419  [  256/  678]
loss: 3.025430  [  448/  678]
loss: 2.322242  [  640/  678]
Average Training Loss: 1.008353
Val Loss: 2.7824 | C-index: 0.6375

Epoch 3
-------------------------------
loss: 2.718250  [   64/  678]
loss: 3.139139  [  256/  678]
loss: 2.368071  [  448/  678]
loss: 1.398520  [  640/  678]
Average Training Loss: 0.874907
Val Loss: 2.6890 | C-index: 0.6694

Epoch 4
-------------------------------
loss: 2.688145  [   64/  678]
loss: 2.454502  [  256/  678]
loss: 2.549264  [  448/  678]
loss: 2.846972  [  640/  678]
Average Training Loss: 0.958080
Val Loss: 2.6387 | C-index: 0.6650

Epoch 5
-------------------------------
loss: 2.209419  [   64/  678]
loss: 2.089197  [  256/  678]
loss: 2.131399  [  448/  678]
loss: 2.299422  [  640/  678]
Average Training Loss: 0.793585
Val Loss: 2.6976 | C-index: 0.6216

Epoch 6
-------------------------------
loss: 1.927458  [   64/  678]
loss: 2.130335  [  256/  678]
loss: 1.360239  [  448/  678]
loss: 1.640612  [  640/  678]
Average Training Loss: 0.641695
Val Loss: 2.9121 | C-index: 0.6120

Stopping early at Epoch 6 since no C-Index improvement after 5 epochs.
Done!
Best C-Index = 0.6879387364390556 at Epoch 1

=========================================
CV training complete! Mean ± std C-index: 0.6845 ± 0.0567
Best epochs per fold: [11, 5, 5, 2, 1]

=========================================
Retraining model on full train+val for 5 epochs...
Epoch 1
-------------------------------
loss: 3.143386  [   64/  847]
loss: 3.003695  [  320/  847]
loss: 3.008924  [  576/  847]
loss: 2.278889  [  832/  847]
Average Training Loss: 0.816778
Val Loss: 2.6083 | C-index: 0.6762

Epoch 2
-------------------------------
loss: 2.609892  [   64/  847]
loss: 2.756709  [  320/  847]
loss: 2.391455  [  576/  847]
loss: 3.303068  [  832/  847]
Average Training Loss: 0.790080
Val Loss: 2.6366 | C-index: 0.8221

Epoch 3
-------------------------------
loss: 1.993801  [   64/  847]
loss: 2.551892  [  320/  847]
loss: 2.842481  [  576/  847]
loss: 2.723673  [  832/  847]
Average Training Loss: 0.722275
Val Loss: 2.4422 | C-index: 0.8633

Epoch 4
-------------------------------
loss: 2.554976  [   64/  847]
loss: 2.678953  [  320/  847]
loss: 2.295752  [  576/  847]
loss: 2.656684  [  832/  847]
Average Training Loss: 0.727597
Val Loss: 1.8911 | C-index: 0.9201

Epoch 5
-------------------------------
loss: 2.047119  [   64/  847]
loss: 1.286813  [  320/  847]
loss: 1.938264  [  576/  847]
loss: 2.849835  [  832/  847]
Average Training Loss: 0.580145
Val Loss: 1.5797 | C-index: 0.9181

Done!
Best C-Index = 0.920052490788876 at Epoch 4
FINAL TEST Average Loss: 2.4300
FINAL TEST C-index: 0.7342
Bootstrap 95% CI: [0.6361, 0.8184]
Top 10 activated pathways:
{'R-HSA-201556': 0.03657473996281624, 'R-HSA-9640148': 0.03417752683162689, 'R-HSA-9665686': 0.03129612281918526, 'R-HSA-420029': 0.030682891607284546, 'R-HSA-9931510': 0.03016512095928192, 'R-HSA-749476': 0.029696982353925705, 'R-HSA-8866652': 0.027628136798739433, 'R-HSA-5654716': 0.026861365884542465, 'R-HSA-881907': 0.02643720619380474, 'R-HSA-1839124': 0.025835279375314713}
Results saved to /Users/evan/Documents/GitHub/HyBINN/experiments/runs/full_hybinn/seed_0/results.json
