train_hybinn.py log started 2026-06-18 15:59:37.133802
=========================================
Model Active Branches: ['binn', 'gene', 'clinical']
=========================================

=========================================
FOLD 1/5
=========================================

Epoch 1
-------------------------------
loss: 3.508701  [   64/  677]
loss: 2.998002  [  256/  677]
loss: 3.058134  [  448/  677]
loss: 3.050540  [  640/  677]
Average Training Loss: 1.146853
Val Loss: 2.7387 | C-index: 0.3770

Epoch 2
-------------------------------
loss: 3.038333  [   64/  677]
loss: 2.994840  [  256/  677]
loss: 3.012143  [  448/  677]
loss: 3.034985  [  640/  677]
Average Training Loss: 1.098209
Val Loss: 2.7299 | C-index: 0.4695

Epoch 3
-------------------------------
loss: 2.814620  [   64/  677]
loss: 2.490093  [  256/  677]
loss: 2.531519  [  448/  677]
loss: 2.140571  [  640/  677]
Average Training Loss: 0.906982
Val Loss: 2.6635 | C-index: 0.6437

Epoch 4
-------------------------------
loss: 2.775723  [   64/  677]
loss: 2.571087  [  256/  677]
loss: 2.493779  [  448/  677]
loss: 1.252571  [  640/  677]
Average Training Loss: 0.826651
Val Loss: 2.6025 | C-index: 0.6622

Epoch 5
-------------------------------
loss: 2.349273  [   64/  677]
loss: 2.086914  [  256/  677]
loss: 2.227837  [  448/  677]
loss: 2.500673  [  640/  677]
Average Training Loss: 0.833154
Val Loss: 2.5824 | C-index: 0.6667

Epoch 6
-------------------------------
loss: 2.060254  [   64/  677]
loss: 2.612109  [  256/  677]
loss: 1.918385  [  448/  677]
loss: 1.008912  [  640/  677]
Average Training Loss: 0.690878
Val Loss: 2.5689 | C-index: 0.6964

Epoch 7
-------------------------------
loss: 1.813337  [   64/  677]
loss: 1.568733  [  256/  677]
loss: 1.447008  [  448/  677]
loss: 1.735207  [  640/  677]
Average Training Loss: 0.596753
Val Loss: 2.8953 | C-index: 0.5989

Epoch 8
-------------------------------
loss: 1.525003  [   64/  677]
loss: 1.247180  [  256/  677]
loss: 1.375660  [  448/  677]
loss: 1.469579  [  640/  677]
Average Training Loss: 0.510675
Val Loss: 3.1183 | C-index: 0.4538

Epoch 9
-------------------------------
loss: 1.664016  [   64/  677]
loss: 1.321585  [  256/  677]
loss: 1.322922  [  448/  677]
loss: 1.690827  [  640/  677]
Average Training Loss: 0.545396
Val Loss: 2.7086 | C-index: 0.6936

Epoch 10
-------------------------------
loss: 1.511013  [   64/  677]
loss: 1.802368  [  256/  677]
loss: 1.515760  [  448/  677]
loss: 1.602789  [  640/  677]
Average Training Loss: 0.584721
Val Loss: 3.0462 | C-index: 0.5905

Epoch 11
-------------------------------
loss: 1.346749  [   64/  677]
loss: 1.120759  [  256/  677]
loss: 1.524689  [  448/  677]
loss: 1.471564  [  640/  677]
Average Training Loss: 0.496706
Val Loss: 2.8509 | C-index: 0.7025

Epoch 12
-------------------------------
loss: 1.411837  [   64/  677]
loss: 1.112965  [  256/  677]
loss: 1.081584  [  448/  677]
loss: 1.074404  [  640/  677]
Average Training Loss: 0.425526
Val Loss: 2.9333 | C-index: 0.7109

Epoch 13
-------------------------------
loss: 0.463536  [   64/  677]
loss: 1.072667  [  256/  677]
loss: 1.093235  [  448/  677]
loss: 1.587216  [  640/  677]
Average Training Loss: 0.383332
Val Loss: 3.0640 | C-index: 0.6403

Epoch 14
-------------------------------
loss: 0.732415  [   64/  677]
loss: 0.441657  [  256/  677]
loss: 0.642759  [  448/  677]
loss: 1.626186  [  640/  677]
Average Training Loss: 0.313002
Val Loss: 2.5588 | C-index: 0.7406

Epoch 15
-------------------------------
loss: 1.437162  [   64/  677]
loss: 0.290460  [  256/  677]
loss: 0.891390  [  448/  677]
loss: 0.769828  [  640/  677]
Average Training Loss: 0.308076
Val Loss: 2.9242 | C-index: 0.7160

Epoch 16
-------------------------------
loss: 1.060608  [   64/  677]
loss: 0.689710  [  256/  677]
loss: 0.713440  [  448/  677]
loss: 0.750120  [  640/  677]
Average Training Loss: 0.292171
Val Loss: 3.2626 | C-index: 0.6818

Epoch 17
-------------------------------
loss: 0.575966  [   64/  677]
loss: 1.008626  [  256/  677]
loss: 1.079451  [  448/  677]
loss: 1.428462  [  640/  677]
Average Training Loss: 0.372046
Val Loss: 2.7934 | C-index: 0.6975

Epoch 18
-------------------------------
loss: 0.973123  [   64/  677]
loss: 1.078081  [  256/  677]
loss: 1.210226  [  448/  677]
loss: 0.751368  [  640/  677]
Average Training Loss: 0.364800
Val Loss: 3.0181 | C-index: 0.6818

Epoch 19
-------------------------------
loss: 0.687192  [   64/  677]
loss: 1.007949  [  256/  677]
loss: 0.756473  [  448/  677]
loss: 1.108476  [  640/  677]
Average Training Loss: 0.323645
Val Loss: 3.2164 | C-index: 0.7132

Stopping early at Epoch 19 since no C-Index improvement after 5 epochs.
Done!
Best C-Index = 0.7406162464985995 at Epoch 14

=========================================
FOLD 2/5
=========================================

Epoch 1
-------------------------------
loss: 3.081108  [   64/  677]
loss: 2.596684  [  256/  677]
loss: 2.904647  [  448/  677]
loss: 2.981542  [  640/  677]
Average Training Loss: 1.051271
Val Loss: 2.8811 | C-index: 0.5628

Epoch 2
-------------------------------
loss: 3.235769  [   64/  677]
loss: 2.441780  [  256/  677]
loss: 2.670617  [  448/  677]
loss: 3.404149  [  640/  677]
Average Training Loss: 1.068392
Val Loss: 2.8784 | C-index: 0.6276

Epoch 3
-------------------------------
loss: 2.292714  [   64/  677]
loss: 2.796059  [  256/  677]
loss: 2.839763  [  448/  677]
loss: 2.121515  [  640/  677]
Average Training Loss: 0.913641
Val Loss: 2.8661 | C-index: 0.6466

Epoch 4
-------------------------------
loss: 2.833197  [   64/  677]
loss: 2.336916  [  256/  677]
loss: 2.357653  [  448/  677]
loss: 1.946649  [  640/  677]
Average Training Loss: 0.861310
Val Loss: 2.9903 | C-index: 0.7240

Epoch 5
-------------------------------
loss: 2.192262  [   64/  677]
loss: 1.506071  [  256/  677]
loss: 2.095136  [  448/  677]
loss: 2.496675  [  640/  677]
Average Training Loss: 0.753649
Val Loss: 2.9635 | C-index: 0.7496

Epoch 6
-------------------------------
loss: 1.721460  [   64/  677]
loss: 1.345510  [  256/  677]
loss: 1.698995  [  448/  677]
loss: 1.737896  [  640/  677]
Average Training Loss: 0.591260
Val Loss: 3.7217 | C-index: 0.6865

Epoch 7
-------------------------------
loss: 1.331363  [   64/  677]
loss: 0.572084  [  256/  677]
loss: 1.212663  [  448/  677]
loss: 1.452172  [  640/  677]
Average Training Loss: 0.415298
Val Loss: 4.4058 | C-index: 0.6508

Epoch 8
-------------------------------
loss: 1.788466  [   64/  677]
loss: 1.173060  [  256/  677]
loss: 1.397418  [  448/  677]
loss: 1.325461  [  640/  677]
Average Training Loss: 0.516764
Val Loss: 3.3599 | C-index: 0.7204

Epoch 9
-------------------------------
loss: 0.837734  [   64/  677]
loss: 1.456496  [  256/  677]
loss: 1.405374  [  448/  677]
loss: 1.070205  [  640/  677]
Average Training Loss: 0.433619
Val Loss: 3.7702 | C-index: 0.6877

Epoch 10
-------------------------------
loss: 1.210952  [   64/  677]
loss: 1.004346  [  256/  677]
loss: 1.288020  [  448/  677]
loss: 1.280571  [  640/  677]
Average Training Loss: 0.434899
Val Loss: 3.8344 | C-index: 0.6984

Stopping early at Epoch 10 since no C-Index improvement after 5 epochs.
Done!
Best C-Index = 0.7495538370017847 at Epoch 5

=========================================
FOLD 3/5
=========================================

Epoch 1
-------------------------------
loss: 2.559183  [   64/  678]
loss: 3.430060  [  256/  678]
loss: 2.937717  [  448/  678]
loss: 3.130978  [  640/  678]
Average Training Loss: 1.096176
Val Loss: 2.3885 | C-index: 0.5123

Epoch 2
-------------------------------
loss: 2.660787  [   64/  678]
loss: 3.249181  [  256/  678]
loss: 2.591309  [  448/  678]
loss: 3.347261  [  640/  678]
Average Training Loss: 1.077140
Val Loss: 2.3675 | C-index: 0.6230

Epoch 3
-------------------------------
loss: 2.711451  [   64/  678]
loss: 3.017106  [  256/  678]
loss: 3.140093  [  448/  678]
loss: 3.077981  [  640/  678]
Average Training Loss: 1.086057
Val Loss: 2.3594 | C-index: 0.6843

Epoch 4
-------------------------------
loss: 2.493130  [   64/  678]
loss: 2.786546  [  256/  678]
loss: 2.573238  [  448/  678]
loss: 2.237111  [  640/  678]
Average Training Loss: 0.917275
Val Loss: 2.3367 | C-index: 0.7226

Epoch 5
-------------------------------
loss: 2.625644  [   64/  678]
loss: 1.854445  [  256/  678]
loss: 2.497014  [  448/  678]
loss: 2.406529  [  640/  678]
Average Training Loss: 0.853058
Val Loss: 2.2939 | C-index: 0.7566

Epoch 6
-------------------------------
loss: 1.698657  [   64/  678]
loss: 1.218818  [  256/  678]
loss: 1.779766  [  448/  678]
loss: 1.393609  [  640/  678]
Average Training Loss: 0.553714
Val Loss: 2.7099 | C-index: 0.5906

Epoch 7
-------------------------------
loss: 1.703024  [   64/  678]
loss: 1.454153  [  256/  678]
loss: 1.643984  [  448/  678]
loss: 1.321615  [  640/  678]
Average Training Loss: 0.556616
Val Loss: 2.6907 | C-index: 0.6519

Epoch 8
-------------------------------
loss: 1.644706  [   64/  678]
loss: 1.510905  [  256/  678]
loss: 1.523409  [  448/  678]
loss: 1.807789  [  640/  678]
Average Training Loss: 0.589710
Val Loss: 2.6424 | C-index: 0.6791

Epoch 9
-------------------------------
loss: 1.079216  [   64/  678]
loss: 1.098607  [  256/  678]
loss: 1.185411  [  448/  678]
loss: 1.288665  [  640/  678]
Average Training Loss: 0.422900
Val Loss: 2.8026 | C-index: 0.6383

Epoch 10
-------------------------------
loss: 1.289201  [   64/  678]
loss: 0.835593  [  256/  678]
loss: 0.994014  [  448/  678]
loss: 1.130578  [  640/  678]
Average Training Loss: 0.386308
Val Loss: 2.9887 | C-index: 0.5285

Stopping early at Epoch 10 since no C-Index improvement after 5 epochs.
Done!
Best C-Index = 0.7565957446808511 at Epoch 5

=========================================
FOLD 4/5
=========================================

Epoch 1
-------------------------------
loss: 3.224508  [   64/  678]
loss: 2.355434  [  256/  678]
loss: 3.265107  [  448/  678]
loss: 2.893948  [  640/  678]
Average Training Loss: 1.067182
Val Loss: 2.8446 | C-index: 0.5610

Epoch 2
-------------------------------
loss: 2.802879  [   64/  678]
loss: 2.726146  [  256/  678]
loss: 3.230691  [  448/  678]
loss: 3.010997  [  640/  678]
Average Training Loss: 1.070065
Val Loss: 2.8341 | C-index: 0.5362

Epoch 3
-------------------------------
loss: 2.498940  [   64/  678]
loss: 2.558393  [  256/  678]
loss: 3.261562  [  448/  678]
loss: 2.603541  [  640/  678]
Average Training Loss: 0.992949
Val Loss: 2.7929 | C-index: 0.5659

Epoch 4
-------------------------------
loss: 2.797870  [   64/  678]
loss: 2.421758  [  256/  678]
loss: 2.126470  [  448/  678]
loss: 2.665159  [  640/  678]
Average Training Loss: 0.910114
Val Loss: 2.7558 | C-index: 0.5926

Epoch 5
-------------------------------
loss: 2.167718  [   64/  678]
loss: 2.155795  [  256/  678]
loss: 2.318580  [  448/  678]
loss: 1.882822  [  640/  678]
Average Training Loss: 0.774992
Val Loss: 2.7952 | C-index: 0.6043

Epoch 6
-------------------------------
loss: 1.527458  [   64/  678]
loss: 1.720125  [  256/  678]
loss: 1.508415  [  448/  678]
loss: 1.631370  [  640/  678]
Average Training Loss: 0.580670
Val Loss: 3.3280 | C-index: 0.5659

Epoch 7
-------------------------------
loss: 1.144576  [   64/  678]
loss: 1.885216  [  256/  678]
loss: 1.738608  [  448/  678]
loss: 1.522776  [  640/  678]
Average Training Loss: 0.571925
Val Loss: 3.1230 | C-index: 0.6093

Epoch 8
-------------------------------
loss: 1.141598  [   64/  678]
loss: 1.494115  [  256/  678]
loss: 1.662225  [  448/  678]
loss: 0.767471  [  640/  678]
Average Training Loss: 0.460492
Val Loss: 3.0685 | C-index: 0.5808

Epoch 9
-------------------------------
loss: 1.328484  [   64/  678]
loss: 1.230740  [  256/  678]
loss: 1.651776  [  448/  678]
loss: 1.405228  [  640/  678]
Average Training Loss: 0.510566
Val Loss: 3.4780 | C-index: 0.5845

Epoch 10
-------------------------------
loss: 1.602353  [   64/  678]
loss: 1.124581  [  256/  678]
loss: 1.573869  [  448/  678]
loss: 1.045755  [  640/  678]
Average Training Loss: 0.486051
Val Loss: 2.9642 | C-index: 0.6136

Epoch 11
-------------------------------
loss: 0.893781  [   64/  678]
loss: 1.593112  [  256/  678]
loss: 1.437532  [  448/  678]
loss: 1.181074  [  640/  678]
Average Training Loss: 0.464136
Val Loss: 3.4673 | C-index: 0.5548

Epoch 12
-------------------------------
loss: 1.143905  [   64/  678]
loss: 1.041564  [  256/  678]
loss: 1.246073  [  448/  678]
loss: 1.149033  [  640/  678]
Average Training Loss: 0.416416
Val Loss: 3.3955 | C-index: 0.5963

Epoch 13
-------------------------------
loss: 1.123698  [   64/  678]
loss: 0.780747  [  256/  678]
loss: 1.370994  [  448/  678]
loss: 0.937154  [  640/  678]
Average Training Loss: 0.382963
Val Loss: 3.4990 | C-index: 0.6211

Epoch 14
-------------------------------
loss: 0.872837  [   64/  678]
loss: 0.664342  [  256/  678]
loss: 1.188950  [  448/  678]
loss: 1.849996  [  640/  678]
Average Training Loss: 0.416011
Val Loss: 4.0417 | C-index: 0.5232

Epoch 15
-------------------------------
loss: 1.432689  [   64/  678]
loss: 0.390527  [  256/  678]
loss: 1.226373  [  448/  678]
loss: 0.874091  [  640/  678]
Average Training Loss: 0.356698
Val Loss: 3.1388 | C-index: 0.6390

Epoch 16
-------------------------------
loss: 0.944919  [   64/  678]
loss: 1.277560  [  256/  678]
loss: 1.097093  [  448/  678]
loss: 0.547941  [  640/  678]
Average Training Loss: 0.351592
Val Loss: 3.8828 | C-index: 0.5269

Epoch 17
-------------------------------
loss: 0.341906  [   64/  678]
loss: 0.711502  [  256/  678]
loss: 1.145796  [  448/  678]
loss: 0.791960  [  640/  678]
Average Training Loss: 0.271924
Val Loss: 3.3834 | C-index: 0.6149

Epoch 18
-------------------------------
loss: 0.787201  [   64/  678]
loss: 0.799410  [  256/  678]
loss: 1.107150  [  448/  678]
loss: 0.872052  [  640/  678]
Average Training Loss: 0.324165
Val Loss: 3.6980 | C-index: 0.5994

Epoch 19
-------------------------------
loss: 0.913728  [   64/  678]
loss: 0.823950  [  256/  678]
loss: 1.539810  [  448/  678]
loss: 1.261994  [  640/  678]
Average Training Loss: 0.412680
Val Loss: 3.2606 | C-index: 0.6514

Epoch 20
-------------------------------
loss: 0.866383  [   64/  678]
loss: 1.030054  [  256/  678]
loss: 1.053176  [  448/  678]
loss: 1.142860  [  640/  678]
Average Training Loss: 0.372043
Val Loss: 3.9383 | C-index: 0.5851

Epoch 21
-------------------------------
loss: 1.226025  [   64/  678]
loss: 1.057011  [  256/  678]
loss: 0.994932  [  448/  678]
loss: 0.955435  [  640/  678]
Average Training Loss: 0.384855
Val Loss: 3.9171 | C-index: 0.5678

Epoch 22
-------------------------------
loss: 0.273838  [   64/  678]
loss: 1.418203  [  256/  678]
loss: 1.028917  [  448/  678]
loss: 1.208031  [  640/  678]
Average Training Loss: 0.357181
Val Loss: 3.7536 | C-index: 0.6167

Epoch 23
-------------------------------
loss: 1.292445  [   64/  678]
loss: 0.509451  [  256/  678]
loss: 0.974732  [  448/  678]
loss: 1.127620  [  640/  678]
Average Training Loss: 0.354932
Val Loss: 4.1577 | C-index: 0.5653

Epoch 24
-------------------------------
loss: 1.402515  [   64/  678]
loss: 0.777452  [  256/  678]
loss: 1.248369  [  448/  678]
loss: 1.610054  [  640/  678]
Average Training Loss: 0.458035
Val Loss: 3.0842 | C-index: 0.6415

Stopping early at Epoch 24 since no C-Index improvement after 5 epochs.
Done!
Best C-Index = 0.6513931888544892 at Epoch 19

=========================================
FOLD 5/5
=========================================

Epoch 1
-------------------------------
loss: 3.484835  [   64/  678]
loss: 2.066693  [  256/  678]
loss: 3.206473  [  448/  678]
loss: 2.974244  [  640/  678]
Average Training Loss: 1.066568
Val Loss: 2.7746 | C-index: 0.6477

Epoch 2
-------------------------------
loss: 3.155961  [   64/  678]
loss: 2.805358  [  256/  678]
loss: 2.795126  [  448/  678]
loss: 2.241008  [  640/  678]
Average Training Loss: 0.999768
Val Loss: 2.7858 | C-index: 0.6567

Epoch 3
-------------------------------
loss: 2.628323  [   64/  678]
loss: 2.827222  [  256/  678]
loss: 2.950925  [  448/  678]
loss: 2.879815  [  640/  678]
Average Training Loss: 1.026026
Val Loss: 2.7133 | C-index: 0.6962

Epoch 4
-------------------------------
loss: 2.247254  [   64/  678]
loss: 2.886924  [  256/  678]
loss: 2.531736  [  448/  678]
loss: 2.787033  [  640/  678]
Average Training Loss: 0.950268
Val Loss: 2.6895 | C-index: 0.6152

Epoch 5
-------------------------------
loss: 2.022714  [   64/  678]
loss: 2.584575  [  256/  678]
loss: 2.384689  [  448/  678]
loss: 1.747773  [  640/  678]
Average Training Loss: 0.794523
Val Loss: 2.6719 | C-index: 0.6011

Epoch 6
-------------------------------
loss: 2.078177  [   64/  678]
loss: 2.026106  [  256/  678]
loss: 2.158625  [  448/  678]
loss: 1.991363  [  640/  678]
Average Training Loss: 0.750388
Val Loss: 2.6493 | C-index: 0.6618

Epoch 7
-------------------------------
loss: 1.680291  [   64/  678]
loss: 1.568460  [  256/  678]
loss: 1.608888  [  448/  678]
loss: 1.382164  [  640/  678]
Average Training Loss: 0.567255
Val Loss: 2.7043 | C-index: 0.6445

Epoch 8
-------------------------------
loss: 1.718970  [   64/  678]
loss: 1.242094  [  256/  678]
loss: 1.027665  [  448/  678]
loss: 1.650917  [  640/  678]
Average Training Loss: 0.512695
Val Loss: 2.9255 | C-index: 0.5954

Stopping early at Epoch 8 since no C-Index improvement after 5 epochs.
Done!
Best C-Index = 0.6962348436502872 at Epoch 3

=========================================
CV training complete! Mean ± std C-index: 0.7189 ± 0.0398
Best epochs per fold: [14, 5, 5, 19, 3]

=========================================
Retraining model on full train+val for 9 epochs...
Epoch 1
-------------------------------
loss: 3.244138  [   64/  847]
loss: 3.179768  [  320/  847]
loss: 2.782810  [  576/  847]
loss: 2.633456  [  832/  847]
Average Training Loss: 0.845727
Val Loss: 2.7365 | C-index: 0.6991

Epoch 2
-------------------------------
loss: 2.338853  [   64/  847]
loss: 3.022008  [  320/  847]
loss: 3.011394  [  576/  847]
loss: 2.947670  [  832/  847]
Average Training Loss: 0.808566
Val Loss: 2.5483 | C-index: 0.7806

Epoch 3
-------------------------------
loss: 2.597395  [   64/  847]
loss: 3.057010  [  320/  847]
loss: 2.489193  [  576/  847]
loss: 2.225479  [  832/  847]
Average Training Loss: 0.740648
Val Loss: 2.3481 | C-index: 0.8698

Epoch 4
-------------------------------
loss: 2.460831  [   64/  847]
loss: 2.267022  [  320/  847]
loss: 2.451901  [  576/  847]
loss: 2.462365  [  832/  847]
Average Training Loss: 0.688723
Val Loss: 1.9570 | C-index: 0.9188

Epoch 5
-------------------------------
loss: 2.256536  [   64/  847]
loss: 2.057874  [  320/  847]
loss: 1.841754  [  576/  847]
loss: 2.105103  [  832/  847]
Average Training Loss: 0.590091
Val Loss: 1.6341 | C-index: 0.9316

Epoch 6
-------------------------------
loss: 1.610489  [   64/  847]
loss: 2.159455  [  320/  847]
loss: 1.548544  [  576/  847]
loss: 1.837280  [  832/  847]
Average Training Loss: 0.511126
Val Loss: 1.5712 | C-index: 0.9224

Epoch 7
-------------------------------
loss: 1.434011  [   64/  847]
loss: 2.191433  [  320/  847]
loss: 1.241809  [  576/  847]
loss: 1.058961  [  832/  847]
Average Training Loss: 0.423301
Val Loss: 1.3550 | C-index: 0.9589

Epoch 8
-------------------------------
loss: 1.374103  [   64/  847]
loss: 1.531101  [  320/  847]
loss: 1.947919  [  576/  847]
loss: 0.722193  [  832/  847]
Average Training Loss: 0.398237
Val Loss: 1.4272 | C-index: 0.9387

Epoch 9
-------------------------------
loss: 1.174218  [   64/  847]
loss: 1.534334  [  320/  847]
loss: 0.966176  [  576/  847]
loss: 1.468535  [  832/  847]
Average Training Loss: 0.367376
Val Loss: 1.2058 | C-index: 0.9577

Done!
Best C-Index = 0.9588906273658709 at Epoch 7
FINAL TEST Average Loss: 2.9705
FINAL TEST C-index: 0.6228
Bootstrap 95% CI: [0.5105, 0.7220]
Top 10 activated pathways:
{'R-HSA-5656169': 0.060560863465070724, 'R-HSA-73927': 0.055512260645627975, 'R-HSA-9768919': 0.05481654778122902, 'R-HSA-168333': 0.046758800745010376, 'R-HSA-1566977': 0.04589689150452614, 'R-HSA-1606322': 0.045337092131376266, 'R-HSA-2024101': 0.044540345668792725, 'R-HSA-8956321': 0.038183216005563736, 'R-HSA-9841251': 0.036502305418252945, 'R-HSA-167044': 0.03649110347032547}
Results saved to /Users/evan/Documents/GitHub/HyBINN/experiments/runs/other/clinical_one_layer/seed0_hybinn/results.json
