train_hybinn.py log started 2026-06-17 01:14:59.797903
=========================================
Model Active Branches: ['binn', 'gene']
=========================================

=========================================
FOLD 1/5
=========================================

Epoch 1
-------------------------------
loss: 2.915140  [   64/  677]
loss: 3.234162  [  256/  677]
loss: 3.390157  [  448/  677]
loss: 2.759915  [  640/  677]
Average Training Loss: 1.118125
Val Loss: 2.7079 | C-index: 0.6406

Epoch 2
-------------------------------
loss: 2.605877  [   64/  677]
loss: 3.304838  [  256/  677]
loss: 2.552915  [  448/  677]
loss: 2.987436  [  640/  677]
Average Training Loss: 1.041006
Val Loss: 2.7077 | C-index: 0.6327

Epoch 3
-------------------------------
loss: 2.915181  [   64/  677]
loss: 3.124736  [  256/  677]
loss: 2.552161  [  448/  677]
loss: 2.655863  [  640/  677]
Average Training Loss: 1.022540
Val Loss: 2.6244 | C-index: 0.6473

Epoch 4
-------------------------------
loss: 2.474193  [   64/  677]
loss: 2.359545  [  256/  677]
loss: 2.565272  [  448/  677]
loss: 2.107685  [  640/  677]
Average Training Loss: 0.864245
Val Loss: 2.6243 | C-index: 0.6969

Epoch 5
-------------------------------
loss: 1.554936  [   64/  677]
loss: 1.641596  [  256/  677]
loss: 2.034838  [  448/  677]
loss: 2.276521  [  640/  677]
Average Training Loss: 0.682536
Val Loss: 2.4607 | C-index: 0.7101

Epoch 6
-------------------------------
loss: 1.873664  [   64/  677]
loss: 0.881776  [  256/  677]
loss: 1.947953  [  448/  677]
loss: 1.582953  [  640/  677]
Average Training Loss: 0.571486
Val Loss: 2.9944 | C-index: 0.6009

Epoch 7
-------------------------------
loss: 1.771859  [   64/  677]
loss: 1.551526  [  256/  677]
loss: 0.893854  [  448/  677]
loss: 1.557655  [  640/  677]
Average Training Loss: 0.524990
Val Loss: 3.5528 | C-index: 0.5950

Epoch 8
-------------------------------
loss: 1.609811  [   64/  677]
loss: 1.696791  [  256/  677]
loss: 1.739575  [  448/  677]
loss: 1.470229  [  640/  677]
Average Training Loss: 0.592401
Val Loss: 2.8631 | C-index: 0.5903

Epoch 9
-------------------------------
loss: 1.710537  [   64/  677]
loss: 0.824766  [  256/  677]
loss: 1.513681  [  448/  677]
loss: 1.677225  [  640/  677]
Average Training Loss: 0.520564
Val Loss: 2.7082 | C-index: 0.6876

Epoch 10
-------------------------------
loss: 1.667771  [   64/  677]
loss: 1.087538  [  256/  677]
loss: 1.312295  [  448/  677]
loss: 2.164766  [  640/  677]
Average Training Loss: 0.566579
Val Loss: 2.7614 | C-index: 0.6625

Stopping early at Epoch 10 since no C-Index improvement after 5 epochs.
Done!
Best C-Index = 0.7101257445400397 at Epoch 5

=========================================
FOLD 2/5
=========================================

Epoch 1
-------------------------------
loss: 3.076998  [   64/  677]
loss: 3.535714  [  256/  677]
loss: 2.632850  [  448/  677]
loss: 3.135352  [  640/  677]
Average Training Loss: 1.125538
Val Loss: 2.8593 | C-index: 0.5780

Epoch 2
-------------------------------
loss: 3.207472  [   64/  677]
loss: 3.195518  [  256/  677]
loss: 2.867999  [  448/  677]
loss: 2.994100  [  640/  677]
Average Training Loss: 1.115008
Val Loss: 2.8083 | C-index: 0.6430

Epoch 3
-------------------------------
loss: 3.046173  [   64/  677]
loss: 2.802125  [  256/  677]
loss: 2.533588  [  448/  677]
loss: 1.944538  [  640/  677]
Average Training Loss: 0.938766
Val Loss: 2.7764 | C-index: 0.6785

Epoch 4
-------------------------------
loss: 2.409033  [   64/  677]
loss: 2.400950  [  256/  677]
loss: 2.010751  [  448/  677]
loss: 2.445974  [  640/  677]
Average Training Loss: 0.842428
Val Loss: 2.7446 | C-index: 0.6725

Epoch 5
-------------------------------
loss: 2.125419  [   64/  677]
loss: 2.270263  [  256/  677]
loss: 1.615311  [  448/  677]
loss: 1.446376  [  640/  677]
Average Training Loss: 0.677943
Val Loss: 2.7691 | C-index: 0.6752

Epoch 6
-------------------------------
loss: 1.873672  [   64/  677]
loss: 1.724824  [  256/  677]
loss: 1.648332  [  448/  677]
loss: 1.746437  [  640/  677]
Average Training Loss: 0.635751
Val Loss: 3.0160 | C-index: 0.6765

Epoch 7
-------------------------------
loss: 1.876211  [   64/  677]
loss: 1.756161  [  256/  677]
loss: 0.705654  [  448/  677]
loss: 1.328165  [  640/  677]
Average Training Loss: 0.515108
Val Loss: 3.2833 | C-index: 0.6879

Epoch 8
-------------------------------
loss: 1.174921  [   64/  677]
loss: 1.403819  [  256/  677]
loss: 1.332716  [  448/  677]
loss: 1.533512  [  640/  677]
Average Training Loss: 0.494997
Val Loss: 2.8247 | C-index: 0.7388

Epoch 9
-------------------------------
loss: 1.280212  [   64/  677]
loss: 1.798484  [  256/  677]
loss: 1.276563  [  448/  677]
loss: 1.611770  [  640/  677]
Average Training Loss: 0.542457
Val Loss: 3.1492 | C-index: 0.6832

Epoch 10
-------------------------------
loss: 1.029727  [   64/  677]
loss: 2.140838  [  256/  677]
loss: 0.802575  [  448/  677]
loss: 1.062968  [  640/  677]
Average Training Loss: 0.457828
Val Loss: 2.8070 | C-index: 0.7428

Epoch 11
-------------------------------
loss: 1.388900  [   64/  677]
loss: 1.275493  [  256/  677]
loss: 0.582400  [  448/  677]
loss: 1.574973  [  640/  677]
Average Training Loss: 0.438342
Val Loss: 3.0162 | C-index: 0.6959

Epoch 12
-------------------------------
loss: 1.837001  [   64/  677]
loss: 1.055635  [  256/  677]
loss: 0.558029  [  448/  677]
loss: 1.064735  [  640/  677]
Average Training Loss: 0.410491
Val Loss: 3.3155 | C-index: 0.6939

Epoch 13
-------------------------------
loss: 1.420894  [   64/  677]
loss: 0.995556  [  256/  677]
loss: 0.731616  [  448/  677]
loss: 1.283187  [  640/  677]
Average Training Loss: 0.402841
Val Loss: 2.7909 | C-index: 0.7214

Epoch 14
-------------------------------
loss: 1.499563  [   64/  677]
loss: 1.165724  [  256/  677]
loss: 1.183061  [  448/  677]
loss: 0.962264  [  640/  677]
Average Training Loss: 0.437328
Val Loss: 2.8975 | C-index: 0.7254

Epoch 15
-------------------------------
loss: 1.172378  [   64/  677]
loss: 1.113496  [  256/  677]
loss: 0.742493  [  448/  677]
loss: 1.696139  [  640/  677]
Average Training Loss: 0.429500
Val Loss: 2.8178 | C-index: 0.7428

Stopping early at Epoch 15 since no C-Index improvement after 5 epochs.
Done!
Best C-Index = 0.7427997320830543 at Epoch 10

=========================================
FOLD 3/5
=========================================

Epoch 1
-------------------------------
loss: 3.181796  [   64/  678]
loss: 3.250909  [  256/  678]
loss: 2.527922  [  448/  678]
loss: 3.283341  [  640/  678]
Average Training Loss: 1.113088
Val Loss: 3.4204 | C-index: 0.5592

Epoch 2
-------------------------------
loss: 3.300029  [   64/  678]
loss: 2.857288  [  256/  678]
loss: 3.472602  [  448/  678]
loss: 2.020011  [  640/  678]
Average Training Loss: 1.059085
Val Loss: 3.3482 | C-index: 0.6288

Epoch 3
-------------------------------
loss: 2.414622  [   64/  678]
loss: 2.965082  [  256/  678]
loss: 2.286663  [  448/  678]
loss: 2.430079  [  640/  678]
Average Training Loss: 0.917859
Val Loss: 3.2856 | C-index: 0.6548

Epoch 4
-------------------------------
loss: 1.844933  [   64/  678]
loss: 2.316339  [  256/  678]
loss: 2.648141  [  448/  678]
loss: 2.525814  [  640/  678]
Average Training Loss: 0.848657
Val Loss: 3.3776 | C-index: 0.6891

Epoch 5
-------------------------------
loss: 2.221083  [   64/  678]
loss: 1.299828  [  256/  678]
loss: 1.460508  [  448/  678]
loss: 1.921274  [  640/  678]
Average Training Loss: 0.627518
Val Loss: 3.6793 | C-index: 0.6580

Epoch 6
-------------------------------
loss: 2.060505  [   64/  678]
loss: 1.661808  [  256/  678]
loss: 1.649268  [  448/  678]
loss: 1.032088  [  640/  678]
Average Training Loss: 0.582152
Val Loss: 3.8792 | C-index: 0.6436

Epoch 7
-------------------------------
loss: 1.437013  [   64/  678]
loss: 1.410214  [  256/  678]
loss: 1.385101  [  448/  678]
loss: 1.760973  [  640/  678]
Average Training Loss: 0.544846
Val Loss: 4.6900 | C-index: 0.6399

Epoch 8
-------------------------------
loss: 1.546466  [   64/  678]
loss: 1.426135  [  256/  678]
loss: 1.276562  [  448/  678]
loss: 1.220202  [  640/  678]
Average Training Loss: 0.497215
Val Loss: 4.3007 | C-index: 0.6524

Epoch 9
-------------------------------
loss: 1.363798  [   64/  678]
loss: 1.378704  [  256/  678]
loss: 1.092020  [  448/  678]
loss: 1.493179  [  640/  678]
Average Training Loss: 0.484337
Val Loss: 4.8186 | C-index: 0.6459

Stopping early at Epoch 9 since no C-Index improvement after 5 epochs.
Done!
Best C-Index = 0.6890951276102089 at Epoch 4

=========================================
FOLD 4/5
=========================================

Epoch 1
-------------------------------
loss: 3.126124  [   64/  678]
loss: 3.155726  [  256/  678]
loss: 3.103429  [  448/  678]
loss: 2.593044  [  640/  678]
Average Training Loss: 1.088938
Val Loss: 2.5149 | C-index: 0.5606

Epoch 2
-------------------------------
loss: 3.259141  [   64/  678]
loss: 2.367600  [  256/  678]
loss: 2.570863  [  448/  678]
loss: 3.160400  [  640/  678]
Average Training Loss: 1.032546
Val Loss: 2.5322 | C-index: 0.5566

Epoch 3
-------------------------------
loss: 3.467728  [   64/  678]
loss: 2.595695  [  256/  678]
loss: 2.770244  [  448/  678]
loss: 2.613230  [  640/  678]
Average Training Loss: 1.040627
Val Loss: 2.6032 | C-index: 0.5167

Epoch 4
-------------------------------
loss: 1.967309  [   64/  678]
loss: 2.408867  [  256/  678]
loss: 2.202381  [  448/  678]
loss: 2.534788  [  640/  678]
Average Training Loss: 0.828486
Val Loss: 2.6548 | C-index: 0.5423

Epoch 5
-------------------------------
loss: 2.195739  [   64/  678]
loss: 1.954334  [  256/  678]
loss: 1.682647  [  448/  678]
loss: 1.990918  [  640/  678]
Average Training Loss: 0.711240
Val Loss: 2.5785 | C-index: 0.6164

Epoch 6
-------------------------------
loss: 1.230168  [   64/  678]
loss: 1.976361  [  256/  678]
loss: 1.419864  [  448/  678]
loss: 1.842910  [  640/  678]
Average Training Loss: 0.588118
Val Loss: 2.9526 | C-index: 0.5550

Epoch 7
-------------------------------
loss: 1.284492  [   64/  678]
loss: 1.545336  [  256/  678]
loss: 2.408331  [  448/  678]
loss: 1.729209  [  640/  678]
Average Training Loss: 0.633397
Val Loss: 2.9062 | C-index: 0.5064

Epoch 8
-------------------------------
loss: 1.445874  [   64/  678]
loss: 2.137028  [  256/  678]
loss: 1.519214  [  448/  678]
loss: 1.278068  [  640/  678]
Average Training Loss: 0.580017
Val Loss: 3.1216 | C-index: 0.4968

Epoch 9
-------------------------------
loss: 0.950052  [   64/  678]
loss: 1.254579  [  256/  678]
loss: 1.539570  [  448/  678]
loss: 1.148698  [  640/  678]
Average Training Loss: 0.444809
Val Loss: 2.9378 | C-index: 0.5120

Epoch 10
-------------------------------
loss: 0.824676  [   64/  678]
loss: 1.752244  [  256/  678]
loss: 0.663770  [  448/  678]
loss: 1.565961  [  640/  678]
Average Training Loss: 0.436968
Val Loss: 3.3437 | C-index: 0.5359

Stopping early at Epoch 10 since no C-Index improvement after 5 epochs.
Done!
Best C-Index = 0.6164274322169059 at Epoch 5

=========================================
FOLD 5/5
=========================================

Epoch 1
-------------------------------
loss: 2.639178  [   64/  678]
loss: 2.656737  [  256/  678]
loss: 3.077617  [  448/  678]
loss: 2.425724  [  640/  678]
Average Training Loss: 0.981751
Val Loss: 3.0796 | C-index: 0.5783

Epoch 2
-------------------------------
loss: 2.421782  [   64/  678]
loss: 2.813171  [  256/  678]
loss: 3.143737  [  448/  678]
loss: 2.888152  [  640/  678]
Average Training Loss: 1.024258
Val Loss: 3.0875 | C-index: 0.6294

Epoch 3
-------------------------------
loss: 2.724052  [   64/  678]
loss: 2.778144  [  256/  678]
loss: 2.920386  [  448/  678]
loss: 2.090159  [  640/  678]
Average Training Loss: 0.955704
Val Loss: 3.0293 | C-index: 0.6187

Epoch 4
-------------------------------
loss: 0.844653  [   64/  678]
loss: 2.555359  [  256/  678]
loss: 2.218636  [  448/  678]
loss: 2.406204  [  640/  678]
Average Training Loss: 0.729532
Val Loss: 2.9199 | C-index: 0.6958

Epoch 5
-------------------------------
loss: 2.009662  [   64/  678]
loss: 1.704965  [  256/  678]
loss: 1.541320  [  448/  678]
loss: 2.284560  [  640/  678]
Average Training Loss: 0.685501
Val Loss: 3.0440 | C-index: 0.7045

Epoch 6
-------------------------------
loss: 1.918746  [   64/  678]
loss: 1.982979  [  256/  678]
loss: 1.700306  [  448/  678]
loss: 1.307815  [  640/  678]
Average Training Loss: 0.628168
Val Loss: 3.3160 | C-index: 0.6933

Epoch 7
-------------------------------
loss: 1.450531  [   64/  678]
loss: 1.667376  [  256/  678]
loss: 1.728751  [  448/  678]
loss: 1.436711  [  640/  678]
Average Training Loss: 0.571215
Val Loss: 3.0092 | C-index: 0.6777

Epoch 8
-------------------------------
loss: 1.528396  [   64/  678]
loss: 1.689881  [  256/  678]
loss: 1.215656  [  448/  678]
loss: 1.088182  [  640/  678]
Average Training Loss: 0.502010
Val Loss: 3.3919 | C-index: 0.7118

Epoch 9
-------------------------------
loss: 1.333139  [   64/  678]
loss: 1.021856  [  256/  678]
loss: 1.259297  [  448/  678]
loss: 0.761517  [  640/  678]
Average Training Loss: 0.397801
Val Loss: 3.2243 | C-index: 0.7357

Epoch 10
-------------------------------
loss: 1.473534  [   64/  678]
loss: 1.670167  [  256/  678]
loss: 1.203086  [  448/  678]
loss: 1.538492  [  640/  678]
Average Training Loss: 0.535025
Val Loss: 3.6052 | C-index: 0.7245

Epoch 11
-------------------------------
loss: 0.799558  [   64/  678]
loss: 1.478123  [  256/  678]
loss: 1.796704  [  448/  678]
loss: 1.612801  [  640/  678]
Average Training Loss: 0.517017
Val Loss: 3.6633 | C-index: 0.6704

Epoch 12
-------------------------------
loss: 0.861296  [   64/  678]
loss: 1.360846  [  256/  678]
loss: 0.896421  [  448/  678]
loss: 1.028353  [  640/  678]
Average Training Loss: 0.376992
Val Loss: 3.4944 | C-index: 0.6841

Epoch 13
-------------------------------
loss: 1.115454  [   64/  678]
loss: 0.690914  [  256/  678]
loss: 1.319316  [  448/  678]
loss: 1.415807  [  640/  678]
Average Training Loss: 0.412863
Val Loss: 3.2670 | C-index: 0.7187

Epoch 14
-------------------------------
loss: 0.922290  [   64/  678]
loss: 0.408872  [  256/  678]
loss: 0.715482  [  448/  678]
loss: 1.018003  [  640/  678]
Average Training Loss: 0.278604
Val Loss: 3.2049 | C-index: 0.7172

Stopping early at Epoch 14 since no C-Index improvement after 5 epochs.
Done!
Best C-Index = 0.7357386640663092 at Epoch 9

=========================================
CV training complete! Mean ± std C-index: 0.6988 ± 0.0454
Best epochs per fold: [5, 10, 4, 5, 9]

=========================================
Retraining model on full train+val for 7 epochs...
Epoch 1
-------------------------------
loss: 3.104333  [   64/  847]
loss: 3.138619  [  320/  847]
loss: 2.639777  [  576/  847]
loss: 3.121462  [  832/  847]
Average Training Loss: 0.857442
Val Loss: 2.7868 | C-index: 0.6644

Epoch 2
-------------------------------
loss: 3.129408  [   64/  847]
loss: 2.882663  [  320/  847]
loss: 2.673837  [  576/  847]
loss: 2.949641  [  832/  847]
Average Training Loss: 0.831111
Val Loss: 2.6252 | C-index: 0.7683

Epoch 3
-------------------------------
loss: 2.394544  [   64/  847]
loss: 2.720904  [  320/  847]
loss: 2.816585  [  576/  847]
loss: 2.563235  [  832/  847]
Average Training Loss: 0.749662
Val Loss: 2.3794 | C-index: 0.8764

Epoch 4
-------------------------------
loss: 2.790706  [   64/  847]
loss: 2.636130  [  320/  847]
loss: 2.546921  [  576/  847]
loss: 2.308278  [  832/  847]
Average Training Loss: 0.734431
Val Loss: 1.9749 | C-index: 0.8973

Epoch 5
-------------------------------
loss: 2.164654  [   64/  847]
loss: 1.897862  [  320/  847]
loss: 1.817546  [  576/  847]
loss: 1.913201  [  832/  847]
Average Training Loss: 0.556662
Val Loss: 1.5858 | C-index: 0.9375

Epoch 6
-------------------------------
loss: 1.622893  [   64/  847]
loss: 1.841564  [  320/  847]
loss: 1.508187  [  576/  847]
loss: 2.440479  [  832/  847]
Average Training Loss: 0.529509
Val Loss: 1.3164 | C-index: 0.9303

Epoch 7
-------------------------------
loss: 1.172512  [   64/  847]
loss: 1.047853  [  320/  847]
loss: 1.605100  [  576/  847]
loss: 2.018473  [  832/  847]
Average Training Loss: 0.417424
Val Loss: 1.4212 | C-index: 0.9482

Done!
Best C-Index = 0.9481732615756656 at Epoch 7
FINAL TEST Average Loss: 3.2605
FINAL TEST C-index: 0.5948
Bootstrap 95% CI: [0.4299, 0.7394]
Top 10 activated pathways:
{'R-HSA-5334118': 0.05693971738219261, 'R-HSA-181430': 0.04709108546376228, 'R-HSA-877312': 0.039937280118465424, 'R-HSA-9958790': 0.03843866288661957, 'R-HSA-9753281': 0.035283856093883514, 'R-HSA-8979227': 0.03459407389163971, 'R-HSA-400685': 0.034561119973659515, 'R-HSA-416572': 0.03392856940627098, 'R-HSA-9603798': 0.0335504412651062, 'R-HSA-5694530': 0.03318261727690697}
Results saved to /Users/evan/Documents/GitHub/HyBINN/experiments/runs/binn_gene/seed_9/results.json
