train_hybinn.py log started 2026-06-05 22:06:49.691919
=========================================
Model Active Branches: ['binn', 'gene', 'clinical']
=========================================

=========================================
FOLD 1/5
=========================================

Epoch 1
-------------------------------
loss: 2.715914  [   64/  677]
loss: 2.939753  [  256/  677]
loss: 2.875308  [  448/  677]
loss: 2.776782  [  640/  677]
Average Training Loss: 1.027978
Val Loss: 3.1026 | C-index: 0.5759

Epoch 2
-------------------------------
loss: 3.016575  [   64/  677]
loss: 2.636141  [  256/  677]
loss: 2.932405  [  448/  677]
loss: 2.907188  [  640/  677]
Average Training Loss: 1.044755
Val Loss: 3.0781 | C-index: 0.5427

Epoch 3
-------------------------------
loss: 2.724320  [   64/  677]
loss: 2.457125  [  256/  677]
loss: 2.858901  [  448/  677]
loss: 2.707941  [  640/  677]
Average Training Loss: 0.977117
Val Loss: 3.0392 | C-index: 0.6437

Epoch 4
-------------------------------
loss: 2.701255  [   64/  677]
loss: 2.678179  [  256/  677]
loss: 2.539845  [  448/  677]
loss: 2.448790  [  640/  677]
Average Training Loss: 0.942552
Val Loss: 2.9946 | C-index: 0.6779

Epoch 5
-------------------------------
loss: 2.783971  [   64/  677]
loss: 1.857975  [  256/  677]
loss: 2.456175  [  448/  677]
loss: 2.131259  [  640/  677]
Average Training Loss: 0.839035
Val Loss: 2.9486 | C-index: 0.6789

Epoch 6
-------------------------------
loss: 1.355812  [   64/  677]
loss: 2.250881  [  256/  677]
loss: 1.474498  [  448/  677]
loss: 2.479874  [  640/  677]
Average Training Loss: 0.687370
Val Loss: 2.9022 | C-index: 0.6559

Epoch 7
-------------------------------
loss: 1.518405  [   64/  677]
loss: 1.420297  [  256/  677]
loss: 1.902213  [  448/  677]
loss: 1.803194  [  640/  677]
Average Training Loss: 0.604010
Val Loss: 3.1662 | C-index: 0.6403

Epoch 8
-------------------------------
loss: 1.608612  [   64/  677]
loss: 0.773169  [  256/  677]
loss: 1.794335  [  448/  677]
loss: 1.079849  [  640/  677]
Average Training Loss: 0.477815
Val Loss: 3.4152 | C-index: 0.5652

Epoch 9
-------------------------------
loss: 1.226613  [   64/  677]
loss: 1.317694  [  256/  677]
loss: 0.924606  [  448/  677]
loss: 1.520363  [  640/  677]
Average Training Loss: 0.453571
Val Loss: 3.0441 | C-index: 0.6715

Epoch 10
-------------------------------
loss: 1.259865  [   64/  677]
loss: 1.629910  [  256/  677]
loss: 1.936199  [  448/  677]
loss: 1.524753  [  640/  677]
Average Training Loss: 0.577339
Val Loss: 3.0681 | C-index: 0.6837

Epoch 11
-------------------------------
loss: 0.901324  [   64/  677]
loss: 0.837555  [  256/  677]
loss: 2.125073  [  448/  677]
loss: 2.248223  [  640/  677]
Average Training Loss: 0.555652
Val Loss: 2.9248 | C-index: 0.6755

Epoch 12
-------------------------------
loss: 1.639500  [   64/  677]
loss: 1.467312  [  256/  677]
loss: 1.597708  [  448/  677]
loss: 1.316261  [  640/  677]
Average Training Loss: 0.547344
Val Loss: 2.9904 | C-index: 0.6686

Epoch 13
-------------------------------
loss: 0.829840  [   64/  677]
loss: 1.076187  [  256/  677]
loss: 0.703935  [  448/  677]
loss: 1.585682  [  640/  677]
Average Training Loss: 0.381422
Val Loss: 3.1453 | C-index: 0.6408

Epoch 14
-------------------------------
loss: 1.485882  [   64/  677]
loss: 0.737493  [  256/  677]
loss: 0.937402  [  448/  677]
loss: 1.246900  [  640/  677]
Average Training Loss: 0.400698
Val Loss: 2.9688 | C-index: 0.6916

Epoch 15
-------------------------------
loss: 0.862060  [   64/  677]
loss: 1.151417  [  256/  677]
loss: 1.080038  [  448/  677]
loss: 1.127969  [  640/  677]
Average Training Loss: 0.383771
Val Loss: 3.1492 | C-index: 0.7262

Epoch 16
-------------------------------
loss: 1.500001  [   64/  677]
loss: 0.880004  [  256/  677]
loss: 1.237835  [  448/  677]
loss: 1.264173  [  640/  677]
Average Training Loss: 0.443819
Val Loss: 2.9762 | C-index: 0.7028

Epoch 17
-------------------------------
loss: 1.075276  [   64/  677]
loss: 0.327410  [  256/  677]
loss: 1.101307  [  448/  677]
loss: 1.428830  [  640/  677]
Average Training Loss: 0.357529
Val Loss: 3.1434 | C-index: 0.6515

Epoch 18
-------------------------------
loss: 1.410104  [   64/  677]
loss: 0.305175  [  256/  677]
loss: 1.124551  [  448/  677]
loss: 1.339375  [  640/  677]
Average Training Loss: 0.379928
Val Loss: 3.1488 | C-index: 0.7033

Epoch 19
-------------------------------
loss: 1.030295  [   64/  677]
loss: 0.896163  [  256/  677]
loss: 1.033609  [  448/  677]
loss: 0.644644  [  640/  677]
Average Training Loss: 0.327701
Val Loss: 3.3964 | C-index: 0.6364

Epoch 20
-------------------------------
loss: 0.509280  [   64/  677]
loss: 1.732656  [  256/  677]
loss: 0.966069  [  448/  677]
loss: 1.317247  [  640/  677]
Average Training Loss: 0.411387
Val Loss: 3.2149 | C-index: 0.6491

Stopping early at Epoch 20 since no C-Index improvement after 5 epochs.
Done!
Best C-Index = 0.726207906295754 at Epoch 15

=========================================
FOLD 2/5
=========================================

Epoch 1
-------------------------------
loss: 3.443279  [   64/  677]
loss: 3.079321  [  256/  677]
loss: 3.074431  [  448/  677]
loss: 2.738823  [  640/  677]
Average Training Loss: 1.121441
Val Loss: 3.0003 | C-index: 0.5266

Epoch 2
-------------------------------
loss: 3.062406  [   64/  677]
loss: 3.000005  [  256/  677]
loss: 2.469772  [  448/  677]
loss: 2.971538  [  640/  677]
Average Training Loss: 1.045793
Val Loss: 2.9842 | C-index: 0.6103

Epoch 3
-------------------------------
loss: 2.940973  [   64/  677]
loss: 3.331476  [  256/  677]
loss: 2.824698  [  448/  677]
loss: 3.171430  [  640/  677]
Average Training Loss: 1.115325
Val Loss: 2.9032 | C-index: 0.7262

Epoch 4
-------------------------------
loss: 2.947311  [   64/  677]
loss: 2.155065  [  256/  677]
loss: 2.857985  [  448/  677]
loss: 2.730967  [  640/  677]
Average Training Loss: 0.971939
Val Loss: 2.8998 | C-index: 0.6275

Epoch 5
-------------------------------
loss: 2.578212  [   64/  677]
loss: 1.654642  [  256/  677]
loss: 2.602561  [  448/  677]
loss: 2.289071  [  640/  677]
Average Training Loss: 0.829499
Val Loss: 2.8354 | C-index: 0.6580

Epoch 6
-------------------------------
loss: 1.985374  [   64/  677]
loss: 2.122839  [  256/  677]
loss: 2.275040  [  448/  677]
loss: 2.491239  [  640/  677]
Average Training Loss: 0.806772
Val Loss: 2.8881 | C-index: 0.7068

Epoch 7
-------------------------------
loss: 1.411539  [   64/  677]
loss: 1.729424  [  256/  677]
loss: 1.341756  [  448/  677]
loss: 2.000748  [  640/  677]
Average Training Loss: 0.589406
Val Loss: 3.3676 | C-index: 0.5527

Epoch 8
-------------------------------
loss: 1.913213  [   64/  677]
loss: 1.636391  [  256/  677]
loss: 1.689711  [  448/  677]
loss: 1.452474  [  640/  677]
Average Training Loss: 0.608344
Val Loss: 3.1477 | C-index: 0.6635

Stopping early at Epoch 8 since no C-Index improvement after 5 epochs.
Done!
Best C-Index = 0.7261640798226164 at Epoch 3

=========================================
FOLD 3/5
=========================================

Epoch 1
-------------------------------
loss: 3.247762  [   64/  678]
loss: 2.992640  [  256/  678]
loss: 2.925204  [  448/  678]
loss: 3.437980  [  640/  678]
Average Training Loss: 1.145780
Val Loss: 2.4052 | C-index: 0.6629

Epoch 2
-------------------------------
loss: 3.180886  [   64/  678]
loss: 2.619141  [  256/  678]
loss: 3.380456  [  448/  678]
loss: 3.357526  [  640/  678]
Average Training Loss: 1.139819
Val Loss: 2.4048 | C-index: 0.6653

Epoch 3
-------------------------------
loss: 3.008445  [   64/  678]
loss: 2.424799  [  256/  678]
loss: 2.781702  [  448/  678]
loss: 3.126236  [  640/  678]
Average Training Loss: 1.031016
Val Loss: 2.3481 | C-index: 0.7089

Epoch 4
-------------------------------
loss: 2.887931  [   64/  678]
loss: 2.989482  [  256/  678]
loss: 2.568968  [  448/  678]
loss: 2.665815  [  640/  678]
Average Training Loss: 1.010200
Val Loss: 2.2891 | C-index: 0.7105

Epoch 5
-------------------------------
loss: 2.640080  [   64/  678]
loss: 2.407418  [  256/  678]
loss: 2.400737  [  448/  678]
loss: 2.175663  [  640/  678]
Average Training Loss: 0.874900
Val Loss: 2.2511 | C-index: 0.6887

Epoch 6
-------------------------------
loss: 2.529594  [   64/  678]
loss: 1.714315  [  256/  678]
loss: 1.662634  [  448/  678]
loss: 2.351044  [  640/  678]
Average Training Loss: 0.750690
Val Loss: 2.5078 | C-index: 0.6379

Epoch 7
-------------------------------
loss: 1.453139  [   64/  678]
loss: 1.254068  [  256/  678]
loss: 0.884033  [  448/  678]
loss: 1.674818  [  640/  678]
Average Training Loss: 0.478733
Val Loss: 2.4135 | C-index: 0.7242

Epoch 8
-------------------------------
loss: 1.225741  [   64/  678]
loss: 2.060799  [  256/  678]
loss: 1.585812  [  448/  678]
loss: 1.670841  [  640/  678]
Average Training Loss: 0.594836
Val Loss: 2.8240 | C-index: 0.6758

Epoch 9
-------------------------------
loss: 1.335819  [   64/  678]
loss: 1.246084  [  256/  678]
loss: 1.784700  [  448/  678]
loss: 0.893581  [  640/  678]
Average Training Loss: 0.478198
Val Loss: 2.2529 | C-index: 0.7363

Epoch 10
-------------------------------
loss: 1.298671  [   64/  678]
loss: 1.604551  [  256/  678]
loss: 1.477221  [  448/  678]
loss: 1.363397  [  640/  678]
Average Training Loss: 0.522167
Val Loss: 3.0211 | C-index: 0.6024

Epoch 11
-------------------------------
loss: 1.222467  [   64/  678]
loss: 1.635958  [  256/  678]
loss: 1.745740  [  448/  678]
loss: 1.581466  [  640/  678]
Average Training Loss: 0.562330
Val Loss: 2.6100 | C-index: 0.6556

Epoch 12
-------------------------------
loss: 2.039886  [   64/  678]
loss: 1.406227  [  256/  678]
loss: 1.388506  [  448/  678]
loss: 1.594156  [  640/  678]
Average Training Loss: 0.584434
Val Loss: 3.0586 | C-index: 0.6597

Epoch 13
-------------------------------
loss: 1.448495  [   64/  678]
loss: 1.823049  [  256/  678]
loss: 1.063322  [  448/  678]
loss: 1.502425  [  640/  678]
Average Training Loss: 0.530663
Val Loss: 2.5558 | C-index: 0.7024

Epoch 14
-------------------------------
loss: 0.951629  [   64/  678]
loss: 0.853027  [  256/  678]
loss: 1.311437  [  448/  678]
loss: 1.891670  [  640/  678]
Average Training Loss: 0.455251
Val Loss: 2.7356 | C-index: 0.6847

Stopping early at Epoch 14 since no C-Index improvement after 5 epochs.
Done!
Best C-Index = 0.7362903225806452 at Epoch 9

=========================================
FOLD 4/5
=========================================

Epoch 1
-------------------------------
loss: 2.605677  [   64/  678]
loss: 3.072244  [  256/  678]
loss: 2.675433  [  448/  678]
loss: 2.991726  [  640/  678]
Average Training Loss: 1.031371
Val Loss: 3.2070 | C-index: 0.4128

Epoch 2
-------------------------------
loss: 3.258824  [   64/  678]
loss: 2.642737  [  256/  678]
loss: 3.113326  [  448/  678]
loss: 3.249989  [  640/  678]
Average Training Loss: 1.114989
Val Loss: 3.2160 | C-index: 0.3956

Epoch 3
-------------------------------
loss: 2.718148  [   64/  678]
loss: 2.321477  [  256/  678]
loss: 2.683222  [  448/  678]
loss: 3.026324  [  640/  678]
Average Training Loss: 0.977197
Val Loss: 3.2731 | C-index: 0.4833

Epoch 4
-------------------------------
loss: 2.852816  [   64/  678]
loss: 2.454910  [  256/  678]
loss: 2.209076  [  448/  678]
loss: 2.733575  [  640/  678]
Average Training Loss: 0.931852
Val Loss: 3.3373 | C-index: 0.4720

Epoch 5
-------------------------------
loss: 1.787130  [   64/  678]
loss: 2.430142  [  256/  678]
loss: 2.204692  [  448/  678]
loss: 1.484605  [  640/  678]
Average Training Loss: 0.718779
Val Loss: 3.4086 | C-index: 0.5910

Epoch 6
-------------------------------
loss: 1.845231  [   64/  678]
loss: 1.645847  [  256/  678]
loss: 1.211562  [  448/  678]
loss: 2.435532  [  640/  678]
Average Training Loss: 0.648925
Val Loss: 3.8264 | C-index: 0.4586

Epoch 7
-------------------------------
loss: 1.545763  [   64/  678]
loss: 1.587404  [  256/  678]
loss: 1.655563  [  448/  678]
loss: 1.385253  [  640/  678]
Average Training Loss: 0.561271
Val Loss: 3.8031 | C-index: 0.5581

Epoch 8
-------------------------------
loss: 1.296467  [   64/  678]
loss: 1.463399  [  256/  678]
loss: 1.375588  [  448/  678]
loss: 1.333351  [  640/  678]
Average Training Loss: 0.497164
Val Loss: 4.1421 | C-index: 0.4812

Epoch 9
-------------------------------
loss: 1.635067  [   64/  678]
loss: 1.335128  [  256/  678]
loss: 1.168124  [  448/  678]
loss: 1.331435  [  640/  678]
Average Training Loss: 0.497250
Val Loss: 3.9769 | C-index: 0.5705

Epoch 10
-------------------------------
loss: 0.887694  [   64/  678]
loss: 1.242899  [  256/  678]
loss: 1.483670  [  448/  678]
loss: 1.292887  [  640/  678]
Average Training Loss: 0.446104
Val Loss: 3.9521 | C-index: 0.6109

Epoch 11
-------------------------------
loss: 0.943916  [   64/  678]
loss: 1.778700  [  256/  678]
loss: 0.874414  [  448/  678]
loss: 0.905205  [  640/  678]
Average Training Loss: 0.409294
Val Loss: 4.2656 | C-index: 0.5802

Epoch 12
-------------------------------
loss: 1.045789  [   64/  678]
loss: 1.198692  [  256/  678]
loss: 1.447106  [  448/  678]
loss: 1.565424  [  640/  678]
Average Training Loss: 0.477910
Val Loss: 4.2049 | C-index: 0.5140

Epoch 13
-------------------------------
loss: 1.216422  [   64/  678]
loss: 1.602829  [  256/  678]
loss: 1.675625  [  448/  678]
loss: 0.768431  [  640/  678]
Average Training Loss: 0.478483
Val Loss: 3.9618 | C-index: 0.4860

Epoch 14
-------------------------------
loss: 0.505797  [   64/  678]
loss: 1.357739  [  256/  678]
loss: 1.567925  [  448/  678]
loss: 1.385296  [  640/  678]
Average Training Loss: 0.437887
Val Loss: 4.4264 | C-index: 0.5328

Epoch 15
-------------------------------
loss: 0.871253  [   64/  678]
loss: 1.052400  [  256/  678]
loss: 1.156361  [  448/  678]
loss: 1.496688  [  640/  678]
Average Training Loss: 0.416064
Val Loss: 4.0591 | C-index: 0.5377

Stopping early at Epoch 15 since no C-Index improvement after 5 epochs.
Done!
Best C-Index = 0.6108719052744886 at Epoch 10

=========================================
FOLD 5/5
=========================================

Epoch 1
-------------------------------
loss: 3.009991  [   64/  678]
loss: 3.172497  [  256/  678]
loss: 3.052032  [  448/  678]
loss: 2.753049  [  640/  678]
Average Training Loss: 1.089779
Val Loss: 2.5586 | C-index: 0.3829

Epoch 2
-------------------------------
loss: 3.430273  [   64/  678]
loss: 3.068727  [  256/  678]
loss: 2.750876  [  448/  678]
loss: 3.093673  [  640/  678]
Average Training Loss: 1.122141
Val Loss: 2.5791 | C-index: 0.4041

Epoch 3
-------------------------------
loss: 2.734821  [   64/  678]
loss: 3.147126  [  256/  678]
loss: 3.098245  [  448/  678]
loss: 2.869208  [  640/  678]
Average Training Loss: 1.077218
Val Loss: 2.5727 | C-index: 0.4062

Epoch 4
-------------------------------
loss: 2.561619  [   64/  678]
loss: 2.482144  [  256/  678]
loss: 2.531532  [  448/  678]
loss: 1.572354  [  640/  678]
Average Training Loss: 0.831605
Val Loss: 2.6474 | C-index: 0.4747

Epoch 5
-------------------------------
loss: 2.070259  [   64/  678]
loss: 2.350143  [  256/  678]
loss: 2.005857  [  448/  678]
loss: 2.326597  [  640/  678]
Average Training Loss: 0.795714
Val Loss: 2.8630 | C-index: 0.4877

Epoch 6
-------------------------------
loss: 1.925634  [   64/  678]
loss: 1.081106  [  256/  678]
loss: 1.654765  [  448/  678]
loss: 1.863088  [  640/  678]
Average Training Loss: 0.593145
Val Loss: 2.9126 | C-index: 0.4562

Epoch 7
-------------------------------
loss: 1.475066  [   64/  678]
loss: 1.076686  [  256/  678]
loss: 1.928536  [  448/  678]
loss: 1.957644  [  640/  678]
Average Training Loss: 0.585267
Val Loss: 2.8580 | C-index: 0.4795

Epoch 8
-------------------------------
loss: 1.216422  [   64/  678]
loss: 1.961699  [  256/  678]
loss: 1.652249  [  448/  678]
loss: 1.994016  [  640/  678]
Average Training Loss: 0.620399
Val Loss: 3.1754 | C-index: 0.4288

Epoch 9
-------------------------------
loss: 2.270229  [   64/  678]
loss: 1.461542  [  256/  678]
loss: 1.680394  [  448/  678]
loss: 1.439091  [  640/  678]
Average Training Loss: 0.622842
Val Loss: 2.9730 | C-index: 0.4938

Epoch 10
-------------------------------
loss: 1.796744  [   64/  678]
loss: 1.501333  [  256/  678]
loss: 0.784099  [  448/  678]
loss: 2.112200  [  640/  678]
Average Training Loss: 0.563125
Val Loss: 2.9266 | C-index: 0.5342

Epoch 11
-------------------------------
loss: 1.651439  [   64/  678]
loss: 1.220250  [  256/  678]
loss: 1.004860  [  448/  678]
loss: 0.981683  [  640/  678]
Average Training Loss: 0.441658
Val Loss: 3.2150 | C-index: 0.4938

Epoch 12
-------------------------------
loss: 1.265357  [   64/  678]
loss: 1.197938  [  256/  678]
loss: 1.096892  [  448/  678]
loss: 1.478817  [  640/  678]
Average Training Loss: 0.458091
Val Loss: 3.3335 | C-index: 0.5062

Epoch 13
-------------------------------
loss: 1.414088  [   64/  678]
loss: 1.123704  [  256/  678]
loss: 1.295225  [  448/  678]
loss: 0.803242  [  640/  678]
Average Training Loss: 0.421478
Val Loss: 3.3548 | C-index: 0.4623

Epoch 14
-------------------------------
loss: 1.034374  [   64/  678]
loss: 0.472531  [  256/  678]
loss: 1.492415  [  448/  678]
loss: 1.538696  [  640/  678]
Average Training Loss: 0.412547
Val Loss: 3.2431 | C-index: 0.4979

Epoch 15
-------------------------------
loss: 0.711183  [   64/  678]
loss: 1.219251  [  256/  678]
loss: 1.153025  [  448/  678]
loss: 1.605456  [  640/  678]
Average Training Loss: 0.426265
Val Loss: 3.0761 | C-index: 0.5130

Stopping early at Epoch 15 since no C-Index improvement after 5 epochs.
Done!
Best C-Index = 0.5342465753424658 at Epoch 10

=========================================
CV training complete! Mean ± std C-index: 0.6668 ± 0.0807
Best epochs per fold: [15, 3, 9, 10, 10]

=========================================
Retraining model on full train+val for 9 epochs...
Epoch 1
-------------------------------
loss: 2.795447  [   64/  847]
loss: 3.671852  [  320/  847]
loss: 2.981400  [  576/  847]
loss: 3.289294  [  832/  847]
Average Training Loss: 0.909857
Val Loss: 2.8922 | C-index: 0.6187

Epoch 2
-------------------------------
loss: 2.581981  [   64/  847]
loss: 2.881728  [  320/  847]
loss: 2.612888  [  576/  847]
loss: 2.929541  [  832/  847]
Average Training Loss: 0.786153
Val Loss: 2.8098 | C-index: 0.7430

Epoch 3
-------------------------------
loss: 2.903202  [   64/  847]
loss: 2.885890  [  320/  847]
loss: 2.324737  [  576/  847]
loss: 2.705556  [  832/  847]
Average Training Loss: 0.772813
Val Loss: 2.5160 | C-index: 0.8206

Epoch 4
-------------------------------
loss: 2.655110  [   64/  847]
loss: 2.508224  [  320/  847]
loss: 2.440105  [  576/  847]
loss: 2.198938  [  832/  847]
Average Training Loss: 0.700170
Val Loss: 2.0995 | C-index: 0.8939

Epoch 5
-------------------------------
loss: 2.666649  [   64/  847]
loss: 1.956983  [  320/  847]
loss: 2.334646  [  576/  847]
loss: 2.649223  [  832/  847]
Average Training Loss: 0.686250
Val Loss: 1.8412 | C-index: 0.9161

Epoch 6
-------------------------------
loss: 2.107704  [   64/  847]
loss: 1.657872  [  320/  847]
loss: 0.824719  [  576/  847]
loss: 1.381850  [  832/  847]
Average Training Loss: 0.426582
Val Loss: 1.7997 | C-index: 0.9272

Epoch 7
-------------------------------
loss: 2.067312  [   64/  847]
loss: 2.367911  [  320/  847]
loss: 2.313833  [  576/  847]
loss: 1.409480  [  832/  847]
Average Training Loss: 0.582753
Val Loss: 1.3902 | C-index: 0.9541

Epoch 8
-------------------------------
loss: 1.512532  [   64/  847]
loss: 2.253797  [  320/  847]
loss: 1.699069  [  576/  847]
loss: 1.549344  [  832/  847]
Average Training Loss: 0.501053
Val Loss: 1.2775 | C-index: 0.9536

Epoch 9
-------------------------------
loss: 1.689045  [   64/  847]
loss: 1.552794  [  320/  847]
loss: 0.902123  [  576/  847]
loss: 0.688694  [  832/  847]
Average Training Loss: 0.345190
Val Loss: 1.2893 | C-index: 0.9564

Done!
Best C-Index = 0.9563998384299189 at Epoch 9
FINAL TEST Average Loss: 2.8192
FINAL TEST C-index: 0.7297
Bootstrap 95% CI: [0.6235, 0.8219]
Top 10 activated pathways:
{'R-HSA-8963899': 0.06294826418161392, 'R-HSA-6806667': 0.0568021684885025, 'R-HSA-456926': 0.05467115342617035, 'R-HSA-9670439': 0.05277002975344658, 'R-HSA-180024': 0.04933547601103783, 'R-HSA-9709603': 0.0444100983440876, 'R-HSA-5620924': 0.043451424688100815, 'R-HSA-210993': 0.04090387001633644, 'R-HSA-8964043': 0.04078524932265282, 'R-HSA-9013507': 0.040355466306209564}
Results saved to /Users/evan/Documents/GitHub/HyBINN/experiments/runs/full_hybinn/seed_2/results.json
