train_hybinn.py log started 2026-06-17 01:11:14.207037
=========================================
Model Active Branches: ['binn', 'gene']
=========================================

=========================================
FOLD 1/5
=========================================

Epoch 1
-------------------------------
loss: 3.358627  [   64/  677]
loss: 3.328016  [  256/  677]
loss: 2.476927  [  448/  677]
loss: 2.867247  [  640/  677]
Average Training Loss: 1.093711
Val Loss: 2.5632 | C-index: 0.5651

Epoch 2
-------------------------------
loss: 2.830144  [   64/  677]
loss: 2.936000  [  256/  677]
loss: 2.984625  [  448/  677]
loss: 2.666704  [  640/  677]
Average Training Loss: 1.037952
Val Loss: 2.5960 | C-index: 0.5296

Epoch 3
-------------------------------
loss: 3.111768  [   64/  677]
loss: 2.833722  [  256/  677]
loss: 2.966763  [  448/  677]
loss: 2.848028  [  640/  677]
Average Training Loss: 1.069116
Val Loss: 2.6251 | C-index: 0.4765

Epoch 4
-------------------------------
loss: 2.281794  [   64/  677]
loss: 2.380690  [  256/  677]
loss: 2.968662  [  448/  677]
loss: 2.222368  [  640/  677]
Average Training Loss: 0.895774
Val Loss: 2.8521 | C-index: 0.4388

Epoch 5
-------------------------------
loss: 2.389492  [   64/  677]
loss: 2.332692  [  256/  677]
loss: 1.808898  [  448/  677]
loss: 2.254429  [  640/  677]
Average Training Loss: 0.798683
Val Loss: 2.8557 | C-index: 0.4696

Epoch 6
-------------------------------
loss: 2.195093  [   64/  677]
loss: 1.491926  [  256/  677]
loss: 2.195030  [  448/  677]
loss: 1.920637  [  640/  677]
Average Training Loss: 0.709335
Val Loss: 2.9837 | C-index: 0.4765

Stopping early at Epoch 6 since no C-Index improvement after 5 epochs.
Done!
Best C-Index = 0.565050038491147 at Epoch 1

=========================================
FOLD 2/5
=========================================

Epoch 1
-------------------------------
loss: 2.171769  [   64/  677]
loss: 3.165408  [  256/  677]
loss: 2.770299  [  448/  677]
loss: 2.906507  [  640/  677]
Average Training Loss: 1.001271
Val Loss: 2.8856 | C-index: 0.5379

Epoch 2
-------------------------------
loss: 3.196993  [   64/  677]
loss: 3.007795  [  256/  677]
loss: 3.047403  [  448/  677]
loss: 2.424829  [  640/  677]
Average Training Loss: 1.061547
Val Loss: 2.8496 | C-index: 0.5710

Epoch 3
-------------------------------
loss: 2.149467  [   64/  677]
loss: 2.975154  [  256/  677]
loss: 2.590892  [  448/  677]
loss: 2.939245  [  640/  677]
Average Training Loss: 0.968614
Val Loss: 2.8123 | C-index: 0.6822

Epoch 4
-------------------------------
loss: 2.667422  [   64/  677]
loss: 2.240048  [  256/  677]
loss: 2.530202  [  448/  677]
loss: 2.012719  [  640/  677]
Average Training Loss: 0.859126
Val Loss: 2.8062 | C-index: 0.6536

Epoch 5
-------------------------------
loss: 2.394536  [   64/  677]
loss: 1.012082  [  256/  677]
loss: 1.663337  [  448/  677]
loss: 1.426554  [  640/  677]
Average Training Loss: 0.590592
Val Loss: 2.8832 | C-index: 0.6451

Epoch 6
-------------------------------
loss: 2.038464  [   64/  677]
loss: 1.343576  [  256/  677]
loss: 1.176047  [  448/  677]
loss: 1.677555  [  640/  677]
Average Training Loss: 0.566877
Val Loss: 2.8816 | C-index: 0.7080

Epoch 7
-------------------------------
loss: 0.784691  [   64/  677]
loss: 1.707598  [  256/  677]
loss: 1.002082  [  448/  677]
loss: 1.705789  [  640/  677]
Average Training Loss: 0.472742
Val Loss: 3.1914 | C-index: 0.5744

Epoch 8
-------------------------------
loss: 1.174331  [   64/  677]
loss: 1.395298  [  256/  677]
loss: 0.906866  [  448/  677]
loss: 1.630101  [  640/  677]
Average Training Loss: 0.464236
Val Loss: 3.1008 | C-index: 0.6272

Epoch 9
-------------------------------
loss: 1.599760  [   64/  677]
loss: 0.766938  [  256/  677]
loss: 1.647007  [  448/  677]
loss: 1.042622  [  640/  677]
Average Training Loss: 0.459666
Val Loss: 3.0563 | C-index: 0.7114

Epoch 10
-------------------------------
loss: 1.299332  [   64/  677]
loss: 1.355084  [  256/  677]
loss: 1.872083  [  448/  677]
loss: 0.697467  [  640/  677]
Average Training Loss: 0.474906
Val Loss: 3.1387 | C-index: 0.7198

Epoch 11
-------------------------------
loss: 0.946932  [   64/  677]
loss: 1.194123  [  256/  677]
loss: 0.962923  [  448/  677]
loss: 1.905016  [  640/  677]
Average Training Loss: 0.455363
Val Loss: 3.2318 | C-index: 0.6727

Epoch 12
-------------------------------
loss: 1.044096  [   64/  677]
loss: 0.895526  [  256/  677]
loss: 0.739666  [  448/  677]
loss: 1.227536  [  640/  677]
Average Training Loss: 0.355166
Val Loss: 3.5387 | C-index: 0.6053

Epoch 13
-------------------------------
loss: 0.530118  [   64/  677]
loss: 1.032504  [  256/  677]
loss: 1.658039  [  448/  677]
loss: 1.542408  [  640/  677]
Average Training Loss: 0.433006
Val Loss: 3.6563 | C-index: 0.6171

Epoch 14
-------------------------------
loss: 1.357764  [   64/  677]
loss: 1.032220  [  256/  677]
loss: 1.344048  [  448/  677]
loss: 1.250536  [  640/  677]
Average Training Loss: 0.453143
Val Loss: 3.3276 | C-index: 0.6783

Epoch 15
-------------------------------
loss: 0.867369  [   64/  677]
loss: 0.897398  [  256/  677]
loss: 1.307521  [  448/  677]
loss: 0.749698  [  640/  677]
Average Training Loss: 0.347453
Val Loss: 3.1060 | C-index: 0.6362

Stopping early at Epoch 15 since no C-Index improvement after 5 epochs.
Done!
Best C-Index = 0.7198203256597417 at Epoch 10

=========================================
FOLD 3/5
=========================================

Epoch 1
-------------------------------
loss: 2.815167  [   64/  678]
loss: 3.114329  [  256/  678]
loss: 2.375588  [  448/  678]
loss: 2.454164  [  640/  678]
Average Training Loss: 0.978114
Val Loss: 2.8022 | C-index: 0.4563

Epoch 2
-------------------------------
loss: 3.030901  [   64/  678]
loss: 2.665706  [  256/  678]
loss: 3.300269  [  448/  678]
loss: 2.569463  [  640/  678]
Average Training Loss: 1.051485
Val Loss: 2.7661 | C-index: 0.5306

Epoch 3
-------------------------------
loss: 2.790266  [   64/  678]
loss: 2.914440  [  256/  678]
loss: 2.701758  [  448/  678]
loss: 2.720714  [  640/  678]
Average Training Loss: 1.011562
Val Loss: 2.7512 | C-index: 0.6414

Epoch 4
-------------------------------
loss: 2.434710  [   64/  678]
loss: 2.690603  [  256/  678]
loss: 2.542353  [  448/  678]
loss: 2.051598  [  640/  678]
Average Training Loss: 0.883569
Val Loss: 2.7300 | C-index: 0.6573

Epoch 5
-------------------------------
loss: 1.513037  [   64/  678]
loss: 1.860951  [  256/  678]
loss: 1.476164  [  448/  678]
loss: 2.869501  [  640/  678]
Average Training Loss: 0.701787
Val Loss: 3.0386 | C-index: 0.6187

Epoch 6
-------------------------------
loss: 1.768981  [   64/  678]
loss: 2.555432  [  256/  678]
loss: 1.351188  [  448/  678]
loss: 2.044871  [  640/  678]
Average Training Loss: 0.701861
Val Loss: 3.3951 | C-index: 0.4831

Epoch 7
-------------------------------
loss: 1.469833  [   64/  678]
loss: 1.534215  [  256/  678]
loss: 1.559321  [  448/  678]
loss: 1.990104  [  640/  678]
Average Training Loss: 0.595770
Val Loss: 2.8845 | C-index: 0.6779

Epoch 8
-------------------------------
loss: 1.324453  [   64/  678]
loss: 1.185657  [  256/  678]
loss: 1.655164  [  448/  678]
loss: 1.457205  [  640/  678]
Average Training Loss: 0.511134
Val Loss: 3.3142 | C-index: 0.6105

Epoch 9
-------------------------------
loss: 1.390583  [   64/  678]
loss: 1.576760  [  256/  678]
loss: 1.128047  [  448/  678]
loss: 1.130034  [  640/  678]
Average Training Loss: 0.475038
Val Loss: 3.1098 | C-index: 0.6896

Epoch 10
-------------------------------
loss: 1.419099  [   64/  678]
loss: 1.206917  [  256/  678]
loss: 0.792357  [  448/  678]
loss: 1.167511  [  640/  678]
Average Training Loss: 0.416899
Val Loss: 3.8454 | C-index: 0.5994

Epoch 11
-------------------------------
loss: 2.713799  [   64/  678]
loss: 0.742260  [  256/  678]
loss: 1.163285  [  448/  678]
loss: 0.733583  [  640/  678]
Average Training Loss: 0.486630
Val Loss: 3.4607 | C-index: 0.5699

Epoch 12
-------------------------------
loss: 1.550970  [   64/  678]
loss: 1.394385  [  256/  678]
loss: 0.980356  [  448/  678]
loss: 0.719803  [  640/  678]
Average Training Loss: 0.422319
Val Loss: 3.1113 | C-index: 0.6917

Epoch 13
-------------------------------
loss: 0.818971  [   64/  678]
loss: 0.624449  [  256/  678]
loss: 1.222784  [  448/  678]
loss: 0.903831  [  640/  678]
Average Training Loss: 0.324549
Val Loss: 3.6692 | C-index: 0.5526

Epoch 14
-------------------------------
loss: 1.235147  [   64/  678]
loss: 0.891613  [  256/  678]
loss: 2.009614  [  448/  678]
loss: 0.930351  [  640/  678]
Average Training Loss: 0.460611
Val Loss: 3.2153 | C-index: 0.6979

Epoch 15
-------------------------------
loss: 1.057186  [   64/  678]
loss: 1.129061  [  256/  678]
loss: 1.656863  [  448/  678]
loss: 0.550746  [  640/  678]
Average Training Loss: 0.399442
Val Loss: 3.5750 | C-index: 0.5733

Epoch 16
-------------------------------
loss: 0.640123  [   64/  678]
loss: 1.761888  [  256/  678]
loss: 0.951113  [  448/  678]
loss: 0.343550  [  640/  678]
Average Training Loss: 0.336061
Val Loss: 3.5448 | C-index: 0.5712

Epoch 17
-------------------------------
loss: 0.789382  [   64/  678]
loss: 0.881148  [  256/  678]
loss: 1.419923  [  448/  678]
loss: 1.031042  [  640/  678]
Average Training Loss: 0.374681
Val Loss: 3.3211 | C-index: 0.7006

Epoch 18
-------------------------------
loss: 1.219259  [   64/  678]
loss: 1.014726  [  256/  678]
loss: 0.925130  [  448/  678]
loss: 1.128287  [  640/  678]
Average Training Loss: 0.389764
Val Loss: 4.4245 | C-index: 0.5341

Epoch 19
-------------------------------
loss: 0.844897  [   64/  678]
loss: 0.369681  [  256/  678]
loss: 1.180190  [  448/  678]
loss: 1.366567  [  640/  678]
Average Training Loss: 0.341940
Val Loss: 3.6392 | C-index: 0.6579

Epoch 20
-------------------------------
loss: 0.980626  [   64/  678]
loss: 1.623295  [  256/  678]
loss: 0.884415  [  448/  678]
loss: 0.992131  [  640/  678]
Average Training Loss: 0.407315
Val Loss: 3.4632 | C-index: 0.6442

Epoch 21
-------------------------------
loss: 0.915967  [   64/  678]
loss: 1.206228  [  256/  678]
loss: 0.656697  [  448/  678]
loss: 1.223564  [  640/  678]
Average Training Loss: 0.363860
Val Loss: 4.1101 | C-index: 0.6105

Epoch 22
-------------------------------
loss: 1.102644  [   64/  678]
loss: 0.722426  [  256/  678]
loss: 0.705005  [  448/  678]
loss: 0.955748  [  640/  678]
Average Training Loss: 0.316893
Val Loss: 3.3996 | C-index: 0.6242

Stopping early at Epoch 22 since no C-Index improvement after 5 epochs.
Done!
Best C-Index = 0.7006194081211287 at Epoch 17

=========================================
FOLD 4/5
=========================================

Epoch 1
-------------------------------
loss: 2.403507  [   64/  678]
loss: 2.459203  [  256/  678]
loss: 3.355335  [  448/  678]
loss: 2.695390  [  640/  678]
Average Training Loss: 0.992131
Val Loss: 2.8449 | C-index: 0.4922

Epoch 2
-------------------------------
loss: 2.742140  [   64/  678]
loss: 2.427052  [  256/  678]
loss: 2.743628  [  448/  678]
loss: 2.846745  [  640/  678]
Average Training Loss: 0.978142
Val Loss: 2.8845 | C-index: 0.4667

Epoch 3
-------------------------------
loss: 3.058900  [   64/  678]
loss: 2.664869  [  256/  678]
loss: 2.325199  [  448/  678]
loss: 2.887152  [  640/  678]
Average Training Loss: 0.994193
Val Loss: 2.9160 | C-index: 0.5055

Epoch 4
-------------------------------
loss: 2.498462  [   64/  678]
loss: 2.191661  [  256/  678]
loss: 2.554039  [  448/  678]
loss: 1.464623  [  640/  678]
Average Training Loss: 0.791708
Val Loss: 2.9053 | C-index: 0.5542

Epoch 5
-------------------------------
loss: 1.863735  [   64/  678]
loss: 2.185288  [  256/  678]
loss: 2.047772  [  448/  678]
loss: 1.218149  [  640/  678]
Average Training Loss: 0.664995
Val Loss: 3.1421 | C-index: 0.5594

Epoch 6
-------------------------------
loss: 1.784479  [   64/  678]
loss: 1.653733  [  256/  678]
loss: 1.341933  [  448/  678]
loss: 0.949012  [  640/  678]
Average Training Loss: 0.520832
Val Loss: 3.1072 | C-index: 0.5304

Epoch 7
-------------------------------
loss: 1.120163  [   64/  678]
loss: 1.017415  [  256/  678]
loss: 1.753726  [  448/  678]
loss: 1.193210  [  640/  678]
Average Training Loss: 0.462229
Val Loss: 4.0701 | C-index: 0.4377

Epoch 8
-------------------------------
loss: 1.345328  [   64/  678]
loss: 2.216418  [  256/  678]
loss: 1.743843  [  448/  678]
loss: 1.999973  [  640/  678]
Average Training Loss: 0.664142
Val Loss: 3.4938 | C-index: 0.5403

Epoch 9
-------------------------------
loss: 1.998686  [   64/  678]
loss: 1.654125  [  256/  678]
loss: 1.396069  [  448/  678]
loss: 1.286557  [  640/  678]
Average Training Loss: 0.575949
Val Loss: 3.3804 | C-index: 0.5548

Epoch 10
-------------------------------
loss: 0.874953  [   64/  678]
loss: 0.784047  [  256/  678]
loss: 1.088402  [  448/  678]
loss: 1.078593  [  640/  678]
Average Training Loss: 0.347818
Val Loss: 3.4099 | C-index: 0.5391

Stopping early at Epoch 10 since no C-Index improvement after 5 epochs.
Done!
Best C-Index = 0.5594202898550724 at Epoch 5

=========================================
FOLD 5/5
=========================================

Epoch 1
-------------------------------
loss: 3.248830  [   64/  678]
loss: 2.603804  [  256/  678]
loss: 2.704357  [  448/  678]
loss: 3.018565  [  640/  678]
Average Training Loss: 1.052323
Val Loss: 2.8167 | C-index: 0.5541

Epoch 2
-------------------------------
loss: 3.241125  [   64/  678]
loss: 3.121852  [  256/  678]
loss: 2.780640  [  448/  678]
loss: 3.394632  [  640/  678]
Average Training Loss: 1.139841
Val Loss: 2.8292 | C-index: 0.5743

Epoch 3
-------------------------------
loss: 2.492035  [   64/  678]
loss: 3.081941  [  256/  678]
loss: 2.643826  [  448/  678]
loss: 2.832112  [  640/  678]
Average Training Loss: 1.004538
Val Loss: 2.7912 | C-index: 0.6113

Epoch 4
-------------------------------
loss: 2.736063  [   64/  678]
loss: 2.497368  [  256/  678]
loss: 3.030922  [  448/  678]
loss: 1.441432  [  640/  678]
Average Training Loss: 0.882344
Val Loss: 2.8004 | C-index: 0.6298

Epoch 5
-------------------------------
loss: 1.891044  [   64/  678]
loss: 2.549244  [  256/  678]
loss: 2.148796  [  448/  678]
loss: 1.571890  [  640/  678]
Average Training Loss: 0.741907
Val Loss: 2.9044 | C-index: 0.5850

Epoch 6
-------------------------------
loss: 1.949750  [   64/  678]
loss: 1.609307  [  256/  678]
loss: 1.227419  [  448/  678]
loss: 1.353774  [  640/  678]
Average Training Loss: 0.558205
Val Loss: 3.7984 | C-index: 0.5407

Epoch 7
-------------------------------
loss: 1.352791  [   64/  678]
loss: 2.115332  [  256/  678]
loss: 1.630810  [  448/  678]
loss: 1.675875  [  640/  678]
Average Training Loss: 0.615892
Val Loss: 3.2772 | C-index: 0.6096

Epoch 8
-------------------------------
loss: 1.562986  [   64/  678]
loss: 1.650749  [  256/  678]
loss: 1.602920  [  448/  678]
loss: 0.924186  [  640/  678]
Average Training Loss: 0.521895
Val Loss: 3.0739 | C-index: 0.6141

Epoch 9
-------------------------------
loss: 1.350344  [   64/  678]
loss: 0.665772  [  256/  678]
loss: 0.543902  [  448/  678]
loss: 1.846396  [  640/  678]
Average Training Loss: 0.400583
Val Loss: 3.3067 | C-index: 0.5883

Stopping early at Epoch 9 since no C-Index improvement after 5 epochs.
Done!
Best C-Index = 0.6298373527762199 at Epoch 4

=========================================
CV training complete! Mean ± std C-index: 0.6349 ± 0.0665
Best epochs per fold: [1, 10, 17, 5, 4]

=========================================
Retraining model on full train+val for 7 epochs...
Epoch 1
-------------------------------
loss: 2.704152  [   64/  847]
loss: 3.073211  [  320/  847]
loss: 3.188389  [  576/  847]
loss: 2.734149  [  832/  847]
Average Training Loss: 0.835707
Val Loss: 2.8466 | C-index: 0.6636

Epoch 2
-------------------------------
loss: 2.984682  [   64/  847]
loss: 3.072604  [  320/  847]
loss: 3.135911  [  576/  847]
loss: 2.518111  [  832/  847]
Average Training Loss: 0.836522
Val Loss: 2.7144 | C-index: 0.7612

Epoch 3
-------------------------------
loss: 3.104082  [   64/  847]
loss: 2.381569  [  320/  847]
loss: 2.933468  [  576/  847]
loss: 2.418764  [  832/  847]
Average Training Loss: 0.774135
Val Loss: 2.3965 | C-index: 0.8366

Epoch 4
-------------------------------
loss: 2.660778  [   64/  847]
loss: 2.322140  [  320/  847]
loss: 2.188407  [  576/  847]
loss: 2.337600  [  832/  847]
Average Training Loss: 0.679209
Val Loss: 1.7322 | C-index: 0.9215

Epoch 5
-------------------------------
loss: 2.009458  [   64/  847]
loss: 1.705217  [  320/  847]
loss: 2.157333  [  576/  847]
loss: 1.487588  [  832/  847]
Average Training Loss: 0.525685
Val Loss: 1.6785 | C-index: 0.9176

Epoch 6
-------------------------------
loss: 1.541046  [   64/  847]
loss: 1.905730  [  320/  847]
loss: 1.089927  [  576/  847]
loss: 2.552071  [  832/  847]
Average Training Loss: 0.506341
Val Loss: 1.5822 | C-index: 0.9409

Epoch 7
-------------------------------
loss: 1.828244  [   64/  847]
loss: 1.924621  [  320/  847]
loss: 1.427292  [  576/  847]
loss: 1.907723  [  832/  847]
Average Training Loss: 0.506277
Val Loss: 1.3414 | C-index: 0.9590

Done!
Best C-Index = 0.958984039814656 at Epoch 7
FINAL TEST Average Loss: 2.4246
FINAL TEST C-index: 0.7765
Bootstrap 95% CI: [0.6886, 0.8457]
Top 10 activated pathways:
{'R-HSA-430039': 0.055187903344631195, 'R-HSA-380972': 0.043036941438913345, 'R-HSA-9031628': 0.04176745191216469, 'R-HSA-391160': 0.04169004410505295, 'R-HSA-416572': 0.03848865628242493, 'R-HSA-3371511': 0.037189871072769165, 'R-HSA-3000157': 0.03691374883055687, 'R-HSA-428930': 0.035507380962371826, 'R-HSA-450408': 0.03490428999066353, 'R-HSA-212676': 0.03482764959335327}
Results saved to /Users/evan/Documents/GitHub/HyBINN/experiments/runs/binn_gene/seed_4/results.json
