train_hybinn.py log started 2026-06-17 01:17:46.792060
=========================================
Model Active Branches: ['binn', 'clinical']
=========================================

=========================================
FOLD 1/5
=========================================

Epoch 1
-------------------------------
loss: 3.063410  [   64/  677]
loss: 3.109807  [  256/  677]
loss: 3.118528  [  448/  677]
loss: 2.813247  [  640/  677]
Average Training Loss: 1.100454
Val Loss: 2.7289 | C-index: 0.7330

Epoch 2
-------------------------------
loss: 3.117497  [   64/  677]
loss: 3.123071  [  256/  677]
loss: 2.459058  [  448/  677]
loss: 3.370553  [  640/  677]
Average Training Loss: 1.097289
Val Loss: 2.7228 | C-index: 0.6685

Epoch 3
-------------------------------
loss: 3.248409  [   64/  677]
loss: 2.745579  [  256/  677]
loss: 2.977125  [  448/  677]
loss: 2.883017  [  640/  677]
Average Training Loss: 1.077648
Val Loss: 2.7070 | C-index: 0.5740

Epoch 4
-------------------------------
loss: 2.872969  [   64/  677]
loss: 3.060868  [  256/  677]
loss: 2.526984  [  448/  677]
loss: 2.963274  [  640/  677]
Average Training Loss: 1.038554
Val Loss: 2.6925 | C-index: 0.5442

Epoch 5
-------------------------------
loss: 2.879436  [   64/  677]
loss: 3.024629  [  256/  677]
loss: 2.434773  [  448/  677]
loss: 2.901625  [  640/  677]
Average Training Loss: 1.021860
Val Loss: 2.6793 | C-index: 0.5557

Epoch 6
-------------------------------
loss: 3.470551  [   64/  677]
loss: 2.165391  [  256/  677]
loss: 2.760432  [  448/  677]
loss: 2.736288  [  640/  677]
Average Training Loss: 1.012060
Val Loss: 2.6311 | C-index: 0.6080

Stopping early at Epoch 6 since no C-Index improvement after 5 epochs.
Done!
Best C-Index = 0.733016304347826 at Epoch 1

=========================================
FOLD 2/5
=========================================

Epoch 1
-------------------------------
loss: 2.891399  [   64/  677]
loss: 3.140538  [  256/  677]
loss: 2.804216  [  448/  677]
loss: 2.914098  [  640/  677]
Average Training Loss: 1.068205
Val Loss: 2.7889 | C-index: 0.5445

Epoch 2
-------------------------------
loss: 3.301212  [   64/  677]
loss: 1.914561  [  256/  677]
loss: 2.967206  [  448/  677]
loss: 3.041587  [  640/  677]
Average Training Loss: 1.020415
Val Loss: 2.7853 | C-index: 0.5648

Epoch 3
-------------------------------
loss: 2.825587  [   64/  677]
loss: 2.827672  [  256/  677]
loss: 3.032375  [  448/  677]
loss: 2.561758  [  640/  677]
Average Training Loss: 1.022490
Val Loss: 2.7726 | C-index: 0.5913

Epoch 4
-------------------------------
loss: 3.069385  [   64/  677]
loss: 2.973274  [  256/  677]
loss: 2.626402  [  448/  677]
loss: 2.360344  [  640/  677]
Average Training Loss: 1.002673
Val Loss: 2.7517 | C-index: 0.5933

Epoch 5
-------------------------------
loss: 3.089163  [   64/  677]
loss: 2.596170  [  256/  677]
loss: 2.693447  [  448/  677]
loss: 2.766693  [  640/  677]
Average Training Loss: 1.013225
Val Loss: 2.7440 | C-index: 0.5940

Epoch 6
-------------------------------
loss: 2.719364  [   64/  677]
loss: 2.898373  [  256/  677]
loss: 2.566339  [  448/  677]
loss: 2.647640  [  640/  677]
Average Training Loss: 0.984701
Val Loss: 2.7874 | C-index: 0.5513

Epoch 7
-------------------------------
loss: 2.711197  [   64/  677]
loss: 2.579989  [  256/  677]
loss: 3.248736  [  448/  677]
loss: 2.363395  [  640/  677]
Average Training Loss: 0.991211
Val Loss: 2.7844 | C-index: 0.5506

Epoch 8
-------------------------------
loss: 2.583789  [   64/  677]
loss: 2.821409  [  256/  677]
loss: 2.825082  [  448/  677]
loss: 2.695669  [  640/  677]
Average Training Loss: 0.993268
Val Loss: 2.7657 | C-index: 0.5696

Epoch 9
-------------------------------
loss: 2.011498  [   64/  677]
loss: 2.460130  [  256/  677]
loss: 2.591028  [  448/  677]
loss: 2.739366  [  640/  677]
Average Training Loss: 0.891093
Val Loss: 2.7427 | C-index: 0.6049

Epoch 10
-------------------------------
loss: 2.303876  [   64/  677]
loss: 2.343996  [  256/  677]
loss: 2.647249  [  448/  677]
loss: 2.213403  [  640/  677]
Average Training Loss: 0.864411
Val Loss: 2.7771 | C-index: 0.5696

Epoch 11
-------------------------------
loss: 2.317621  [   64/  677]
loss: 2.917698  [  256/  677]
loss: 2.162861  [  448/  677]
loss: 2.116652  [  640/  677]
Average Training Loss: 0.864985
Val Loss: 2.7842 | C-index: 0.5533

Epoch 12
-------------------------------
loss: 2.519410  [   64/  677]
loss: 2.361995  [  256/  677]
loss: 2.281529  [  448/  677]
loss: 2.045829  [  640/  677]
Average Training Loss: 0.837160
Val Loss: 2.7694 | C-index: 0.5336

Epoch 13
-------------------------------
loss: 2.188678  [   64/  677]
loss: 2.587031  [  256/  677]
loss: 2.651174  [  448/  677]
loss: 2.403845  [  640/  677]
Average Training Loss: 0.893703
Val Loss: 2.7456 | C-index: 0.5451

Epoch 14
-------------------------------
loss: 1.614119  [   64/  677]
loss: 2.511352  [  256/  677]
loss: 2.619928  [  448/  677]
loss: 2.468068  [  640/  677]
Average Training Loss: 0.837588
Val Loss: 2.7435 | C-index: 0.5737

Stopping early at Epoch 14 since no C-Index improvement after 5 epochs.
Done!
Best C-Index = 0.604887983706721 at Epoch 9

=========================================
FOLD 3/5
=========================================

Epoch 1
-------------------------------
loss: 2.926615  [   64/  678]
loss: 3.457690  [  256/  678]
loss: 2.881197  [  448/  678]
loss: 2.535232  [  640/  678]
Average Training Loss: 1.072794
Val Loss: 2.5299 | C-index: 0.6942

Epoch 2
-------------------------------
loss: 2.860076  [   64/  678]
loss: 2.532796  [  256/  678]
loss: 2.780280  [  448/  678]
loss: 3.340587  [  640/  678]
Average Training Loss: 1.046704
Val Loss: 2.5231 | C-index: 0.6980

Epoch 3
-------------------------------
loss: 3.309821  [   64/  678]
loss: 3.312237  [  256/  678]
loss: 2.575281  [  448/  678]
loss: 2.944771  [  640/  678]
Average Training Loss: 1.103828
Val Loss: 2.5016 | C-index: 0.6555

Epoch 4
-------------------------------
loss: 3.029625  [   64/  678]
loss: 2.701276  [  256/  678]
loss: 2.790082  [  448/  678]
loss: 2.566541  [  640/  678]
Average Training Loss: 1.007957
Val Loss: 2.4765 | C-index: 0.6335

Epoch 5
-------------------------------
loss: 2.831530  [   64/  678]
loss: 2.667984  [  256/  678]
loss: 2.800617  [  448/  678]
loss: 3.046776  [  640/  678]
Average Training Loss: 1.031537
Val Loss: 2.4808 | C-index: 0.6290

Epoch 6
-------------------------------
loss: 2.950833  [   64/  678]
loss: 2.302444  [  256/  678]
loss: 2.844423  [  448/  678]
loss: 2.715783  [  640/  678]
Average Training Loss: 0.983044
Val Loss: 2.4862 | C-index: 0.6168

Epoch 7
-------------------------------
loss: 2.283648  [   64/  678]
loss: 2.736019  [  256/  678]
loss: 2.904487  [  448/  678]
loss: 2.980674  [  640/  678]
Average Training Loss: 0.991348
Val Loss: 2.4172 | C-index: 0.6464

Stopping early at Epoch 7 since no C-Index improvement after 5 epochs.
Done!
Best C-Index = 0.6980273141122914 at Epoch 2

=========================================
FOLD 4/5
=========================================

Epoch 1
-------------------------------
loss: 3.125991  [   64/  678]
loss: 2.665901  [  256/  678]
loss: 2.893108  [  448/  678]
loss: 2.955514  [  640/  678]
Average Training Loss: 1.058229
Val Loss: 3.0132 | C-index: 0.5658

Epoch 2
-------------------------------
loss: 3.173236  [   64/  678]
loss: 3.481542  [  256/  678]
loss: 3.089679  [  448/  678]
loss: 2.477036  [  640/  678]
Average Training Loss: 1.111045
Val Loss: 3.0117 | C-index: 0.4830

Epoch 3
-------------------------------
loss: 2.717776  [   64/  678]
loss: 3.099381  [  256/  678]
loss: 2.693062  [  448/  678]
loss: 3.355284  [  640/  678]
Average Training Loss: 1.078682
Val Loss: 3.0203 | C-index: 0.4395

Epoch 4
-------------------------------
loss: 2.601318  [   64/  678]
loss: 3.297273  [  256/  678]
loss: 2.347877  [  448/  678]
loss: 2.311933  [  640/  678]
Average Training Loss: 0.959855
Val Loss: 3.0554 | C-index: 0.4300

Epoch 5
-------------------------------
loss: 2.413318  [   64/  678]
loss: 3.041676  [  256/  678]
loss: 2.610914  [  448/  678]
loss: 2.811968  [  640/  678]
Average Training Loss: 0.988898
Val Loss: 3.0571 | C-index: 0.4556

Epoch 6
-------------------------------
loss: 2.054251  [   64/  678]
loss: 3.035815  [  256/  678]
loss: 3.069676  [  448/  678]
loss: 2.683710  [  640/  678]
Average Training Loss: 0.985768
Val Loss: 3.0525 | C-index: 0.4723

Stopping early at Epoch 6 since no C-Index improvement after 5 epochs.
Done!
Best C-Index = 0.5658129839189994 at Epoch 1

=========================================
FOLD 5/5
=========================================

Epoch 1
-------------------------------
loss: 2.911328  [   64/  678]
loss: 1.866710  [  256/  678]
loss: 3.027962  [  448/  678]
loss: 2.360368  [  640/  678]
Average Training Loss: 0.924215
Val Loss: 2.9391 | C-index: 0.6576

Epoch 2
-------------------------------
loss: 2.554327  [   64/  678]
loss: 2.853712  [  256/  678]
loss: 3.122326  [  448/  678]
loss: 2.841809  [  640/  678]
Average Training Loss: 1.033834
Val Loss: 2.9363 | C-index: 0.6071

Epoch 3
-------------------------------
loss: 3.214110  [   64/  678]
loss: 2.483182  [  256/  678]
loss: 2.834235  [  448/  678]
loss: 2.990747  [  640/  678]
Average Training Loss: 1.047479
Val Loss: 2.9306 | C-index: 0.6104

Epoch 4
-------------------------------
loss: 2.553606  [   64/  678]
loss: 2.804733  [  256/  678]
loss: 2.214072  [  448/  678]
loss: 3.413882  [  640/  678]
Average Training Loss: 0.998754
Val Loss: 2.9165 | C-index: 0.6168

Epoch 5
-------------------------------
loss: 2.845859  [   64/  678]
loss: 2.239164  [  256/  678]
loss: 2.887045  [  448/  678]
loss: 2.576802  [  640/  678]
Average Training Loss: 0.958988
Val Loss: 2.8907 | C-index: 0.6233

Epoch 6
-------------------------------
loss: 2.892295  [   64/  678]
loss: 3.017793  [  256/  678]
loss: 2.774781  [  448/  678]
loss: 2.420904  [  640/  678]
Average Training Loss: 1.009616
Val Loss: 2.8842 | C-index: 0.6136

Stopping early at Epoch 6 since no C-Index improvement after 5 epochs.
Done!
Best C-Index = 0.6575659416936603 at Epoch 1

=========================================
CV training complete! Mean ± std C-index: 0.6519 ± 0.0606
Best epochs per fold: [1, 9, 2, 1, 1]

=========================================
Retraining model on full train+val for 3 epochs...
Epoch 1
-------------------------------
loss: 2.850159  [   64/  847]
loss: 3.133012  [  320/  847]
loss: 2.813939  [  576/  847]
loss: 3.013491  [  832/  847]
Average Training Loss: 0.843614
Val Loss: 2.8073 | C-index: 0.6259

Epoch 2
-------------------------------
loss: 3.057328  [   64/  847]
loss: 3.109046  [  320/  847]
loss: 2.610709  [  576/  847]
loss: 3.451149  [  832/  847]
Average Training Loss: 0.873445
Val Loss: 2.7836 | C-index: 0.6531

Epoch 3
-------------------------------
loss: 2.557447  [   64/  847]
loss: 3.062678  [  320/  847]
loss: 3.028831  [  576/  847]
loss: 2.473927  [  832/  847]
Average Training Loss: 0.794492
Val Loss: 2.7731 | C-index: 0.6497

Done!
Best C-Index = 0.6531375166889185 at Epoch 2
FINAL TEST Average Loss: 2.6681
FINAL TEST C-index: 0.5837
Bootstrap 95% CI: [0.4713, 0.6860]
Top 10 activated pathways:
{'R-HSA-6804114': 0.035150375217199326, 'R-HSA-170822': 0.03241719305515289, 'R-HSA-167243': 0.030854012817144394, 'R-HSA-392518': 0.030811462551355362, 'R-HSA-5694530': 0.03018413856625557, 'R-HSA-351202': 0.02972695790231228, 'R-HSA-5607761': 0.02860078774392605, 'R-HSA-9660826': 0.027455689385533333, 'R-HSA-180585': 0.026972705498337746, 'R-HSA-71403': 0.026673195883631706}
Results saved to /Users/evan/Documents/GitHub/HyBINN/experiments/runs/binn_clinical/seed_6/results.json
