train_hybinn.py log started 2026-06-17 00:57:38.386357
=========================================
Model Active Branches: ['binn']
=========================================

=========================================
FOLD 1/5
=========================================

Epoch 1
-------------------------------
loss: 2.774209  [   64/  677]
loss: 2.753498  [  256/  677]
loss: 2.438845  [  448/  677]
loss: 2.519987  [  640/  677]
Average Training Loss: 0.953322
Val Loss: 3.0669 | C-index: 0.5806

Epoch 2
-------------------------------
loss: 3.008498  [   64/  677]
loss: 3.174980  [  256/  677]
loss: 2.781922  [  448/  677]
loss: 3.031213  [  640/  677]
Average Training Loss: 1.090601
Val Loss: 3.0597 | C-index: 0.5626

Epoch 3
-------------------------------
loss: 2.969117  [   64/  677]
loss: 3.148389  [  256/  677]
loss: 2.661782  [  448/  677]
loss: 3.131410  [  640/  677]
Average Training Loss: 1.082791
Val Loss: 3.0508 | C-index: 0.5597

Epoch 4
-------------------------------
loss: 2.696703  [   64/  677]
loss: 2.445223  [  256/  677]
loss: 2.832820  [  448/  677]
loss: 2.229727  [  640/  677]
Average Training Loss: 0.927679
Val Loss: 3.0508 | C-index: 0.5645

Epoch 5
-------------------------------
loss: 2.953687  [   64/  677]
loss: 3.343988  [  256/  677]
loss: 2.029952  [  448/  677]
loss: 2.965271  [  640/  677]
Average Training Loss: 1.026627
Val Loss: 3.0087 | C-index: 0.5908

Epoch 6
-------------------------------
loss: 2.523271  [   64/  677]
loss: 2.784178  [  256/  677]
loss: 2.168543  [  448/  677]
loss: 2.469259  [  640/  677]
Average Training Loss: 0.904114
Val Loss: 2.9267 | C-index: 0.6118

Epoch 7
-------------------------------
loss: 2.557479  [   64/  677]
loss: 2.825107  [  256/  677]
loss: 2.797877  [  448/  677]
loss: 2.720975  [  640/  677]
Average Training Loss: 0.991040
Val Loss: 2.8735 | C-index: 0.5977

Epoch 8
-------------------------------
loss: 2.282883  [   64/  677]
loss: 2.525518  [  256/  677]
loss: 2.691724  [  448/  677]
loss: 2.093535  [  640/  677]
Average Training Loss: 0.872151
Val Loss: 2.8248 | C-index: 0.6210

Epoch 9
-------------------------------
loss: 2.311680  [   64/  677]
loss: 2.700154  [  256/  677]
loss: 1.805193  [  448/  677]
loss: 2.298163  [  640/  677]
Average Training Loss: 0.828654
Val Loss: 2.7912 | C-index: 0.6210

Epoch 10
-------------------------------
loss: 1.966885  [   64/  677]
loss: 2.234575  [  256/  677]
loss: 2.227636  [  448/  677]
loss: 2.389092  [  640/  677]
Average Training Loss: 0.801653
Val Loss: 2.7486 | C-index: 0.6322

Epoch 11
-------------------------------
loss: 2.264386  [   64/  677]
loss: 2.067209  [  256/  677]
loss: 2.095531  [  448/  677]
loss: 2.397593  [  640/  677]
Average Training Loss: 0.802247
Val Loss: 2.7507 | C-index: 0.6361

Epoch 12
-------------------------------
loss: 2.476223  [   64/  677]
loss: 2.045275  [  256/  677]
loss: 2.564362  [  448/  677]
loss: 1.538528  [  640/  677]
Average Training Loss: 0.784035
Val Loss: 2.7967 | C-index: 0.6225

Epoch 13
-------------------------------
loss: 2.169954  [   64/  677]
loss: 1.770199  [  256/  677]
loss: 2.126747  [  448/  677]
loss: 2.370610  [  640/  677]
Average Training Loss: 0.767046
Val Loss: 2.8058 | C-index: 0.6171

Epoch 14
-------------------------------
loss: 2.400995  [   64/  677]
loss: 2.080469  [  256/  677]
loss: 1.947228  [  448/  677]
loss: 2.213693  [  640/  677]
Average Training Loss: 0.785671
Val Loss: 2.7193 | C-index: 0.6512

Epoch 15
-------------------------------
loss: 1.605978  [   64/  677]
loss: 2.018514  [  256/  677]
loss: 2.297012  [  448/  677]
loss: 2.102573  [  640/  677]
Average Training Loss: 0.729462
Val Loss: 2.7307 | C-index: 0.6386

Epoch 16
-------------------------------
loss: 1.538596  [   64/  677]
loss: 2.183114  [  256/  677]
loss: 2.668434  [  448/  677]
loss: 1.638430  [  640/  677]
Average Training Loss: 0.729870
Val Loss: 2.8050 | C-index: 0.6210

Epoch 17
-------------------------------
loss: 1.949144  [   64/  677]
loss: 2.313075  [  256/  677]
loss: 1.974917  [  448/  677]
loss: 2.303335  [  640/  677]
Average Training Loss: 0.776406
Val Loss: 2.7749 | C-index: 0.6269

Epoch 18
-------------------------------
loss: 1.739463  [   64/  677]
loss: 1.892728  [  256/  677]
loss: 2.020050  [  448/  677]
loss: 2.309622  [  640/  677]
Average Training Loss: 0.723806
Val Loss: 2.8220 | C-index: 0.6225

Epoch 19
-------------------------------
loss: 1.868283  [   64/  677]
loss: 2.116609  [  256/  677]
loss: 2.044030  [  448/  677]
loss: 2.307172  [  640/  677]
Average Training Loss: 0.757827
Val Loss: 2.7987 | C-index: 0.6118

Stopping early at Epoch 19 since no C-Index improvement after 5 epochs.
Done!
Best C-Index = 0.6512420847540185 at Epoch 14

=========================================
FOLD 2/5
=========================================

Epoch 1
-------------------------------
loss: 3.296233  [   64/  677]
loss: 3.153677  [  256/  677]
loss: 3.046694  [  448/  677]
loss: 2.689390  [  640/  677]
Average Training Loss: 1.107818
Val Loss: 2.5776 | C-index: 0.4388

Epoch 2
-------------------------------
loss: 3.083769  [   64/  677]
loss: 2.580135  [  256/  677]
loss: 2.742517  [  448/  677]
loss: 2.786656  [  640/  677]
Average Training Loss: 1.017552
Val Loss: 2.5819 | C-index: 0.4023

Epoch 3
-------------------------------
loss: 3.111027  [   64/  677]
loss: 2.730466  [  256/  677]
loss: 3.082251  [  448/  677]
loss: 3.066791  [  640/  677]
Average Training Loss: 1.090049
Val Loss: 2.6003 | C-index: 0.4287

Epoch 4
-------------------------------
loss: 2.722762  [   64/  677]
loss: 2.477132  [  256/  677]
loss: 2.750156  [  448/  677]
loss: 3.033472  [  640/  677]
Average Training Loss: 0.998502
Val Loss: 2.6307 | C-index: 0.4598

Epoch 5
-------------------------------
loss: 2.881351  [   64/  677]
loss: 3.234308  [  256/  677]
loss: 2.705959  [  448/  677]
loss: 1.649186  [  640/  677]
Average Training Loss: 0.951891
Val Loss: 2.6433 | C-index: 0.4841

Epoch 6
-------------------------------
loss: 2.789634  [   64/  677]
loss: 2.544750  [  256/  677]
loss: 2.404807  [  448/  677]
loss: 2.979041  [  640/  677]
Average Training Loss: 0.974385
Val Loss: 2.6779 | C-index: 0.5186

Epoch 7
-------------------------------
loss: 2.219651  [   64/  677]
loss: 2.489340  [  256/  677]
loss: 2.642342  [  448/  677]
loss: 3.200660  [  640/  677]
Average Training Loss: 0.959272
Val Loss: 2.7110 | C-index: 0.5605

Epoch 8
-------------------------------
loss: 2.351027  [   64/  677]
loss: 2.455909  [  256/  677]
loss: 2.896143  [  448/  677]
loss: 2.655540  [  640/  677]
Average Training Loss: 0.941693
Val Loss: 2.6912 | C-index: 0.5801

Epoch 9
-------------------------------
loss: 2.257407  [   64/  677]
loss: 2.361815  [  256/  677]
loss: 2.296150  [  448/  677]
loss: 2.404907  [  640/  677]
Average Training Loss: 0.847298
Val Loss: 2.6242 | C-index: 0.5612

Epoch 10
-------------------------------
loss: 2.335664  [   64/  677]
loss: 2.785236  [  256/  677]
loss: 1.852255  [  448/  677]
loss: 1.923468  [  640/  677]
Average Training Loss: 0.808784
Val Loss: 2.6462 | C-index: 0.5463

Epoch 11
-------------------------------
loss: 2.177780  [   64/  677]
loss: 2.343481  [  256/  677]
loss: 2.293168  [  448/  677]
loss: 2.477248  [  640/  677]
Average Training Loss: 0.844698
Val Loss: 2.6322 | C-index: 0.5341

Epoch 12
-------------------------------
loss: 1.924896  [   64/  677]
loss: 1.885566  [  256/  677]
loss: 1.951936  [  448/  677]
loss: 2.277153  [  640/  677]
Average Training Loss: 0.730868
Val Loss: 2.6079 | C-index: 0.5625

Epoch 13
-------------------------------
loss: 2.058536  [   64/  677]
loss: 2.284275  [  256/  677]
loss: 2.062565  [  448/  677]
loss: 2.490802  [  640/  677]
Average Training Loss: 0.808743
Val Loss: 2.6395 | C-index: 0.5578

Stopping early at Epoch 13 since no C-Index improvement after 5 epochs.
Done!
Best C-Index = 0.5801217038539553 at Epoch 8

=========================================
FOLD 3/5
=========================================

Epoch 1
-------------------------------
loss: 3.196993  [   64/  678]
loss: 2.706364  [  256/  678]
loss: 3.580179  [  448/  678]
loss: 2.598312  [  640/  678]
Average Training Loss: 1.098350
Val Loss: 2.7920 | C-index: 0.5959

Epoch 2
-------------------------------
loss: 3.120302  [   64/  678]
loss: 2.419384  [  256/  678]
loss: 3.373949  [  448/  678]
loss: 2.676195  [  640/  678]
Average Training Loss: 1.053621
Val Loss: 2.7816 | C-index: 0.6216

Epoch 3
-------------------------------
loss: 2.648844  [   64/  678]
loss: 2.953610  [  256/  678]
loss: 2.968961  [  448/  678]
loss: 3.124390  [  640/  678]
Average Training Loss: 1.063255
Val Loss: 2.7551 | C-index: 0.6151

Epoch 4
-------------------------------
loss: 2.906815  [   64/  678]
loss: 3.190031  [  256/  678]
loss: 2.597987  [  448/  678]
loss: 2.269336  [  640/  678]
Average Training Loss: 0.996743
Val Loss: 2.7110 | C-index: 0.6158

Epoch 5
-------------------------------
loss: 3.061761  [   64/  678]
loss: 2.467683  [  256/  678]
loss: 2.611828  [  448/  678]
loss: 2.418175  [  640/  678]
Average Training Loss: 0.959950
Val Loss: 2.6801 | C-index: 0.6530

Epoch 6
-------------------------------
loss: 3.025361  [   64/  678]
loss: 2.433812  [  256/  678]
loss: 2.158803  [  448/  678]
loss: 2.311728  [  640/  678]
Average Training Loss: 0.902700
Val Loss: 2.6467 | C-index: 0.6511

Epoch 7
-------------------------------
loss: 2.654174  [   64/  678]
loss: 1.502899  [  256/  678]
loss: 2.503545  [  448/  678]
loss: 2.814886  [  640/  678]
Average Training Loss: 0.861410
Val Loss: 2.6861 | C-index: 0.6536

Epoch 8
-------------------------------
loss: 2.303049  [   64/  678]
loss: 2.471822  [  256/  678]
loss: 2.347105  [  448/  678]
loss: 2.265977  [  640/  678]
Average Training Loss: 0.853450
Val Loss: 2.7509 | C-index: 0.5767

Epoch 9
-------------------------------
loss: 2.464334  [   64/  678]
loss: 2.671902  [  256/  678]
loss: 2.172666  [  448/  678]
loss: 1.918160  [  640/  678]
Average Training Loss: 0.838824
Val Loss: 2.7885 | C-index: 0.5574

Epoch 10
-------------------------------
loss: 2.298590  [   64/  678]
loss: 2.080415  [  256/  678]
loss: 2.391124  [  448/  678]
loss: 2.406786  [  640/  678]
Average Training Loss: 0.834265
Val Loss: 2.8016 | C-index: 0.5869

Epoch 11
-------------------------------
loss: 2.301344  [   64/  678]
loss: 2.387014  [  256/  678]
loss: 2.248306  [  448/  678]
loss: 2.563844  [  640/  678]
Average Training Loss: 0.863683
Val Loss: 2.7969 | C-index: 0.5670

Epoch 12
-------------------------------
loss: 2.538633  [   64/  678]
loss: 1.908899  [  256/  678]
loss: 2.129240  [  448/  678]
loss: 1.910334  [  640/  678]
Average Training Loss: 0.771555
Val Loss: 2.7438 | C-index: 0.5677

Stopping early at Epoch 12 since no C-Index improvement after 5 epochs.
Done!
Best C-Index = 0.6536241180243746 at Epoch 7

=========================================
FOLD 4/5
=========================================

Epoch 1
-------------------------------
loss: 2.675738  [   64/  678]
loss: 3.427728  [  256/  678]
loss: 3.384965  [  448/  678]
loss: 2.601531  [  640/  678]
Average Training Loss: 1.099087
Val Loss: 2.7574 | C-index: 0.5411

Epoch 2
-------------------------------
loss: 2.803204  [   64/  678]
loss: 2.899310  [  256/  678]
loss: 3.154328  [  448/  678]
loss: 3.190253  [  640/  678]
Average Training Loss: 1.095191
Val Loss: 2.7525 | C-index: 0.5621

Epoch 3
-------------------------------
loss: 2.991965  [   64/  678]
loss: 3.241762  [  256/  678]
loss: 2.871403  [  448/  678]
loss: 2.452286  [  640/  678]
Average Training Loss: 1.050674
Val Loss: 2.7414 | C-index: 0.5322

Epoch 4
-------------------------------
loss: 3.139327  [   64/  678]
loss: 2.906643  [  256/  678]
loss: 2.286731  [  448/  678]
loss: 3.004343  [  640/  678]
Average Training Loss: 1.030640
Val Loss: 2.7515 | C-index: 0.5207

Epoch 5
-------------------------------
loss: 2.294858  [   64/  678]
loss: 2.928311  [  256/  678]
loss: 3.032674  [  448/  678]
loss: 2.900192  [  640/  678]
Average Training Loss: 1.014185
Val Loss: 2.7965 | C-index: 0.5051

Epoch 6
-------------------------------
loss: 3.335893  [   64/  678]
loss: 2.953552  [  256/  678]
loss: 2.841100  [  448/  678]
loss: 2.644382  [  640/  678]
Average Training Loss: 1.070448
Val Loss: 2.8341 | C-index: 0.4759

Epoch 7
-------------------------------
loss: 2.729729  [   64/  678]
loss: 2.651187  [  256/  678]
loss: 2.720320  [  448/  678]
loss: 2.461371  [  640/  678]
Average Training Loss: 0.960237
Val Loss: 2.8189 | C-index: 0.5051

Stopping early at Epoch 7 since no C-Index improvement after 5 epochs.
Done!
Best C-Index = 0.5621181262729125 at Epoch 2

=========================================
FOLD 5/5
=========================================

Epoch 1
-------------------------------
loss: 3.105239  [   64/  678]
loss: 3.333283  [  256/  678]
loss: 3.170887  [  448/  678]
loss: 3.083463  [  640/  678]
Average Training Loss: 1.153897
Val Loss: 2.8001 | C-index: 0.5823

Epoch 2
-------------------------------
loss: 2.441619  [   64/  678]
loss: 3.171978  [  256/  678]
loss: 2.691574  [  448/  678]
loss: 3.138051  [  640/  678]
Average Training Loss: 1.040293
Val Loss: 2.7952 | C-index: 0.6041

Epoch 3
-------------------------------
loss: 3.167317  [   64/  678]
loss: 2.964993  [  256/  678]
loss: 2.591864  [  448/  678]
loss: 2.946039  [  640/  678]
Average Training Loss: 1.060928
Val Loss: 2.7823 | C-index: 0.6123

Epoch 4
-------------------------------
loss: 2.865973  [   64/  678]
loss: 3.138288  [  256/  678]
loss: 2.709348  [  448/  678]
loss: 2.920163  [  640/  678]
Average Training Loss: 1.057616
Val Loss: 2.7716 | C-index: 0.6178

Epoch 5
-------------------------------
loss: 2.342248  [   64/  678]
loss: 3.203271  [  256/  678]
loss: 3.042461  [  448/  678]
loss: 3.076307  [  640/  678]
Average Training Loss: 1.060390
Val Loss: 2.7343 | C-index: 0.6592

Epoch 6
-------------------------------
loss: 1.961055  [   64/  678]
loss: 2.539299  [  256/  678]
loss: 3.121936  [  448/  678]
loss: 3.105875  [  640/  678]
Average Training Loss: 0.975288
Val Loss: 2.6596 | C-index: 0.7306

Epoch 7
-------------------------------
loss: 2.335149  [   64/  678]
loss: 2.919257  [  256/  678]
loss: 2.510820  [  448/  678]
loss: 2.103145  [  640/  678]
Average Training Loss: 0.897125
Val Loss: 2.6595 | C-index: 0.7350

Epoch 8
-------------------------------
loss: 2.819125  [   64/  678]
loss: 2.414056  [  256/  678]
loss: 2.006932  [  448/  678]
loss: 2.523459  [  640/  678]
Average Training Loss: 0.887597
Val Loss: 2.6375 | C-index: 0.7541

Epoch 9
-------------------------------
loss: 2.596979  [   64/  678]
loss: 1.897310  [  256/  678]
loss: 2.522221  [  448/  678]
loss: 2.124491  [  640/  678]
Average Training Loss: 0.831000
Val Loss: 2.6413 | C-index: 0.7612

Epoch 10
-------------------------------
loss: 2.214684  [   64/  678]
loss: 2.530591  [  256/  678]
loss: 2.070025  [  448/  678]
loss: 2.298285  [  640/  678]
Average Training Loss: 0.828508
Val Loss: 2.6953 | C-index: 0.7279

Epoch 11
-------------------------------
loss: 2.163661  [   64/  678]
loss: 2.182622  [  256/  678]
loss: 2.446396  [  448/  678]
loss: 2.394519  [  640/  678]
Average Training Loss: 0.835200
Val Loss: 2.6980 | C-index: 0.7285

Epoch 12
-------------------------------
loss: 2.314865  [   64/  678]
loss: 2.220578  [  256/  678]
loss: 1.947302  [  448/  678]
loss: 2.163697  [  640/  678]
Average Training Loss: 0.786040
Val Loss: 2.7069 | C-index: 0.7176

Epoch 13
-------------------------------
loss: 2.094381  [   64/  678]
loss: 1.933632  [  256/  678]
loss: 2.183458  [  448/  678]
loss: 2.288737  [  640/  678]
Average Training Loss: 0.772746
Val Loss: 2.7270 | C-index: 0.7110

Epoch 14
-------------------------------
loss: 1.955199  [   64/  678]
loss: 1.898516  [  256/  678]
loss: 2.163843  [  448/  678]
loss: 1.896727  [  640/  678]
Average Training Loss: 0.719480
Val Loss: 2.7760 | C-index: 0.6996

Stopping early at Epoch 14 since no C-Index improvement after 5 epochs.
Done!
Best C-Index = 0.7611777535441657 at Epoch 9

=========================================
CV training complete! Mean ± std C-index: 0.6417 ± 0.0702
Best epochs per fold: [14, 8, 7, 2, 9]

=========================================
Retraining model on full train+val for 8 epochs...
Epoch 1
-------------------------------
loss: 2.993266  [   64/  847]
loss: 2.873689  [  320/  847]
loss: 3.093667  [  576/  847]
loss: 2.010297  [  832/  847]
Average Training Loss: 0.783637
Val Loss: 2.8074 | C-index: 0.5614

Epoch 2
-------------------------------
loss: 3.209419  [   64/  847]
loss: 3.385521  [  320/  847]
loss: 2.765189  [  576/  847]
loss: 2.698529  [  832/  847]
Average Training Loss: 0.861333
Val Loss: 2.7952 | C-index: 0.6220

Epoch 3
-------------------------------
loss: 2.905256  [   64/  847]
loss: 2.607297  [  320/  847]
loss: 3.117537  [  576/  847]
loss: 2.984334  [  832/  847]
Average Training Loss: 0.829602
Val Loss: 2.6891 | C-index: 0.6568

Epoch 4
-------------------------------
loss: 2.924963  [   64/  847]
loss: 2.975909  [  320/  847]
loss: 2.966280  [  576/  847]
loss: 2.109748  [  832/  847]
Average Training Loss: 0.784064
Val Loss: 2.6669 | C-index: 0.7269

Epoch 5
-------------------------------
loss: 3.024369  [   64/  847]
loss: 3.627176  [  320/  847]
loss: 2.592751  [  576/  847]
loss: 2.526932  [  832/  847]
Average Training Loss: 0.840802
Val Loss: 2.5778 | C-index: 0.7835

Epoch 6
-------------------------------
loss: 2.498306  [   64/  847]
loss: 2.803179  [  320/  847]
loss: 2.739150  [  576/  847]
loss: 2.951453  [  832/  847]
Average Training Loss: 0.785149
Val Loss: 2.4290 | C-index: 0.8492

Epoch 7
-------------------------------
loss: 3.093054  [   64/  847]
loss: 2.523316  [  320/  847]
loss: 2.760085  [  576/  847]
loss: 2.234860  [  832/  847]
Average Training Loss: 0.757951
Val Loss: 2.2721 | C-index: 0.8850

Epoch 8
-------------------------------
loss: 2.787410  [   64/  847]
loss: 2.477334  [  320/  847]
loss: 2.420974  [  576/  847]
loss: 2.672463  [  832/  847]
Average Training Loss: 0.739870
Val Loss: 2.1796 | C-index: 0.9005

Done!
Best C-Index = 0.9004707784488087 at Epoch 8
FINAL TEST Average Loss: 2.4242
FINAL TEST C-index: 0.6595
Bootstrap 95% CI: [0.5647, 0.7486]
Top 10 activated pathways:
{'R-HSA-69186': 0.0773218646645546, 'R-HSA-9839394': 0.06927531957626343, 'R-HSA-111471': 0.04496503621339798, 'R-HSA-4085377': 0.04421572387218475, 'R-HSA-9029569': 0.04123872518539429, 'R-HSA-164938': 0.03777328506112099, 'R-HSA-5357956': 0.03744981065392494, 'R-HSA-389957': 0.037195947021245956, 'R-HSA-9704331': 0.03695804998278618, 'R-HSA-9929356': 0.036356862634420395}
Results saved to /Users/evan/Documents/GitHub/HyBINN/experiments/runs/binn/seed_1/results.json
