train_hybinn.py log started 2026-06-17 01:09:14.519575
=========================================
Model Active Branches: ['binn', 'gene']
=========================================

=========================================
FOLD 1/5
=========================================

Epoch 1
-------------------------------
loss: 2.646322  [   64/  677]
loss: 2.745824  [  256/  677]
loss: 2.563662  [  448/  677]
loss: 2.933614  [  640/  677]
Average Training Loss: 0.989947
Val Loss: 3.0590 | C-index: 0.5202

Epoch 2
-------------------------------
loss: 2.939040  [   64/  677]
loss: 3.611311  [  256/  677]
loss: 2.662185  [  448/  677]
loss: 3.145195  [  640/  677]
Average Training Loss: 1.123430
Val Loss: 3.0487 | C-index: 0.5538

Epoch 3
-------------------------------
loss: 2.955786  [   64/  677]
loss: 2.254137  [  256/  677]
loss: 3.116453  [  448/  677]
loss: 2.700522  [  640/  677]
Average Training Loss: 1.002445
Val Loss: 3.0514 | C-index: 0.5670

Epoch 4
-------------------------------
loss: 2.158953  [   64/  677]
loss: 2.521801  [  256/  677]
loss: 2.537323  [  448/  677]
loss: 2.590887  [  640/  677]
Average Training Loss: 0.891724
Val Loss: 2.9669 | C-index: 0.6181

Epoch 5
-------------------------------
loss: 2.118359  [   64/  677]
loss: 2.180884  [  256/  677]
loss: 1.686962  [  448/  677]
loss: 1.076497  [  640/  677]
Average Training Loss: 0.642064
Val Loss: 3.2125 | C-index: 0.5061

Epoch 6
-------------------------------
loss: 1.797855  [   64/  677]
loss: 1.782182  [  256/  677]
loss: 1.647901  [  448/  677]
loss: 1.181069  [  640/  677]
Average Training Loss: 0.582637
Val Loss: 3.2269 | C-index: 0.6064

Epoch 7
-------------------------------
loss: 1.268544  [   64/  677]
loss: 1.553023  [  256/  677]
loss: 1.845631  [  448/  677]
loss: 1.652308  [  640/  677]
Average Training Loss: 0.574500
Val Loss: 3.3671 | C-index: 0.5290

Epoch 8
-------------------------------
loss: 1.999297  [   64/  677]
loss: 1.609642  [  256/  677]
loss: 1.326631  [  448/  677]
loss: 1.460861  [  640/  677]
Average Training Loss: 0.581494
Val Loss: 3.1466 | C-index: 0.5436

Epoch 9
-------------------------------
loss: 1.512419  [   64/  677]
loss: 0.937349  [  256/  677]
loss: 1.959773  [  448/  677]
loss: 1.593238  [  640/  677]
Average Training Loss: 0.545707
Val Loss: 3.1836 | C-index: 0.5962

Stopping early at Epoch 9 since no C-Index improvement after 5 epochs.
Done!
Best C-Index = 0.6181198246468582 at Epoch 4

=========================================
FOLD 2/5
=========================================

Epoch 1
-------------------------------
loss: 3.108097  [   64/  677]
loss: 2.927345  [  256/  677]
loss: 3.119637  [  448/  677]
loss: 3.235469  [  640/  677]
Average Training Loss: 1.126413
Val Loss: 2.6278 | C-index: 0.3665

Epoch 2
-------------------------------
loss: 2.873712  [   64/  677]
loss: 3.075148  [  256/  677]
loss: 3.011130  [  448/  677]
loss: 3.020483  [  640/  677]
Average Training Loss: 1.089134
Val Loss: 2.6389 | C-index: 0.4091

Epoch 3
-------------------------------
loss: 2.695637  [   64/  677]
loss: 2.963579  [  256/  677]
loss: 2.983041  [  448/  677]
loss: 2.958811  [  640/  677]
Average Training Loss: 1.054643
Val Loss: 2.7107 | C-index: 0.4949

Epoch 4
-------------------------------
loss: 2.740375  [   64/  677]
loss: 2.400026  [  256/  677]
loss: 2.290985  [  448/  677]
loss: 2.216585  [  640/  677]
Average Training Loss: 0.877088
Val Loss: 2.7838 | C-index: 0.4564

Epoch 5
-------------------------------
loss: 1.924081  [   64/  677]
loss: 1.522015  [  256/  677]
loss: 2.200631  [  448/  677]
loss: 1.714830  [  640/  677]
Average Training Loss: 0.669232
Val Loss: 3.2039 | C-index: 0.4740

Epoch 6
-------------------------------
loss: 1.333063  [   64/  677]
loss: 1.740576  [  256/  677]
loss: 1.309001  [  448/  677]
loss: 1.442540  [  640/  677]
Average Training Loss: 0.529562
Val Loss: 2.8987 | C-index: 0.5064

Epoch 7
-------------------------------
loss: 1.032592  [   64/  677]
loss: 1.984656  [  256/  677]
loss: 1.409320  [  448/  677]
loss: 1.259956  [  640/  677]
Average Training Loss: 0.516957
Val Loss: 3.3371 | C-index: 0.5517

Epoch 8
-------------------------------
loss: 1.108387  [   64/  677]
loss: 1.584554  [  256/  677]
loss: 1.628802  [  448/  677]
loss: 1.552368  [  640/  677]
Average Training Loss: 0.534010
Val Loss: 3.3143 | C-index: 0.4740

Epoch 9
-------------------------------
loss: 1.593782  [   64/  677]
loss: 1.160827  [  256/  677]
loss: 1.458491  [  448/  677]
loss: 1.270718  [  640/  677]
Average Training Loss: 0.498529
Val Loss: 3.7162 | C-index: 0.5348

Epoch 10
-------------------------------
loss: 1.059238  [   64/  677]
loss: 1.103675  [  256/  677]
loss: 1.416354  [  448/  677]
loss: 1.203699  [  640/  677]
Average Training Loss: 0.434815
Val Loss: 3.2859 | C-index: 0.4807

Epoch 11
-------------------------------
loss: 1.370450  [   64/  677]
loss: 1.878296  [  256/  677]
loss: 1.237509  [  448/  677]
loss: 1.417511  [  640/  677]
Average Training Loss: 0.536706
Val Loss: 3.6412 | C-index: 0.5193

Epoch 12
-------------------------------
loss: 1.386045  [   64/  677]
loss: 2.347982  [  256/  677]
loss: 1.532300  [  448/  677]
loss: 1.720647  [  640/  677]
Average Training Loss: 0.635179
Val Loss: 3.6848 | C-index: 0.5057

Stopping early at Epoch 12 since no C-Index improvement after 5 epochs.
Done!
Best C-Index = 0.5517241379310345 at Epoch 7

=========================================
FOLD 3/5
=========================================

Epoch 1
-------------------------------
loss: 3.404766  [   64/  678]
loss: 2.844990  [  256/  678]
loss: 2.483815  [  448/  678]
loss: 2.791231  [  640/  678]
Average Training Loss: 1.047709
Val Loss: 2.8000 | C-index: 0.5241

Epoch 2
-------------------------------
loss: 2.750399  [   64/  678]
loss: 2.733669  [  256/  678]
loss: 3.125514  [  448/  678]
loss: 2.447805  [  640/  678]
Average Training Loss: 1.005217
Val Loss: 2.7658 | C-index: 0.5882

Epoch 3
-------------------------------
loss: 2.853344  [   64/  678]
loss: 2.295718  [  256/  678]
loss: 2.257376  [  448/  678]
loss: 2.247666  [  640/  678]
Average Training Loss: 0.877646
Val Loss: 2.7486 | C-index: 0.5741

Epoch 4
-------------------------------
loss: 2.165844  [   64/  678]
loss: 2.319122  [  256/  678]
loss: 2.869569  [  448/  678]
loss: 2.803916  [  640/  678]
Average Training Loss: 0.923496
Val Loss: 2.6658 | C-index: 0.6171

Epoch 5
-------------------------------
loss: 1.900529  [   64/  678]
loss: 2.175222  [  256/  678]
loss: 2.064299  [  448/  678]
loss: 2.047474  [  640/  678]
Average Training Loss: 0.744320
Val Loss: 2.8020 | C-index: 0.5715

Epoch 6
-------------------------------
loss: 1.411571  [   64/  678]
loss: 1.526810  [  256/  678]
loss: 1.679832  [  448/  678]
loss: 2.251348  [  640/  678]
Average Training Loss: 0.624506
Val Loss: 3.1051 | C-index: 0.5324

Epoch 7
-------------------------------
loss: 1.509674  [   64/  678]
loss: 1.827681  [  256/  678]
loss: 1.991576  [  448/  678]
loss: 1.981276  [  640/  678]
Average Training Loss: 0.664564
Val Loss: 3.1193 | C-index: 0.4881

Epoch 8
-------------------------------
loss: 0.799507  [   64/  678]
loss: 2.232660  [  256/  678]
loss: 1.876288  [  448/  678]
loss: 1.638050  [  640/  678]
Average Training Loss: 0.595137
Val Loss: 3.0893 | C-index: 0.5369

Epoch 9
-------------------------------
loss: 1.633937  [   64/  678]
loss: 1.732949  [  256/  678]
loss: 1.873087  [  448/  678]
loss: 1.934809  [  640/  678]
Average Training Loss: 0.652253
Val Loss: 3.1868 | C-index: 0.5016

Stopping early at Epoch 9 since no C-Index improvement after 5 epochs.
Done!
Best C-Index = 0.6170622193713919 at Epoch 4

=========================================
FOLD 4/5
=========================================

Epoch 1
-------------------------------
loss: 2.881552  [   64/  678]
loss: 2.953260  [  256/  678]
loss: 3.210344  [  448/  678]
loss: 3.291354  [  640/  678]
Average Training Loss: 1.121501
Val Loss: 2.7564 | C-index: 0.4942

Epoch 2
-------------------------------
loss: 2.909310  [   64/  678]
loss: 2.250099  [  256/  678]
loss: 3.117348  [  448/  678]
loss: 3.019993  [  640/  678]
Average Training Loss: 1.026977
Val Loss: 2.7878 | C-index: 0.4976

Epoch 3
-------------------------------
loss: 2.705229  [   64/  678]
loss: 2.613580  [  256/  678]
loss: 2.785239  [  448/  678]
loss: 2.969843  [  640/  678]
Average Training Loss: 1.006717
Val Loss: 2.7484 | C-index: 0.5356

Epoch 4
-------------------------------
loss: 2.720114  [   64/  678]
loss: 2.368510  [  256/  678]
loss: 1.778210  [  448/  678]
loss: 1.886837  [  640/  678]
Average Training Loss: 0.795788
Val Loss: 2.8813 | C-index: 0.5709

Epoch 5
-------------------------------
loss: 1.770247  [   64/  678]
loss: 1.989920  [  256/  678]
loss: 1.479749  [  448/  678]
loss: 2.470899  [  640/  678]
Average Training Loss: 0.700983
Val Loss: 3.0390 | C-index: 0.5166

Epoch 6
-------------------------------
loss: 1.203963  [   64/  678]
loss: 1.633637  [  256/  678]
loss: 1.842918  [  448/  678]
loss: 1.913355  [  640/  678]
Average Training Loss: 0.599443
Val Loss: 3.1115 | C-index: 0.6293

Epoch 7
-------------------------------
loss: 1.571064  [   64/  678]
loss: 1.994613  [  256/  678]
loss: 1.554110  [  448/  678]
loss: 1.560115  [  640/  678]
Average Training Loss: 0.607264
Val Loss: 2.9879 | C-index: 0.5913

Epoch 8
-------------------------------
loss: 1.555782  [   64/  678]
loss: 1.324216  [  256/  678]
loss: 0.594798  [  448/  678]
loss: 1.641892  [  640/  678]
Average Training Loss: 0.465154
Val Loss: 2.8956 | C-index: 0.6320

Epoch 9
-------------------------------
loss: 0.891078  [   64/  678]
loss: 1.308554  [  256/  678]
loss: 1.799104  [  448/  678]
loss: 2.226452  [  640/  678]
Average Training Loss: 0.565926
Val Loss: 3.4979 | C-index: 0.5553

Epoch 10
-------------------------------
loss: 1.513558  [   64/  678]
loss: 1.284310  [  256/  678]
loss: 1.415017  [  448/  678]
loss: 0.894541  [  640/  678]
Average Training Loss: 0.464311
Val Loss: 2.8580 | C-index: 0.6816

Epoch 11
-------------------------------
loss: 0.750380  [   64/  678]
loss: 1.658152  [  256/  678]
loss: 0.970089  [  448/  678]
loss: 0.945006  [  640/  678]
Average Training Loss: 0.393057
Val Loss: 2.9637 | C-index: 0.5818

Epoch 12
-------------------------------
loss: 1.353778  [   64/  678]
loss: 1.324469  [  256/  678]
loss: 1.018909  [  448/  678]
loss: 0.575374  [  640/  678]
Average Training Loss: 0.388412
Val Loss: 3.3496 | C-index: 0.5526

Epoch 13
-------------------------------
loss: 0.885897  [   64/  678]
loss: 0.835146  [  256/  678]
loss: 1.189824  [  448/  678]
loss: 1.590545  [  640/  678]
Average Training Loss: 0.409219
Val Loss: 3.0203 | C-index: 0.6185

Epoch 14
-------------------------------
loss: 1.434000  [   64/  678]
loss: 0.816296  [  256/  678]
loss: 0.865659  [  448/  678]
loss: 0.484579  [  640/  678]
Average Training Loss: 0.327321
Val Loss: 2.8569 | C-index: 0.6286

Epoch 15
-------------------------------
loss: 0.844942  [   64/  678]
loss: 0.991346  [  256/  678]
loss: 1.555245  [  448/  678]
loss: 1.159484  [  640/  678]
Average Training Loss: 0.413729
Val Loss: 3.3355 | C-index: 0.5377

Stopping early at Epoch 15 since no C-Index improvement after 5 epochs.
Done!
Best C-Index = 0.681602172437203 at Epoch 10

=========================================
FOLD 5/5
=========================================

Epoch 1
-------------------------------
loss: 3.445880  [   64/  678]
loss: 2.473348  [  256/  678]
loss: 3.464712  [  448/  678]
loss: 2.350813  [  640/  678]
Average Training Loss: 1.066796
Val Loss: 2.7622 | C-index: 0.6080

Epoch 2
-------------------------------
loss: 2.965752  [   64/  678]
loss: 2.589788  [  256/  678]
loss: 2.304633  [  448/  678]
loss: 2.792104  [  640/  678]
Average Training Loss: 0.968389
Val Loss: 2.7459 | C-index: 0.6554

Epoch 3
-------------------------------
loss: 2.453820  [   64/  678]
loss: 3.031956  [  256/  678]
loss: 2.798155  [  448/  678]
loss: 3.107324  [  640/  678]
Average Training Loss: 1.035569
Val Loss: 2.7394 | C-index: 0.6379

Epoch 4
-------------------------------
loss: 2.359403  [   64/  678]
loss: 2.794498  [  256/  678]
loss: 2.579907  [  448/  678]
loss: 2.564106  [  640/  678]
Average Training Loss: 0.936174
Val Loss: 2.6791 | C-index: 0.6876

Epoch 5
-------------------------------
loss: 2.379609  [   64/  678]
loss: 2.388541  [  256/  678]
loss: 1.876978  [  448/  678]
loss: 2.160178  [  640/  678]
Average Training Loss: 0.800482
Val Loss: 2.8394 | C-index: 0.6407

Epoch 6
-------------------------------
loss: 2.006248  [   64/  678]
loss: 1.809867  [  256/  678]
loss: 1.951490  [  448/  678]
loss: 1.971915  [  640/  678]
Average Training Loss: 0.703593
Val Loss: 3.0172 | C-index: 0.6450

Epoch 7
-------------------------------
loss: 1.124091  [   64/  678]
loss: 1.251589  [  256/  678]
loss: 1.851066  [  448/  678]
loss: 2.181260  [  640/  678]
Average Training Loss: 0.582546
Val Loss: 2.9096 | C-index: 0.6778

Epoch 8
-------------------------------
loss: 1.674740  [   64/  678]
loss: 1.411488  [  256/  678]
loss: 1.157504  [  448/  678]
loss: 1.608163  [  640/  678]
Average Training Loss: 0.531991
Val Loss: 3.0185 | C-index: 0.6554

Epoch 9
-------------------------------
loss: 0.646370  [   64/  678]
loss: 1.541608  [  256/  678]
loss: 1.428948  [  448/  678]
loss: 1.194386  [  640/  678]
Average Training Loss: 0.437392
Val Loss: 2.9183 | C-index: 0.7268

Epoch 10
-------------------------------
loss: 1.490036  [   64/  678]
loss: 1.390658  [  256/  678]
loss: 0.801101  [  448/  678]
loss: 1.243573  [  640/  678]
Average Training Loss: 0.447761
Val Loss: 3.0418 | C-index: 0.6914

Epoch 11
-------------------------------
loss: 0.809199  [   64/  678]
loss: 1.516266  [  256/  678]
loss: 1.357504  [  448/  678]
loss: 0.464354  [  640/  678]
Average Training Loss: 0.377029
Val Loss: 3.2446 | C-index: 0.6456

Epoch 12
-------------------------------
loss: 1.364828  [   64/  678]
loss: 1.190962  [  256/  678]
loss: 0.477815  [  448/  678]
loss: 1.395774  [  640/  678]
Average Training Loss: 0.402671
Val Loss: 2.9371 | C-index: 0.7694

Epoch 13
-------------------------------
loss: 0.766212  [   64/  678]
loss: 2.063075  [  256/  678]
loss: 1.273200  [  448/  678]
loss: 1.093371  [  640/  678]
Average Training Loss: 0.472351
Val Loss: 3.1413 | C-index: 0.6674

Epoch 14
-------------------------------
loss: 1.400340  [   64/  678]
loss: 0.834408  [  256/  678]
loss: 1.063804  [  448/  678]
loss: 1.152515  [  640/  678]
Average Training Loss: 0.404642
Val Loss: 3.0768 | C-index: 0.6750

Epoch 15
-------------------------------
loss: 1.308226  [   64/  678]
loss: 0.532224  [  256/  678]
loss: 0.734897  [  448/  678]
loss: 0.110777  [  640/  678]
Average Training Loss: 0.244193
Val Loss: 3.4291 | C-index: 0.6636

Epoch 16
-------------------------------
loss: 0.990068  [   64/  678]
loss: 1.576849  [  256/  678]
loss: 1.138455  [  448/  678]
loss: 0.803681  [  640/  678]
Average Training Loss: 0.409914
Val Loss: 3.4205 | C-index: 0.6527

Epoch 17
-------------------------------
loss: 1.273695  [   64/  678]
loss: 1.414334  [  256/  678]
loss: 1.201827  [  448/  678]
loss: 2.578578  [  640/  678]
Average Training Loss: 0.588039
Val Loss: 2.9324 | C-index: 0.7497

Stopping early at Epoch 17 since no C-Index improvement after 5 epochs.
Done!
Best C-Index = 0.7693565976008724 at Epoch 12

=========================================
CV training complete! Mean ± std C-index: 0.6476 ± 0.0735
Best epochs per fold: [4, 7, 4, 10, 12]

=========================================
Retraining model on full train+val for 7 epochs...
Epoch 1
-------------------------------
loss: 2.454861  [   64/  847]
loss: 3.053199  [  320/  847]
loss: 2.667362  [  576/  847]
loss: 3.221468  [  832/  847]
Average Training Loss: 0.814064
Val Loss: 2.7529 | C-index: 0.6103

Epoch 2
-------------------------------
loss: 2.953163  [   64/  847]
loss: 2.794605  [  320/  847]
loss: 2.723267  [  576/  847]
loss: 2.772305  [  832/  847]
Average Training Loss: 0.803096
Val Loss: 2.6339 | C-index: 0.7253

Epoch 3
-------------------------------
loss: 2.657868  [   64/  847]
loss: 2.733390  [  320/  847]
loss: 2.900506  [  576/  847]
loss: 2.892732  [  832/  847]
Average Training Loss: 0.798893
Val Loss: 2.4617 | C-index: 0.8457

Epoch 4
-------------------------------
loss: 2.605399  [   64/  847]
loss: 2.638899  [  320/  847]
loss: 2.544741  [  576/  847]
loss: 2.805847  [  832/  847]
Average Training Loss: 0.756778
Val Loss: 1.9346 | C-index: 0.9070

Epoch 5
-------------------------------
loss: 2.227659  [   64/  847]
loss: 2.004692  [  320/  847]
loss: 2.096037  [  576/  847]
loss: 2.346874  [  832/  847]
Average Training Loss: 0.619662
Val Loss: 1.7585 | C-index: 0.9107

Epoch 6
-------------------------------
loss: 1.869638  [   64/  847]
loss: 1.887266  [  320/  847]
loss: 2.426515  [  576/  847]
loss: 2.153344  [  832/  847]
Average Training Loss: 0.595483
Val Loss: 1.4010 | C-index: 0.9401

Epoch 7
-------------------------------
loss: 1.357176  [   64/  847]
loss: 1.845169  [  320/  847]
loss: 1.824135  [  576/  847]
loss: 1.589577  [  832/  847]
Average Training Loss: 0.472575
Val Loss: 1.2525 | C-index: 0.9621

Done!
Best C-Index = 0.962123733891293 at Epoch 7
FINAL TEST Average Loss: 2.5142
FINAL TEST C-index: 0.7028
Bootstrap 95% CI: [0.6003, 0.7917]
Top 10 activated pathways:
{'R-HSA-5693568': 0.04347463324666023, 'R-HSA-9909505': 0.03859766200184822, 'R-HSA-9664424': 0.03831786662340164, 'R-HSA-9830674': 0.0337749719619751, 'R-HSA-390918': 0.033100590109825134, 'R-HSA-5607761': 0.0330708883702755, 'R-HSA-9841251': 0.03299163281917572, 'R-HSA-1181150': 0.032783545553684235, 'R-HSA-9772572': 0.031866442412137985, 'R-HSA-2122948': 0.031040070578455925}
Results saved to /Users/evan/Documents/GitHub/HyBINN/experiments/runs/binn_gene/seed_1/results.json
