train_hybinn.py log started 2026-06-17 01:18:37.250772
=========================================
Model Active Branches: ['binn', 'clinical']
=========================================

=========================================
FOLD 1/5
=========================================

Epoch 1
-------------------------------
loss: 3.187705  [   64/  677]
loss: 2.436637  [  256/  677]
loss: 3.091627  [  448/  677]
loss: 2.652431  [  640/  677]
Average Training Loss: 1.033491
Val Loss: 2.7528 | C-index: 0.4712

Epoch 2
-------------------------------
loss: 3.147251  [   64/  677]
loss: 2.967494  [  256/  677]
loss: 2.772942  [  448/  677]
loss: 2.770013  [  640/  677]
Average Training Loss: 1.059791
Val Loss: 2.7534 | C-index: 0.4600

Epoch 3
-------------------------------
loss: 2.783760  [   64/  677]
loss: 3.396995  [  256/  677]
loss: 2.033328  [  448/  677]
loss: 2.772023  [  640/  677]
Average Training Loss: 0.998737
Val Loss: 2.7505 | C-index: 0.5076

Epoch 4
-------------------------------
loss: 3.482203  [   64/  677]
loss: 2.902544  [  256/  677]
loss: 2.779028  [  448/  677]
loss: 2.697531  [  640/  677]
Average Training Loss: 1.078301
Val Loss: 2.7418 | C-index: 0.5228

Epoch 5
-------------------------------
loss: 2.846224  [   64/  677]
loss: 2.846925  [  256/  677]
loss: 2.627700  [  448/  677]
loss: 3.057834  [  640/  677]
Average Training Loss: 1.034426
Val Loss: 2.7228 | C-index: 0.5553

Epoch 6
-------------------------------
loss: 1.975302  [   64/  677]
loss: 2.906517  [  256/  677]
loss: 3.091987  [  448/  677]
loss: 2.964226  [  640/  677]
Average Training Loss: 0.994367
Val Loss: 2.6596 | C-index: 0.6406

Epoch 7
-------------------------------
loss: 2.866519  [   64/  677]
loss: 2.822215  [  256/  677]
loss: 2.787087  [  448/  677]
loss: 2.428061  [  640/  677]
Average Training Loss: 0.991262
Val Loss: 2.5989 | C-index: 0.7062

Epoch 8
-------------------------------
loss: 2.526885  [   64/  677]
loss: 2.681093  [  256/  677]
loss: 2.972321  [  448/  677]
loss: 2.428398  [  640/  677]
Average Training Loss: 0.964427
Val Loss: 2.6009 | C-index: 0.6790

Epoch 9
-------------------------------
loss: 2.509730  [   64/  677]
loss: 2.611252  [  256/  677]
loss: 2.671784  [  448/  677]
loss: 2.774926  [  640/  677]
Average Training Loss: 0.960699
Val Loss: 2.5759 | C-index: 0.7148

Epoch 10
-------------------------------
loss: 2.414702  [   64/  677]
loss: 2.518214  [  256/  677]
loss: 2.674784  [  448/  677]
loss: 2.344288  [  640/  677]
Average Training Loss: 0.904726
Val Loss: 2.6005 | C-index: 0.6856

Epoch 11
-------------------------------
loss: 2.571838  [   64/  677]
loss: 2.640965  [  256/  677]
loss: 2.232732  [  448/  677]
loss: 2.804582  [  640/  677]
Average Training Loss: 0.931829
Val Loss: 2.5800 | C-index: 0.7028

Epoch 12
-------------------------------
loss: 2.637936  [   64/  677]
loss: 2.298427  [  256/  677]
loss: 2.589546  [  448/  677]
loss: 2.406322  [  640/  677]
Average Training Loss: 0.902930
Val Loss: 2.5986 | C-index: 0.7081

Epoch 13
-------------------------------
loss: 2.711356  [   64/  677]
loss: 2.850019  [  256/  677]
loss: 1.919273  [  448/  677]
loss: 2.459044  [  640/  677]
Average Training Loss: 0.903608
Val Loss: 2.6388 | C-index: 0.6539

Epoch 14
-------------------------------
loss: 2.462615  [   64/  677]
loss: 2.419293  [  256/  677]
loss: 2.333202  [  448/  677]
loss: 2.490545  [  640/  677]
Average Training Loss: 0.882332
Val Loss: 2.6706 | C-index: 0.6651

Stopping early at Epoch 14 since no C-Index improvement after 5 epochs.
Done!
Best C-Index = 0.71475843812045 at Epoch 9

=========================================
FOLD 2/5
=========================================

Epoch 1
-------------------------------
loss: 2.472943  [   64/  677]
loss: 3.076527  [  256/  677]
loss: 2.954568  [  448/  677]
loss: 3.431203  [  640/  677]
Average Training Loss: 1.085022
Val Loss: 2.8627 | C-index: 0.6758

Epoch 2
-------------------------------
loss: 2.725084  [   64/  677]
loss: 3.123950  [  256/  677]
loss: 2.758405  [  448/  677]
loss: 3.003189  [  640/  677]
Average Training Loss: 1.055512
Val Loss: 2.8570 | C-index: 0.7060

Epoch 3
-------------------------------
loss: 3.009530  [   64/  677]
loss: 2.875800  [  256/  677]
loss: 3.120808  [  448/  677]
loss: 2.698845  [  640/  677]
Average Training Loss: 1.064089
Val Loss: 2.8512 | C-index: 0.6403

Epoch 4
-------------------------------
loss: 2.722736  [   64/  677]
loss: 3.362400  [  256/  677]
loss: 3.306022  [  448/  677]
loss: 2.794134  [  640/  677]
Average Training Loss: 1.107754
Val Loss: 2.8091 | C-index: 0.6564

Epoch 5
-------------------------------
loss: 2.951811  [   64/  677]
loss: 3.238259  [  256/  677]
loss: 2.758920  [  448/  677]
loss: 2.858091  [  640/  677]
Average Training Loss: 1.073371
Val Loss: 2.7673 | C-index: 0.6658

Epoch 6
-------------------------------
loss: 2.678799  [   64/  677]
loss: 2.898237  [  256/  677]
loss: 2.935945  [  448/  677]
loss: 3.120294  [  640/  677]
Average Training Loss: 1.057570
Val Loss: 2.7128 | C-index: 0.6879

Epoch 7
-------------------------------
loss: 2.320713  [   64/  677]
loss: 2.932309  [  256/  677]
loss: 2.875263  [  448/  677]
loss: 2.673174  [  640/  677]
Average Training Loss: 0.981951
Val Loss: 2.7011 | C-index: 0.7093

Epoch 8
-------------------------------
loss: 2.627362  [   64/  677]
loss: 2.817791  [  256/  677]
loss: 2.680995  [  448/  677]
loss: 1.809542  [  640/  677]
Average Training Loss: 0.903245
Val Loss: 2.7471 | C-index: 0.7240

Epoch 9
-------------------------------
loss: 2.400255  [   64/  677]
loss: 2.687362  [  256/  677]
loss: 2.678627  [  448/  677]
loss: 2.408710  [  640/  677]
Average Training Loss: 0.924996
Val Loss: 2.6611 | C-index: 0.7602

Epoch 10
-------------------------------
loss: 2.234110  [   64/  677]
loss: 2.512135  [  256/  677]
loss: 2.070838  [  448/  677]
loss: 3.072034  [  640/  677]
Average Training Loss: 0.899011
Val Loss: 2.6528 | C-index: 0.7522

Epoch 11
-------------------------------
loss: 2.656978  [   64/  677]
loss: 2.441153  [  256/  677]
loss: 2.581380  [  448/  677]
loss: 2.483203  [  640/  677]
Average Training Loss: 0.923883
Val Loss: 2.6408 | C-index: 0.7683

Epoch 12
-------------------------------
loss: 2.406258  [   64/  677]
loss: 2.492163  [  256/  677]
loss: 2.541108  [  448/  677]
loss: 2.476573  [  640/  677]
Average Training Loss: 0.901464
Val Loss: 2.5963 | C-index: 0.7877

Epoch 13
-------------------------------
loss: 2.422154  [   64/  677]
loss: 1.682696  [  256/  677]
loss: 2.475608  [  448/  677]
loss: 2.224412  [  640/  677]
Average Training Loss: 0.800443
Val Loss: 2.6300 | C-index: 0.7796

Epoch 14
-------------------------------
loss: 2.933024  [   64/  677]
loss: 1.913455  [  256/  677]
loss: 2.339933  [  448/  677]
loss: 2.644707  [  640/  677]
Average Training Loss: 0.893738
Val Loss: 2.5835 | C-index: 0.7837

Epoch 15
-------------------------------
loss: 2.695399  [   64/  677]
loss: 2.662591  [  256/  677]
loss: 2.173816  [  448/  677]
loss: 2.511932  [  640/  677]
Average Training Loss: 0.913067
Val Loss: 2.6215 | C-index: 0.7803

Epoch 16
-------------------------------
loss: 2.394862  [   64/  677]
loss: 2.607778  [  256/  677]
loss: 2.106099  [  448/  677]
loss: 2.323972  [  640/  677]
Average Training Loss: 0.857519
Val Loss: 2.5504 | C-index: 0.7803

Epoch 17
-------------------------------
loss: 2.281359  [   64/  677]
loss: 2.210630  [  256/  677]
loss: 2.134419  [  448/  677]
loss: 2.299682  [  640/  677]
Average Training Loss: 0.811463
Val Loss: 2.5668 | C-index: 0.7843

Stopping early at Epoch 17 since no C-Index improvement after 5 epochs.
Done!
Best C-Index = 0.7876758204956463 at Epoch 12

=========================================
FOLD 3/5
=========================================

Epoch 1
-------------------------------
loss: 3.135419  [   64/  678]
loss: 2.945684  [  256/  678]
loss: 2.730520  [  448/  678]
loss: 2.705723  [  640/  678]
Average Training Loss: 1.047032
Val Loss: 3.3905 | C-index: 0.7174

Epoch 2
-------------------------------
loss: 2.555244  [   64/  678]
loss: 2.721126  [  256/  678]
loss: 3.095885  [  448/  678]
loss: 3.111018  [  640/  678]
Average Training Loss: 1.043934
Val Loss: 3.3852 | C-index: 0.6896

Epoch 3
-------------------------------
loss: 3.074337  [   64/  678]
loss: 2.510367  [  256/  678]
loss: 2.973557  [  448/  678]
loss: 2.621264  [  640/  678]
Average Training Loss: 1.016321
Val Loss: 3.3718 | C-index: 0.7336

Epoch 4
-------------------------------
loss: 3.184872  [   64/  678]
loss: 2.297538  [  256/  678]
loss: 2.541123  [  448/  678]
loss: 2.511021  [  640/  678]
Average Training Loss: 0.957687
Val Loss: 3.3414 | C-index: 0.6798

Epoch 5
-------------------------------
loss: 2.627909  [   64/  678]
loss: 2.756067  [  256/  678]
loss: 1.832476  [  448/  678]
loss: 2.434357  [  640/  678]
Average Training Loss: 0.877346
Val Loss: 3.2722 | C-index: 0.7039

Epoch 6
-------------------------------
loss: 2.664173  [   64/  678]
loss: 2.770595  [  256/  678]
loss: 2.764014  [  448/  678]
loss: 2.782837  [  640/  678]
Average Training Loss: 0.998329
Val Loss: 3.2290 | C-index: 0.7109

Epoch 7
-------------------------------
loss: 2.971135  [   64/  678]
loss: 2.890193  [  256/  678]
loss: 2.705117  [  448/  678]
loss: 2.807262  [  640/  678]
Average Training Loss: 1.033973
Val Loss: 3.2340 | C-index: 0.6993

Epoch 8
-------------------------------
loss: 2.846648  [   64/  678]
loss: 2.233874  [  256/  678]
loss: 1.925676  [  448/  678]
loss: 2.600741  [  640/  678]
Average Training Loss: 0.873358
Val Loss: 3.2407 | C-index: 0.6858

Stopping early at Epoch 8 since no C-Index improvement after 5 epochs.
Done!
Best C-Index = 0.7336426914153132 at Epoch 3

=========================================
FOLD 4/5
=========================================

Epoch 1
-------------------------------
loss: 2.907575  [   64/  678]
loss: 3.276229  [  256/  678]
loss: 3.505352  [  448/  678]
loss: 3.025198  [  640/  678]
Average Training Loss: 1.155850
Val Loss: 2.5228 | C-index: 0.6204

Epoch 2
-------------------------------
loss: 2.886315  [   64/  678]
loss: 3.074894  [  256/  678]
loss: 3.261701  [  448/  678]
loss: 2.595253  [  640/  678]
Average Training Loss: 1.074378
Val Loss: 2.5191 | C-index: 0.6236

Epoch 3
-------------------------------
loss: 2.855214  [   64/  678]
loss: 3.068778  [  256/  678]
loss: 3.628970  [  448/  678]
loss: 2.906631  [  640/  678]
Average Training Loss: 1.132690
Val Loss: 2.5136 | C-index: 0.5805

Epoch 4
-------------------------------
loss: 2.693874  [   64/  678]
loss: 2.963829  [  256/  678]
loss: 3.065013  [  448/  678]
loss: 2.725182  [  640/  678]
Average Training Loss: 1.040718
Val Loss: 2.4990 | C-index: 0.5853

Epoch 5
-------------------------------
loss: 3.057370  [   64/  678]
loss: 3.176916  [  256/  678]
loss: 2.902550  [  448/  678]
loss: 2.540617  [  640/  678]
Average Training Loss: 1.061587
Val Loss: 2.4518 | C-index: 0.6268

Epoch 6
-------------------------------
loss: 3.019932  [   64/  678]
loss: 2.732627  [  256/  678]
loss: 3.131554  [  448/  678]
loss: 2.528228  [  640/  678]
Average Training Loss: 1.037486
Val Loss: 2.3833 | C-index: 0.6515

Epoch 7
-------------------------------
loss: 2.512112  [   64/  678]
loss: 2.961576  [  256/  678]
loss: 2.740715  [  448/  678]
loss: 2.320040  [  640/  678]
Average Training Loss: 0.957677
Val Loss: 2.3644 | C-index: 0.6722

Epoch 8
-------------------------------
loss: 2.588125  [   64/  678]
loss: 3.029350  [  256/  678]
loss: 2.959191  [  448/  678]
loss: 2.740694  [  640/  678]
Average Training Loss: 1.028851
Val Loss: 2.3676 | C-index: 0.6611

Epoch 9
-------------------------------
loss: 2.624473  [   64/  678]
loss: 2.506145  [  256/  678]
loss: 2.218051  [  448/  678]
loss: 2.958699  [  640/  678]
Average Training Loss: 0.937033
Val Loss: 2.3637 | C-index: 0.6826

Epoch 10
-------------------------------
loss: 2.753509  [   64/  678]
loss: 2.518158  [  256/  678]
loss: 2.392370  [  448/  678]
loss: 2.501679  [  640/  678]
Average Training Loss: 0.924156
Val Loss: 2.3656 | C-index: 0.6746

Epoch 11
-------------------------------
loss: 2.425973  [   64/  678]
loss: 2.719750  [  256/  678]
loss: 2.876135  [  448/  678]
loss: 2.158478  [  640/  678]
Average Training Loss: 0.925485
Val Loss: 2.3716 | C-index: 0.6762

Epoch 12
-------------------------------
loss: 2.887903  [   64/  678]
loss: 2.265090  [  256/  678]
loss: 2.752886  [  448/  678]
loss: 1.718464  [  640/  678]
Average Training Loss: 0.874940
Val Loss: 2.3571 | C-index: 0.6762

Epoch 13
-------------------------------
loss: 2.419545  [   64/  678]
loss: 2.649868  [  256/  678]
loss: 2.490920  [  448/  678]
loss: 2.379808  [  640/  678]
Average Training Loss: 0.903649
Val Loss: 2.3803 | C-index: 0.6451

Epoch 14
-------------------------------
loss: 2.459961  [   64/  678]
loss: 2.265007  [  256/  678]
loss: 2.091572  [  448/  678]
loss: 2.092658  [  640/  678]
Average Training Loss: 0.809927
Val Loss: 2.3986 | C-index: 0.6547

Stopping early at Epoch 14 since no C-Index improvement after 5 epochs.
Done!
Best C-Index = 0.682615629984051 at Epoch 9

=========================================
FOLD 5/5
=========================================

Epoch 1
-------------------------------
loss: 3.171674  [   64/  678]
loss: 2.765469  [  256/  678]
loss: 3.140553  [  448/  678]
loss: 2.646968  [  640/  678]
Average Training Loss: 1.065878
Val Loss: 3.0612 | C-index: 0.7138

Epoch 2
-------------------------------
loss: 3.285192  [   64/  678]
loss: 3.007577  [  256/  678]
loss: 3.032582  [  448/  678]
loss: 2.635772  [  640/  678]
Average Training Loss: 1.087375
Val Loss: 3.0534 | C-index: 0.7231

Epoch 3
-------------------------------
loss: 2.255347  [   64/  678]
loss: 2.982073  [  256/  678]
loss: 3.196675  [  448/  678]
loss: 3.379326  [  640/  678]
Average Training Loss: 1.073947
Val Loss: 3.0378 | C-index: 0.6797

Epoch 4
-------------------------------
loss: 2.564475  [   64/  678]
loss: 2.936017  [  256/  678]
loss: 2.497007  [  448/  678]
loss: 3.078903  [  640/  678]
Average Training Loss: 1.006946
Val Loss: 3.0166 | C-index: 0.6548

Epoch 5
-------------------------------
loss: 3.214820  [   64/  678]
loss: 1.668984  [  256/  678]
loss: 2.899611  [  448/  678]
loss: 2.683795  [  640/  678]
Average Training Loss: 0.951565
Val Loss: 3.0073 | C-index: 0.6782

Epoch 6
-------------------------------
loss: 2.538620  [   64/  678]
loss: 2.583385  [  256/  678]
loss: 2.955042  [  448/  678]
loss: 2.767229  [  640/  678]
Average Training Loss: 0.985843
Val Loss: 2.9883 | C-index: 0.6899

Epoch 7
-------------------------------
loss: 2.696845  [   64/  678]
loss: 3.066175  [  256/  678]
loss: 2.172684  [  448/  678]
loss: 1.021236  [  640/  678]
Average Training Loss: 0.814267
Val Loss: 2.9938 | C-index: 0.6953

Stopping early at Epoch 7 since no C-Index improvement after 5 epochs.
Done!
Best C-Index = 0.7230619210141395 at Epoch 2

=========================================
CV training complete! Mean ± std C-index: 0.7284 ± 0.0342
Best epochs per fold: [9, 12, 3, 9, 2]

=========================================
Retraining model on full train+val for 7 epochs...
Epoch 1
-------------------------------
loss: 2.834105  [   64/  847]
loss: 2.781684  [  320/  847]
loss: 3.415855  [  576/  847]
loss: 2.588000  [  832/  847]
Average Training Loss: 0.829975
Val Loss: 2.9052 | C-index: 0.6552

Epoch 2
-------------------------------
loss: 2.441319  [   64/  847]
loss: 2.879869  [  320/  847]
loss: 2.720269  [  576/  847]
loss: 3.053853  [  832/  847]
Average Training Loss: 0.792522
Val Loss: 2.8732 | C-index: 0.7170

Epoch 3
-------------------------------
loss: 3.340031  [   64/  847]
loss: 2.965575  [  320/  847]
loss: 2.642834  [  576/  847]
loss: 2.989383  [  832/  847]
Average Training Loss: 0.852702
Val Loss: 2.8035 | C-index: 0.7164

Epoch 4
-------------------------------
loss: 2.506156  [   64/  847]
loss: 2.257312  [  320/  847]
loss: 2.827491  [  576/  847]
loss: 2.744449  [  832/  847]
Average Training Loss: 0.738243
Val Loss: 2.7417 | C-index: 0.7644

Epoch 5
-------------------------------
loss: 2.759367  [   64/  847]
loss: 2.553237  [  320/  847]
loss: 2.847958  [  576/  847]
loss: 3.129001  [  832/  847]
Average Training Loss: 0.806397
Val Loss: 2.5895 | C-index: 0.8101

Epoch 6
-------------------------------
loss: 2.804603  [   64/  847]
loss: 3.066611  [  320/  847]
loss: 3.067394  [  576/  847]
loss: 2.926668  [  832/  847]
Average Training Loss: 0.847520
Val Loss: 2.5196 | C-index: 0.8518

Epoch 7
-------------------------------
loss: 2.552004  [   64/  847]
loss: 2.527420  [  320/  847]
loss: 2.915648  [  576/  847]
loss: 3.177735  [  832/  847]
Average Training Loss: 0.798058
Val Loss: 2.5085 | C-index: 0.8827

Done!
Best C-Index = 0.8827141468503283 at Epoch 7
FINAL TEST Average Loss: 2.4660
FINAL TEST C-index: 0.5957
Bootstrap 95% CI: [0.4832, 0.7075]
Top 10 activated pathways:
{'R-HSA-1368108': 0.049799662083387375, 'R-HSA-4791275': 0.04846499115228653, 'R-HSA-9821993': 0.046946585178375244, 'R-HSA-2173788': 0.04689333960413933, 'R-HSA-532668': 0.04631447419524193, 'R-HSA-5635838': 0.044093742966651917, 'R-HSA-9860927': 0.04073593392968178, 'R-HSA-5654700': 0.040377337485551834, 'R-HSA-8979227': 0.039769429713487625, 'R-HSA-399955': 0.039389003068208694}
Results saved to /Users/evan/Documents/GitHub/HyBINN/experiments/runs/binn_clinical/seed_9/results.json
