train_hybinn.py log started 2026-06-17 01:07:49.990136
=========================================
Model Active Branches: ['clinical']
=========================================

=========================================
FOLD 1/5
=========================================

Epoch 1
-------------------------------
loss: 2.849128  [   64/  677]
loss: 3.014442  [  256/  677]
loss: 3.261455  [  448/  677]
loss: 2.927895  [  640/  677]
Average Training Loss: 1.095720
Val Loss: 2.7283 | C-index: 0.7208

Epoch 2
-------------------------------
loss: 3.113474  [   64/  677]
loss: 2.837194  [  256/  677]
loss: 3.413716  [  448/  677]
loss: 2.298005  [  640/  677]
Average Training Loss: 1.060217
Val Loss: 2.7259 | C-index: 0.7113

Epoch 3
-------------------------------
loss: 2.895722  [   64/  677]
loss: 2.897807  [  256/  677]
loss: 2.876770  [  448/  677]
loss: 2.659545  [  640/  677]
Average Training Loss: 1.029986
Val Loss: 2.7232 | C-index: 0.6957

Epoch 4
-------------------------------
loss: 2.856492  [   64/  677]
loss: 2.749118  [  256/  677]
loss: 2.707606  [  448/  677]
loss: 3.003823  [  640/  677]
Average Training Loss: 1.028822
Val Loss: 2.7191 | C-index: 0.7160

Epoch 5
-------------------------------
loss: 3.171721  [   64/  677]
loss: 2.516413  [  256/  677]
loss: 2.896965  [  448/  677]
loss: 2.553372  [  640/  677]
Average Training Loss: 1.012588
Val Loss: 2.7136 | C-index: 0.7269

Epoch 6
-------------------------------
loss: 2.830607  [   64/  677]
loss: 3.602856  [  256/  677]
loss: 3.290826  [  448/  677]
loss: 2.666269  [  640/  677]
Average Training Loss: 1.126414
Val Loss: 2.7061 | C-index: 0.7323

Epoch 7
-------------------------------
loss: 2.644168  [   64/  677]
loss: 3.082722  [  256/  677]
loss: 3.004698  [  448/  677]
loss: 2.652972  [  640/  677]
Average Training Loss: 1.034960
Val Loss: 2.6777 | C-index: 0.7514

Epoch 8
-------------------------------
loss: 2.881271  [   64/  677]
loss: 2.892631  [  256/  677]
loss: 2.796877  [  448/  677]
loss: 3.123626  [  640/  677]
Average Training Loss: 1.063128
Val Loss: 2.6414 | C-index: 0.7629

Epoch 9
-------------------------------
loss: 2.700534  [   64/  677]
loss: 3.185375  [  256/  677]
loss: 2.358182  [  448/  677]
loss: 2.806016  [  640/  677]
Average Training Loss: 1.004555
Val Loss: 2.6232 | C-index: 0.7663

Epoch 10
-------------------------------
loss: 2.748523  [   64/  677]
loss: 2.856330  [  256/  677]
loss: 3.047562  [  448/  677]
loss: 2.766666  [  640/  677]
Average Training Loss: 1.038098
Val Loss: 2.6403 | C-index: 0.7670

Epoch 11
-------------------------------
loss: 2.573806  [   64/  677]
loss: 2.548729  [  256/  677]
loss: 3.400565  [  448/  677]
loss: 2.328246  [  640/  677]
Average Training Loss: 0.986486
Val Loss: 2.5901 | C-index: 0.7745

Epoch 12
-------------------------------
loss: 2.733598  [   64/  677]
loss: 2.093183  [  256/  677]
loss: 2.675506  [  448/  677]
loss: 2.537953  [  640/  677]
Average Training Loss: 0.912749
Val Loss: 2.5838 | C-index: 0.7806

Epoch 13
-------------------------------
loss: 2.818687  [   64/  677]
loss: 3.234701  [  256/  677]
loss: 2.970970  [  448/  677]
loss: 2.671848  [  640/  677]
Average Training Loss: 1.063291
Val Loss: 2.5546 | C-index: 0.7704

Epoch 14
-------------------------------
loss: 2.454423  [   64/  677]
loss: 3.680958  [  256/  677]
loss: 2.716609  [  448/  677]
loss: 2.721795  [  640/  677]
Average Training Loss: 1.052162
Val Loss: 2.5569 | C-index: 0.7711

Epoch 15
-------------------------------
loss: 2.740124  [   64/  677]
loss: 3.327946  [  256/  677]
loss: 3.180426  [  448/  677]
loss: 2.857275  [  640/  677]
Average Training Loss: 1.100525
Val Loss: 2.5809 | C-index: 0.7697

Epoch 16
-------------------------------
loss: 2.540460  [   64/  677]
loss: 2.735420  [  256/  677]
loss: 3.031403  [  448/  677]
loss: 3.103372  [  640/  677]
Average Training Loss: 1.037332
Val Loss: 2.5678 | C-index: 0.7826

Epoch 17
-------------------------------
loss: 2.470055  [   64/  677]
loss: 2.765919  [  256/  677]
loss: 2.812571  [  448/  677]
loss: 3.108649  [  640/  677]
Average Training Loss: 1.014290
Val Loss: 2.5429 | C-index: 0.7704

Epoch 18
-------------------------------
loss: 2.342653  [   64/  677]
loss: 3.032052  [  256/  677]
loss: 2.910079  [  448/  677]
loss: 2.726623  [  640/  677]
Average Training Loss: 1.001037
Val Loss: 2.5931 | C-index: 0.7717

Epoch 19
-------------------------------
loss: 2.768588  [   64/  677]
loss: 3.285468  [  256/  677]
loss: 2.696585  [  448/  677]
loss: 2.804434  [  640/  677]
Average Training Loss: 1.050461
Val Loss: 2.5544 | C-index: 0.7982

Epoch 20
-------------------------------
loss: 2.799041  [   64/  677]
loss: 3.000845  [  256/  677]
loss: 3.103983  [  448/  677]
loss: 2.856903  [  640/  677]
Average Training Loss: 1.069161
Val Loss: 2.5818 | C-index: 0.7989

Epoch 21
-------------------------------
loss: 3.161000  [   64/  677]
loss: 2.875058  [  256/  677]
loss: 2.776484  [  448/  677]
loss: 2.640983  [  640/  677]
Average Training Loss: 1.041230
Val Loss: 2.5519 | C-index: 0.7901

Epoch 22
-------------------------------
loss: 2.913064  [   64/  677]
loss: 2.763347  [  256/  677]
loss: 2.418749  [  448/  677]
loss: 2.698335  [  640/  677]
Average Training Loss: 0.981227
Val Loss: 2.5538 | C-index: 0.7745

Epoch 23
-------------------------------
loss: 2.411099  [   64/  677]
loss: 2.932493  [  256/  677]
loss: 2.343802  [  448/  677]
loss: 2.460766  [  640/  677]
Average Training Loss: 0.922560
Val Loss: 2.6235 | C-index: 0.7452

Epoch 24
-------------------------------
loss: 3.005560  [   64/  677]
loss: 2.392254  [  256/  677]
loss: 2.053206  [  448/  677]
loss: 3.117339  [  640/  677]
Average Training Loss: 0.960760
Val Loss: 2.5812 | C-index: 0.7779

Epoch 25
-------------------------------
loss: 2.746275  [   64/  677]
loss: 2.540470  [  256/  677]
loss: 3.379791  [  448/  677]
loss: 3.116491  [  640/  677]
Average Training Loss: 1.071184
Val Loss: 2.5521 | C-index: 0.7840

Stopping early at Epoch 25 since no C-Index improvement after 5 epochs.
Done!
Best C-Index = 0.7989130434782609 at Epoch 20

=========================================
FOLD 2/5
=========================================

Epoch 1
-------------------------------
loss: 3.033618  [   64/  677]
loss: 3.531314  [  256/  677]
loss: 2.819678  [  448/  677]
loss: 3.123247  [  640/  677]
Average Training Loss: 1.137078
Val Loss: 2.7902 | C-index: 0.5058

Epoch 2
-------------------------------
loss: 2.258439  [   64/  677]
loss: 3.008408  [  256/  677]
loss: 2.523023  [  448/  677]
loss: 2.891453  [  640/  677]
Average Training Loss: 0.971029
Val Loss: 2.7898 | C-index: 0.5221

Epoch 3
-------------------------------
loss: 3.196264  [   64/  677]
loss: 2.791174  [  256/  677]
loss: 2.901844  [  448/  677]
loss: 3.171145  [  640/  677]
Average Training Loss: 1.096402
Val Loss: 2.7899 | C-index: 0.5166

Epoch 4
-------------------------------
loss: 2.899587  [   64/  677]
loss: 2.289161  [  256/  677]
loss: 2.969649  [  448/  677]
loss: 3.091679  [  640/  677]
Average Training Loss: 1.022734
Val Loss: 2.7891 | C-index: 0.5268

Epoch 5
-------------------------------
loss: 2.981169  [   64/  677]
loss: 3.522655  [  256/  677]
loss: 3.064392  [  448/  677]
loss: 2.348603  [  640/  677]
Average Training Loss: 1.083347
Val Loss: 2.7907 | C-index: 0.5166

Epoch 6
-------------------------------
loss: 2.971717  [   64/  677]
loss: 2.963402  [  256/  677]
loss: 2.982480  [  448/  677]
loss: 3.111341  [  640/  677]
Average Training Loss: 1.093540
Val Loss: 2.7885 | C-index: 0.5289

Epoch 7
-------------------------------
loss: 2.853723  [   64/  677]
loss: 2.940346  [  256/  677]
loss: 3.082029  [  448/  677]
loss: 3.455918  [  640/  677]
Average Training Loss: 1.121092
Val Loss: 2.7905 | C-index: 0.5227

Epoch 8
-------------------------------
loss: 2.628272  [   64/  677]
loss: 2.971072  [  256/  677]
loss: 2.757400  [  448/  677]
loss: 2.814521  [  640/  677]
Average Training Loss: 1.015570
Val Loss: 2.7936 | C-index: 0.5160

Epoch 9
-------------------------------
loss: 2.423708  [   64/  677]
loss: 2.561621  [  256/  677]
loss: 2.859710  [  448/  677]
loss: 2.618648  [  640/  677]
Average Training Loss: 0.951244
Val Loss: 2.7952 | C-index: 0.5078

Epoch 10
-------------------------------
loss: 3.309842  [   64/  677]
loss: 2.867255  [  256/  677]
loss: 2.580048  [  448/  677]
loss: 2.546221  [  640/  677]
Average Training Loss: 1.027579
Val Loss: 2.7982 | C-index: 0.5071

Epoch 11
-------------------------------
loss: 2.907547  [   64/  677]
loss: 2.718891  [  256/  677]
loss: 2.466529  [  448/  677]
loss: 3.651798  [  640/  677]
Average Training Loss: 1.067706
Val Loss: 2.8003 | C-index: 0.4956

Stopping early at Epoch 11 since no C-Index improvement after 5 epochs.
Done!
Best C-Index = 0.5288526816021725 at Epoch 6

=========================================
FOLD 3/5
=========================================

Epoch 1
-------------------------------
loss: 3.277550  [   64/  678]
loss: 2.935029  [  256/  678]
loss: 3.444113  [  448/  678]
loss: 3.192037  [  640/  678]
Average Training Loss: 1.168066
Val Loss: 2.5286 | C-index: 0.7197

Epoch 2
-------------------------------
loss: 3.166636  [   64/  678]
loss: 3.114634  [  256/  678]
loss: 2.259647  [  448/  678]
loss: 2.830220  [  640/  678]
Average Training Loss: 1.033740
Val Loss: 2.5236 | C-index: 0.6870

Epoch 3
-------------------------------
loss: 3.239814  [   64/  678]
loss: 2.870223  [  256/  678]
loss: 3.328592  [  448/  678]
loss: 3.095996  [  640/  678]
Average Training Loss: 1.139511
Val Loss: 2.5176 | C-index: 0.6999

Epoch 4
-------------------------------
loss: 3.003471  [   64/  678]
loss: 2.966239  [  256/  678]
loss: 3.220104  [  448/  678]
loss: 3.246683  [  640/  678]
Average Training Loss: 1.130591
Val Loss: 2.5110 | C-index: 0.6961

Epoch 5
-------------------------------
loss: 2.374892  [   64/  678]
loss: 3.127978  [  256/  678]
loss: 3.252285  [  448/  678]
loss: 3.729578  [  640/  678]
Average Training Loss: 1.134976
Val Loss: 2.5049 | C-index: 0.7007

Epoch 6
-------------------------------
loss: 2.988628  [   64/  678]
loss: 3.123276  [  256/  678]
loss: 2.887989  [  448/  678]
loss: 2.411671  [  640/  678]
Average Training Loss: 1.037415
Val Loss: 2.5007 | C-index: 0.7030

Stopping early at Epoch 6 since no C-Index improvement after 5 epochs.
Done!
Best C-Index = 0.7196509863429439 at Epoch 1

=========================================
FOLD 4/5
=========================================

Epoch 1
-------------------------------
loss: 2.818914  [   64/  678]
loss: 3.043535  [  256/  678]
loss: 2.286508  [  448/  678]
loss: 3.301268  [  640/  678]
Average Training Loss: 1.040930
Val Loss: 3.0105 | C-index: 0.7040

Epoch 2
-------------------------------
loss: 3.008773  [   64/  678]
loss: 3.199620  [  256/  678]
loss: 2.636280  [  448/  678]
loss: 3.591433  [  640/  678]
Average Training Loss: 1.130555
Val Loss: 3.0092 | C-index: 0.6778

Epoch 3
-------------------------------
loss: 2.158841  [   64/  678]
loss: 3.293723  [  256/  678]
loss: 2.925736  [  448/  678]
loss: 2.927396  [  640/  678]
Average Training Loss: 1.027791
Val Loss: 3.0074 | C-index: 0.6552

Epoch 4
-------------------------------
loss: 3.139664  [   64/  678]
loss: 2.918259  [  256/  678]
loss: 1.908495  [  448/  678]
loss: 2.485697  [  640/  678]
Average Training Loss: 0.950192
Val Loss: 3.0032 | C-index: 0.6635

Epoch 5
-------------------------------
loss: 3.310857  [   64/  678]
loss: 2.703437  [  256/  678]
loss: 3.312029  [  448/  678]
loss: 3.216467  [  640/  678]
Average Training Loss: 1.140254
Val Loss: 2.9957 | C-index: 0.6891

Epoch 6
-------------------------------
loss: 3.095516  [   64/  678]
loss: 2.946251  [  256/  678]
loss: 2.893351  [  448/  678]
loss: 3.269066  [  640/  678]
Average Training Loss: 1.109471
Val Loss: 2.9886 | C-index: 0.7064

Epoch 7
-------------------------------
loss: 2.601316  [   64/  678]
loss: 2.984057  [  256/  678]
loss: 2.786674  [  448/  678]
loss: 3.375077  [  640/  678]
Average Training Loss: 1.067920
Val Loss: 2.9796 | C-index: 0.7094

Epoch 8
-------------------------------
loss: 3.225912  [   64/  678]
loss: 2.887736  [  256/  678]
loss: 2.771692  [  448/  678]
loss: 2.692607  [  640/  678]
Average Training Loss: 1.052541
Val Loss: 2.9724 | C-index: 0.7195

Epoch 9
-------------------------------
loss: 2.783127  [   64/  678]
loss: 2.720133  [  256/  678]
loss: 2.653176  [  448/  678]
loss: 2.631037  [  640/  678]
Average Training Loss: 0.980679
Val Loss: 2.9529 | C-index: 0.7242

Epoch 10
-------------------------------
loss: 2.410087  [   64/  678]
loss: 3.300807  [  256/  678]
loss: 2.872623  [  448/  678]
loss: 2.459450  [  640/  678]
Average Training Loss: 1.003906
Val Loss: 2.9343 | C-index: 0.7284

Epoch 11
-------------------------------
loss: 2.552278  [   64/  678]
loss: 3.080708  [  256/  678]
loss: 2.510946  [  448/  678]
loss: 2.607836  [  640/  678]
Average Training Loss: 0.977433
Val Loss: 2.9308 | C-index: 0.7314

Epoch 12
-------------------------------
loss: 2.519896  [   64/  678]
loss: 2.257815  [  256/  678]
loss: 2.952582  [  448/  678]
loss: 2.725323  [  640/  678]
Average Training Loss: 0.950511
Val Loss: 2.9378 | C-index: 0.7320

Epoch 13
-------------------------------
loss: 2.420489  [   64/  678]
loss: 2.663006  [  256/  678]
loss: 2.971555  [  448/  678]
loss: 3.073409  [  640/  678]
Average Training Loss: 1.011678
Val Loss: 2.9269 | C-index: 0.7326

Epoch 14
-------------------------------
loss: 2.807866  [   64/  678]
loss: 2.366853  [  256/  678]
loss: 2.767571  [  448/  678]
loss: 3.004997  [  640/  678]
Average Training Loss: 0.995208
Val Loss: 2.9080 | C-index: 0.7225

Epoch 15
-------------------------------
loss: 3.031822  [   64/  678]
loss: 2.692072  [  256/  678]
loss: 2.562248  [  448/  678]
loss: 3.295182  [  640/  678]
Average Training Loss: 1.052848
Val Loss: 2.8938 | C-index: 0.7230

Epoch 16
-------------------------------
loss: 3.083871  [   64/  678]
loss: 2.635973  [  256/  678]
loss: 2.200433  [  448/  678]
loss: 2.731514  [  640/  678]
Average Training Loss: 0.968345
Val Loss: 2.8695 | C-index: 0.7415

Epoch 17
-------------------------------
loss: 3.005329  [   64/  678]
loss: 2.877521  [  256/  678]
loss: 2.539297  [  448/  678]
loss: 2.960934  [  640/  678]
Average Training Loss: 1.034826
Val Loss: 2.8736 | C-index: 0.7236

Epoch 18
-------------------------------
loss: 2.583572  [   64/  678]
loss: 2.772912  [  256/  678]
loss: 2.797935  [  448/  678]
loss: 2.955394  [  640/  678]
Average Training Loss: 1.009983
Val Loss: 2.8676 | C-index: 0.7290

Epoch 19
-------------------------------
loss: 2.840381  [   64/  678]
loss: 2.092121  [  256/  678]
loss: 2.974079  [  448/  678]
loss: 2.958882  [  640/  678]
Average Training Loss: 0.987769
Val Loss: 2.8765 | C-index: 0.7052

Epoch 20
-------------------------------
loss: 2.497150  [   64/  678]
loss: 2.368171  [  256/  678]
loss: 2.542177  [  448/  678]
loss: 2.889960  [  640/  678]
Average Training Loss: 0.936133
Val Loss: 2.8719 | C-index: 0.7082

Epoch 21
-------------------------------
loss: 2.703302  [   64/  678]
loss: 2.989736  [  256/  678]
loss: 2.548585  [  448/  678]
loss: 3.036092  [  640/  678]
Average Training Loss: 1.025247
Val Loss: 2.8645 | C-index: 0.7219

Stopping early at Epoch 21 since no C-Index improvement after 5 epochs.
Done!
Best C-Index = 0.741512805241215 at Epoch 16

=========================================
FOLD 5/5
=========================================

Epoch 1
-------------------------------
loss: 3.370161  [   64/  678]
loss: 2.854720  [  256/  678]
loss: 2.210451  [  448/  678]
loss: 3.395204  [  640/  678]
Average Training Loss: 1.075503
Val Loss: 2.9386 | C-index: 0.6950

Epoch 2
-------------------------------
loss: 2.572767  [   64/  678]
loss: 3.095042  [  256/  678]
loss: 2.932702  [  448/  678]
loss: 2.953635  [  640/  678]
Average Training Loss: 1.050377
Val Loss: 2.9349 | C-index: 0.6927

Epoch 3
-------------------------------
loss: 2.572490  [   64/  678]
loss: 2.297339  [  256/  678]
loss: 2.801192  [  448/  678]
loss: 2.747490  [  640/  678]
Average Training Loss: 0.947137
Val Loss: 2.9345 | C-index: 0.6687

Epoch 4
-------------------------------
loss: 2.864280  [   64/  678]
loss: 3.064702  [  256/  678]
loss: 2.528144  [  448/  678]
loss: 2.374713  [  640/  678]
Average Training Loss: 0.984713
Val Loss: 2.9308 | C-index: 0.6733

Epoch 5
-------------------------------
loss: 2.574671  [   64/  678]
loss: 3.450837  [  256/  678]
loss: 2.861777  [  448/  678]
loss: 2.990493  [  640/  678]
Average Training Loss: 1.079798
Val Loss: 2.9252 | C-index: 0.6784

Epoch 6
-------------------------------
loss: 3.221537  [   64/  678]
loss: 2.952394  [  256/  678]
loss: 2.204939  [  448/  678]
loss: 3.100186  [  640/  678]
Average Training Loss: 1.043551
Val Loss: 2.9225 | C-index: 0.6798

Stopping early at Epoch 6 since no C-Index improvement after 5 epochs.
Done!
Best C-Index = 0.6950485886163813 at Epoch 1

=========================================
CV training complete! Mean ± std C-index: 0.6968 ± 0.0907
Best epochs per fold: [20, 6, 1, 16, 1]

=========================================
Retraining model on full train+val for 9 epochs...
Epoch 1
-------------------------------
loss: 3.387720  [   64/  847]
loss: 2.741572  [  320/  847]
loss: 2.729575  [  576/  847]
loss: 3.154968  [  832/  847]
Average Training Loss: 0.858131
Val Loss: 2.8700 | C-index: 0.6821

Epoch 2
-------------------------------
loss: 3.180999  [   64/  847]
loss: 3.128344  [  320/  847]
loss: 2.871104  [  576/  847]
loss: 3.012709  [  832/  847]
Average Training Loss: 0.870940
Val Loss: 2.8026 | C-index: 0.6933

Epoch 3
-------------------------------
loss: 2.796561  [   64/  847]
loss: 2.770078  [  320/  847]
loss: 2.556339  [  576/  847]
loss: 2.833476  [  832/  847]
Average Training Loss: 0.782604
Val Loss: 2.7630 | C-index: 0.6941

Epoch 4
-------------------------------
loss: 3.168404  [   64/  847]
loss: 3.315221  [  320/  847]
loss: 2.858646  [  576/  847]
loss: 2.556302  [  832/  847]
Average Training Loss: 0.849898
Val Loss: 2.7991 | C-index: 0.6995

Epoch 5
-------------------------------
loss: 3.002201  [   64/  847]
loss: 2.757650  [  320/  847]
loss: 3.020824  [  576/  847]
loss: 2.572048  [  832/  847]
Average Training Loss: 0.810909
Val Loss: 2.7706 | C-index: 0.7000

Epoch 6
-------------------------------
loss: 2.907527  [   64/  847]
loss: 2.604016  [  320/  847]
loss: 2.961321  [  576/  847]
loss: 2.601085  [  832/  847]
Average Training Loss: 0.790996
Val Loss: 2.7603 | C-index: 0.7008

Epoch 7
-------------------------------
loss: 2.911020  [   64/  847]
loss: 2.435471  [  320/  847]
loss: 2.533135  [  576/  847]
loss: 3.059847  [  832/  847]
Average Training Loss: 0.781391
Val Loss: 2.6923 | C-index: 0.7045

Epoch 8
-------------------------------
loss: 2.970594  [   64/  847]
loss: 3.334980  [  320/  847]
loss: 2.779316  [  576/  847]
loss: 2.778439  [  832/  847]
Average Training Loss: 0.847381
Val Loss: 2.7099 | C-index: 0.7087

Epoch 9
-------------------------------
loss: 2.558909  [   64/  847]
loss: 3.516035  [  320/  847]
loss: 2.800508  [  576/  847]
loss: 2.985638  [  832/  847]
Average Training Loss: 0.847221
Val Loss: 2.6729 | C-index: 0.7113

Done!
Best C-Index = 0.7113484646194926 at Epoch 9
FINAL TEST Average Loss: 2.5926
FINAL TEST C-index: 0.7046
Bootstrap 95% CI: [0.5823, 0.8223]
Results saved to /Users/evan/Documents/GitHub/HyBINN/experiments/runs/clinical/seed_6/results.json
