train_hybinn.py log started 2026-06-17 01:27:43.053307
=========================================
Model Active Branches: ['binn', 'gene', 'clinical']
=========================================

=========================================
FOLD 1/5
=========================================

Epoch 1
-------------------------------
loss: 3.320306  [   64/  677]
loss: 2.808149  [  256/  677]
loss: 3.482625  [  448/  677]
loss: 3.182386  [  640/  677]
Average Training Loss: 1.163042
Val Loss: 2.5796 | C-index: 0.5119

Epoch 2
-------------------------------
loss: 3.125015  [   64/  677]
loss: 2.686366  [  256/  677]
loss: 3.026257  [  448/  677]
loss: 3.290109  [  640/  677]
Average Training Loss: 1.102522
Val Loss: 2.5824 | C-index: 0.5158

Epoch 3
-------------------------------
loss: 2.773967  [   64/  677]
loss: 2.948029  [  256/  677]
loss: 2.875209  [  448/  677]
loss: 2.161616  [  640/  677]
Average Training Loss: 0.978075
Val Loss: 2.5644 | C-index: 0.4827

Epoch 4
-------------------------------
loss: 2.051956  [   64/  677]
loss: 2.226943  [  256/  677]
loss: 2.827026  [  448/  677]
loss: 2.580515  [  640/  677]
Average Training Loss: 0.880586
Val Loss: 2.7299 | C-index: 0.4157

Epoch 5
-------------------------------
loss: 1.876698  [   64/  677]
loss: 2.237802  [  256/  677]
loss: 1.635115  [  448/  677]
loss: 1.530600  [  640/  677]
Average Training Loss: 0.661838
Val Loss: 2.7869 | C-index: 0.4442

Epoch 6
-------------------------------
loss: 1.197748  [   64/  677]
loss: 1.173382  [  256/  677]
loss: 1.970111  [  448/  677]
loss: 1.724092  [  640/  677]
Average Training Loss: 0.551394
Val Loss: 2.8758 | C-index: 0.5235

Epoch 7
-------------------------------
loss: 1.210223  [   64/  677]
loss: 1.133214  [  256/  677]
loss: 1.391662  [  448/  677]
loss: 1.461424  [  640/  677]
Average Training Loss: 0.472411
Val Loss: 3.2563 | C-index: 0.4657

Epoch 8
-------------------------------
loss: 2.262249  [   64/  677]
loss: 1.502516  [  256/  677]
loss: 1.956170  [  448/  677]
loss: 1.981279  [  640/  677]
Average Training Loss: 0.700201
Val Loss: 3.3592 | C-index: 0.5289

Epoch 9
-------------------------------
loss: 1.363345  [   64/  677]
loss: 1.409745  [  256/  677]
loss: 1.737864  [  448/  677]
loss: 1.702803  [  640/  677]
Average Training Loss: 0.564887
Val Loss: 3.1905 | C-index: 0.5119

Epoch 10
-------------------------------
loss: 2.257858  [   64/  677]
loss: 1.313002  [  256/  677]
loss: 2.255994  [  448/  677]
loss: 1.871318  [  640/  677]
Average Training Loss: 0.699834
Val Loss: 3.3298 | C-index: 0.4488

Epoch 11
-------------------------------
loss: 0.944773  [   64/  677]
loss: 1.456183  [  256/  677]
loss: 1.126726  [  448/  677]
loss: 0.841822  [  640/  677]
Average Training Loss: 0.397228
Val Loss: 3.4034 | C-index: 0.5027

Epoch 12
-------------------------------
loss: 1.175159  [   64/  677]
loss: 1.414129  [  256/  677]
loss: 1.127128  [  448/  677]
loss: 1.381698  [  640/  677]
Average Training Loss: 0.463465
Val Loss: 3.2762 | C-index: 0.4873

Epoch 13
-------------------------------
loss: 1.061329  [   64/  677]
loss: 1.045004  [  256/  677]
loss: 1.087533  [  448/  677]
loss: 0.543224  [  640/  677]
Average Training Loss: 0.339735
Val Loss: 4.0470 | C-index: 0.4711

Stopping early at Epoch 13 since no C-Index improvement after 5 epochs.
Done!
Best C-Index = 0.5288683602771362 at Epoch 8

=========================================
FOLD 2/5
=========================================

Epoch 1
-------------------------------
loss: 3.105195  [   64/  677]
loss: 3.390180  [  256/  677]
loss: 3.098342  [  448/  677]
loss: 2.595318  [  640/  677]
Average Training Loss: 1.108094
Val Loss: 2.8873 | C-index: 0.5474

Epoch 2
-------------------------------
loss: 3.464772  [   64/  677]
loss: 3.054886  [  256/  677]
loss: 2.604977  [  448/  677]
loss: 3.041877  [  640/  677]
Average Training Loss: 1.106047
Val Loss: 2.8573 | C-index: 0.5884

Epoch 3
-------------------------------
loss: 2.982296  [   64/  677]
loss: 2.601226  [  256/  677]
loss: 2.875240  [  448/  677]
loss: 2.507637  [  640/  677]
Average Training Loss: 0.996945
Val Loss: 2.8314 | C-index: 0.6496

Epoch 4
-------------------------------
loss: 2.170775  [   64/  677]
loss: 2.871767  [  256/  677]
loss: 2.334268  [  448/  677]
loss: 2.363907  [  640/  677]
Average Training Loss: 0.885520
Val Loss: 2.8219 | C-index: 0.6755

Epoch 5
-------------------------------
loss: 2.337907  [   64/  677]
loss: 2.635403  [  256/  677]
loss: 1.968889  [  448/  677]
loss: 1.577197  [  640/  677]
Average Training Loss: 0.774491
Val Loss: 2.8434 | C-index: 0.6412

Epoch 6
-------------------------------
loss: 2.325500  [   64/  677]
loss: 1.101572  [  256/  677]
loss: 1.829106  [  448/  677]
loss: 1.942202  [  640/  677]
Average Training Loss: 0.654398
Val Loss: 2.9952 | C-index: 0.5643

Epoch 7
-------------------------------
loss: 1.514939  [   64/  677]
loss: 1.883871  [  256/  677]
loss: 1.973456  [  448/  677]
loss: 1.967536  [  640/  677]
Average Training Loss: 0.667255
Val Loss: 2.9000 | C-index: 0.6407

Epoch 8
-------------------------------
loss: 1.383517  [   64/  677]
loss: 1.933771  [  256/  677]
loss: 1.259256  [  448/  677]
loss: 1.899859  [  640/  677]
Average Training Loss: 0.588764
Val Loss: 3.0336 | C-index: 0.6929

Epoch 9
-------------------------------
loss: 1.258529  [   64/  677]
loss: 1.315609  [  256/  677]
loss: 1.825373  [  448/  677]
loss: 1.009571  [  640/  677]
Average Training Loss: 0.491735
Val Loss: 2.9620 | C-index: 0.6334

Epoch 10
-------------------------------
loss: 0.744565  [   64/  677]
loss: 1.121734  [  256/  677]
loss: 1.109871  [  448/  677]
loss: 1.148748  [  640/  677]
Average Training Loss: 0.374993
Val Loss: 2.9429 | C-index: 0.6350

Epoch 11
-------------------------------
loss: 0.892748  [   64/  677]
loss: 1.374833  [  256/  677]
loss: 1.900702  [  448/  677]
loss: 0.812263  [  640/  677]
Average Training Loss: 0.452777
Val Loss: 3.4204 | C-index: 0.6727

Epoch 12
-------------------------------
loss: 1.053872  [   64/  677]
loss: 1.015018  [  256/  677]
loss: 1.180156  [  448/  677]
loss: 1.043368  [  640/  677]
Average Training Loss: 0.390219
Val Loss: 3.1582 | C-index: 0.6407

Epoch 13
-------------------------------
loss: 1.117548  [   64/  677]
loss: 0.906158  [  256/  677]
loss: 0.709232  [  448/  677]
loss: 1.658818  [  640/  677]
Average Training Loss: 0.399251
Val Loss: 3.1899 | C-index: 0.6485

Stopping early at Epoch 13 since no C-Index improvement after 5 epochs.
Done!
Best C-Index = 0.6928691746209994 at Epoch 8

=========================================
FOLD 3/5
=========================================

Epoch 1
-------------------------------
loss: 2.358643  [   64/  678]
loss: 3.417535  [  256/  678]
loss: 2.446295  [  448/  678]
loss: 2.844770  [  640/  678]
Average Training Loss: 1.006113
Val Loss: 2.7814 | C-index: 0.4728

Epoch 2
-------------------------------
loss: 2.500353  [   64/  678]
loss: 2.708153  [  256/  678]
loss: 2.869751  [  448/  678]
loss: 2.789418  [  640/  678]
Average Training Loss: 0.987970
Val Loss: 2.7361 | C-index: 0.6552

Epoch 3
-------------------------------
loss: 2.315832  [   64/  678]
loss: 2.951608  [  256/  678]
loss: 3.406808  [  448/  678]
loss: 2.781607  [  640/  678]
Average Training Loss: 1.041441
Val Loss: 2.7309 | C-index: 0.6428

Epoch 4
-------------------------------
loss: 2.404185  [   64/  678]
loss: 3.052124  [  256/  678]
loss: 2.565344  [  448/  678]
loss: 2.936335  [  640/  678]
Average Training Loss: 0.996181
Val Loss: 2.6979 | C-index: 0.7089

Epoch 5
-------------------------------
loss: 2.304240  [   64/  678]
loss: 2.119076  [  256/  678]
loss: 1.953806  [  448/  678]
loss: 2.629085  [  640/  678]
Average Training Loss: 0.818746
Val Loss: 2.9604 | C-index: 0.5760

Epoch 6
-------------------------------
loss: 1.584804  [   64/  678]
loss: 1.973910  [  256/  678]
loss: 1.462359  [  448/  678]
loss: 1.761514  [  640/  678]
Average Training Loss: 0.616599
Val Loss: 2.7672 | C-index: 0.6944

Epoch 7
-------------------------------
loss: 1.709748  [   64/  678]
loss: 1.674702  [  256/  678]
loss: 1.733378  [  448/  678]
loss: 1.689293  [  640/  678]
Average Training Loss: 0.618829
Val Loss: 3.2767 | C-index: 0.5416

Epoch 8
-------------------------------
loss: 1.398218  [   64/  678]
loss: 1.660874  [  256/  678]
loss: 1.536201  [  448/  678]
loss: 1.561300  [  640/  678]
Average Training Loss: 0.559690
Val Loss: 3.4608 | C-index: 0.6483

Epoch 9
-------------------------------
loss: 1.460667  [   64/  678]
loss: 1.238328  [  256/  678]
loss: 1.613870  [  448/  678]
loss: 1.053793  [  640/  678]
Average Training Loss: 0.487878
Val Loss: 3.2080 | C-index: 0.6373

Stopping early at Epoch 9 since no C-Index improvement after 5 epochs.
Done!
Best C-Index = 0.7088781830695113 at Epoch 4

=========================================
FOLD 4/5
=========================================

Epoch 1
-------------------------------
loss: 2.990749  [   64/  678]
loss: 2.629474  [  256/  678]
loss: 3.214530  [  448/  678]
loss: 3.211697  [  640/  678]
Average Training Loss: 1.095132
Val Loss: 2.8832 | C-index: 0.4475

Epoch 2
-------------------------------
loss: 2.911994  [   64/  678]
loss: 1.885389  [  256/  678]
loss: 2.482646  [  448/  678]
loss: 2.720655  [  640/  678]
Average Training Loss: 0.909153
Val Loss: 2.8759 | C-index: 0.4765

Epoch 3
-------------------------------
loss: 2.915429  [   64/  678]
loss: 2.604218  [  256/  678]
loss: 2.418381  [  448/  678]
loss: 2.671197  [  640/  678]
Average Training Loss: 0.964475
Val Loss: 2.9136 | C-index: 0.4910

Epoch 4
-------------------------------
loss: 2.321588  [   64/  678]
loss: 2.943236  [  256/  678]
loss: 2.365271  [  448/  678]
loss: 2.144806  [  640/  678]
Average Training Loss: 0.888627
Val Loss: 2.8681 | C-index: 0.5397

Epoch 5
-------------------------------
loss: 2.227379  [   64/  678]
loss: 2.265123  [  256/  678]
loss: 2.515184  [  448/  678]
loss: 1.678203  [  640/  678]
Average Training Loss: 0.789626
Val Loss: 3.1081 | C-index: 0.5003

Epoch 6
-------------------------------
loss: 2.126376  [   64/  678]
loss: 2.091921  [  256/  678]
loss: 1.399710  [  448/  678]
loss: 1.404163  [  640/  678]
Average Training Loss: 0.638379
Val Loss: 3.6282 | C-index: 0.5049

Epoch 7
-------------------------------
loss: 1.697699  [   64/  678]
loss: 1.912775  [  256/  678]
loss: 1.545564  [  448/  678]
loss: 1.597728  [  640/  678]
Average Training Loss: 0.613979
Val Loss: 3.3018 | C-index: 0.5362

Epoch 8
-------------------------------
loss: 1.187151  [   64/  678]
loss: 1.650025  [  256/  678]
loss: 1.272292  [  448/  678]
loss: 1.990250  [  640/  678]
Average Training Loss: 0.554520
Val Loss: 3.3347 | C-index: 0.5907

Epoch 9
-------------------------------
loss: 1.046486  [   64/  678]
loss: 1.061676  [  256/  678]
loss: 0.648010  [  448/  678]
loss: 1.505200  [  640/  678]
Average Training Loss: 0.387397
Val Loss: 3.3839 | C-index: 0.5559

Epoch 10
-------------------------------
loss: 0.935625  [   64/  678]
loss: 1.164640  [  256/  678]
loss: 0.896398  [  448/  678]
loss: 1.371706  [  640/  678]
Average Training Loss: 0.397124
Val Loss: 3.3597 | C-index: 0.6110

Epoch 11
-------------------------------
loss: 1.322383  [   64/  678]
loss: 0.845773  [  256/  678]
loss: 0.881906  [  448/  678]
loss: 1.627308  [  640/  678]
Average Training Loss: 0.425215
Val Loss: 3.6236 | C-index: 0.5548

Epoch 12
-------------------------------
loss: 1.012152  [   64/  678]
loss: 1.208254  [  256/  678]
loss: 1.755620  [  448/  678]
loss: 1.557011  [  640/  678]
Average Training Loss: 0.503003
Val Loss: 3.4960 | C-index: 0.5548

Epoch 13
-------------------------------
loss: 1.506376  [   64/  678]
loss: 1.100841  [  256/  678]
loss: 0.604935  [  448/  678]
loss: 1.082730  [  640/  678]
Average Training Loss: 0.390444
Val Loss: 4.1302 | C-index: 0.4684

Epoch 14
-------------------------------
loss: 1.061487  [   64/  678]
loss: 0.719408  [  256/  678]
loss: 1.106741  [  448/  678]
loss: 1.275651  [  640/  678]
Average Training Loss: 0.378481
Val Loss: 3.7338 | C-index: 0.5693

Epoch 15
-------------------------------
loss: 0.980029  [   64/  678]
loss: 1.312418  [  256/  678]
loss: 0.931045  [  448/  678]
loss: 1.278090  [  640/  678]
Average Training Loss: 0.409235
Val Loss: 4.0063 | C-index: 0.5229

Stopping early at Epoch 15 since no C-Index improvement after 5 epochs.
Done!
Best C-Index = 0.6110144927536232 at Epoch 10

=========================================
FOLD 5/5
=========================================

Epoch 1
-------------------------------
loss: 2.720050  [   64/  678]
loss: 2.993109  [  256/  678]
loss: 3.530484  [  448/  678]
loss: 2.604109  [  640/  678]
Average Training Loss: 1.077068
Val Loss: 2.7956 | C-index: 0.6113

Epoch 2
-------------------------------
loss: 2.555149  [   64/  678]
loss: 3.115886  [  256/  678]
loss: 3.172345  [  448/  678]
loss: 2.426600  [  640/  678]
Average Training Loss: 1.024544
Val Loss: 2.8011 | C-index: 0.5928

Epoch 3
-------------------------------
loss: 3.031337  [   64/  678]
loss: 2.879232  [  256/  678]
loss: 2.480832  [  448/  678]
loss: 2.848135  [  640/  678]
Average Training Loss: 1.021776
Val Loss: 2.7476 | C-index: 0.6354

Epoch 4
-------------------------------
loss: 2.589436  [   64/  678]
loss: 2.401894  [  256/  678]
loss: 2.730150  [  448/  678]
loss: 2.569221  [  640/  678]
Average Training Loss: 0.935518
Val Loss: 2.7798 | C-index: 0.6080

Epoch 5
-------------------------------
loss: 1.652277  [   64/  678]
loss: 2.082001  [  256/  678]
loss: 2.088862  [  448/  678]
loss: 2.450896  [  640/  678]
Average Training Loss: 0.752185
Val Loss: 2.7461 | C-index: 0.6276

Epoch 6
-------------------------------
loss: 2.054294  [   64/  678]
loss: 2.011200  [  256/  678]
loss: 1.742863  [  448/  678]
loss: 2.058901  [  640/  678]
Average Training Loss: 0.715205
Val Loss: 3.0613 | C-index: 0.5838

Epoch 7
-------------------------------
loss: 1.613350  [   64/  678]
loss: 1.190650  [  256/  678]
loss: 1.036730  [  448/  678]
loss: 2.005350  [  640/  678]
Average Training Loss: 0.531462
Val Loss: 3.4225 | C-index: 0.5693

Epoch 8
-------------------------------
loss: 1.409716  [   64/  678]
loss: 1.201447  [  256/  678]
loss: 1.729314  [  448/  678]
loss: 0.601446  [  640/  678]
Average Training Loss: 0.449266
Val Loss: 3.3160 | C-index: 0.6483

Epoch 9
-------------------------------
loss: 1.792701  [   64/  678]
loss: 1.089431  [  256/  678]
loss: 0.982604  [  448/  678]
loss: 1.204267  [  640/  678]
Average Training Loss: 0.460819
Val Loss: 3.0177 | C-index: 0.6697

Epoch 10
-------------------------------
loss: 1.562843  [   64/  678]
loss: 1.235217  [  256/  678]
loss: 1.489807  [  448/  678]
loss: 1.570289  [  640/  678]
Average Training Loss: 0.532560
Val Loss: 3.6023 | C-index: 0.5771

Epoch 11
-------------------------------
loss: 1.263142  [   64/  678]
loss: 0.782099  [  256/  678]
loss: 0.834409  [  448/  678]
loss: 1.799801  [  640/  678]
Average Training Loss: 0.425405
Val Loss: 3.2877 | C-index: 0.5816

Epoch 12
-------------------------------
loss: 1.753694  [   64/  678]
loss: 1.062420  [  256/  678]
loss: 1.978960  [  448/  678]
loss: 1.401231  [  640/  678]
Average Training Loss: 0.563300
Val Loss: 3.6914 | C-index: 0.5558

Epoch 13
-------------------------------
loss: 0.681840  [   64/  678]
loss: 1.359458  [  256/  678]
loss: 1.047509  [  448/  678]
loss: 1.161479  [  640/  678]
Average Training Loss: 0.386390
Val Loss: 3.0676 | C-index: 0.6007

Epoch 14
-------------------------------
loss: 1.267784  [   64/  678]
loss: 1.442408  [  256/  678]
loss: 1.267791  [  448/  678]
loss: 0.523494  [  640/  678]
Average Training Loss: 0.409225
Val Loss: 3.4150 | C-index: 0.5850

Stopping early at Epoch 14 since no C-Index improvement after 5 epochs.
Done!
Best C-Index = 0.6696578799775659 at Epoch 9

=========================================
CV training complete! Mean ± std C-index: 0.6423 ± 0.0657
Best epochs per fold: [8, 8, 4, 10, 9]

=========================================
Retraining model on full train+val for 8 epochs...
Epoch 1
-------------------------------
loss: 2.889295  [   64/  847]
loss: 2.761120  [  320/  847]
loss: 2.951780  [  576/  847]
loss: 2.595512  [  832/  847]
Average Training Loss: 0.799836
Val Loss: 2.8190 | C-index: 0.6686

Epoch 2
-------------------------------
loss: 2.693664  [   64/  847]
loss: 3.346257  [  320/  847]
loss: 3.355666  [  576/  847]
loss: 2.854593  [  832/  847]
Average Training Loss: 0.875013
Val Loss: 2.7203 | C-index: 0.7678

Epoch 3
-------------------------------
loss: 2.855908  [   64/  847]
loss: 2.929407  [  320/  847]
loss: 2.346903  [  576/  847]
loss: 2.540180  [  832/  847]
Average Training Loss: 0.762314
Val Loss: 2.3806 | C-index: 0.8521

Epoch 4
-------------------------------
loss: 2.091298  [   64/  847]
loss: 2.678922  [  320/  847]
loss: 2.264869  [  576/  847]
loss: 2.999342  [  832/  847]
Average Training Loss: 0.716745
Val Loss: 1.8892 | C-index: 0.9046

Epoch 5
-------------------------------
loss: 2.253743  [   64/  847]
loss: 2.498239  [  320/  847]
loss: 2.145325  [  576/  847]
loss: 1.893105  [  832/  847]
Average Training Loss: 0.627887
Val Loss: 1.7540 | C-index: 0.8945

Epoch 6
-------------------------------
loss: 1.628252  [   64/  847]
loss: 2.106569  [  320/  847]
loss: 1.723653  [  576/  847]
loss: 2.377452  [  832/  847]
Average Training Loss: 0.559709
Val Loss: 1.5114 | C-index: 0.9436

Epoch 7
-------------------------------
loss: 1.568853  [   64/  847]
loss: 1.793013  [  320/  847]
loss: 1.865623  [  576/  847]
loss: 2.191929  [  832/  847]
Average Training Loss: 0.529958
Val Loss: 1.5508 | C-index: 0.9349

Epoch 8
-------------------------------
loss: 1.988166  [   64/  847]
loss: 1.549067  [  320/  847]
loss: 1.050639  [  576/  847]
loss: 2.088618  [  832/  847]
Average Training Loss: 0.476892
Val Loss: 1.3722 | C-index: 0.9269

Done!
Best C-Index = 0.943612248400304 at Epoch 6
FINAL TEST Average Loss: 2.6439
FINAL TEST C-index: 0.7250
Bootstrap 95% CI: [0.6321, 0.8063]
Top 10 activated pathways:
{'R-HSA-70895': 0.04745940491557121, 'R-HSA-1296059': 0.04470115154981613, 'R-HSA-180910': 0.0420355387032032, 'R-HSA-162588': 0.04149838536977768, 'R-HSA-193639': 0.039181508123874664, 'R-HSA-390918': 0.036417391151189804, 'R-HSA-168325': 0.03617977350950241, 'R-HSA-9701193': 0.03591860085725784, 'R-HSA-112409': 0.035694822669029236, 'R-HSA-982772': 0.033276692032814026}
Results saved to /Users/evan/Documents/GitHub/HyBINN/experiments/runs/full_hybinn/seed_4/results.json
