train_hybinn.py log started 2026-06-05 22:37:23.190078
=========================================
Model Active Branches: ['gene']
=========================================

=========================================
FOLD 1/5
=========================================

Epoch 1
-------------------------------
loss: 3.039593  [   64/  677]
loss: 2.823717  [  256/  677]
loss: 2.812471  [  448/  677]
loss: 3.086455  [  640/  677]
Average Training Loss: 1.069294
Val Loss: 2.7970 | C-index: 0.4997

Epoch 2
-------------------------------
loss: 2.421902  [   64/  677]
loss: 3.380871  [  256/  677]
loss: 2.946760  [  448/  677]
loss: 3.032621  [  640/  677]
Average Training Loss: 1.071105
Val Loss: 2.6553 | C-index: 0.6539

Epoch 3
-------------------------------
loss: 2.932051  [   64/  677]
loss: 2.585516  [  256/  677]
loss: 2.362091  [  448/  677]
loss: 2.806087  [  640/  677]
Average Training Loss: 0.971431
Val Loss: 2.6913 | C-index: 0.6340

Epoch 4
-------------------------------
loss: 2.436462  [   64/  677]
loss: 2.554955  [  256/  677]
loss: 2.359904  [  448/  677]
loss: 2.510232  [  640/  677]
Average Training Loss: 0.896505
Val Loss: 2.6235 | C-index: 0.6863

Epoch 5
-------------------------------
loss: 1.599533  [   64/  677]
loss: 1.648919  [  256/  677]
loss: 1.328185  [  448/  677]
loss: 2.320229  [  640/  677]
Average Training Loss: 0.626988
Val Loss: 2.8520 | C-index: 0.6545

Epoch 6
-------------------------------
loss: 1.588020  [   64/  677]
loss: 2.529122  [  256/  677]
loss: 1.837001  [  448/  677]
loss: 1.652593  [  640/  677]
Average Training Loss: 0.691521
Val Loss: 2.7083 | C-index: 0.6942

Epoch 7
-------------------------------
loss: 1.599699  [   64/  677]
loss: 2.188009  [  256/  677]
loss: 1.587824  [  448/  677]
loss: 1.308590  [  640/  677]
Average Training Loss: 0.607647
Val Loss: 2.9478 | C-index: 0.6267

Epoch 8
-------------------------------
loss: 1.661970  [   64/  677]
loss: 1.774092  [  256/  677]
loss: 0.956494  [  448/  677]
loss: 1.789611  [  640/  677]
Average Training Loss: 0.562015
Val Loss: 2.7140 | C-index: 0.6691

Epoch 9
-------------------------------
loss: 1.746219  [   64/  677]
loss: 1.552045  [  256/  677]
loss: 1.557673  [  448/  677]
loss: 1.738437  [  640/  677]
Average Training Loss: 0.599489
Val Loss: 3.0482 | C-index: 0.5877

Epoch 10
-------------------------------
loss: 1.958819  [   64/  677]
loss: 2.128288  [  256/  677]
loss: 0.923034  [  448/  677]
loss: 1.541748  [  640/  677]
Average Training Loss: 0.595626
Val Loss: 2.6759 | C-index: 0.7340

Epoch 11
-------------------------------
loss: 1.058905  [   64/  677]
loss: 1.210409  [  256/  677]
loss: 0.640223  [  448/  677]
loss: 1.403016  [  640/  677]
Average Training Loss: 0.392050
Val Loss: 2.7425 | C-index: 0.6426

Epoch 12
-------------------------------
loss: 0.877347  [   64/  677]
loss: 0.976648  [  256/  677]
loss: 0.873235  [  448/  677]
loss: 0.842210  [  640/  677]
Average Training Loss: 0.324495
Val Loss: 2.7133 | C-index: 0.6638

Epoch 13
-------------------------------
loss: 0.720606  [   64/  677]
loss: 0.945110  [  256/  677]
loss: 1.001107  [  448/  677]
loss: 1.095831  [  640/  677]
Average Training Loss: 0.342060
Val Loss: 2.8786 | C-index: 0.6519

Epoch 14
-------------------------------
loss: 0.935393  [   64/  677]
loss: 0.400892  [  256/  677]
loss: 2.224864  [  448/  677]
loss: 1.384196  [  640/  677]
Average Training Loss: 0.449577
Val Loss: 3.5886 | C-index: 0.6023

Epoch 15
-------------------------------
loss: 1.761471  [   64/  677]
loss: 1.480690  [  256/  677]
loss: 1.663271  [  448/  677]
loss: 1.066215  [  640/  677]
Average Training Loss: 0.542877
Val Loss: 2.7527 | C-index: 0.7081

Stopping early at Epoch 15 since no C-Index improvement after 5 epochs.
Done!
Best C-Index = 0.7339510258107214 at Epoch 10

=========================================
FOLD 2/5
=========================================

Epoch 1
-------------------------------
loss: 2.869320  [   64/  677]
loss: 3.329028  [  256/  677]
loss: 2.891449  [  448/  677]
loss: 2.661897  [  640/  677]
Average Training Loss: 1.068336
Val Loss: 2.8741 | C-index: 0.5700

Epoch 2
-------------------------------
loss: 3.169785  [   64/  677]
loss: 3.525120  [  256/  677]
loss: 2.389744  [  448/  677]
loss: 3.060889  [  640/  677]
Average Training Loss: 1.104140
Val Loss: 2.8018 | C-index: 0.6417

Epoch 3
-------------------------------
loss: 2.693231  [   64/  677]
loss: 2.901186  [  256/  677]
loss: 3.104508  [  448/  677]
loss: 2.528229  [  640/  677]
Average Training Loss: 1.020650
Val Loss: 2.8284 | C-index: 0.6557

Epoch 4
-------------------------------
loss: 2.595792  [   64/  677]
loss: 2.272367  [  256/  677]
loss: 2.051201  [  448/  677]
loss: 1.356283  [  640/  677]
Average Training Loss: 0.752331
Val Loss: 2.6982 | C-index: 0.7415

Epoch 5
-------------------------------
loss: 2.433945  [   64/  677]
loss: 1.582578  [  256/  677]
loss: 2.102323  [  448/  677]
loss: 2.195346  [  640/  677]
Average Training Loss: 0.755836
Val Loss: 2.9364 | C-index: 0.6477

Epoch 6
-------------------------------
loss: 2.081065  [   64/  677]
loss: 1.951994  [  256/  677]
loss: 1.064934  [  448/  677]
loss: 1.744891  [  640/  677]
Average Training Loss: 0.622080
Val Loss: 3.0414 | C-index: 0.6658

Epoch 7
-------------------------------
loss: 2.339113  [   64/  677]
loss: 1.522823  [  256/  677]
loss: 3.043889  [  448/  677]
loss: 1.504852  [  640/  677]
Average Training Loss: 0.764607
Val Loss: 3.0775 | C-index: 0.6812

Epoch 8
-------------------------------
loss: 1.675095  [   64/  677]
loss: 1.805191  [  256/  677]
loss: 1.209273  [  448/  677]
loss: 2.209268  [  640/  677]
Average Training Loss: 0.627166
Val Loss: 3.0174 | C-index: 0.6510

Epoch 9
-------------------------------
loss: 1.411527  [   64/  677]
loss: 0.792638  [  256/  677]
loss: 1.347047  [  448/  677]
loss: 1.952670  [  640/  677]
Average Training Loss: 0.500353
Val Loss: 2.9544 | C-index: 0.7086

Stopping early at Epoch 9 since no C-Index improvement after 5 epochs.
Done!
Best C-Index = 0.7414601473543202 at Epoch 4

=========================================
FOLD 3/5
=========================================

Epoch 1
-------------------------------
loss: 2.521091  [   64/  678]
loss: 2.786667  [  256/  678]
loss: 2.767273  [  448/  678]
loss: 2.855782  [  640/  678]
Average Training Loss: 0.993710
Val Loss: 3.4101 | C-index: 0.5958

Epoch 2
-------------------------------
loss: 2.960047  [   64/  678]
loss: 2.237467  [  256/  678]
loss: 2.497864  [  448/  678]
loss: 2.747315  [  640/  678]
Average Training Loss: 0.949336
Val Loss: 3.2931 | C-index: 0.6506

Epoch 3
-------------------------------
loss: 2.711026  [   64/  678]
loss: 2.551897  [  256/  678]
loss: 2.143662  [  448/  678]
loss: 2.588556  [  640/  678]
Average Training Loss: 0.908649
Val Loss: 3.3336 | C-index: 0.6483

Epoch 4
-------------------------------
loss: 1.910070  [   64/  678]
loss: 1.946913  [  256/  678]
loss: 2.307904  [  448/  678]
loss: 2.039729  [  640/  678]
Average Training Loss: 0.745874
Val Loss: 3.5552 | C-index: 0.6329

Epoch 5
-------------------------------
loss: 0.871306  [   64/  678]
loss: 1.889037  [  256/  678]
loss: 1.343271  [  448/  678]
loss: 1.951539  [  640/  678]
Average Training Loss: 0.550468
Val Loss: 4.6938 | C-index: 0.6158

Epoch 6
-------------------------------
loss: 1.695127  [   64/  678]
loss: 1.073344  [  256/  678]
loss: 1.948650  [  448/  678]
loss: 2.321078  [  640/  678]
Average Training Loss: 0.639836
Val Loss: 4.1025 | C-index: 0.6469

Epoch 7
-------------------------------
loss: 1.272990  [   64/  678]
loss: 1.266941  [  256/  678]
loss: 2.356654  [  448/  678]
loss: 0.997378  [  640/  678]
Average Training Loss: 0.535815
Val Loss: 4.3062 | C-index: 0.6608

Epoch 8
-------------------------------
loss: 0.962304  [   64/  678]
loss: 1.783738  [  256/  678]
loss: 1.083310  [  448/  678]
loss: 1.164932  [  640/  678]
Average Training Loss: 0.454026
Val Loss: 4.0558 | C-index: 0.6863

Epoch 9
-------------------------------
loss: 0.888532  [   64/  678]
loss: 1.463189  [  256/  678]
loss: 1.038543  [  448/  678]
loss: 0.969760  [  640/  678]
Average Training Loss: 0.396366
Val Loss: 3.8631 | C-index: 0.6835

Epoch 10
-------------------------------
loss: 1.127218  [   64/  678]
loss: 1.356981  [  256/  678]
loss: 1.040737  [  448/  678]
loss: 1.563209  [  640/  678]
Average Training Loss: 0.462559
Val Loss: 4.5772 | C-index: 0.6097

Epoch 11
-------------------------------
loss: 1.257138  [   64/  678]
loss: 1.447060  [  256/  678]
loss: 1.322397  [  448/  678]
loss: 1.046918  [  640/  678]
Average Training Loss: 0.461228
Val Loss: 4.2512 | C-index: 0.6260

Epoch 12
-------------------------------
loss: 1.151025  [   64/  678]
loss: 1.086973  [  256/  678]
loss: 1.011798  [  448/  678]
loss: 1.325378  [  640/  678]
Average Training Loss: 0.415925
Val Loss: 4.1070 | C-index: 0.6367

Epoch 13
-------------------------------
loss: 0.499435  [   64/  678]
loss: 0.990016  [  256/  678]
loss: 1.426755  [  448/  678]
loss: 1.185893  [  640/  678]
Average Training Loss: 0.372918
Val Loss: 4.1830 | C-index: 0.6306

Stopping early at Epoch 13 since no C-Index improvement after 5 epochs.
Done!
Best C-Index = 0.6863109048723898 at Epoch 8

=========================================
FOLD 4/5
=========================================

Epoch 1
-------------------------------
loss: 3.258928  [   64/  678]
loss: 3.163135  [  256/  678]
loss: 2.829787  [  448/  678]
loss: 3.734859  [  640/  678]
Average Training Loss: 1.180610
Val Loss: 2.5429 | C-index: 0.5455

Epoch 2
-------------------------------
loss: 2.993621  [   64/  678]
loss: 2.427192  [  256/  678]
loss: 2.890897  [  448/  678]
loss: 3.066789  [  640/  678]
Average Training Loss: 1.034409
Val Loss: 2.5464 | C-index: 0.5263

Epoch 3
-------------------------------
loss: 2.642289  [   64/  678]
loss: 2.680670  [  256/  678]
loss: 3.017099  [  448/  678]
loss: 2.474887  [  640/  678]
Average Training Loss: 0.983177
Val Loss: 2.5249 | C-index: 0.5295

Epoch 4
-------------------------------
loss: 2.144305  [   64/  678]
loss: 1.636148  [  256/  678]
loss: 2.060517  [  448/  678]
loss: 2.255743  [  640/  678]
Average Training Loss: 0.736065
Val Loss: 2.6749 | C-index: 0.5263

Epoch 5
-------------------------------
loss: 1.820705  [   64/  678]
loss: 2.217690  [  256/  678]
loss: 1.623698  [  448/  678]
loss: 1.678302  [  640/  678]
Average Training Loss: 0.667309
Val Loss: 3.0348 | C-index: 0.5351

Epoch 6
-------------------------------
loss: 1.272255  [   64/  678]
loss: 1.147529  [  256/  678]
loss: 2.439606  [  448/  678]
loss: 1.457548  [  640/  678]
Average Training Loss: 0.574267
Val Loss: 2.7602 | C-index: 0.5734

Epoch 7
-------------------------------
loss: 1.482169  [   64/  678]
loss: 1.437342  [  256/  678]
loss: 1.879191  [  448/  678]
loss: 1.531031  [  640/  678]
Average Training Loss: 0.575430
Val Loss: 3.0565 | C-index: 0.5271

Epoch 8
-------------------------------
loss: 0.909229  [   64/  678]
loss: 1.286866  [  256/  678]
loss: 1.242584  [  448/  678]
loss: 1.997007  [  640/  678]
Average Training Loss: 0.494153
Val Loss: 3.1603 | C-index: 0.5423

Epoch 9
-------------------------------
loss: 1.405513  [   64/  678]
loss: 1.091630  [  256/  678]
loss: 1.286648  [  448/  678]
loss: 1.301623  [  640/  678]
Average Training Loss: 0.462310
Val Loss: 3.2729 | C-index: 0.5287

Epoch 10
-------------------------------
loss: 0.978928  [   64/  678]
loss: 1.253110  [  256/  678]
loss: 1.695572  [  448/  678]
loss: 1.404124  [  640/  678]
Average Training Loss: 0.484703
Val Loss: 3.1900 | C-index: 0.5351

Epoch 11
-------------------------------
loss: 1.049714  [   64/  678]
loss: 1.762504  [  256/  678]
loss: 1.507900  [  448/  678]
loss: 2.730127  [  640/  678]
Average Training Loss: 0.640931
Val Loss: 3.3419 | C-index: 0.5375

Stopping early at Epoch 11 since no C-Index improvement after 5 epochs.
Done!
Best C-Index = 0.5733652312599681 at Epoch 6

=========================================
FOLD 5/5
=========================================

Epoch 1
-------------------------------
loss: 2.854337  [   64/  678]
loss: 3.146948  [  256/  678]
loss: 2.766507  [  448/  678]
loss: 3.471180  [  640/  678]
Average Training Loss: 1.112634
Val Loss: 3.0516 | C-index: 0.6007

Epoch 2
-------------------------------
loss: 2.874380  [   64/  678]
loss: 2.196241  [  256/  678]
loss: 2.458494  [  448/  678]
loss: 3.014427  [  640/  678]
Average Training Loss: 0.958504
Val Loss: 3.0726 | C-index: 0.6499

Epoch 3
-------------------------------
loss: 2.301548  [   64/  678]
loss: 2.458751  [  256/  678]
loss: 2.603753  [  448/  678]
loss: 3.197890  [  640/  678]
Average Training Loss: 0.960177
Val Loss: 3.1175 | C-index: 0.6563

Epoch 4
-------------------------------
loss: 2.919181  [   64/  678]
loss: 1.955723  [  256/  678]
loss: 1.885790  [  448/  678]
loss: 2.226214  [  640/  678]
Average Training Loss: 0.816992
Val Loss: 3.2179 | C-index: 0.7021

Epoch 5
-------------------------------
loss: 2.190484  [   64/  678]
loss: 1.694992  [  256/  678]
loss: 1.663499  [  448/  678]
loss: 1.379351  [  640/  678]
Average Training Loss: 0.629848
Val Loss: 3.3166 | C-index: 0.6153

Epoch 6
-------------------------------
loss: 1.208276  [   64/  678]
loss: 1.592686  [  256/  678]
loss: 2.483381  [  448/  678]
loss: 1.224670  [  640/  678]
Average Training Loss: 0.591728
Val Loss: 3.6942 | C-index: 0.6563

Epoch 7
-------------------------------
loss: 1.069345  [   64/  678]
loss: 1.236395  [  256/  678]
loss: 1.365144  [  448/  678]
loss: 1.115902  [  640/  678]
Average Training Loss: 0.435162
Val Loss: 3.7653 | C-index: 0.6475

Epoch 8
-------------------------------
loss: 1.709902  [   64/  678]
loss: 1.750583  [  256/  678]
loss: 1.621975  [  448/  678]
loss: 1.752216  [  640/  678]
Average Training Loss: 0.621334
Val Loss: 3.1998 | C-index: 0.6972

Epoch 9
-------------------------------
loss: 1.510341  [   64/  678]
loss: 1.407050  [  256/  678]
loss: 1.242934  [  448/  678]
loss: 0.982144  [  640/  678]
Average Training Loss: 0.467497
Val Loss: 3.2322 | C-index: 0.7079

Epoch 10
-------------------------------
loss: 0.675747  [   64/  678]
loss: 0.997593  [  256/  678]
loss: 1.904272  [  448/  678]
loss: 1.683048  [  640/  678]
Average Training Loss: 0.478242
Val Loss: 3.5924 | C-index: 0.6855

Epoch 11
-------------------------------
loss: 1.398728  [   64/  678]
loss: 1.143397  [  256/  678]
loss: 0.859499  [  448/  678]
loss: 1.528074  [  640/  678]
Average Training Loss: 0.448154
Val Loss: 3.5107 | C-index: 0.6884

Epoch 12
-------------------------------
loss: 1.269454  [   64/  678]
loss: 0.864000  [  256/  678]
loss: 1.448263  [  448/  678]
loss: 0.987185  [  640/  678]
Average Training Loss: 0.415355
Val Loss: 4.0609 | C-index: 0.6972

Epoch 13
-------------------------------
loss: 1.593158  [   64/  678]
loss: 0.943703  [  256/  678]
loss: 1.292478  [  448/  678]
loss: 1.863425  [  640/  678]
Average Training Loss: 0.517524
Val Loss: 3.6588 | C-index: 0.6772

Epoch 14
-------------------------------
loss: 1.283725  [   64/  678]
loss: 1.632975  [  256/  678]
loss: 1.014503  [  448/  678]
loss: 1.260269  [  640/  678]
Average Training Loss: 0.471952
Val Loss: 3.7323 | C-index: 0.7031

Stopping early at Epoch 14 since no C-Index improvement after 5 epochs.
Done!
Best C-Index = 0.7079473427596294 at Epoch 9

=========================================
CV training complete! Mean ± std C-index: 0.6886 ± 0.0608
Best epochs per fold: [10, 4, 8, 6, 9]

=========================================
Retraining model on full train+val for 7 epochs...
Epoch 1
-------------------------------
loss: 3.087699  [   64/  847]
loss: 3.326458  [  320/  847]
loss: 2.935181  [  576/  847]
loss: 3.074448  [  832/  847]
Average Training Loss: 0.887413
Val Loss: 2.7988 | C-index: 0.6829

Epoch 2
-------------------------------
loss: 2.860466  [   64/  847]
loss: 2.424111  [  320/  847]
loss: 3.149585  [  576/  847]
loss: 2.745551  [  832/  847]
Average Training Loss: 0.798551
Val Loss: 2.5893 | C-index: 0.7939

Epoch 3
-------------------------------
loss: 2.883080  [   64/  847]
loss: 2.693602  [  320/  847]
loss: 2.354057  [  576/  847]
loss: 3.093099  [  832/  847]
Average Training Loss: 0.787417
Val Loss: 2.0556 | C-index: 0.8832

Epoch 4
-------------------------------
loss: 2.516308  [   64/  847]
loss: 1.887414  [  320/  847]
loss: 2.460326  [  576/  847]
loss: 2.493425  [  832/  847]
Average Training Loss: 0.668391
Val Loss: 1.6846 | C-index: 0.9298

Epoch 5
-------------------------------
loss: 2.058190  [   64/  847]
loss: 2.164265  [  320/  847]
loss: 2.070268  [  576/  847]
loss: 1.924308  [  832/  847]
Average Training Loss: 0.586931
Val Loss: 1.6258 | C-index: 0.9252

Epoch 6
-------------------------------
loss: 1.817791  [   64/  847]
loss: 2.200536  [  320/  847]
loss: 1.713314  [  576/  847]
loss: 1.147532  [  832/  847]
Average Training Loss: 0.491369
Val Loss: 1.2981 | C-index: 0.9489

Epoch 7
-------------------------------
loss: 0.982778  [   64/  847]
loss: 2.083217  [  320/  847]
loss: 1.852200  [  576/  847]
loss: 1.165642  [  832/  847]
Average Training Loss: 0.434560
Val Loss: 1.4589 | C-index: 0.9161

Done!
Best C-Index = 0.9489319329524171 at Epoch 6
FINAL TEST Average Loss: 3.0412
FINAL TEST C-index: 0.5522
Bootstrap 95% CI: [0.4030, 0.7116]
Results saved to /Users/evan/Documents/GitHub/HyBINN/experiments/runs/gene_only/seed_9/results.json
