train_hybinn.py log started 2026-06-17 01:29:47.491188
=========================================
Model Active Branches: ['binn', 'gene', 'clinical']
=========================================

=========================================
FOLD 1/5
=========================================

Epoch 1
-------------------------------
loss: 2.751471  [   64/  677]
loss: 3.249814  [  256/  677]
loss: 2.440622  [  448/  677]
loss: 2.393977  [  640/  677]
Average Training Loss: 0.985080
Val Loss: 3.0270 | C-index: 0.5488

Epoch 2
-------------------------------
loss: 2.745610  [   64/  677]
loss: 2.854885  [  256/  677]
loss: 3.014548  [  448/  677]
loss: 2.642085  [  640/  677]
Average Training Loss: 1.023375
Val Loss: 3.0022 | C-index: 0.6088

Epoch 3
-------------------------------
loss: 2.684668  [   64/  677]
loss: 2.994888  [  256/  677]
loss: 3.342869  [  448/  677]
loss: 2.784610  [  640/  677]
Average Training Loss: 1.073367
Val Loss: 2.9677 | C-index: 0.6822

Epoch 4
-------------------------------
loss: 2.597569  [   64/  677]
loss: 2.894460  [  256/  677]
loss: 2.918171  [  448/  677]
loss: 1.963403  [  640/  677]
Average Training Loss: 0.943055
Val Loss: 2.9494 | C-index: 0.7031

Epoch 5
-------------------------------
loss: 2.392585  [   64/  677]
loss: 2.011303  [  256/  677]
loss: 2.549354  [  448/  677]
loss: 2.058034  [  640/  677]
Average Training Loss: 0.819207
Val Loss: 3.2488 | C-index: 0.6018

Epoch 6
-------------------------------
loss: 1.969252  [   64/  677]
loss: 1.589436  [  256/  677]
loss: 1.585010  [  448/  677]
loss: 2.313881  [  640/  677]
Average Training Loss: 0.677962
Val Loss: 3.0294 | C-index: 0.7042

Epoch 7
-------------------------------
loss: 1.111892  [   64/  677]
loss: 1.597390  [  256/  677]
loss: 1.436191  [  448/  677]
loss: 0.922127  [  640/  677]
Average Training Loss: 0.460691
Val Loss: 3.2997 | C-index: 0.6613

Epoch 8
-------------------------------
loss: 1.644473  [   64/  677]
loss: 1.320678  [  256/  677]
loss: 1.236208  [  448/  677]
loss: 1.535610  [  640/  677]
Average Training Loss: 0.521543
Val Loss: 3.0095 | C-index: 0.7438

Epoch 9
-------------------------------
loss: 1.706200  [   64/  677]
loss: 1.711631  [  256/  677]
loss: 1.405144  [  448/  677]
loss: 1.226984  [  640/  677]
Average Training Loss: 0.549996
Val Loss: 3.2388 | C-index: 0.6329

Epoch 10
-------------------------------
loss: 1.585339  [   64/  677]
loss: 1.138244  [  256/  677]
loss: 1.120724  [  448/  677]
loss: 1.729684  [  640/  677]
Average Training Loss: 0.506726
Val Loss: 3.1914 | C-index: 0.6436

Epoch 11
-------------------------------
loss: 0.725799  [   64/  677]
loss: 1.243140  [  256/  677]
loss: 2.183522  [  448/  677]
loss: 1.471114  [  640/  677]
Average Training Loss: 0.511234
Val Loss: 3.1915 | C-index: 0.7031

Epoch 12
-------------------------------
loss: 0.766080  [   64/  677]
loss: 0.820549  [  256/  677]
loss: 0.598595  [  448/  677]
loss: 0.676791  [  640/  677]
Average Training Loss: 0.260183
Val Loss: 3.3156 | C-index: 0.6876

Epoch 13
-------------------------------
loss: 0.890265  [   64/  677]
loss: 1.082896  [  256/  677]
loss: 1.108960  [  448/  677]
loss: 1.577733  [  640/  677]
Average Training Loss: 0.423623
Val Loss: 3.3540 | C-index: 0.6795

Stopping early at Epoch 13 since no C-Index improvement after 5 epochs.
Done!
Best C-Index = 0.7438370846730975 at Epoch 8

=========================================
FOLD 2/5
=========================================

Epoch 1
-------------------------------
loss: 2.881426  [   64/  677]
loss: 3.016196  [  256/  677]
loss: 3.324949  [  448/  677]
loss: 3.460716  [  640/  677]
Average Training Loss: 1.153026
Val Loss: 2.8887 | C-index: 0.5336

Epoch 2
-------------------------------
loss: 2.595583  [   64/  677]
loss: 3.038781  [  256/  677]
loss: 2.646830  [  448/  677]
loss: 2.269058  [  640/  677]
Average Training Loss: 0.959114
Val Loss: 2.8894 | C-index: 0.5812

Epoch 3
-------------------------------
loss: 2.935517  [   64/  677]
loss: 2.978556  [  256/  677]
loss: 2.134214  [  448/  677]
loss: 2.885410  [  640/  677]
Average Training Loss: 0.993972
Val Loss: 2.9078 | C-index: 0.5617

Epoch 4
-------------------------------
loss: 2.196020  [   64/  677]
loss: 2.549451  [  256/  677]
loss: 2.653235  [  448/  677]
loss: 2.692247  [  640/  677]
Average Training Loss: 0.917359
Val Loss: 2.9415 | C-index: 0.5904

Epoch 5
-------------------------------
loss: 1.406921  [   64/  677]
loss: 1.477782  [  256/  677]
loss: 2.030875  [  448/  677]
loss: 2.471814  [  640/  677]
Average Training Loss: 0.671581
Val Loss: 2.8273 | C-index: 0.6070

Epoch 6
-------------------------------
loss: 1.591267  [   64/  677]
loss: 1.835236  [  256/  677]
loss: 1.911803  [  448/  677]
loss: 2.205762  [  640/  677]
Average Training Loss: 0.685824
Val Loss: 3.1189 | C-index: 0.6546

Epoch 7
-------------------------------
loss: 1.429785  [   64/  677]
loss: 1.195392  [  256/  677]
loss: 1.179352  [  448/  677]
loss: 1.407981  [  640/  677]
Average Training Loss: 0.473865
Val Loss: 3.4264 | C-index: 0.5886

Epoch 8
-------------------------------
loss: 1.220495  [   64/  677]
loss: 1.182458  [  256/  677]
loss: 1.163156  [  448/  677]
loss: 1.254457  [  640/  677]
Average Training Loss: 0.438233
Val Loss: 3.5228 | C-index: 0.6030

Epoch 9
-------------------------------
loss: 0.713750  [   64/  677]
loss: 1.790067  [  256/  677]
loss: 1.591360  [  448/  677]
loss: 1.178508  [  640/  677]
Average Training Loss: 0.479426
Val Loss: 2.8655 | C-index: 0.7292

Epoch 10
-------------------------------
loss: 1.275375  [   64/  677]
loss: 0.886560  [  256/  677]
loss: 1.161376  [  448/  677]
loss: 1.771055  [  640/  677]
Average Training Loss: 0.463124
Val Loss: 3.2487 | C-index: 0.6265

Epoch 11
-------------------------------
loss: 1.182254  [   64/  677]
loss: 1.398893  [  256/  677]
loss: 1.482475  [  448/  677]
loss: 1.211933  [  640/  677]
Average Training Loss: 0.479596
Val Loss: 3.0147 | C-index: 0.6781

Epoch 12
-------------------------------
loss: 0.852516  [   64/  677]
loss: 1.193400  [  256/  677]
loss: 0.626540  [  448/  677]
loss: 0.901940  [  640/  677]
Average Training Loss: 0.324945
Val Loss: 3.3051 | C-index: 0.6363

Epoch 13
-------------------------------
loss: 1.560755  [   64/  677]
loss: 0.914022  [  256/  677]
loss: 0.596696  [  448/  677]
loss: 0.952466  [  640/  677]
Average Training Loss: 0.365813
Val Loss: 3.0851 | C-index: 0.6793

Epoch 14
-------------------------------
loss: 0.777157  [   64/  677]
loss: 0.890493  [  256/  677]
loss: 1.392502  [  448/  677]
loss: 1.711845  [  640/  677]
Average Training Loss: 0.433818
Val Loss: 3.3009 | C-index: 0.6649

Stopping early at Epoch 14 since no C-Index improvement after 5 epochs.
Done!
Best C-Index = 0.7292025243832473 at Epoch 9

=========================================
FOLD 3/5
=========================================

Epoch 1
-------------------------------
loss: 2.555999  [   64/  678]
loss: 3.112381  [  256/  678]
loss: 3.188919  [  448/  678]
loss: 3.048264  [  640/  678]
Average Training Loss: 1.082324
Val Loss: 2.9426 | C-index: 0.4816

Epoch 2
-------------------------------
loss: 2.732540  [   64/  678]
loss: 2.968830  [  256/  678]
loss: 2.567888  [  448/  678]
loss: 3.219618  [  640/  678]
Average Training Loss: 1.044443
Val Loss: 2.9207 | C-index: 0.5212

Epoch 3
-------------------------------
loss: 2.568662  [   64/  678]
loss: 2.602594  [  256/  678]
loss: 2.491025  [  448/  678]
loss: 2.718994  [  640/  678]
Average Training Loss: 0.943752
Val Loss: 2.8669 | C-index: 0.6559

Epoch 4
-------------------------------
loss: 2.758539  [   64/  678]
loss: 2.353815  [  256/  678]
loss: 2.684176  [  448/  678]
loss: 2.430181  [  640/  678]
Average Training Loss: 0.929701
Val Loss: 2.6593 | C-index: 0.7628

Epoch 5
-------------------------------
loss: 2.529115  [   64/  678]
loss: 1.881785  [  256/  678]
loss: 2.247662  [  448/  678]
loss: 1.774917  [  640/  678]
Average Training Loss: 0.766680
Val Loss: 2.8166 | C-index: 0.6509

Epoch 6
-------------------------------
loss: 2.023575  [   64/  678]
loss: 1.328185  [  256/  678]
loss: 1.624689  [  448/  678]
loss: 2.060672  [  640/  678]
Average Training Loss: 0.639738
Val Loss: 2.6954 | C-index: 0.7160

Epoch 7
-------------------------------
loss: 1.824700  [   64/  678]
loss: 1.080980  [  256/  678]
loss: 0.928846  [  448/  678]
loss: 2.208626  [  640/  678]
Average Training Loss: 0.549378
Val Loss: 3.0399 | C-index: 0.6615

Epoch 8
-------------------------------
loss: 1.051962  [   64/  678]
loss: 1.510474  [  256/  678]
loss: 1.906897  [  448/  678]
loss: 1.596740  [  640/  678]
Average Training Loss: 0.551461
Val Loss: 3.1986 | C-index: 0.5774

Epoch 9
-------------------------------
loss: 2.035485  [   64/  678]
loss: 1.236498  [  256/  678]
loss: 1.748483  [  448/  678]
loss: 1.241407  [  640/  678]
Average Training Loss: 0.569261
Val Loss: 2.9552 | C-index: 0.6570

Stopping early at Epoch 9 since no C-Index improvement after 5 epochs.
Done!
Best C-Index = 0.7628062360801782 at Epoch 4

=========================================
FOLD 4/5
=========================================

Epoch 1
-------------------------------
loss: 2.868245  [   64/  678]
loss: 2.970918  [  256/  678]
loss: 2.902079  [  448/  678]
loss: 3.121638  [  640/  678]
Average Training Loss: 1.078444
Val Loss: 2.4944 | C-index: 0.5364

Epoch 2
-------------------------------
loss: 2.924139  [   64/  678]
loss: 2.793001  [  256/  678]
loss: 3.046090  [  448/  678]
loss: 3.088150  [  640/  678]
Average Training Loss: 1.077398
Val Loss: 2.4905 | C-index: 0.5316

Epoch 3
-------------------------------
loss: 3.435762  [   64/  678]
loss: 2.908229  [  256/  678]
loss: 2.981549  [  448/  678]
loss: 2.373026  [  640/  678]
Average Training Loss: 1.063506
Val Loss: 2.4045 | C-index: 0.6111

Epoch 4
-------------------------------
loss: 2.256264  [   64/  678]
loss: 2.769568  [  256/  678]
loss: 2.469295  [  448/  678]
loss: 2.521916  [  640/  678]
Average Training Loss: 0.910640
Val Loss: 2.3894 | C-index: 0.5554

Epoch 5
-------------------------------
loss: 2.299032  [   64/  678]
loss: 2.067042  [  256/  678]
loss: 2.259366  [  448/  678]
loss: 2.171198  [  640/  678]
Average Training Loss: 0.799694
Val Loss: 2.5138 | C-index: 0.6649

Epoch 6
-------------------------------
loss: 1.779388  [   64/  678]
loss: 2.252130  [  256/  678]
loss: 2.107755  [  448/  678]
loss: 1.780048  [  640/  678]
Average Training Loss: 0.719938
Val Loss: 2.5437 | C-index: 0.6778

Epoch 7
-------------------------------
loss: 1.445958  [   64/  678]
loss: 1.609277  [  256/  678]
loss: 1.794293  [  448/  678]
loss: 1.994540  [  640/  678]
Average Training Loss: 0.622188
Val Loss: 2.5844 | C-index: 0.5629

Epoch 8
-------------------------------
loss: 2.041296  [   64/  678]
loss: 1.366107  [  256/  678]
loss: 1.138942  [  448/  678]
loss: 0.953936  [  640/  678]
Average Training Loss: 0.500025
Val Loss: 2.2630 | C-index: 0.6275

Epoch 9
-------------------------------
loss: 1.433638  [   64/  678]
loss: 0.984849  [  256/  678]
loss: 1.192277  [  448/  678]
loss: 1.332521  [  640/  678]
Average Training Loss: 0.449390
Val Loss: 2.5022 | C-index: 0.6417

Epoch 10
-------------------------------
loss: 1.496495  [   64/  678]
loss: 0.851974  [  256/  678]
loss: 1.070941  [  448/  678]
loss: 1.335466  [  640/  678]
Average Training Loss: 0.432262
Val Loss: 2.5865 | C-index: 0.6254

Epoch 11
-------------------------------
loss: 1.093675  [   64/  678]
loss: 0.880857  [  256/  678]
loss: 1.367771  [  448/  678]
loss: 1.392085  [  640/  678]
Average Training Loss: 0.430399
Val Loss: 2.5885 | C-index: 0.6003

Stopping early at Epoch 11 since no C-Index improvement after 5 epochs.
Done!
Best C-Index = 0.6777702243371856 at Epoch 6

=========================================
FOLD 5/5
=========================================

Epoch 1
-------------------------------
loss: 3.112877  [   64/  678]
loss: 3.311933  [  256/  678]
loss: 2.737123  [  448/  678]
loss: 2.758755  [  640/  678]
Average Training Loss: 1.083699
Val Loss: 2.5919 | C-index: 0.5143

Epoch 2
-------------------------------
loss: 2.692473  [   64/  678]
loss: 2.488578  [  256/  678]
loss: 3.133765  [  448/  678]
loss: 3.089304  [  640/  678]
Average Training Loss: 1.036738
Val Loss: 2.5446 | C-index: 0.5469

Epoch 3
-------------------------------
loss: 2.426190  [   64/  678]
loss: 2.939239  [  256/  678]
loss: 2.828139  [  448/  678]
loss: 2.515610  [  640/  678]
Average Training Loss: 0.973562
Val Loss: 2.4879 | C-index: 0.6352

Epoch 4
-------------------------------
loss: 2.558916  [   64/  678]
loss: 2.518273  [  256/  678]
loss: 2.559878  [  448/  678]
loss: 2.747726  [  640/  678]
Average Training Loss: 0.944072
Val Loss: 2.3901 | C-index: 0.6610

Epoch 5
-------------------------------
loss: 2.062194  [   64/  678]
loss: 1.506934  [  256/  678]
loss: 1.780826  [  448/  678]
loss: 2.512047  [  640/  678]
Average Training Loss: 0.714727
Val Loss: 2.3902 | C-index: 0.6562

Epoch 6
-------------------------------
loss: 1.871785  [   64/  678]
loss: 1.795346  [  256/  678]
loss: 1.570531  [  448/  678]
loss: 1.926430  [  640/  678]
Average Training Loss: 0.651281
Val Loss: 2.4986 | C-index: 0.6970

Epoch 7
-------------------------------
loss: 1.988778  [   64/  678]
loss: 1.620548  [  256/  678]
loss: 1.084566  [  448/  678]
loss: 2.148568  [  640/  678]
Average Training Loss: 0.622042
Val Loss: 2.6287 | C-index: 0.5971

Epoch 8
-------------------------------
loss: 2.030824  [   64/  678]
loss: 0.711552  [  256/  678]
loss: 1.165587  [  448/  678]
loss: 1.787773  [  640/  678]
Average Training Loss: 0.517794
Val Loss: 2.6676 | C-index: 0.6440

Epoch 9
-------------------------------
loss: 1.954995  [   64/  678]
loss: 1.830131  [  256/  678]
loss: 1.498982  [  448/  678]
loss: 1.376938  [  640/  678]
Average Training Loss: 0.605550
Val Loss: 2.8052 | C-index: 0.6393

Epoch 10
-------------------------------
loss: 1.387245  [   64/  678]
loss: 1.530112  [  256/  678]
loss: 1.067188  [  448/  678]
loss: 1.262343  [  640/  678]
Average Training Loss: 0.476990
Val Loss: 2.5978 | C-index: 0.6793

Epoch 11
-------------------------------
loss: 1.241152  [   64/  678]
loss: 1.880924  [  256/  678]
loss: 1.275478  [  448/  678]
loss: 0.817065  [  640/  678]
Average Training Loss: 0.474056
Val Loss: 2.3146 | C-index: 0.7011

Epoch 12
-------------------------------
loss: 1.751406  [   64/  678]
loss: 1.229049  [  256/  678]
loss: 1.477008  [  448/  678]
loss: 1.085076  [  640/  678]
Average Training Loss: 0.503867
Val Loss: 2.5189 | C-index: 0.7174

Epoch 13
-------------------------------
loss: 1.303901  [   64/  678]
loss: 1.448591  [  256/  678]
loss: 0.742555  [  448/  678]
loss: 1.220878  [  640/  678]
Average Training Loss: 0.428720
Val Loss: 2.7684 | C-index: 0.7092

Epoch 14
-------------------------------
loss: 1.205150  [   64/  678]
loss: 0.640466  [  256/  678]
loss: 0.966972  [  448/  678]
loss: 1.152933  [  640/  678]
Average Training Loss: 0.360502
Val Loss: 2.5226 | C-index: 0.6664

Epoch 15
-------------------------------
loss: 1.053316  [   64/  678]
loss: 1.408510  [  256/  678]
loss: 1.351148  [  448/  678]
loss: 0.919562  [  640/  678]
Average Training Loss: 0.430231
Val Loss: 2.6227 | C-index: 0.6875

Epoch 16
-------------------------------
loss: 0.820195  [   64/  678]
loss: 1.102475  [  256/  678]
loss: 1.191669  [  448/  678]
loss: 0.906028  [  640/  678]
Average Training Loss: 0.365488
Val Loss: 2.6879 | C-index: 0.6963

Epoch 17
-------------------------------
loss: 0.554012  [   64/  678]
loss: 0.568806  [  256/  678]
loss: 1.618674  [  448/  678]
loss: 1.203638  [  640/  678]
Average Training Loss: 0.358648
Val Loss: 2.7866 | C-index: 0.7011

Stopping early at Epoch 17 since no C-Index improvement after 5 epochs.
Done!
Best C-Index = 0.717391304347826 at Epoch 12

=========================================
CV training complete! Mean ± std C-index: 0.7262 ± 0.0286
Best epochs per fold: [8, 9, 4, 6, 12]

=========================================
Retraining model on full train+val for 8 epochs...
Epoch 1
-------------------------------
loss: 3.004036  [   64/  847]
loss: 3.124872  [  320/  847]
loss: 2.372958  [  576/  847]
loss: 3.164747  [  832/  847]
Average Training Loss: 0.833329
Val Loss: 2.8074 | C-index: 0.6612

Epoch 2
-------------------------------
loss: 3.129017  [   64/  847]
loss: 2.875359  [  320/  847]
loss: 3.151971  [  576/  847]
loss: 2.997327  [  832/  847]
Average Training Loss: 0.868120
Val Loss: 2.6647 | C-index: 0.7828

Epoch 3
-------------------------------
loss: 2.237525  [   64/  847]
loss: 3.112580  [  320/  847]
loss: 3.067905  [  576/  847]
loss: 2.670487  [  832/  847]
Average Training Loss: 0.792036
Val Loss: 2.4519 | C-index: 0.8499

Epoch 4
-------------------------------
loss: 2.305906  [   64/  847]
loss: 2.858047  [  320/  847]
loss: 2.592520  [  576/  847]
loss: 2.554975  [  832/  847]
Average Training Loss: 0.736532
Val Loss: 1.9961 | C-index: 0.8971

Epoch 5
-------------------------------
loss: 1.967838  [   64/  847]
loss: 2.771457  [  320/  847]
loss: 1.928143  [  576/  847]
loss: 2.087088  [  832/  847]
Average Training Loss: 0.625323
Val Loss: 1.7433 | C-index: 0.9452

Epoch 6
-------------------------------
loss: 2.056974  [   64/  847]
loss: 1.529007  [  320/  847]
loss: 1.801044  [  576/  847]
loss: 2.021120  [  832/  847]
Average Training Loss: 0.529153
Val Loss: 1.4360 | C-index: 0.9475

Epoch 7
-------------------------------
loss: 1.895843  [   64/  847]
loss: 1.842652  [  320/  847]
loss: 2.114091  [  576/  847]
loss: 0.995695  [  832/  847]
Average Training Loss: 0.489163
Val Loss: 1.2288 | C-index: 0.9700

Epoch 8
-------------------------------
loss: 1.287114  [   64/  847]
loss: 1.264163  [  320/  847]
loss: 1.249575  [  576/  847]
loss: 1.999298  [  832/  847]
Average Training Loss: 0.414296
Val Loss: 1.1272 | C-index: 0.9686

Done!
Best C-Index = 0.9700140633566133 at Epoch 7
FINAL TEST Average Loss: 2.7122
FINAL TEST C-index: 0.6237
Bootstrap 95% CI: [0.5196, 0.7320]
Top 10 activated pathways:
{'R-HSA-9909505': 0.058624979108572006, 'R-HSA-5610783': 0.049609970301389694, 'R-HSA-380972': 0.046783335506916046, 'R-HSA-9735869': 0.04425816982984543, 'R-HSA-110330': 0.04198359698057175, 'R-HSA-9634638': 0.04056728631258011, 'R-HSA-390471': 0.03714103251695633, 'R-HSA-9603798': 0.03418615460395813, 'R-HSA-5620971': 0.03415583074092865, 'R-HSA-373753': 0.034116387367248535}
Results saved to /Users/evan/Documents/GitHub/HyBINN/experiments/runs/full_hybinn/seed_7/results.json
