train_hybinn.py log started 2026-06-05 22:32:32.549026
=========================================
Model Active Branches: ['gene']
=========================================

=========================================
FOLD 1/5
=========================================

Epoch 1
-------------------------------
loss: 3.159732  [   64/  677]
loss: 2.522400  [  256/  677]
loss: 2.851154  [  448/  677]
loss: 2.592921  [  640/  677]
Average Training Loss: 1.011473
Val Loss: 2.7716 | C-index: 0.4723

Epoch 2
-------------------------------
loss: 2.735397  [   64/  677]
loss: 2.779620  [  256/  677]
loss: 3.052759  [  448/  677]
loss: 2.712867  [  640/  677]
Average Training Loss: 1.025513
Val Loss: 2.7360 | C-index: 0.5199

Epoch 3
-------------------------------
loss: 2.230110  [   64/  677]
loss: 3.142733  [  256/  677]
loss: 2.873442  [  448/  677]
loss: 2.763981  [  640/  677]
Average Training Loss: 1.000933
Val Loss: 2.7058 | C-index: 0.5938

Epoch 4
-------------------------------
loss: 2.234974  [   64/  677]
loss: 2.922112  [  256/  677]
loss: 2.224253  [  448/  677]
loss: 2.072098  [  640/  677]
Average Training Loss: 0.859403
Val Loss: 2.5359 | C-index: 0.6639

Epoch 5
-------------------------------
loss: 1.605580  [   64/  677]
loss: 1.797725  [  256/  677]
loss: 1.904663  [  448/  677]
loss: 2.598779  [  640/  677]
Average Training Loss: 0.718795
Val Loss: 3.3020 | C-index: 0.4246

Epoch 6
-------------------------------
loss: 1.674866  [   64/  677]
loss: 1.928290  [  256/  677]
loss: 2.202945  [  448/  677]
loss: 1.291566  [  640/  677]
Average Training Loss: 0.645242
Val Loss: 2.8974 | C-index: 0.5961

Epoch 7
-------------------------------
loss: 0.783042  [   64/  677]
loss: 1.106797  [  256/  677]
loss: 1.627415  [  448/  677]
loss: 1.197205  [  640/  677]
Average Training Loss: 0.428587
Val Loss: 3.1531 | C-index: 0.6213

Epoch 8
-------------------------------
loss: 1.740950  [   64/  677]
loss: 1.639551  [  256/  677]
loss: 0.712145  [  448/  677]
loss: 1.412618  [  640/  677]
Average Training Loss: 0.500479
Val Loss: 3.2786 | C-index: 0.5176

Epoch 9
-------------------------------
loss: 1.189118  [   64/  677]
loss: 1.594425  [  256/  677]
loss: 1.732431  [  448/  677]
loss: 1.415040  [  640/  677]
Average Training Loss: 0.539183
Val Loss: 3.5587 | C-index: 0.6168

Stopping early at Epoch 9 since no C-Index improvement after 5 epochs.
Done!
Best C-Index = 0.6638655462184874 at Epoch 4

=========================================
FOLD 2/5
=========================================

Epoch 1
-------------------------------
loss: 2.953737  [   64/  677]
loss: 2.897532  [  256/  677]
loss: 3.028091  [  448/  677]
loss: 3.121776  [  640/  677]
Average Training Loss: 1.091012
Val Loss: 2.8636 | C-index: 0.5592

Epoch 2
-------------------------------
loss: 2.681827  [   64/  677]
loss: 2.973421  [  256/  677]
loss: 2.477886  [  448/  677]
loss: 2.747444  [  640/  677]
Average Training Loss: 0.989143
Val Loss: 2.8869 | C-index: 0.6460

Epoch 3
-------------------------------
loss: 2.743193  [   64/  677]
loss: 2.593793  [  256/  677]
loss: 2.411495  [  448/  677]
loss: 3.012323  [  640/  677]
Average Training Loss: 0.978255
Val Loss: 2.9309 | C-index: 0.6526

Epoch 4
-------------------------------
loss: 1.982042  [   64/  677]
loss: 1.438954  [  256/  677]
loss: 1.955029  [  448/  677]
loss: 2.299487  [  640/  677]
Average Training Loss: 0.697774
Val Loss: 3.1602 | C-index: 0.7020

Epoch 5
-------------------------------
loss: 1.910554  [   64/  677]
loss: 1.699680  [  256/  677]
loss: 2.461030  [  448/  677]
loss: 2.127055  [  640/  677]
Average Training Loss: 0.745302
Val Loss: 3.4585 | C-index: 0.7103

Epoch 6
-------------------------------
loss: 1.923916  [   64/  677]
loss: 1.067140  [  256/  677]
loss: 1.908160  [  448/  677]
loss: 1.655055  [  640/  677]
Average Training Loss: 0.595843
Val Loss: 3.4962 | C-index: 0.6389

Epoch 7
-------------------------------
loss: 1.211328  [   64/  677]
loss: 1.607877  [  256/  677]
loss: 1.836963  [  448/  677]
loss: 2.231160  [  640/  677]
Average Training Loss: 0.626121
Val Loss: 4.6956 | C-index: 0.6460

Epoch 8
-------------------------------
loss: 1.613029  [   64/  677]
loss: 2.650082  [  256/  677]
loss: 1.669241  [  448/  677]
loss: 1.410337  [  640/  677]
Average Training Loss: 0.667517
Val Loss: 3.8113 | C-index: 0.6169

Epoch 9
-------------------------------
loss: 1.325725  [   64/  677]
loss: 2.023745  [  256/  677]
loss: 1.259977  [  448/  677]
loss: 1.202895  [  640/  677]
Average Training Loss: 0.528395
Val Loss: 3.2162 | C-index: 0.7359

Epoch 10
-------------------------------
loss: 1.011082  [   64/  677]
loss: 1.311816  [  256/  677]
loss: 1.544719  [  448/  677]
loss: 1.168308  [  640/  677]
Average Training Loss: 0.457811
Val Loss: 3.7585 | C-index: 0.7109

Epoch 11
-------------------------------
loss: 1.050328  [   64/  677]
loss: 1.004798  [  256/  677]
loss: 1.598179  [  448/  677]
loss: 1.214836  [  640/  677]
Average Training Loss: 0.442558
Val Loss: 3.4958 | C-index: 0.7121

Epoch 12
-------------------------------
loss: 1.254507  [   64/  677]
loss: 0.541597  [  256/  677]
loss: 2.003794  [  448/  677]
loss: 1.489853  [  640/  677]
Average Training Loss: 0.480887
Val Loss: 4.3215 | C-index: 0.6639

Epoch 13
-------------------------------
loss: 1.326725  [   64/  677]
loss: 1.200437  [  256/  677]
loss: 1.202688  [  448/  677]
loss: 0.835599  [  640/  677]
Average Training Loss: 0.415041
Val Loss: 4.5391 | C-index: 0.6639

Epoch 14
-------------------------------
loss: 0.303898  [   64/  677]
loss: 0.448388  [  256/  677]
loss: 0.963074  [  448/  677]
loss: 1.372182  [  640/  677]
Average Training Loss: 0.280686
Val Loss: 4.7161 | C-index: 0.6805

Stopping early at Epoch 14 since no C-Index improvement after 5 epochs.
Done!
Best C-Index = 0.735871505056514 at Epoch 9

=========================================
FOLD 3/5
=========================================

Epoch 1
-------------------------------
loss: 2.792986  [   64/  678]
loss: 2.741904  [  256/  678]
loss: 2.351380  [  448/  678]
loss: 3.063646  [  640/  678]
Average Training Loss: 0.995447
Val Loss: 2.3681 | C-index: 0.5166

Epoch 2
-------------------------------
loss: 2.893093  [   64/  678]
loss: 3.032068  [  256/  678]
loss: 2.611628  [  448/  678]
loss: 2.979670  [  640/  678]
Average Training Loss: 1.046951
Val Loss: 2.3530 | C-index: 0.5872

Epoch 3
-------------------------------
loss: 3.052807  [   64/  678]
loss: 2.849258  [  256/  678]
loss: 2.679702  [  448/  678]
loss: 2.446788  [  640/  678]
Average Training Loss: 1.002596
Val Loss: 2.3225 | C-index: 0.6315

Epoch 4
-------------------------------
loss: 2.399571  [   64/  678]
loss: 2.357853  [  256/  678]
loss: 2.639912  [  448/  678]
loss: 2.309847  [  640/  678]
Average Training Loss: 0.882471
Val Loss: 2.4725 | C-index: 0.5906

Epoch 5
-------------------------------
loss: 1.617261  [   64/  678]
loss: 1.990477  [  256/  678]
loss: 2.528991  [  448/  678]
loss: 2.415685  [  640/  678]
Average Training Loss: 0.777492
Val Loss: 2.7133 | C-index: 0.6800

Epoch 6
-------------------------------
loss: 1.992434  [   64/  678]
loss: 1.637844  [  256/  678]
loss: 1.462075  [  448/  678]
loss: 2.082720  [  640/  678]
Average Training Loss: 0.652279
Val Loss: 2.6233 | C-index: 0.6374

Epoch 7
-------------------------------
loss: 1.335469  [   64/  678]
loss: 1.802050  [  256/  678]
loss: 1.340057  [  448/  678]
loss: 1.673213  [  640/  678]
Average Training Loss: 0.559163
Val Loss: 2.7036 | C-index: 0.6068

Epoch 8
-------------------------------
loss: 2.083874  [   64/  678]
loss: 0.869095  [  256/  678]
loss: 1.966354  [  448/  678]
loss: 1.541391  [  640/  678]
Average Training Loss: 0.587338
Val Loss: 2.8112 | C-index: 0.5787

Epoch 9
-------------------------------
loss: 1.329229  [   64/  678]
loss: 1.570540  [  256/  678]
loss: 1.537271  [  448/  678]
loss: 1.610098  [  640/  678]
Average Training Loss: 0.549740
Val Loss: 3.1701 | C-index: 0.5898

Epoch 10
-------------------------------
loss: 0.995719  [   64/  678]
loss: 1.635266  [  256/  678]
loss: 2.468554  [  448/  678]
loss: 1.467492  [  640/  678]
Average Training Loss: 0.597003
Val Loss: 3.2526 | C-index: 0.5557

Stopping early at Epoch 10 since no C-Index improvement after 5 epochs.
Done!
Best C-Index = 0.68 at Epoch 5

=========================================
FOLD 4/5
=========================================

Epoch 1
-------------------------------
loss: 3.145478  [   64/  678]
loss: 3.219461  [  256/  678]
loss: 2.611892  [  448/  678]
loss: 2.958906  [  640/  678]
Average Training Loss: 1.085067
Val Loss: 2.8716 | C-index: 0.5461

Epoch 2
-------------------------------
loss: 2.367015  [   64/  678]
loss: 2.757523  [  256/  678]
loss: 2.508219  [  448/  678]
loss: 3.043405  [  640/  678]
Average Training Loss: 0.970560
Val Loss: 2.8664 | C-index: 0.5368

Epoch 3
-------------------------------
loss: 3.316708  [   64/  678]
loss: 2.525262  [  256/  678]
loss: 2.877060  [  448/  678]
loss: 2.106783  [  640/  678]
Average Training Loss: 0.984165
Val Loss: 2.8419 | C-index: 0.5529

Epoch 4
-------------------------------
loss: 2.134651  [   64/  678]
loss: 2.028920  [  256/  678]
loss: 1.779020  [  448/  678]
loss: 2.180124  [  640/  678]
Average Training Loss: 0.738429
Val Loss: 2.7687 | C-index: 0.5981

Epoch 5
-------------------------------
loss: 2.129685  [   64/  678]
loss: 1.726649  [  256/  678]
loss: 1.991007  [  448/  678]
loss: 2.371781  [  640/  678]
Average Training Loss: 0.747193
Val Loss: 3.2830 | C-index: 0.5034

Epoch 6
-------------------------------
loss: 1.780528  [   64/  678]
loss: 1.939183  [  256/  678]
loss: 1.807443  [  448/  678]
loss: 1.610230  [  640/  678]
Average Training Loss: 0.648853
Val Loss: 3.0403 | C-index: 0.5641

Epoch 7
-------------------------------
loss: 0.894655  [   64/  678]
loss: 0.859655  [  256/  678]
loss: 1.303418  [  448/  678]
loss: 1.474889  [  640/  678]
Average Training Loss: 0.412056
Val Loss: 3.3359 | C-index: 0.5443

Epoch 8
-------------------------------
loss: 1.004472  [   64/  678]
loss: 0.939271  [  256/  678]
loss: 1.750046  [  448/  678]
loss: 1.986756  [  640/  678]
Average Training Loss: 0.516413
Val Loss: 3.8196 | C-index: 0.5294

Epoch 9
-------------------------------
loss: 1.290087  [   64/  678]
loss: 0.924913  [  256/  678]
loss: 1.319873  [  448/  678]
loss: 1.726346  [  640/  678]
Average Training Loss: 0.478293
Val Loss: 2.9443 | C-index: 0.6830

Epoch 10
-------------------------------
loss: 1.039127  [   64/  678]
loss: 1.542161  [  256/  678]
loss: 1.878732  [  448/  678]
loss: 1.177228  [  640/  678]
Average Training Loss: 0.512477
Val Loss: 3.4032 | C-index: 0.5820

Epoch 11
-------------------------------
loss: 0.806307  [   64/  678]
loss: 1.056827  [  256/  678]
loss: 2.057300  [  448/  678]
loss: 0.784533  [  640/  678]
Average Training Loss: 0.427724
Val Loss: 4.1631 | C-index: 0.5591

Epoch 12
-------------------------------
loss: 1.181819  [   64/  678]
loss: 0.873602  [  256/  678]
loss: 1.099934  [  448/  678]
loss: 1.134881  [  640/  678]
Average Training Loss: 0.390021
Val Loss: 3.3127 | C-index: 0.6068

Epoch 13
-------------------------------
loss: 1.219834  [   64/  678]
loss: 1.245189  [  256/  678]
loss: 1.139338  [  448/  678]
loss: 1.375530  [  640/  678]
Average Training Loss: 0.452717
Val Loss: 3.9306 | C-index: 0.5672

Epoch 14
-------------------------------
loss: 1.438354  [   64/  678]
loss: 1.266127  [  256/  678]
loss: 0.942174  [  448/  678]
loss: 0.639009  [  640/  678]
Average Training Loss: 0.389606
Val Loss: 3.3295 | C-index: 0.5851

Stopping early at Epoch 14 since no C-Index improvement after 5 epochs.
Done!
Best C-Index = 0.6829721362229102 at Epoch 9

=========================================
FOLD 5/5
=========================================

Epoch 1
-------------------------------
loss: 3.304374  [   64/  678]
loss: 2.926540  [  256/  678]
loss: 2.592682  [  448/  678]
loss: 3.212713  [  640/  678]
Average Training Loss: 1.094210
Val Loss: 2.7346 | C-index: 0.7090

Epoch 2
-------------------------------
loss: 2.515727  [   64/  678]
loss: 2.722654  [  256/  678]
loss: 3.346781  [  448/  678]
loss: 2.597097  [  640/  678]
Average Training Loss: 1.016569
Val Loss: 2.7443 | C-index: 0.6733

Epoch 3
-------------------------------
loss: 3.003064  [   64/  678]
loss: 2.318270  [  256/  678]
loss: 2.148771  [  448/  678]
loss: 2.614993  [  640/  678]
Average Training Loss: 0.916827
Val Loss: 2.7198 | C-index: 0.6860

Epoch 4
-------------------------------
loss: 1.719620  [   64/  678]
loss: 2.136131  [  256/  678]
loss: 2.609098  [  448/  678]
loss: 1.833145  [  640/  678]
Average Training Loss: 0.754363
Val Loss: 2.8069 | C-index: 0.6037

Epoch 5
-------------------------------
loss: 1.687832  [   64/  678]
loss: 1.935767  [  256/  678]
loss: 2.107225  [  448/  678]
loss: 2.009848  [  640/  678]
Average Training Loss: 0.703698
Val Loss: 3.1270 | C-index: 0.6216

Epoch 6
-------------------------------
loss: 1.852384  [   64/  678]
loss: 1.132549  [  256/  678]
loss: 1.623969  [  448/  678]
loss: 2.113494  [  640/  678]
Average Training Loss: 0.611127
Val Loss: 2.6715 | C-index: 0.6445

Stopping early at Epoch 6 since no C-Index improvement after 5 epochs.
Done!
Best C-Index = 0.7089980855137205 at Epoch 1

=========================================
CV training complete! Mean ± std C-index: 0.6943 ± 0.0253
Best epochs per fold: [4, 9, 5, 9, 1]

=========================================
Retraining model on full train+val for 6 epochs...
Epoch 1
-------------------------------
loss: 2.747906  [   64/  847]
loss: 2.641580  [  320/  847]
loss: 2.634742  [  576/  847]
loss: 3.160546  [  832/  847]
Average Training Loss: 0.798912
Val Loss: 2.7039 | C-index: 0.7065

Epoch 2
-------------------------------
loss: 2.244892  [   64/  847]
loss: 2.782782  [  320/  847]
loss: 2.720960  [  576/  847]
loss: 2.573484  [  832/  847]
Average Training Loss: 0.737294
Val Loss: 2.5478 | C-index: 0.7800

Epoch 3
-------------------------------
loss: 2.531460  [   64/  847]
loss: 3.072688  [  320/  847]
loss: 1.757748  [  576/  847]
loss: 2.640531  [  832/  847]
Average Training Loss: 0.714459
Val Loss: 2.0777 | C-index: 0.8726

Epoch 4
-------------------------------
loss: 2.079722  [   64/  847]
loss: 2.319874  [  320/  847]
loss: 1.959452  [  576/  847]
loss: 2.132991  [  832/  847]
Average Training Loss: 0.606574
Val Loss: 1.5978 | C-index: 0.9234

Epoch 5
-------------------------------
loss: 1.882307  [   64/  847]
loss: 1.292373  [  320/  847]
loss: 1.486679  [  576/  847]
loss: 2.789274  [  832/  847]
Average Training Loss: 0.532188
Val Loss: 1.5519 | C-index: 0.9242

Epoch 6
-------------------------------
loss: 1.761445  [   64/  847]
loss: 2.417308  [  320/  847]
loss: 2.189018  [  576/  847]
loss: 1.448155  [  832/  847]
Average Training Loss: 0.558280
Val Loss: 1.2716 | C-index: 0.9511

Done!
Best C-Index = 0.9510927169030434 at Epoch 6
FINAL TEST Average Loss: 3.1345
FINAL TEST C-index: 0.6433
Bootstrap 95% CI: [0.5283, 0.7499]
Results saved to /Users/evan/Documents/GitHub/HyBINN/experiments/runs/gene_only/seed_0/results.json
