train_hybinn.py log started 2026-06-17 01:18:56.981494
=========================================
Model Active Branches: ['gene', 'clinical']
=========================================

=========================================
FOLD 1/5
=========================================

Epoch 1
-------------------------------
loss: 2.622022  [   64/  677]
loss: 3.019852  [  256/  677]
loss: 3.045552  [  448/  677]
loss: 3.209307  [  640/  677]
Average Training Loss: 1.081521
Val Loss: 2.7575 | C-index: 0.4034

Epoch 2
-------------------------------
loss: 2.790771  [   64/  677]
loss: 2.756205  [  256/  677]
loss: 3.059384  [  448/  677]
loss: 3.203274  [  640/  677]
Average Training Loss: 1.073603
Val Loss: 2.7758 | C-index: 0.4818

Epoch 3
-------------------------------
loss: 3.012488  [   64/  677]
loss: 2.257868  [  256/  677]
loss: 2.747866  [  448/  677]
loss: 2.609344  [  640/  677]
Average Training Loss: 0.966142
Val Loss: 2.6837 | C-index: 0.5647

Epoch 4
-------------------------------
loss: 2.638904  [   64/  677]
loss: 2.093735  [  256/  677]
loss: 2.268703  [  448/  677]
loss: 1.961830  [  640/  677]
Average Training Loss: 0.814834
Val Loss: 2.6162 | C-index: 0.6504

Epoch 5
-------------------------------
loss: 1.695618  [   64/  677]
loss: 1.875540  [  256/  677]
loss: 1.889885  [  448/  677]
loss: 1.795189  [  640/  677]
Average Training Loss: 0.659658
Val Loss: 2.9236 | C-index: 0.6129

Epoch 6
-------------------------------
loss: 1.832031  [   64/  677]
loss: 1.481732  [  256/  677]
loss: 1.426055  [  448/  677]
loss: 2.079814  [  640/  677]
Average Training Loss: 0.619967
Val Loss: 3.0457 | C-index: 0.5613

Epoch 7
-------------------------------
loss: 1.657473  [   64/  677]
loss: 1.873894  [  256/  677]
loss: 1.466916  [  448/  677]
loss: 0.112384  [  640/  677]
Average Training Loss: 0.464606
Val Loss: 2.6390 | C-index: 0.6571

Epoch 8
-------------------------------
loss: 1.572206  [   64/  677]
loss: 1.236544  [  256/  677]
loss: 1.436737  [  448/  677]
loss: 0.969333  [  640/  677]
Average Training Loss: 0.474075
Val Loss: 3.2255 | C-index: 0.6504

Epoch 9
-------------------------------
loss: 1.346980  [   64/  677]
loss: 1.102850  [  256/  677]
loss: 1.883094  [  448/  677]
loss: 0.732424  [  640/  677]
Average Training Loss: 0.460486
Val Loss: 3.2997 | C-index: 0.5860

Epoch 10
-------------------------------
loss: 0.909782  [   64/  677]
loss: 1.523212  [  256/  677]
loss: 2.195032  [  448/  677]
loss: 1.478156  [  640/  677]
Average Training Loss: 0.555108
Val Loss: 2.9971 | C-index: 0.7008

Epoch 11
-------------------------------
loss: 0.993573  [   64/  677]
loss: 1.333243  [  256/  677]
loss: 1.591831  [  448/  677]
loss: 0.997897  [  640/  677]
Average Training Loss: 0.446959
Val Loss: 3.3771 | C-index: 0.5434

Epoch 12
-------------------------------
loss: 1.389638  [   64/  677]
loss: 0.872647  [  256/  677]
loss: 1.108205  [  448/  677]
loss: 1.286776  [  640/  677]
Average Training Loss: 0.423388
Val Loss: 2.5997 | C-index: 0.7120

Epoch 13
-------------------------------
loss: 1.546295  [   64/  677]
loss: 1.326938  [  256/  677]
loss: 1.204077  [  448/  677]
loss: 2.091116  [  640/  677]
Average Training Loss: 0.560766
Val Loss: 2.9636 | C-index: 0.6689

Epoch 14
-------------------------------
loss: 1.455043  [   64/  677]
loss: 1.610563  [  256/  677]
loss: 1.547435  [  448/  677]
loss: 1.295396  [  640/  677]
Average Training Loss: 0.537131
Val Loss: 3.3599 | C-index: 0.6230

Epoch 15
-------------------------------
loss: 1.316183  [   64/  677]
loss: 0.802717  [  256/  677]
loss: 1.204945  [  448/  677]
loss: 1.450128  [  640/  677]
Average Training Loss: 0.433998
Val Loss: 3.2837 | C-index: 0.6269

Epoch 16
-------------------------------
loss: 0.938118  [   64/  677]
loss: 0.887137  [  256/  677]
loss: 0.981654  [  448/  677]
loss: 1.020522  [  640/  677]
Average Training Loss: 0.347948
Val Loss: 3.3253 | C-index: 0.6947

Epoch 17
-------------------------------
loss: 1.129925  [   64/  677]
loss: 1.192140  [  256/  677]
loss: 1.218796  [  448/  677]
loss: 1.460244  [  640/  677]
Average Training Loss: 0.454646
Val Loss: 2.9267 | C-index: 0.6504

Stopping early at Epoch 17 since no C-Index improvement after 5 epochs.
Done!
Best C-Index = 0.7120448179271709 at Epoch 12

=========================================
FOLD 2/5
=========================================

Epoch 1
-------------------------------
loss: 3.542656  [   64/  677]
loss: 3.128191  [  256/  677]
loss: 2.294869  [  448/  677]
loss: 2.609259  [  640/  677]
Average Training Loss: 1.052270
Val Loss: 2.8857 | C-index: 0.5747

Epoch 2
-------------------------------
loss: 3.002288  [   64/  677]
loss: 3.177654  [  256/  677]
loss: 2.599581  [  448/  677]
loss: 2.362514  [  640/  677]
Average Training Loss: 1.012913
Val Loss: 2.8988 | C-index: 0.5610

Epoch 3
-------------------------------
loss: 2.934956  [   64/  677]
loss: 2.776527  [  256/  677]
loss: 2.577698  [  448/  677]
loss: 2.574015  [  640/  677]
Average Training Loss: 0.987563
Val Loss: 2.9153 | C-index: 0.6913

Epoch 4
-------------------------------
loss: 2.732183  [   64/  677]
loss: 2.128393  [  256/  677]
loss: 1.970362  [  448/  677]
loss: 2.546525  [  640/  677]
Average Training Loss: 0.852497
Val Loss: 3.0965 | C-index: 0.7014

Epoch 5
-------------------------------
loss: 2.223798  [   64/  677]
loss: 1.745753  [  256/  677]
loss: 2.079365  [  448/  677]
loss: 2.251252  [  640/  677]
Average Training Loss: 0.754561
Val Loss: 3.2726 | C-index: 0.6889

Epoch 6
-------------------------------
loss: 1.878526  [   64/  677]
loss: 2.027634  [  256/  677]
loss: 1.711675  [  448/  677]
loss: 1.985582  [  640/  677]
Average Training Loss: 0.691220
Val Loss: 3.2227 | C-index: 0.7145

Epoch 7
-------------------------------
loss: 1.511404  [   64/  677]
loss: 1.552787  [  256/  677]
loss: 1.280870  [  448/  677]
loss: 1.389049  [  640/  677]
Average Training Loss: 0.521283
Val Loss: 3.6119 | C-index: 0.7162

Epoch 8
-------------------------------
loss: 1.080290  [   64/  677]
loss: 0.984222  [  256/  677]
loss: 0.740671  [  448/  677]
loss: 1.970855  [  640/  677]
Average Training Loss: 0.434185
Val Loss: 4.5186 | C-index: 0.6698

Epoch 9
-------------------------------
loss: 1.666941  [   64/  677]
loss: 1.248947  [  256/  677]
loss: 0.894093  [  448/  677]
loss: 1.454074  [  640/  677]
Average Training Loss: 0.478550
Val Loss: 3.9730 | C-index: 0.6633

Epoch 10
-------------------------------
loss: 1.471009  [   64/  677]
loss: 0.863687  [  256/  677]
loss: 1.632378  [  448/  677]
loss: 1.467344  [  640/  677]
Average Training Loss: 0.494038
Val Loss: 3.8229 | C-index: 0.6544

Epoch 11
-------------------------------
loss: 1.499243  [   64/  677]
loss: 0.533397  [  256/  677]
loss: 0.839027  [  448/  677]
loss: 1.420511  [  640/  677]
Average Training Loss: 0.390198
Val Loss: 4.1443 | C-index: 0.7269

Epoch 12
-------------------------------
loss: 0.792995  [   64/  677]
loss: 0.819831  [  256/  677]
loss: 0.847963  [  448/  677]
loss: 1.137455  [  640/  677]
Average Training Loss: 0.327113
Val Loss: 4.1093 | C-index: 0.6341

Epoch 13
-------------------------------
loss: 1.171525  [   64/  677]
loss: 0.263533  [  256/  677]
loss: 1.359150  [  448/  677]
loss: 1.215008  [  640/  677]
Average Training Loss: 0.364474
Val Loss: 4.0917 | C-index: 0.6692

Epoch 14
-------------------------------
loss: 0.638906  [   64/  677]
loss: 1.505549  [  256/  677]
loss: 1.534512  [  448/  677]
loss: 0.533030  [  640/  677]
Average Training Loss: 0.382909
Val Loss: 3.8555 | C-index: 0.6966

Epoch 15
-------------------------------
loss: 1.083432  [   64/  677]
loss: 0.589835  [  256/  677]
loss: 0.911766  [  448/  677]
loss: 1.244320  [  640/  677]
Average Training Loss: 0.348123
Val Loss: 3.8363 | C-index: 0.6853

Epoch 16
-------------------------------
loss: 0.584482  [   64/  677]
loss: 1.043571  [  256/  677]
loss: 1.153708  [  448/  677]
loss: 1.086483  [  640/  677]
Average Training Loss: 0.351659
Val Loss: 4.0835 | C-index: 0.6883

Stopping early at Epoch 16 since no C-Index improvement after 5 epochs.
Done!
Best C-Index = 0.726948245092207 at Epoch 11

=========================================
FOLD 3/5
=========================================

Epoch 1
-------------------------------
loss: 3.222138  [   64/  678]
loss: 2.854468  [  256/  678]
loss: 2.663573  [  448/  678]
loss: 3.159530  [  640/  678]
Average Training Loss: 1.081792
Val Loss: 2.3846 | C-index: 0.5694

Epoch 2
-------------------------------
loss: 2.660190  [   64/  678]
loss: 3.179422  [  256/  678]
loss: 3.278620  [  448/  678]
loss: 2.663347  [  640/  678]
Average Training Loss: 1.071053
Val Loss: 2.3590 | C-index: 0.7157

Epoch 3
-------------------------------
loss: 2.508634  [   64/  678]
loss: 3.196623  [  256/  678]
loss: 3.050437  [  448/  678]
loss: 2.204320  [  640/  678]
Average Training Loss: 0.996365
Val Loss: 2.3270 | C-index: 0.7183

Epoch 4
-------------------------------
loss: 2.179691  [   64/  678]
loss: 2.336432  [  256/  678]
loss: 2.782138  [  448/  678]
loss: 2.789724  [  640/  678]
Average Training Loss: 0.917090
Val Loss: 2.2723 | C-index: 0.7174

Epoch 5
-------------------------------
loss: 2.394559  [   64/  678]
loss: 1.499858  [  256/  678]
loss: 2.425926  [  448/  678]
loss: 1.586579  [  640/  678]
Average Training Loss: 0.718811
Val Loss: 2.5544 | C-index: 0.5719

Epoch 6
-------------------------------
loss: 2.221210  [   64/  678]
loss: 1.525625  [  256/  678]
loss: 1.664746  [  448/  678]
loss: 1.510172  [  640/  678]
Average Training Loss: 0.629250
Val Loss: 2.3826 | C-index: 0.6885

Epoch 7
-------------------------------
loss: 2.082503  [   64/  678]
loss: 0.729747  [  256/  678]
loss: 1.701301  [  448/  678]
loss: 1.225881  [  640/  678]
Average Training Loss: 0.521767
Val Loss: 3.0443 | C-index: 0.5574

Epoch 8
-------------------------------
loss: 1.866326  [   64/  678]
loss: 1.710846  [  256/  678]
loss: 1.121512  [  448/  678]
loss: 1.225934  [  640/  678]
Average Training Loss: 0.538602
Val Loss: 2.4792 | C-index: 0.7677

Epoch 9
-------------------------------
loss: 1.617097  [   64/  678]
loss: 1.401770  [  256/  678]
loss: 0.879018  [  448/  678]
loss: 1.498533  [  640/  678]
Average Training Loss: 0.490583
Val Loss: 2.8768 | C-index: 0.6085

Epoch 10
-------------------------------
loss: 1.395564  [   64/  678]
loss: 1.420146  [  256/  678]
loss: 1.122993  [  448/  678]
loss: 1.515670  [  640/  678]
Average Training Loss: 0.495852
Val Loss: 2.6305 | C-index: 0.6434

Epoch 11
-------------------------------
loss: 1.385512  [   64/  678]
loss: 1.198923  [  256/  678]
loss: 1.261470  [  448/  678]
loss: 1.579997  [  640/  678]
Average Training Loss: 0.493264
Val Loss: 2.5938 | C-index: 0.6757

Epoch 12
-------------------------------
loss: 1.107295  [   64/  678]
loss: 1.595084  [  256/  678]
loss: 1.727264  [  448/  678]
loss: 1.288611  [  640/  678]
Average Training Loss: 0.519841
Val Loss: 2.5822 | C-index: 0.7132

Epoch 13
-------------------------------
loss: 1.062002  [   64/  678]
loss: 0.913138  [  256/  678]
loss: 0.949734  [  448/  678]
loss: 1.611426  [  640/  678]
Average Training Loss: 0.412391
Val Loss: 2.5886 | C-index: 0.6860

Stopping early at Epoch 13 since no C-Index improvement after 5 epochs.
Done!
Best C-Index = 0.7676595744680851 at Epoch 8

=========================================
FOLD 4/5
=========================================

Epoch 1
-------------------------------
loss: 2.457167  [   64/  678]
loss: 2.146543  [  256/  678]
loss: 2.715636  [  448/  678]
loss: 3.238338  [  640/  678]
Average Training Loss: 0.959789
Val Loss: 2.8467 | C-index: 0.5375

Epoch 2
-------------------------------
loss: 2.496197  [   64/  678]
loss: 2.834634  [  256/  678]
loss: 2.937328  [  448/  678]
loss: 3.243494  [  640/  678]
Average Training Loss: 1.046514
Val Loss: 2.8115 | C-index: 0.5759

Epoch 3
-------------------------------
loss: 2.718769  [   64/  678]
loss: 2.369862  [  256/  678]
loss: 2.399397  [  448/  678]
loss: 2.965626  [  640/  678]
Average Training Loss: 0.950332
Val Loss: 2.8298 | C-index: 0.5486

Epoch 4
-------------------------------
loss: 2.165011  [   64/  678]
loss: 1.303219  [  256/  678]
loss: 2.229833  [  448/  678]
loss: 2.052127  [  640/  678]
Average Training Loss: 0.704563
Val Loss: 2.8227 | C-index: 0.5938

Epoch 5
-------------------------------
loss: 1.819924  [   64/  678]
loss: 1.497681  [  256/  678]
loss: 1.384331  [  448/  678]
loss: 2.433022  [  640/  678]
Average Training Loss: 0.648633
Val Loss: 3.0386 | C-index: 0.5443

Epoch 6
-------------------------------
loss: 1.500973  [   64/  678]
loss: 2.071064  [  256/  678]
loss: 0.989776  [  448/  678]
loss: 1.558785  [  640/  678]
Average Training Loss: 0.556418
Val Loss: 3.0467 | C-index: 0.5381

Epoch 7
-------------------------------
loss: 1.709441  [   64/  678]
loss: 1.822103  [  256/  678]
loss: 1.570233  [  448/  678]
loss: 1.524951  [  640/  678]
Average Training Loss: 0.602430
Val Loss: 3.3015 | C-index: 0.5864

Epoch 8
-------------------------------
loss: 1.203967  [   64/  678]
loss: 1.466167  [  256/  678]
loss: 1.445330  [  448/  678]
loss: 1.792495  [  640/  678]
Average Training Loss: 0.537087
Val Loss: 3.1979 | C-index: 0.5864

Epoch 9
-------------------------------
loss: 0.680751  [   64/  678]
loss: 1.093265  [  256/  678]
loss: 1.747245  [  448/  678]
loss: 1.353071  [  640/  678]
Average Training Loss: 0.443121
Val Loss: 3.2643 | C-index: 0.5628

Stopping early at Epoch 9 since no C-Index improvement after 5 epochs.
Done!
Best C-Index = 0.5938080495356037 at Epoch 4

=========================================
FOLD 5/5
=========================================

Epoch 1
-------------------------------
loss: 3.473088  [   64/  678]
loss: 3.150948  [  256/  678]
loss: 3.279833  [  448/  678]
loss: 2.198987  [  640/  678]
Average Training Loss: 1.100260
Val Loss: 2.7690 | C-index: 0.6905

Epoch 2
-------------------------------
loss: 2.753826  [   64/  678]
loss: 2.971335  [  256/  678]
loss: 3.028197  [  448/  678]
loss: 2.587482  [  640/  678]
Average Training Loss: 1.030985
Val Loss: 2.7423 | C-index: 0.7039

Epoch 3
-------------------------------
loss: 3.005798  [   64/  678]
loss: 1.396440  [  256/  678]
loss: 2.967783  [  448/  678]
loss: 2.358988  [  640/  678]
Average Training Loss: 0.884455
Val Loss: 2.7002 | C-index: 0.6943

Epoch 4
-------------------------------
loss: 2.786067  [   64/  678]
loss: 2.022865  [  256/  678]
loss: 2.912878  [  448/  678]
loss: 2.245328  [  640/  678]
Average Training Loss: 0.906104
Val Loss: 2.8451 | C-index: 0.6299

Epoch 5
-------------------------------
loss: 2.220521  [   64/  678]
loss: 1.676320  [  256/  678]
loss: 1.822276  [  448/  678]
loss: 2.193928  [  640/  678]
Average Training Loss: 0.719368
Val Loss: 2.6464 | C-index: 0.6228

Epoch 6
-------------------------------
loss: 1.775388  [   64/  678]
loss: 1.851569  [  256/  678]
loss: 1.455120  [  448/  678]
loss: 1.333294  [  640/  678]
Average Training Loss: 0.583216
Val Loss: 2.8533 | C-index: 0.6005

Epoch 7
-------------------------------
loss: 1.493548  [   64/  678]
loss: 1.119771  [  256/  678]
loss: 0.953687  [  448/  678]
loss: 2.062643  [  640/  678]
Average Training Loss: 0.511786
Val Loss: 3.2124 | C-index: 0.5960

Stopping early at Epoch 7 since no C-Index improvement after 5 epochs.
Done!
Best C-Index = 0.7038927887683472 at Epoch 2

=========================================
CV training complete! Mean ± std C-index: 0.7009 ± 0.0579
Best epochs per fold: [12, 11, 8, 4, 2]

=========================================
Retraining model on full train+val for 7 epochs...
Epoch 1
-------------------------------
loss: 3.179384  [   64/  847]
loss: 3.126209  [  320/  847]
loss: 1.572549  [  576/  847]
loss: 3.148338  [  832/  847]
Average Training Loss: 0.787606
Val Loss: 2.7242 | C-index: 0.6721

Epoch 2
-------------------------------
loss: 2.543394  [   64/  847]
loss: 3.042531  [  320/  847]
loss: 3.143508  [  576/  847]
loss: 3.003580  [  832/  847]
Average Training Loss: 0.838072
Val Loss: 2.4905 | C-index: 0.8193

Epoch 3
-------------------------------
loss: 2.498974  [   64/  847]
loss: 2.837552  [  320/  847]
loss: 3.146491  [  576/  847]
loss: 2.565035  [  832/  847]
Average Training Loss: 0.789147
Val Loss: 2.3598 | C-index: 0.8334

Epoch 4
-------------------------------
loss: 2.307793  [   64/  847]
loss: 2.535270  [  320/  847]
loss: 2.764188  [  576/  847]
loss: 1.974618  [  832/  847]
Average Training Loss: 0.684419
Val Loss: 1.8228 | C-index: 0.9176

Epoch 5
-------------------------------
loss: 1.859573  [   64/  847]
loss: 1.783656  [  320/  847]
loss: 1.534045  [  576/  847]
loss: 1.911577  [  832/  847]
Average Training Loss: 0.506347
Val Loss: 1.5063 | C-index: 0.9392

Epoch 6
-------------------------------
loss: 1.502342  [   64/  847]
loss: 1.945085  [  320/  847]
loss: 1.698900  [  576/  847]
loss: 2.485011  [  832/  847]
Average Training Loss: 0.545096
Val Loss: 1.3603 | C-index: 0.9451

Epoch 7
-------------------------------
loss: 1.481916  [   64/  847]
loss: 1.291429  [  320/  847]
loss: 1.529583  [  576/  847]
loss: 1.456239  [  832/  847]
Average Training Loss: 0.411369
Val Loss: 1.5346 | C-index: 0.9462

Done!
Best C-Index = 0.9462474133144905 at Epoch 7
FINAL TEST Average Loss: 3.8959
FINAL TEST C-index: 0.5408
Bootstrap 95% CI: [0.4228, 0.6502]
Results saved to /Users/evan/Documents/GitHub/HyBINN/experiments/runs/gene_clinical/seed_0/results.json
