train_hybinn.py log started 2026-06-05 21:41:35.532594
=========================================
Model Active Branches: ['binn', 'gene', 'clinical']
=========================================

=========================================
FOLD 1/5
=========================================

Epoch 1
-------------------------------
loss: 2.526431  [   64/  677]
loss: 2.873121  [  256/  677]
loss: 2.862643  [  448/  677]
loss: 2.960324  [  640/  677]
Average Training Loss: 1.020229
Val Loss: 2.7335 | C-index: 0.4347

Epoch 2
-------------------------------
loss: 2.604777  [   64/  677]
loss: 2.845940  [  256/  677]
loss: 2.643925  [  448/  677]
loss: 2.914775  [  640/  677]
Average Training Loss: 1.000856
Val Loss: 2.7301 | C-index: 0.4846

Epoch 3
-------------------------------
loss: 2.916729  [   64/  677]
loss: 2.534952  [  256/  677]
loss: 2.483749  [  448/  677]
loss: 2.514455  [  640/  677]
Average Training Loss: 0.949990
Val Loss: 2.6612 | C-index: 0.5826

Epoch 4
-------------------------------
loss: 2.008963  [   64/  677]
loss: 2.570289  [  256/  677]
loss: 2.844388  [  448/  677]
loss: 1.979964  [  640/  677]
Average Training Loss: 0.854873
Val Loss: 2.6288 | C-index: 0.6303

Epoch 5
-------------------------------
loss: 2.090574  [   64/  677]
loss: 2.017987  [  256/  677]
loss: 1.904668  [  448/  677]
loss: 2.519959  [  640/  677]
Average Training Loss: 0.775744
Val Loss: 2.8420 | C-index: 0.5333

Epoch 6
-------------------------------
loss: 1.825402  [   64/  677]
loss: 2.042140  [  256/  677]
loss: 2.211219  [  448/  677]
loss: 1.528365  [  640/  677]
Average Training Loss: 0.691557
Val Loss: 2.5918 | C-index: 0.6880

Epoch 7
-------------------------------
loss: 0.695858  [   64/  677]
loss: 1.267228  [  256/  677]
loss: 2.346292  [  448/  677]
loss: 1.583874  [  640/  677]
Average Training Loss: 0.535750
Val Loss: 2.7466 | C-index: 0.6840

Epoch 8
-------------------------------
loss: 1.166701  [   64/  677]
loss: 1.818245  [  256/  677]
loss: 1.262071  [  448/  677]
loss: 1.340809  [  640/  677]
Average Training Loss: 0.507984
Val Loss: 2.9924 | C-index: 0.6543

Epoch 9
-------------------------------
loss: 1.501388  [   64/  677]
loss: 1.283029  [  256/  677]
loss: 1.318656  [  448/  677]
loss: 1.383077  [  640/  677]
Average Training Loss: 0.498741
Val Loss: 2.8794 | C-index: 0.6258

Epoch 10
-------------------------------
loss: 0.843381  [   64/  677]
loss: 1.430596  [  256/  677]
loss: 1.345230  [  448/  677]
loss: 1.297901  [  640/  677]
Average Training Loss: 0.447010
Val Loss: 3.0050 | C-index: 0.6711

Epoch 11
-------------------------------
loss: 1.382601  [   64/  677]
loss: 1.152359  [  256/  677]
loss: 1.525816  [  448/  677]
loss: 1.910336  [  640/  677]
Average Training Loss: 0.542828
Val Loss: 3.3677 | C-index: 0.5754

Stopping early at Epoch 11 since no C-Index improvement after 5 epochs.
Done!
Best C-Index = 0.6879551820728291 at Epoch 6

=========================================
FOLD 2/5
=========================================

Epoch 1
-------------------------------
loss: 3.375265  [   64/  677]
loss: 2.067769  [  256/  677]
loss: 3.400078  [  448/  677]
loss: 3.163138  [  640/  677]
Average Training Loss: 1.091477
Val Loss: 2.8898 | C-index: 0.4836

Epoch 2
-------------------------------
loss: 2.727894  [   64/  677]
loss: 2.599422  [  256/  677]
loss: 2.097316  [  448/  677]
loss: 3.185642  [  640/  677]
Average Training Loss: 0.964570
Val Loss: 2.8925 | C-index: 0.5782

Epoch 3
-------------------------------
loss: 3.086462  [   64/  677]
loss: 2.268831  [  256/  677]
loss: 2.588691  [  448/  677]
loss: 2.613746  [  640/  677]
Average Training Loss: 0.959794
Val Loss: 2.8766 | C-index: 0.7008

Epoch 4
-------------------------------
loss: 2.728928  [   64/  677]
loss: 2.335402  [  256/  677]
loss: 2.404197  [  448/  677]
loss: 2.549839  [  640/  677]
Average Training Loss: 0.910761
Val Loss: 3.0753 | C-index: 0.6859

Epoch 5
-------------------------------
loss: 2.229962  [   64/  677]
loss: 1.885509  [  256/  677]
loss: 1.997907  [  448/  677]
loss: 1.512077  [  640/  677]
Average Training Loss: 0.693223
Val Loss: 3.2278 | C-index: 0.7317

Epoch 6
-------------------------------
loss: 1.416494  [   64/  677]
loss: 1.700224  [  256/  677]
loss: 1.157896  [  448/  677]
loss: 1.562329  [  640/  677]
Average Training Loss: 0.530631
Val Loss: 3.8347 | C-index: 0.6562

Epoch 7
-------------------------------
loss: 1.323169  [   64/  677]
loss: 1.088036  [  256/  677]
loss: 1.085296  [  448/  677]
loss: 1.422892  [  640/  677]
Average Training Loss: 0.447218
Val Loss: 3.5431 | C-index: 0.6312

Epoch 8
-------------------------------
loss: 1.241248  [   64/  677]
loss: 1.404086  [  256/  677]
loss: 1.177844  [  448/  677]
loss: 1.497168  [  640/  677]
Average Training Loss: 0.483668
Val Loss: 4.1102 | C-index: 0.5866

Epoch 9
-------------------------------
loss: 1.781091  [   64/  677]
loss: 1.752113  [  256/  677]
loss: 1.012174  [  448/  677]
loss: 0.898295  [  640/  677]
Average Training Loss: 0.494879
Val Loss: 3.7485 | C-index: 0.6811

Epoch 10
-------------------------------
loss: 0.279016  [   64/  677]
loss: 0.620738  [  256/  677]
loss: 1.339129  [  448/  677]
loss: 1.142298  [  640/  677]
Average Training Loss: 0.307380
Val Loss: 3.8091 | C-index: 0.6395

Stopping early at Epoch 10 since no C-Index improvement after 5 epochs.
Done!
Best C-Index = 0.7317073170731707 at Epoch 5

=========================================
FOLD 3/5
=========================================

Epoch 1
-------------------------------
loss: 2.276258  [   64/  678]
loss: 2.501550  [  256/  678]
loss: 3.301433  [  448/  678]
loss: 3.000901  [  640/  678]
Average Training Loss: 1.007286
Val Loss: 2.3890 | C-index: 0.5345

Epoch 2
-------------------------------
loss: 3.036565  [   64/  678]
loss: 3.014072  [  256/  678]
loss: 2.726914  [  448/  678]
loss: 2.944069  [  640/  678]
Average Training Loss: 1.065602
Val Loss: 2.3706 | C-index: 0.6136

Epoch 3
-------------------------------
loss: 2.859893  [   64/  678]
loss: 2.369708  [  256/  678]
loss: 2.593374  [  448/  678]
loss: 2.712681  [  640/  678]
Average Training Loss: 0.957787
Val Loss: 2.3292 | C-index: 0.6928

Epoch 4
-------------------------------
loss: 2.379091  [   64/  678]
loss: 2.701808  [  256/  678]
loss: 2.206563  [  448/  678]
loss: 2.343180  [  640/  678]
Average Training Loss: 0.875513
Val Loss: 2.3429 | C-index: 0.6409

Epoch 5
-------------------------------
loss: 2.233555  [   64/  678]
loss: 2.491064  [  256/  678]
loss: 3.016532  [  448/  678]
loss: 2.112159  [  640/  678]
Average Training Loss: 0.895755
Val Loss: 2.3324 | C-index: 0.6519

Epoch 6
-------------------------------
loss: 1.965229  [   64/  678]
loss: 1.710731  [  256/  678]
loss: 1.937051  [  448/  678]
loss: 2.013678  [  640/  678]
Average Training Loss: 0.693335
Val Loss: 2.4584 | C-index: 0.6826

Epoch 7
-------------------------------
loss: 1.767900  [   64/  678]
loss: 1.958236  [  256/  678]
loss: 1.397847  [  448/  678]
loss: 1.766551  [  640/  678]
Average Training Loss: 0.626412
Val Loss: 2.7215 | C-index: 0.6281

Epoch 8
-------------------------------
loss: 1.971413  [   64/  678]
loss: 1.406413  [  256/  678]
loss: 1.337553  [  448/  678]
loss: 1.956098  [  640/  678]
Average Training Loss: 0.606498
Val Loss: 2.8170 | C-index: 0.6255

Stopping early at Epoch 8 since no C-Index improvement after 5 epochs.
Done!
Best C-Index = 0.6927659574468085 at Epoch 3

=========================================
FOLD 4/5
=========================================

Epoch 1
-------------------------------
loss: 3.089885  [   64/  678]
loss: 2.782405  [  256/  678]
loss: 3.042917  [  448/  678]
loss: 2.479892  [  640/  678]
Average Training Loss: 1.035918
Val Loss: 2.8507 | C-index: 0.5195

Epoch 2
-------------------------------
loss: 2.936332  [   64/  678]
loss: 3.174766  [  256/  678]
loss: 2.653584  [  448/  678]
loss: 2.729654  [  640/  678]
Average Training Loss: 1.044940
Val Loss: 2.8482 | C-index: 0.5288

Epoch 3
-------------------------------
loss: 2.842753  [   64/  678]
loss: 2.900792  [  256/  678]
loss: 2.852514  [  448/  678]
loss: 2.720423  [  640/  678]
Average Training Loss: 1.028771
Val Loss: 2.8061 | C-index: 0.5697

Epoch 4
-------------------------------
loss: 2.056426  [   64/  678]
loss: 2.392490  [  256/  678]
loss: 2.764980  [  448/  678]
loss: 2.238744  [  640/  678]
Average Training Loss: 0.859331
Val Loss: 2.8236 | C-index: 0.5300

Epoch 5
-------------------------------
loss: 1.967734  [   64/  678]
loss: 2.703408  [  256/  678]
loss: 2.204677  [  448/  678]
loss: 2.152331  [  640/  678]
Average Training Loss: 0.820741
Val Loss: 2.7616 | C-index: 0.6192

Epoch 6
-------------------------------
loss: 1.723685  [   64/  678]
loss: 2.100653  [  256/  678]
loss: 1.649465  [  448/  678]
loss: 1.285759  [  640/  678]
Average Training Loss: 0.614506
Val Loss: 3.0689 | C-index: 0.5932

Epoch 7
-------------------------------
loss: 1.422359  [   64/  678]
loss: 1.451064  [  256/  678]
loss: 1.659544  [  448/  678]
loss: 2.280284  [  640/  678]
Average Training Loss: 0.619386
Val Loss: 3.0156 | C-index: 0.5858

Epoch 8
-------------------------------
loss: 1.428148  [   64/  678]
loss: 1.134421  [  256/  678]
loss: 2.031222  [  448/  678]
loss: 1.446325  [  640/  678]
Average Training Loss: 0.549101
Val Loss: 3.1191 | C-index: 0.5808

Epoch 9
-------------------------------
loss: 1.403757  [   64/  678]
loss: 0.473509  [  256/  678]
loss: 1.991994  [  448/  678]
loss: 1.289142  [  640/  678]
Average Training Loss: 0.468946
Val Loss: 2.9437 | C-index: 0.6285

Epoch 10
-------------------------------
loss: 0.856656  [   64/  678]
loss: 0.973079  [  256/  678]
loss: 1.332393  [  448/  678]
loss: 0.730076  [  640/  678]
Average Training Loss: 0.353837
Val Loss: 3.2228 | C-index: 0.5709

Epoch 11
-------------------------------
loss: 1.020456  [   64/  678]
loss: 1.071280  [  256/  678]
loss: 0.982327  [  448/  678]
loss: 1.830266  [  640/  678]
Average Training Loss: 0.445848
Val Loss: 2.7796 | C-index: 0.6632

Epoch 12
-------------------------------
loss: 1.220411  [   64/  678]
loss: 0.875515  [  256/  678]
loss: 0.988898  [  448/  678]
loss: 1.444442  [  640/  678]
Average Training Loss: 0.411751
Val Loss: 3.5060 | C-index: 0.5015

Epoch 13
-------------------------------
loss: 1.160197  [   64/  678]
loss: 1.105874  [  256/  678]
loss: 1.463758  [  448/  678]
loss: 0.305884  [  640/  678]
Average Training Loss: 0.366883
Val Loss: 2.9652 | C-index: 0.6607

Epoch 14
-------------------------------
loss: 0.718669  [   64/  678]
loss: 0.803517  [  256/  678]
loss: 1.252985  [  448/  678]
loss: 1.011046  [  640/  678]
Average Training Loss: 0.344202
Val Loss: 3.4592 | C-index: 0.5659

Epoch 15
-------------------------------
loss: 1.361961  [   64/  678]
loss: 0.372201  [  256/  678]
loss: 0.982291  [  448/  678]
loss: 0.959177  [  640/  678]
Average Training Loss: 0.334148
Val Loss: 3.3617 | C-index: 0.6074

Epoch 16
-------------------------------
loss: 0.697162  [   64/  678]
loss: 0.543076  [  256/  678]
loss: 1.022301  [  448/  678]
loss: 0.443145  [  640/  678]
Average Training Loss: 0.245971
Val Loss: 3.5864 | C-index: 0.5820

Stopping early at Epoch 16 since no C-Index improvement after 5 epochs.
Done!
Best C-Index = 0.6631578947368421 at Epoch 11

=========================================
FOLD 5/5
=========================================

Epoch 1
-------------------------------
loss: 2.695727  [   64/  678]
loss: 2.969191  [  256/  678]
loss: 2.451212  [  448/  678]
loss: 3.106871  [  640/  678]
Average Training Loss: 1.020273
Val Loss: 2.7760 | C-index: 0.6981

Epoch 2
-------------------------------
loss: 3.040563  [   64/  678]
loss: 2.963499  [  256/  678]
loss: 2.862485  [  448/  678]
loss: 2.248124  [  640/  678]
Average Training Loss: 1.010425
Val Loss: 2.7681 | C-index: 0.6892

Epoch 3
-------------------------------
loss: 2.419896  [   64/  678]
loss: 3.227623  [  256/  678]
loss: 2.338559  [  448/  678]
loss: 3.318124  [  640/  678]
Average Training Loss: 1.027655
Val Loss: 2.6911 | C-index: 0.6873

Epoch 4
-------------------------------
loss: 2.677935  [   64/  678]
loss: 2.817046  [  256/  678]
loss: 2.833066  [  448/  678]
loss: 2.524962  [  640/  678]
Average Training Loss: 0.986637
Val Loss: 2.6960 | C-index: 0.6611

Epoch 5
-------------------------------
loss: 2.171600  [   64/  678]
loss: 2.216450  [  256/  678]
loss: 2.477505  [  448/  678]
loss: 2.506885  [  640/  678]
Average Training Loss: 0.852040
Val Loss: 2.6811 | C-index: 0.6094

Epoch 6
-------------------------------
loss: 1.834019  [   64/  678]
loss: 1.660478  [  256/  678]
loss: 2.215084  [  448/  678]
loss: 2.073867  [  640/  678]
Average Training Loss: 0.707586
Val Loss: 2.7311 | C-index: 0.6043

Stopping early at Epoch 6 since no C-Index improvement after 5 epochs.
Done!
Best C-Index = 0.6981493299298022 at Epoch 1

=========================================
CV training complete! Mean ± std C-index: 0.6947 ± 0.0220
Best epochs per fold: [6, 5, 3, 11, 1]

=========================================
Retraining model on full train+val for 5 epochs...
Epoch 1
-------------------------------
loss: 3.435126  [   64/  847]
loss: 3.166198  [  320/  847]
loss: 2.375226  [  576/  847]
loss: 2.936664  [  832/  847]
Average Training Loss: 0.850944
Val Loss: 2.7625 | C-index: 0.7028

Epoch 2
-------------------------------
loss: 3.157550  [   64/  847]
loss: 2.790959  [  320/  847]
loss: 3.129298  [  576/  847]
loss: 2.418670  [  832/  847]
Average Training Loss: 0.821177
Val Loss: 2.6825 | C-index: 0.7855

Epoch 3
-------------------------------
loss: 2.464610  [   64/  847]
loss: 2.581365  [  320/  847]
loss: 2.483968  [  576/  847]
loss: 2.999280  [  832/  847]
Average Training Loss: 0.752087
Val Loss: 2.3651 | C-index: 0.8647

Epoch 4
-------------------------------
loss: 2.229285  [   64/  847]
loss: 2.627113  [  320/  847]
loss: 2.660671  [  576/  847]
loss: 2.316771  [  832/  847]
Average Training Loss: 0.702417
Val Loss: 1.9487 | C-index: 0.9176

Epoch 5
-------------------------------
loss: 2.173672  [   64/  847]
loss: 1.751093  [  320/  847]
loss: 2.004607  [  576/  847]
loss: 2.201134  [  832/  847]
Average Training Loss: 0.580751
Val Loss: 1.5115 | C-index: 0.9398

Done!
Best C-Index = 0.9398122444859436 at Epoch 5
FINAL TEST Average Loss: 2.6264
FINAL TEST C-index: 0.6604
Bootstrap 95% CI: [0.5323, 0.7785]
Top 10 activated pathways:
{'R-HSA-167169': 0.03929348662495613, 'R-HSA-72165': 0.03798723593354225, 'R-HSA-5693554': 0.036718517541885376, 'R-HSA-3371568': 0.03662864863872528, 'R-HSA-1482839': 0.03566956892609596, 'R-HSA-9013508': 0.03377515822649002, 'R-HSA-68962': 0.03236354514956474, 'R-HSA-389957': 0.03131885454058647, 'R-HSA-389357': 0.031105032190680504, 'R-HSA-5693537': 0.029445456340909004}
Results saved to /Users/evan/Documents/GitHub/HyBINN/experiments/runs/full_hybinn/seed_0/results.json
