train_hybinn.py log started 2026-06-17 01:20:11.624400
=========================================
Model Active Branches: ['gene', 'clinical']
=========================================

=========================================
FOLD 1/5
=========================================

Epoch 1
-------------------------------
loss: 2.641770  [   64/  677]
loss: 2.309880  [  256/  677]
loss: 3.362119  [  448/  677]
loss: 2.290187  [  640/  677]
Average Training Loss: 0.963996
Val Loss: 3.1005 | C-index: 0.5217

Epoch 2
-------------------------------
loss: 3.432328  [   64/  677]
loss: 2.997686  [  256/  677]
loss: 2.827958  [  448/  677]
loss: 2.874311  [  640/  677]
Average Training Loss: 1.102935
Val Loss: 3.0719 | C-index: 0.5939

Epoch 3
-------------------------------
loss: 2.959788  [   64/  677]
loss: 2.042820  [  256/  677]
loss: 2.653047  [  448/  677]
loss: 2.435132  [  640/  677]
Average Training Loss: 0.917344
Val Loss: 3.0141 | C-index: 0.6369

Epoch 4
-------------------------------
loss: 2.600711  [   64/  677]
loss: 2.922389  [  256/  677]
loss: 2.266657  [  448/  677]
loss: 2.848231  [  640/  677]
Average Training Loss: 0.967090
Val Loss: 2.9526 | C-index: 0.6969

Epoch 5
-------------------------------
loss: 2.027748  [   64/  677]
loss: 1.885656  [  256/  677]
loss: 2.351519  [  448/  677]
loss: 1.719626  [  640/  677]
Average Training Loss: 0.725868
Val Loss: 3.0085 | C-index: 0.6779

Epoch 6
-------------------------------
loss: 1.616938  [   64/  677]
loss: 2.232277  [  256/  677]
loss: 2.043966  [  448/  677]
loss: 1.492026  [  640/  677]
Average Training Loss: 0.671382
Val Loss: 2.9979 | C-index: 0.7028

Epoch 7
-------------------------------
loss: 1.122111  [   64/  677]
loss: 1.324482  [  256/  677]
loss: 1.956679  [  448/  677]
loss: 1.396030  [  640/  677]
Average Training Loss: 0.527209
Val Loss: 3.1644 | C-index: 0.6310

Epoch 8
-------------------------------
loss: 1.877923  [   64/  677]
loss: 2.153923  [  256/  677]
loss: 1.886498  [  448/  677]
loss: 2.220319  [  640/  677]
Average Training Loss: 0.739878
Val Loss: 3.1306 | C-index: 0.6735

Epoch 9
-------------------------------
loss: 1.465116  [   64/  677]
loss: 1.370485  [  256/  677]
loss: 1.700616  [  448/  677]
loss: 1.954904  [  640/  677]
Average Training Loss: 0.590102
Val Loss: 3.2590 | C-index: 0.5749

Epoch 10
-------------------------------
loss: 2.445181  [   64/  677]
loss: 1.758505  [  256/  677]
loss: 1.060244  [  448/  677]
loss: 1.309337  [  640/  677]
Average Training Loss: 0.597570
Val Loss: 3.0521 | C-index: 0.6701

Epoch 11
-------------------------------
loss: 1.390498  [   64/  677]
loss: 1.362101  [  256/  677]
loss: 0.528871  [  448/  677]
loss: 1.238481  [  640/  677]
Average Training Loss: 0.410905
Val Loss: 3.0801 | C-index: 0.6364

Stopping early at Epoch 11 since no C-Index improvement after 5 epochs.
Done!
Best C-Index = 0.7027818448023426 at Epoch 6

=========================================
FOLD 2/5
=========================================

Epoch 1
-------------------------------
loss: 2.518273  [   64/  677]
loss: 3.060558  [  256/  677]
loss: 3.155185  [  448/  677]
loss: 2.300797  [  640/  677]
Average Training Loss: 1.003165
Val Loss: 2.9808 | C-index: 0.6757

Epoch 2
-------------------------------
loss: 2.567508  [   64/  677]
loss: 2.844095  [  256/  677]
loss: 3.208904  [  448/  677]
loss: 2.633570  [  640/  677]
Average Training Loss: 1.023098
Val Loss: 2.9773 | C-index: 0.6480

Epoch 3
-------------------------------
loss: 2.979831  [   64/  677]
loss: 3.083307  [  256/  677]
loss: 2.887968  [  448/  677]
loss: 3.030910  [  640/  677]
Average Training Loss: 1.089274
Val Loss: 2.9235 | C-index: 0.7029

Epoch 4
-------------------------------
loss: 2.462631  [   64/  677]
loss: 2.645572  [  256/  677]
loss: 2.313920  [  448/  677]
loss: 2.610821  [  640/  677]
Average Training Loss: 0.912086
Val Loss: 2.8294 | C-index: 0.6851

Epoch 5
-------------------------------
loss: 2.436520  [   64/  677]
loss: 2.347537  [  256/  677]
loss: 2.665284  [  448/  677]
loss: 2.398437  [  640/  677]
Average Training Loss: 0.895253
Val Loss: 2.8669 | C-index: 0.6469

Epoch 6
-------------------------------
loss: 2.122268  [   64/  677]
loss: 2.126251  [  256/  677]
loss: 1.793714  [  448/  677]
loss: 2.101210  [  640/  677]
Average Training Loss: 0.740313
Val Loss: 3.0619 | C-index: 0.6452

Epoch 7
-------------------------------
loss: 1.659721  [   64/  677]
loss: 2.313086  [  256/  677]
loss: 1.367914  [  448/  677]
loss: 1.511059  [  640/  677]
Average Training Loss: 0.622889
Val Loss: 3.3620 | C-index: 0.5743

Epoch 8
-------------------------------
loss: 1.357395  [   64/  677]
loss: 1.172748  [  256/  677]
loss: 1.352994  [  448/  677]
loss: 1.622974  [  640/  677]
Average Training Loss: 0.500556
Val Loss: 3.1608 | C-index: 0.6353

Stopping early at Epoch 8 since no C-Index improvement after 5 epochs.
Done!
Best C-Index = 0.7028824833702882 at Epoch 3

=========================================
FOLD 3/5
=========================================

Epoch 1
-------------------------------
loss: 3.409203  [   64/  678]
loss: 2.906420  [  256/  678]
loss: 2.833472  [  448/  678]
loss: 2.969394  [  640/  678]
Average Training Loss: 1.101681
Val Loss: 2.3898 | C-index: 0.6573

Epoch 2
-------------------------------
loss: 2.918753  [   64/  678]
loss: 2.919763  [  256/  678]
loss: 2.724519  [  448/  678]
loss: 2.658680  [  640/  678]
Average Training Loss: 1.020156
Val Loss: 2.3592 | C-index: 0.6944

Epoch 3
-------------------------------
loss: 2.908945  [   64/  678]
loss: 2.817592  [  256/  678]
loss: 2.898025  [  448/  678]
loss: 3.065827  [  640/  678]
Average Training Loss: 1.062763
Val Loss: 2.2808 | C-index: 0.7540

Epoch 4
-------------------------------
loss: 2.224664  [   64/  678]
loss: 2.717227  [  256/  678]
loss: 2.557137  [  448/  678]
loss: 2.249599  [  640/  678]
Average Training Loss: 0.886239
Val Loss: 2.3765 | C-index: 0.7032

Epoch 5
-------------------------------
loss: 2.340217  [   64/  678]
loss: 1.828015  [  256/  678]
loss: 2.369569  [  448/  678]
loss: 1.587104  [  640/  678]
Average Training Loss: 0.738628
Val Loss: 2.5211 | C-index: 0.6944

Epoch 6
-------------------------------
loss: 1.755342  [   64/  678]
loss: 1.926970  [  256/  678]
loss: 2.089763  [  448/  678]
loss: 1.886876  [  640/  678]
Average Training Loss: 0.696268
Val Loss: 2.7598 | C-index: 0.6702

Epoch 7
-------------------------------
loss: 1.905476  [   64/  678]
loss: 2.133289  [  256/  678]
loss: 2.039794  [  448/  678]
loss: 2.199435  [  640/  678]
Average Training Loss: 0.752545
Val Loss: 3.0076 | C-index: 0.6250

Epoch 8
-------------------------------
loss: 1.476829  [   64/  678]
loss: 1.243207  [  256/  678]
loss: 1.961972  [  448/  678]
loss: 1.360951  [  640/  678]
Average Training Loss: 0.549360
Val Loss: 2.4470 | C-index: 0.7145

Stopping early at Epoch 8 since no C-Index improvement after 5 epochs.
Done!
Best C-Index = 0.7540322580645161 at Epoch 3

=========================================
FOLD 4/5
=========================================

Epoch 1
-------------------------------
loss: 2.952811  [   64/  678]
loss: 2.955959  [  256/  678]
loss: 2.627368  [  448/  678]
loss: 2.890913  [  640/  678]
Average Training Loss: 1.038823
Val Loss: 3.2150 | C-index: 0.3800

Epoch 2
-------------------------------
loss: 2.685003  [   64/  678]
loss: 3.072891  [  256/  678]
loss: 3.090648  [  448/  678]
loss: 2.610451  [  640/  678]
Average Training Loss: 1.041727
Val Loss: 3.2903 | C-index: 0.4166

Epoch 3
-------------------------------
loss: 2.853458  [   64/  678]
loss: 3.067999  [  256/  678]
loss: 3.126789  [  448/  678]
loss: 2.591396  [  640/  678]
Average Training Loss: 1.058149
Val Loss: 3.3620 | C-index: 0.4968

Epoch 4
-------------------------------
loss: 2.733262  [   64/  678]
loss: 2.146186  [  256/  678]
loss: 2.414664  [  448/  678]
loss: 2.323983  [  640/  678]
Average Training Loss: 0.874372
Val Loss: 3.3875 | C-index: 0.5048

Epoch 5
-------------------------------
loss: 2.219627  [   64/  678]
loss: 2.188669  [  256/  678]
loss: 1.903237  [  448/  678]
loss: 1.613932  [  640/  678]
Average Training Loss: 0.720497
Val Loss: 3.8939 | C-index: 0.5818

Epoch 6
-------------------------------
loss: 1.924985  [   64/  678]
loss: 1.491288  [  256/  678]
loss: 2.006708  [  448/  678]
loss: 1.629602  [  640/  678]
Average Training Loss: 0.641144
Val Loss: 3.6520 | C-index: 0.5554

Epoch 7
-------------------------------
loss: 1.162646  [   64/  678]
loss: 1.686270  [  256/  678]
loss: 2.050336  [  448/  678]
loss: 1.262208  [  640/  678]
Average Training Loss: 0.560133
Val Loss: 3.9212 | C-index: 0.4882

Epoch 8
-------------------------------
loss: 1.378059  [   64/  678]
loss: 0.590646  [  256/  678]
loss: 1.635483  [  448/  678]
loss: 2.001374  [  640/  678]
Average Training Loss: 0.509596
Val Loss: 4.0935 | C-index: 0.5398

Epoch 9
-------------------------------
loss: 1.396399  [   64/  678]
loss: 1.893330  [  256/  678]
loss: 1.614869  [  448/  678]
loss: 1.126511  [  640/  678]
Average Training Loss: 0.548283
Val Loss: 3.9693 | C-index: 0.5743

Epoch 10
-------------------------------
loss: 1.086576  [   64/  678]
loss: 1.140054  [  256/  678]
loss: 1.873754  [  448/  678]
loss: 1.191420  [  640/  678]
Average Training Loss: 0.481073
Val Loss: 3.8855 | C-index: 0.5807

Stopping early at Epoch 10 since no C-Index improvement after 5 epochs.
Done!
Best C-Index = 0.5818083961248655 at Epoch 5

=========================================
FOLD 5/5
=========================================

Epoch 1
-------------------------------
loss: 3.156553  [   64/  678]
loss: 3.166653  [  256/  678]
loss: 2.873162  [  448/  678]
loss: 2.998562  [  640/  678]
Average Training Loss: 1.108630
Val Loss: 2.5620 | C-index: 0.4158

Epoch 2
-------------------------------
loss: 3.032247  [   64/  678]
loss: 2.964058  [  256/  678]
loss: 2.949687  [  448/  678]
loss: 2.946380  [  640/  678]
Average Training Loss: 1.081125
Val Loss: 2.5802 | C-index: 0.4055

Epoch 3
-------------------------------
loss: 2.680270  [   64/  678]
loss: 2.945576  [  256/  678]
loss: 2.753887  [  448/  678]
loss: 2.779839  [  640/  678]
Average Training Loss: 1.014507
Val Loss: 2.6051 | C-index: 0.4226

Epoch 4
-------------------------------
loss: 2.486059  [   64/  678]
loss: 2.138286  [  256/  678]
loss: 2.211320  [  448/  678]
loss: 2.914492  [  640/  678]
Average Training Loss: 0.886378
Val Loss: 2.5456 | C-index: 0.5082

Epoch 5
-------------------------------
loss: 2.892252  [   64/  678]
loss: 1.584486  [  256/  678]
loss: 2.013245  [  448/  678]
loss: 1.948670  [  640/  678]
Average Training Loss: 0.767150
Val Loss: 2.8669 | C-index: 0.4753

Epoch 6
-------------------------------
loss: 1.748157  [   64/  678]
loss: 1.699389  [  256/  678]
loss: 1.857559  [  448/  678]
loss: 1.698598  [  640/  678]
Average Training Loss: 0.636700
Val Loss: 2.7967 | C-index: 0.4829

Epoch 7
-------------------------------
loss: 1.808573  [   64/  678]
loss: 1.489257  [  256/  678]
loss: 1.885181  [  448/  678]
loss: 1.594358  [  640/  678]
Average Training Loss: 0.616124
Val Loss: 3.0438 | C-index: 0.5089

Epoch 8
-------------------------------
loss: 1.289185  [   64/  678]
loss: 1.427866  [  256/  678]
loss: 1.258798  [  448/  678]
loss: 1.464626  [  640/  678]
Average Training Loss: 0.494589
Val Loss: 3.0837 | C-index: 0.4658

Epoch 9
-------------------------------
loss: 1.275973  [   64/  678]
loss: 1.553936  [  256/  678]
loss: 1.398077  [  448/  678]
loss: 0.918486  [  640/  678]
Average Training Loss: 0.467861
Val Loss: 3.3109 | C-index: 0.4103

Epoch 10
-------------------------------
loss: 2.254853  [   64/  678]
loss: 1.221990  [  256/  678]
loss: 0.979770  [  448/  678]
loss: 1.165411  [  640/  678]
Average Training Loss: 0.511093
Val Loss: 3.2994 | C-index: 0.4842

Epoch 11
-------------------------------
loss: 1.577210  [   64/  678]
loss: 0.917892  [  256/  678]
loss: 1.327167  [  448/  678]
loss: 1.119979  [  640/  678]
Average Training Loss: 0.449295
Val Loss: 3.4690 | C-index: 0.4452

Epoch 12
-------------------------------
loss: 0.945581  [   64/  678]
loss: 0.543429  [  256/  678]
loss: 2.260539  [  448/  678]
loss: 1.019611  [  640/  678]
Average Training Loss: 0.433560
Val Loss: 3.4174 | C-index: 0.4596

Stopping early at Epoch 12 since no C-Index improvement after 5 epochs.
Done!
Best C-Index = 0.5089041095890411 at Epoch 7

=========================================
CV training complete! Mean ± std C-index: 0.6501 ± 0.0905
Best epochs per fold: [6, 3, 3, 5, 7]

=========================================
Retraining model on full train+val for 5 epochs...
Epoch 1
-------------------------------
loss: 3.368857  [   64/  847]
loss: 2.804869  [  320/  847]
loss: 3.303861  [  576/  847]
loss: 2.776948  [  832/  847]
Average Training Loss: 0.875324
Val Loss: 2.8572 | C-index: 0.6707

Epoch 2
-------------------------------
loss: 2.827184  [   64/  847]
loss: 2.430145  [  320/  847]
loss: 2.840054  [  576/  847]
loss: 2.882496  [  832/  847]
Average Training Loss: 0.784277
Val Loss: 2.7670 | C-index: 0.7447

Epoch 3
-------------------------------
loss: 3.093911  [   64/  847]
loss: 2.843154  [  320/  847]
loss: 2.878488  [  576/  847]
loss: 2.404548  [  832/  847]
Average Training Loss: 0.801436
Val Loss: 2.4569 | C-index: 0.8081

Epoch 4
-------------------------------
loss: 2.166482  [   64/  847]
loss: 1.967372  [  320/  847]
loss: 2.484723  [  576/  847]
loss: 2.332968  [  832/  847]
Average Training Loss: 0.639396
Val Loss: 1.9571 | C-index: 0.9204

Epoch 5
-------------------------------
loss: 2.359758  [   64/  847]
loss: 2.113904  [  320/  847]
loss: 2.543534  [  576/  847]
loss: 1.809760  [  832/  847]
Average Training Loss: 0.630497
Val Loss: 1.7309 | C-index: 0.9117

Done!
Best C-Index = 0.9204029747903153 at Epoch 4
FINAL TEST Average Loss: 2.7555
FINAL TEST C-index: 0.6935
Bootstrap 95% CI: [0.5769, 0.8045]
Results saved to /Users/evan/Documents/GitHub/HyBINN/experiments/runs/gene_clinical/seed_2/results.json
