train_hybinn.py log started 2026-06-05 21:39:20.766910
=========================================
Model Active Branches: ['binn', 'clinical']
=========================================

=========================================
FOLD 1/5
=========================================

Epoch 1
-------------------------------
loss: 3.157652  [   64/  677]
loss: 3.267030  [  256/  677]
loss: 3.268258  [  448/  677]
loss: 2.637864  [  640/  677]
Average Training Loss: 1.120982
Val Loss: 2.7286 | C-index: 0.6671

Epoch 2
-------------------------------
loss: 3.231029  [   64/  677]
loss: 3.208073  [  256/  677]
loss: 3.284501  [  448/  677]
loss: 2.534705  [  640/  677]
Average Training Loss: 1.114392
Val Loss: 2.7214 | C-index: 0.5577

Epoch 3
-------------------------------
loss: 3.006913  [   64/  677]
loss: 2.963621  [  256/  677]
loss: 3.235587  [  448/  677]
loss: 2.699078  [  640/  677]
Average Training Loss: 1.082291
Val Loss: 2.7077 | C-index: 0.5183

Epoch 4
-------------------------------
loss: 3.076908  [   64/  677]
loss: 2.766543  [  256/  677]
loss: 2.667555  [  448/  677]
loss: 2.927817  [  640/  677]
Average Training Loss: 1.039893
Val Loss: 2.6915 | C-index: 0.5197

Epoch 5
-------------------------------
loss: 2.961307  [   64/  677]
loss: 3.149154  [  256/  677]
loss: 2.767859  [  448/  677]
loss: 2.947157  [  640/  677]
Average Training Loss: 1.075043
Val Loss: 2.6563 | C-index: 0.5516

Epoch 6
-------------------------------
loss: 2.176652  [   64/  677]
loss: 2.939726  [  256/  677]
loss: 3.202445  [  448/  677]
loss: 2.973292  [  640/  677]
Average Training Loss: 1.026556
Val Loss: 2.6322 | C-index: 0.5876

Stopping early at Epoch 6 since no C-Index improvement after 5 epochs.
Done!
Best C-Index = 0.6671195652173914 at Epoch 1

=========================================
FOLD 2/5
=========================================

Epoch 1
-------------------------------
loss: 2.657480  [   64/  677]
loss: 2.057751  [  256/  677]
loss: 3.889452  [  448/  677]
loss: 2.505030  [  640/  677]
Average Training Loss: 1.009974
Val Loss: 2.7890 | C-index: 0.6042

Epoch 2
-------------------------------
loss: 2.697965  [   64/  677]
loss: 3.006498  [  256/  677]
loss: 3.268080  [  448/  677]
loss: 2.826499  [  640/  677]
Average Training Loss: 1.072640
Val Loss: 2.7826 | C-index: 0.6212

Epoch 3
-------------------------------
loss: 2.749335  [   64/  677]
loss: 2.588716  [  256/  677]
loss: 2.944740  [  448/  677]
loss: 3.910524  [  640/  677]
Average Training Loss: 1.108483
Val Loss: 2.7662 | C-index: 0.6286

Epoch 4
-------------------------------
loss: 2.865544  [   64/  677]
loss: 3.224986  [  256/  677]
loss: 2.896343  [  448/  677]
loss: 2.782624  [  640/  677]
Average Training Loss: 1.069954
Val Loss: 2.7502 | C-index: 0.6232

Epoch 5
-------------------------------
loss: 3.014864  [   64/  677]
loss: 2.884691  [  256/  677]
loss: 2.510451  [  448/  677]
loss: 3.633714  [  640/  677]
Average Training Loss: 1.094884
Val Loss: 2.7489 | C-index: 0.6110

Epoch 6
-------------------------------
loss: 2.461330  [   64/  677]
loss: 2.193165  [  256/  677]
loss: 3.074344  [  448/  677]
loss: 2.926410  [  640/  677]
Average Training Loss: 0.968659
Val Loss: 2.7768 | C-index: 0.5859

Epoch 7
-------------------------------
loss: 2.472363  [   64/  677]
loss: 2.935578  [  256/  677]
loss: 2.972542  [  448/  677]
loss: 3.017778  [  640/  677]
Average Training Loss: 1.036206
Val Loss: 2.7694 | C-index: 0.6090

Epoch 8
-------------------------------
loss: 2.216296  [   64/  677]
loss: 2.529979  [  256/  677]
loss: 1.406274  [  448/  677]
loss: 2.476094  [  640/  677]
Average Training Loss: 0.784422
Val Loss: 2.7625 | C-index: 0.6056

Stopping early at Epoch 8 since no C-Index improvement after 5 epochs.
Done!
Best C-Index = 0.6286490156143923 at Epoch 3

=========================================
FOLD 3/5
=========================================

Epoch 1
-------------------------------
loss: 3.203593  [   64/  678]
loss: 3.121356  [  256/  678]
loss: 2.772845  [  448/  678]
loss: 3.164146  [  640/  678]
Average Training Loss: 1.114722
Val Loss: 2.5282 | C-index: 0.7564

Epoch 2
-------------------------------
loss: 3.131542  [   64/  678]
loss: 2.960924  [  256/  678]
loss: 2.936163  [  448/  678]
loss: 2.863961  [  640/  678]
Average Training Loss: 1.081145
Val Loss: 2.5195 | C-index: 0.7678

Epoch 3
-------------------------------
loss: 2.502222  [   64/  678]
loss: 2.810664  [  256/  678]
loss: 3.178752  [  448/  678]
loss: 2.659607  [  640/  678]
Average Training Loss: 1.013750
Val Loss: 2.5004 | C-index: 0.7564

Epoch 4
-------------------------------
loss: 3.347047  [   64/  678]
loss: 2.975557  [  256/  678]
loss: 2.595261  [  448/  678]
loss: 2.897015  [  640/  678]
Average Training Loss: 1.074080
Val Loss: 2.4720 | C-index: 0.7200

Epoch 5
-------------------------------
loss: 2.771006  [   64/  678]
loss: 3.083635  [  256/  678]
loss: 2.757308  [  448/  678]
loss: 2.711627  [  640/  678]
Average Training Loss: 1.029416
Val Loss: 2.4513 | C-index: 0.7018

Epoch 6
-------------------------------
loss: 2.922295  [   64/  678]
loss: 2.925614  [  256/  678]
loss: 3.130819  [  448/  678]
loss: 2.351171  [  640/  678]
Average Training Loss: 1.029991
Val Loss: 2.4499 | C-index: 0.6912

Epoch 7
-------------------------------
loss: 2.827882  [   64/  678]
loss: 2.510132  [  256/  678]
loss: 3.015806  [  448/  678]
loss: 3.030746  [  640/  678]
Average Training Loss: 1.034960
Val Loss: 2.4750 | C-index: 0.6396

Stopping early at Epoch 7 since no C-Index improvement after 5 epochs.
Done!
Best C-Index = 0.7678300455235205 at Epoch 2

=========================================
FOLD 4/5
=========================================

Epoch 1
-------------------------------
loss: 3.363994  [   64/  678]
loss: 2.880813  [  256/  678]
loss: 2.937458  [  448/  678]
loss: 3.173018  [  640/  678]
Average Training Loss: 1.123208
Val Loss: 3.0147 | C-index: 0.4538

Epoch 2
-------------------------------
loss: 2.941252  [   64/  678]
loss: 2.698632  [  256/  678]
loss: 2.740834  [  448/  678]
loss: 3.126875  [  640/  678]
Average Training Loss: 1.046145
Val Loss: 3.0163 | C-index: 0.4157

Epoch 3
-------------------------------
loss: 2.330532  [   64/  678]
loss: 2.386515  [  256/  678]
loss: 3.023401  [  448/  678]
loss: 3.298838  [  640/  678]
Average Training Loss: 1.003571
Val Loss: 3.0204 | C-index: 0.4378

Epoch 4
-------------------------------
loss: 3.003889  [   64/  678]
loss: 2.673525  [  256/  678]
loss: 2.350853  [  448/  678]
loss: 2.998881  [  640/  678]
Average Training Loss: 1.002468
Val Loss: 3.0512 | C-index: 0.4413

Epoch 5
-------------------------------
loss: 2.782779  [   64/  678]
loss: 2.508273  [  256/  678]
loss: 2.908069  [  448/  678]
loss: 3.119117  [  640/  678]
Average Training Loss: 1.028931
Val Loss: 3.0717 | C-index: 0.4711

Epoch 6
-------------------------------
loss: 2.240357  [   64/  678]
loss: 2.969382  [  256/  678]
loss: 2.942988  [  448/  678]
loss: 3.065398  [  640/  678]
Average Training Loss: 1.019830
Val Loss: 3.0600 | C-index: 0.4926

Epoch 7
-------------------------------
loss: 2.754077  [   64/  678]
loss: 2.998091  [  256/  678]
loss: 2.060124  [  448/  678]
loss: 2.890048  [  640/  678]
Average Training Loss: 0.972940
Val Loss: 2.9934 | C-index: 0.5521

Epoch 8
-------------------------------
loss: 2.519254  [   64/  678]
loss: 2.305218  [  256/  678]
loss: 2.683259  [  448/  678]
loss: 2.548550  [  640/  678]
Average Training Loss: 0.914207
Val Loss: 2.9851 | C-index: 0.5902

Epoch 9
-------------------------------
loss: 2.574710  [   64/  678]
loss: 2.564636  [  256/  678]
loss: 2.725481  [  448/  678]
loss: 2.369740  [  640/  678]
Average Training Loss: 0.930415
Val Loss: 2.9925 | C-index: 0.6325

Epoch 10
-------------------------------
loss: 2.406917  [   64/  678]
loss: 2.280184  [  256/  678]
loss: 2.499914  [  448/  678]
loss: 2.708284  [  640/  678]
Average Training Loss: 0.899573
Val Loss: 3.0132 | C-index: 0.5759

Epoch 11
-------------------------------
loss: 2.053606  [   64/  678]
loss: 2.290108  [  256/  678]
loss: 2.505170  [  448/  678]
loss: 2.609748  [  640/  678]
Average Training Loss: 0.859876
Val Loss: 2.9847 | C-index: 0.6689

Epoch 12
-------------------------------
loss: 2.579006  [   64/  678]
loss: 2.691073  [  256/  678]
loss: 2.167299  [  448/  678]
loss: 1.855466  [  640/  678]
Average Training Loss: 0.844804
Val Loss: 2.9970 | C-index: 0.6218

Epoch 13
-------------------------------
loss: 2.189282  [   64/  678]
loss: 2.500732  [  256/  678]
loss: 2.466563  [  448/  678]
loss: 1.910597  [  640/  678]
Average Training Loss: 0.824289
Val Loss: 3.0279 | C-index: 0.6367

Epoch 14
-------------------------------
loss: 2.468908  [   64/  678]
loss: 2.373872  [  256/  678]
loss: 2.050924  [  448/  678]
loss: 2.088177  [  640/  678]
Average Training Loss: 0.816535
Val Loss: 3.0041 | C-index: 0.6694

Epoch 15
-------------------------------
loss: 2.244179  [   64/  678]
loss: 2.570067  [  256/  678]
loss: 2.438708  [  448/  678]
loss: 2.344501  [  640/  678]
Average Training Loss: 0.872496
Val Loss: 3.0350 | C-index: 0.6397

Epoch 16
-------------------------------
loss: 1.844059  [   64/  678]
loss: 2.394510  [  256/  678]
loss: 2.511503  [  448/  678]
loss: 2.031277  [  640/  678]
Average Training Loss: 0.798304
Val Loss: 3.0575 | C-index: 0.6623

Epoch 17
-------------------------------
loss: 2.476502  [   64/  678]
loss: 1.817161  [  256/  678]
loss: 2.157020  [  448/  678]
loss: 2.402653  [  640/  678]
Average Training Loss: 0.804849
Val Loss: 2.9847 | C-index: 0.6254

Epoch 18
-------------------------------
loss: 2.072804  [   64/  678]
loss: 2.343645  [  256/  678]
loss: 1.838670  [  448/  678]
loss: 2.526234  [  640/  678]
Average Training Loss: 0.798305
Val Loss: 3.0680 | C-index: 0.6099

Epoch 19
-------------------------------
loss: 1.946119  [   64/  678]
loss: 2.402818  [  256/  678]
loss: 2.062258  [  448/  678]
loss: 2.254085  [  640/  678]
Average Training Loss: 0.787753
Val Loss: 3.0393 | C-index: 0.6260

Stopping early at Epoch 19 since no C-Index improvement after 5 epochs.
Done!
Best C-Index = 0.669446098868374 at Epoch 14

=========================================
FOLD 5/5
=========================================

Epoch 1
-------------------------------
loss: 3.161279  [   64/  678]
loss: 2.914573  [  256/  678]
loss: 2.885153  [  448/  678]
loss: 3.205973  [  640/  678]
Average Training Loss: 1.106089
Val Loss: 2.9399 | C-index: 0.5757

Epoch 2
-------------------------------
loss: 2.944102  [   64/  678]
loss: 3.077310  [  256/  678]
loss: 2.612106  [  448/  678]
loss: 2.912525  [  640/  678]
Average Training Loss: 1.049640
Val Loss: 2.9399 | C-index: 0.5854

Epoch 3
-------------------------------
loss: 2.761404  [   64/  678]
loss: 2.666738  [  256/  678]
loss: 3.307477  [  448/  678]
loss: 2.482529  [  640/  678]
Average Training Loss: 1.019832
Val Loss: 2.9448 | C-index: 0.5794

Epoch 4
-------------------------------
loss: 2.799084  [   64/  678]
loss: 2.546088  [  256/  678]
loss: 2.654195  [  448/  678]
loss: 3.218382  [  640/  678]
Average Training Loss: 1.019795
Val Loss: 2.9403 | C-index: 0.5812

Epoch 5
-------------------------------
loss: 2.988352  [   64/  678]
loss: 3.337317  [  256/  678]
loss: 2.302006  [  448/  678]
loss: 2.697148  [  640/  678]
Average Training Loss: 1.029529
Val Loss: 2.9268 | C-index: 0.5840

Epoch 6
-------------------------------
loss: 2.557162  [   64/  678]
loss: 3.062187  [  256/  678]
loss: 2.673180  [  448/  678]
loss: 2.440376  [  640/  678]
Average Training Loss: 0.975719
Val Loss: 2.8919 | C-index: 0.6104

Epoch 7
-------------------------------
loss: 2.885844  [   64/  678]
loss: 2.552191  [  256/  678]
loss: 3.128766  [  448/  678]
loss: 2.557827  [  640/  678]
Average Training Loss: 1.011330
Val Loss: 2.8992 | C-index: 0.6127

Epoch 8
-------------------------------
loss: 2.249359  [   64/  678]
loss: 2.477053  [  256/  678]
loss: 2.611142  [  448/  678]
loss: 2.662915  [  640/  678]
Average Training Loss: 0.909133
Val Loss: 2.9248 | C-index: 0.6076

Epoch 9
-------------------------------
loss: 2.619387  [   64/  678]
loss: 2.469818  [  256/  678]
loss: 2.459566  [  448/  678]
loss: 2.655807  [  640/  678]
Average Training Loss: 0.927689
Val Loss: 2.9349 | C-index: 0.6210

Epoch 10
-------------------------------
loss: 2.411066  [   64/  678]
loss: 2.232364  [  256/  678]
loss: 2.415385  [  448/  678]
loss: 2.094125  [  640/  678]
Average Training Loss: 0.832085
Val Loss: 2.9084 | C-index: 0.6543

Epoch 11
-------------------------------
loss: 2.199694  [   64/  678]
loss: 2.552737  [  256/  678]
loss: 2.406328  [  448/  678]
loss: 2.576767  [  640/  678]
Average Training Loss: 0.885048
Val Loss: 2.9446 | C-index: 0.6557

Epoch 12
-------------------------------
loss: 2.130186  [   64/  678]
loss: 2.307493  [  256/  678]
loss: 2.321033  [  448/  678]
loss: 2.418881  [  640/  678]
Average Training Loss: 0.834327
Val Loss: 2.9464 | C-index: 0.6539

Epoch 13
-------------------------------
loss: 2.482477  [   64/  678]
loss: 2.511684  [  256/  678]
loss: 2.638878  [  448/  678]
loss: 2.252491  [  640/  678]
Average Training Loss: 0.898685
Val Loss: 2.9141 | C-index: 0.6761

Epoch 14
-------------------------------
loss: 1.998196  [   64/  678]
loss: 2.497962  [  256/  678]
loss: 2.645201  [  448/  678]
loss: 2.446116  [  640/  678]
Average Training Loss: 0.871589
Val Loss: 2.9131 | C-index: 0.6863

Epoch 15
-------------------------------
loss: 2.427868  [   64/  678]
loss: 2.435214  [  256/  678]
loss: 2.304716  [  448/  678]
loss: 1.641751  [  640/  678]
Average Training Loss: 0.800868
Val Loss: 2.9096 | C-index: 0.6756

Epoch 16
-------------------------------
loss: 2.176155  [   64/  678]
loss: 1.142568  [  256/  678]
loss: 2.285275  [  448/  678]
loss: 2.415439  [  640/  678]
Average Training Loss: 0.729040
Val Loss: 2.9116 | C-index: 0.6650

Epoch 17
-------------------------------
loss: 2.167114  [   64/  678]
loss: 2.113091  [  256/  678]
loss: 1.813763  [  448/  678]
loss: 2.624353  [  640/  678]
Average Training Loss: 0.792575
Val Loss: 2.9052 | C-index: 0.6617

Epoch 18
-------------------------------
loss: 2.423828  [   64/  678]
loss: 2.414485  [  256/  678]
loss: 1.820171  [  448/  678]
loss: 1.441141  [  640/  678]
Average Training Loss: 0.736330
Val Loss: 2.9010 | C-index: 0.6761

Epoch 19
-------------------------------
loss: 1.690378  [   64/  678]
loss: 2.205998  [  256/  678]
loss: 2.318031  [  448/  678]
loss: 2.211359  [  640/  678]
Average Training Loss: 0.765979
Val Loss: 2.9082 | C-index: 0.6779

Stopping early at Epoch 19 since no C-Index improvement after 5 epochs.
Done!
Best C-Index = 0.6862563627950024 at Epoch 14

=========================================
CV training complete! Mean ± std C-index: 0.6839 ± 0.0460
Best epochs per fold: [1, 3, 2, 14, 14]

=========================================
Retraining model on full train+val for 7 epochs...
Epoch 1
-------------------------------
loss: 3.386797  [   64/  847]
loss: 3.368577  [  320/  847]
loss: 2.675801  [  576/  847]
loss: 2.405867  [  832/  847]
Average Training Loss: 0.845503
Val Loss: 2.8338 | C-index: 0.6799

Epoch 2
-------------------------------
loss: 3.224862  [   64/  847]
loss: 2.619158  [  320/  847]
loss: 2.940817  [  576/  847]
loss: 2.767973  [  832/  847]
Average Training Loss: 0.825201
Val Loss: 2.8871 | C-index: 0.6115

Epoch 3
-------------------------------
loss: 2.658130  [   64/  847]
loss: 3.438358  [  320/  847]
loss: 2.785861  [  576/  847]
loss: 3.460745  [  832/  847]
Average Training Loss: 0.881650
Val Loss: 2.8165 | C-index: 0.6095

Epoch 4
-------------------------------
loss: 2.719670  [   64/  847]
loss: 2.613093  [  320/  847]
loss: 2.981001  [  576/  847]
loss: 3.171394  [  832/  847]
Average Training Loss: 0.820368
Val Loss: 2.8122 | C-index: 0.6536

Epoch 5
-------------------------------
loss: 2.766377  [   64/  847]
loss: 2.811437  [  320/  847]
loss: 2.954448  [  576/  847]
loss: 3.102480  [  832/  847]
Average Training Loss: 0.831053
Val Loss: 2.6031 | C-index: 0.7033

Epoch 6
-------------------------------
loss: 2.683783  [   64/  847]
loss: 2.562248  [  320/  847]
loss: 2.630334  [  576/  847]
loss: 2.729645  [  832/  847]
Average Training Loss: 0.757572
Val Loss: 2.6108 | C-index: 0.7730

Epoch 7
-------------------------------
loss: 1.735899  [   64/  847]
loss: 2.975336  [  320/  847]
loss: 2.453032  [  576/  847]
loss: 2.338924  [  832/  847]
Average Training Loss: 0.678799
Val Loss: 2.4956 | C-index: 0.8463

Done!
Best C-Index = 0.846292025731278 at Epoch 7
FINAL TEST Average Loss: 2.5699
FINAL TEST C-index: 0.7645
Bootstrap 95% CI: [0.6807, 0.8474]
Top 10 activated pathways:
{'R-HSA-73893': 0.06675953418016434, 'R-HSA-5223345': 0.059368547052145004, 'R-HSA-844456': 0.05536957457661629, 'R-HSA-9932298': 0.048702891916036606, 'R-HSA-349425': 0.04408459737896919, 'R-HSA-164952': 0.04267469421029091, 'R-HSA-167169': 0.04215424507856369, 'R-HSA-5357786': 0.042005687952041626, 'R-HSA-380108': 0.04153527319431305, 'R-HSA-3928663': 0.03720078244805336}
Results saved to /Users/evan/Documents/GitHub/HyBINN/experiments/runs/binn_clinical/seed_6/results.json
