train_hybinn.py log started 2026-06-17 01:09:55.728421
=========================================
Model Active Branches: ['binn', 'gene']
=========================================

=========================================
FOLD 1/5
=========================================

Epoch 1
-------------------------------
loss: 2.951568  [   64/  677]
loss: 3.047971  [  256/  677]
loss: 3.104733  [  448/  677]
loss: 3.058186  [  640/  677]
Average Training Loss: 1.105678
Val Loss: 3.1017 | C-index: 0.5071

Epoch 2
-------------------------------
loss: 2.723056  [   64/  677]
loss: 2.614542  [  256/  677]
loss: 2.742641  [  448/  677]
loss: 3.530173  [  640/  677]
Average Training Loss: 1.055492
Val Loss: 3.0597 | C-index: 0.6213

Epoch 3
-------------------------------
loss: 2.922754  [   64/  677]
loss: 2.585729  [  256/  677]
loss: 2.694046  [  448/  677]
loss: 2.889332  [  640/  677]
Average Training Loss: 1.008351
Val Loss: 3.0339 | C-index: 0.5866

Epoch 4
-------------------------------
loss: 2.731092  [   64/  677]
loss: 2.488068  [  256/  677]
loss: 2.765448  [  448/  677]
loss: 2.541381  [  640/  677]
Average Training Loss: 0.956908
Val Loss: 3.0293 | C-index: 0.6525

Epoch 5
-------------------------------
loss: 2.398683  [   64/  677]
loss: 1.736048  [  256/  677]
loss: 1.937567  [  448/  677]
loss: 2.039678  [  640/  677]
Average Training Loss: 0.737452
Val Loss: 2.8024 | C-index: 0.7130

Epoch 6
-------------------------------
loss: 1.846197  [   64/  677]
loss: 1.165326  [  256/  677]
loss: 1.500582  [  448/  677]
loss: 1.662430  [  640/  677]
Average Training Loss: 0.561321
Val Loss: 2.9247 | C-index: 0.6701

Epoch 7
-------------------------------
loss: 1.174962  [   64/  677]
loss: 1.857317  [  256/  677]
loss: 1.095177  [  448/  677]
loss: 1.371395  [  640/  677]
Average Training Loss: 0.499895
Val Loss: 3.2457 | C-index: 0.5793

Epoch 8
-------------------------------
loss: 1.645721  [   64/  677]
loss: 1.623076  [  256/  677]
loss: 1.225540  [  448/  677]
loss: 1.375261  [  640/  677]
Average Training Loss: 0.533600
Val Loss: 2.9129 | C-index: 0.6930

Epoch 9
-------------------------------
loss: 0.707612  [   64/  677]
loss: 1.862394  [  256/  677]
loss: 1.342109  [  448/  677]
loss: 1.795917  [  640/  677]
Average Training Loss: 0.518912
Val Loss: 2.9296 | C-index: 0.6691

Epoch 10
-------------------------------
loss: 1.517074  [   64/  677]
loss: 1.505013  [  256/  677]
loss: 1.341522  [  448/  677]
loss: 0.725342  [  640/  677]
Average Training Loss: 0.462632
Val Loss: 3.0916 | C-index: 0.6637

Stopping early at Epoch 10 since no C-Index improvement after 5 epochs.
Done!
Best C-Index = 0.7130307467057101 at Epoch 5

=========================================
FOLD 2/5
=========================================

Epoch 1
-------------------------------
loss: 2.300995  [   64/  677]
loss: 2.922334  [  256/  677]
loss: 3.229983  [  448/  677]
loss: 3.665996  [  640/  677]
Average Training Loss: 1.101755
Val Loss: 2.9761 | C-index: 0.6824

Epoch 2
-------------------------------
loss: 2.822774  [   64/  677]
loss: 3.052993  [  256/  677]
loss: 2.835634  [  448/  677]
loss: 2.931115  [  640/  677]
Average Training Loss: 1.058410
Val Loss: 2.9403 | C-index: 0.7251

Epoch 3
-------------------------------
loss: 3.004800  [   64/  677]
loss: 2.949768  [  256/  677]
loss: 2.721649  [  448/  677]
loss: 3.037687  [  640/  677]
Average Training Loss: 1.064900
Val Loss: 2.8716 | C-index: 0.7445

Epoch 4
-------------------------------
loss: 2.560910  [   64/  677]
loss: 2.403996  [  256/  677]
loss: 2.461652  [  448/  677]
loss: 2.538582  [  640/  677]
Average Training Loss: 0.905922
Val Loss: 2.8547 | C-index: 0.6524

Epoch 5
-------------------------------
loss: 2.864064  [   64/  677]
loss: 2.142342  [  256/  677]
loss: 1.911015  [  448/  677]
loss: 2.374205  [  640/  677]
Average Training Loss: 0.844693
Val Loss: 3.3467 | C-index: 0.6813

Epoch 6
-------------------------------
loss: 2.718822  [   64/  677]
loss: 2.198442  [  256/  677]
loss: 2.217725  [  448/  677]
loss: 1.678878  [  640/  677]
Average Training Loss: 0.801261
Val Loss: 3.4872 | C-index: 0.5100

Epoch 7
-------------------------------
loss: 2.288959  [   64/  677]
loss: 2.265969  [  256/  677]
loss: 1.183593  [  448/  677]
loss: 1.853650  [  640/  677]
Average Training Loss: 0.690197
Val Loss: 2.8543 | C-index: 0.6369

Epoch 8
-------------------------------
loss: 1.591231  [   64/  677]
loss: 1.334107  [  256/  677]
loss: 1.137237  [  448/  677]
loss: 2.054114  [  640/  677]
Average Training Loss: 0.556063
Val Loss: 2.9204 | C-index: 0.6585

Stopping early at Epoch 8 since no C-Index improvement after 5 epochs.
Done!
Best C-Index = 0.7444567627494457 at Epoch 3

=========================================
FOLD 3/5
=========================================

Epoch 1
-------------------------------
loss: 3.038164  [   64/  678]
loss: 3.259943  [  256/  678]
loss: 3.753778  [  448/  678]
loss: 3.200412  [  640/  678]
Average Training Loss: 1.204754
Val Loss: 2.3667 | C-index: 0.7177

Epoch 2
-------------------------------
loss: 3.067117  [   64/  678]
loss: 2.744416  [  256/  678]
loss: 3.461371  [  448/  678]
loss: 3.024754  [  640/  678]
Average Training Loss: 1.117969
Val Loss: 2.3419 | C-index: 0.7379

Epoch 3
-------------------------------
loss: 3.005479  [   64/  678]
loss: 3.272427  [  256/  678]
loss: 2.728194  [  448/  678]
loss: 2.143058  [  640/  678]
Average Training Loss: 1.013560
Val Loss: 2.2669 | C-index: 0.7363

Epoch 4
-------------------------------
loss: 3.051670  [   64/  678]
loss: 2.180059  [  256/  678]
loss: 2.561558  [  448/  678]
loss: 1.840184  [  640/  678]
Average Training Loss: 0.875770
Val Loss: 2.2548 | C-index: 0.6968

Epoch 5
-------------------------------
loss: 2.210345  [   64/  678]
loss: 1.551514  [  256/  678]
loss: 2.090849  [  448/  678]
loss: 2.508868  [  640/  678]
Average Training Loss: 0.760143
Val Loss: 2.5818 | C-index: 0.6653

Epoch 6
-------------------------------
loss: 1.273433  [   64/  678]
loss: 1.569081  [  256/  678]
loss: 1.588177  [  448/  678]
loss: 2.453312  [  640/  678]
Average Training Loss: 0.625819
Val Loss: 2.8196 | C-index: 0.6153

Epoch 7
-------------------------------
loss: 1.837881  [   64/  678]
loss: 1.591876  [  256/  678]
loss: 2.274615  [  448/  678]
loss: 1.602852  [  640/  678]
Average Training Loss: 0.664293
Val Loss: 2.6706 | C-index: 0.7081

Stopping early at Epoch 7 since no C-Index improvement after 5 epochs.
Done!
Best C-Index = 0.7379032258064516 at Epoch 2

=========================================
FOLD 4/5
=========================================

Epoch 1
-------------------------------
loss: 2.718311  [   64/  678]
loss: 2.846373  [  256/  678]
loss: 2.706473  [  448/  678]
loss: 2.825066  [  640/  678]
Average Training Loss: 1.008748
Val Loss: 3.2509 | C-index: 0.4085

Epoch 2
-------------------------------
loss: 2.991389  [   64/  678]
loss: 2.323956  [  256/  678]
loss: 2.982491  [  448/  678]
loss: 3.165793  [  640/  678]
Average Training Loss: 1.042148
Val Loss: 3.3454 | C-index: 0.4080

Epoch 3
-------------------------------
loss: 2.687362  [   64/  678]
loss: 2.652802  [  256/  678]
loss: 2.705500  [  448/  678]
loss: 2.568424  [  640/  678]
Average Training Loss: 0.964917
Val Loss: 3.2967 | C-index: 0.5022

Epoch 4
-------------------------------
loss: 2.574601  [   64/  678]
loss: 2.738922  [  256/  678]
loss: 1.939905  [  448/  678]
loss: 2.212055  [  640/  678]
Average Training Loss: 0.860498
Val Loss: 3.3580 | C-index: 0.4892

Epoch 5
-------------------------------
loss: 2.229723  [   64/  678]
loss: 1.849255  [  256/  678]
loss: 2.201358  [  448/  678]
loss: 1.902238  [  640/  678]
Average Training Loss: 0.743870
Val Loss: 3.4443 | C-index: 0.6259

Epoch 6
-------------------------------
loss: 1.253939  [   64/  678]
loss: 1.794146  [  256/  678]
loss: 1.929705  [  448/  678]
loss: 1.728949  [  640/  678]
Average Training Loss: 0.609704
Val Loss: 4.0185 | C-index: 0.5301

Epoch 7
-------------------------------
loss: 1.891539  [   64/  678]
loss: 1.247837  [  256/  678]
loss: 1.110164  [  448/  678]
loss: 1.741668  [  640/  678]
Average Training Loss: 0.544655
Val Loss: 3.8213 | C-index: 0.5980

Epoch 8
-------------------------------
loss: 1.379838  [   64/  678]
loss: 1.355248  [  256/  678]
loss: 1.042770  [  448/  678]
loss: 1.483046  [  640/  678]
Average Training Loss: 0.478264
Val Loss: 4.0177 | C-index: 0.5904

Epoch 9
-------------------------------
loss: 1.808282  [   64/  678]
loss: 1.870544  [  256/  678]
loss: 1.725773  [  448/  678]
loss: 1.167422  [  640/  678]
Average Training Loss: 0.597456
Val Loss: 3.8010 | C-index: 0.4946

Epoch 10
-------------------------------
loss: 1.556780  [   64/  678]
loss: 0.989605  [  256/  678]
loss: 1.551816  [  448/  678]
loss: 1.293582  [  640/  678]
Average Training Loss: 0.490162
Val Loss: 4.2737 | C-index: 0.6082

Stopping early at Epoch 10 since no C-Index improvement after 5 epochs.
Done!
Best C-Index = 0.6259418729817008 at Epoch 5

=========================================
FOLD 5/5
=========================================

Epoch 1
-------------------------------
loss: 3.212497  [   64/  678]
loss: 2.836505  [  256/  678]
loss: 2.613671  [  448/  678]
loss: 3.117290  [  640/  678]
Average Training Loss: 1.070906
Val Loss: 2.5871 | C-index: 0.3808

Epoch 2
-------------------------------
loss: 3.463306  [   64/  678]
loss: 2.794703  [  256/  678]
loss: 2.660542  [  448/  678]
loss: 3.200919  [  640/  678]
Average Training Loss: 1.101770
Val Loss: 2.5769 | C-index: 0.4048

Epoch 3
-------------------------------
loss: 2.521194  [   64/  678]
loss: 2.480325  [  256/  678]
loss: 3.170270  [  448/  678]
loss: 2.854230  [  640/  678]
Average Training Loss: 1.002365
Val Loss: 2.5982 | C-index: 0.4116

Epoch 4
-------------------------------
loss: 1.945353  [   64/  678]
loss: 2.420275  [  256/  678]
loss: 2.508820  [  448/  678]
loss: 1.765407  [  640/  678]
Average Training Loss: 0.785441
Val Loss: 2.7424 | C-index: 0.4644

Epoch 5
-------------------------------
loss: 2.227006  [   64/  678]
loss: 1.192739  [  256/  678]
loss: 2.044005  [  448/  678]
loss: 1.263540  [  640/  678]
Average Training Loss: 0.611572
Val Loss: 2.8969 | C-index: 0.4911

Epoch 6
-------------------------------
loss: 1.608227  [   64/  678]
loss: 2.220452  [  256/  678]
loss: 1.863976  [  448/  678]
loss: 2.054799  [  640/  678]
Average Training Loss: 0.704314
Val Loss: 2.8513 | C-index: 0.5082

Epoch 7
-------------------------------
loss: 1.352754  [   64/  678]
loss: 1.099416  [  256/  678]
loss: 1.800599  [  448/  678]
loss: 1.051838  [  640/  678]
Average Training Loss: 0.482237
Val Loss: 3.1587 | C-index: 0.4884

Epoch 8
-------------------------------
loss: 1.283576  [   64/  678]
loss: 1.056334  [  256/  678]
loss: 1.097378  [  448/  678]
loss: 1.623735  [  640/  678]
Average Training Loss: 0.460093
Val Loss: 3.1630 | C-index: 0.4596

Epoch 9
-------------------------------
loss: 0.972945  [   64/  678]
loss: 1.381703  [  256/  678]
loss: 1.638257  [  448/  678]
loss: 1.450088  [  640/  678]
Average Training Loss: 0.494818
Val Loss: 3.1369 | C-index: 0.5226

Epoch 10
-------------------------------
loss: 1.253739  [   64/  678]
loss: 1.730220  [  256/  678]
loss: 1.126148  [  448/  678]
loss: 1.220521  [  640/  678]
Average Training Loss: 0.484603
Val Loss: 3.1671 | C-index: 0.4829

Epoch 11
-------------------------------
loss: 1.074904  [   64/  678]
loss: 1.892668  [  256/  678]
loss: 1.617648  [  448/  678]
loss: 0.949519  [  640/  678]
Average Training Loss: 0.503158
Val Loss: 3.3863 | C-index: 0.4459

Epoch 12
-------------------------------
loss: 1.133767  [   64/  678]
loss: 0.923192  [  256/  678]
loss: 1.298271  [  448/  678]
loss: 1.523096  [  640/  678]
Average Training Loss: 0.443484
Val Loss: 3.4169 | C-index: 0.4500

Epoch 13
-------------------------------
loss: 1.337176  [   64/  678]
loss: 1.099724  [  256/  678]
loss: 1.364899  [  448/  678]
loss: 1.287727  [  640/  678]
Average Training Loss: 0.462684
Val Loss: 3.1875 | C-index: 0.4747

Epoch 14
-------------------------------
loss: 1.070073  [   64/  678]
loss: 0.724531  [  256/  678]
loss: 1.330978  [  448/  678]
loss: 1.196858  [  640/  678]
Average Training Loss: 0.392949
Val Loss: 3.1983 | C-index: 0.4877

Stopping early at Epoch 14 since no C-Index improvement after 5 epochs.
Done!
Best C-Index = 0.5226027397260274 at Epoch 9

=========================================
CV training complete! Mean ± std C-index: 0.6688 ± 0.0845
Best epochs per fold: [5, 3, 2, 5, 9]

=========================================
Retraining model on full train+val for 5 epochs...
Epoch 1
-------------------------------
loss: 3.410091  [   64/  847]
loss: 3.286444  [  320/  847]
loss: 2.785973  [  576/  847]
loss: 2.591096  [  832/  847]
Average Training Loss: 0.862400
Val Loss: 2.8280 | C-index: 0.6203

Epoch 2
-------------------------------
loss: 3.201911  [   64/  847]
loss: 2.933389  [  320/  847]
loss: 2.750892  [  576/  847]
loss: 3.248101  [  832/  847]
Average Training Loss: 0.866735
Val Loss: 2.6699 | C-index: 0.7366

Epoch 3
-------------------------------
loss: 2.809874  [   64/  847]
loss: 3.317417  [  320/  847]
loss: 2.898584  [  576/  847]
loss: 2.726201  [  832/  847]
Average Training Loss: 0.839434
Val Loss: 2.4131 | C-index: 0.8285

Epoch 4
-------------------------------
loss: 2.023618  [   64/  847]
loss: 2.017125  [  320/  847]
loss: 2.632936  [  576/  847]
loss: 2.022119  [  832/  847]
Average Training Loss: 0.621128
Val Loss: 1.8647 | C-index: 0.9189

Epoch 5
-------------------------------
loss: 2.015079  [   64/  847]
loss: 2.179713  [  320/  847]
loss: 1.853261  [  576/  847]
loss: 1.897696  [  832/  847]
Average Training Loss: 0.567554
Val Loss: 1.9060 | C-index: 0.9096

Done!
Best C-Index = 0.9189298358162853 at Epoch 4
FINAL TEST Average Loss: 3.0229
FINAL TEST C-index: 0.6351
Bootstrap 95% CI: [0.4973, 0.7676]
Top 10 activated pathways:
{'R-HSA-174417': 0.06659882515668869, 'R-HSA-3371571': 0.0495244599878788, 'R-HSA-389513': 0.045200373977422714, 'R-HSA-532668': 0.04049922898411751, 'R-HSA-2424491': 0.036694977432489395, 'R-HSA-9027284': 0.03505179286003113, 'R-HSA-68616': 0.03497951850295067, 'R-HSA-168638': 0.0343061201274395, 'R-HSA-9933387': 0.033257268369197845, 'R-HSA-391160': 0.03324345499277115}
Results saved to /Users/evan/Documents/GitHub/HyBINN/experiments/runs/binn_gene/seed_2/results.json
