train_hybinn.py log started 2026-06-05 22:39:39.292169
=========================================
Model Active Branches: ['binn', 'gene']
=========================================

=========================================
FOLD 1/5
=========================================

Epoch 1
-------------------------------
loss: 3.057307  [   64/  677]
loss: 3.176632  [  256/  677]
loss: 3.061659  [  448/  677]
loss: 2.814113  [  640/  677]
Average Training Loss: 1.100883
Val Loss: 3.0534 | C-index: 0.4739

Epoch 2
-------------------------------
loss: 3.338438  [   64/  677]
loss: 3.028090  [  256/  677]
loss: 2.859847  [  448/  677]
loss: 2.860081  [  640/  677]
Average Training Loss: 1.098769
Val Loss: 3.0708 | C-index: 0.4754

Epoch 3
-------------------------------
loss: 2.525899  [   64/  677]
loss: 3.235057  [  256/  677]
loss: 3.037393  [  448/  677]
loss: 2.557724  [  640/  677]
Average Training Loss: 1.032370
Val Loss: 2.9704 | C-index: 0.6174

Epoch 4
-------------------------------
loss: 2.258511  [   64/  677]
loss: 2.439289  [  256/  677]
loss: 3.007378  [  448/  677]
loss: 2.592689  [  640/  677]
Average Training Loss: 0.936170
Val Loss: 2.7836 | C-index: 0.7648

Epoch 5
-------------------------------
loss: 2.282108  [   64/  677]
loss: 2.594309  [  256/  677]
loss: 1.837419  [  448/  677]
loss: 2.418682  [  640/  677]
Average Training Loss: 0.830229
Val Loss: 2.8682 | C-index: 0.7221

Epoch 6
-------------------------------
loss: 1.675331  [   64/  677]
loss: 1.585600  [  256/  677]
loss: 1.503079  [  448/  677]
loss: 1.686638  [  640/  677]
Average Training Loss: 0.586423
Val Loss: 3.0187 | C-index: 0.6754

Epoch 7
-------------------------------
loss: 1.211646  [   64/  677]
loss: 1.844272  [  256/  677]
loss: 1.225003  [  448/  677]
loss: 0.860322  [  640/  677]
Average Training Loss: 0.467386
Val Loss: 3.2355 | C-index: 0.6079

Epoch 8
-------------------------------
loss: 1.272546  [   64/  677]
loss: 1.748515  [  256/  677]
loss: 1.847609  [  448/  677]
loss: 2.820074  [  640/  677]
Average Training Loss: 0.698977
Val Loss: 3.2292 | C-index: 0.6804

Epoch 9
-------------------------------
loss: 0.537282  [   64/  677]
loss: 1.576125  [  256/  677]
loss: 1.770941  [  448/  677]
loss: 1.605078  [  640/  677]
Average Training Loss: 0.499039
Val Loss: 2.9960 | C-index: 0.6958

Stopping early at Epoch 9 since no C-Index improvement after 5 epochs.
Done!
Best C-Index = 0.7647642679900745 at Epoch 4

=========================================
FOLD 2/5
=========================================

Epoch 1
-------------------------------
loss: 3.011775  [   64/  677]
loss: 2.298247  [  256/  677]
loss: 2.987838  [  448/  677]
loss: 3.151482  [  640/  677]
Average Training Loss: 1.040849
Val Loss: 2.5986 | C-index: 0.5282

Epoch 2
-------------------------------
loss: 2.561441  [   64/  677]
loss: 2.713112  [  256/  677]
loss: 2.954123  [  448/  677]
loss: 2.791801  [  640/  677]
Average Training Loss: 1.001862
Val Loss: 2.5752 | C-index: 0.5824

Epoch 3
-------------------------------
loss: 3.061510  [   64/  677]
loss: 2.908292  [  256/  677]
loss: 3.438995  [  448/  677]
loss: 2.589570  [  640/  677]
Average Training Loss: 1.090761
Val Loss: 2.5809 | C-index: 0.6047

Epoch 4
-------------------------------
loss: 2.219527  [   64/  677]
loss: 2.132884  [  256/  677]
loss: 2.602540  [  448/  677]
loss: 2.342113  [  640/  677]
Average Training Loss: 0.845188
Val Loss: 2.5193 | C-index: 0.6954

Epoch 5
-------------------------------
loss: 2.346522  [   64/  677]
loss: 1.687411  [  256/  677]
loss: 1.803731  [  448/  677]
loss: 1.689251  [  640/  677]
Average Training Loss: 0.684265
Val Loss: 2.5326 | C-index: 0.6497

Epoch 6
-------------------------------
loss: 1.596622  [   64/  677]
loss: 1.876410  [  256/  677]
loss: 1.897850  [  448/  677]
loss: 1.852867  [  640/  677]
Average Training Loss: 0.656704
Val Loss: 3.0532 | C-index: 0.6298

Epoch 7
-------------------------------
loss: 1.290501  [   64/  677]
loss: 1.468532  [  256/  677]
loss: 1.952900  [  448/  677]
loss: 1.573158  [  640/  677]
Average Training Loss: 0.571372
Val Loss: 3.4990 | C-index: 0.6537

Epoch 8
-------------------------------
loss: 1.719348  [   64/  677]
loss: 1.056503  [  256/  677]
loss: 1.206288  [  448/  677]
loss: 1.761615  [  640/  677]
Average Training Loss: 0.522160
Val Loss: 3.3178 | C-index: 0.6452

Epoch 9
-------------------------------
loss: 1.479424  [   64/  677]
loss: 0.687805  [  256/  677]
loss: 0.922227  [  448/  677]
loss: 1.777381  [  640/  677]
Average Training Loss: 0.442440
Val Loss: 3.2797 | C-index: 0.6435

Stopping early at Epoch 9 since no C-Index improvement after 5 epochs.
Done!
Best C-Index = 0.6953793496862521 at Epoch 4

=========================================
FOLD 3/5
=========================================

Epoch 1
-------------------------------
loss: 2.963237  [   64/  678]
loss: 2.749439  [  256/  678]
loss: 3.036155  [  448/  678]
loss: 3.241173  [  640/  678]
Average Training Loss: 1.090000
Val Loss: 3.0385 | C-index: 0.5671

Epoch 2
-------------------------------
loss: 2.389415  [   64/  678]
loss: 2.942184  [  256/  678]
loss: 2.851821  [  448/  678]
loss: 2.623016  [  640/  678]
Average Training Loss: 0.982403
Val Loss: 3.0858 | C-index: 0.5414

Epoch 3
-------------------------------
loss: 2.588217  [   64/  678]
loss: 2.661560  [  256/  678]
loss: 3.427355  [  448/  678]
loss: 3.369656  [  640/  678]
Average Training Loss: 1.095163
Val Loss: 3.0828 | C-index: 0.5755

Epoch 4
-------------------------------
loss: 2.711184  [   64/  678]
loss: 2.599765  [  256/  678]
loss: 2.594298  [  448/  678]
loss: 2.172078  [  640/  678]
Average Training Loss: 0.916121
Val Loss: 3.0788 | C-index: 0.6232

Epoch 5
-------------------------------
loss: 2.545750  [   64/  678]
loss: 1.992890  [  256/  678]
loss: 1.891443  [  448/  678]
loss: 1.919756  [  640/  678]
Average Training Loss: 0.759076
Val Loss: 3.2544 | C-index: 0.5770

Epoch 6
-------------------------------
loss: 1.983746  [   64/  678]
loss: 1.608409  [  256/  678]
loss: 1.339112  [  448/  678]
loss: 1.419505  [  640/  678]
Average Training Loss: 0.577343
Val Loss: 3.6456 | C-index: 0.5561

Epoch 7
-------------------------------
loss: 1.633722  [   64/  678]
loss: 1.142179  [  256/  678]
loss: 1.353716  [  448/  678]
loss: 1.827930  [  640/  678]
Average Training Loss: 0.541595
Val Loss: 3.5098 | C-index: 0.5283

Epoch 8
-------------------------------
loss: 1.488892  [   64/  678]
loss: 1.560235  [  256/  678]
loss: 1.856390  [  448/  678]
loss: 1.730724  [  640/  678]
Average Training Loss: 0.603295
Val Loss: 3.6558 | C-index: 0.5477

Epoch 9
-------------------------------
loss: 2.083307  [   64/  678]
loss: 1.449030  [  256/  678]
loss: 1.308221  [  448/  678]
loss: 1.289020  [  640/  678]
Average Training Loss: 0.557234
Val Loss: 3.4477 | C-index: 0.6237

Epoch 10
-------------------------------
loss: 0.980180  [   64/  678]
loss: 1.658941  [  256/  678]
loss: 1.168247  [  448/  678]
loss: 0.966242  [  640/  678]
Average Training Loss: 0.433965
Val Loss: 3.4656 | C-index: 0.5865

Epoch 11
-------------------------------
loss: 0.876071  [   64/  678]
loss: 1.281023  [  256/  678]
loss: 1.598300  [  448/  678]
loss: 1.274297  [  640/  678]
Average Training Loss: 0.457245
Val Loss: 3.4559 | C-index: 0.6053

Epoch 12
-------------------------------
loss: 1.126255  [   64/  678]
loss: 0.770038  [  256/  678]
loss: 1.265588  [  448/  678]
loss: 1.035296  [  640/  678]
Average Training Loss: 0.381562
Val Loss: 3.5951 | C-index: 0.6101

Epoch 13
-------------------------------
loss: 1.455249  [   64/  678]
loss: 0.979415  [  256/  678]
loss: 0.401310  [  448/  678]
loss: 0.609301  [  640/  678]
Average Training Loss: 0.313207
Val Loss: 3.5397 | C-index: 0.6069

Epoch 14
-------------------------------
loss: 0.978774  [   64/  678]
loss: 1.191726  [  256/  678]
loss: 1.156819  [  448/  678]
loss: 1.490769  [  640/  678]
Average Training Loss: 0.438008
Val Loss: 3.8142 | C-index: 0.6195

Stopping early at Epoch 14 since no C-Index improvement after 5 epochs.
Done!
Best C-Index = 0.6236897274633124 at Epoch 9

=========================================
FOLD 4/5
=========================================

Epoch 1
-------------------------------
loss: 3.207425  [   64/  678]
loss: 3.224571  [  256/  678]
loss: 2.889257  [  448/  678]
loss: 3.334315  [  640/  678]
Average Training Loss: 1.150506
Val Loss: 2.2746 | C-index: 0.6857

Epoch 2
-------------------------------
loss: 2.855686  [   64/  678]
loss: 2.671315  [  256/  678]
loss: 3.123072  [  448/  678]
loss: 3.455536  [  640/  678]
Average Training Loss: 1.100510
Val Loss: 2.2347 | C-index: 0.7129

Epoch 3
-------------------------------
loss: 2.521555  [   64/  678]
loss: 3.265080  [  256/  678]
loss: 2.662949  [  448/  678]
loss: 2.376348  [  640/  678]
Average Training Loss: 0.984176
Val Loss: 2.1471 | C-index: 0.7428

Epoch 4
-------------------------------
loss: 3.162974  [   64/  678]
loss: 2.847123  [  256/  678]
loss: 2.658800  [  448/  678]
loss: 2.530524  [  640/  678]
Average Training Loss: 1.018129
Val Loss: 2.2887 | C-index: 0.6386

Epoch 5
-------------------------------
loss: 2.457475  [   64/  678]
loss: 2.121715  [  256/  678]
loss: 2.109958  [  448/  678]
loss: 2.302073  [  640/  678]
Average Training Loss: 0.817384
Val Loss: 2.1028 | C-index: 0.7138

Epoch 6
-------------------------------
loss: 1.820793  [   64/  678]
loss: 1.156386  [  256/  678]
loss: 2.163111  [  448/  678]
loss: 2.022283  [  640/  678]
Average Training Loss: 0.651143
Val Loss: 2.4854 | C-index: 0.6658

Epoch 7
-------------------------------
loss: 1.931442  [   64/  678]
loss: 1.879351  [  256/  678]
loss: 1.706052  [  448/  678]
loss: 1.627394  [  640/  678]
Average Training Loss: 0.649476
Val Loss: 2.3617 | C-index: 0.7147

Epoch 8
-------------------------------
loss: 1.730780  [   64/  678]
loss: 1.289396  [  256/  678]
loss: 1.921054  [  448/  678]
loss: 1.466402  [  640/  678]
Average Training Loss: 0.582512
Val Loss: 2.1903 | C-index: 0.6884

Stopping early at Epoch 8 since no C-Index improvement after 5 epochs.
Done!
Best C-Index = 0.7427536231884058 at Epoch 3

=========================================
FOLD 5/5
=========================================

Epoch 1
-------------------------------
loss: 2.888711  [   64/  678]
loss: 3.406229  [  256/  678]
loss: 3.300257  [  448/  678]
loss: 3.361683  [  640/  678]
Average Training Loss: 1.177898
Val Loss: 2.8766 | C-index: 0.6243

Epoch 2
-------------------------------
loss: 2.837712  [   64/  678]
loss: 3.012195  [  256/  678]
loss: 3.227105  [  448/  678]
loss: 2.550814  [  640/  678]
Average Training Loss: 1.057075
Val Loss: 2.8723 | C-index: 0.6219

Epoch 3
-------------------------------
loss: 3.034146  [   64/  678]
loss: 2.680758  [  256/  678]
loss: 2.836216  [  448/  678]
loss: 2.232249  [  640/  678]
Average Training Loss: 0.980306
Val Loss: 2.8701 | C-index: 0.6362

Epoch 4
-------------------------------
loss: 2.965137  [   64/  678]
loss: 2.729139  [  256/  678]
loss: 2.530426  [  448/  678]
loss: 2.640574  [  640/  678]
Average Training Loss: 0.987752
Val Loss: 3.0441 | C-index: 0.6135

Epoch 5
-------------------------------
loss: 2.395977  [   64/  678]
loss: 2.657657  [  256/  678]
loss: 1.835517  [  448/  678]
loss: 2.030755  [  640/  678]
Average Training Loss: 0.810901
Val Loss: 2.9793 | C-index: 0.6493

Epoch 6
-------------------------------
loss: 1.768752  [   64/  678]
loss: 1.379232  [  256/  678]
loss: 1.482638  [  448/  678]
loss: 1.910444  [  640/  678]
Average Training Loss: 0.594642
Val Loss: 2.9548 | C-index: 0.6505

Epoch 7
-------------------------------
loss: 1.667858  [   64/  678]
loss: 1.864753  [  256/  678]
loss: 2.194017  [  448/  678]
loss: 1.531540  [  640/  678]
Average Training Loss: 0.659833
Val Loss: 3.4084 | C-index: 0.6380

Epoch 8
-------------------------------
loss: 1.587569  [   64/  678]
loss: 1.594906  [  256/  678]
loss: 1.306452  [  448/  678]
loss: 1.319038  [  640/  678]
Average Training Loss: 0.527997
Val Loss: 3.4953 | C-index: 0.5896

Epoch 9
-------------------------------
loss: 1.735521  [   64/  678]
loss: 1.515328  [  256/  678]
loss: 1.095985  [  448/  678]
loss: 1.241562  [  640/  678]
Average Training Loss: 0.508036
Val Loss: 3.2786 | C-index: 0.6493

Epoch 10
-------------------------------
loss: 1.449365  [   64/  678]
loss: 1.377795  [  256/  678]
loss: 1.123770  [  448/  678]
loss: 1.392519  [  640/  678]
Average Training Loss: 0.485768
Val Loss: 3.3726 | C-index: 0.5914

Epoch 11
-------------------------------
loss: 2.508943  [   64/  678]
loss: 1.352858  [  256/  678]
loss: 1.217071  [  448/  678]
loss: 1.021252  [  640/  678]
Average Training Loss: 0.554557
Val Loss: 3.4306 | C-index: 0.6350

Stopping early at Epoch 11 since no C-Index improvement after 5 epochs.
Done!
Best C-Index = 0.6505376344086021 at Epoch 6

=========================================
CV training complete! Mean ± std C-index: 0.6954 ± 0.0533
Best epochs per fold: [4, 4, 9, 3, 6]

=========================================
Retraining model on full train+val for 5 epochs...
Epoch 1
-------------------------------
loss: 2.952154  [   64/  847]
loss: 3.448107  [  320/  847]
loss: 3.346508  [  576/  847]
loss: 2.876712  [  832/  847]
Average Training Loss: 0.901677
Val Loss: 2.8124 | C-index: 0.6641

Epoch 2
-------------------------------
loss: 2.953200  [   64/  847]
loss: 2.545469  [  320/  847]
loss: 2.706961  [  576/  847]
loss: 3.091711  [  832/  847]
Average Training Loss: 0.806953
Val Loss: 2.7350 | C-index: 0.7722

Epoch 3
-------------------------------
loss: 2.415062  [   64/  847]
loss: 2.685601  [  320/  847]
loss: 2.342847  [  576/  847]
loss: 2.699182  [  832/  847]
Average Training Loss: 0.724478
Val Loss: 2.2931 | C-index: 0.8704

Epoch 4
-------------------------------
loss: 2.561024  [   64/  847]
loss: 2.075464  [  320/  847]
loss: 1.979800  [  576/  847]
loss: 2.206157  [  832/  847]
Average Training Loss: 0.630175
Val Loss: 1.8323 | C-index: 0.9207

Epoch 5
-------------------------------
loss: 1.600246  [   64/  847]
loss: 1.835030  [  320/  847]
loss: 2.027267  [  576/  847]
loss: 2.834481  [  832/  847]
Average Training Loss: 0.592645
Val Loss: 1.5516 | C-index: 0.9389

Done!
Best C-Index = 0.9389314772139397 at Epoch 5
FINAL TEST Average Loss: 2.5915
FINAL TEST C-index: 0.6460
Bootstrap 95% CI: [0.4884, 0.7874]
Top 10 activated pathways:
{'R-HSA-6783310': 0.048721905797719955, 'R-HSA-499943': 0.044781118631362915, 'R-HSA-4641262': 0.042993586510419846, 'R-HSA-5620922': 0.04297081008553505, 'R-HSA-9933387': 0.04163271188735962, 'R-HSA-2032785': 0.03848283737897873, 'R-HSA-3000170': 0.03454405441880226, 'R-HSA-389357': 0.033915482461452484, 'R-HSA-1236978': 0.031986549496650696, 'R-HSA-452723': 0.03153466060757637}
Results saved to /Users/evan/Documents/GitHub/HyBINN/experiments/runs/binn_gene/seed_3/results.json
