train_hybinn.py log started 2026-06-17 01:30:35.594894
=========================================
Model Active Branches: ['binn', 'gene', 'clinical']
=========================================

=========================================
FOLD 1/5
=========================================

Epoch 1
-------------------------------
loss: 2.786047  [   64/  677]
loss: 2.959180  [  256/  677]
loss: 3.189948  [  448/  677]
loss: 2.973343  [  640/  677]
Average Training Loss: 1.082593
Val Loss: 2.7246 | C-index: 0.6098

Epoch 2
-------------------------------
loss: 3.077110  [   64/  677]
loss: 3.351992  [  256/  677]
loss: 3.185456  [  448/  677]
loss: 3.080067  [  640/  677]
Average Training Loss: 1.154057
Val Loss: 2.7029 | C-index: 0.6717

Epoch 3
-------------------------------
loss: 2.678848  [   64/  677]
loss: 2.805063  [  256/  677]
loss: 2.502497  [  448/  677]
loss: 2.673188  [  640/  677]
Average Training Loss: 0.969054
Val Loss: 2.6191 | C-index: 0.6653

Epoch 4
-------------------------------
loss: 3.028564  [   64/  677]
loss: 2.513224  [  256/  677]
loss: 2.772215  [  448/  677]
loss: 2.564948  [  640/  677]
Average Training Loss: 0.988996
Val Loss: 2.5471 | C-index: 0.7023

Epoch 5
-------------------------------
loss: 2.148552  [   64/  677]
loss: 2.126433  [  256/  677]
loss: 2.594265  [  448/  677]
loss: 1.991867  [  640/  677]
Average Training Loss: 0.805556
Val Loss: 2.5088 | C-index: 0.7023

Epoch 6
-------------------------------
loss: 1.647393  [   64/  677]
loss: 1.876849  [  256/  677]
loss: 2.156774  [  448/  677]
loss: 1.883350  [  640/  677]
Average Training Loss: 0.687670
Val Loss: 2.5323 | C-index: 0.6908

Epoch 7
-------------------------------
loss: 1.985580  [   64/  677]
loss: 1.695636  [  256/  677]
loss: 1.371765  [  448/  677]
loss: 1.438662  [  640/  677]
Average Training Loss: 0.590149
Val Loss: 2.6767 | C-index: 0.7220

Epoch 8
-------------------------------
loss: 1.422748  [   64/  677]
loss: 1.106775  [  256/  677]
loss: 1.697448  [  448/  677]
loss: 1.966379  [  640/  677]
Average Training Loss: 0.563032
Val Loss: 2.5461 | C-index: 0.6723

Epoch 9
-------------------------------
loss: 1.050288  [   64/  677]
loss: 1.776496  [  256/  677]
loss: 1.319059  [  448/  677]
loss: 1.195587  [  640/  677]
Average Training Loss: 0.485585
Val Loss: 2.5139 | C-index: 0.7457

Epoch 10
-------------------------------
loss: 1.563643  [   64/  677]
loss: 1.042725  [  256/  677]
loss: 0.815122  [  448/  677]
loss: 1.465569  [  640/  677]
Average Training Loss: 0.444278
Val Loss: 2.8539 | C-index: 0.6688

Epoch 11
-------------------------------
loss: 1.111097  [   64/  677]
loss: 0.444627  [  256/  677]
loss: 1.254711  [  448/  677]
loss: 1.060373  [  640/  677]
Average Training Loss: 0.351892
Val Loss: 2.7913 | C-index: 0.7272

Epoch 12
-------------------------------
loss: 1.679326  [   64/  677]
loss: 1.463201  [  256/  677]
loss: 1.054274  [  448/  677]
loss: 1.062354  [  640/  677]
Average Training Loss: 0.478105
Val Loss: 2.8237 | C-index: 0.6422

Epoch 13
-------------------------------
loss: 1.452346  [   64/  677]
loss: 1.355828  [  256/  677]
loss: 2.002242  [  448/  677]
loss: 1.903593  [  640/  677]
Average Training Loss: 0.610364
Val Loss: 2.7120 | C-index: 0.7017

Epoch 14
-------------------------------
loss: 0.938767  [   64/  677]
loss: 1.571758  [  256/  677]
loss: 1.116027  [  448/  677]
loss: 1.399202  [  640/  677]
Average Training Loss: 0.456887
Val Loss: 2.5496 | C-index: 0.7306

Stopping early at Epoch 14 since no C-Index improvement after 5 epochs.
Done!
Best C-Index = 0.7456647398843931 at Epoch 9

=========================================
FOLD 2/5
=========================================

Epoch 1
-------------------------------
loss: 3.212718  [   64/  677]
loss: 2.965976  [  256/  677]
loss: 1.831639  [  448/  677]
loss: 3.243021  [  640/  677]
Average Training Loss: 1.023032
Val Loss: 2.4281 | C-index: 0.5936

Epoch 2
-------------------------------
loss: 3.248507  [   64/  677]
loss: 3.225811  [  256/  677]
loss: 3.229374  [  448/  677]
loss: 3.145789  [  640/  677]
Average Training Loss: 1.168135
Val Loss: 2.4206 | C-index: 0.6178

Epoch 3
-------------------------------
loss: 3.195144  [   64/  677]
loss: 2.747887  [  256/  677]
loss: 2.704448  [  448/  677]
loss: 2.639888  [  640/  677]
Average Training Loss: 1.026124
Val Loss: 2.3843 | C-index: 0.6088

Epoch 4
-------------------------------
loss: 1.909232  [   64/  677]
loss: 2.482425  [  256/  677]
loss: 2.670151  [  448/  677]
loss: 2.616240  [  640/  677]
Average Training Loss: 0.879823
Val Loss: 2.4415 | C-index: 0.6386

Epoch 5
-------------------------------
loss: 2.379539  [   64/  677]
loss: 2.315225  [  256/  677]
loss: 1.580885  [  448/  677]
loss: 2.231622  [  640/  677]
Average Training Loss: 0.773388
Val Loss: 2.3790 | C-index: 0.6427

Epoch 6
-------------------------------
loss: 1.720455  [   64/  677]
loss: 1.500376  [  256/  677]
loss: 2.029152  [  448/  677]
loss: 1.583354  [  640/  677]
Average Training Loss: 0.621212
Val Loss: 2.5933 | C-index: 0.6434

Epoch 7
-------------------------------
loss: 1.838667  [   64/  677]
loss: 1.613487  [  256/  677]
loss: 2.159337  [  448/  677]
loss: 1.321747  [  640/  677]
Average Training Loss: 0.630294
Val Loss: 2.6099 | C-index: 0.7167

Epoch 8
-------------------------------
loss: 1.481889  [   64/  677]
loss: 1.970281  [  256/  677]
loss: 1.133609  [  448/  677]
loss: 1.192918  [  640/  677]
Average Training Loss: 0.525336
Val Loss: 2.7009 | C-index: 0.6088

Epoch 9
-------------------------------
loss: 1.344198  [   64/  677]
loss: 1.079742  [  256/  677]
loss: 1.486916  [  448/  677]
loss: 0.949422  [  640/  677]
Average Training Loss: 0.441843
Val Loss: 2.9315 | C-index: 0.6116

Epoch 10
-------------------------------
loss: 1.376514  [   64/  677]
loss: 1.860963  [  256/  677]
loss: 2.028731  [  448/  677]
loss: 1.439296  [  640/  677]
Average Training Loss: 0.609591
Val Loss: 2.4798 | C-index: 0.7077

Epoch 11
-------------------------------
loss: 0.859423  [   64/  677]
loss: 1.177212  [  256/  677]
loss: 1.524630  [  448/  677]
loss: 2.178458  [  640/  677]
Average Training Loss: 0.521793
Val Loss: 2.7844 | C-index: 0.6904

Epoch 12
-------------------------------
loss: 1.112082  [   64/  677]
loss: 1.033585  [  256/  677]
loss: 1.322099  [  448/  677]
loss: 0.560666  [  640/  677]
Average Training Loss: 0.366221
Val Loss: 2.7503 | C-index: 0.6427

Stopping early at Epoch 12 since no C-Index improvement after 5 epochs.
Done!
Best C-Index = 0.7166551485832757 at Epoch 7

=========================================
FOLD 3/5
=========================================

Epoch 1
-------------------------------
loss: 2.917544  [   64/  678]
loss: 2.924577  [  256/  678]
loss: 3.111568  [  448/  678]
loss: 2.944402  [  640/  678]
Average Training Loss: 1.081645
Val Loss: 2.8223 | C-index: 0.6457

Epoch 2
-------------------------------
loss: 3.044483  [   64/  678]
loss: 2.894816  [  256/  678]
loss: 2.998635  [  448/  678]
loss: 2.492138  [  640/  678]
Average Training Loss: 1.039097
Val Loss: 2.7885 | C-index: 0.6550

Epoch 3
-------------------------------
loss: 2.897870  [   64/  678]
loss: 2.867328  [  256/  678]
loss: 2.799313  [  448/  678]
loss: 2.374205  [  640/  678]
Average Training Loss: 0.994429
Val Loss: 2.7260 | C-index: 0.7319

Epoch 4
-------------------------------
loss: 2.604986  [   64/  678]
loss: 2.508440  [  256/  678]
loss: 2.660871  [  448/  678]
loss: 2.211449  [  640/  678]
Average Training Loss: 0.907795
Val Loss: 2.7058 | C-index: 0.6818

Epoch 5
-------------------------------
loss: 2.213050  [   64/  678]
loss: 2.315962  [  256/  678]
loss: 2.152796  [  448/  678]
loss: 1.734427  [  640/  678]
Average Training Loss: 0.765112
Val Loss: 2.7361 | C-index: 0.7582

Epoch 6
-------------------------------
loss: 1.623676  [   64/  678]
loss: 1.452111  [  256/  678]
loss: 2.031123  [  448/  678]
loss: 1.955317  [  640/  678]
Average Training Loss: 0.642021
Val Loss: 3.2416 | C-index: 0.6719

Epoch 7
-------------------------------
loss: 1.222027  [   64/  678]
loss: 2.166536  [  256/  678]
loss: 1.324393  [  448/  678]
loss: 1.824840  [  640/  678]
Average Training Loss: 0.594345
Val Loss: 2.6908 | C-index: 0.7360

Epoch 8
-------------------------------
loss: 2.051859  [   64/  678]
loss: 1.295996  [  256/  678]
loss: 1.408407  [  448/  678]
loss: 0.960506  [  640/  678]
Average Training Loss: 0.519706
Val Loss: 3.1166 | C-index: 0.7150

Epoch 9
-------------------------------
loss: 1.374658  [   64/  678]
loss: 1.887488  [  256/  678]
loss: 1.686339  [  448/  678]
loss: 1.175108  [  640/  678]
Average Training Loss: 0.556690
Val Loss: 3.2163 | C-index: 0.6923

Epoch 10
-------------------------------
loss: 1.119200  [   64/  678]
loss: 1.286487  [  256/  678]
loss: 1.214712  [  448/  678]
loss: 1.109362  [  640/  678]
Average Training Loss: 0.429978
Val Loss: 2.9011 | C-index: 0.7150

Stopping early at Epoch 10 since no C-Index improvement after 5 epochs.
Done!
Best C-Index = 0.7581585081585082 at Epoch 5

=========================================
FOLD 4/5
=========================================

Epoch 1
-------------------------------
loss: 3.122382  [   64/  678]
loss: 3.054219  [  256/  678]
loss: 3.365664  [  448/  678]
loss: 2.598318  [  640/  678]
Average Training Loss: 1.103689
Val Loss: 2.6360 | C-index: 0.5948

Epoch 2
-------------------------------
loss: 3.527802  [   64/  678]
loss: 2.705498  [  256/  678]
loss: 3.359684  [  448/  678]
loss: 3.122525  [  640/  678]
Average Training Loss: 1.155955
Val Loss: 2.6186 | C-index: 0.6480

Epoch 3
-------------------------------
loss: 1.710301  [   64/  678]
loss: 2.650048  [  256/  678]
loss: 3.287586  [  448/  678]
loss: 3.172050  [  640/  678]
Average Training Loss: 0.983635
Val Loss: 2.5864 | C-index: 0.6684

Epoch 4
-------------------------------
loss: 2.811795  [   64/  678]
loss: 2.607212  [  256/  678]
loss: 3.238870  [  448/  678]
loss: 2.568177  [  640/  678]
Average Training Loss: 1.020550
Val Loss: 2.4830 | C-index: 0.7281

Epoch 5
-------------------------------
loss: 2.071406  [   64/  678]
loss: 2.173848  [  256/  678]
loss: 2.552435  [  448/  678]
loss: 1.940538  [  640/  678]
Average Training Loss: 0.794384
Val Loss: 2.5530 | C-index: 0.7252

Epoch 6
-------------------------------
loss: 1.957282  [   64/  678]
loss: 1.787572  [  256/  678]
loss: 2.190611  [  448/  678]
loss: 1.970569  [  640/  678]
Average Training Loss: 0.718730
Val Loss: 2.7998 | C-index: 0.6713

Epoch 7
-------------------------------
loss: 2.189969  [   64/  678]
loss: 1.715270  [  256/  678]
loss: 1.593424  [  448/  678]
loss: 1.306143  [  640/  678]
Average Training Loss: 0.618619
Val Loss: 2.4778 | C-index: 0.7325

Epoch 8
-------------------------------
loss: 1.312787  [   64/  678]
loss: 1.856339  [  256/  678]
loss: 1.784338  [  448/  678]
loss: 1.095850  [  640/  678]
Average Training Loss: 0.549938
Val Loss: 2.6729 | C-index: 0.7281

Epoch 9
-------------------------------
loss: 0.486118  [   64/  678]
loss: 1.457654  [  256/  678]
loss: 2.597154  [  448/  678]
loss: 1.443810  [  640/  678]
Average Training Loss: 0.544067
Val Loss: 2.7137 | C-index: 0.7216

Epoch 10
-------------------------------
loss: 0.920610  [   64/  678]
loss: 1.488472  [  256/  678]
loss: 1.507396  [  448/  678]
loss: 1.185935  [  640/  678]
Average Training Loss: 0.463856
Val Loss: 2.7011 | C-index: 0.6990

Epoch 11
-------------------------------
loss: 0.964529  [   64/  678]
loss: 0.844692  [  256/  678]
loss: 1.385038  [  448/  678]
loss: 1.182246  [  640/  678]
Average Training Loss: 0.397864
Val Loss: 3.1187 | C-index: 0.6902

Epoch 12
-------------------------------
loss: 1.076140  [   64/  678]
loss: 1.309484  [  256/  678]
loss: 1.419680  [  448/  678]
loss: 1.194997  [  640/  678]
Average Training Loss: 0.454573
Val Loss: 2.7773 | C-index: 0.7092

Stopping early at Epoch 12 since no C-Index improvement after 5 epochs.
Done!
Best C-Index = 0.7325072886297376 at Epoch 7

=========================================
FOLD 5/5
=========================================

Epoch 1
-------------------------------
loss: 2.349484  [   64/  678]
loss: 2.444589  [  256/  678]
loss: 2.511057  [  448/  678]
loss: 2.961237  [  640/  678]
Average Training Loss: 0.933306
Val Loss: 3.1406 | C-index: 0.3893

Epoch 2
-------------------------------
loss: 2.486652  [   64/  678]
loss: 2.692025  [  256/  678]
loss: 3.077461  [  448/  678]
loss: 3.026319  [  640/  678]
Average Training Loss: 1.025678
Val Loss: 3.0985 | C-index: 0.4636

Epoch 3
-------------------------------
loss: 2.632494  [   64/  678]
loss: 2.963023  [  256/  678]
loss: 2.946440  [  448/  678]
loss: 2.069360  [  640/  678]
Average Training Loss: 0.964665
Val Loss: 2.9661 | C-index: 0.7181

Epoch 4
-------------------------------
loss: 2.679842  [   64/  678]
loss: 2.533455  [  256/  678]
loss: 2.856753  [  448/  678]
loss: 2.236333  [  640/  678]
Average Training Loss: 0.936944
Val Loss: 2.9390 | C-index: 0.6668

Epoch 5
-------------------------------
loss: 1.945950  [   64/  678]
loss: 1.224818  [  256/  678]
loss: 2.429462  [  448/  678]
loss: 1.740405  [  640/  678]
Average Training Loss: 0.667330
Val Loss: 2.9288 | C-index: 0.6275

Epoch 6
-------------------------------
loss: 1.555895  [   64/  678]
loss: 1.635425  [  256/  678]
loss: 1.874542  [  448/  678]
loss: 1.989619  [  640/  678]
Average Training Loss: 0.641407
Val Loss: 2.8928 | C-index: 0.6860

Epoch 7
-------------------------------
loss: 1.224371  [   64/  678]
loss: 1.310912  [  256/  678]
loss: 1.384528  [  448/  678]
loss: 1.576608  [  640/  678]
Average Training Loss: 0.499674
Val Loss: 3.0317 | C-index: 0.6534

Epoch 8
-------------------------------
loss: 0.840998  [   64/  678]
loss: 0.869940  [  256/  678]
loss: 1.574959  [  448/  678]
loss: 1.679044  [  640/  678]
Average Training Loss: 0.451358
Val Loss: 3.0911 | C-index: 0.6232

Stopping early at Epoch 8 since no C-Index improvement after 5 epochs.
Done!
Best C-Index = 0.7181208053691275 at Epoch 3

=========================================
CV training complete! Mean ± std C-index: 0.7342 ± 0.0160
Best epochs per fold: [9, 7, 5, 7, 3]

=========================================
Retraining model on full train+val for 6 epochs...
Epoch 1
-------------------------------
loss: 2.806653  [   64/  847]
loss: 2.571886  [  320/  847]
loss: 2.877023  [  576/  847]
loss: 2.803492  [  832/  847]
Average Training Loss: 0.789932
Val Loss: 2.8272 | C-index: 0.6748

Epoch 2
-------------------------------
loss: 3.729057  [   64/  847]
loss: 3.295532  [  320/  847]
loss: 2.241730  [  576/  847]
loss: 2.511046  [  832/  847]
Average Training Loss: 0.841240
Val Loss: 2.7418 | C-index: 0.7994

Epoch 3
-------------------------------
loss: 3.074803  [   64/  847]
loss: 2.967199  [  320/  847]
loss: 1.868005  [  576/  847]
loss: 2.460592  [  832/  847]
Average Training Loss: 0.740757
Val Loss: 2.3537 | C-index: 0.8808

Epoch 4
-------------------------------
loss: 2.689758  [   64/  847]
loss: 1.959241  [  320/  847]
loss: 2.785182  [  576/  847]
loss: 2.170969  [  832/  847]
Average Training Loss: 0.686082
Val Loss: 1.8586 | C-index: 0.9335

Epoch 5
-------------------------------
loss: 1.891154  [   64/  847]
loss: 2.466049  [  320/  847]
loss: 1.693850  [  576/  847]
loss: 1.817918  [  832/  847]
Average Training Loss: 0.562069
Val Loss: 1.5097 | C-index: 0.9251

Epoch 6
-------------------------------
loss: 1.643809  [   64/  847]
loss: 1.660763  [  320/  847]
loss: 1.979197  [  576/  847]
loss: 1.697087  [  832/  847]
Average Training Loss: 0.498633
Val Loss: 1.3916 | C-index: 0.9617

Done!
Best C-Index = 0.9616673400033271 at Epoch 6
FINAL TEST Average Loss: 2.8121
FINAL TEST C-index: 0.6268
Bootstrap 95% CI: [0.4834, 0.7576]
Top 10 activated pathways:
{'R-HSA-379724': 0.046700622886419296, 'R-HSA-75815': 0.044870372861623764, 'R-HSA-9748787': 0.04270697012543678, 'R-HSA-8941858': 0.04210744425654411, 'R-HSA-9753281': 0.0382656566798687, 'R-HSA-6783310': 0.0367240235209465, 'R-HSA-9932298': 0.03362636640667915, 'R-HSA-354192': 0.033103469759225845, 'R-HSA-1963642': 0.03258657827973366, 'R-HSA-5626467': 0.031294770538806915}
Results saved to /Users/evan/Documents/GitHub/HyBINN/experiments/runs/full_hybinn/seed_8/results.json
