train_hybinn.py log started 2026-06-17 00:51:30.536548
=========================================
Model Active Branches: ['clinical']
=========================================

=========================================
FOLD 1/5
=========================================

Epoch 1
-------------------------------
loss: 2.373314  [   64/  677]
loss: 3.473605  [  256/  677]
loss: 2.648807  [  448/  677]
loss: 2.496213  [  640/  677]
Average Training Loss: 0.999267
Val Loss: 3.1155 | C-index: 0.6374

Epoch 2
-------------------------------
loss: 2.710229  [   64/  677]
loss: 2.946657  [  256/  677]
loss: 3.097633  [  448/  677]
loss: 2.835322  [  640/  677]
Average Training Loss: 1.053622
Val Loss: 3.1117 | C-index: 0.6432

Epoch 3
-------------------------------
loss: 2.406515  [   64/  677]
loss: 3.036918  [  256/  677]
loss: 2.878504  [  448/  677]
loss: 3.059923  [  640/  677]
Average Training Loss: 1.034714
Val Loss: 3.1070 | C-index: 0.6611

Epoch 4
-------------------------------
loss: 3.330831  [   64/  677]
loss: 2.900412  [  256/  677]
loss: 2.861975  [  448/  677]
loss: 2.818681  [  640/  677]
Average Training Loss: 1.082900
Val Loss: 3.1017 | C-index: 0.6877

Epoch 5
-------------------------------
loss: 3.192529  [   64/  677]
loss: 2.647574  [  256/  677]
loss: 2.462268  [  448/  677]
loss: 3.167016  [  640/  677]
Average Training Loss: 1.042672
Val Loss: 3.0972 | C-index: 0.6925

Epoch 6
-------------------------------
loss: 2.880898  [   64/  677]
loss: 3.109988  [  256/  677]
loss: 2.814524  [  448/  677]
loss: 2.474943  [  640/  677]
Average Training Loss: 1.025487
Val Loss: 3.0873 | C-index: 0.6862

Epoch 7
-------------------------------
loss: 3.090568  [   64/  677]
loss: 2.500217  [  256/  677]
loss: 2.737465  [  448/  677]
loss: 3.402536  [  640/  677]
Average Training Loss: 1.066435
Val Loss: 3.0808 | C-index: 0.6750

Epoch 8
-------------------------------
loss: 2.941909  [   64/  677]
loss: 3.327729  [  256/  677]
loss: 2.717528  [  448/  677]
loss: 2.804838  [  640/  677]
Average Training Loss: 1.072000
Val Loss: 3.0749 | C-index: 0.6813

Epoch 9
-------------------------------
loss: 3.305076  [   64/  677]
loss: 2.150532  [  256/  677]
loss: 3.305120  [  448/  677]
loss: 3.140627  [  640/  677]
Average Training Loss: 1.081941
Val Loss: 3.0734 | C-index: 0.6896

Epoch 10
-------------------------------
loss: 2.844795  [   64/  677]
loss: 2.840751  [  256/  677]
loss: 3.147756  [  448/  677]
loss: 3.119451  [  640/  677]
Average Training Loss: 1.086614
Val Loss: 3.0592 | C-index: 0.7140

Epoch 11
-------------------------------
loss: 2.412206  [   64/  677]
loss: 3.341383  [  256/  677]
loss: 2.752272  [  448/  677]
loss: 2.719715  [  640/  677]
Average Training Loss: 1.020507
Val Loss: 3.0435 | C-index: 0.7086

Epoch 12
-------------------------------
loss: 2.869925  [   64/  677]
loss: 2.717963  [  256/  677]
loss: 2.333588  [  448/  677]
loss: 2.951979  [  640/  677]
Average Training Loss: 0.988496
Val Loss: 3.0243 | C-index: 0.7277

Epoch 13
-------------------------------
loss: 2.760839  [   64/  677]
loss: 2.444675  [  256/  677]
loss: 3.057173  [  448/  677]
loss: 3.222711  [  640/  677]
Average Training Loss: 1.044127
Val Loss: 3.0166 | C-index: 0.7311

Epoch 14
-------------------------------
loss: 2.904538  [   64/  677]
loss: 2.761565  [  256/  677]
loss: 2.294084  [  448/  677]
loss: 3.001046  [  640/  677]
Average Training Loss: 0.996476
Val Loss: 3.0050 | C-index: 0.7399

Epoch 15
-------------------------------
loss: 2.856195  [   64/  677]
loss: 3.409104  [  256/  677]
loss: 2.869390  [  448/  677]
loss: 3.010437  [  640/  677]
Average Training Loss: 1.104102
Val Loss: 2.9881 | C-index: 0.7501

Epoch 16
-------------------------------
loss: 2.182846  [   64/  677]
loss: 2.750134  [  256/  677]
loss: 3.459894  [  448/  677]
loss: 3.009586  [  640/  677]
Average Training Loss: 1.036587
Val Loss: 2.9984 | C-index: 0.7228

Epoch 17
-------------------------------
loss: 3.313929  [   64/  677]
loss: 2.436999  [  256/  677]
loss: 3.678897  [  448/  677]
loss: 2.925812  [  640/  677]
Average Training Loss: 1.123240
Val Loss: 2.9954 | C-index: 0.7311

Epoch 18
-------------------------------
loss: 2.246203  [   64/  677]
loss: 3.030425  [  256/  677]
loss: 2.698491  [  448/  677]
loss: 2.626952  [  640/  677]
Average Training Loss: 0.963825
Val Loss: 2.9903 | C-index: 0.7101

Epoch 19
-------------------------------
loss: 3.154936  [   64/  677]
loss: 2.536042  [  256/  677]
loss: 2.760949  [  448/  677]
loss: 2.640416  [  640/  677]
Average Training Loss: 1.008395
Val Loss: 2.9693 | C-index: 0.7282

Epoch 20
-------------------------------
loss: 2.901723  [   64/  677]
loss: 2.682738  [  256/  677]
loss: 2.806717  [  448/  677]
loss: 2.373899  [  640/  677]
Average Training Loss: 0.978643
Val Loss: 2.9574 | C-index: 0.7340

Stopping early at Epoch 20 since no C-Index improvement after 5 epochs.
Done!
Best C-Index = 0.7501220107369448 at Epoch 15

=========================================
FOLD 2/5
=========================================

Epoch 1
-------------------------------
loss: 2.790923  [   64/  677]
loss: 2.993273  [  256/  677]
loss: 3.037782  [  448/  677]
loss: 3.096706  [  640/  677]
Average Training Loss: 1.083517
Val Loss: 2.9956 | C-index: 0.7603

Epoch 2
-------------------------------
loss: 3.650059  [   64/  677]
loss: 3.377109  [  256/  677]
loss: 3.033296  [  448/  677]
loss: 3.324923  [  640/  677]
Average Training Loss: 1.216853
Val Loss: 2.9869 | C-index: 0.7386

Epoch 3
-------------------------------
loss: 2.789699  [   64/  677]
loss: 3.253023  [  256/  677]
loss: 2.616037  [  448/  677]
loss: 2.882272  [  640/  677]
Average Training Loss: 1.049185
Val Loss: 2.9780 | C-index: 0.7569

Epoch 4
-------------------------------
loss: 2.749380  [   64/  677]
loss: 2.792197  [  256/  677]
loss: 2.872981  [  448/  677]
loss: 2.702819  [  640/  677]
Average Training Loss: 1.010671
Val Loss: 2.9746 | C-index: 0.7586

Epoch 5
-------------------------------
loss: 2.808130  [   64/  677]
loss: 2.805823  [  256/  677]
loss: 2.712515  [  448/  677]
loss: 2.456414  [  640/  677]
Average Training Loss: 0.980262
Val Loss: 2.9745 | C-index: 0.7580

Epoch 6
-------------------------------
loss: 3.093442  [   64/  677]
loss: 2.414831  [  256/  677]
loss: 2.737416  [  448/  677]
loss: 2.974489  [  640/  677]
Average Training Loss: 1.020016
Val Loss: 2.9619 | C-index: 0.7719

Epoch 7
-------------------------------
loss: 3.198546  [   64/  677]
loss: 3.128097  [  256/  677]
loss: 2.299536  [  448/  677]
loss: 2.996841  [  640/  677]
Average Training Loss: 1.056638
Val Loss: 2.9447 | C-index: 0.7652

Epoch 8
-------------------------------
loss: 3.038854  [   64/  677]
loss: 2.878268  [  256/  677]
loss: 2.843451  [  448/  677]
loss: 2.673541  [  640/  677]
Average Training Loss: 1.039465
Val Loss: 2.9431 | C-index: 0.7569

Epoch 9
-------------------------------
loss: 3.133083  [   64/  677]
loss: 2.985330  [  256/  677]
loss: 2.828701  [  448/  677]
loss: 2.693530  [  640/  677]
Average Training Loss: 1.058240
Val Loss: 2.9309 | C-index: 0.7774

Epoch 10
-------------------------------
loss: 2.900045  [   64/  677]
loss: 2.873114  [  256/  677]
loss: 3.202166  [  448/  677]
loss: 2.856472  [  640/  677]
Average Training Loss: 1.075618
Val Loss: 2.9234 | C-index: 0.7863

Epoch 11
-------------------------------
loss: 2.584312  [   64/  677]
loss: 2.757887  [  256/  677]
loss: 3.101053  [  448/  677]
loss: 2.642446  [  640/  677]
Average Training Loss: 1.007791
Val Loss: 2.9054 | C-index: 0.7702

Epoch 12
-------------------------------
loss: 2.502310  [   64/  677]
loss: 3.099781  [  256/  677]
loss: 3.235826  [  448/  677]
loss: 3.190645  [  640/  677]
Average Training Loss: 1.093506
Val Loss: 2.8792 | C-index: 0.7979

Epoch 13
-------------------------------
loss: 3.198723  [   64/  677]
loss: 2.989910  [  256/  677]
loss: 3.105813  [  448/  677]
loss: 2.871877  [  640/  677]
Average Training Loss: 1.106029
Val Loss: 2.8789 | C-index: 0.7905

Epoch 14
-------------------------------
loss: 3.046596  [   64/  677]
loss: 3.052363  [  256/  677]
loss: 2.521525  [  448/  677]
loss: 2.173942  [  640/  677]
Average Training Loss: 0.981311
Val Loss: 2.8634 | C-index: 0.7830

Epoch 15
-------------------------------
loss: 3.106882  [   64/  677]
loss: 2.802116  [  256/  677]
loss: 1.919297  [  448/  677]
loss: 2.891781  [  640/  677]
Average Training Loss: 0.974552
Val Loss: 2.8214 | C-index: 0.8029

Epoch 16
-------------------------------
loss: 2.843891  [   64/  677]
loss: 3.000204  [  256/  677]
loss: 2.397712  [  448/  677]
loss: 2.584338  [  640/  677]
Average Training Loss: 0.984195
Val Loss: 2.7920 | C-index: 0.8002

Epoch 17
-------------------------------
loss: 3.045302  [   64/  677]
loss: 3.340732  [  256/  677]
loss: 3.093237  [  448/  677]
loss: 2.834391  [  640/  677]
Average Training Loss: 1.119424
Val Loss: 2.8028 | C-index: 0.7935

Epoch 18
-------------------------------
loss: 3.118340  [   64/  677]
loss: 2.930057  [  256/  677]
loss: 3.402281  [  448/  677]
loss: 2.721403  [  640/  677]
Average Training Loss: 1.106553
Val Loss: 2.8093 | C-index: 0.7791

Epoch 19
-------------------------------
loss: 3.308692  [   64/  677]
loss: 2.120223  [  256/  677]
loss: 2.457334  [  448/  677]
loss: 2.904896  [  640/  677]
Average Training Loss: 0.981013
Val Loss: 2.7911 | C-index: 0.7874

Epoch 20
-------------------------------
loss: 2.687584  [   64/  677]
loss: 2.124444  [  256/  677]
loss: 3.454254  [  448/  677]
loss: 2.509458  [  640/  677]
Average Training Loss: 0.979613
Val Loss: 2.8125 | C-index: 0.7952

Stopping early at Epoch 20 since no C-Index improvement after 5 epochs.
Done!
Best C-Index = 0.8029379157427938 at Epoch 15

=========================================
FOLD 3/5
=========================================

Epoch 1
-------------------------------
loss: 2.622627  [   64/  678]
loss: 3.060859  [  256/  678]
loss: 3.175990  [  448/  678]
loss: 3.225636  [  640/  678]
Average Training Loss: 1.098647
Val Loss: 2.4217 | C-index: 0.5198

Epoch 2
-------------------------------
loss: 3.256928  [   64/  678]
loss: 3.006060  [  256/  678]
loss: 3.233407  [  448/  678]
loss: 2.871372  [  640/  678]
Average Training Loss: 1.124342
Val Loss: 2.4188 | C-index: 0.5843

Epoch 3
-------------------------------
loss: 3.101154  [   64/  678]
loss: 3.092015  [  256/  678]
loss: 3.029595  [  448/  678]
loss: 2.571288  [  640/  678]
Average Training Loss: 1.072186
Val Loss: 2.4154 | C-index: 0.6254

Epoch 4
-------------------------------
loss: 3.274145  [   64/  678]
loss: 2.730676  [  256/  678]
loss: 3.018042  [  448/  678]
loss: 2.756053  [  640/  678]
Average Training Loss: 1.070811
Val Loss: 2.4115 | C-index: 0.6343

Epoch 5
-------------------------------
loss: 2.644881  [   64/  678]
loss: 3.277878  [  256/  678]
loss: 2.873278  [  448/  678]
loss: 3.141178  [  640/  678]
Average Training Loss: 1.085201
Val Loss: 2.4044 | C-index: 0.6512

Epoch 6
-------------------------------
loss: 3.306653  [   64/  678]
loss: 2.931678  [  256/  678]
loss: 2.817928  [  448/  678]
loss: 2.254281  [  640/  678]
Average Training Loss: 1.028231
Val Loss: 2.3962 | C-index: 0.6504

Epoch 7
-------------------------------
loss: 2.649024  [   64/  678]
loss: 3.498814  [  256/  678]
loss: 2.819286  [  448/  678]
loss: 3.300906  [  640/  678]
Average Training Loss: 1.115275
Val Loss: 2.3903 | C-index: 0.6536

Epoch 8
-------------------------------
loss: 2.966883  [   64/  678]
loss: 3.226599  [  256/  678]
loss: 3.287474  [  448/  678]
loss: 2.874450  [  640/  678]
Average Training Loss: 1.123219
Val Loss: 2.3857 | C-index: 0.6399

Epoch 9
-------------------------------
loss: 3.324381  [   64/  678]
loss: 3.141408  [  256/  678]
loss: 2.851999  [  448/  678]
loss: 3.243436  [  640/  678]
Average Training Loss: 1.141929
Val Loss: 2.3782 | C-index: 0.6359

Epoch 10
-------------------------------
loss: 3.571710  [   64/  678]
loss: 3.374387  [  256/  678]
loss: 2.857004  [  448/  678]
loss: 2.878474  [  640/  678]
Average Training Loss: 1.152870
Val Loss: 2.3769 | C-index: 0.6254

Epoch 11
-------------------------------
loss: 3.262860  [   64/  678]
loss: 2.808226  [  256/  678]
loss: 2.725277  [  448/  678]
loss: 2.605456  [  640/  678]
Average Training Loss: 1.036529
Val Loss: 2.3851 | C-index: 0.6101

Epoch 12
-------------------------------
loss: 3.059806  [   64/  678]
loss: 3.093098  [  256/  678]
loss: 2.891075  [  448/  678]
loss: 2.958028  [  640/  678]
Average Training Loss: 1.091092
Val Loss: 2.3752 | C-index: 0.6286

Stopping early at Epoch 12 since no C-Index improvement after 5 epochs.
Done!
Best C-Index = 0.6536290322580646 at Epoch 7

=========================================
FOLD 4/5
=========================================

Epoch 1
-------------------------------
loss: 3.088914  [   64/  678]
loss: 2.619357  [  256/  678]
loss: 3.559448  [  448/  678]
loss: 3.029845  [  640/  678]
Average Training Loss: 1.117960
Val Loss: 3.1400 | C-index: 0.6916

Epoch 2
-------------------------------
loss: 3.083975  [   64/  678]
loss: 3.012798  [  256/  678]
loss: 2.833703  [  448/  678]
loss: 3.418629  [  640/  678]
Average Training Loss: 1.122646
Val Loss: 3.1363 | C-index: 0.7018

Epoch 3
-------------------------------
loss: 3.553744  [   64/  678]
loss: 2.835736  [  256/  678]
loss: 2.942196  [  448/  678]
loss: 2.744154  [  640/  678]
Average Training Loss: 1.097803
Val Loss: 3.1299 | C-index: 0.7018

Epoch 4
-------------------------------
loss: 2.526804  [   64/  678]
loss: 3.257550  [  256/  678]
loss: 2.967925  [  448/  678]
loss: 3.197253  [  640/  678]
Average Training Loss: 1.086321
Val Loss: 3.1220 | C-index: 0.7088

Epoch 5
-------------------------------
loss: 3.248400  [   64/  678]
loss: 2.994071  [  256/  678]
loss: 2.672381  [  448/  678]
loss: 3.346320  [  640/  678]
Average Training Loss: 1.114652
Val Loss: 3.1204 | C-index: 0.6932

Epoch 6
-------------------------------
loss: 2.374691  [   64/  678]
loss: 2.984619  [  256/  678]
loss: 2.697879  [  448/  678]
loss: 3.567714  [  640/  678]
Average Training Loss: 1.056809
Val Loss: 3.1137 | C-index: 0.6975

Epoch 7
-------------------------------
loss: 2.730714  [   64/  678]
loss: 3.353332  [  256/  678]
loss: 2.378034  [  448/  678]
loss: 2.394107  [  640/  678]
Average Training Loss: 0.986926
Val Loss: 3.1060 | C-index: 0.6862

Epoch 8
-------------------------------
loss: 3.013148  [   64/  678]
loss: 2.564774  [  256/  678]
loss: 2.467900  [  448/  678]
loss: 3.159670  [  640/  678]
Average Training Loss: 1.018681
Val Loss: 3.0822 | C-index: 0.7266

Epoch 9
-------------------------------
loss: 2.737783  [   64/  678]
loss: 2.913077  [  256/  678]
loss: 2.819785  [  448/  678]
loss: 2.907035  [  640/  678]
Average Training Loss: 1.034335
Val Loss: 3.0559 | C-index: 0.7449

Epoch 10
-------------------------------
loss: 3.119408  [   64/  678]
loss: 2.967409  [  256/  678]
loss: 2.833359  [  448/  678]
loss: 3.100000  [  640/  678]
Average Training Loss: 1.092743
Val Loss: 3.0435 | C-index: 0.7363

Epoch 11
-------------------------------
loss: 2.740453  [   64/  678]
loss: 2.693361  [  256/  678]
loss: 2.893582  [  448/  678]
loss: 2.504481  [  640/  678]
Average Training Loss: 0.984716
Val Loss: 3.0554 | C-index: 0.7153

Epoch 12
-------------------------------
loss: 2.580262  [   64/  678]
loss: 2.956838  [  256/  678]
loss: 2.285809  [  448/  678]
loss: 3.152991  [  640/  678]
Average Training Loss: 0.997809
Val Loss: 3.0406 | C-index: 0.7266

Epoch 13
-------------------------------
loss: 2.863814  [   64/  678]
loss: 2.594635  [  256/  678]
loss: 3.057883  [  448/  678]
loss: 2.672239  [  640/  678]
Average Training Loss: 1.017143
Val Loss: 3.0337 | C-index: 0.7217

Epoch 14
-------------------------------
loss: 2.874628  [   64/  678]
loss: 3.057093  [  256/  678]
loss: 2.558093  [  448/  678]
loss: 2.435466  [  640/  678]
Average Training Loss: 0.993207
Val Loss: 3.0310 | C-index: 0.7180

Stopping early at Epoch 14 since no C-Index improvement after 5 epochs.
Done!
Best C-Index = 0.7448869752421959 at Epoch 9

=========================================
FOLD 5/5
=========================================

Epoch 1
-------------------------------
loss: 3.092311  [   64/  678]
loss: 2.973640  [  256/  678]
loss: 2.874979  [  448/  678]
loss: 3.234839  [  640/  678]
Average Training Loss: 1.106888
Val Loss: 2.5611 | C-index: 0.6315

Epoch 2
-------------------------------
loss: 2.741296  [   64/  678]
loss: 3.140182  [  256/  678]
loss: 3.348897  [  448/  678]
loss: 2.442064  [  640/  678]
Average Training Loss: 1.061131
Val Loss: 2.5587 | C-index: 0.6404

Epoch 3
-------------------------------
loss: 3.139011  [   64/  678]
loss: 3.206202  [  256/  678]
loss: 3.083065  [  448/  678]
loss: 2.597412  [  640/  678]
Average Training Loss: 1.093245
Val Loss: 2.5562 | C-index: 0.6349

Epoch 4
-------------------------------
loss: 2.929940  [   64/  678]
loss: 3.091523  [  256/  678]
loss: 2.803920  [  448/  678]
loss: 3.144386  [  640/  678]
Average Training Loss: 1.088161
Val Loss: 2.5533 | C-index: 0.6397

Epoch 5
-------------------------------
loss: 3.002854  [   64/  678]
loss: 3.176290  [  256/  678]
loss: 3.315870  [  448/  678]
loss: 3.335025  [  640/  678]
Average Training Loss: 1.166367
Val Loss: 2.5510 | C-index: 0.6445

Epoch 6
-------------------------------
loss: 3.047770  [   64/  678]
loss: 3.172306  [  256/  678]
loss: 2.966923  [  448/  678]
loss: 3.273663  [  640/  678]
Average Training Loss: 1.132787
Val Loss: 2.5496 | C-index: 0.6493

Epoch 7
-------------------------------
loss: 3.157872  [   64/  678]
loss: 2.037446  [  256/  678]
loss: 3.332111  [  448/  678]
loss: 3.009815  [  640/  678]
Average Training Loss: 1.048840
Val Loss: 2.5458 | C-index: 0.6521

Epoch 8
-------------------------------
loss: 2.932075  [   64/  678]
loss: 3.269021  [  256/  678]
loss: 2.747171  [  448/  678]
loss: 3.287457  [  640/  678]
Average Training Loss: 1.112338
Val Loss: 2.5419 | C-index: 0.6596

Epoch 9
-------------------------------
loss: 2.996621  [   64/  678]
loss: 3.145478  [  256/  678]
loss: 3.016492  [  448/  678]
loss: 2.856341  [  640/  678]
Average Training Loss: 1.092266
Val Loss: 2.5405 | C-index: 0.6644

Epoch 10
-------------------------------
loss: 2.697659  [   64/  678]
loss: 3.225016  [  256/  678]
loss: 2.874923  [  448/  678]
loss: 3.558603  [  640/  678]
Average Training Loss: 1.123291
Val Loss: 2.5383 | C-index: 0.6658

Epoch 11
-------------------------------
loss: 3.036879  [   64/  678]
loss: 2.852731  [  256/  678]
loss: 2.786268  [  448/  678]
loss: 3.158130  [  640/  678]
Average Training Loss: 1.075819
Val Loss: 2.5352 | C-index: 0.6747

Epoch 12
-------------------------------
loss: 2.614755  [   64/  678]
loss: 3.129343  [  256/  678]
loss: 3.092355  [  448/  678]
loss: 2.200830  [  640/  678]
Average Training Loss: 1.003389
Val Loss: 2.5348 | C-index: 0.6781

Epoch 13
-------------------------------
loss: 3.413997  [   64/  678]
loss: 2.543523  [  256/  678]
loss: 3.375952  [  448/  678]
loss: 2.563796  [  640/  678]
Average Training Loss: 1.081570
Val Loss: 2.5310 | C-index: 0.6842

Epoch 14
-------------------------------
loss: 2.969081  [   64/  678]
loss: 2.392246  [  256/  678]
loss: 2.907053  [  448/  678]
loss: 3.063284  [  640/  678]
Average Training Loss: 1.030151
Val Loss: 2.5291 | C-index: 0.6812

Epoch 15
-------------------------------
loss: 3.510119  [   64/  678]
loss: 3.377197  [  256/  678]
loss: 3.504649  [  448/  678]
loss: 2.816960  [  640/  678]
Average Training Loss: 1.200811
Val Loss: 2.5261 | C-index: 0.6860

Epoch 16
-------------------------------
loss: 2.801336  [   64/  678]
loss: 3.635235  [  256/  678]
loss: 3.360763  [  448/  678]
loss: 2.551676  [  640/  678]
Average Training Loss: 1.122637
Val Loss: 2.5236 | C-index: 0.6866

Epoch 17
-------------------------------
loss: 3.088292  [   64/  678]
loss: 3.164389  [  256/  678]
loss: 3.339249  [  448/  678]
loss: 3.076133  [  640/  678]
Average Training Loss: 1.151642
Val Loss: 2.5204 | C-index: 0.6911

Epoch 18
-------------------------------
loss: 2.988233  [   64/  678]
loss: 3.028920  [  256/  678]
loss: 3.068535  [  448/  678]
loss: 3.112390  [  640/  678]
Average Training Loss: 1.108916
Val Loss: 2.5235 | C-index: 0.6894

Epoch 19
-------------------------------
loss: 3.025665  [   64/  678]
loss: 3.460626  [  256/  678]
loss: 3.251158  [  448/  678]
loss: 2.720139  [  640/  678]
Average Training Loss: 1.132508
Val Loss: 2.5174 | C-index: 0.7072

Epoch 20
-------------------------------
loss: 2.995953  [   64/  678]
loss: 3.246538  [  256/  678]
loss: 3.145317  [  448/  678]
loss: 2.723293  [  640/  678]
Average Training Loss: 1.101009
Val Loss: 2.5077 | C-index: 0.7017

Epoch 21
-------------------------------
loss: 2.892661  [   64/  678]
loss: 3.048135  [  256/  678]
loss: 3.138216  [  448/  678]
loss: 2.676302  [  640/  678]
Average Training Loss: 1.068665
Val Loss: 2.5017 | C-index: 0.7274

Epoch 22
-------------------------------
loss: 3.044870  [   64/  678]
loss: 2.847246  [  256/  678]
loss: 3.103254  [  448/  678]
loss: 2.580482  [  640/  678]
Average Training Loss: 1.052350
Val Loss: 2.4967 | C-index: 0.7216

Epoch 23
-------------------------------
loss: 3.271217  [   64/  678]
loss: 2.509489  [  256/  678]
loss: 3.099861  [  448/  678]
loss: 2.924027  [  640/  678]
Average Training Loss: 1.073145
Val Loss: 2.4911 | C-index: 0.7301

Epoch 24
-------------------------------
loss: 2.884000  [   64/  678]
loss: 2.698962  [  256/  678]
loss: 3.030724  [  448/  678]
loss: 3.164571  [  640/  678]
Average Training Loss: 1.070751
Val Loss: 2.4657 | C-index: 0.7394

Epoch 25
-------------------------------
loss: 2.360597  [   64/  678]
loss: 3.323656  [  256/  678]
loss: 3.304801  [  448/  678]
loss: 3.128455  [  640/  678]
Average Training Loss: 1.101592
Val Loss: 2.4347 | C-index: 0.7366

Epoch 26
-------------------------------
loss: 3.018806  [   64/  678]
loss: 2.722578  [  256/  678]
loss: 2.697547  [  448/  678]
loss: 3.116105  [  640/  678]
Average Training Loss: 1.050458
Val Loss: 2.4308 | C-index: 0.7425

Epoch 27
-------------------------------
loss: 2.936578  [   64/  678]
loss: 3.198608  [  256/  678]
loss: 2.394984  [  448/  678]
loss: 2.715837  [  640/  678]
Average Training Loss: 1.022364
Val Loss: 2.4031 | C-index: 0.7500

Epoch 28
-------------------------------
loss: 2.482330  [   64/  678]
loss: 3.066469  [  256/  678]
loss: 3.061984  [  448/  678]
loss: 2.826590  [  640/  678]
Average Training Loss: 1.039761
Val Loss: 2.4269 | C-index: 0.7476

Epoch 29
-------------------------------
loss: 2.755135  [   64/  678]
loss: 2.636928  [  256/  678]
loss: 3.181437  [  448/  678]
loss: 2.771014  [  640/  678]
Average Training Loss: 1.031319
Val Loss: 2.4383 | C-index: 0.7521

Epoch 30
-------------------------------
loss: 3.130677  [   64/  678]
loss: 2.587550  [  256/  678]
loss: 3.127785  [  448/  678]
loss: 2.574407  [  640/  678]
Average Training Loss: 1.038220
Val Loss: 2.4170 | C-index: 0.7459

Epoch 31
-------------------------------
loss: 2.404823  [   64/  678]
loss: 3.240517  [  256/  678]
loss: 2.698004  [  448/  678]
loss: 2.948848  [  640/  678]
Average Training Loss: 1.026563
Val Loss: 2.4098 | C-index: 0.7514

Epoch 32
-------------------------------
loss: 3.457623  [   64/  678]
loss: 3.161587  [  256/  678]
loss: 2.875991  [  448/  678]
loss: 3.000315  [  640/  678]
Average Training Loss: 1.135956
Val Loss: 2.4045 | C-index: 0.7527

Epoch 33
-------------------------------
loss: 3.097143  [   64/  678]
loss: 2.727326  [  256/  678]
loss: 2.769244  [  448/  678]
loss: 2.780681  [  640/  678]
Average Training Loss: 1.034036
Val Loss: 2.3806 | C-index: 0.7493

Epoch 34
-------------------------------
loss: 2.819363  [   64/  678]
loss: 2.760041  [  256/  678]
loss: 3.410396  [  448/  678]
loss: 2.839066  [  640/  678]
Average Training Loss: 1.075351
Val Loss: 2.3748 | C-index: 0.7507

Epoch 35
-------------------------------
loss: 2.756238  [   64/  678]
loss: 3.129313  [  256/  678]
loss: 2.287219  [  448/  678]
loss: 3.123724  [  640/  678]
Average Training Loss: 1.026954
Val Loss: 2.3811 | C-index: 0.7473

Epoch 36
-------------------------------
loss: 3.256782  [   64/  678]
loss: 2.827416  [  256/  678]
loss: 2.825411  [  448/  678]
loss: 2.663899  [  640/  678]
Average Training Loss: 1.052137
Val Loss: 2.3608 | C-index: 0.7473

Epoch 37
-------------------------------
loss: 2.781310  [   64/  678]
loss: 2.569215  [  256/  678]
loss: 2.717783  [  448/  678]
loss: 3.078320  [  640/  678]
Average Training Loss: 1.013330
Val Loss: 2.4021 | C-index: 0.7363

Stopping early at Epoch 37 since no C-Index improvement after 5 epochs.
Done!
Best C-Index = 0.7527397260273972 at Epoch 32

=========================================
CV training complete! Mean ± std C-index: 0.7409 ± 0.0484
Best epochs per fold: [15, 15, 7, 9, 32]

=========================================
Retraining model on full train+val for 16 epochs...
Epoch 1
-------------------------------
loss: 3.463710  [   64/  847]
loss: 2.658539  [  320/  847]
loss: 2.704502  [  576/  847]
loss: 2.757892  [  832/  847]
Average Training Loss: 0.827474
Val Loss: 2.8587 | C-index: 0.6366

Epoch 2
-------------------------------
loss: 2.891436  [   64/  847]
loss: 3.218934  [  320/  847]
loss: 2.967139  [  576/  847]
loss: 3.076586  [  832/  847]
Average Training Loss: 0.868150
Val Loss: 2.8923 | C-index: 0.6460

Epoch 3
-------------------------------
loss: 2.249494  [   64/  847]
loss: 3.056477  [  320/  847]
loss: 3.037192  [  576/  847]
loss: 3.069819  [  832/  847]
Average Training Loss: 0.815213
Val Loss: 2.8862 | C-index: 0.6557

Epoch 4
-------------------------------
loss: 3.170902  [   64/  847]
loss: 2.263329  [  320/  847]
loss: 3.465500  [  576/  847]
loss: 2.637954  [  832/  847]
Average Training Loss: 0.824120
Val Loss: 2.8900 | C-index: 0.6714

Epoch 5
-------------------------------
loss: 3.034443  [   64/  847]
loss: 3.628069  [  320/  847]
loss: 3.093626  [  576/  847]
loss: 2.623105  [  832/  847]
Average Training Loss: 0.884232
Val Loss: 2.8602 | C-index: 0.6897

Epoch 6
-------------------------------
loss: 2.582238  [   64/  847]
loss: 2.586530  [  320/  847]
loss: 2.986722  [  576/  847]
loss: 3.448841  [  832/  847]
Average Training Loss: 0.828881
Val Loss: 2.9079 | C-index: 0.6923

Epoch 7
-------------------------------
loss: 3.139342  [   64/  847]
loss: 2.907702  [  320/  847]
loss: 3.091758  [  576/  847]
loss: 3.441157  [  832/  847]
Average Training Loss: 0.898569
Val Loss: 2.8410 | C-index: 0.7025

Epoch 8
-------------------------------
loss: 2.964128  [   64/  847]
loss: 2.932741  [  320/  847]
loss: 2.839210  [  576/  847]
loss: 3.237209  [  832/  847]
Average Training Loss: 0.855235
Val Loss: 2.8572 | C-index: 0.7085

Epoch 9
-------------------------------
loss: 2.085252  [   64/  847]
loss: 3.035094  [  320/  847]
loss: 2.953305  [  576/  847]
loss: 2.792446  [  832/  847]
Average Training Loss: 0.776150
Val Loss: 2.8641 | C-index: 0.7185

Epoch 10
-------------------------------
loss: 2.771395  [   64/  847]
loss: 2.617872  [  320/  847]
loss: 3.434046  [  576/  847]
loss: 3.250824  [  832/  847]
Average Training Loss: 0.862438
Val Loss: 2.9238 | C-index: 0.7222

Epoch 11
-------------------------------
loss: 3.025609  [   64/  847]
loss: 2.670385  [  320/  847]
loss: 3.399466  [  576/  847]
loss: 2.704208  [  832/  847]
Average Training Loss: 0.842833
Val Loss: 2.8447 | C-index: 0.7228

Epoch 12
-------------------------------
loss: 2.714633  [   64/  847]
loss: 2.916638  [  320/  847]
loss: 2.570284  [  576/  847]
loss: 2.753845  [  832/  847]
Average Training Loss: 0.782529
Val Loss: 2.8372 | C-index: 0.7247

Epoch 13
-------------------------------
loss: 3.379442  [   64/  847]
loss: 2.872609  [  320/  847]
loss: 2.787817  [  576/  847]
loss: 2.523515  [  832/  847]
Average Training Loss: 0.825956
Val Loss: 2.8287 | C-index: 0.7266

Epoch 14
-------------------------------
loss: 3.070092  [   64/  847]
loss: 2.547482  [  320/  847]
loss: 2.682680  [  576/  847]
loss: 2.392751  [  832/  847]
Average Training Loss: 0.763786
Val Loss: 2.8312 | C-index: 0.7342

Epoch 15
-------------------------------
loss: 2.611251  [   64/  847]
loss: 2.934281  [  320/  847]
loss: 2.920426  [  576/  847]
loss: 2.580543  [  832/  847]
Average Training Loss: 0.789036
Val Loss: 2.7072 | C-index: 0.7304

Epoch 16
-------------------------------
loss: 2.912484  [   64/  847]
loss: 2.811215  [  320/  847]
loss: 3.450269  [  576/  847]
loss: 2.347061  [  832/  847]
Average Training Loss: 0.822931
Val Loss: 2.7216 | C-index: 0.7374

Done!
Best C-Index = 0.7373654572670896 at Epoch 16
FINAL TEST Average Loss: 2.5448
FINAL TEST C-index: 0.6404
Bootstrap 95% CI: [0.4974, 0.7681]
Results saved to /Users/evan/Documents/GitHub/HyBINN/experiments/runs/other/clinical_architecture_testing/seed2/results.json
