train_hybinn.py log started 2026-06-17 01:06:11.925703
=========================================
Model Active Branches: ['gene']
=========================================

=========================================
FOLD 1/5
=========================================

Epoch 1
-------------------------------
loss: 3.033209  [   64/  677]
loss: 2.819557  [  256/  677]
loss: 2.800992  [  448/  677]
loss: 3.114982  [  640/  677]
Average Training Loss: 1.069885
Val Loss: 2.8237 | C-index: 0.4924

Epoch 2
-------------------------------
loss: 2.447442  [   64/  677]
loss: 3.528321  [  256/  677]
loss: 2.951492  [  448/  677]
loss: 3.018620  [  640/  677]
Average Training Loss: 1.085989
Val Loss: 2.6867 | C-index: 0.6439

Epoch 3
-------------------------------
loss: 3.034111  [   64/  677]
loss: 2.601677  [  256/  677]
loss: 2.354957  [  448/  677]
loss: 2.824437  [  640/  677]
Average Training Loss: 0.983198
Val Loss: 2.7124 | C-index: 0.6281

Epoch 4
-------------------------------
loss: 2.347663  [   64/  677]
loss: 2.630713  [  256/  677]
loss: 2.268448  [  448/  677]
loss: 2.510264  [  640/  677]
Average Training Loss: 0.887008
Val Loss: 2.6554 | C-index: 0.6519

Epoch 5
-------------------------------
loss: 1.698575  [   64/  677]
loss: 1.738477  [  256/  677]
loss: 1.619860  [  448/  677]
loss: 2.497671  [  640/  677]
Average Training Loss: 0.686780
Val Loss: 2.9154 | C-index: 0.6320

Epoch 6
-------------------------------
loss: 1.522659  [   64/  677]
loss: 1.816093  [  256/  677]
loss: 2.051675  [  448/  677]
loss: 1.494858  [  640/  677]
Average Training Loss: 0.625935
Val Loss: 3.0410 | C-index: 0.6122

Epoch 7
-------------------------------
loss: 1.872272  [   64/  677]
loss: 1.576250  [  256/  677]
loss: 1.787531  [  448/  677]
loss: 1.024330  [  640/  677]
Average Training Loss: 0.569126
Val Loss: 2.8128 | C-index: 0.6618

Epoch 8
-------------------------------
loss: 1.748879  [   64/  677]
loss: 1.506585  [  256/  677]
loss: 1.125940  [  448/  677]
loss: 2.125610  [  640/  677]
Average Training Loss: 0.591547
Val Loss: 2.7231 | C-index: 0.6320

Epoch 9
-------------------------------
loss: 1.603602  [   64/  677]
loss: 1.290237  [  256/  677]
loss: 1.387203  [  448/  677]
loss: 0.956106  [  640/  677]
Average Training Loss: 0.476104
Val Loss: 3.0712 | C-index: 0.6102

Epoch 10
-------------------------------
loss: 2.406429  [   64/  677]
loss: 1.575147  [  256/  677]
loss: 1.108540  [  448/  677]
loss: 1.417432  [  640/  677]
Average Training Loss: 0.591595
Val Loss: 2.7419 | C-index: 0.6896

Epoch 11
-------------------------------
loss: 1.005295  [   64/  677]
loss: 1.048637  [  256/  677]
loss: 0.575635  [  448/  677]
loss: 1.188698  [  640/  677]
Average Training Loss: 0.347115
Val Loss: 2.7285 | C-index: 0.6651

Epoch 12
-------------------------------
loss: 1.052585  [   64/  677]
loss: 0.910815  [  256/  677]
loss: 0.927499  [  448/  677]
loss: 1.232716  [  640/  677]
Average Training Loss: 0.374874
Val Loss: 2.7198 | C-index: 0.6664

Epoch 13
-------------------------------
loss: 0.791013  [   64/  677]
loss: 0.768714  [  256/  677]
loss: 1.058816  [  448/  677]
loss: 0.968662  [  640/  677]
Average Training Loss: 0.326110
Val Loss: 2.7869 | C-index: 0.6592

Epoch 14
-------------------------------
loss: 1.013821  [   64/  677]
loss: 0.563329  [  256/  677]
loss: 1.776823  [  448/  677]
loss: 1.598513  [  640/  677]
Average Training Loss: 0.450226
Val Loss: 3.3507 | C-index: 0.6228

Epoch 15
-------------------------------
loss: 1.306962  [   64/  677]
loss: 0.553048  [  256/  677]
loss: 2.230290  [  448/  677]
loss: 0.979695  [  640/  677]
Average Training Loss: 0.460909
Val Loss: 2.8111 | C-index: 0.6830

Stopping early at Epoch 15 since no C-Index improvement after 5 epochs.
Done!
Best C-Index = 0.6896095301125083 at Epoch 10

=========================================
FOLD 2/5
=========================================

Epoch 1
-------------------------------
loss: 2.871313  [   64/  677]
loss: 3.333314  [  256/  677]
loss: 2.874350  [  448/  677]
loss: 2.664683  [  640/  677]
Average Training Loss: 1.067605
Val Loss: 2.8751 | C-index: 0.5579

Epoch 2
-------------------------------
loss: 3.144388  [   64/  677]
loss: 3.449237  [  256/  677]
loss: 2.314203  [  448/  677]
loss: 3.066598  [  640/  677]
Average Training Loss: 1.088584
Val Loss: 2.8020 | C-index: 0.6370

Epoch 3
-------------------------------
loss: 2.692264  [   64/  677]
loss: 2.975838  [  256/  677]
loss: 3.091225  [  448/  677]
loss: 2.541290  [  640/  677]
Average Training Loss: 1.027329
Val Loss: 2.8192 | C-index: 0.6705

Epoch 4
-------------------------------
loss: 2.513412  [   64/  677]
loss: 2.277759  [  256/  677]
loss: 1.911717  [  448/  677]
loss: 1.327923  [  640/  677]
Average Training Loss: 0.730074
Val Loss: 2.7128 | C-index: 0.7341

Epoch 5
-------------------------------
loss: 2.379985  [   64/  677]
loss: 1.530213  [  256/  677]
loss: 2.293141  [  448/  677]
loss: 2.118053  [  640/  677]
Average Training Loss: 0.756490
Val Loss: 3.0662 | C-index: 0.6417

Epoch 6
-------------------------------
loss: 2.038344  [   64/  677]
loss: 2.194890  [  256/  677]
loss: 1.116440  [  448/  677]
loss: 2.071961  [  640/  677]
Average Training Loss: 0.674694
Val Loss: 3.3564 | C-index: 0.5928

Epoch 7
-------------------------------
loss: 2.080203  [   64/  677]
loss: 1.600536  [  256/  677]
loss: 2.370388  [  448/  677]
loss: 1.700309  [  640/  677]
Average Training Loss: 0.704676
Val Loss: 3.0812 | C-index: 0.6631

Epoch 8
-------------------------------
loss: 1.401965  [   64/  677]
loss: 1.770027  [  256/  677]
loss: 1.217036  [  448/  677]
loss: 1.651447  [  640/  677]
Average Training Loss: 0.549134
Val Loss: 2.8321 | C-index: 0.7274

Epoch 9
-------------------------------
loss: 1.273997  [   64/  677]
loss: 1.104852  [  256/  677]
loss: 1.712071  [  448/  677]
loss: 2.003606  [  640/  677]
Average Training Loss: 0.554048
Val Loss: 2.6699 | C-index: 0.7261

Stopping early at Epoch 9 since no C-Index improvement after 5 epochs.
Done!
Best C-Index = 0.7340924313462827 at Epoch 4

=========================================
FOLD 3/5
=========================================

Epoch 1
-------------------------------
loss: 2.524175  [   64/  678]
loss: 2.780142  [  256/  678]
loss: 2.763720  [  448/  678]
loss: 2.831664  [  640/  678]
Average Training Loss: 0.990882
Val Loss: 3.3904 | C-index: 0.6005

Epoch 2
-------------------------------
loss: 2.959530  [   64/  678]
loss: 2.239626  [  256/  678]
loss: 2.484056  [  448/  678]
loss: 2.641010  [  640/  678]
Average Training Loss: 0.938566
Val Loss: 3.2837 | C-index: 0.6506

Epoch 3
-------------------------------
loss: 2.711704  [   64/  678]
loss: 2.559616  [  256/  678]
loss: 2.171839  [  448/  678]
loss: 2.579293  [  640/  678]
Average Training Loss: 0.911132
Val Loss: 3.2320 | C-index: 0.6719

Epoch 4
-------------------------------
loss: 2.034977  [   64/  678]
loss: 1.982148  [  256/  678]
loss: 2.328643  [  448/  678]
loss: 2.218093  [  640/  678]
Average Training Loss: 0.778533
Val Loss: 3.5783 | C-index: 0.6497

Epoch 5
-------------------------------
loss: 0.853188  [   64/  678]
loss: 1.784621  [  256/  678]
loss: 1.465443  [  448/  678]
loss: 1.869001  [  640/  678]
Average Training Loss: 0.542932
Val Loss: 4.3674 | C-index: 0.6687

Epoch 6
-------------------------------
loss: 1.142624  [   64/  678]
loss: 1.260512  [  256/  678]
loss: 1.987254  [  448/  678]
loss: 1.631947  [  640/  678]
Average Training Loss: 0.547485
Val Loss: 4.1400 | C-index: 0.6506

Epoch 7
-------------------------------
loss: 1.391295  [   64/  678]
loss: 1.277055  [  256/  678]
loss: 1.872513  [  448/  678]
loss: 1.106410  [  640/  678]
Average Training Loss: 0.513388
Val Loss: 4.4154 | C-index: 0.6255

Epoch 8
-------------------------------
loss: 0.816278  [   64/  678]
loss: 1.742393  [  256/  678]
loss: 1.084401  [  448/  678]
loss: 0.877129  [  640/  678]
Average Training Loss: 0.410927
Val Loss: 4.1476 | C-index: 0.6515

Stopping early at Epoch 8 since no C-Index improvement after 5 epochs.
Done!
Best C-Index = 0.6719257540603248 at Epoch 3

=========================================
FOLD 4/5
=========================================

Epoch 1
-------------------------------
loss: 2.731520  [   64/  678]
loss: 2.926189  [  256/  678]
loss: 2.242702  [  448/  678]
loss: 3.552291  [  640/  678]
Average Training Loss: 1.041155
Val Loss: 2.5653 | C-index: 0.5167

Epoch 2
-------------------------------
loss: 2.709741  [   64/  678]
loss: 3.405372  [  256/  678]
loss: 2.703613  [  448/  678]
loss: 2.420493  [  640/  678]
Average Training Loss: 1.021747
Val Loss: 2.5448 | C-index: 0.5303

Epoch 3
-------------------------------
loss: 2.486491  [   64/  678]
loss: 2.566594  [  256/  678]
loss: 2.532609  [  448/  678]
loss: 2.904195  [  640/  678]
Average Training Loss: 0.953626
Val Loss: 2.5255 | C-index: 0.5303

Epoch 4
-------------------------------
loss: 2.043835  [   64/  678]
loss: 2.663490  [  256/  678]
loss: 1.757152  [  448/  678]
loss: 2.463701  [  640/  678]
Average Training Loss: 0.811653
Val Loss: 2.6005 | C-index: 0.5510

Epoch 5
-------------------------------
loss: 1.928865  [   64/  678]
loss: 1.832867  [  256/  678]
loss: 1.691399  [  448/  678]
loss: 1.582206  [  640/  678]
Average Training Loss: 0.639576
Val Loss: 2.7755 | C-index: 0.5415

Epoch 6
-------------------------------
loss: 1.292076  [   64/  678]
loss: 2.007293  [  256/  678]
loss: 1.831958  [  448/  678]
loss: 2.211975  [  640/  678]
Average Training Loss: 0.667573
Val Loss: 3.1573 | C-index: 0.5933

Epoch 7
-------------------------------
loss: 1.514429  [   64/  678]
loss: 0.801246  [  256/  678]
loss: 1.658583  [  448/  678]
loss: 1.553560  [  640/  678]
Average Training Loss: 0.502529
Val Loss: 3.3997 | C-index: 0.5231

Epoch 8
-------------------------------
loss: 1.491250  [   64/  678]
loss: 1.005717  [  256/  678]
loss: 1.717489  [  448/  678]
loss: 1.269873  [  640/  678]
Average Training Loss: 0.498575
Val Loss: 3.0597 | C-index: 0.5455

Epoch 9
-------------------------------
loss: 1.338133  [   64/  678]
loss: 0.915528  [  256/  678]
loss: 1.280909  [  448/  678]
loss: 1.167086  [  640/  678]
Average Training Loss: 0.427423
Val Loss: 3.3208 | C-index: 0.5455

Epoch 10
-------------------------------
loss: 1.127526  [   64/  678]
loss: 1.044172  [  256/  678]
loss: 1.943794  [  448/  678]
loss: 1.505968  [  640/  678]
Average Training Loss: 0.511042
Val Loss: 3.3845 | C-index: 0.5295

Epoch 11
-------------------------------
loss: 0.681301  [   64/  678]
loss: 0.238126  [  256/  678]
loss: 1.373904  [  448/  678]
loss: 1.318707  [  640/  678]
Average Training Loss: 0.328367
Val Loss: 3.6007 | C-index: 0.4976

Stopping early at Epoch 11 since no C-Index improvement after 5 epochs.
Done!
Best C-Index = 0.5933014354066986 at Epoch 6

=========================================
FOLD 5/5
=========================================

Epoch 1
-------------------------------
loss: 3.052879  [   64/  678]
loss: 3.314184  [  256/  678]
loss: 2.840097  [  448/  678]
loss: 3.097981  [  640/  678]
Average Training Loss: 1.118649
Val Loss: 3.0833 | C-index: 0.5578

Epoch 2
-------------------------------
loss: 2.851204  [   64/  678]
loss: 2.690057  [  256/  678]
loss: 2.709153  [  448/  678]
loss: 2.803148  [  640/  678]
Average Training Loss: 1.004869
Val Loss: 3.1542 | C-index: 0.5953

Epoch 3
-------------------------------
loss: 2.437835  [   64/  678]
loss: 2.434565  [  256/  678]
loss: 2.392308  [  448/  678]
loss: 2.792953  [  640/  678]
Average Training Loss: 0.914333
Val Loss: 3.1488 | C-index: 0.6694

Epoch 4
-------------------------------
loss: 2.034522  [   64/  678]
loss: 2.368756  [  256/  678]
loss: 2.341695  [  448/  678]
loss: 1.932962  [  640/  678]
Average Training Loss: 0.788903
Val Loss: 3.0190 | C-index: 0.6597

Epoch 5
-------------------------------
loss: 1.835678  [   64/  678]
loss: 2.397833  [  256/  678]
loss: 1.908113  [  448/  678]
loss: 1.116335  [  640/  678]
Average Training Loss: 0.659815
Val Loss: 3.2122 | C-index: 0.6797

Epoch 6
-------------------------------
loss: 1.341906  [   64/  678]
loss: 1.944738  [  256/  678]
loss: 1.420775  [  448/  678]
loss: 1.004142  [  640/  678]
Average Training Loss: 0.519233
Val Loss: 3.5179 | C-index: 0.6694

Epoch 7
-------------------------------
loss: 1.173245  [   64/  678]
loss: 0.862212  [  256/  678]
loss: 0.779435  [  448/  678]
loss: 2.023144  [  640/  678]
Average Training Loss: 0.439821
Val Loss: 3.3210 | C-index: 0.7118

Epoch 8
-------------------------------
loss: 0.765059  [   64/  678]
loss: 1.181819  [  256/  678]
loss: 1.861151  [  448/  678]
loss: 1.599276  [  640/  678]
Average Training Loss: 0.491573
Val Loss: 3.5729 | C-index: 0.6611

Epoch 9
-------------------------------
loss: 1.649385  [   64/  678]
loss: 1.395367  [  256/  678]
loss: 0.824753  [  448/  678]
loss: 1.995029  [  640/  678]
Average Training Loss: 0.533140
Val Loss: 3.6597 | C-index: 0.7338

Epoch 10
-------------------------------
loss: 1.927037  [   64/  678]
loss: 1.232194  [  256/  678]
loss: 0.832533  [  448/  678]
loss: 0.753664  [  640/  678]
Average Training Loss: 0.431403
Val Loss: 3.5175 | C-index: 0.6650

Epoch 11
-------------------------------
loss: 1.097966  [   64/  678]
loss: 1.057582  [  256/  678]
loss: 1.613839  [  448/  678]
loss: 0.719202  [  640/  678]
Average Training Loss: 0.408054
Val Loss: 3.5692 | C-index: 0.7001

Epoch 12
-------------------------------
loss: 0.550240  [   64/  678]
loss: 1.462750  [  256/  678]
loss: 1.097092  [  448/  678]
loss: 0.655628  [  640/  678]
Average Training Loss: 0.342337
Val Loss: 3.8996 | C-index: 0.6616

Epoch 13
-------------------------------
loss: 1.203078  [   64/  678]
loss: 1.714508  [  256/  678]
loss: 1.163394  [  448/  678]
loss: 0.722752  [  640/  678]
Average Training Loss: 0.436703
Val Loss: 3.8673 | C-index: 0.7001

Epoch 14
-------------------------------
loss: 1.402648  [   64/  678]
loss: 1.076101  [  256/  678]
loss: 0.917882  [  448/  678]
loss: 0.778598  [  640/  678]
Average Training Loss: 0.379566
Val Loss: 3.9660 | C-index: 0.6699

Stopping early at Epoch 14 since no C-Index improvement after 5 epochs.
Done!
Best C-Index = 0.7337883959044369 at Epoch 9

=========================================
CV training complete! Mean ± std C-index: 0.6845 ± 0.0517
Best epochs per fold: [10, 4, 3, 6, 9]

=========================================
Retraining model on full train+val for 6 epochs...
Epoch 1
-------------------------------
loss: 2.822703  [   64/  847]
loss: 3.497005  [  320/  847]
loss: 2.960163  [  576/  847]
loss: 2.732812  [  832/  847]
Average Training Loss: 0.858049
Val Loss: 2.6935 | C-index: 0.6671

Epoch 2
-------------------------------
loss: 3.044317  [   64/  847]
loss: 3.047642  [  320/  847]
loss: 2.517976  [  576/  847]
loss: 2.218830  [  832/  847]
Average Training Loss: 0.773483
Val Loss: 2.5155 | C-index: 0.8119

Epoch 3
-------------------------------
loss: 2.812324  [   64/  847]
loss: 2.572116  [  320/  847]
loss: 2.682649  [  576/  847]
loss: 2.356238  [  832/  847]
Average Training Loss: 0.744523
Val Loss: 1.9270 | C-index: 0.9089

Epoch 4
-------------------------------
loss: 1.716793  [   64/  847]
loss: 2.920366  [  320/  847]
loss: 2.012682  [  576/  847]
loss: 2.140741  [  832/  847]
Average Training Loss: 0.627899
Val Loss: 1.5631 | C-index: 0.9232

Epoch 5
-------------------------------
loss: 1.445994  [   64/  847]
loss: 1.553647  [  320/  847]
loss: 1.738924  [  576/  847]
loss: 1.900085  [  832/  847]
Average Training Loss: 0.474189
Val Loss: 1.7029 | C-index: 0.9210

Epoch 6
-------------------------------
loss: 1.608811  [   64/  847]
loss: 1.472738  [  320/  847]
loss: 2.040701  [  576/  847]
loss: 2.060254  [  832/  847]
Average Training Loss: 0.513036
Val Loss: 1.4005 | C-index: 0.9287

Done!
Best C-Index = 0.9287085990658859 at Epoch 6
FINAL TEST Average Loss: 3.3458
FINAL TEST C-index: 0.5149
Bootstrap 95% CI: [0.3947, 0.6533]
Results saved to /Users/evan/Documents/GitHub/HyBINN/experiments/runs/gene/seed_9/results.json
