train_hybinn.py log started 2026-06-05 22:40:53.688303
=========================================
Model Active Branches: ['binn', 'gene']
=========================================

=========================================
FOLD 1/5
=========================================

Epoch 1
-------------------------------
loss: 3.037573  [   64/  677]
loss: 2.773104  [  256/  677]
loss: 2.865530  [  448/  677]
loss: 3.406585  [  640/  677]
Average Training Loss: 1.098436
Val Loss: 2.6029 | C-index: 0.4593

Epoch 2
-------------------------------
loss: 2.868082  [   64/  677]
loss: 3.012775  [  256/  677]
loss: 3.189566  [  448/  677]
loss: 2.927443  [  640/  677]
Average Training Loss: 1.090715
Val Loss: 2.5431 | C-index: 0.6242

Epoch 3
-------------------------------
loss: 2.988503  [   64/  677]
loss: 3.275790  [  256/  677]
loss: 2.702013  [  448/  677]
loss: 3.082010  [  640/  677]
Average Training Loss: 1.095301
Val Loss: 2.4706 | C-index: 0.7250

Epoch 4
-------------------------------
loss: 2.798694  [   64/  677]
loss: 2.722275  [  256/  677]
loss: 2.584337  [  448/  677]
loss: 2.689661  [  640/  677]
Average Training Loss: 0.981361
Val Loss: 2.4605 | C-index: 0.6949

Epoch 5
-------------------------------
loss: 2.277625  [   64/  677]
loss: 1.889193  [  256/  677]
loss: 1.859800  [  448/  677]
loss: 2.036820  [  640/  677]
Average Training Loss: 0.733040
Val Loss: 2.4409 | C-index: 0.7797

Epoch 6
-------------------------------
loss: 1.979599  [   64/  677]
loss: 1.800600  [  256/  677]
loss: 2.245382  [  448/  677]
loss: 2.233014  [  640/  677]
Average Training Loss: 0.750781
Val Loss: 2.8762 | C-index: 0.7463

Epoch 7
-------------------------------
loss: 1.643132  [   64/  677]
loss: 1.527279  [  256/  677]
loss: 1.985897  [  448/  677]
loss: 1.598927  [  640/  677]
Average Training Loss: 0.614112
Val Loss: 3.5861 | C-index: 0.5814

Epoch 8
-------------------------------
loss: 1.875020  [   64/  677]
loss: 1.608505  [  256/  677]
loss: 2.136333  [  448/  677]
loss: 1.853251  [  640/  677]
Average Training Loss: 0.679374
Val Loss: 2.6153 | C-index: 0.7377

Epoch 9
-------------------------------
loss: 1.128244  [   64/  677]
loss: 1.195384  [  256/  677]
loss: 1.361058  [  448/  677]
loss: 1.624369  [  640/  677]
Average Training Loss: 0.482641
Val Loss: 2.6466 | C-index: 0.7670

Epoch 10
-------------------------------
loss: 1.517504  [   64/  677]
loss: 1.558799  [  256/  677]
loss: 0.848002  [  448/  677]
loss: 0.977384  [  640/  677]
Average Training Loss: 0.445608
Val Loss: 3.3242 | C-index: 0.7250

Stopping early at Epoch 10 since no C-Index improvement after 5 epochs.
Done!
Best C-Index = 0.7797062750333779 at Epoch 5

=========================================
FOLD 2/5
=========================================

Epoch 1
-------------------------------
loss: 2.725994  [   64/  677]
loss: 2.648530  [  256/  677]
loss: 2.452769  [  448/  677]
loss: 3.304117  [  640/  677]
Average Training Loss: 1.011946
Val Loss: 2.8218 | C-index: 0.4292

Epoch 2
-------------------------------
loss: 3.072129  [   64/  677]
loss: 3.238387  [  256/  677]
loss: 2.938470  [  448/  677]
loss: 1.899479  [  640/  677]
Average Training Loss: 1.013497
Val Loss: 2.8415 | C-index: 0.4421

Epoch 3
-------------------------------
loss: 2.330736  [   64/  677]
loss: 2.984719  [  256/  677]
loss: 2.584099  [  448/  677]
loss: 2.601516  [  640/  677]
Average Training Loss: 0.954643
Val Loss: 2.7954 | C-index: 0.4982

Epoch 4
-------------------------------
loss: 2.499217  [   64/  677]
loss: 2.527613  [  256/  677]
loss: 2.368545  [  448/  677]
loss: 1.871148  [  640/  677]
Average Training Loss: 0.842411
Val Loss: 3.0067 | C-index: 0.4764

Epoch 5
-------------------------------
loss: 2.188436  [   64/  677]
loss: 1.942947  [  256/  677]
loss: 2.268502  [  448/  677]
loss: 2.293328  [  640/  677]
Average Training Loss: 0.790292
Val Loss: 3.0945 | C-index: 0.4179

Epoch 6
-------------------------------
loss: 1.648087  [   64/  677]
loss: 1.497208  [  256/  677]
loss: 1.931454  [  448/  677]
loss: 1.854589  [  640/  677]
Average Training Loss: 0.630122
Val Loss: 3.1849 | C-index: 0.5514

Epoch 7
-------------------------------
loss: 1.705671  [   64/  677]
loss: 2.023524  [  256/  677]
loss: 1.903482  [  448/  677]
loss: 1.845405  [  640/  677]
Average Training Loss: 0.679826
Val Loss: 3.2883 | C-index: 0.5153

Epoch 8
-------------------------------
loss: 1.517553  [   64/  677]
loss: 1.744161  [  256/  677]
loss: 2.024647  [  448/  677]
loss: 1.685251  [  640/  677]
Average Training Loss: 0.633783
Val Loss: 3.2265 | C-index: 0.5661

Epoch 9
-------------------------------
loss: 1.092812  [   64/  677]
loss: 1.553433  [  256/  677]
loss: 1.901301  [  448/  677]
loss: 1.117121  [  640/  677]
Average Training Loss: 0.514970
Val Loss: 3.0493 | C-index: 0.5720

Epoch 10
-------------------------------
loss: 1.451922  [   64/  677]
loss: 1.217355  [  256/  677]
loss: 1.307025  [  448/  677]
loss: 1.158967  [  640/  677]
Average Training Loss: 0.466843
Val Loss: 3.3257 | C-index: 0.5626

Epoch 11
-------------------------------
loss: 1.383928  [   64/  677]
loss: 1.040681  [  256/  677]
loss: 1.039380  [  448/  677]
loss: 1.711336  [  640/  677]
Average Training Loss: 0.470484
Val Loss: 3.4478 | C-index: 0.5519

Epoch 12
-------------------------------
loss: 0.808812  [   64/  677]
loss: 0.967331  [  256/  677]
loss: 0.868867  [  448/  677]
loss: 0.752649  [  640/  677]
Average Training Loss: 0.308878
Val Loss: 3.6010 | C-index: 0.5360

Epoch 13
-------------------------------
loss: 0.977574  [   64/  677]
loss: 0.812091  [  256/  677]
loss: 1.746524  [  448/  677]
loss: 1.621330  [  640/  677]
Average Training Loss: 0.468865
Val Loss: 3.3909 | C-index: 0.6122

Epoch 14
-------------------------------
loss: 0.768049  [   64/  677]
loss: 0.782309  [  256/  677]
loss: 1.607207  [  448/  677]
loss: 1.199913  [  640/  677]
Average Training Loss: 0.396134
Val Loss: 3.9238 | C-index: 0.5047

Epoch 15
-------------------------------
loss: 1.278341  [   64/  677]
loss: 1.150796  [  256/  677]
loss: 1.039469  [  448/  677]
loss: 1.067078  [  640/  677]
Average Training Loss: 0.412335
Val Loss: 3.3013 | C-index: 0.6128

Epoch 16
-------------------------------
loss: 0.702254  [   64/  677]
loss: 1.094368  [  256/  677]
loss: 1.330670  [  448/  677]
loss: 1.708328  [  640/  677]
Average Training Loss: 0.439602
Val Loss: 3.2560 | C-index: 0.5773

Epoch 17
-------------------------------
loss: 0.971124  [   64/  677]
loss: 1.166028  [  256/  677]
loss: 0.222725  [  448/  677]
loss: 1.067455  [  640/  677]
Average Training Loss: 0.311576
Val Loss: 3.8003 | C-index: 0.5602

Epoch 18
-------------------------------
loss: 0.792699  [   64/  677]
loss: 1.182151  [  256/  677]
loss: 0.660657  [  448/  677]
loss: 1.709193  [  640/  677]
Average Training Loss: 0.394973
Val Loss: 3.3431 | C-index: 0.5915

Epoch 19
-------------------------------
loss: 1.290292  [   64/  677]
loss: 0.205861  [  256/  677]
loss: 0.462989  [  448/  677]
loss: 0.331340  [  640/  677]
Average Training Loss: 0.208226
Val Loss: 3.5602 | C-index: 0.5590

Epoch 20
-------------------------------
loss: 0.617013  [   64/  677]
loss: 0.881766  [  256/  677]
loss: 0.510493  [  448/  677]
loss: 1.186668  [  640/  677]
Average Training Loss: 0.290540
Val Loss: 3.4798 | C-index: 0.5950

Stopping early at Epoch 20 since no C-Index improvement after 5 epochs.
Done!
Best C-Index = 0.6127508854781583 at Epoch 15

=========================================
FOLD 3/5
=========================================

Epoch 1
-------------------------------
loss: 2.651365  [   64/  678]
loss: 3.203906  [  256/  678]
loss: 3.034868  [  448/  678]
loss: 2.911356  [  640/  678]
Average Training Loss: 1.072863
Val Loss: 2.9063 | C-index: 0.4601

Epoch 2
-------------------------------
loss: 2.615881  [   64/  678]
loss: 3.553727  [  256/  678]
loss: 2.796548  [  448/  678]
loss: 3.193560  [  640/  678]
Average Training Loss: 1.105429
Val Loss: 2.8911 | C-index: 0.4957

Epoch 3
-------------------------------
loss: 2.841760  [   64/  678]
loss: 2.508718  [  256/  678]
loss: 2.473233  [  448/  678]
loss: 2.972348  [  640/  678]
Average Training Loss: 0.981460
Val Loss: 2.8307 | C-index: 0.5587

Epoch 4
-------------------------------
loss: 2.671359  [   64/  678]
loss: 2.713334  [  256/  678]
loss: 1.455734  [  448/  678]
loss: 2.686962  [  640/  678]
Average Training Loss: 0.866126
Val Loss: 2.9046 | C-index: 0.5194

Epoch 5
-------------------------------
loss: 2.077657  [   64/  678]
loss: 1.831021  [  256/  678]
loss: 2.029045  [  448/  678]
loss: 2.110276  [  640/  678]
Average Training Loss: 0.731636
Val Loss: 2.6958 | C-index: 0.6622

Epoch 6
-------------------------------
loss: 1.671444  [   64/  678]
loss: 1.171548  [  256/  678]
loss: 1.919519  [  448/  678]
loss: 1.731544  [  640/  678]
Average Training Loss: 0.590369
Val Loss: 2.8339 | C-index: 0.6471

Epoch 7
-------------------------------
loss: 0.962657  [   64/  678]
loss: 1.450379  [  256/  678]
loss: 1.642539  [  448/  678]
loss: 1.675188  [  640/  678]
Average Training Loss: 0.520978
Val Loss: 2.6268 | C-index: 0.6832

Epoch 8
-------------------------------
loss: 2.020131  [   64/  678]
loss: 0.953051  [  256/  678]
loss: 1.356763  [  448/  678]
loss: 1.661744  [  640/  678]
Average Training Loss: 0.544699
Val Loss: 2.8496 | C-index: 0.6282

Epoch 9
-------------------------------
loss: 1.272246  [   64/  678]
loss: 1.128966  [  256/  678]
loss: 1.346915  [  448/  678]
loss: 1.932969  [  640/  678]
Average Training Loss: 0.516463
Val Loss: 3.3815 | C-index: 0.5857

Epoch 10
-------------------------------
loss: 1.281397  [   64/  678]
loss: 1.000495  [  256/  678]
loss: 0.769182  [  448/  678]
loss: 1.258450  [  640/  678]
Average Training Loss: 0.391775
Val Loss: 2.8536 | C-index: 0.6584

Epoch 11
-------------------------------
loss: 1.218533  [   64/  678]
loss: 0.745130  [  256/  678]
loss: 1.069603  [  448/  678]
loss: 2.388140  [  640/  678]
Average Training Loss: 0.492855
Val Loss: 3.5031 | C-index: 0.5630

Epoch 12
-------------------------------
loss: 1.004146  [   64/  678]
loss: 1.423642  [  256/  678]
loss: 1.268997  [  448/  678]
loss: 1.125943  [  640/  678]
Average Training Loss: 0.438430
Val Loss: 2.8561 | C-index: 0.6126

Stopping early at Epoch 12 since no C-Index improvement after 5 epochs.
Done!
Best C-Index = 0.6831896551724138 at Epoch 7

=========================================
FOLD 4/5
=========================================

Epoch 1
-------------------------------
loss: 3.089748  [   64/  678]
loss: 3.242016  [  256/  678]
loss: 3.532598  [  448/  678]
loss: 3.005437  [  640/  678]
Average Training Loss: 1.169982
Val Loss: 2.7752 | C-index: 0.5581

Epoch 2
-------------------------------
loss: 2.357219  [   64/  678]
loss: 3.595716  [  256/  678]
loss: 3.143763  [  448/  678]
loss: 2.566903  [  640/  678]
Average Training Loss: 1.060327
Val Loss: 2.7420 | C-index: 0.6166

Epoch 3
-------------------------------
loss: 2.566264  [   64/  678]
loss: 2.682952  [  256/  678]
loss: 2.734356  [  448/  678]
loss: 2.529382  [  640/  678]
Average Training Loss: 0.955723
Val Loss: 2.7486 | C-index: 0.5828

Epoch 4
-------------------------------
loss: 2.766856  [   64/  678]
loss: 2.339972  [  256/  678]
loss: 2.868567  [  448/  678]
loss: 2.833594  [  640/  678]
Average Training Loss: 0.982635
Val Loss: 2.7455 | C-index: 0.6476

Epoch 5
-------------------------------
loss: 2.402332  [   64/  678]
loss: 2.077065  [  256/  678]
loss: 2.099354  [  448/  678]
loss: 1.979965  [  640/  678]
Average Training Loss: 0.778065
Val Loss: 3.1090 | C-index: 0.5567

Epoch 6
-------------------------------
loss: 1.499318  [   64/  678]
loss: 1.378949  [  256/  678]
loss: 2.406335  [  448/  678]
loss: 1.695235  [  640/  678]
Average Training Loss: 0.634531
Val Loss: 3.0398 | C-index: 0.6321

Epoch 7
-------------------------------
loss: 1.048460  [   64/  678]
loss: 1.649975  [  256/  678]
loss: 2.088986  [  448/  678]
loss: 2.392583  [  640/  678]
Average Training Loss: 0.652728
Val Loss: 3.0842 | C-index: 0.6709

Epoch 8
-------------------------------
loss: 1.344826  [   64/  678]
loss: 1.744141  [  256/  678]
loss: 1.508747  [  448/  678]
loss: 1.395662  [  640/  678]
Average Training Loss: 0.544852
Val Loss: 3.2034 | C-index: 0.6328

Epoch 9
-------------------------------
loss: 1.404620  [   64/  678]
loss: 1.466724  [  256/  678]
loss: 1.615518  [  448/  678]
loss: 1.664026  [  640/  678]
Average Training Loss: 0.559172
Val Loss: 3.0026 | C-index: 0.6223

Epoch 10
-------------------------------
loss: 1.251298  [   64/  678]
loss: 1.157651  [  256/  678]
loss: 0.841395  [  448/  678]
loss: 1.192758  [  640/  678]
Average Training Loss: 0.403918
Val Loss: 2.9899 | C-index: 0.6765

Epoch 11
-------------------------------
loss: 1.404818  [   64/  678]
loss: 1.612529  [  256/  678]
loss: 1.409047  [  448/  678]
loss: 1.253415  [  640/  678]
Average Training Loss: 0.516346
Val Loss: 3.0406 | C-index: 0.6638

Epoch 12
-------------------------------
loss: 1.294690  [   64/  678]
loss: 1.598084  [  256/  678]
loss: 1.556149  [  448/  678]
loss: 0.834273  [  640/  678]
Average Training Loss: 0.480291
Val Loss: 3.0962 | C-index: 0.6512

Epoch 13
-------------------------------
loss: 0.861532  [   64/  678]
loss: 1.469810  [  256/  678]
loss: 1.600164  [  448/  678]
loss: 1.329940  [  640/  678]
Average Training Loss: 0.478313
Val Loss: 2.8480 | C-index: 0.7280

Epoch 14
-------------------------------
loss: 0.782829  [   64/  678]
loss: 1.270360  [  256/  678]
loss: 1.643327  [  448/  678]
loss: 1.794612  [  640/  678]
Average Training Loss: 0.499193
Val Loss: 3.2573 | C-index: 0.7104

Epoch 15
-------------------------------
loss: 1.027870  [   64/  678]
loss: 1.043194  [  256/  678]
loss: 1.317481  [  448/  678]
loss: 1.304276  [  640/  678]
Average Training Loss: 0.426620
Val Loss: 2.9092 | C-index: 0.6871

Epoch 16
-------------------------------
loss: 1.131585  [   64/  678]
loss: 0.848555  [  256/  678]
loss: 1.566475  [  448/  678]
loss: 0.549314  [  640/  678]
Average Training Loss: 0.372357
Val Loss: 3.2504 | C-index: 0.6512

Epoch 17
-------------------------------
loss: 0.583600  [   64/  678]
loss: 1.253007  [  256/  678]
loss: 1.402372  [  448/  678]
loss: 0.669845  [  640/  678]
Average Training Loss: 0.355348
Val Loss: 3.1204 | C-index: 0.7308

Epoch 18
-------------------------------
loss: 0.751399  [   64/  678]
loss: 0.620541  [  256/  678]
loss: 0.967304  [  448/  678]
loss: 0.989741  [  640/  678]
Average Training Loss: 0.302635
Val Loss: 3.6183 | C-index: 0.6131

Epoch 19
-------------------------------
loss: 1.090155  [   64/  678]
loss: 0.769819  [  256/  678]
loss: 1.005385  [  448/  678]
loss: 1.025646  [  640/  678]
Average Training Loss: 0.353728
Val Loss: 3.3912 | C-index: 0.7146

Epoch 20
-------------------------------
loss: 0.993973  [   64/  678]
loss: 0.763785  [  256/  678]
loss: 1.194711  [  448/  678]
loss: 1.431819  [  640/  678]
Average Training Loss: 0.398572
Val Loss: 3.3617 | C-index: 0.6406

Epoch 21
-------------------------------
loss: 1.155977  [   64/  678]
loss: 1.289757  [  256/  678]
loss: 0.974004  [  448/  678]
loss: 0.382520  [  640/  678]
Average Training Loss: 0.345660
Val Loss: 3.2503 | C-index: 0.6977

Epoch 22
-------------------------------
loss: 0.685042  [   64/  678]
loss: 1.211982  [  256/  678]
loss: 1.138595  [  448/  678]
loss: 1.263788  [  640/  678]
Average Training Loss: 0.390855
Val Loss: 3.5941 | C-index: 0.7343

Epoch 23
-------------------------------
loss: 0.957914  [   64/  678]
loss: 1.600669  [  256/  678]
loss: 0.539347  [  448/  678]
loss: 0.842384  [  640/  678]
Average Training Loss: 0.358210
Val Loss: 3.8646 | C-index: 0.6533

Epoch 24
-------------------------------
loss: 0.787483  [   64/  678]
loss: 0.987893  [  256/  678]
loss: 0.578911  [  448/  678]
loss: 1.225386  [  640/  678]
Average Training Loss: 0.325425
Val Loss: 3.8837 | C-index: 0.6942

Epoch 25
-------------------------------
loss: 1.260521  [   64/  678]
loss: 0.633974  [  256/  678]
loss: 1.238717  [  448/  678]
loss: 0.880655  [  640/  678]
Average Training Loss: 0.364897
Val Loss: 3.5838 | C-index: 0.6942

Epoch 26
-------------------------------
loss: 1.297299  [   64/  678]
loss: 1.484081  [  256/  678]
loss: 1.507648  [  448/  678]
loss: 1.009354  [  640/  678]
Average Training Loss: 0.481671
Val Loss: 3.2539 | C-index: 0.7364

Epoch 27
-------------------------------
loss: 0.848754  [   64/  678]
loss: 1.018292  [  256/  678]
loss: 1.085200  [  448/  678]
loss: 0.930825  [  640/  678]
Average Training Loss: 0.353006
Val Loss: 3.3557 | C-index: 0.6786

Epoch 28
-------------------------------
loss: 0.942407  [   64/  678]
loss: 0.143134  [  256/  678]
loss: 1.248354  [  448/  678]
loss: 1.575389  [  640/  678]
Average Training Loss: 0.355389
Val Loss: 3.2136 | C-index: 0.6794

Epoch 29
-------------------------------
loss: 0.519472  [   64/  678]
loss: 1.164913  [  256/  678]
loss: 1.515389  [  448/  678]
loss: 0.694918  [  640/  678]
Average Training Loss: 0.354063
Val Loss: 3.5581 | C-index: 0.6927

Epoch 30
-------------------------------
loss: 0.940727  [   64/  678]
loss: 0.510179  [  256/  678]
loss: 0.834752  [  448/  678]
loss: 1.503381  [  640/  678]
Average Training Loss: 0.344458
Val Loss: 3.3256 | C-index: 0.7301

Epoch 31
-------------------------------
loss: 0.802782  [   64/  678]
loss: 0.908161  [  256/  678]
loss: 0.852197  [  448/  678]
loss: 1.504617  [  640/  678]
Average Training Loss: 0.369796
Val Loss: 3.1746 | C-index: 0.7125

Stopping early at Epoch 31 since no C-Index improvement after 5 epochs.
Done!
Best C-Index = 0.7364341085271318 at Epoch 26

=========================================
FOLD 5/5
=========================================

Epoch 1
-------------------------------
loss: 2.694803  [   64/  678]
loss: 3.249453  [  256/  678]
loss: 3.035338  [  448/  678]
loss: 2.568661  [  640/  678]
Average Training Loss: 1.049841
Val Loss: 2.9186 | C-index: 0.6886

Epoch 2
-------------------------------
loss: 2.664588  [   64/  678]
loss: 3.209650  [  256/  678]
loss: 3.182379  [  448/  678]
loss: 2.577996  [  640/  678]
Average Training Loss: 1.057692
Val Loss: 2.8837 | C-index: 0.7198

Epoch 3
-------------------------------
loss: 3.079754  [   64/  678]
loss: 2.696051  [  256/  678]
loss: 3.237282  [  448/  678]
loss: 2.937057  [  640/  678]
Average Training Loss: 1.086377
Val Loss: 2.8363 | C-index: 0.7406

Epoch 4
-------------------------------
loss: 2.499311  [   64/  678]
loss: 2.567319  [  256/  678]
loss: 2.622515  [  448/  678]
loss: 2.382582  [  640/  678]
Average Training Loss: 0.915612
Val Loss: 2.8638 | C-index: 0.7169

Epoch 5
-------------------------------
loss: 2.430014  [   64/  678]
loss: 2.578707  [  256/  678]
loss: 2.023529  [  448/  678]
loss: 1.943765  [  640/  678]
Average Training Loss: 0.816001
Val Loss: 2.8022 | C-index: 0.6961

Epoch 6
-------------------------------
loss: 1.991850  [   64/  678]
loss: 1.413603  [  256/  678]
loss: 2.069200  [  448/  678]
loss: 2.334232  [  640/  678]
Average Training Loss: 0.709899
Val Loss: 3.2121 | C-index: 0.6892

Epoch 7
-------------------------------
loss: 1.053132  [   64/  678]
loss: 1.595722  [  256/  678]
loss: 1.627492  [  448/  678]
loss: 1.396447  [  640/  678]
Average Training Loss: 0.515708
Val Loss: 3.2660 | C-index: 0.6251

Epoch 8
-------------------------------
loss: 1.493272  [   64/  678]
loss: 1.503295  [  256/  678]
loss: 1.825377  [  448/  678]
loss: 1.933602  [  640/  678]
Average Training Loss: 0.614141
Val Loss: 3.1791 | C-index: 0.6852

Stopping early at Epoch 8 since no C-Index improvement after 5 epochs.
Done!
Best C-Index = 0.7406123627960717 at Epoch 3

=========================================
CV training complete! Mean ± std C-index: 0.7105 ± 0.0577
Best epochs per fold: [5, 15, 7, 26, 3]

=========================================
Retraining model on full train+val for 11 epochs...
Epoch 1
-------------------------------
loss: 2.723883  [   64/  847]
loss: 2.748743  [  320/  847]
loss: 3.218868  [  576/  847]
loss: 3.319975  [  832/  847]
Average Training Loss: 0.857962
Val Loss: 2.9023 | C-index: 0.6308

Epoch 2
-------------------------------
loss: 3.227983  [   64/  847]
loss: 3.184691  [  320/  847]
loss: 3.027480  [  576/  847]
loss: 2.718884  [  832/  847]
Average Training Loss: 0.868503
Val Loss: 2.6832 | C-index: 0.7218

Epoch 3
-------------------------------
loss: 3.383416  [   64/  847]
loss: 2.366589  [  320/  847]
loss: 2.914173  [  576/  847]
loss: 2.396712  [  832/  847]
Average Training Loss: 0.790064
Val Loss: 2.4629 | C-index: 0.8053

Epoch 4
-------------------------------
loss: 2.373558  [   64/  847]
loss: 2.499040  [  320/  847]
loss: 2.210225  [  576/  847]
loss: 1.660273  [  832/  847]
Average Training Loss: 0.624507
Val Loss: 1.8458 | C-index: 0.9018

Epoch 5
-------------------------------
loss: 1.914951  [   64/  847]
loss: 2.467220  [  320/  847]
loss: 1.330658  [  576/  847]
loss: 2.027044  [  832/  847]
Average Training Loss: 0.552848
Val Loss: 1.5422 | C-index: 0.9442

Epoch 6
-------------------------------
loss: 2.142576  [   64/  847]
loss: 2.022572  [  320/  847]
loss: 1.919320  [  576/  847]
loss: 2.065337  [  832/  847]
Average Training Loss: 0.582129
Val Loss: 1.4781 | C-index: 0.9363

Epoch 7
-------------------------------
loss: 1.862920  [   64/  847]
loss: 1.592371  [  320/  847]
loss: 1.046133  [  576/  847]
loss: 2.430448  [  832/  847]
Average Training Loss: 0.495134
Val Loss: 1.2465 | C-index: 0.9547

Epoch 8
-------------------------------
loss: 1.882215  [   64/  847]
loss: 1.528292  [  320/  847]
loss: 2.240941  [  576/  847]
loss: 2.091062  [  832/  847]
Average Training Loss: 0.553036
Val Loss: 1.6077 | C-index: 0.9292

Epoch 9
-------------------------------
loss: 1.808969  [   64/  847]
loss: 1.783477  [  320/  847]
loss: 1.526095  [  576/  847]
loss: 1.196313  [  832/  847]
Average Training Loss: 0.451061
Val Loss: 1.3015 | C-index: 0.9592

Epoch 10
-------------------------------
loss: 1.210192  [   64/  847]
loss: 0.764491  [  320/  847]
loss: 1.711096  [  576/  847]
loss: 1.608592  [  832/  847]
Average Training Loss: 0.378169
Val Loss: 1.1117 | C-index: 0.9709

Epoch 11
-------------------------------
loss: 1.545532  [   64/  847]
loss: 1.179836  [  320/  847]
loss: 1.333557  [  576/  847]
loss: 1.303279  [  832/  847]
Average Training Loss: 0.383015
Val Loss: 0.9951 | C-index: 0.9748

Done!
Best C-Index = 0.9748337966880213 at Epoch 11
FINAL TEST Average Loss: 2.7866
FINAL TEST C-index: 0.6534
Bootstrap 95% CI: [0.5263, 0.7738]
Top 10 activated pathways:
{'R-HSA-399955': 0.053338225930929184, 'R-HSA-112409': 0.04615558683872223, 'R-HSA-9703648': 0.04278527945280075, 'R-HSA-3371571': 0.04223774001002312, 'R-HSA-8866652': 0.04160024970769882, 'R-HSA-5213460': 0.0393151193857193, 'R-HSA-912526': 0.038244012743234634, 'R-HSA-9619665': 0.03805147111415863, 'R-HSA-9762114': 0.03676609322428703, 'R-HSA-2024096': 0.03503447771072388}
Results saved to /Users/evan/Documents/GitHub/HyBINN/experiments/runs/binn_gene/seed_5/results.json
