train_hybinn.py log started 2026-06-17 01:08:10.775800
=========================================
Model Active Branches: ['clinical']
=========================================

=========================================
FOLD 1/5
=========================================

Epoch 1
-------------------------------
loss: 2.414107  [   64/  677]
loss: 3.377781  [  256/  677]
loss: 3.214066  [  448/  677]
loss: 3.039388  [  640/  677]
Average Training Loss: 1.095031
Val Loss: 2.7275 | C-index: 0.6934

Epoch 2
-------------------------------
loss: 2.804986  [   64/  677]
loss: 2.800600  [  256/  677]
loss: 3.270305  [  448/  677]
loss: 2.786168  [  640/  677]
Average Training Loss: 1.060187
Val Loss: 2.7243 | C-index: 0.7616

Epoch 3
-------------------------------
loss: 2.891594  [   64/  677]
loss: 2.970623  [  256/  677]
loss: 2.552223  [  448/  677]
loss: 2.429384  [  640/  677]
Average Training Loss: 0.985802
Val Loss: 2.7189 | C-index: 0.7558

Epoch 4
-------------------------------
loss: 3.214691  [   64/  677]
loss: 3.104510  [  256/  677]
loss: 3.138915  [  448/  677]
loss: 2.602563  [  640/  677]
Average Training Loss: 1.096425
Val Loss: 2.7127 | C-index: 0.7587

Epoch 5
-------------------------------
loss: 2.902542  [   64/  677]
loss: 2.803334  [  256/  677]
loss: 2.917399  [  448/  677]
loss: 2.716995  [  640/  677]
Average Training Loss: 1.030934
Val Loss: 2.7068 | C-index: 0.7662

Epoch 6
-------------------------------
loss: 2.876598  [   64/  677]
loss: 2.716335  [  256/  677]
loss: 3.307843  [  448/  677]
loss: 2.909331  [  640/  677]
Average Training Loss: 1.073646
Val Loss: 2.7024 | C-index: 0.7662

Epoch 7
-------------------------------
loss: 3.202374  [   64/  677]
loss: 3.041150  [  256/  677]
loss: 2.473680  [  448/  677]
loss: 2.891423  [  640/  677]
Average Training Loss: 1.055330
Val Loss: 2.6906 | C-index: 0.7668

Epoch 8
-------------------------------
loss: 3.299490  [   64/  677]
loss: 2.774378  [  256/  677]
loss: 2.854858  [  448/  677]
loss: 3.182633  [  640/  677]
Average Training Loss: 1.101033
Val Loss: 2.6863 | C-index: 0.7616

Epoch 9
-------------------------------
loss: 3.019748  [   64/  677]
loss: 3.121580  [  256/  677]
loss: 2.673846  [  448/  677]
loss: 2.654938  [  640/  677]
Average Training Loss: 1.042737
Val Loss: 2.6769 | C-index: 0.7610

Epoch 10
-------------------------------
loss: 2.200484  [   64/  677]
loss: 2.828166  [  256/  677]
loss: 3.067775  [  448/  677]
loss: 3.244296  [  640/  677]
Average Training Loss: 1.030975
Val Loss: 2.6609 | C-index: 0.7656

Epoch 11
-------------------------------
loss: 2.912462  [   64/  677]
loss: 2.805715  [  256/  677]
loss: 2.944522  [  448/  677]
loss: 3.006634  [  640/  677]
Average Training Loss: 1.060848
Val Loss: 2.6466 | C-index: 0.7645

Epoch 12
-------------------------------
loss: 2.872082  [   64/  677]
loss: 2.821450  [  256/  677]
loss: 3.000898  [  448/  677]
loss: 2.697301  [  640/  677]
Average Training Loss: 1.035612
Val Loss: 2.6352 | C-index: 0.7610

Stopping early at Epoch 12 since no C-Index improvement after 5 epochs.
Done!
Best C-Index = 0.7667630057803468 at Epoch 7

=========================================
FOLD 2/5
=========================================

Epoch 1
-------------------------------
loss: 3.154285  [   64/  677]
loss: 3.192757  [  256/  677]
loss: 3.187647  [  448/  677]
loss: 2.631663  [  640/  677]
Average Training Loss: 1.106032
Val Loss: 2.4354 | C-index: 0.6393

Epoch 2
-------------------------------
loss: 2.887491  [   64/  677]
loss: 2.647080  [  256/  677]
loss: 3.193755  [  448/  677]
loss: 2.948456  [  640/  677]
Average Training Loss: 1.061526
Val Loss: 2.4311 | C-index: 0.6690

Epoch 3
-------------------------------
loss: 2.760596  [   64/  677]
loss: 3.262167  [  256/  677]
loss: 3.224113  [  448/  677]
loss: 3.229417  [  640/  677]
Average Training Loss: 1.134209
Val Loss: 2.4251 | C-index: 0.6925

Epoch 4
-------------------------------
loss: 2.207663  [   64/  677]
loss: 2.940069  [  256/  677]
loss: 3.259706  [  448/  677]
loss: 3.583493  [  640/  677]
Average Training Loss: 1.090085
Val Loss: 2.4167 | C-index: 0.7091

Epoch 5
-------------------------------
loss: 3.071609  [   64/  677]
loss: 3.288919  [  256/  677]
loss: 2.956510  [  448/  677]
loss: 2.284908  [  640/  677]
Average Training Loss: 1.054722
Val Loss: 2.4105 | C-index: 0.6980

Epoch 6
-------------------------------
loss: 2.968113  [   64/  677]
loss: 2.673213  [  256/  677]
loss: 1.190789  [  448/  677]
loss: 2.400293  [  640/  677]
Average Training Loss: 0.839310
Val Loss: 2.4030 | C-index: 0.7139

Epoch 7
-------------------------------
loss: 3.431681  [   64/  677]
loss: 2.587237  [  256/  677]
loss: 2.344815  [  448/  677]
loss: 2.735051  [  640/  677]
Average Training Loss: 1.008980
Val Loss: 2.3944 | C-index: 0.7277

Epoch 8
-------------------------------
loss: 2.818141  [   64/  677]
loss: 2.712843  [  256/  677]
loss: 3.150529  [  448/  677]
loss: 3.015041  [  640/  677]
Average Training Loss: 1.063323
Val Loss: 2.3916 | C-index: 0.7084

Epoch 9
-------------------------------
loss: 2.483440  [   64/  677]
loss: 3.080866  [  256/  677]
loss: 2.880854  [  448/  677]
loss: 2.964173  [  640/  677]
Average Training Loss: 1.037212
Val Loss: 2.3873 | C-index: 0.7091

Epoch 10
-------------------------------
loss: 3.292915  [   64/  677]
loss: 2.512822  [  256/  677]
loss: 2.830221  [  448/  677]
loss: 3.429307  [  640/  677]
Average Training Loss: 1.096842
Val Loss: 2.3754 | C-index: 0.7222

Epoch 11
-------------------------------
loss: 2.366599  [   64/  677]
loss: 2.878227  [  256/  677]
loss: 2.760072  [  448/  677]
loss: 3.152425  [  640/  677]
Average Training Loss: 1.014302
Val Loss: 2.3487 | C-index: 0.7367

Epoch 12
-------------------------------
loss: 2.722451  [   64/  677]
loss: 2.837184  [  256/  677]
loss: 2.674581  [  448/  677]
loss: 2.695603  [  640/  677]
Average Training Loss: 0.993620
Val Loss: 2.3418 | C-index: 0.7346

Epoch 13
-------------------------------
loss: 3.041994  [   64/  677]
loss: 2.404400  [  256/  677]
loss: 3.297945  [  448/  677]
loss: 2.910769  [  640/  677]
Average Training Loss: 1.059555
Val Loss: 2.3458 | C-index: 0.7408

Epoch 14
-------------------------------
loss: 2.912752  [   64/  677]
loss: 3.042503  [  256/  677]
loss: 3.141789  [  448/  677]
loss: 2.572373  [  640/  677]
Average Training Loss: 1.060856
Val Loss: 2.3477 | C-index: 0.7443

Epoch 15
-------------------------------
loss: 3.211537  [   64/  677]
loss: 2.612127  [  256/  677]
loss: 2.955735  [  448/  677]
loss: 2.738275  [  640/  677]
Average Training Loss: 1.047061
Val Loss: 2.3247 | C-index: 0.7713

Epoch 16
-------------------------------
loss: 2.954804  [   64/  677]
loss: 2.692891  [  256/  677]
loss: 2.696603  [  448/  677]
loss: 2.870419  [  640/  677]
Average Training Loss: 1.019520
Val Loss: 2.3109 | C-index: 0.7671

Epoch 17
-------------------------------
loss: 2.701457  [   64/  677]
loss: 2.766924  [  256/  677]
loss: 3.006503  [  448/  677]
loss: 2.356334  [  640/  677]
Average Training Loss: 0.984656
Val Loss: 2.3346 | C-index: 0.7623

Epoch 18
-------------------------------
loss: 3.018404  [   64/  677]
loss: 2.650511  [  256/  677]
loss: 2.533926  [  448/  677]
loss: 2.702999  [  640/  677]
Average Training Loss: 0.991440
Val Loss: 2.3070 | C-index: 0.7782

Epoch 19
-------------------------------
loss: 2.832227  [   64/  677]
loss: 3.425648  [  256/  677]
loss: 3.036733  [  448/  677]
loss: 2.934400  [  640/  677]
Average Training Loss: 1.111728
Val Loss: 2.3108 | C-index: 0.7636

Epoch 20
-------------------------------
loss: 2.787704  [   64/  677]
loss: 2.713672  [  256/  677]
loss: 2.874230  [  448/  677]
loss: 3.122044  [  640/  677]
Average Training Loss: 1.045241
Val Loss: 2.3089 | C-index: 0.7692

Epoch 21
-------------------------------
loss: 2.742051  [   64/  677]
loss: 2.540007  [  256/  677]
loss: 3.099455  [  448/  677]
loss: 3.008022  [  640/  677]
Average Training Loss: 1.035412
Val Loss: 2.3182 | C-index: 0.7740

Epoch 22
-------------------------------
loss: 2.516908  [   64/  677]
loss: 2.873208  [  256/  677]
loss: 3.534062  [  448/  677]
loss: 2.579380  [  640/  677]
Average Training Loss: 1.045778
Val Loss: 2.3060 | C-index: 0.7789

Epoch 23
-------------------------------
loss: 2.690181  [   64/  677]
loss: 2.941427  [  256/  677]
loss: 2.311314  [  448/  677]
loss: 2.945774  [  640/  677]
Average Training Loss: 0.989881
Val Loss: 2.3098 | C-index: 0.7782

Epoch 24
-------------------------------
loss: 2.575232  [   64/  677]
loss: 3.255179  [  256/  677]
loss: 2.779362  [  448/  677]
loss: 2.923005  [  640/  677]
Average Training Loss: 1.048434
Val Loss: 2.3356 | C-index: 0.7733

Epoch 25
-------------------------------
loss: 3.361949  [   64/  677]
loss: 3.074740  [  256/  677]
loss: 2.885417  [  448/  677]
loss: 2.048096  [  640/  677]
Average Training Loss: 1.033655
Val Loss: 2.3294 | C-index: 0.7795

Epoch 26
-------------------------------
loss: 2.575949  [   64/  677]
loss: 3.395559  [  256/  677]
loss: 3.160441  [  448/  677]
loss: 3.029998  [  640/  677]
Average Training Loss: 1.105632
Val Loss: 2.3152 | C-index: 0.7906

Epoch 27
-------------------------------
loss: 2.718568  [   64/  677]
loss: 2.371076  [  256/  677]
loss: 3.014441  [  448/  677]
loss: 2.866583  [  640/  677]
Average Training Loss: 0.997334
Val Loss: 2.3109 | C-index: 0.7927

Epoch 28
-------------------------------
loss: 3.042194  [   64/  677]
loss: 2.439636  [  256/  677]
loss: 2.821481  [  448/  677]
loss: 3.051354  [  640/  677]
Average Training Loss: 1.032242
Val Loss: 2.2947 | C-index: 0.8058

Epoch 29
-------------------------------
loss: 2.986109  [   64/  677]
loss: 3.242072  [  256/  677]
loss: 2.666191  [  448/  677]
loss: 3.020067  [  640/  677]
Average Training Loss: 1.083131
Val Loss: 2.2859 | C-index: 0.8017

Epoch 30
-------------------------------
loss: 2.899444  [   64/  677]
loss: 2.705755  [  256/  677]
loss: 2.864924  [  448/  677]
loss: 3.155958  [  640/  677]
Average Training Loss: 1.056916
Val Loss: 2.2889 | C-index: 0.7878

Epoch 31
-------------------------------
loss: 2.600313  [   64/  677]
loss: 2.708699  [  256/  677]
loss: 2.922847  [  448/  677]
loss: 2.152668  [  640/  677]
Average Training Loss: 0.944048
Val Loss: 2.2986 | C-index: 0.7954

Epoch 32
-------------------------------
loss: 2.397146  [   64/  677]
loss: 3.076481  [  256/  677]
loss: 2.587947  [  448/  677]
loss: 2.362467  [  640/  677]
Average Training Loss: 0.947640
Val Loss: 2.3079 | C-index: 0.7878

Epoch 33
-------------------------------
loss: 2.692410  [   64/  677]
loss: 2.419053  [  256/  677]
loss: 2.104956  [  448/  677]
loss: 2.559083  [  640/  677]
Average Training Loss: 0.888682
Val Loss: 2.3249 | C-index: 0.7899

Stopping early at Epoch 33 since no C-Index improvement after 5 epochs.
Done!
Best C-Index = 0.8058051140290255 at Epoch 28

=========================================
FOLD 3/5
=========================================

Epoch 1
-------------------------------
loss: 2.889466  [   64/  678]
loss: 2.970136  [  256/  678]
loss: 2.655013  [  448/  678]
loss: 2.932559  [  640/  678]
Average Training Loss: 1.040652
Val Loss: 2.8412 | C-index: 0.6372

Epoch 2
-------------------------------
loss: 2.785264  [   64/  678]
loss: 2.854255  [  256/  678]
loss: 2.812878  [  448/  678]
loss: 2.901194  [  640/  678]
Average Training Loss: 1.032145
Val Loss: 2.8376 | C-index: 0.6588

Epoch 3
-------------------------------
loss: 2.746129  [   64/  678]
loss: 3.054600  [  256/  678]
loss: 2.537814  [  448/  678]
loss: 3.171218  [  640/  678]
Average Training Loss: 1.046342
Val Loss: 2.8313 | C-index: 0.6926

Epoch 4
-------------------------------
loss: 2.928020  [   64/  678]
loss: 3.646054  [  256/  678]
loss: 2.895706  [  448/  678]
loss: 3.249253  [  640/  678]
Average Training Loss: 1.156276
Val Loss: 2.8238 | C-index: 0.6967

Epoch 5
-------------------------------
loss: 2.551768  [   64/  678]
loss: 2.656106  [  256/  678]
loss: 3.204936  [  448/  678]
loss: 2.971349  [  640/  678]
Average Training Loss: 1.034924
Val Loss: 2.8185 | C-index: 0.6891

Epoch 6
-------------------------------
loss: 2.979160  [   64/  678]
loss: 2.802634  [  256/  678]
loss: 2.682076  [  448/  678]
loss: 3.131973  [  640/  678]
Average Training Loss: 1.054168
Val Loss: 2.8127 | C-index: 0.6973

Epoch 7
-------------------------------
loss: 2.782805  [   64/  678]
loss: 2.646966  [  256/  678]
loss: 2.968368  [  448/  678]
loss: 2.643589  [  640/  678]
Average Training Loss: 1.003793
Val Loss: 2.8046 | C-index: 0.6874

Epoch 8
-------------------------------
loss: 3.241429  [   64/  678]
loss: 3.160371  [  256/  678]
loss: 2.603178  [  448/  678]
loss: 2.656062  [  640/  678]
Average Training Loss: 1.060095
Val Loss: 2.7908 | C-index: 0.6891

Epoch 9
-------------------------------
loss: 2.455521  [   64/  678]
loss: 3.059371  [  256/  678]
loss: 2.323870  [  448/  678]
loss: 2.776284  [  640/  678]
Average Training Loss: 0.965004
Val Loss: 2.7658 | C-index: 0.7043

Epoch 10
-------------------------------
loss: 3.110101  [   64/  678]
loss: 2.465941  [  256/  678]
loss: 2.711485  [  448/  678]
loss: 3.413113  [  640/  678]
Average Training Loss: 1.063694
Val Loss: 2.7662 | C-index: 0.7124

Epoch 11
-------------------------------
loss: 2.785722  [   64/  678]
loss: 3.133475  [  256/  678]
loss: 3.161881  [  448/  678]
loss: 3.133329  [  640/  678]
Average Training Loss: 1.110401
Val Loss: 2.7609 | C-index: 0.7124

Epoch 12
-------------------------------
loss: 2.925783  [   64/  678]
loss: 3.065218  [  256/  678]
loss: 3.017846  [  448/  678]
loss: 2.985795  [  640/  678]
Average Training Loss: 1.090422
Val Loss: 2.7603 | C-index: 0.6874

Epoch 13
-------------------------------
loss: 3.199168  [   64/  678]
loss: 3.014185  [  256/  678]
loss: 2.835175  [  448/  678]
loss: 2.679200  [  640/  678]
Average Training Loss: 1.066157
Val Loss: 2.7382 | C-index: 0.7031

Epoch 14
-------------------------------
loss: 2.046444  [   64/  678]
loss: 2.695395  [  256/  678]
loss: 2.924337  [  448/  678]
loss: 2.478652  [  640/  678]
Average Training Loss: 0.922257
Val Loss: 2.7475 | C-index: 0.6862

Epoch 15
-------------------------------
loss: 2.333273  [   64/  678]
loss: 2.442773  [  256/  678]
loss: 2.634438  [  448/  678]
loss: 3.250346  [  640/  678]
Average Training Loss: 0.969166
Val Loss: 2.7381 | C-index: 0.6973

Stopping early at Epoch 15 since no C-Index improvement after 5 epochs.
Done!
Best C-Index = 0.7124125874125874 at Epoch 10

=========================================
FOLD 4/5
=========================================

Epoch 1
-------------------------------
loss: 2.993907  [   64/  678]
loss: 2.413003  [  256/  678]
loss: 3.003940  [  448/  678]
loss: 3.466322  [  640/  678]
Average Training Loss: 1.079743
Val Loss: 2.6515 | C-index: 0.5200

Epoch 2
-------------------------------
loss: 3.396480  [   64/  678]
loss: 3.381228  [  256/  678]
loss: 2.899943  [  448/  678]
loss: 3.821074  [  640/  678]
Average Training Loss: 1.227157
Val Loss: 2.6509 | C-index: 0.5485

Epoch 3
-------------------------------
loss: 3.255352  [   64/  678]
loss: 3.220332  [  256/  678]
loss: 3.147033  [  448/  678]
loss: 2.871690  [  640/  678]
Average Training Loss: 1.135855
Val Loss: 2.6496 | C-index: 0.5492

Epoch 4
-------------------------------
loss: 2.586374  [   64/  678]
loss: 3.438301  [  256/  678]
loss: 3.045369  [  448/  678]
loss: 3.190107  [  640/  678]
Average Training Loss: 1.114559
Val Loss: 2.6428 | C-index: 0.5988

Epoch 5
-------------------------------
loss: 3.011577  [   64/  678]
loss: 3.456835  [  256/  678]
loss: 2.661401  [  448/  678]
loss: 2.197543  [  640/  678]
Average Training Loss: 1.029760
Val Loss: 2.6363 | C-index: 0.5958

Epoch 6
-------------------------------
loss: 3.339468  [   64/  678]
loss: 2.994252  [  256/  678]
loss: 2.734214  [  448/  678]
loss: 2.993982  [  640/  678]
Average Training Loss: 1.096538
Val Loss: 2.6298 | C-index: 0.6060

Epoch 7
-------------------------------
loss: 3.515470  [   64/  678]
loss: 3.028352  [  256/  678]
loss: 2.562333  [  448/  678]
loss: 2.794562  [  640/  678]
Average Training Loss: 1.081883
Val Loss: 2.6335 | C-index: 0.5878

Epoch 8
-------------------------------
loss: 2.508283  [   64/  678]
loss: 3.413336  [  256/  678]
loss: 3.119965  [  448/  678]
loss: 2.390301  [  640/  678]
Average Training Loss: 1.039262
Val Loss: 2.6345 | C-index: 0.6082

Epoch 9
-------------------------------
loss: 3.085281  [   64/  678]
loss: 3.127504  [  256/  678]
loss: 2.627226  [  448/  678]
loss: 2.634681  [  640/  678]
Average Training Loss: 1.043154
Val Loss: 2.6146 | C-index: 0.6024

Epoch 10
-------------------------------
loss: 3.471537  [   64/  678]
loss: 2.781804  [  256/  678]
loss: 2.593908  [  448/  678]
loss: 2.738414  [  640/  678]
Average Training Loss: 1.053242
Val Loss: 2.6058 | C-index: 0.6301

Epoch 11
-------------------------------
loss: 2.658603  [   64/  678]
loss: 3.299268  [  256/  678]
loss: 2.618187  [  448/  678]
loss: 2.888271  [  640/  678]
Average Training Loss: 1.042212
Val Loss: 2.6226 | C-index: 0.5813

Epoch 12
-------------------------------
loss: 2.151343  [   64/  678]
loss: 3.029713  [  256/  678]
loss: 2.907381  [  448/  678]
loss: 3.326250  [  640/  678]
Average Training Loss: 1.037699
Val Loss: 2.6205 | C-index: 0.6031

Epoch 13
-------------------------------
loss: 3.258758  [   64/  678]
loss: 3.122871  [  256/  678]
loss: 2.435682  [  448/  678]
loss: 2.667721  [  640/  678]
Average Training Loss: 1.044094
Val Loss: 2.6054 | C-index: 0.6126

Epoch 14
-------------------------------
loss: 3.164203  [   64/  678]
loss: 3.259418  [  256/  678]
loss: 2.895863  [  448/  678]
loss: 3.243459  [  640/  678]
Average Training Loss: 1.142086
Val Loss: 2.6060 | C-index: 0.6133

Epoch 15
-------------------------------
loss: 2.718452  [   64/  678]
loss: 2.728723  [  256/  678]
loss: 2.727230  [  448/  678]
loss: 2.292841  [  640/  678]
Average Training Loss: 0.951568
Val Loss: 2.5862 | C-index: 0.6352

Epoch 16
-------------------------------
loss: 2.935879  [   64/  678]
loss: 3.380121  [  256/  678]
loss: 2.829884  [  448/  678]
loss: 2.633211  [  640/  678]
Average Training Loss: 1.070827
Val Loss: 2.5435 | C-index: 0.6542

Epoch 17
-------------------------------
loss: 3.061706  [   64/  678]
loss: 3.070930  [  256/  678]
loss: 3.181472  [  448/  678]
loss: 2.374426  [  640/  678]
Average Training Loss: 1.062594
Val Loss: 2.5598 | C-index: 0.6399

Epoch 18
-------------------------------
loss: 3.028408  [   64/  678]
loss: 3.022646  [  256/  678]
loss: 2.712507  [  448/  678]
loss: 2.423601  [  640/  678]
Average Training Loss: 1.017015
Val Loss: 2.5563 | C-index: 0.6272

Epoch 19
-------------------------------
loss: 3.040354  [   64/  678]
loss: 3.066628  [  256/  678]
loss: 3.181453  [  448/  678]
loss: 2.515311  [  640/  678]
Average Training Loss: 1.073068
Val Loss: 2.5861 | C-index: 0.6122

Epoch 20
-------------------------------
loss: 2.415182  [   64/  678]
loss: 2.626807  [  256/  678]
loss: 2.928112  [  448/  678]
loss: 2.841139  [  640/  678]
Average Training Loss: 0.982840
Val Loss: 2.5937 | C-index: 0.6239

Epoch 21
-------------------------------
loss: 2.522184  [   64/  678]
loss: 2.290763  [  256/  678]
loss: 3.007370  [  448/  678]
loss: 2.652737  [  640/  678]
Average Training Loss: 0.952096
Val Loss: 2.5779 | C-index: 0.6316

Stopping early at Epoch 21 since no C-Index improvement after 5 epochs.
Done!
Best C-Index = 0.6541545189504373 at Epoch 16

=========================================
FOLD 5/5
=========================================

Epoch 1
-------------------------------
loss: 3.199352  [   64/  678]
loss: 3.234319  [  256/  678]
loss: 2.521956  [  448/  678]
loss: 2.946757  [  640/  678]
Average Training Loss: 1.082035
Val Loss: 3.1174 | C-index: 0.6232

Epoch 2
-------------------------------
loss: 3.049018  [   64/  678]
loss: 3.281095  [  256/  678]
loss: 2.620768  [  448/  678]
loss: 3.106005  [  640/  678]
Average Training Loss: 1.096081
Val Loss: 3.1132 | C-index: 0.7133

Epoch 3
-------------------------------
loss: 2.585383  [   64/  678]
loss: 3.233374  [  256/  678]
loss: 2.922251  [  448/  678]
loss: 2.574960  [  640/  678]
Average Training Loss: 1.028724
Val Loss: 3.1050 | C-index: 0.7296

Epoch 4
-------------------------------
loss: 3.476291  [   64/  678]
loss: 2.534776  [  256/  678]
loss: 3.493851  [  448/  678]
loss: 2.044555  [  640/  678]
Average Training Loss: 1.049952
Val Loss: 3.0934 | C-index: 0.7617

Epoch 5
-------------------------------
loss: 3.240565  [   64/  678]
loss: 2.869375  [  256/  678]
loss: 2.407764  [  448/  678]
loss: 2.904772  [  640/  678]
Average Training Loss: 1.038407
Val Loss: 3.0740 | C-index: 0.7804

Epoch 6
-------------------------------
loss: 3.072570  [   64/  678]
loss: 2.702388  [  256/  678]
loss: 3.172044  [  448/  678]
loss: 2.836329  [  640/  678]
Average Training Loss: 1.071212
Val Loss: 3.0556 | C-index: 0.7819

Epoch 7
-------------------------------
loss: 2.428897  [   64/  678]
loss: 3.265074  [  256/  678]
loss: 2.840423  [  448/  678]
loss: 2.385685  [  640/  678]
Average Training Loss: 0.992735
Val Loss: 3.0417 | C-index: 0.7848

Epoch 8
-------------------------------
loss: 2.757390  [   64/  678]
loss: 3.121677  [  256/  678]
loss: 2.511032  [  448/  678]
loss: 2.413890  [  640/  678]
Average Training Loss: 0.982181
Val Loss: 3.0280 | C-index: 0.7843

Epoch 9
-------------------------------
loss: 3.192636  [   64/  678]
loss: 3.242578  [  256/  678]
loss: 2.944572  [  448/  678]
loss: 2.673311  [  640/  678]
Average Training Loss: 1.095736
Val Loss: 3.0011 | C-index: 0.7862

Epoch 10
-------------------------------
loss: 2.519400  [   64/  678]
loss: 2.980859  [  256/  678]
loss: 2.633856  [  448/  678]
loss: 2.821995  [  640/  678]
Average Training Loss: 0.996010
Val Loss: 2.9785 | C-index: 0.7939

Epoch 11
-------------------------------
loss: 2.362154  [   64/  678]
loss: 3.052816  [  256/  678]
loss: 2.953263  [  448/  678]
loss: 2.171664  [  640/  678]
Average Training Loss: 0.958172
Val Loss: 2.9328 | C-index: 0.7910

Epoch 12
-------------------------------
loss: 2.513917  [   64/  678]
loss: 2.861816  [  256/  678]
loss: 2.510258  [  448/  678]
loss: 2.874933  [  640/  678]
Average Training Loss: 0.978266
Val Loss: 2.9251 | C-index: 0.7948

Epoch 13
-------------------------------
loss: 2.835498  [   64/  678]
loss: 2.059369  [  256/  678]
loss: 2.705127  [  448/  678]
loss: 2.921101  [  640/  678]
Average Training Loss: 0.956463
Val Loss: 2.8910 | C-index: 0.7953

Epoch 14
-------------------------------
loss: 2.994637  [   64/  678]
loss: 2.982422  [  256/  678]
loss: 2.629977  [  448/  678]
loss: 2.537257  [  640/  678]
Average Training Loss: 1.013117
Val Loss: 2.8775 | C-index: 0.7953

Epoch 15
-------------------------------
loss: 3.432715  [   64/  678]
loss: 2.682158  [  256/  678]
loss: 2.789278  [  448/  678]
loss: 2.944732  [  640/  678]
Average Training Loss: 1.077171
Val Loss: 2.8708 | C-index: 0.8015

Epoch 16
-------------------------------
loss: 2.274717  [   64/  678]
loss: 2.762690  [  256/  678]
loss: 3.144300  [  448/  678]
loss: 2.094697  [  640/  678]
Average Training Loss: 0.934218
Val Loss: 2.8532 | C-index: 0.8015

Epoch 17
-------------------------------
loss: 2.127617  [   64/  678]
loss: 2.894487  [  256/  678]
loss: 2.475972  [  448/  678]
loss: 2.838551  [  640/  678]
Average Training Loss: 0.939693
Val Loss: 2.8509 | C-index: 0.8011

Epoch 18
-------------------------------
loss: 2.872438  [   64/  678]
loss: 2.509699  [  256/  678]
loss: 2.939606  [  448/  678]
loss: 2.201321  [  640/  678]
Average Training Loss: 0.956642
Val Loss: 2.8026 | C-index: 0.8025

Epoch 19
-------------------------------
loss: 2.791949  [   64/  678]
loss: 1.979117  [  256/  678]
loss: 2.492617  [  448/  678]
loss: 2.047993  [  640/  678]
Average Training Loss: 0.846516
Val Loss: 2.8058 | C-index: 0.7943

Epoch 20
-------------------------------
loss: 2.722974  [   64/  678]
loss: 2.789907  [  256/  678]
loss: 2.650385  [  448/  678]
loss: 2.739016  [  640/  678]
Average Training Loss: 0.991117
Val Loss: 2.7963 | C-index: 0.8011

Epoch 21
-------------------------------
loss: 2.690928  [   64/  678]
loss: 2.556100  [  256/  678]
loss: 3.073703  [  448/  678]
loss: 2.698329  [  640/  678]
Average Training Loss: 1.001733
Val Loss: 2.7953 | C-index: 0.7910

Epoch 22
-------------------------------
loss: 3.094753  [   64/  678]
loss: 2.420555  [  256/  678]
loss: 3.231726  [  448/  678]
loss: 2.214092  [  640/  678]
Average Training Loss: 0.996466
Val Loss: 2.8126 | C-index: 0.7819

Epoch 23
-------------------------------
loss: 2.427127  [   64/  678]
loss: 2.834727  [  256/  678]
loss: 2.466158  [  448/  678]
loss: 2.734512  [  640/  678]
Average Training Loss: 0.951139
Val Loss: 2.8017 | C-index: 0.7843

Stopping early at Epoch 23 since no C-Index improvement after 5 epochs.
Done!
Best C-Index = 0.8024928092042186 at Epoch 18

=========================================
CV training complete! Mean ± std C-index: 0.7483 ± 0.0579
Best epochs per fold: [7, 28, 10, 16, 18]

=========================================
Retraining model on full train+val for 16 epochs...
Epoch 1
-------------------------------
loss: 3.202177  [   64/  847]
loss: 2.998596  [  320/  847]
loss: 2.412774  [  576/  847]
loss: 3.089156  [  832/  847]
Average Training Loss: 0.835907
Val Loss: 2.8325 | C-index: 0.6950

Epoch 2
-------------------------------
loss: 3.096159  [   64/  847]
loss: 2.939088  [  320/  847]
loss: 2.888868  [  576/  847]
loss: 2.691425  [  832/  847]
Average Training Loss: 0.829681
Val Loss: 2.8396 | C-index: 0.7054

Epoch 3
-------------------------------
loss: 3.337707  [   64/  847]
loss: 2.792580  [  320/  847]
loss: 3.047582  [  576/  847]
loss: 2.996461  [  832/  847]
Average Training Loss: 0.869595
Val Loss: 2.8443 | C-index: 0.7071

Epoch 4
-------------------------------
loss: 2.901228  [   64/  847]
loss: 2.807364  [  320/  847]
loss: 2.859247  [  576/  847]
loss: 2.688433  [  832/  847]
Average Training Loss: 0.804019
Val Loss: 2.8504 | C-index: 0.7172

Epoch 5
-------------------------------
loss: 2.896560  [   64/  847]
loss: 3.271854  [  320/  847]
loss: 2.856539  [  576/  847]
loss: 2.345252  [  832/  847]
Average Training Loss: 0.812158
Val Loss: 2.7439 | C-index: 0.7068

Epoch 6
-------------------------------
loss: 3.002531  [   64/  847]
loss: 2.852798  [  320/  847]
loss: 3.146780  [  576/  847]
loss: 2.843199  [  832/  847]
Average Training Loss: 0.846093
Val Loss: 2.6958 | C-index: 0.6988

Epoch 7
-------------------------------
loss: 2.932678  [   64/  847]
loss: 3.167647  [  320/  847]
loss: 3.074401  [  576/  847]
loss: 2.906905  [  832/  847]
Average Training Loss: 0.862974
Val Loss: 2.7916 | C-index: 0.6992

Epoch 8
-------------------------------
loss: 3.152599  [   64/  847]
loss: 3.212728  [  320/  847]
loss: 3.075389  [  576/  847]
loss: 2.736014  [  832/  847]
Average Training Loss: 0.869766
Val Loss: 2.7408 | C-index: 0.7031

Epoch 9
-------------------------------
loss: 2.774937  [   64/  847]
loss: 3.187969  [  320/  847]
loss: 3.033046  [  576/  847]
loss: 2.949981  [  832/  847]
Average Training Loss: 0.853281
Val Loss: 2.7156 | C-index: 0.7175

Epoch 10
-------------------------------
loss: 2.913746  [   64/  847]
loss: 2.778722  [  320/  847]
loss: 3.049217  [  576/  847]
loss: 2.767379  [  832/  847]
Average Training Loss: 0.822076
Val Loss: 2.7367 | C-index: 0.7297

Epoch 11
-------------------------------
loss: 3.057950  [   64/  847]
loss: 2.850806  [  320/  847]
loss: 2.509517  [  576/  847]
loss: 2.773531  [  832/  847]
Average Training Loss: 0.799415
Val Loss: 2.6503 | C-index: 0.7432

Epoch 12
-------------------------------
loss: 3.043554  [   64/  847]
loss: 2.675014  [  320/  847]
loss: 3.022195  [  576/  847]
loss: 2.706775  [  832/  847]
Average Training Loss: 0.817681
Val Loss: 2.6327 | C-index: 0.7462

Epoch 13
-------------------------------
loss: 3.298468  [   64/  847]
loss: 2.551385  [  320/  847]
loss: 2.853463  [  576/  847]
loss: 2.976544  [  832/  847]
Average Training Loss: 0.834276
Val Loss: 2.6662 | C-index: 0.7455

Epoch 14
-------------------------------
loss: 2.725322  [   64/  847]
loss: 2.610552  [  320/  847]
loss: 2.936446  [  576/  847]
loss: 2.762715  [  832/  847]
Average Training Loss: 0.788217
Val Loss: 2.6204 | C-index: 0.7160

Epoch 15
-------------------------------
loss: 2.817467  [   64/  847]
loss: 2.704776  [  320/  847]
loss: 2.953720  [  576/  847]
loss: 2.943396  [  832/  847]
Average Training Loss: 0.815668
Val Loss: 2.6655 | C-index: 0.7312

Epoch 16
-------------------------------
loss: 3.193475  [   64/  847]
loss: 2.979281  [  320/  847]
loss: 2.653356  [  576/  847]
loss: 2.584676  [  832/  847]
Average Training Loss: 0.815056
Val Loss: 2.6834 | C-index: 0.7343

Done!
Best C-Index = 0.7461916870648067 at Epoch 12
FINAL TEST Average Loss: 2.6354
FINAL TEST C-index: 0.6925
Bootstrap 95% CI: [0.5612, 0.7917]
Results saved to /Users/evan/Documents/GitHub/HyBINN/experiments/runs/clinical/seed_8/results.json
