train_hybinn.py log started 2026-06-17 01:22:02.304104
=========================================
Model Active Branches: ['gene', 'clinical']
=========================================

=========================================
FOLD 1/5
=========================================

Epoch 1
-------------------------------
loss: 2.907083  [   64/  677]
loss: 2.633944  [  256/  677]
loss: 3.129880  [  448/  677]
loss: 2.691574  [  640/  677]
Average Training Loss: 1.032953
Val Loss: 2.5742 | C-index: 0.5521

Epoch 2
-------------------------------
loss: 2.538002  [   64/  677]
loss: 2.648925  [  256/  677]
loss: 2.975730  [  448/  677]
loss: 2.863244  [  640/  677]
Average Training Loss: 1.002355
Val Loss: 2.5595 | C-index: 0.5868

Epoch 3
-------------------------------
loss: 2.876560  [   64/  677]
loss: 2.639668  [  256/  677]
loss: 2.779868  [  448/  677]
loss: 2.766803  [  640/  677]
Average Training Loss: 1.005718
Val Loss: 2.4536 | C-index: 0.7817

Epoch 4
-------------------------------
loss: 3.114721  [   64/  677]
loss: 2.397420  [  256/  677]
loss: 2.423205  [  448/  677]
loss: 2.641593  [  640/  677]
Average Training Loss: 0.961540
Val Loss: 2.4067 | C-index: 0.7463

Epoch 5
-------------------------------
loss: 2.327376  [   64/  677]
loss: 2.410604  [  256/  677]
loss: 2.368377  [  448/  677]
loss: 2.381515  [  640/  677]
Average Training Loss: 0.862534
Val Loss: 2.4637 | C-index: 0.7470

Epoch 6
-------------------------------
loss: 1.617378  [   64/  677]
loss: 2.247477  [  256/  677]
loss: 2.035578  [  448/  677]
loss: 1.332343  [  640/  677]
Average Training Loss: 0.657525
Val Loss: 2.4954 | C-index: 0.7243

Epoch 7
-------------------------------
loss: 1.634172  [   64/  677]
loss: 1.322171  [  256/  677]
loss: 1.951077  [  448/  677]
loss: 1.577600  [  640/  677]
Average Training Loss: 0.589547
Val Loss: 2.9665 | C-index: 0.7109

Epoch 8
-------------------------------
loss: 1.556725  [   64/  677]
loss: 1.171487  [  256/  677]
loss: 2.062315  [  448/  677]
loss: 1.652550  [  640/  677]
Average Training Loss: 0.585734
Val Loss: 2.9526 | C-index: 0.6048

Stopping early at Epoch 8 since no C-Index improvement after 5 epochs.
Done!
Best C-Index = 0.7817089452603472 at Epoch 3

=========================================
FOLD 2/5
=========================================

Epoch 1
-------------------------------
loss: 2.764637  [   64/  677]
loss: 2.399025  [  256/  677]
loss: 3.077027  [  448/  677]
loss: 3.509173  [  640/  677]
Average Training Loss: 1.068169
Val Loss: 2.8230 | C-index: 0.4469

Epoch 2
-------------------------------
loss: 2.730371  [   64/  677]
loss: 2.673985  [  256/  677]
loss: 2.719970  [  448/  677]
loss: 3.117508  [  640/  677]
Average Training Loss: 1.021985
Val Loss: 2.8276 | C-index: 0.4362

Epoch 3
-------------------------------
loss: 2.790040  [   64/  677]
loss: 2.235960  [  256/  677]
loss: 3.297246  [  448/  677]
loss: 2.755967  [  640/  677]
Average Training Loss: 1.007201
Val Loss: 2.7883 | C-index: 0.5083

Epoch 4
-------------------------------
loss: 2.575591  [   64/  677]
loss: 2.651160  [  256/  677]
loss: 2.417644  [  448/  677]
loss: 1.764013  [  640/  677]
Average Training Loss: 0.855310
Val Loss: 2.8541 | C-index: 0.5584

Epoch 5
-------------------------------
loss: 2.158751  [   64/  677]
loss: 1.477089  [  256/  677]
loss: 2.326030  [  448/  677]
loss: 2.244395  [  640/  677]
Average Training Loss: 0.746024
Val Loss: 3.5433 | C-index: 0.4109

Epoch 6
-------------------------------
loss: 2.021714  [   64/  677]
loss: 1.812556  [  256/  677]
loss: 1.725491  [  448/  677]
loss: 1.520395  [  640/  677]
Average Training Loss: 0.643651
Val Loss: 3.0809 | C-index: 0.5077

Epoch 7
-------------------------------
loss: 1.829839  [   64/  677]
loss: 1.693900  [  256/  677]
loss: 1.774361  [  448/  677]
loss: 1.286134  [  640/  677]
Average Training Loss: 0.598567
Val Loss: 3.2983 | C-index: 0.4847

Epoch 8
-------------------------------
loss: 1.160335  [   64/  677]
loss: 1.627694  [  256/  677]
loss: 1.476126  [  448/  677]
loss: 1.440666  [  640/  677]
Average Training Loss: 0.518620
Val Loss: 3.5504 | C-index: 0.5130

Epoch 9
-------------------------------
loss: 1.165848  [   64/  677]
loss: 1.670988  [  256/  677]
loss: 1.185174  [  448/  677]
loss: 2.212195  [  640/  677]
Average Training Loss: 0.566746
Val Loss: 3.2464 | C-index: 0.5673

Epoch 10
-------------------------------
loss: 1.269176  [   64/  677]
loss: 1.269253  [  256/  677]
loss: 0.951537  [  448/  677]
loss: 1.475421  [  640/  677]
Average Training Loss: 0.451399
Val Loss: 3.5826 | C-index: 0.5106

Epoch 11
-------------------------------
loss: 0.838601  [   64/  677]
loss: 0.942244  [  256/  677]
loss: 1.532838  [  448/  677]
loss: 1.357337  [  640/  677]
Average Training Loss: 0.424638
Val Loss: 3.1509 | C-index: 0.5815

Epoch 12
-------------------------------
loss: 1.121950  [   64/  677]
loss: 1.734458  [  256/  677]
loss: 0.976459  [  448/  677]
loss: 0.888773  [  640/  677]
Average Training Loss: 0.429240
Val Loss: 3.4430 | C-index: 0.5071

Epoch 13
-------------------------------
loss: 0.989563  [   64/  677]
loss: 0.814454  [  256/  677]
loss: 1.152620  [  448/  677]
loss: 1.273775  [  640/  677]
Average Training Loss: 0.384583
Val Loss: 3.3116 | C-index: 0.5844

Epoch 14
-------------------------------
loss: 1.640490  [   64/  677]
loss: 1.565450  [  256/  677]
loss: 1.341158  [  448/  677]
loss: 0.827355  [  640/  677]
Average Training Loss: 0.488587
Val Loss: 3.7823 | C-index: 0.5325

Epoch 15
-------------------------------
loss: 1.309317  [   64/  677]
loss: 1.074888  [  256/  677]
loss: 1.243345  [  448/  677]
loss: 1.273822  [  640/  677]
Average Training Loss: 0.445579
Val Loss: 3.3656 | C-index: 0.5738

Epoch 16
-------------------------------
loss: 1.007428  [   64/  677]
loss: 1.459122  [  256/  677]
loss: 1.416171  [  448/  677]
loss: 1.451284  [  640/  677]
Average Training Loss: 0.484910
Val Loss: 3.6694 | C-index: 0.5390

Epoch 17
-------------------------------
loss: 1.026516  [   64/  677]
loss: 0.786813  [  256/  677]
loss: 1.267793  [  448/  677]
loss: 1.421876  [  640/  677]
Average Training Loss: 0.409363
Val Loss: 3.7446 | C-index: 0.5396

Epoch 18
-------------------------------
loss: 0.786222  [   64/  677]
loss: 0.555330  [  256/  677]
loss: 1.683107  [  448/  677]
loss: 1.391076  [  640/  677]
Average Training Loss: 0.401430
Val Loss: 4.0071 | C-index: 0.4811

Stopping early at Epoch 18 since no C-Index improvement after 5 epochs.
Done!
Best C-Index = 0.5844155844155844 at Epoch 13

=========================================
FOLD 3/5
=========================================

Epoch 1
-------------------------------
loss: 2.122752  [   64/  678]
loss: 3.411535  [  256/  678]
loss: 2.947680  [  448/  678]
loss: 3.185539  [  640/  678]
Average Training Loss: 1.060682
Val Loss: 2.9146 | C-index: 0.4741

Epoch 2
-------------------------------
loss: 2.979802  [   64/  678]
loss: 3.065267  [  256/  678]
loss: 2.795492  [  448/  678]
loss: 2.262634  [  640/  678]
Average Training Loss: 1.009381
Val Loss: 2.9235 | C-index: 0.4865

Epoch 3
-------------------------------
loss: 2.991258  [   64/  678]
loss: 3.239024  [  256/  678]
loss: 2.943673  [  448/  678]
loss: 2.734328  [  640/  678]
Average Training Loss: 1.082571
Val Loss: 2.8186 | C-index: 0.5862

Epoch 4
-------------------------------
loss: 2.377346  [   64/  678]
loss: 2.834067  [  256/  678]
loss: 2.642537  [  448/  678]
loss: 2.793556  [  640/  678]
Average Training Loss: 0.967955
Val Loss: 2.8550 | C-index: 0.5911

Epoch 5
-------------------------------
loss: 2.128812  [   64/  678]
loss: 1.944538  [  256/  678]
loss: 1.994010  [  448/  678]
loss: 2.427035  [  640/  678]
Average Training Loss: 0.772218
Val Loss: 2.7949 | C-index: 0.5986

Epoch 6
-------------------------------
loss: 1.504551  [   64/  678]
loss: 1.841017  [  256/  678]
loss: 1.857732  [  448/  678]
loss: 1.737151  [  640/  678]
Average Training Loss: 0.630950
Val Loss: 2.8028 | C-index: 0.6223

Epoch 7
-------------------------------
loss: 1.499885  [   64/  678]
loss: 1.227017  [  256/  678]
loss: 2.275722  [  448/  678]
loss: 1.431748  [  640/  678]
Average Training Loss: 0.584943
Val Loss: 2.9531 | C-index: 0.6277

Epoch 8
-------------------------------
loss: 1.277775  [   64/  678]
loss: 1.199078  [  256/  678]
loss: 1.592627  [  448/  678]
loss: 1.056929  [  640/  678]
Average Training Loss: 0.466037
Val Loss: 2.9701 | C-index: 0.6293

Epoch 9
-------------------------------
loss: 1.318553  [   64/  678]
loss: 0.890366  [  256/  678]
loss: 1.077125  [  448/  678]
loss: 1.197350  [  640/  678]
Average Training Loss: 0.407581
Val Loss: 3.0192 | C-index: 0.5964

Epoch 10
-------------------------------
loss: 1.445212  [   64/  678]
loss: 1.598426  [  256/  678]
loss: 1.567255  [  448/  678]
loss: 0.907132  [  640/  678]
Average Training Loss: 0.501639
Val Loss: 3.1090 | C-index: 0.5943

Epoch 11
-------------------------------
loss: 1.375627  [   64/  678]
loss: 1.350770  [  256/  678]
loss: 2.233475  [  448/  678]
loss: 2.217916  [  640/  678]
Average Training Loss: 0.652526
Val Loss: 3.6986 | C-index: 0.5420

Epoch 12
-------------------------------
loss: 1.552414  [   64/  678]
loss: 1.387348  [  256/  678]
loss: 1.336645  [  448/  678]
loss: 1.672280  [  640/  678]
Average Training Loss: 0.540790
Val Loss: 2.8840 | C-index: 0.6439

Epoch 13
-------------------------------
loss: 1.185473  [   64/  678]
loss: 1.183494  [  256/  678]
loss: 0.737859  [  448/  678]
loss: 1.452140  [  640/  678]
Average Training Loss: 0.414452
Val Loss: 2.8149 | C-index: 0.6417

Epoch 14
-------------------------------
loss: 0.874332  [   64/  678]
loss: 1.046622  [  256/  678]
loss: 1.293002  [  448/  678]
loss: 1.260176  [  640/  678]
Average Training Loss: 0.406739
Val Loss: 3.0652 | C-index: 0.6331

Epoch 15
-------------------------------
loss: 1.024470  [   64/  678]
loss: 1.453694  [  256/  678]
loss: 1.067886  [  448/  678]
loss: 0.784254  [  640/  678]
Average Training Loss: 0.393664
Val Loss: 2.9543 | C-index: 0.6611

Epoch 16
-------------------------------
loss: 1.532988  [   64/  678]
loss: 0.795688  [  256/  678]
loss: 1.297132  [  448/  678]
loss: 1.389565  [  640/  678]
Average Training Loss: 0.455943
Val Loss: 3.6844 | C-index: 0.6099

Epoch 17
-------------------------------
loss: 0.789505  [   64/  678]
loss: 1.540642  [  256/  678]
loss: 0.352831  [  448/  678]
loss: 1.680609  [  640/  678]
Average Training Loss: 0.396690
Val Loss: 3.2990 | C-index: 0.5884

Epoch 18
-------------------------------
loss: 0.642246  [   64/  678]
loss: 0.443702  [  256/  678]
loss: 1.124302  [  448/  678]
loss: 1.499793  [  640/  678]
Average Training Loss: 0.337277
Val Loss: 2.9642 | C-index: 0.6541

Epoch 19
-------------------------------
loss: 1.034742  [   64/  678]
loss: 0.905165  [  256/  678]
loss: 2.035218  [  448/  678]
loss: 0.562836  [  640/  678]
Average Training Loss: 0.412542
Val Loss: 3.1335 | C-index: 0.6239

Epoch 20
-------------------------------
loss: 1.048696  [   64/  678]
loss: 1.469126  [  256/  678]
loss: 1.096952  [  448/  678]
loss: 0.682049  [  640/  678]
Average Training Loss: 0.390620
Val Loss: 3.1983 | C-index: 0.6471

Stopping early at Epoch 20 since no C-Index improvement after 5 epochs.
Done!
Best C-Index = 0.6610991379310345 at Epoch 15

=========================================
FOLD 4/5
=========================================

Epoch 1
-------------------------------
loss: 2.735025  [   64/  678]
loss: 2.654578  [  256/  678]
loss: 3.239521  [  448/  678]
loss: 3.533269  [  640/  678]
Average Training Loss: 1.105672
Val Loss: 2.7707 | C-index: 0.5927

Epoch 2
-------------------------------
loss: 3.387372  [   64/  678]
loss: 2.439206  [  256/  678]
loss: 3.166590  [  448/  678]
loss: 3.135257  [  640/  678]
Average Training Loss: 1.102584
Val Loss: 2.7653 | C-index: 0.5941

Epoch 3
-------------------------------
loss: 2.594273  [   64/  678]
loss: 2.922482  [  256/  678]
loss: 2.527147  [  448/  678]
loss: 2.966829  [  640/  678]
Average Training Loss: 1.000975
Val Loss: 2.7735 | C-index: 0.5518

Epoch 4
-------------------------------
loss: 2.700894  [   64/  678]
loss: 2.594926  [  256/  678]
loss: 2.831873  [  448/  678]
loss: 3.022652  [  640/  678]
Average Training Loss: 1.013668
Val Loss: 2.7046 | C-index: 0.6082

Epoch 5
-------------------------------
loss: 2.482861  [   64/  678]
loss: 1.906827  [  256/  678]
loss: 2.413518  [  448/  678]
loss: 2.273805  [  640/  678]
Average Training Loss: 0.825183
Val Loss: 2.6804 | C-index: 0.6420

Epoch 6
-------------------------------
loss: 1.675037  [   64/  678]
loss: 1.933746  [  256/  678]
loss: 1.673509  [  448/  678]
loss: 1.132177  [  640/  678]
Average Training Loss: 0.583134
Val Loss: 2.8999 | C-index: 0.6688

Epoch 7
-------------------------------
loss: 1.189873  [   64/  678]
loss: 1.951995  [  256/  678]
loss: 1.245789  [  448/  678]
loss: 1.890924  [  640/  678]
Average Training Loss: 0.570780
Val Loss: 3.4238 | C-index: 0.6159

Epoch 8
-------------------------------
loss: 1.091993  [   64/  678]
loss: 1.711689  [  256/  678]
loss: 1.694512  [  448/  678]
loss: 2.281124  [  640/  678]
Average Training Loss: 0.616302
Val Loss: 3.6815 | C-index: 0.6089

Epoch 9
-------------------------------
loss: 1.991328  [   64/  678]
loss: 1.338106  [  256/  678]
loss: 0.924070  [  448/  678]
loss: 1.572742  [  640/  678]
Average Training Loss: 0.529659
Val Loss: 2.8815 | C-index: 0.6730

Epoch 10
-------------------------------
loss: 1.352396  [   64/  678]
loss: 2.186979  [  256/  678]
loss: 1.840647  [  448/  678]
loss: 1.503100  [  640/  678]
Average Training Loss: 0.625738
Val Loss: 2.9454 | C-index: 0.6589

Epoch 11
-------------------------------
loss: 1.430747  [   64/  678]
loss: 1.081399  [  256/  678]
loss: 1.196909  [  448/  678]
loss: 1.321604  [  640/  678]
Average Training Loss: 0.457333
Val Loss: 3.3541 | C-index: 0.7019

Epoch 12
-------------------------------
loss: 1.382205  [   64/  678]
loss: 1.039061  [  256/  678]
loss: 2.417178  [  448/  678]
loss: 1.210278  [  640/  678]
Average Training Loss: 0.549884
Val Loss: 3.0698 | C-index: 0.6808

Epoch 13
-------------------------------
loss: 1.287493  [   64/  678]
loss: 0.631837  [  256/  678]
loss: 1.175691  [  448/  678]
loss: 0.645310  [  640/  678]
Average Training Loss: 0.340030
Val Loss: 3.1409 | C-index: 0.7153

Epoch 14
-------------------------------
loss: 1.596402  [   64/  678]
loss: 0.752756  [  256/  678]
loss: 0.843040  [  448/  678]
loss: 1.079631  [  640/  678]
Average Training Loss: 0.388348
Val Loss: 3.2412 | C-index: 0.6441

Epoch 15
-------------------------------
loss: 1.115419  [   64/  678]
loss: 0.744906  [  256/  678]
loss: 1.336988  [  448/  678]
loss: 0.642956  [  640/  678]
Average Training Loss: 0.349115
Val Loss: 3.1918 | C-index: 0.6498

Epoch 16
-------------------------------
loss: 1.417286  [   64/  678]
loss: 1.674370  [  256/  678]
loss: 0.927108  [  448/  678]
loss: 3.237244  [  640/  678]
Average Training Loss: 0.659637
Val Loss: 3.6217 | C-index: 0.6378

Epoch 17
-------------------------------
loss: 0.945165  [   64/  678]
loss: 2.496219  [  256/  678]
loss: 1.073319  [  448/  678]
loss: 0.786503  [  640/  678]
Average Training Loss: 0.481928
Val Loss: 2.9891 | C-index: 0.7054

Epoch 18
-------------------------------
loss: 1.064215  [   64/  678]
loss: 1.313824  [  256/  678]
loss: 1.524378  [  448/  678]
loss: 0.924434  [  640/  678]
Average Training Loss: 0.438805
Val Loss: 3.0690 | C-index: 0.6843

Stopping early at Epoch 18 since no C-Index improvement after 5 epochs.
Done!
Best C-Index = 0.715292459478506 at Epoch 13

=========================================
FOLD 5/5
=========================================

Epoch 1
-------------------------------
loss: 2.993192  [   64/  678]
loss: 2.884506  [  256/  678]
loss: 3.104514  [  448/  678]
loss: 2.823761  [  640/  678]
Average Training Loss: 1.073270
Val Loss: 2.9039 | C-index: 0.6251

Epoch 2
-------------------------------
loss: 2.645031  [   64/  678]
loss: 2.843528  [  256/  678]
loss: 2.994256  [  448/  678]
loss: 3.404146  [  640/  678]
Average Training Loss: 1.080633
Val Loss: 2.9317 | C-index: 0.6014

Epoch 3
-------------------------------
loss: 3.158677  [   64/  678]
loss: 2.740224  [  256/  678]
loss: 2.581868  [  448/  678]
loss: 2.465106  [  640/  678]
Average Training Loss: 0.995080
Val Loss: 2.9291 | C-index: 0.6372

Epoch 4
-------------------------------
loss: 2.111068  [   64/  678]
loss: 2.874030  [  256/  678]
loss: 2.648562  [  448/  678]
loss: 2.707159  [  640/  678]
Average Training Loss: 0.940074
Val Loss: 2.7973 | C-index: 0.7233

Epoch 5
-------------------------------
loss: 2.521142  [   64/  678]
loss: 1.939002  [  256/  678]
loss: 2.011120  [  448/  678]
loss: 2.461678  [  640/  678]
Average Training Loss: 0.812086
Val Loss: 2.9049 | C-index: 0.6568

Epoch 6
-------------------------------
loss: 1.878195  [   64/  678]
loss: 1.164882  [  256/  678]
loss: 1.804819  [  448/  678]
loss: 2.304823  [  640/  678]
Average Training Loss: 0.650247
Val Loss: 2.6500 | C-index: 0.7083

Epoch 7
-------------------------------
loss: 1.803645  [   64/  678]
loss: 1.326699  [  256/  678]
loss: 1.712235  [  448/  678]
loss: 1.760305  [  640/  678]
Average Training Loss: 0.600262
Val Loss: 3.0142 | C-index: 0.6193

Epoch 8
-------------------------------
loss: 1.608068  [   64/  678]
loss: 1.433787  [  256/  678]
loss: 1.688352  [  448/  678]
loss: 1.076530  [  640/  678]
Average Training Loss: 0.527885
Val Loss: 3.5934 | C-index: 0.6586

Epoch 9
-------------------------------
loss: 1.606162  [   64/  678]
loss: 1.939412  [  256/  678]
loss: 1.583185  [  448/  678]
loss: 1.550069  [  640/  678]
Average Training Loss: 0.607166
Val Loss: 2.8920 | C-index: 0.7088

Stopping early at Epoch 9 since no C-Index improvement after 5 epochs.
Done!
Best C-Index = 0.7232813402657423 at Epoch 4

=========================================
CV training complete! Mean ± std C-index: 0.6932 ± 0.0665
Best epochs per fold: [3, 13, 15, 13, 4]

=========================================
Retraining model on full train+val for 10 epochs...
Epoch 1
-------------------------------
loss: 2.858348  [   64/  847]
loss: 3.061799  [  320/  847]
loss: 2.634690  [  576/  847]
loss: 2.639927  [  832/  847]
Average Training Loss: 0.799626
Val Loss: 2.8355 | C-index: 0.5819

Epoch 2
-------------------------------
loss: 3.106568  [   64/  847]
loss: 2.739678  [  320/  847]
loss: 2.877780  [  576/  847]
loss: 2.251957  [  832/  847]
Average Training Loss: 0.783999
Val Loss: 2.5917 | C-index: 0.7230

Epoch 3
-------------------------------
loss: 3.106320  [   64/  847]
loss: 2.161174  [  320/  847]
loss: 3.118515  [  576/  847]
loss: 2.445196  [  832/  847]
Average Training Loss: 0.773658
Val Loss: 2.3743 | C-index: 0.8710

Epoch 4
-------------------------------
loss: 2.863509  [   64/  847]
loss: 2.412612  [  320/  847]
loss: 2.510300  [  576/  847]
loss: 2.491160  [  832/  847]
Average Training Loss: 0.734113
Val Loss: 2.0290 | C-index: 0.8757

Epoch 5
-------------------------------
loss: 2.097393  [   64/  847]
loss: 1.645653  [  320/  847]
loss: 2.443179  [  576/  847]
loss: 2.374765  [  832/  847]
Average Training Loss: 0.611499
Val Loss: 1.9743 | C-index: 0.8779

Epoch 6
-------------------------------
loss: 1.706857  [   64/  847]
loss: 2.501019  [  320/  847]
loss: 1.986966  [  576/  847]
loss: 2.121773  [  832/  847]
Average Training Loss: 0.594044
Val Loss: 1.5488 | C-index: 0.9317

Epoch 7
-------------------------------
loss: 1.018747  [   64/  847]
loss: 1.799676  [  320/  847]
loss: 1.166618  [  576/  847]
loss: 1.566178  [  832/  847]
Average Training Loss: 0.396516
Val Loss: 1.3808 | C-index: 0.9557

Epoch 8
-------------------------------
loss: 1.860490  [   64/  847]
loss: 1.724468  [  320/  847]
loss: 1.233156  [  576/  847]
loss: 1.921308  [  832/  847]
Average Training Loss: 0.481387
Val Loss: 1.2223 | C-index: 0.9652

Epoch 9
-------------------------------
loss: 1.464473  [   64/  847]
loss: 0.599366  [  320/  847]
loss: 1.917603  [  576/  847]
loss: 1.629199  [  832/  847]
Average Training Loss: 0.400760
Val Loss: 1.2508 | C-index: 0.9649

Epoch 10
-------------------------------
loss: 1.952725  [   64/  847]
loss: 0.739009  [  320/  847]
loss: 1.279372  [  576/  847]
loss: 1.460431  [  832/  847]
Average Training Loss: 0.387967
Val Loss: 1.2428 | C-index: 0.9684

Done!
Best C-Index = 0.9684274144808412 at Epoch 10
FINAL TEST Average Loss: 2.5071
FINAL TEST C-index: 0.6936
Bootstrap 95% CI: [0.5548, 0.8053]
Results saved to /Users/evan/Documents/GitHub/HyBINN/experiments/runs/gene_clinical/seed_5/results.json
