train_hybinn.py log started 2026-06-17 01:02:26.053666
=========================================
Model Active Branches: ['gene']
=========================================

=========================================
FOLD 1/5
=========================================

Epoch 1
-------------------------------
loss: 3.034490  [   64/  677]
loss: 2.365890  [  256/  677]
loss: 3.151633  [  448/  677]
loss: 2.946109  [  640/  677]
Average Training Loss: 1.045284
Val Loss: 3.0795 | C-index: 0.4700

Epoch 2
-------------------------------
loss: 2.666410  [   64/  677]
loss: 3.158422  [  256/  677]
loss: 3.279386  [  448/  677]
loss: 2.975614  [  640/  677]
Average Training Loss: 1.098167
Val Loss: 3.0180 | C-index: 0.5350

Epoch 3
-------------------------------
loss: 1.902025  [   64/  677]
loss: 2.589595  [  256/  677]
loss: 2.919493  [  448/  677]
loss: 3.272604  [  640/  677]
Average Training Loss: 0.971247
Val Loss: 2.9776 | C-index: 0.5931

Epoch 4
-------------------------------
loss: 2.317474  [   64/  677]
loss: 2.182359  [  256/  677]
loss: 2.544023  [  448/  677]
loss: 2.779778  [  640/  677]
Average Training Loss: 0.893058
Val Loss: 2.7600 | C-index: 0.7697

Epoch 5
-------------------------------
loss: 2.126079  [   64/  677]
loss: 2.116730  [  256/  677]
loss: 1.642238  [  448/  677]
loss: 2.172890  [  640/  677]
Average Training Loss: 0.732540
Val Loss: 3.4178 | C-index: 0.5434

Epoch 6
-------------------------------
loss: 1.313225  [   64/  677]
loss: 2.384523  [  256/  677]
loss: 1.234554  [  448/  677]
loss: 1.785618  [  640/  677]
Average Training Loss: 0.610720
Val Loss: 2.9265 | C-index: 0.7102

Epoch 7
-------------------------------
loss: 1.665318  [   64/  677]
loss: 1.609818  [  256/  677]
loss: 1.400993  [  448/  677]
loss: 1.889699  [  640/  677]
Average Training Loss: 0.596893
Val Loss: 3.3616 | C-index: 0.5901

Epoch 8
-------------------------------
loss: 1.116037  [   64/  677]
loss: 1.524631  [  256/  677]
loss: 1.535951  [  448/  677]
loss: 1.300467  [  640/  677]
Average Training Loss: 0.497917
Val Loss: 3.1124 | C-index: 0.7037

Epoch 9
-------------------------------
loss: 1.645605  [   64/  677]
loss: 2.504107  [  256/  677]
loss: 1.851973  [  448/  677]
loss: 1.367514  [  640/  677]
Average Training Loss: 0.669927
Val Loss: 3.7748 | C-index: 0.5568

Stopping early at Epoch 9 since no C-Index improvement after 5 epochs.
Done!
Best C-Index = 0.7697270471464019 at Epoch 4

=========================================
FOLD 2/5
=========================================

Epoch 1
-------------------------------
loss: 1.567504  [   64/  677]
loss: 3.253330  [  256/  677]
loss: 3.144388  [  448/  677]
loss: 3.060279  [  640/  677]
Average Training Loss: 1.002318
Val Loss: 2.5990 | C-index: 0.5391

Epoch 2
-------------------------------
loss: 2.567249  [   64/  677]
loss: 2.940703  [  256/  677]
loss: 2.854258  [  448/  677]
loss: 3.031290  [  640/  677]
Average Training Loss: 1.035773
Val Loss: 2.5938 | C-index: 0.5676

Epoch 3
-------------------------------
loss: 2.833130  [   64/  677]
loss: 2.530764  [  256/  677]
loss: 3.075523  [  448/  677]
loss: 2.539432  [  640/  677]
Average Training Loss: 0.998077
Val Loss: 2.5904 | C-index: 0.6041

Epoch 4
-------------------------------
loss: 2.385747  [   64/  677]
loss: 2.295299  [  256/  677]
loss: 2.231566  [  448/  677]
loss: 2.296017  [  640/  677]
Average Training Loss: 0.837148
Val Loss: 2.6802 | C-index: 0.6435

Epoch 5
-------------------------------
loss: 2.203899  [   64/  677]
loss: 1.835432  [  256/  677]
loss: 0.878046  [  448/  677]
loss: 2.290393  [  640/  677]
Average Training Loss: 0.655252
Val Loss: 2.7531 | C-index: 0.6440

Epoch 6
-------------------------------
loss: 1.415183  [   64/  677]
loss: 2.303215  [  256/  677]
loss: 1.890900  [  448/  677]
loss: 1.368415  [  640/  677]
Average Training Loss: 0.634338
Val Loss: 2.9505 | C-index: 0.6207

Epoch 7
-------------------------------
loss: 1.035824  [   64/  677]
loss: 2.145411  [  256/  677]
loss: 1.197713  [  448/  677]
loss: 2.087998  [  640/  677]
Average Training Loss: 0.587904
Val Loss: 2.9299 | C-index: 0.6303

Epoch 8
-------------------------------
loss: 1.576469  [   64/  677]
loss: 1.499605  [  256/  677]
loss: 1.594287  [  448/  677]
loss: 1.082535  [  640/  677]
Average Training Loss: 0.522991
Val Loss: 2.8073 | C-index: 0.6908

Epoch 9
-------------------------------
loss: 1.315457  [   64/  677]
loss: 1.237513  [  256/  677]
loss: 0.519832  [  448/  677]
loss: 1.607438  [  640/  677]
Average Training Loss: 0.425476
Val Loss: 3.1088 | C-index: 0.6241

Epoch 10
-------------------------------
loss: 1.523002  [   64/  677]
loss: 1.130152  [  256/  677]
loss: 1.233784  [  448/  677]
loss: 1.334460  [  640/  677]
Average Training Loss: 0.474673
Val Loss: 3.4231 | C-index: 0.6560

Epoch 11
-------------------------------
loss: 0.985580  [   64/  677]
loss: 1.159296  [  256/  677]
loss: 1.359945  [  448/  677]
loss: 1.648960  [  640/  677]
Average Training Loss: 0.468525
Val Loss: 3.2350 | C-index: 0.6395

Epoch 12
-------------------------------
loss: 1.330291  [   64/  677]
loss: 1.873538  [  256/  677]
loss: 1.428922  [  448/  677]
loss: 1.374791  [  640/  677]
Average Training Loss: 0.546140
Val Loss: 3.0685 | C-index: 0.6589

Epoch 13
-------------------------------
loss: 2.509501  [   64/  677]
loss: 0.996327  [  256/  677]
loss: 1.696367  [  448/  677]
loss: 1.857135  [  640/  677]
Average Training Loss: 0.641757
Val Loss: 2.5869 | C-index: 0.6674

Stopping early at Epoch 13 since no C-Index improvement after 5 epochs.
Done!
Best C-Index = 0.6908157444381061 at Epoch 8

=========================================
FOLD 3/5
=========================================

Epoch 1
-------------------------------
loss: 2.811712  [   64/  678]
loss: 2.796746  [  256/  678]
loss: 2.800072  [  448/  678]
loss: 2.712580  [  640/  678]
Average Training Loss: 1.011010
Val Loss: 3.1238 | C-index: 0.4911

Epoch 2
-------------------------------
loss: 2.896211  [   64/  678]
loss: 3.177545  [  256/  678]
loss: 2.721064  [  448/  678]
loss: 3.010906  [  640/  678]
Average Training Loss: 1.073248
Val Loss: 3.1391 | C-index: 0.5273

Epoch 3
-------------------------------
loss: 3.389671  [   64/  678]
loss: 2.203260  [  256/  678]
loss: 2.493834  [  448/  678]
loss: 2.923001  [  640/  678]
Average Training Loss: 1.000888
Val Loss: 3.2559 | C-index: 0.5409

Epoch 4
-------------------------------
loss: 2.469930  [   64/  678]
loss: 2.246410  [  256/  678]
loss: 2.406235  [  448/  678]
loss: 2.070773  [  640/  678]
Average Training Loss: 0.835759
Val Loss: 3.2738 | C-index: 0.5702

Epoch 5
-------------------------------
loss: 2.087258  [   64/  678]
loss: 1.660193  [  256/  678]
loss: 1.623990  [  448/  678]
loss: 2.110039  [  640/  678]
Average Training Loss: 0.680135
Val Loss: 3.2302 | C-index: 0.6127

Epoch 6
-------------------------------
loss: 1.620555  [   64/  678]
loss: 1.274550  [  256/  678]
loss: 2.118351  [  448/  678]
loss: 2.124790  [  640/  678]
Average Training Loss: 0.648931
Val Loss: 3.6544 | C-index: 0.5912

Epoch 7
-------------------------------
loss: 1.749200  [   64/  678]
loss: 1.262797  [  256/  678]
loss: 1.466884  [  448/  678]
loss: 1.189883  [  640/  678]
Average Training Loss: 0.515342
Val Loss: 4.0743 | C-index: 0.5550

Epoch 8
-------------------------------
loss: 1.239343  [   64/  678]
loss: 1.614187  [  256/  678]
loss: 1.432954  [  448/  678]
loss: 1.422989  [  640/  678]
Average Training Loss: 0.519043
Val Loss: 4.0943 | C-index: 0.5210

Epoch 9
-------------------------------
loss: 1.201112  [   64/  678]
loss: 1.645574  [  256/  678]
loss: 1.518634  [  448/  678]
loss: 1.260217  [  640/  678]
Average Training Loss: 0.511413
Val Loss: 4.0232 | C-index: 0.5425

Epoch 10
-------------------------------
loss: 1.002968  [   64/  678]
loss: 0.596294  [  256/  678]
loss: 1.940028  [  448/  678]
loss: 1.081002  [  640/  678]
Average Training Loss: 0.420027
Val Loss: 3.8075 | C-index: 0.6006

Stopping early at Epoch 10 since no C-Index improvement after 5 epochs.
Done!
Best C-Index = 0.6126834381551363 at Epoch 5

=========================================
FOLD 4/5
=========================================

Epoch 1
-------------------------------
loss: 3.055263  [   64/  678]
loss: 3.356903  [  256/  678]
loss: 3.364271  [  448/  678]
loss: 2.757975  [  640/  678]
Average Training Loss: 1.139492
Val Loss: 2.2404 | C-index: 0.7609

Epoch 2
-------------------------------
loss: 2.637722  [   64/  678]
loss: 3.185219  [  256/  678]
loss: 3.028239  [  448/  678]
loss: 2.840318  [  640/  678]
Average Training Loss: 1.062864
Val Loss: 2.2139 | C-index: 0.6857

Epoch 3
-------------------------------
loss: 2.555116  [   64/  678]
loss: 2.636356  [  256/  678]
loss: 3.076083  [  448/  678]
loss: 2.622320  [  640/  678]
Average Training Loss: 0.989989
Val Loss: 2.1251 | C-index: 0.7319

Epoch 4
-------------------------------
loss: 2.709183  [   64/  678]
loss: 3.116450  [  256/  678]
loss: 2.374559  [  448/  678]
loss: 2.461216  [  640/  678]
Average Training Loss: 0.969219
Val Loss: 2.1260 | C-index: 0.6884

Epoch 5
-------------------------------
loss: 1.671128  [   64/  678]
loss: 1.941243  [  256/  678]
loss: 1.790488  [  448/  678]
loss: 2.223747  [  640/  678]
Average Training Loss: 0.693328
Val Loss: 2.2358 | C-index: 0.7446

Epoch 6
-------------------------------
loss: 2.227860  [   64/  678]
loss: 1.543124  [  256/  678]
loss: 1.275331  [  448/  678]
loss: 1.977629  [  640/  678]
Average Training Loss: 0.638540
Val Loss: 2.7829 | C-index: 0.5471

Stopping early at Epoch 6 since no C-Index improvement after 5 epochs.
Done!
Best C-Index = 0.7608695652173914 at Epoch 1

=========================================
FOLD 5/5
=========================================

Epoch 1
-------------------------------
loss: 3.017246  [   64/  678]
loss: 3.161974  [  256/  678]
loss: 2.950343  [  448/  678]
loss: 2.776194  [  640/  678]
Average Training Loss: 1.082342
Val Loss: 2.8969 | C-index: 0.5914

Epoch 2
-------------------------------
loss: 2.797641  [   64/  678]
loss: 3.175940  [  256/  678]
loss: 2.927259  [  448/  678]
loss: 2.412048  [  640/  678]
Average Training Loss: 1.028444
Val Loss: 2.9769 | C-index: 0.5950

Epoch 3
-------------------------------
loss: 2.091111  [   64/  678]
loss: 2.997507  [  256/  678]
loss: 2.514726  [  448/  678]
loss: 2.568233  [  640/  678]
Average Training Loss: 0.924689
Val Loss: 2.9466 | C-index: 0.6368

Epoch 4
-------------------------------
loss: 2.023735  [   64/  678]
loss: 2.382392  [  256/  678]
loss: 2.279521  [  448/  678]
loss: 2.271934  [  640/  678]
Average Training Loss: 0.814326
Val Loss: 2.9691 | C-index: 0.5627

Epoch 5
-------------------------------
loss: 1.662949  [   64/  678]
loss: 1.383349  [  256/  678]
loss: 1.422773  [  448/  678]
loss: 2.182086  [  640/  678]
Average Training Loss: 0.604651
Val Loss: 3.4153 | C-index: 0.6607

Epoch 6
-------------------------------
loss: 1.435905  [   64/  678]
loss: 1.479442  [  256/  678]
loss: 2.220782  [  448/  678]
loss: 1.429762  [  640/  678]
Average Training Loss: 0.596899
Val Loss: 2.9890 | C-index: 0.5579

Epoch 7
-------------------------------
loss: 1.770383  [   64/  678]
loss: 1.076601  [  256/  678]
loss: 1.410191  [  448/  678]
loss: 2.066241  [  640/  678]
Average Training Loss: 0.574856
Val Loss: 3.4104 | C-index: 0.6655

Epoch 8
-------------------------------
loss: 1.082531  [   64/  678]
loss: 1.514910  [  256/  678]
loss: 1.489564  [  448/  678]
loss: 1.260681  [  640/  678]
Average Training Loss: 0.486153
Val Loss: 2.8951 | C-index: 0.6464

Epoch 9
-------------------------------
loss: 1.556145  [   64/  678]
loss: 1.777145  [  256/  678]
loss: 1.120878  [  448/  678]
loss: 1.289089  [  640/  678]
Average Training Loss: 0.522114
Val Loss: 3.1770 | C-index: 0.6565

Epoch 10
-------------------------------
loss: 1.246927  [   64/  678]
loss: 1.837933  [  256/  678]
loss: 1.395671  [  448/  678]
loss: 1.382049  [  640/  678]
Average Training Loss: 0.532962
Val Loss: 2.9565 | C-index: 0.6308

Epoch 11
-------------------------------
loss: 0.647939  [   64/  678]
loss: 1.377537  [  256/  678]
loss: 2.469777  [  448/  678]
loss: 1.379287  [  640/  678]
Average Training Loss: 0.534049
Val Loss: 3.2536 | C-index: 0.6464

Epoch 12
-------------------------------
loss: 1.154917  [   64/  678]
loss: 0.849407  [  256/  678]
loss: 0.780519  [  448/  678]
loss: 0.819493  [  640/  678]
Average Training Loss: 0.327667
Val Loss: 3.3364 | C-index: 0.6302

Stopping early at Epoch 12 since no C-Index improvement after 5 epochs.
Done!
Best C-Index = 0.6654719235364397 at Epoch 7

=========================================
CV training complete! Mean ± std C-index: 0.6999 ± 0.0591
Best epochs per fold: [4, 8, 5, 1, 7]

=========================================
Retraining model on full train+val for 5 epochs...
Epoch 1
-------------------------------
loss: 2.477194  [   64/  847]
loss: 3.223640  [  320/  847]
loss: 3.184228  [  576/  847]
loss: 3.014833  [  832/  847]
Average Training Loss: 0.849993
Val Loss: 2.8023 | C-index: 0.7261

Epoch 2
-------------------------------
loss: 2.751401  [   64/  847]
loss: 2.650029  [  320/  847]
loss: 3.317919  [  576/  847]
loss: 2.160607  [  832/  847]
Average Training Loss: 0.777140
Val Loss: 2.6659 | C-index: 0.7536

Epoch 3
-------------------------------
loss: 2.946274  [   64/  847]
loss: 2.292989  [  320/  847]
loss: 3.044425  [  576/  847]
loss: 2.392517  [  832/  847]
Average Training Loss: 0.762586
Val Loss: 2.3511 | C-index: 0.8646

Epoch 4
-------------------------------
loss: 2.355453  [   64/  847]
loss: 2.696564  [  320/  847]
loss: 1.909696  [  576/  847]
loss: 2.363382  [  832/  847]
Average Training Loss: 0.666078
Val Loss: 1.8507 | C-index: 0.9254

Epoch 5
-------------------------------
loss: 1.893840  [   64/  847]
loss: 2.343281  [  320/  847]
loss: 1.822245  [  576/  847]
loss: 2.874854  [  832/  847]
Average Training Loss: 0.638159
Val Loss: 1.5572 | C-index: 0.9427

Done!
Best C-Index = 0.94271739641631 at Epoch 5
FINAL TEST Average Loss: 2.4443
FINAL TEST C-index: 0.6934
Bootstrap 95% CI: [0.5794, 0.7991]
Results saved to /Users/evan/Documents/GitHub/HyBINN/experiments/runs/gene/seed_3/results.json
