train_hybinn.py log started 2026-06-05 22:47:29.051928
=========================================
Model Active Branches: ['gene', 'clinical']
=========================================

=========================================
FOLD 1/5
=========================================

Epoch 1
-------------------------------
loss: 2.896547  [   64/  677]
loss: 2.935488  [  256/  677]
loss: 3.277169  [  448/  677]
loss: 2.922611  [  640/  677]
Average Training Loss: 1.093801
Val Loss: 2.7043 | C-index: 0.5584

Epoch 2
-------------------------------
loss: 3.110914  [   64/  677]
loss: 2.814256  [  256/  677]
loss: 3.312593  [  448/  677]
loss: 2.883483  [  640/  677]
Average Training Loss: 1.101931
Val Loss: 2.6579 | C-index: 0.5747

Epoch 3
-------------------------------
loss: 2.634336  [   64/  677]
loss: 2.953928  [  256/  677]
loss: 2.422142  [  448/  677]
loss: 2.396758  [  640/  677]
Average Training Loss: 0.946106
Val Loss: 2.5994 | C-index: 0.6692

Epoch 4
-------------------------------
loss: 2.706176  [   64/  677]
loss: 2.700690  [  256/  677]
loss: 2.457804  [  448/  677]
loss: 2.636450  [  640/  677]
Average Training Loss: 0.954647
Val Loss: 2.6651 | C-index: 0.6175

Epoch 5
-------------------------------
loss: 1.753826  [   64/  677]
loss: 2.448274  [  256/  677]
loss: 1.463393  [  448/  677]
loss: 2.288368  [  640/  677]
Average Training Loss: 0.723078
Val Loss: 2.8972 | C-index: 0.5482

Epoch 6
-------------------------------
loss: 1.231001  [   64/  677]
loss: 1.206333  [  256/  677]
loss: 1.363524  [  448/  677]
loss: 2.019205  [  640/  677]
Average Training Loss: 0.529097
Val Loss: 2.8187 | C-index: 0.6596

Epoch 7
-------------------------------
loss: 1.294729  [   64/  677]
loss: 1.058984  [  256/  677]
loss: 1.454902  [  448/  677]
loss: 1.814040  [  640/  677]
Average Training Loss: 0.511151
Val Loss: 2.5764 | C-index: 0.6583

Epoch 8
-------------------------------
loss: 1.428858  [   64/  677]
loss: 1.308757  [  256/  677]
loss: 1.496285  [  448/  677]
loss: 1.122783  [  640/  677]
Average Training Loss: 0.486971
Val Loss: 2.7869 | C-index: 0.6488

Stopping early at Epoch 8 since no C-Index improvement after 5 epochs.
Done!
Best C-Index = 0.6691576086956522 at Epoch 3

=========================================
FOLD 2/5
=========================================

Epoch 1
-------------------------------
loss: 2.284718  [   64/  677]
loss: 3.211077  [  256/  677]
loss: 3.681780  [  448/  677]
loss: 3.273706  [  640/  677]
Average Training Loss: 1.131935
Val Loss: 2.7909 | C-index: 0.5777

Epoch 2
-------------------------------
loss: 2.997662  [   64/  677]
loss: 3.264570  [  256/  677]
loss: 3.022869  [  448/  677]
loss: 2.868650  [  640/  677]
Average Training Loss: 1.104886
Val Loss: 2.7298 | C-index: 0.6402

Epoch 3
-------------------------------
loss: 2.920768  [   64/  677]
loss: 3.181939  [  256/  677]
loss: 3.233259  [  448/  677]
loss: 2.505514  [  640/  677]
Average Training Loss: 1.076498
Val Loss: 2.7403 | C-index: 0.6572

Epoch 4
-------------------------------
loss: 2.819284  [   64/  677]
loss: 1.981027  [  256/  677]
loss: 2.690512  [  448/  677]
loss: 2.794244  [  640/  677]
Average Training Loss: 0.935006
Val Loss: 2.7056 | C-index: 0.6673

Epoch 5
-------------------------------
loss: 2.525403  [   64/  677]
loss: 2.133269  [  256/  677]
loss: 1.740332  [  448/  677]
loss: 2.024223  [  640/  677]
Average Training Loss: 0.765748
Val Loss: 2.8029 | C-index: 0.6191

Epoch 6
-------------------------------
loss: 2.694548  [   64/  677]
loss: 1.592002  [  256/  677]
loss: 1.518733  [  448/  677]
loss: 1.078838  [  640/  677]
Average Training Loss: 0.625829
Val Loss: 2.9074 | C-index: 0.6653

Epoch 7
-------------------------------
loss: 1.394794  [   64/  677]
loss: 1.419269  [  256/  677]
loss: 1.517619  [  448/  677]
loss: 1.372299  [  640/  677]
Average Training Loss: 0.518544
Val Loss: 3.5630 | C-index: 0.5655

Epoch 8
-------------------------------
loss: 0.934553  [   64/  677]
loss: 1.745848  [  256/  677]
loss: 1.474908  [  448/  677]
loss: 1.536051  [  640/  677]
Average Training Loss: 0.517396
Val Loss: 3.0716 | C-index: 0.6015

Epoch 9
-------------------------------
loss: 1.703446  [   64/  677]
loss: 1.346385  [  256/  677]
loss: 1.499400  [  448/  677]
loss: 1.005287  [  640/  677]
Average Training Loss: 0.504956
Val Loss: 3.6794 | C-index: 0.5343

Stopping early at Epoch 9 since no C-Index improvement after 5 epochs.
Done!
Best C-Index = 0.6673455532926001 at Epoch 4

=========================================
FOLD 3/5
=========================================

Epoch 1
-------------------------------
loss: 3.022954  [   64/  678]
loss: 3.143614  [  256/  678]
loss: 3.213170  [  448/  678]
loss: 3.170156  [  640/  678]
Average Training Loss: 1.140899
Val Loss: 2.4515 | C-index: 0.6115

Epoch 2
-------------------------------
loss: 2.921672  [   64/  678]
loss: 2.864600  [  256/  678]
loss: 3.112227  [  448/  678]
loss: 3.165098  [  640/  678]
Average Training Loss: 1.096691
Val Loss: 2.4028 | C-index: 0.6677

Epoch 3
-------------------------------
loss: 2.853134  [   64/  678]
loss: 2.713095  [  256/  678]
loss: 2.498538  [  448/  678]
loss: 2.945420  [  640/  678]
Average Training Loss: 1.000926
Val Loss: 2.3501 | C-index: 0.6715

Epoch 4
-------------------------------
loss: 2.790838  [   64/  678]
loss: 2.167331  [  256/  678]
loss: 1.646660  [  448/  678]
loss: 2.792095  [  640/  678]
Average Training Loss: 0.854266
Val Loss: 2.2263 | C-index: 0.6988

Epoch 5
-------------------------------
loss: 2.091676  [   64/  678]
loss: 2.082047  [  256/  678]
loss: 1.743544  [  448/  678]
loss: 1.193425  [  640/  678]
Average Training Loss: 0.646427
Val Loss: 2.2035 | C-index: 0.6540

Epoch 6
-------------------------------
loss: 1.634371  [   64/  678]
loss: 1.872778  [  256/  678]
loss: 2.369459  [  448/  678]
loss: 2.320012  [  640/  678]
Average Training Loss: 0.745147
Val Loss: 2.2722 | C-index: 0.7496

Epoch 7
-------------------------------
loss: 1.591438  [   64/  678]
loss: 1.932052  [  256/  678]
loss: 1.286641  [  448/  678]
loss: 1.914823  [  640/  678]
Average Training Loss: 0.611359
Val Loss: 2.5029 | C-index: 0.5812

Epoch 8
-------------------------------
loss: 1.534588  [   64/  678]
loss: 2.143108  [  256/  678]
loss: 1.938980  [  448/  678]
loss: 1.906997  [  640/  678]
Average Training Loss: 0.683970
Val Loss: 2.2252 | C-index: 0.7382

Epoch 9
-------------------------------
loss: 1.507349  [   64/  678]
loss: 1.400627  [  256/  678]
loss: 1.391971  [  448/  678]
loss: 1.744393  [  640/  678]
Average Training Loss: 0.549485
Val Loss: 2.3895 | C-index: 0.7109

Epoch 10
-------------------------------
loss: 1.987083  [   64/  678]
loss: 1.148453  [  256/  678]
loss: 1.152661  [  448/  678]
loss: 1.957519  [  640/  678]
Average Training Loss: 0.567792
Val Loss: 2.2611 | C-index: 0.7079

Epoch 11
-------------------------------
loss: 1.820251  [   64/  678]
loss: 1.454731  [  256/  678]
loss: 1.186599  [  448/  678]
loss: 1.149511  [  640/  678]
Average Training Loss: 0.510099
Val Loss: 2.9711 | C-index: 0.6381

Stopping early at Epoch 11 since no C-Index improvement after 5 epochs.
Done!
Best C-Index = 0.7496206373292867 at Epoch 6

=========================================
FOLD 4/5
=========================================

Epoch 1
-------------------------------
loss: 3.001341  [   64/  678]
loss: 3.480794  [  256/  678]
loss: 2.194514  [  448/  678]
loss: 2.940404  [  640/  678]
Average Training Loss: 1.056096
Val Loss: 3.0207 | C-index: 0.4640

Epoch 2
-------------------------------
loss: 3.201740  [   64/  678]
loss: 2.521532  [  256/  678]
loss: 2.607980  [  448/  678]
loss: 2.509360  [  640/  678]
Average Training Loss: 0.985510
Val Loss: 3.0140 | C-index: 0.4806

Epoch 3
-------------------------------
loss: 3.289339  [   64/  678]
loss: 3.115786  [  256/  678]
loss: 2.337606  [  448/  678]
loss: 2.807927  [  640/  678]
Average Training Loss: 1.050060
Val Loss: 2.9694 | C-index: 0.6004

Epoch 4
-------------------------------
loss: 2.699848  [   64/  678]
loss: 2.389501  [  256/  678]
loss: 2.363207  [  448/  678]
loss: 1.918923  [  640/  678]
Average Training Loss: 0.851953
Val Loss: 2.9851 | C-index: 0.5616

Epoch 5
-------------------------------
loss: 1.807981  [   64/  678]
loss: 1.751165  [  256/  678]
loss: 2.395403  [  448/  678]
loss: 2.046276  [  640/  678]
Average Training Loss: 0.727348
Val Loss: 2.8700 | C-index: 0.6528

Epoch 6
-------------------------------
loss: 1.593322  [   64/  678]
loss: 1.559762  [  256/  678]
loss: 2.244071  [  448/  678]
loss: 2.822178  [  640/  678]
Average Training Loss: 0.747212
Val Loss: 3.2859 | C-index: 0.5366

Epoch 7
-------------------------------
loss: 1.456764  [   64/  678]
loss: 1.902201  [  256/  678]
loss: 1.731356  [  448/  678]
loss: 1.569469  [  640/  678]
Average Training Loss: 0.605435
Val Loss: 2.9183 | C-index: 0.6683

Epoch 8
-------------------------------
loss: 1.888639  [   64/  678]
loss: 2.404483  [  256/  678]
loss: 1.188665  [  448/  678]
loss: 1.510211  [  640/  678]
Average Training Loss: 0.635636
Val Loss: 3.1715 | C-index: 0.5920

Epoch 9
-------------------------------
loss: 1.345048  [   64/  678]
loss: 1.664497  [  256/  678]
loss: 1.010074  [  448/  678]
loss: 1.791572  [  640/  678]
Average Training Loss: 0.528290
Val Loss: 3.1365 | C-index: 0.6045

Epoch 10
-------------------------------
loss: 1.022645  [   64/  678]
loss: 1.354320  [  256/  678]
loss: 1.251480  [  448/  678]
loss: 1.445816  [  640/  678]
Average Training Loss: 0.461296
Val Loss: 3.0135 | C-index: 0.6117

Epoch 11
-------------------------------
loss: 0.845157  [   64/  678]
loss: 1.085445  [  256/  678]
loss: 1.147423  [  448/  678]
loss: 0.558142  [  640/  678]
Average Training Loss: 0.330561
Val Loss: 3.2671 | C-index: 0.6462

Epoch 12
-------------------------------
loss: 1.304011  [   64/  678]
loss: 0.738647  [  256/  678]
loss: 0.671181  [  448/  678]
loss: 1.140648  [  640/  678]
Average Training Loss: 0.350408
Val Loss: 3.3484 | C-index: 0.5682

Stopping early at Epoch 12 since no C-Index improvement after 5 epochs.
Done!
Best C-Index = 0.6682549136390709 at Epoch 7

=========================================
FOLD 5/5
=========================================

Epoch 1
-------------------------------
loss: 2.543214  [   64/  678]
loss: 2.523103  [  256/  678]
loss: 3.247510  [  448/  678]
loss: 2.869443  [  640/  678]
Average Training Loss: 1.016661
Val Loss: 3.0117 | C-index: 0.5248

Epoch 2
-------------------------------
loss: 2.515882  [   64/  678]
loss: 3.188670  [  256/  678]
loss: 2.575977  [  448/  678]
loss: 2.899224  [  640/  678]
Average Training Loss: 1.016341
Val Loss: 3.0025 | C-index: 0.5234

Epoch 3
-------------------------------
loss: 2.777978  [   64/  678]
loss: 3.087460  [  256/  678]
loss: 2.626674  [  448/  678]
loss: 2.231589  [  640/  678]
Average Training Loss: 0.974882
Val Loss: 2.9641 | C-index: 0.5470

Epoch 4
-------------------------------
loss: 2.101616  [   64/  678]
loss: 2.071041  [  256/  678]
loss: 2.998943  [  448/  678]
loss: 1.897775  [  640/  678]
Average Training Loss: 0.824489
Val Loss: 2.9389 | C-index: 0.5595

Epoch 5
-------------------------------
loss: 1.808874  [   64/  678]
loss: 2.086996  [  256/  678]
loss: 1.228710  [  448/  678]
loss: 1.403865  [  640/  678]
Average Training Loss: 0.593495
Val Loss: 3.2376 | C-index: 0.5817

Epoch 6
-------------------------------
loss: 1.725432  [   64/  678]
loss: 1.395364  [  256/  678]
loss: 1.255859  [  448/  678]
loss: 1.165918  [  640/  678]
Average Training Loss: 0.503870
Val Loss: 3.2931 | C-index: 0.6687

Epoch 7
-------------------------------
loss: 1.691011  [   64/  678]
loss: 1.507239  [  256/  678]
loss: 1.313594  [  448/  678]
loss: 1.285689  [  640/  678]
Average Training Loss: 0.527049
Val Loss: 3.1628 | C-index: 0.5965

Epoch 8
-------------------------------
loss: 1.129130  [   64/  678]
loss: 1.763826  [  256/  678]
loss: 1.359204  [  448/  678]
loss: 1.434436  [  640/  678]
Average Training Loss: 0.516963
Val Loss: 3.6767 | C-index: 0.5979

Epoch 9
-------------------------------
loss: 0.967668  [   64/  678]
loss: 1.730259  [  256/  678]
loss: 0.806933  [  448/  678]
loss: 2.263233  [  640/  678]
Average Training Loss: 0.524372
Val Loss: 3.2253 | C-index: 0.6497

Epoch 10
-------------------------------
loss: 1.009669  [   64/  678]
loss: 2.004168  [  256/  678]
loss: 1.729773  [  448/  678]
loss: 1.239992  [  640/  678]
Average Training Loss: 0.543964
Val Loss: 3.9841 | C-index: 0.5757

Epoch 11
-------------------------------
loss: 1.654709  [   64/  678]
loss: 1.232615  [  256/  678]
loss: 0.784827  [  448/  678]
loss: 0.895354  [  640/  678]
Average Training Loss: 0.415228
Val Loss: 3.3851 | C-index: 0.6724

Epoch 12
-------------------------------
loss: 0.564243  [   64/  678]
loss: 1.067084  [  256/  678]
loss: 1.918396  [  448/  678]
loss: 1.274335  [  640/  678]
Average Training Loss: 0.438551
Val Loss: 3.7477 | C-index: 0.6391

Epoch 13
-------------------------------
loss: 0.598145  [   64/  678]
loss: 1.605540  [  256/  678]
loss: 0.757172  [  448/  678]
loss: 1.273598  [  640/  678]
Average Training Loss: 0.384950
Val Loss: 3.4258 | C-index: 0.6742

Epoch 14
-------------------------------
loss: 1.848579  [   64/  678]
loss: 0.828739  [  256/  678]
loss: 0.383240  [  448/  678]
loss: 0.710144  [  640/  678]
Average Training Loss: 0.342791
Val Loss: 3.8635 | C-index: 0.6446

Epoch 15
-------------------------------
loss: 0.815688  [   64/  678]
loss: 1.030988  [  256/  678]
loss: 0.596517  [  448/  678]
loss: 0.885496  [  640/  678]
Average Training Loss: 0.302608
Val Loss: 3.4822 | C-index: 0.6668

Epoch 16
-------------------------------
loss: 0.285243  [   64/  678]
loss: 0.875206  [  256/  678]
loss: 1.041118  [  448/  678]
loss: 1.496060  [  640/  678]
Average Training Loss: 0.336148
Val Loss: 3.8746 | C-index: 0.5919

Epoch 17
-------------------------------
loss: 1.795500  [   64/  678]
loss: 0.737340  [  256/  678]
loss: 0.791857  [  448/  678]
loss: 1.410587  [  640/  678]
Average Training Loss: 0.430480
Val Loss: 3.6818 | C-index: 0.6326

Epoch 18
-------------------------------
loss: 0.875451  [   64/  678]
loss: 1.214140  [  256/  678]
loss: 0.510798  [  448/  678]
loss: 0.774081  [  640/  678]
Average Training Loss: 0.306770
Val Loss: 3.8968 | C-index: 0.6266

Stopping early at Epoch 18 since no C-Index improvement after 5 epochs.
Done!
Best C-Index = 0.6742248958815363 at Epoch 13

=========================================
CV training complete! Mean ± std C-index: 0.6857 ± 0.0320
Best epochs per fold: [3, 4, 6, 7, 13]

=========================================
Retraining model on full train+val for 7 epochs...
Epoch 1
-------------------------------
loss: 3.562339  [   64/  847]
loss: 3.030226  [  320/  847]
loss: 2.884391  [  576/  847]
loss: 2.803113  [  832/  847]
Average Training Loss: 0.877148
Val Loss: 2.7502 | C-index: 0.6374

Epoch 2
-------------------------------
loss: 2.647523  [   64/  847]
loss: 3.321820  [  320/  847]
loss: 3.350613  [  576/  847]
loss: 2.777168  [  832/  847]
Average Training Loss: 0.864080
Val Loss: 2.6430 | C-index: 0.7438

Epoch 3
-------------------------------
loss: 2.456434  [   64/  847]
loss: 2.577286  [  320/  847]
loss: 1.897804  [  576/  847]
loss: 2.468798  [  832/  847]
Average Training Loss: 0.671452
Val Loss: 2.3569 | C-index: 0.8894

Epoch 4
-------------------------------
loss: 2.386959  [   64/  847]
loss: 2.458915  [  320/  847]
loss: 2.433363  [  576/  847]
loss: 2.293618  [  832/  847]
Average Training Loss: 0.683775
Val Loss: 1.7708 | C-index: 0.9239

Epoch 5
-------------------------------
loss: 2.323515  [   64/  847]
loss: 2.128100  [  320/  847]
loss: 1.982674  [  576/  847]
loss: 1.615675  [  832/  847]
Average Training Loss: 0.574997
Val Loss: 1.5497 | C-index: 0.9450

Epoch 6
-------------------------------
loss: 1.434426  [   64/  847]
loss: 1.490678  [  320/  847]
loss: 2.218725  [  576/  847]
loss: 2.131868  [  832/  847]
Average Training Loss: 0.519693
Val Loss: 1.4175 | C-index: 0.9479

Epoch 7
-------------------------------
loss: 1.069759  [   64/  847]
loss: 1.044206  [  320/  847]
loss: 2.088437  [  576/  847]
loss: 1.650280  [  832/  847]
Average Training Loss: 0.418049
Val Loss: 1.2366 | C-index: 0.9538

Done!
Best C-Index = 0.9537565238499818 at Epoch 7
FINAL TEST Average Loss: 3.0919
FINAL TEST C-index: 0.6832
Bootstrap 95% CI: [0.5847, 0.7727]
Results saved to /Users/evan/Documents/GitHub/HyBINN/experiments/runs/gene_clinical/seed_6/results.json
