train_hybinn.py log started 2026-06-17 01:01:55.638292
=========================================
Model Active Branches: ['gene']
=========================================

=========================================
FOLD 1/5
=========================================

Epoch 1
-------------------------------
loss: 2.712817  [   64/  677]
loss: 2.386426  [  256/  677]
loss: 3.577408  [  448/  677]
loss: 2.672405  [  640/  677]
Average Training Loss: 1.031732
Val Loss: 3.0756 | C-index: 0.5676

Epoch 2
-------------------------------
loss: 3.130821  [   64/  677]
loss: 3.051639  [  256/  677]
loss: 2.853563  [  448/  677]
loss: 2.356677  [  640/  677]
Average Training Loss: 1.035700
Val Loss: 3.0389 | C-index: 0.6667

Epoch 3
-------------------------------
loss: 3.221161  [   64/  677]
loss: 2.553927  [  256/  677]
loss: 2.509391  [  448/  677]
loss: 1.981483  [  640/  677]
Average Training Loss: 0.933269
Val Loss: 3.0050 | C-index: 0.6408

Epoch 4
-------------------------------
loss: 3.073716  [   64/  677]
loss: 2.571851  [  256/  677]
loss: 1.417570  [  448/  677]
loss: 1.499198  [  640/  677]
Average Training Loss: 0.778394
Val Loss: 2.9612 | C-index: 0.6633

Epoch 5
-------------------------------
loss: 1.958107  [   64/  677]
loss: 2.541746  [  256/  677]
loss: 1.862923  [  448/  677]
loss: 1.995729  [  640/  677]
Average Training Loss: 0.759864
Val Loss: 3.2171 | C-index: 0.5988

Epoch 6
-------------------------------
loss: 2.127084  [   64/  677]
loss: 1.672282  [  256/  677]
loss: 1.491069  [  448/  677]
loss: 1.734567  [  640/  677]
Average Training Loss: 0.638637
Val Loss: 2.8922 | C-index: 0.7023

Epoch 7
-------------------------------
loss: 1.589373  [   64/  677]
loss: 1.962015  [  256/  677]
loss: 1.750366  [  448/  677]
loss: 1.633627  [  640/  677]
Average Training Loss: 0.630489
Val Loss: 3.1063 | C-index: 0.6208

Epoch 8
-------------------------------
loss: 1.296665  [   64/  677]
loss: 1.946542  [  256/  677]
loss: 1.550929  [  448/  677]
loss: 1.517184  [  640/  677]
Average Training Loss: 0.573756
Val Loss: 3.5373 | C-index: 0.6457

Epoch 9
-------------------------------
loss: 1.722619  [   64/  677]
loss: 1.283518  [  256/  677]
loss: 1.553928  [  448/  677]
loss: 1.914411  [  640/  677]
Average Training Loss: 0.588589
Val Loss: 3.1495 | C-index: 0.6569

Epoch 10
-------------------------------
loss: 1.282560  [   64/  677]
loss: 1.749080  [  256/  677]
loss: 1.161214  [  448/  677]
loss: 1.078674  [  640/  677]
Average Training Loss: 0.479230
Val Loss: 3.0808 | C-index: 0.6593

Epoch 11
-------------------------------
loss: 1.229413  [   64/  677]
loss: 0.804606  [  256/  677]
loss: 1.347706  [  448/  677]
loss: 1.377167  [  640/  677]
Average Training Loss: 0.432627
Val Loss: 3.1484 | C-index: 0.7140

Epoch 12
-------------------------------
loss: 1.327588  [   64/  677]
loss: 1.518419  [  256/  677]
loss: 1.821007  [  448/  677]
loss: 2.010114  [  640/  677]
Average Training Loss: 0.607012
Val Loss: 3.3697 | C-index: 0.6013

Epoch 13
-------------------------------
loss: 1.658194  [   64/  677]
loss: 0.699459  [  256/  677]
loss: 2.808139  [  448/  677]
loss: 1.310261  [  640/  677]
Average Training Loss: 0.588732
Val Loss: 3.1371 | C-index: 0.6808

Epoch 14
-------------------------------
loss: 1.688118  [   64/  677]
loss: 1.011605  [  256/  677]
loss: 1.577175  [  448/  677]
loss: 1.081686  [  640/  677]
Average Training Loss: 0.487144
Val Loss: 3.0226 | C-index: 0.6950

Epoch 15
-------------------------------
loss: 0.966156  [   64/  677]
loss: 0.814391  [  256/  677]
loss: 1.590501  [  448/  677]
loss: 0.947137  [  640/  677]
Average Training Loss: 0.392562
Val Loss: 3.3801 | C-index: 0.6613

Epoch 16
-------------------------------
loss: 0.591140  [   64/  677]
loss: 1.266620  [  256/  677]
loss: 1.043777  [  448/  677]
loss: 1.100234  [  640/  677]
Average Training Loss: 0.363797
Val Loss: 3.1876 | C-index: 0.6711

Stopping early at Epoch 16 since no C-Index improvement after 5 epochs.
Done!
Best C-Index = 0.714006832601269 at Epoch 11

=========================================
FOLD 2/5
=========================================

Epoch 1
-------------------------------
loss: 2.694477  [   64/  677]
loss: 2.096079  [  256/  677]
loss: 3.259929  [  448/  677]
loss: 3.389117  [  640/  677]
Average Training Loss: 1.039964
Val Loss: 2.9758 | C-index: 0.6336

Epoch 2
-------------------------------
loss: 2.479600  [   64/  677]
loss: 2.919017  [  256/  677]
loss: 2.843827  [  448/  677]
loss: 2.809146  [  640/  677]
Average Training Loss: 1.004690
Val Loss: 2.9591 | C-index: 0.6530

Epoch 3
-------------------------------
loss: 2.943905  [   64/  677]
loss: 2.724199  [  256/  677]
loss: 2.445251  [  448/  677]
loss: 2.928726  [  640/  677]
Average Training Loss: 1.003825
Val Loss: 2.8856 | C-index: 0.7195

Epoch 4
-------------------------------
loss: 2.517679  [   64/  677]
loss: 2.850852  [  256/  677]
loss: 2.492742  [  448/  677]
loss: 2.064314  [  640/  677]
Average Training Loss: 0.902326
Val Loss: 2.8115 | C-index: 0.6984

Epoch 5
-------------------------------
loss: 2.303248  [   64/  677]
loss: 2.011846  [  256/  677]
loss: 2.180269  [  448/  677]
loss: 1.832240  [  640/  677]
Average Training Loss: 0.757055
Val Loss: 2.9238 | C-index: 0.6125

Epoch 6
-------------------------------
loss: 1.544966  [   64/  677]
loss: 2.133193  [  256/  677]
loss: 2.285708  [  448/  677]
loss: 1.363353  [  640/  677]
Average Training Loss: 0.666111
Val Loss: 2.9949 | C-index: 0.6414

Epoch 7
-------------------------------
loss: 1.272581  [   64/  677]
loss: 1.884351  [  256/  677]
loss: 2.027219  [  448/  677]
loss: 1.495545  [  640/  677]
Average Training Loss: 0.607245
Val Loss: 3.5803 | C-index: 0.5743

Epoch 8
-------------------------------
loss: 1.694804  [   64/  677]
loss: 2.039289  [  256/  677]
loss: 1.056474  [  448/  677]
loss: 2.239321  [  640/  677]
Average Training Loss: 0.639081
Val Loss: 3.2931 | C-index: 0.6048

Stopping early at Epoch 8 since no C-Index improvement after 5 epochs.
Done!
Best C-Index = 0.7195121951219512 at Epoch 3

=========================================
FOLD 3/5
=========================================

Epoch 1
-------------------------------
loss: 3.338658  [   64/  678]
loss: 3.371120  [  256/  678]
loss: 2.783426  [  448/  678]
loss: 2.426444  [  640/  678]
Average Training Loss: 1.083604
Val Loss: 2.3570 | C-index: 0.6879

Epoch 2
-------------------------------
loss: 2.313854  [   64/  678]
loss: 3.147838  [  256/  678]
loss: 3.841775  [  448/  678]
loss: 2.868435  [  640/  678]
Average Training Loss: 1.106537
Val Loss: 2.3255 | C-index: 0.7444

Epoch 3
-------------------------------
loss: 2.602911  [   64/  678]
loss: 3.094287  [  256/  678]
loss: 3.024990  [  448/  678]
loss: 2.629523  [  640/  678]
Average Training Loss: 1.031974
Val Loss: 2.3128 | C-index: 0.6903

Epoch 4
-------------------------------
loss: 3.026203  [   64/  678]
loss: 3.078281  [  256/  678]
loss: 2.428439  [  448/  678]
loss: 2.189461  [  640/  678]
Average Training Loss: 0.974762
Val Loss: 2.0960 | C-index: 0.7718

Epoch 5
-------------------------------
loss: 2.853729  [   64/  678]
loss: 1.777263  [  256/  678]
loss: 1.570560  [  448/  678]
loss: 1.689587  [  640/  678]
Average Training Loss: 0.717376
Val Loss: 2.3175 | C-index: 0.6984

Epoch 6
-------------------------------
loss: 1.741058  [   64/  678]
loss: 2.112399  [  256/  678]
loss: 1.658269  [  448/  678]
loss: 2.970371  [  640/  678]
Average Training Loss: 0.771100
Val Loss: 2.6342 | C-index: 0.6411

Epoch 7
-------------------------------
loss: 1.604635  [   64/  678]
loss: 1.938938  [  256/  678]
loss: 1.614353  [  448/  678]
loss: 1.357877  [  640/  678]
Average Training Loss: 0.592346
Val Loss: 2.4777 | C-index: 0.7081

Epoch 8
-------------------------------
loss: 1.734209  [   64/  678]
loss: 1.303688  [  256/  678]
loss: 1.433302  [  448/  678]
loss: 1.641881  [  640/  678]
Average Training Loss: 0.555735
Val Loss: 2.9112 | C-index: 0.6411

Epoch 9
-------------------------------
loss: 2.057952  [   64/  678]
loss: 1.195205  [  256/  678]
loss: 1.477870  [  448/  678]
loss: 1.244806  [  640/  678]
Average Training Loss: 0.543258
Val Loss: 2.7502 | C-index: 0.6702

Stopping early at Epoch 9 since no C-Index improvement after 5 epochs.
Done!
Best C-Index = 0.771774193548387 at Epoch 4

=========================================
FOLD 4/5
=========================================

Epoch 1
-------------------------------
loss: 2.749296  [   64/  678]
loss: 2.895772  [  256/  678]
loss: 2.899263  [  448/  678]
loss: 3.049978  [  640/  678]
Average Training Loss: 1.054028
Val Loss: 3.2721 | C-index: 0.3864

Epoch 2
-------------------------------
loss: 2.983106  [   64/  678]
loss: 2.882370  [  256/  678]
loss: 3.186321  [  448/  678]
loss: 2.897443  [  640/  678]
Average Training Loss: 1.086294
Val Loss: 3.3857 | C-index: 0.4354

Epoch 3
-------------------------------
loss: 3.093264  [   64/  678]
loss: 2.304515  [  256/  678]
loss: 2.342677  [  448/  678]
loss: 2.909728  [  640/  678]
Average Training Loss: 0.968199
Val Loss: 3.5088 | C-index: 0.4607

Epoch 4
-------------------------------
loss: 2.241363  [   64/  678]
loss: 2.794111  [  256/  678]
loss: 1.984477  [  448/  678]
loss: 2.682460  [  640/  678]
Average Training Loss: 0.882037
Val Loss: 3.7805 | C-index: 0.4995

Epoch 5
-------------------------------
loss: 1.857841  [   64/  678]
loss: 1.966145  [  256/  678]
loss: 0.937060  [  448/  678]
loss: 2.033645  [  640/  678]
Average Training Loss: 0.617699
Val Loss: 3.6118 | C-index: 0.4962

Epoch 6
-------------------------------
loss: 1.325257  [   64/  678]
loss: 2.001991  [  256/  678]
loss: 2.470694  [  448/  678]
loss: 1.799124  [  640/  678]
Average Training Loss: 0.690642
Val Loss: 3.8697 | C-index: 0.6437

Epoch 7
-------------------------------
loss: 2.268072  [   64/  678]
loss: 0.692372  [  256/  678]
loss: 1.556162  [  448/  678]
loss: 1.575209  [  640/  678]
Average Training Loss: 0.553801
Val Loss: 3.7178 | C-index: 0.5474

Epoch 8
-------------------------------
loss: 1.542225  [   64/  678]
loss: 1.793525  [  256/  678]
loss: 1.008880  [  448/  678]
loss: 2.064271  [  640/  678]
Average Training Loss: 0.582627
Val Loss: 4.1310 | C-index: 0.5108

Epoch 9
-------------------------------
loss: 1.173132  [   64/  678]
loss: 1.992474  [  256/  678]
loss: 1.572954  [  448/  678]
loss: 1.215479  [  640/  678]
Average Training Loss: 0.541276
Val Loss: 3.8952 | C-index: 0.5667

Epoch 10
-------------------------------
loss: 0.848405  [   64/  678]
loss: 1.388361  [  256/  678]
loss: 1.842577  [  448/  678]
loss: 1.195271  [  640/  678]
Average Training Loss: 0.479510
Val Loss: 4.1359 | C-index: 0.5501

Epoch 11
-------------------------------
loss: 1.009210  [   64/  678]
loss: 1.178019  [  256/  678]
loss: 0.808503  [  448/  678]
loss: 1.395267  [  640/  678]
Average Training Loss: 0.399182
Val Loss: 4.1843 | C-index: 0.5264

Stopping early at Epoch 11 since no C-Index improvement after 5 epochs.
Done!
Best C-Index = 0.643702906350915 at Epoch 6

=========================================
FOLD 5/5
=========================================

Epoch 1
-------------------------------
loss: 3.062942  [   64/  678]
loss: 3.383165  [  256/  678]
loss: 3.656853  [  448/  678]
loss: 3.190872  [  640/  678]
Average Training Loss: 1.208530
Val Loss: 2.5620 | C-index: 0.3973

Epoch 2
-------------------------------
loss: 2.877262  [   64/  678]
loss: 3.005625  [  256/  678]
loss: 3.217238  [  448/  678]
loss: 3.245399  [  640/  678]
Average Training Loss: 1.122320
Val Loss: 2.6643 | C-index: 0.3507

Epoch 3
-------------------------------
loss: 3.062934  [   64/  678]
loss: 2.487438  [  256/  678]
loss: 2.449694  [  448/  678]
loss: 2.427158  [  640/  678]
Average Training Loss: 0.947929
Val Loss: 2.6430 | C-index: 0.4068

Epoch 4
-------------------------------
loss: 1.841425  [   64/  678]
loss: 2.121298  [  256/  678]
loss: 1.979393  [  448/  678]
loss: 2.080115  [  640/  678]
Average Training Loss: 0.729294
Val Loss: 2.7765 | C-index: 0.4445

Epoch 5
-------------------------------
loss: 1.481839  [   64/  678]
loss: 1.709172  [  256/  678]
loss: 1.946491  [  448/  678]
loss: 2.521517  [  640/  678]
Average Training Loss: 0.696274
Val Loss: 3.2813 | C-index: 0.4788

Epoch 6
-------------------------------
loss: 1.459884  [   64/  678]
loss: 1.697369  [  256/  678]
loss: 1.751187  [  448/  678]
loss: 1.918821  [  640/  678]
Average Training Loss: 0.620660
Val Loss: 3.1960 | C-index: 0.5295

Epoch 7
-------------------------------
loss: 1.140847  [   64/  678]
loss: 1.781567  [  256/  678]
loss: 2.091956  [  448/  678]
loss: 1.546651  [  640/  678]
Average Training Loss: 0.596456
Val Loss: 3.2655 | C-index: 0.4849

Epoch 8
-------------------------------
loss: 1.323023  [   64/  678]
loss: 1.472193  [  256/  678]
loss: 0.754443  [  448/  678]
loss: 1.172654  [  640/  678]
Average Training Loss: 0.429301
Val Loss: 2.9658 | C-index: 0.4863

Epoch 9
-------------------------------
loss: 1.538588  [   64/  678]
loss: 1.376566  [  256/  678]
loss: 0.666378  [  448/  678]
loss: 1.129755  [  640/  678]
Average Training Loss: 0.428299
Val Loss: 3.1728 | C-index: 0.4747

Epoch 10
-------------------------------
loss: 1.000763  [   64/  678]
loss: 0.634945  [  256/  678]
loss: 1.201085  [  448/  678]
loss: 1.390456  [  640/  678]
Average Training Loss: 0.384295
Val Loss: 3.4545 | C-index: 0.4699

Epoch 11
-------------------------------
loss: 1.726832  [   64/  678]
loss: 1.043701  [  256/  678]
loss: 0.687068  [  448/  678]
loss: 0.953389  [  640/  678]
Average Training Loss: 0.400999
Val Loss: 3.6096 | C-index: 0.4637

Stopping early at Epoch 11 since no C-Index improvement after 5 epochs.
Done!
Best C-Index = 0.5294520547945205 at Epoch 6

=========================================
CV training complete! Mean ± std C-index: 0.6757 ± 0.0837
Best epochs per fold: [11, 3, 4, 6, 6]

=========================================
Retraining model on full train+val for 6 epochs...
Epoch 1
-------------------------------
loss: 2.945353  [   64/  847]
loss: 3.427923  [  320/  847]
loss: 2.761840  [  576/  847]
loss: 3.028365  [  832/  847]
Average Training Loss: 0.868820
Val Loss: 2.7462 | C-index: 0.6580

Epoch 2
-------------------------------
loss: 2.873285  [   64/  847]
loss: 3.131988  [  320/  847]
loss: 2.837520  [  576/  847]
loss: 1.835680  [  832/  847]
Average Training Loss: 0.762748
Val Loss: 2.5987 | C-index: 0.7791

Epoch 3
-------------------------------
loss: 2.737082  [   64/  847]
loss: 2.575290  [  320/  847]
loss: 2.503951  [  576/  847]
loss: 2.795394  [  832/  847]
Average Training Loss: 0.757980
Val Loss: 2.3040 | C-index: 0.8456

Epoch 4
-------------------------------
loss: 1.500668  [   64/  847]
loss: 1.971144  [  320/  847]
loss: 2.102623  [  576/  847]
loss: 2.270154  [  832/  847]
Average Training Loss: 0.560328
Val Loss: 1.8435 | C-index: 0.8978

Epoch 5
-------------------------------
loss: 1.768906  [   64/  847]
loss: 1.410504  [  320/  847]
loss: 1.395710  [  576/  847]
loss: 1.973861  [  832/  847]
Average Training Loss: 0.467784
Val Loss: 1.5355 | C-index: 0.9379

Epoch 6
-------------------------------
loss: 1.268920  [   64/  847]
loss: 1.796406  [  320/  847]
loss: 1.472667  [  576/  847]
loss: 1.912121  [  832/  847]
Average Training Loss: 0.460722
Val Loss: 1.4132 | C-index: 0.9471

Done!
Best C-Index = 0.9471333190771497 at Epoch 6
FINAL TEST Average Loss: 3.0238
FINAL TEST C-index: 0.7363
Bootstrap 95% CI: [0.6107, 0.8496]
Results saved to /Users/evan/Documents/GitHub/HyBINN/experiments/runs/gene/seed_2/results.json
