train_hybinn.py log started 2026-06-05 22:48:28.515508
=========================================
Model Active Branches: ['gene', 'clinical']
=========================================

=========================================
FOLD 1/5
=========================================

Epoch 1
-------------------------------
loss: 3.272545  [   64/  677]
loss: 2.995499  [  256/  677]
loss: 2.489082  [  448/  677]
loss: 3.161365  [  640/  677]
Average Training Loss: 1.083499
Val Loss: 2.7234 | C-index: 0.5717

Epoch 2
-------------------------------
loss: 2.891267  [   64/  677]
loss: 2.490587  [  256/  677]
loss: 2.371941  [  448/  677]
loss: 3.146991  [  640/  677]
Average Training Loss: 0.990981
Val Loss: 2.7069 | C-index: 0.5954

Epoch 3
-------------------------------
loss: 2.894321  [   64/  677]
loss: 2.987632  [  256/  677]
loss: 2.847714  [  448/  677]
loss: 2.585861  [  640/  677]
Average Training Loss: 1.028684
Val Loss: 2.6388 | C-index: 0.6665

Epoch 4
-------------------------------
loss: 2.738782  [   64/  677]
loss: 2.157656  [  256/  677]
loss: 2.395821  [  448/  677]
loss: 2.547308  [  640/  677]
Average Training Loss: 0.894506
Val Loss: 2.5592 | C-index: 0.7497

Epoch 5
-------------------------------
loss: 1.792027  [   64/  677]
loss: 2.251445  [  256/  677]
loss: 1.671407  [  448/  677]
loss: 2.131429  [  640/  677]
Average Training Loss: 0.713301
Val Loss: 2.5058 | C-index: 0.7462

Epoch 6
-------------------------------
loss: 2.262650  [   64/  677]
loss: 1.955822  [  256/  677]
loss: 1.851271  [  448/  677]
loss: 1.560217  [  640/  677]
Average Training Loss: 0.693633
Val Loss: 2.6013 | C-index: 0.7301

Epoch 7
-------------------------------
loss: 1.995218  [   64/  677]
loss: 1.866812  [  256/  677]
loss: 1.499122  [  448/  677]
loss: 1.136011  [  640/  677]
Average Training Loss: 0.590651
Val Loss: 2.7517 | C-index: 0.6185

Epoch 8
-------------------------------
loss: 1.379411  [   64/  677]
loss: 1.859238  [  256/  677]
loss: 0.716548  [  448/  677]
loss: 1.275448  [  640/  677]
Average Training Loss: 0.475513
Val Loss: 2.6535 | C-index: 0.7116

Epoch 9
-------------------------------
loss: 1.407069  [   64/  677]
loss: 1.629625  [  256/  677]
loss: 1.336264  [  448/  677]
loss: 1.514740  [  640/  677]
Average Training Loss: 0.535245
Val Loss: 2.6603 | C-index: 0.6971

Stopping early at Epoch 9 since no C-Index improvement after 5 epochs.
Done!
Best C-Index = 0.7497109826589595 at Epoch 4

=========================================
FOLD 2/5
=========================================

Epoch 1
-------------------------------
loss: 3.426648  [   64/  677]
loss: 3.259453  [  256/  677]
loss: 2.981410  [  448/  677]
loss: 2.990650  [  640/  677]
Average Training Loss: 1.150742
Val Loss: 2.4248 | C-index: 0.6240

Epoch 2
-------------------------------
loss: 2.975055  [   64/  677]
loss: 2.938004  [  256/  677]
loss: 2.953119  [  448/  677]
loss: 2.240781  [  640/  677]
Average Training Loss: 1.009724
Val Loss: 2.4243 | C-index: 0.5888

Epoch 3
-------------------------------
loss: 3.020940  [   64/  677]
loss: 2.963898  [  256/  677]
loss: 2.386288  [  448/  677]
loss: 2.743428  [  640/  677]
Average Training Loss: 1.010414
Val Loss: 2.4310 | C-index: 0.5791

Epoch 4
-------------------------------
loss: 1.853565  [   64/  677]
loss: 2.540279  [  256/  677]
loss: 2.283222  [  448/  677]
loss: 2.677701  [  640/  677]
Average Training Loss: 0.850433
Val Loss: 2.3785 | C-index: 0.6406

Epoch 5
-------------------------------
loss: 2.300532  [   64/  677]
loss: 0.810171  [  256/  677]
loss: 1.848334  [  448/  677]
loss: 1.933121  [  640/  677]
Average Training Loss: 0.626560
Val Loss: 2.6522 | C-index: 0.6123

Epoch 6
-------------------------------
loss: 1.074286  [   64/  677]
loss: 1.657627  [  256/  677]
loss: 1.814465  [  448/  677]
loss: 1.929998  [  640/  677]
Average Training Loss: 0.588761
Val Loss: 2.6503 | C-index: 0.6551

Epoch 7
-------------------------------
loss: 0.799874  [   64/  677]
loss: 1.471006  [  256/  677]
loss: 1.427029  [  448/  677]
loss: 1.129743  [  640/  677]
Average Training Loss: 0.438877
Val Loss: 2.7699 | C-index: 0.6475

Epoch 8
-------------------------------
loss: 1.482692  [   64/  677]
loss: 1.367164  [  256/  677]
loss: 1.337629  [  448/  677]
loss: 1.196844  [  640/  677]
Average Training Loss: 0.489484
Val Loss: 2.7083 | C-index: 0.5874

Epoch 9
-------------------------------
loss: 1.145470  [   64/  677]
loss: 1.568450  [  256/  677]
loss: 1.454032  [  448/  677]
loss: 1.386107  [  640/  677]
Average Training Loss: 0.504915
Val Loss: 2.5187 | C-index: 0.7015

Epoch 10
-------------------------------
loss: 1.621593  [   64/  677]
loss: 1.366955  [  256/  677]
loss: 0.691641  [  448/  677]
loss: 2.592122  [  640/  677]
Average Training Loss: 0.570210
Val Loss: 2.7472 | C-index: 0.6849

Epoch 11
-------------------------------
loss: 1.142161  [   64/  677]
loss: 0.918433  [  256/  677]
loss: 0.885768  [  448/  677]
loss: 1.441207  [  640/  677]
Average Training Loss: 0.398870
Val Loss: 2.6347 | C-index: 0.6634

Epoch 12
-------------------------------
loss: 0.610879  [   64/  677]
loss: 1.163771  [  256/  677]
loss: 1.845194  [  448/  677]
loss: 0.565168  [  640/  677]
Average Training Loss: 0.380456
Val Loss: 2.9332 | C-index: 0.6413

Epoch 13
-------------------------------
loss: 0.955160  [   64/  677]
loss: 1.669733  [  256/  677]
loss: 1.233410  [  448/  677]
loss: 1.178877  [  640/  677]
Average Training Loss: 0.457925
Val Loss: 2.6693 | C-index: 0.6724

Epoch 14
-------------------------------
loss: 1.474955  [   64/  677]
loss: 1.302920  [  256/  677]
loss: 1.134330  [  448/  677]
loss: 0.380828  [  640/  677]
Average Training Loss: 0.390276
Val Loss: 3.0227 | C-index: 0.6862

Stopping early at Epoch 14 since no C-Index improvement after 5 epochs.
Done!
Best C-Index = 0.7014512785072564 at Epoch 9

=========================================
FOLD 3/5
=========================================

Epoch 1
-------------------------------
loss: 3.059238  [   64/  678]
loss: 3.058562  [  256/  678]
loss: 2.926882  [  448/  678]
loss: 2.811529  [  640/  678]
Average Training Loss: 1.077837
Val Loss: 2.8275 | C-index: 0.6404

Epoch 2
-------------------------------
loss: 3.067720  [   64/  678]
loss: 3.104672  [  256/  678]
loss: 2.847931  [  448/  678]
loss: 2.592415  [  640/  678]
Average Training Loss: 1.055703
Val Loss: 2.7744 | C-index: 0.6801

Epoch 3
-------------------------------
loss: 2.901309  [   64/  678]
loss: 2.237479  [  256/  678]
loss: 3.256168  [  448/  678]
loss: 1.592651  [  640/  678]
Average Training Loss: 0.907964
Val Loss: 2.7956 | C-index: 0.6941

Epoch 4
-------------------------------
loss: 2.670832  [   64/  678]
loss: 1.958725  [  256/  678]
loss: 1.868082  [  448/  678]
loss: 2.160402  [  640/  678]
Average Training Loss: 0.787095
Val Loss: 2.7430 | C-index: 0.7576

Epoch 5
-------------------------------
loss: 1.702419  [   64/  678]
loss: 2.120943  [  256/  678]
loss: 2.347579  [  448/  678]
loss: 1.815024  [  640/  678]
Average Training Loss: 0.725997
Val Loss: 3.2604 | C-index: 0.6352

Epoch 6
-------------------------------
loss: 1.214196  [   64/  678]
loss: 1.590294  [  256/  678]
loss: 1.853390  [  448/  678]
loss: 1.364886  [  640/  678]
Average Training Loss: 0.547524
Val Loss: 2.9218 | C-index: 0.6941

Epoch 7
-------------------------------
loss: 1.884035  [   64/  678]
loss: 1.681725  [  256/  678]
loss: 1.556866  [  448/  678]
loss: 1.281122  [  640/  678]
Average Training Loss: 0.582159
Val Loss: 2.9774 | C-index: 0.7098

Epoch 8
-------------------------------
loss: 1.361868  [   64/  678]
loss: 1.622615  [  256/  678]
loss: 1.755845  [  448/  678]
loss: 1.823145  [  640/  678]
Average Training Loss: 0.596679
Val Loss: 2.9711 | C-index: 0.7220

Epoch 9
-------------------------------
loss: 1.230721  [   64/  678]
loss: 2.224502  [  256/  678]
loss: 1.949123  [  448/  678]
loss: 1.277641  [  640/  678]
Average Training Loss: 0.607453
Val Loss: 3.2586 | C-index: 0.6807

Stopping early at Epoch 9 since no C-Index improvement after 5 epochs.
Done!
Best C-Index = 0.7575757575757576 at Epoch 4

=========================================
FOLD 4/5
=========================================

Epoch 1
-------------------------------
loss: 3.175583  [   64/  678]
loss: 3.153228  [  256/  678]
loss: 2.816414  [  448/  678]
loss: 3.303161  [  640/  678]
Average Training Loss: 1.131671
Val Loss: 2.6311 | C-index: 0.5845

Epoch 2
-------------------------------
loss: 2.485702  [   64/  678]
loss: 3.187277  [  256/  678]
loss: 2.388250  [  448/  678]
loss: 3.621420  [  640/  678]
Average Training Loss: 1.062059
Val Loss: 2.6191 | C-index: 0.5918

Epoch 3
-------------------------------
loss: 2.647480  [   64/  678]
loss: 3.130767  [  256/  678]
loss: 2.786946  [  448/  678]
loss: 2.630448  [  640/  678]
Average Training Loss: 1.017786
Val Loss: 2.5782 | C-index: 0.6603

Epoch 4
-------------------------------
loss: 2.868306  [   64/  678]
loss: 2.369843  [  256/  678]
loss: 2.934310  [  448/  678]
loss: 2.496148  [  640/  678]
Average Training Loss: 0.969873
Val Loss: 2.5261 | C-index: 0.6961

Epoch 5
-------------------------------
loss: 2.040049  [   64/  678]
loss: 1.656630  [  256/  678]
loss: 2.159692  [  448/  678]
loss: 2.344205  [  640/  678]
Average Training Loss: 0.745507
Val Loss: 2.5735 | C-index: 0.6698

Epoch 6
-------------------------------
loss: 1.410470  [   64/  678]
loss: 0.896686  [  256/  678]
loss: 2.093907  [  448/  678]
loss: 1.938102  [  640/  678]
Average Training Loss: 0.576288
Val Loss: 2.5907 | C-index: 0.6523

Epoch 7
-------------------------------
loss: 1.586435  [   64/  678]
loss: 1.333285  [  256/  678]
loss: 1.204455  [  448/  678]
loss: 1.659004  [  640/  678]
Average Training Loss: 0.525743
Val Loss: 2.5517 | C-index: 0.7019

Epoch 8
-------------------------------
loss: 1.616081  [   64/  678]
loss: 1.727033  [  256/  678]
loss: 1.342538  [  448/  678]
loss: 0.907710  [  640/  678]
Average Training Loss: 0.508487
Val Loss: 2.4391 | C-index: 0.7668

Epoch 9
-------------------------------
loss: 1.069755  [   64/  678]
loss: 1.229047  [  256/  678]
loss: 1.329719  [  448/  678]
loss: 1.633431  [  640/  678]
Average Training Loss: 0.478359
Val Loss: 2.8416 | C-index: 0.7099

Epoch 10
-------------------------------
loss: 1.821009  [   64/  678]
loss: 1.319971  [  256/  678]
loss: 1.293540  [  448/  678]
loss: 1.213652  [  640/  678]
Average Training Loss: 0.513470
Val Loss: 2.5870 | C-index: 0.6800

Epoch 11
-------------------------------
loss: 1.002281  [   64/  678]
loss: 2.483406  [  256/  678]
loss: 1.506535  [  448/  678]
loss: 1.605612  [  640/  678]
Average Training Loss: 0.599803
Val Loss: 2.5881 | C-index: 0.7187

Epoch 12
-------------------------------
loss: 1.071467  [   64/  678]
loss: 1.451845  [  256/  678]
loss: 1.723766  [  448/  678]
loss: 1.486816  [  640/  678]
Average Training Loss: 0.521263
Val Loss: 2.5107 | C-index: 0.7179

Epoch 13
-------------------------------
loss: 1.255999  [   64/  678]
loss: 1.050075  [  256/  678]
loss: 0.946097  [  448/  678]
loss: 1.675657  [  640/  678]
Average Training Loss: 0.447984
Val Loss: 2.7043 | C-index: 0.7179

Stopping early at Epoch 13 since no C-Index improvement after 5 epochs.
Done!
Best C-Index = 0.7667638483965015 at Epoch 8

=========================================
FOLD 5/5
=========================================

Epoch 1
-------------------------------
loss: 2.978870  [   64/  678]
loss: 2.350542  [  256/  678]
loss: 3.297559  [  448/  678]
loss: 2.431111  [  640/  678]
Average Training Loss: 1.005280
Val Loss: 3.1474 | C-index: 0.4156

Epoch 2
-------------------------------
loss: 3.551703  [   64/  678]
loss: 2.857635  [  256/  678]
loss: 2.631945  [  448/  678]
loss: 2.710471  [  640/  678]
Average Training Loss: 1.068341
Val Loss: 3.0775 | C-index: 0.5125

Epoch 3
-------------------------------
loss: 2.853044  [   64/  678]
loss: 2.823313  [  256/  678]
loss: 3.433558  [  448/  678]
loss: 2.500118  [  640/  678]
Average Training Loss: 1.055458
Val Loss: 2.9739 | C-index: 0.6529

Epoch 4
-------------------------------
loss: 1.967120  [   64/  678]
loss: 2.180371  [  256/  678]
loss: 1.940580  [  448/  678]
loss: 2.729272  [  640/  678]
Average Training Loss: 0.801577
Val Loss: 2.9378 | C-index: 0.6500

Epoch 5
-------------------------------
loss: 1.680364  [   64/  678]
loss: 1.785068  [  256/  678]
loss: 2.047543  [  448/  678]
loss: 2.157261  [  640/  678]
Average Training Loss: 0.697294
Val Loss: 2.7677 | C-index: 0.7445

Epoch 6
-------------------------------
loss: 1.479839  [   64/  678]
loss: 1.434519  [  256/  678]
loss: 1.290064  [  448/  678]
loss: 1.767920  [  640/  678]
Average Training Loss: 0.542940
Val Loss: 3.0209 | C-index: 0.6213

Epoch 7
-------------------------------
loss: 1.624051  [   64/  678]
loss: 1.635634  [  256/  678]
loss: 1.706104  [  448/  678]
loss: 1.632342  [  640/  678]
Average Training Loss: 0.599830
Val Loss: 3.0464 | C-index: 0.6385

Epoch 8
-------------------------------
loss: 0.842626  [   64/  678]
loss: 1.622623  [  256/  678]
loss: 1.567440  [  448/  678]
loss: 2.009116  [  640/  678]
Average Training Loss: 0.549255
Val Loss: 2.7795 | C-index: 0.7133

Epoch 9
-------------------------------
loss: 0.897811  [   64/  678]
loss: 1.664158  [  256/  678]
loss: 1.096729  [  448/  678]
loss: 1.511824  [  640/  678]
Average Training Loss: 0.470047
Val Loss: 2.8432 | C-index: 0.7368

Epoch 10
-------------------------------
loss: 1.457319  [   64/  678]
loss: 1.618236  [  256/  678]
loss: 1.608409  [  448/  678]
loss: 1.980244  [  640/  678]
Average Training Loss: 0.605837
Val Loss: 3.5403 | C-index: 0.5642

Stopping early at Epoch 10 since no C-Index improvement after 5 epochs.
Done!
Best C-Index = 0.7444870565675935 at Epoch 5

=========================================
CV training complete! Mean ± std C-index: 0.7440 ± 0.0226
Best epochs per fold: [4, 9, 4, 8, 5]

=========================================
Retraining model on full train+val for 6 epochs...
Epoch 1
-------------------------------
loss: 2.794737  [   64/  847]
loss: 2.487420  [  320/  847]
loss: 2.925975  [  576/  847]
loss: 3.022943  [  832/  847]
Average Training Loss: 0.802220
Val Loss: 2.8399 | C-index: 0.6547

Epoch 2
-------------------------------
loss: 3.331091  [   64/  847]
loss: 3.552587  [  320/  847]
loss: 2.929187  [  576/  847]
loss: 2.706602  [  832/  847]
Average Training Loss: 0.894248
Val Loss: 2.7008 | C-index: 0.7859

Epoch 3
-------------------------------
loss: 3.271732  [   64/  847]
loss: 3.091179  [  320/  847]
loss: 2.552213  [  576/  847]
loss: 2.707316  [  832/  847]
Average Training Loss: 0.830174
Val Loss: 2.4301 | C-index: 0.8496

Epoch 4
-------------------------------
loss: 2.771383  [   64/  847]
loss: 1.998769  [  320/  847]
loss: 2.351018  [  576/  847]
loss: 2.723562  [  832/  847]
Average Training Loss: 0.703195
Val Loss: 1.9158 | C-index: 0.9024

Epoch 5
-------------------------------
loss: 1.882303  [   64/  847]
loss: 2.667617  [  320/  847]
loss: 1.787780  [  576/  847]
loss: 1.878468  [  832/  847]
Average Training Loss: 0.586869
Val Loss: 1.6087 | C-index: 0.9445

Epoch 6
-------------------------------
loss: 1.272600  [   64/  847]
loss: 1.855988  [  320/  847]
loss: 1.637444  [  576/  847]
loss: 1.396359  [  832/  847]
Average Training Loss: 0.440171
Val Loss: 1.3927 | C-index: 0.9504

Done!
Best C-Index = 0.9503552841084627 at Epoch 6
FINAL TEST Average Loss: 3.1325
FINAL TEST C-index: 0.5429
Bootstrap 95% CI: [0.4214, 0.6631]
Results saved to /Users/evan/Documents/GitHub/HyBINN/experiments/runs/gene_clinical/seed_8/results.json
