train_hybinn.py log started 2026-06-17 01:08:33.687654
=========================================
Model Active Branches: ['binn', 'gene']
=========================================

=========================================
FOLD 1/5
=========================================

Epoch 1
-------------------------------
loss: 2.314702  [   64/  677]
loss: 2.833375  [  256/  677]
loss: 2.967640  [  448/  677]
loss: 2.715609  [  640/  677]
Average Training Loss: 0.984666
Val Loss: 2.7394 | C-index: 0.4762

Epoch 2
-------------------------------
loss: 2.497904  [   64/  677]
loss: 2.669595  [  256/  677]
loss: 2.959388  [  448/  677]
loss: 3.343433  [  640/  677]
Average Training Loss: 1.042756
Val Loss: 2.7831 | C-index: 0.3966

Epoch 3
-------------------------------
loss: 2.904202  [   64/  677]
loss: 2.876076  [  256/  677]
loss: 3.148249  [  448/  677]
loss: 2.687129  [  640/  677]
Average Training Loss: 1.055969
Val Loss: 2.7358 | C-index: 0.5333

Epoch 4
-------------------------------
loss: 2.601874  [   64/  677]
loss: 1.984454  [  256/  677]
loss: 2.212409  [  448/  677]
loss: 2.667933  [  640/  677]
Average Training Loss: 0.860606
Val Loss: 2.6154 | C-index: 0.6796

Epoch 5
-------------------------------
loss: 1.984525  [   64/  677]
loss: 1.581464  [  256/  677]
loss: 1.953849  [  448/  677]
loss: 1.873261  [  640/  677]
Average Training Loss: 0.672100
Val Loss: 2.7281 | C-index: 0.6835

Epoch 6
-------------------------------
loss: 1.859665  [   64/  677]
loss: 1.845864  [  256/  677]
loss: 1.972458  [  448/  677]
loss: 1.355665  [  640/  677]
Average Training Loss: 0.639423
Val Loss: 3.1985 | C-index: 0.6325

Epoch 7
-------------------------------
loss: 1.659645  [   64/  677]
loss: 1.462445  [  256/  677]
loss: 0.770863  [  448/  677]
loss: 1.669963  [  640/  677]
Average Training Loss: 0.505720
Val Loss: 2.8091 | C-index: 0.6280

Epoch 8
-------------------------------
loss: 1.905107  [   64/  677]
loss: 1.518253  [  256/  677]
loss: 1.194462  [  448/  677]
loss: 1.212887  [  640/  677]
Average Training Loss: 0.530065
Val Loss: 3.0974 | C-index: 0.6689

Epoch 9
-------------------------------
loss: 1.276313  [   64/  677]
loss: 0.907428  [  256/  677]
loss: 1.475376  [  448/  677]
loss: 0.840265  [  640/  677]
Average Training Loss: 0.409035
Val Loss: 3.1472 | C-index: 0.6297

Epoch 10
-------------------------------
loss: 1.080734  [   64/  677]
loss: 0.847878  [  256/  677]
loss: 1.015449  [  448/  677]
loss: 1.011495  [  640/  677]
Average Training Loss: 0.359596
Val Loss: 3.3179 | C-index: 0.6762

Stopping early at Epoch 10 since no C-Index improvement after 5 epochs.
Done!
Best C-Index = 0.6834733893557423 at Epoch 5

=========================================
FOLD 2/5
=========================================

Epoch 1
-------------------------------
loss: 3.115939  [   64/  677]
loss: 2.332322  [  256/  677]
loss: 2.761581  [  448/  677]
loss: 2.658880  [  640/  677]
Average Training Loss: 0.988066
Val Loss: 2.8880 | C-index: 0.5640

Epoch 2
-------------------------------
loss: 2.083667  [   64/  677]
loss: 2.725394  [  256/  677]
loss: 3.300055  [  448/  677]
loss: 2.546591  [  640/  677]
Average Training Loss: 0.968701
Val Loss: 2.8664 | C-index: 0.6669

Epoch 3
-------------------------------
loss: 2.884211  [   64/  677]
loss: 2.794323  [  256/  677]
loss: 2.740516  [  448/  677]
loss: 2.525192  [  640/  677]
Average Training Loss: 0.994931
Val Loss: 2.8677 | C-index: 0.7091

Epoch 4
-------------------------------
loss: 2.828686  [   64/  677]
loss: 2.479197  [  256/  677]
loss: 2.295275  [  448/  677]
loss: 2.604026  [  640/  677]
Average Training Loss: 0.927926
Val Loss: 3.0192 | C-index: 0.6895

Epoch 5
-------------------------------
loss: 1.882795  [   64/  677]
loss: 1.676062  [  256/  677]
loss: 1.817372  [  448/  677]
loss: 2.001204  [  640/  677]
Average Training Loss: 0.670676
Val Loss: 3.3237 | C-index: 0.6752

Epoch 6
-------------------------------
loss: 1.857902  [   64/  677]
loss: 1.460353  [  256/  677]
loss: 1.976071  [  448/  677]
loss: 1.475122  [  640/  677]
Average Training Loss: 0.615404
Val Loss: 3.9158 | C-index: 0.6484

Epoch 7
-------------------------------
loss: 1.525199  [   64/  677]
loss: 1.879971  [  256/  677]
loss: 1.479870  [  448/  677]
loss: 2.919563  [  640/  677]
Average Training Loss: 0.709509
Val Loss: 3.8541 | C-index: 0.7145

Epoch 8
-------------------------------
loss: 0.974267  [   64/  677]
loss: 1.911293  [  256/  677]
loss: 1.170705  [  448/  677]
loss: 1.286346  [  640/  677]
Average Training Loss: 0.485692
Val Loss: 3.9618 | C-index: 0.7061

Epoch 9
-------------------------------
loss: 1.444095  [   64/  677]
loss: 1.613824  [  256/  677]
loss: 1.283315  [  448/  677]
loss: 0.357459  [  640/  677]
Average Training Loss: 0.427154
Val Loss: 4.3639 | C-index: 0.6532

Epoch 10
-------------------------------
loss: 0.840120  [   64/  677]
loss: 0.858356  [  256/  677]
loss: 1.860834  [  448/  677]
loss: 1.607320  [  640/  677]
Average Training Loss: 0.469694
Val Loss: 4.1150 | C-index: 0.7275

Epoch 11
-------------------------------
loss: 2.115534  [   64/  677]
loss: 1.180647  [  256/  677]
loss: 1.060796  [  448/  677]
loss: 1.527568  [  640/  677]
Average Training Loss: 0.534959
Val Loss: 4.2341 | C-index: 0.6086

Epoch 12
-------------------------------
loss: 1.422728  [   64/  677]
loss: 1.743488  [  256/  677]
loss: 1.284703  [  448/  677]
loss: 1.396367  [  640/  677]
Average Training Loss: 0.531571
Val Loss: 4.1385 | C-index: 0.6145

Epoch 13
-------------------------------
loss: 1.046702  [   64/  677]
loss: 0.767819  [  256/  677]
loss: 1.061722  [  448/  677]
loss: 1.274553  [  640/  677]
Average Training Loss: 0.377345
Val Loss: 4.4100 | C-index: 0.6306

Epoch 14
-------------------------------
loss: 1.114287  [   64/  677]
loss: 1.237157  [  256/  677]
loss: 1.238011  [  448/  677]
loss: 0.915818  [  640/  677]
Average Training Loss: 0.409570
Val Loss: 3.8323 | C-index: 0.6627

Epoch 15
-------------------------------
loss: 1.008442  [   64/  677]
loss: 1.105991  [  256/  677]
loss: 0.823274  [  448/  677]
loss: 1.092687  [  640/  677]
Average Training Loss: 0.366399
Val Loss: 4.4445 | C-index: 0.7145

Stopping early at Epoch 15 since no C-Index improvement after 5 epochs.
Done!
Best C-Index = 0.7275431290898274 at Epoch 10

=========================================
FOLD 3/5
=========================================

Epoch 1
-------------------------------
loss: 2.624401  [   64/  678]
loss: 3.100134  [  256/  678]
loss: 2.799739  [  448/  678]
loss: 3.695081  [  640/  678]
Average Training Loss: 1.110850
Val Loss: 2.3899 | C-index: 0.5455

Epoch 2
-------------------------------
loss: 2.705141  [   64/  678]
loss: 2.764968  [  256/  678]
loss: 3.083017  [  448/  678]
loss: 2.688241  [  640/  678]
Average Training Loss: 1.021942
Val Loss: 2.3574 | C-index: 0.6306

Epoch 3
-------------------------------
loss: 2.452115  [   64/  678]
loss: 2.481700  [  256/  678]
loss: 2.631747  [  448/  678]
loss: 3.737655  [  640/  678]
Average Training Loss: 1.027565
Val Loss: 2.3169 | C-index: 0.7106

Epoch 4
-------------------------------
loss: 2.122425  [   64/  678]
loss: 2.581539  [  256/  678]
loss: 2.440804  [  448/  678]
loss: 2.362234  [  640/  678]
Average Training Loss: 0.864273
Val Loss: 2.4515 | C-index: 0.5745

Epoch 5
-------------------------------
loss: 2.072324  [   64/  678]
loss: 1.847890  [  256/  678]
loss: 2.484225  [  448/  678]
loss: 1.985917  [  640/  678]
Average Training Loss: 0.762760
Val Loss: 2.5330 | C-index: 0.6519

Epoch 6
-------------------------------
loss: 1.588978  [   64/  678]
loss: 1.551593  [  256/  678]
loss: 1.669402  [  448/  678]
loss: 1.966595  [  640/  678]
Average Training Loss: 0.616052
Val Loss: 2.7277 | C-index: 0.5855

Epoch 7
-------------------------------
loss: 1.612062  [   64/  678]
loss: 1.689935  [  256/  678]
loss: 1.357738  [  448/  678]
loss: 1.265465  [  640/  678]
Average Training Loss: 0.538654
Val Loss: 2.4639 | C-index: 0.7455

Epoch 8
-------------------------------
loss: 1.308075  [   64/  678]
loss: 1.296038  [  256/  678]
loss: 1.718101  [  448/  678]
loss: 2.169720  [  640/  678]
Average Training Loss: 0.590176
Val Loss: 3.1070 | C-index: 0.5379

Epoch 9
-------------------------------
loss: 1.848046  [   64/  678]
loss: 1.592597  [  256/  678]
loss: 1.216650  [  448/  678]
loss: 1.638135  [  640/  678]
Average Training Loss: 0.572312
Val Loss: 2.4806 | C-index: 0.7115

Epoch 10
-------------------------------
loss: 1.368750  [   64/  678]
loss: 1.362173  [  256/  678]
loss: 1.656723  [  448/  678]
loss: 1.900089  [  640/  678]
Average Training Loss: 0.571612
Val Loss: 2.5754 | C-index: 0.6809

Epoch 11
-------------------------------
loss: 1.657809  [   64/  678]
loss: 1.094092  [  256/  678]
loss: 1.246807  [  448/  678]
loss: 1.339377  [  640/  678]
Average Training Loss: 0.485280
Val Loss: 2.7463 | C-index: 0.6851

Epoch 12
-------------------------------
loss: 0.976874  [   64/  678]
loss: 1.604370  [  256/  678]
loss: 1.091258  [  448/  678]
loss: 1.355582  [  640/  678]
Average Training Loss: 0.457099
Val Loss: 2.5834 | C-index: 0.7174

Stopping early at Epoch 12 since no C-Index improvement after 5 epochs.
Done!
Best C-Index = 0.745531914893617 at Epoch 7

=========================================
FOLD 4/5
=========================================

Epoch 1
-------------------------------
loss: 2.989114  [   64/  678]
loss: 2.865022  [  256/  678]
loss: 2.887455  [  448/  678]
loss: 2.989256  [  640/  678]
Average Training Loss: 1.066441
Val Loss: 2.8439 | C-index: 0.5337

Epoch 2
-------------------------------
loss: 2.723999  [   64/  678]
loss: 3.304447  [  256/  678]
loss: 2.151554  [  448/  678]
loss: 2.782119  [  640/  678]
Average Training Loss: 0.996556
Val Loss: 2.8387 | C-index: 0.5146

Epoch 3
-------------------------------
loss: 2.161437  [   64/  678]
loss: 2.865282  [  256/  678]
loss: 2.440127  [  448/  678]
loss: 2.730383  [  640/  678]
Average Training Loss: 0.927021
Val Loss: 2.7889 | C-index: 0.5622

Epoch 4
-------------------------------
loss: 2.691361  [   64/  678]
loss: 2.585549  [  256/  678]
loss: 2.173319  [  448/  678]
loss: 2.136889  [  640/  678]
Average Training Loss: 0.871556
Val Loss: 2.9340 | C-index: 0.5430

Epoch 5
-------------------------------
loss: 2.157790  [   64/  678]
loss: 2.212354  [  256/  678]
loss: 1.735366  [  448/  678]
loss: 2.101907  [  640/  678]
Average Training Loss: 0.746129
Val Loss: 2.8452 | C-index: 0.6130

Epoch 6
-------------------------------
loss: 1.863992  [   64/  678]
loss: 1.410782  [  256/  678]
loss: 1.700091  [  448/  678]
loss: 2.237395  [  640/  678]
Average Training Loss: 0.655660
Val Loss: 3.3367 | C-index: 0.5684

Epoch 7
-------------------------------
loss: 1.510160  [   64/  678]
loss: 1.475023  [  256/  678]
loss: 1.483896  [  448/  678]
loss: 1.650450  [  640/  678]
Average Training Loss: 0.556321
Val Loss: 3.1172 | C-index: 0.5659

Epoch 8
-------------------------------
loss: 1.761268  [   64/  678]
loss: 1.496664  [  256/  678]
loss: 1.464333  [  448/  678]
loss: 1.332639  [  640/  678]
Average Training Loss: 0.550446
Val Loss: 3.4750 | C-index: 0.5659

Epoch 9
-------------------------------
loss: 1.464754  [   64/  678]
loss: 0.733106  [  256/  678]
loss: 1.672675  [  448/  678]
loss: 0.851566  [  640/  678]
Average Training Loss: 0.429282
Val Loss: 3.3465 | C-index: 0.5418

Epoch 10
-------------------------------
loss: 0.832979  [   64/  678]
loss: 2.091990  [  256/  678]
loss: 1.398389  [  448/  678]
loss: 0.898969  [  640/  678]
Average Training Loss: 0.474757
Val Loss: 3.4077 | C-index: 0.5913

Stopping early at Epoch 10 since no C-Index improvement after 5 epochs.
Done!
Best C-Index = 0.6130030959752322 at Epoch 5

=========================================
FOLD 5/5
=========================================

Epoch 1
-------------------------------
loss: 3.072365  [   64/  678]
loss: 2.996436  [  256/  678]
loss: 2.794649  [  448/  678]
loss: 2.385775  [  640/  678]
Average Training Loss: 1.022657
Val Loss: 2.7804 | C-index: 0.6452

Epoch 2
-------------------------------
loss: 3.082031  [   64/  678]
loss: 3.186371  [  256/  678]
loss: 2.741851  [  448/  678]
loss: 2.811477  [  640/  678]
Average Training Loss: 1.074703
Val Loss: 2.7584 | C-index: 0.6981

Epoch 3
-------------------------------
loss: 2.491257  [   64/  678]
loss: 2.688794  [  256/  678]
loss: 3.262296  [  448/  678]
loss: 2.514815  [  640/  678]
Average Training Loss: 0.996106
Val Loss: 2.7055 | C-index: 0.7071

Epoch 4
-------------------------------
loss: 2.619082  [   64/  678]
loss: 2.538465  [  256/  678]
loss: 2.866369  [  448/  678]
loss: 2.373249  [  640/  678]
Average Training Loss: 0.945197
Val Loss: 2.6590 | C-index: 0.6433

Epoch 5
-------------------------------
loss: 1.607168  [   64/  678]
loss: 1.959638  [  256/  678]
loss: 2.279968  [  448/  678]
loss: 2.217372  [  640/  678]
Average Training Loss: 0.733104
Val Loss: 2.7540 | C-index: 0.6331

Epoch 6
-------------------------------
loss: 1.748800  [   64/  678]
loss: 1.312361  [  256/  678]
loss: 1.347130  [  448/  678]
loss: 1.036995  [  640/  678]
Average Training Loss: 0.495026
Val Loss: 3.0422 | C-index: 0.5795

Epoch 7
-------------------------------
loss: 1.078978  [   64/  678]
loss: 1.854063  [  256/  678]
loss: 2.173916  [  448/  678]
loss: 1.987902  [  640/  678]
Average Training Loss: 0.644987
Val Loss: 3.1521 | C-index: 0.6280

Epoch 8
-------------------------------
loss: 1.338444  [   64/  678]
loss: 2.132399  [  256/  678]
loss: 1.726432  [  448/  678]
loss: 1.366421  [  640/  678]
Average Training Loss: 0.596700
Val Loss: 2.5166 | C-index: 0.7090

Epoch 9
-------------------------------
loss: 1.839615  [   64/  678]
loss: 0.782851  [  256/  678]
loss: 1.700176  [  448/  678]
loss: 1.629210  [  640/  678]
Average Training Loss: 0.541077
Val Loss: 2.8455 | C-index: 0.6005

Epoch 10
-------------------------------
loss: 1.317809  [   64/  678]
loss: 1.252575  [  256/  678]
loss: 1.422747  [  448/  678]
loss: 1.269978  [  640/  678]
Average Training Loss: 0.478464
Val Loss: 2.9472 | C-index: 0.6452

Epoch 11
-------------------------------
loss: 1.009546  [   64/  678]
loss: 0.668451  [  256/  678]
loss: 1.486472  [  448/  678]
loss: 1.242171  [  640/  678]
Average Training Loss: 0.400604
Val Loss: 2.9205 | C-index: 0.6318

Epoch 12
-------------------------------
loss: 0.830088  [   64/  678]
loss: 0.575145  [  256/  678]
loss: 1.463111  [  448/  678]
loss: 1.018526  [  640/  678]
Average Training Loss: 0.353352
Val Loss: 3.1507 | C-index: 0.6120

Epoch 13
-------------------------------
loss: 1.214859  [   64/  678]
loss: 1.450256  [  256/  678]
loss: 1.431078  [  448/  678]
loss: 1.365944  [  640/  678]
Average Training Loss: 0.496558
Val Loss: 3.6900 | C-index: 0.5871

Stopping early at Epoch 13 since no C-Index improvement after 5 epochs.
Done!
Best C-Index = 0.7089980855137205 at Epoch 8

=========================================
CV training complete! Mean ± std C-index: 0.6957 ± 0.0462
Best epochs per fold: [5, 10, 7, 5, 8]

=========================================
Retraining model on full train+val for 7 epochs...
Epoch 1
-------------------------------
loss: 2.925175  [   64/  847]
loss: 3.020315  [  320/  847]
loss: 3.076588  [  576/  847]
loss: 3.417829  [  832/  847]
Average Training Loss: 0.888565
Val Loss: 2.7485 | C-index: 0.7105

Epoch 2
-------------------------------
loss: 3.112794  [   64/  847]
loss: 2.523933  [  320/  847]
loss: 2.968021  [  576/  847]
loss: 2.565552  [  832/  847]
Average Training Loss: 0.797879
Val Loss: 2.6198 | C-index: 0.7948

Epoch 3
-------------------------------
loss: 2.698442  [   64/  847]
loss: 2.515977  [  320/  847]
loss: 2.546852  [  576/  847]
loss: 2.145811  [  832/  847]
Average Training Loss: 0.707649
Val Loss: 2.2708 | C-index: 0.8862

Epoch 4
-------------------------------
loss: 2.791206  [   64/  847]
loss: 2.497084  [  320/  847]
loss: 2.476142  [  576/  847]
loss: 2.322765  [  832/  847]
Average Training Loss: 0.720514
Val Loss: 1.9090 | C-index: 0.9045

Epoch 5
-------------------------------
loss: 1.218378  [   64/  847]
loss: 2.231409  [  320/  847]
loss: 1.592392  [  576/  847]
loss: 1.680282  [  832/  847]
Average Training Loss: 0.480176
Val Loss: 1.6773 | C-index: 0.8964

Epoch 6
-------------------------------
loss: 2.266008  [   64/  847]
loss: 1.164062  [  320/  847]
loss: 1.674145  [  576/  847]
loss: 1.714327  [  832/  847]
Average Training Loss: 0.487039
Val Loss: 1.5698 | C-index: 0.9254

Epoch 7
-------------------------------
loss: 1.869962  [   64/  847]
loss: 1.834953  [  320/  847]
loss: 1.442146  [  576/  847]
loss: 1.871372  [  832/  847]
Average Training Loss: 0.501317
Val Loss: 1.2176 | C-index: 0.9552

Done!
Best C-Index = 0.9552061777620754 at Epoch 7
FINAL TEST Average Loss: 3.1894
FINAL TEST C-index: 0.6191
Bootstrap 95% CI: [0.5266, 0.7058]
Top 10 activated pathways:
{'R-HSA-3238698': 0.05596315115690231, 'R-HSA-400685': 0.042873743921518326, 'R-HSA-9929356': 0.03591878339648247, 'R-HSA-9703648': 0.03385030850768089, 'R-HSA-73933': 0.03365092724561691, 'R-HSA-1433559': 0.03243596479296684, 'R-HSA-9028731': 0.03210895508527756, 'R-HSA-9670439': 0.03019024431705475, 'R-HSA-5669034': 0.03012259118258953, 'R-HSA-8983432': 0.030117981135845184}
Results saved to /Users/evan/Documents/GitHub/HyBINN/experiments/runs/binn_gene/seed_0/results.json
