train_hybinn.py log started 2026-06-17 01:04:17.176790
=========================================
Model Active Branches: ['gene']
=========================================

=========================================
FOLD 1/5
=========================================

Epoch 1
-------------------------------
loss: 2.636993  [   64/  677]
loss: 2.984148  [  256/  677]
loss: 3.297967  [  448/  677]
loss: 3.010261  [  640/  677]
Average Training Loss: 1.084488
Val Loss: 2.6986 | C-index: 0.5401

Epoch 2
-------------------------------
loss: 2.670560  [   64/  677]
loss: 2.922264  [  256/  677]
loss: 2.541978  [  448/  677]
loss: 3.559146  [  640/  677]
Average Training Loss: 1.063086
Val Loss: 2.6138 | C-index: 0.6311

Epoch 3
-------------------------------
loss: 1.851825  [   64/  677]
loss: 3.093619  [  256/  677]
loss: 2.815171  [  448/  677]
loss: 3.120166  [  640/  677]
Average Training Loss: 0.989162
Val Loss: 2.6323 | C-index: 0.5958

Epoch 4
-------------------------------
loss: 2.546702  [   64/  677]
loss: 1.969689  [  256/  677]
loss: 2.171901  [  448/  677]
loss: 1.786224  [  640/  677]
Average Training Loss: 0.770411
Val Loss: 2.5314 | C-index: 0.6427

Epoch 5
-------------------------------
loss: 2.000853  [   64/  677]
loss: 2.339351  [  256/  677]
loss: 1.619257  [  448/  677]
loss: 2.145172  [  640/  677]
Average Training Loss: 0.736785
Val Loss: 2.8320 | C-index: 0.5605

Epoch 6
-------------------------------
loss: 1.480018  [   64/  677]
loss: 1.116416  [  256/  677]
loss: 2.226461  [  448/  677]
loss: 1.291910  [  640/  677]
Average Training Loss: 0.555891
Val Loss: 2.5785 | C-index: 0.7038

Epoch 7
-------------------------------
loss: 1.311276  [   64/  677]
loss: 2.088140  [  256/  677]
loss: 1.980567  [  448/  677]
loss: 1.720816  [  640/  677]
Average Training Loss: 0.645527
Val Loss: 2.5098 | C-index: 0.7181

Epoch 8
-------------------------------
loss: 1.769119  [   64/  677]
loss: 1.578639  [  256/  677]
loss: 1.496886  [  448/  677]
loss: 1.849783  [  640/  677]
Average Training Loss: 0.608584
Val Loss: 2.8304 | C-index: 0.6406

Epoch 9
-------------------------------
loss: 0.819459  [   64/  677]
loss: 1.529745  [  256/  677]
loss: 2.126320  [  448/  677]
loss: 1.979334  [  640/  677]
Average Training Loss: 0.586805
Val Loss: 2.9186 | C-index: 0.6379

Epoch 10
-------------------------------
loss: 2.043289  [   64/  677]
loss: 1.286307  [  256/  677]
loss: 0.922563  [  448/  677]
loss: 1.563725  [  640/  677]
Average Training Loss: 0.528717
Val Loss: 2.6603 | C-index: 0.6658

Epoch 11
-------------------------------
loss: 1.017527  [   64/  677]
loss: 1.665708  [  256/  677]
loss: 1.505282  [  448/  677]
loss: 0.970352  [  640/  677]
Average Training Loss: 0.468988
Val Loss: 2.9047 | C-index: 0.6141

Epoch 12
-------------------------------
loss: 1.164987  [   64/  677]
loss: 1.735896  [  256/  677]
loss: 1.805516  [  448/  677]
loss: 0.680533  [  640/  677]
Average Training Loss: 0.489721
Val Loss: 2.7165 | C-index: 0.6372

Stopping early at Epoch 12 since no C-Index improvement after 5 epochs.
Done!
Best C-Index = 0.7180706521739131 at Epoch 7

=========================================
FOLD 2/5
=========================================

Epoch 1
-------------------------------
loss: 2.779816  [   64/  677]
loss: 2.957790  [  256/  677]
loss: 2.664350  [  448/  677]
loss: 2.943618  [  640/  677]
Average Training Loss: 1.031416
Val Loss: 2.7704 | C-index: 0.6083

Epoch 2
-------------------------------
loss: 3.001377  [   64/  677]
loss: 2.271517  [  256/  677]
loss: 2.864327  [  448/  677]
loss: 2.896322  [  640/  677]
Average Training Loss: 1.003049
Val Loss: 2.7918 | C-index: 0.5920

Epoch 3
-------------------------------
loss: 2.754358  [   64/  677]
loss: 2.462043  [  256/  677]
loss: 2.467538  [  448/  677]
loss: 2.707846  [  640/  677]
Average Training Loss: 0.944708
Val Loss: 2.7986 | C-index: 0.6164

Epoch 4
-------------------------------
loss: 2.405783  [   64/  677]
loss: 1.789457  [  256/  677]
loss: 2.340905  [  448/  677]
loss: 2.645985  [  640/  677]
Average Training Loss: 0.834739
Val Loss: 2.6859 | C-index: 0.6986

Epoch 5
-------------------------------
loss: 1.806654  [   64/  677]
loss: 2.402348  [  256/  677]
loss: 1.947395  [  448/  677]
loss: 1.879024  [  640/  677]
Average Training Loss: 0.730493
Val Loss: 3.2740 | C-index: 0.5893

Epoch 6
-------------------------------
loss: 1.284556  [   64/  677]
loss: 1.275176  [  256/  677]
loss: 1.554016  [  448/  677]
loss: 1.514598  [  640/  677]
Average Training Loss: 0.511668
Val Loss: 3.5173 | C-index: 0.5730

Epoch 7
-------------------------------
loss: 1.115176  [   64/  677]
loss: 1.571418  [  256/  677]
loss: 1.056809  [  448/  677]
loss: 1.290144  [  640/  677]
Average Training Loss: 0.457595
Val Loss: 3.4786 | C-index: 0.6056

Epoch 8
-------------------------------
loss: 1.469717  [   64/  677]
loss: 1.491565  [  256/  677]
loss: 0.853212  [  448/  677]
loss: 1.682688  [  640/  677]
Average Training Loss: 0.499744
Val Loss: 3.3883 | C-index: 0.5961

Epoch 9
-------------------------------
loss: 0.781587  [   64/  677]
loss: 1.240219  [  256/  677]
loss: 1.592126  [  448/  677]
loss: 1.024135  [  640/  677]
Average Training Loss: 0.421642
Val Loss: 2.5736 | C-index: 0.7203

Epoch 10
-------------------------------
loss: 0.420608  [   64/  677]
loss: 0.615045  [  256/  677]
loss: 1.686290  [  448/  677]
loss: 1.141231  [  640/  677]
Average Training Loss: 0.351198
Val Loss: 3.3877 | C-index: 0.5723

Epoch 11
-------------------------------
loss: 0.662118  [   64/  677]
loss: 1.000405  [  256/  677]
loss: 1.140940  [  448/  677]
loss: 1.191955  [  640/  677]
Average Training Loss: 0.363220
Val Loss: 3.4404 | C-index: 0.5479

Epoch 12
-------------------------------
loss: 0.965080  [   64/  677]
loss: 1.038850  [  256/  677]
loss: 0.719669  [  448/  677]
loss: 1.331804  [  640/  677]
Average Training Loss: 0.368673
Val Loss: 3.3576 | C-index: 0.5716

Epoch 13
-------------------------------
loss: 0.982040  [   64/  677]
loss: 0.906036  [  256/  677]
loss: 1.373491  [  448/  677]
loss: 0.682433  [  640/  677]
Average Training Loss: 0.358545
Val Loss: 4.1034 | C-index: 0.5981

Epoch 14
-------------------------------
loss: 1.325051  [   64/  677]
loss: 1.477833  [  256/  677]
loss: 2.702832  [  448/  677]
loss: 0.945485  [  640/  677]
Average Training Loss: 0.586473
Val Loss: 3.9533 | C-index: 0.6008

Stopping early at Epoch 14 since no C-Index improvement after 5 epochs.
Done!
Best C-Index = 0.7202987101154107 at Epoch 9

=========================================
FOLD 3/5
=========================================

Epoch 1
-------------------------------
loss: 2.842746  [   64/  678]
loss: 3.078020  [  256/  678]
loss: 2.951891  [  448/  678]
loss: 2.720461  [  640/  678]
Average Training Loss: 1.053920
Val Loss: 2.4174 | C-index: 0.5630

Epoch 2
-------------------------------
loss: 1.798977  [   64/  678]
loss: 2.302176  [  256/  678]
loss: 2.918343  [  448/  678]
loss: 3.481133  [  640/  678]
Average Training Loss: 0.954603
Val Loss: 2.4034 | C-index: 0.6464

Epoch 3
-------------------------------
loss: 3.090356  [   64/  678]
loss: 2.949492  [  256/  678]
loss: 2.499969  [  448/  678]
loss: 3.256149  [  640/  678]
Average Training Loss: 1.072361
Val Loss: 2.3585 | C-index: 0.6700

Epoch 4
-------------------------------
loss: 2.615648  [   64/  678]
loss: 2.731741  [  256/  678]
loss: 2.413451  [  448/  678]
loss: 2.959295  [  640/  678]
Average Training Loss: 0.974558
Val Loss: 2.7208 | C-index: 0.5288

Epoch 5
-------------------------------
loss: 1.807794  [   64/  678]
loss: 2.302864  [  256/  678]
loss: 1.310451  [  448/  678]
loss: 2.655276  [  640/  678]
Average Training Loss: 0.734217
Val Loss: 2.3345 | C-index: 0.6730

Epoch 6
-------------------------------
loss: 1.551741  [   64/  678]
loss: 2.155099  [  256/  678]
loss: 1.431305  [  448/  678]
loss: 1.169379  [  640/  678]
Average Training Loss: 0.573411
Val Loss: 2.4156 | C-index: 0.6077

Epoch 7
-------------------------------
loss: 1.463434  [   64/  678]
loss: 2.257121  [  256/  678]
loss: 1.329048  [  448/  678]
loss: 1.255398  [  640/  678]
Average Training Loss: 0.573182
Val Loss: 2.5716 | C-index: 0.6988

Epoch 8
-------------------------------
loss: 0.679893  [   64/  678]
loss: 0.946820  [  256/  678]
loss: 2.340883  [  448/  678]
loss: 1.174641  [  640/  678]
Average Training Loss: 0.467476
Val Loss: 2.4780 | C-index: 0.6313

Epoch 9
-------------------------------
loss: 1.996727  [   64/  678]
loss: 1.823629  [  256/  678]
loss: 1.479457  [  448/  678]
loss: 0.658966  [  640/  678]
Average Training Loss: 0.541707
Val Loss: 2.1797 | C-index: 0.7618

Epoch 10
-------------------------------
loss: 1.099872  [   64/  678]
loss: 1.366838  [  256/  678]
loss: 2.206870  [  448/  678]
loss: 2.351809  [  640/  678]
Average Training Loss: 0.638672
Val Loss: 3.7392 | C-index: 0.6085

Epoch 11
-------------------------------
loss: 1.057045  [   64/  678]
loss: 1.666932  [  256/  678]
loss: 1.246355  [  448/  678]
loss: 1.707238  [  640/  678]
Average Training Loss: 0.516143
Val Loss: 2.2492 | C-index: 0.7208

Epoch 12
-------------------------------
loss: 1.311220  [   64/  678]
loss: 0.912313  [  256/  678]
loss: 1.433344  [  448/  678]
loss: 0.998605  [  640/  678]
Average Training Loss: 0.423226
Val Loss: 2.3117 | C-index: 0.7405

Epoch 13
-------------------------------
loss: 1.076441  [   64/  678]
loss: 1.034673  [  256/  678]
loss: 1.202687  [  448/  678]
loss: 1.356645  [  640/  678]
Average Training Loss: 0.424586
Val Loss: 2.3971 | C-index: 0.6995

Epoch 14
-------------------------------
loss: 1.261915  [   64/  678]
loss: 1.364389  [  256/  678]
loss: 1.931874  [  448/  678]
loss: 0.818136  [  640/  678]
Average Training Loss: 0.488756
Val Loss: 2.4117 | C-index: 0.6608

Stopping early at Epoch 14 since no C-Index improvement after 5 epochs.
Done!
Best C-Index = 0.7617602427921093 at Epoch 9

=========================================
FOLD 4/5
=========================================

Epoch 1
-------------------------------
loss: 3.492573  [   64/  678]
loss: 1.895553  [  256/  678]
loss: 2.352004  [  448/  678]
loss: 2.332645  [  640/  678]
Average Training Loss: 0.915707
Val Loss: 3.0877 | C-index: 0.4270

Epoch 2
-------------------------------
loss: 2.748599  [   64/  678]
loss: 2.586517  [  256/  678]
loss: 2.083147  [  448/  678]
loss: 2.915695  [  640/  678]
Average Training Loss: 0.939451
Val Loss: 3.0991 | C-index: 0.4705

Epoch 3
-------------------------------
loss: 2.559916  [   64/  678]
loss: 2.357237  [  256/  678]
loss: 2.750029  [  448/  678]
loss: 2.145224  [  640/  678]
Average Training Loss: 0.892037
Val Loss: 3.0077 | C-index: 0.5581

Epoch 4
-------------------------------
loss: 2.206207  [   64/  678]
loss: 1.970567  [  256/  678]
loss: 2.489737  [  448/  678]
loss: 1.687441  [  640/  678]
Average Training Loss: 0.759450
Val Loss: 3.0513 | C-index: 0.6194

Epoch 5
-------------------------------
loss: 1.873000  [   64/  678]
loss: 1.856288  [  256/  678]
loss: 1.319778  [  448/  678]
loss: 1.752594  [  640/  678]
Average Training Loss: 0.618333
Val Loss: 3.0650 | C-index: 0.6605

Epoch 6
-------------------------------
loss: 1.523310  [   64/  678]
loss: 1.719097  [  256/  678]
loss: 2.491792  [  448/  678]
loss: 1.497287  [  640/  678]
Average Training Loss: 0.657408
Val Loss: 3.0725 | C-index: 0.5831

Epoch 7
-------------------------------
loss: 1.505588  [   64/  678]
loss: 1.221690  [  256/  678]
loss: 1.899188  [  448/  678]
loss: 1.811762  [  640/  678]
Average Training Loss: 0.585294
Val Loss: 3.2603 | C-index: 0.6105

Epoch 8
-------------------------------
loss: 1.609640  [   64/  678]
loss: 0.852259  [  256/  678]
loss: 1.462186  [  448/  678]
loss: 2.200620  [  640/  678]
Average Training Loss: 0.556791
Val Loss: 3.3023 | C-index: 0.5354

Epoch 9
-------------------------------
loss: 1.284512  [   64/  678]
loss: 0.605929  [  256/  678]
loss: 0.850571  [  448/  678]
loss: 1.179421  [  640/  678]
Average Training Loss: 0.356403
Val Loss: 3.3706 | C-index: 0.6248

Epoch 10
-------------------------------
loss: 1.218608  [   64/  678]
loss: 1.440022  [  256/  678]
loss: 1.443655  [  448/  678]
loss: 1.366178  [  640/  678]
Average Training Loss: 0.497133
Val Loss: 3.0760 | C-index: 0.6295

Stopping early at Epoch 10 since no C-Index improvement after 5 epochs.
Done!
Best C-Index = 0.6605122096486004 at Epoch 5

=========================================
FOLD 5/5
=========================================

Epoch 1
-------------------------------
loss: 3.125565  [   64/  678]
loss: 3.032891  [  256/  678]
loss: 2.911062  [  448/  678]
loss: 2.874438  [  640/  678]
Average Training Loss: 1.085814
Val Loss: 3.0656 | C-index: 0.5391

Epoch 2
-------------------------------
loss: 3.394886  [   64/  678]
loss: 3.058695  [  256/  678]
loss: 2.490707  [  448/  678]
loss: 2.287726  [  640/  678]
Average Training Loss: 1.021092
Val Loss: 3.1057 | C-index: 0.5497

Epoch 3
-------------------------------
loss: 2.496972  [   64/  678]
loss: 2.411907  [  256/  678]
loss: 2.601938  [  448/  678]
loss: 2.546886  [  640/  678]
Average Training Loss: 0.914337
Val Loss: 3.1119 | C-index: 0.5423

Epoch 4
-------------------------------
loss: 2.151602  [   64/  678]
loss: 1.860929  [  256/  678]
loss: 1.771415  [  448/  678]
loss: 2.006056  [  640/  678]
Average Training Loss: 0.708182
Val Loss: 3.1083 | C-index: 0.5733

Epoch 5
-------------------------------
loss: 1.987125  [   64/  678]
loss: 1.606705  [  256/  678]
loss: 1.681771  [  448/  678]
loss: 1.578855  [  640/  678]
Average Training Loss: 0.623132
Val Loss: 3.5332 | C-index: 0.5979

Epoch 6
-------------------------------
loss: 1.600455  [   64/  678]
loss: 1.639412  [  256/  678]
loss: 1.842802  [  448/  678]
loss: 1.905966  [  640/  678]
Average Training Loss: 0.635330
Val Loss: 3.4728 | C-index: 0.5849

Epoch 7
-------------------------------
loss: 1.050290  [   64/  678]
loss: 2.232750  [  256/  678]
loss: 1.551882  [  448/  678]
loss: 1.376208  [  640/  678]
Average Training Loss: 0.564648
Val Loss: 3.3313 | C-index: 0.6391

Epoch 8
-------------------------------
loss: 1.293433  [   64/  678]
loss: 1.677617  [  256/  678]
loss: 1.337479  [  448/  678]
loss: 1.017265  [  640/  678]
Average Training Loss: 0.484163
Val Loss: 3.5511 | C-index: 0.6215

Epoch 9
-------------------------------
loss: 1.401855  [   64/  678]
loss: 1.251701  [  256/  678]
loss: 1.112517  [  448/  678]
loss: 0.978929  [  640/  678]
Average Training Loss: 0.431364
Val Loss: 3.5919 | C-index: 0.6150

Epoch 10
-------------------------------
loss: 1.060666  [   64/  678]
loss: 0.920635  [  256/  678]
loss: 1.000343  [  448/  678]
loss: 2.361318  [  640/  678]
Average Training Loss: 0.485724
Val Loss: 3.8115 | C-index: 0.5849

Epoch 11
-------------------------------
loss: 0.508991  [   64/  678]
loss: 1.421168  [  256/  678]
loss: 1.551160  [  448/  678]
loss: 1.566512  [  640/  678]
Average Training Loss: 0.458894
Val Loss: 3.1299 | C-index: 0.6590

Epoch 12
-------------------------------
loss: 1.136072  [   64/  678]
loss: 1.225794  [  256/  678]
loss: 1.456379  [  448/  678]
loss: 1.236143  [  640/  678]
Average Training Loss: 0.459490
Val Loss: 4.0177 | C-index: 0.6053

Epoch 13
-------------------------------
loss: 0.974410  [   64/  678]
loss: 0.879253  [  256/  678]
loss: 0.930788  [  448/  678]
loss: 1.890584  [  640/  678]
Average Training Loss: 0.425003
Val Loss: 3.3270 | C-index: 0.6677

Epoch 14
-------------------------------
loss: 0.917085  [   64/  678]
loss: 1.046344  [  256/  678]
loss: 1.548927  [  448/  678]
loss: 0.856975  [  640/  678]
Average Training Loss: 0.397212
Val Loss: 3.5897 | C-index: 0.6826

Epoch 15
-------------------------------
loss: 0.934583  [   64/  678]
loss: 0.917909  [  256/  678]
loss: 0.900298  [  448/  678]
loss: 1.072974  [  640/  678]
Average Training Loss: 0.347797
Val Loss: 3.4591 | C-index: 0.6876

Epoch 16
-------------------------------
loss: 0.922956  [   64/  678]
loss: 0.942680  [  256/  678]
loss: 1.113398  [  448/  678]
loss: 0.641918  [  640/  678]
Average Training Loss: 0.329177
Val Loss: 3.8654 | C-index: 0.6950

Epoch 17
-------------------------------
loss: 1.214077  [   64/  678]
loss: 0.838736  [  256/  678]
loss: 1.224040  [  448/  678]
loss: 0.733119  [  640/  678]
Average Training Loss: 0.364543
Val Loss: 3.6720 | C-index: 0.6821

Epoch 18
-------------------------------
loss: 1.424029  [   64/  678]
loss: 0.911534  [  256/  678]
loss: 1.006221  [  448/  678]
loss: 1.537428  [  640/  678]
Average Training Loss: 0.443565
Val Loss: 4.4936 | C-index: 0.6502

Epoch 19
-------------------------------
loss: 0.817223  [   64/  678]
loss: 0.710424  [  256/  678]
loss: 0.789048  [  448/  678]
loss: 0.837031  [  640/  678]
Average Training Loss: 0.286702
Val Loss: 4.3642 | C-index: 0.6613

Epoch 20
-------------------------------
loss: 1.073589  [   64/  678]
loss: 1.451355  [  256/  678]
loss: 0.858831  [  448/  678]
loss: 0.258224  [  640/  678]
Average Training Loss: 0.331091
Val Loss: 3.6546 | C-index: 0.6677

Epoch 21
-------------------------------
loss: 0.865234  [   64/  678]
loss: 0.965829  [  256/  678]
loss: 1.236143  [  448/  678]
loss: 0.763637  [  640/  678]
Average Training Loss: 0.348259
Val Loss: 4.5259 | C-index: 0.6506

Stopping early at Epoch 21 since no C-Index improvement after 5 epochs.
Done!
Best C-Index = 0.6950485886163813 at Epoch 16

=========================================
CV training complete! Mean ± std C-index: 0.7111 ± 0.0332
Best epochs per fold: [7, 9, 9, 5, 16]

=========================================
Retraining model on full train+val for 9 epochs...
Epoch 1
-------------------------------
loss: 3.080080  [   64/  847]
loss: 2.306383  [  320/  847]
loss: 3.654985  [  576/  847]
loss: 2.711976  [  832/  847]
Average Training Loss: 0.839530
Val Loss: 2.7924 | C-index: 0.6176

Epoch 2
-------------------------------
loss: 2.688468  [   64/  847]
loss: 3.452710  [  320/  847]
loss: 2.492789  [  576/  847]
loss: 2.947482  [  832/  847]
Average Training Loss: 0.827246
Val Loss: 2.5507 | C-index: 0.7365

Epoch 3
-------------------------------
loss: 2.647589  [   64/  847]
loss: 2.991513  [  320/  847]
loss: 2.856995  [  576/  847]
loss: 2.488941  [  832/  847]
Average Training Loss: 0.784646
Val Loss: 2.1891 | C-index: 0.8620

Epoch 4
-------------------------------
loss: 2.694017  [   64/  847]
loss: 1.865229  [  320/  847]
loss: 2.099766  [  576/  847]
loss: 2.790963  [  832/  847]
Average Training Loss: 0.674998
Val Loss: 1.9802 | C-index: 0.8527

Epoch 5
-------------------------------
loss: 1.828110  [   64/  847]
loss: 2.608670  [  320/  847]
loss: 1.398146  [  576/  847]
loss: 2.133880  [  832/  847]
Average Training Loss: 0.569200
Val Loss: 1.6856 | C-index: 0.9388

Epoch 6
-------------------------------
loss: 1.777003  [   64/  847]
loss: 1.907248  [  320/  847]
loss: 1.838626  [  576/  847]
loss: 1.707412  [  832/  847]
Average Training Loss: 0.516449
Val Loss: 1.4372 | C-index: 0.9459

Epoch 7
-------------------------------
loss: 1.590019  [   64/  847]
loss: 1.234555  [  320/  847]
loss: 1.072372  [  576/  847]
loss: 2.708144  [  832/  847]
Average Training Loss: 0.471792
Val Loss: 1.3020 | C-index: 0.9647

Epoch 8
-------------------------------
loss: 0.984017  [   64/  847]
loss: 1.521193  [  320/  847]
loss: 1.678974  [  576/  847]
loss: 1.680650  [  832/  847]
Average Training Loss: 0.418917
Val Loss: 1.1256 | C-index: 0.9703

Epoch 9
-------------------------------
loss: 1.363763  [   64/  847]
loss: 1.927623  [  320/  847]
loss: 1.357064  [  576/  847]
loss: 1.686369  [  832/  847]
Average Training Loss: 0.452487
Val Loss: 1.1562 | C-index: 0.9656

Done!
Best C-Index = 0.9702633814783348 at Epoch 8
FINAL TEST Average Loss: 3.5415
FINAL TEST C-index: 0.5813
Bootstrap 95% CI: [0.4809, 0.6773]
Results saved to /Users/evan/Documents/GitHub/HyBINN/experiments/runs/gene/seed_6/results.json
