train_hybinn.py log started 2026-06-17 01:23:50.406086
=========================================
Model Active Branches: ['gene', 'clinical']
=========================================

=========================================
FOLD 1/5
=========================================

Epoch 1
-------------------------------
loss: 3.532727  [   64/  677]
loss: 3.120853  [  256/  677]
loss: 3.098262  [  448/  677]
loss: 3.091844  [  640/  677]
Average Training Loss: 1.167608
Val Loss: 2.7321 | C-index: 0.5873

Epoch 2
-------------------------------
loss: 3.387480  [   64/  677]
loss: 2.978443  [  256/  677]
loss: 3.080467  [  448/  677]
loss: 2.690918  [  640/  677]
Average Training Loss: 1.103392
Val Loss: 2.6884 | C-index: 0.7012

Epoch 3
-------------------------------
loss: 3.051329  [   64/  677]
loss: 2.921770  [  256/  677]
loss: 2.716820  [  448/  677]
loss: 2.625807  [  640/  677]
Average Training Loss: 1.028702
Val Loss: 2.6465 | C-index: 0.6971

Epoch 4
-------------------------------
loss: 2.107584  [   64/  677]
loss: 2.763992  [  256/  677]
loss: 2.817751  [  448/  677]
loss: 2.000028  [  640/  677]
Average Training Loss: 0.880850
Val Loss: 2.5020 | C-index: 0.7173

Epoch 5
-------------------------------
loss: 2.282299  [   64/  677]
loss: 2.331242  [  256/  677]
loss: 1.809418  [  448/  677]
loss: 1.749563  [  640/  677]
Average Training Loss: 0.742957
Val Loss: 2.4252 | C-index: 0.7642

Epoch 6
-------------------------------
loss: 1.919064  [   64/  677]
loss: 2.221830  [  256/  677]
loss: 1.842812  [  448/  677]
loss: 2.249618  [  640/  677]
Average Training Loss: 0.748484
Val Loss: 2.5522 | C-index: 0.6543

Epoch 7
-------------------------------
loss: 1.518677  [   64/  677]
loss: 1.885707  [  256/  677]
loss: 1.685587  [  448/  677]
loss: 1.663561  [  640/  677]
Average Training Loss: 0.613957
Val Loss: 2.5819 | C-index: 0.6902

Epoch 8
-------------------------------
loss: 1.090508  [   64/  677]
loss: 1.613569  [  256/  677]
loss: 1.756797  [  448/  677]
loss: 1.519332  [  640/  677]
Average Training Loss: 0.543655
Val Loss: 2.6626 | C-index: 0.6873

Epoch 9
-------------------------------
loss: 1.321443  [   64/  677]
loss: 1.432625  [  256/  677]
loss: 1.504779  [  448/  677]
loss: 1.279522  [  640/  677]
Average Training Loss: 0.503488
Val Loss: 2.9700 | C-index: 0.6665

Epoch 10
-------------------------------
loss: 1.266215  [   64/  677]
loss: 1.532527  [  256/  677]
loss: 1.411852  [  448/  677]
loss: 1.142602  [  640/  677]
Average Training Loss: 0.486654
Val Loss: 2.9141 | C-index: 0.6439

Stopping early at Epoch 10 since no C-Index improvement after 5 epochs.
Done!
Best C-Index = 0.7641618497109827 at Epoch 5

=========================================
FOLD 2/5
=========================================

Epoch 1
-------------------------------
loss: 3.012194  [   64/  677]
loss: 3.336043  [  256/  677]
loss: 2.884444  [  448/  677]
loss: 3.086629  [  640/  677]
Average Training Loss: 1.119937
Val Loss: 2.4369 | C-index: 0.5363

Epoch 2
-------------------------------
loss: 3.059319  [   64/  677]
loss: 3.154477  [  256/  677]
loss: 3.362527  [  448/  677]
loss: 2.707991  [  640/  677]
Average Training Loss: 1.116756
Val Loss: 2.4146 | C-index: 0.6061

Epoch 3
-------------------------------
loss: 2.229278  [   64/  677]
loss: 2.916908  [  256/  677]
loss: 2.924546  [  448/  677]
loss: 2.763997  [  640/  677]
Average Training Loss: 0.984975
Val Loss: 2.3979 | C-index: 0.6469

Epoch 4
-------------------------------
loss: 2.388485  [   64/  677]
loss: 2.633575  [  256/  677]
loss: 2.563388  [  448/  677]
loss: 2.870851  [  640/  677]
Average Training Loss: 0.950573
Val Loss: 2.3308 | C-index: 0.6469

Epoch 5
-------------------------------
loss: 2.101718  [   64/  677]
loss: 2.268718  [  256/  677]
loss: 1.891006  [  448/  677]
loss: 2.124555  [  640/  677]
Average Training Loss: 0.762363
Val Loss: 2.5534 | C-index: 0.5453

Epoch 6
-------------------------------
loss: 1.691528  [   64/  677]
loss: 1.185385  [  256/  677]
loss: 2.451057  [  448/  677]
loss: 1.201183  [  640/  677]
Average Training Loss: 0.593559
Val Loss: 2.6466 | C-index: 0.6441

Epoch 7
-------------------------------
loss: 1.592393  [   64/  677]
loss: 0.829793  [  256/  677]
loss: 1.160227  [  448/  677]
loss: 1.611062  [  640/  677]
Average Training Loss: 0.472134
Val Loss: 3.2335 | C-index: 0.5805

Epoch 8
-------------------------------
loss: 1.476723  [   64/  677]
loss: 0.981370  [  256/  677]
loss: 1.458610  [  448/  677]
loss: 2.191440  [  640/  677]
Average Training Loss: 0.555286
Val Loss: 2.4711 | C-index: 0.6869

Epoch 9
-------------------------------
loss: 0.891165  [   64/  677]
loss: 1.339611  [  256/  677]
loss: 0.826207  [  448/  677]
loss: 1.652291  [  640/  677]
Average Training Loss: 0.428116
Val Loss: 2.6777 | C-index: 0.6538

Epoch 10
-------------------------------
loss: 0.874845  [   64/  677]
loss: 1.200676  [  256/  677]
loss: 1.362598  [  448/  677]
loss: 1.103291  [  640/  677]
Average Training Loss: 0.412856
Val Loss: 2.7553 | C-index: 0.6690

Epoch 11
-------------------------------
loss: 1.715186  [   64/  677]
loss: 1.732758  [  256/  677]
loss: 0.858395  [  448/  677]
loss: 1.775729  [  640/  677]
Average Training Loss: 0.552915
Val Loss: 3.1970 | C-index: 0.6116

Epoch 12
-------------------------------
loss: 1.042759  [   64/  677]
loss: 1.101148  [  256/  677]
loss: 1.564052  [  448/  677]
loss: 0.759927  [  640/  677]
Average Training Loss: 0.406171
Val Loss: 3.1661 | C-index: 0.6793

Epoch 13
-------------------------------
loss: 0.982258  [   64/  677]
loss: 0.977227  [  256/  677]
loss: 1.495377  [  448/  677]
loss: 1.059940  [  640/  677]
Average Training Loss: 0.410437
Val Loss: 2.8277 | C-index: 0.6192

Stopping early at Epoch 13 since no C-Index improvement after 5 epochs.
Done!
Best C-Index = 0.6869384934346925 at Epoch 8

=========================================
FOLD 3/5
=========================================

Epoch 1
-------------------------------
loss: 2.764666  [   64/  678]
loss: 2.868323  [  256/  678]
loss: 3.230134  [  448/  678]
loss: 2.577856  [  640/  678]
Average Training Loss: 1.040089
Val Loss: 2.8215 | C-index: 0.6451

Epoch 2
-------------------------------
loss: 2.723569  [   64/  678]
loss: 3.430969  [  256/  678]
loss: 1.788147  [  448/  678]
loss: 3.125653  [  640/  678]
Average Training Loss: 1.006213
Val Loss: 2.7856 | C-index: 0.6632

Epoch 3
-------------------------------
loss: 3.058780  [   64/  678]
loss: 2.648242  [  256/  678]
loss: 2.651191  [  448/  678]
loss: 2.586772  [  640/  678]
Average Training Loss: 0.994999
Val Loss: 2.7343 | C-index: 0.7279

Epoch 4
-------------------------------
loss: 2.523529  [   64/  678]
loss: 2.655723  [  256/  678]
loss: 2.269634  [  448/  678]
loss: 2.615784  [  640/  678]
Average Training Loss: 0.914970
Val Loss: 2.6963 | C-index: 0.6830

Epoch 5
-------------------------------
loss: 1.654011  [   64/  678]
loss: 1.918248  [  256/  678]
loss: 2.257056  [  448/  678]
loss: 2.043091  [  640/  678]
Average Training Loss: 0.715673
Val Loss: 3.2499 | C-index: 0.6317

Epoch 6
-------------------------------
loss: 2.027049  [   64/  678]
loss: 1.172040  [  256/  678]
loss: 2.347668  [  448/  678]
loss: 1.941725  [  640/  678]
Average Training Loss: 0.680771
Val Loss: 2.7238 | C-index: 0.7075

Epoch 7
-------------------------------
loss: 2.167059  [   64/  678]
loss: 1.825490  [  256/  678]
loss: 1.534443  [  448/  678]
loss: 1.649348  [  640/  678]
Average Training Loss: 0.652395
Val Loss: 2.8031 | C-index: 0.6707

Epoch 8
-------------------------------
loss: 1.241201  [   64/  678]
loss: 2.229873  [  256/  678]
loss: 2.130554  [  448/  678]
loss: 1.390742  [  640/  678]
Average Training Loss: 0.635670
Val Loss: 2.7978 | C-index: 0.7407

Epoch 9
-------------------------------
loss: 1.551491  [   64/  678]
loss: 1.506624  [  256/  678]
loss: 0.838095  [  448/  678]
loss: 1.317451  [  640/  678]
Average Training Loss: 0.473969
Val Loss: 3.4045 | C-index: 0.6434

Epoch 10
-------------------------------
loss: 1.862118  [   64/  678]
loss: 1.039546  [  256/  678]
loss: 1.165239  [  448/  678]
loss: 1.204859  [  640/  678]
Average Training Loss: 0.479251
Val Loss: 2.9337 | C-index: 0.7057

Epoch 11
-------------------------------
loss: 1.167900  [   64/  678]
loss: 1.663691  [  256/  678]
loss: 1.020550  [  448/  678]
loss: 1.183575  [  640/  678]
Average Training Loss: 0.457792
Val Loss: 2.9616 | C-index: 0.6911

Epoch 12
-------------------------------
loss: 1.179045  [   64/  678]
loss: 1.246985  [  256/  678]
loss: 1.059217  [  448/  678]
loss: 1.326887  [  640/  678]
Average Training Loss: 0.437467
Val Loss: 3.3091 | C-index: 0.7034

Epoch 13
-------------------------------
loss: 1.151436  [   64/  678]
loss: 1.051879  [  256/  678]
loss: 0.924926  [  448/  678]
loss: 1.183665  [  640/  678]
Average Training Loss: 0.391991
Val Loss: 3.1698 | C-index: 0.7401

Stopping early at Epoch 13 since no C-Index improvement after 5 epochs.
Done!
Best C-Index = 0.7406759906759907 at Epoch 8

=========================================
FOLD 4/5
=========================================

Epoch 1
-------------------------------
loss: 2.658823  [   64/  678]
loss: 3.252483  [  256/  678]
loss: 3.223677  [  448/  678]
loss: 3.174198  [  640/  678]
Average Training Loss: 1.119016
Val Loss: 2.6307 | C-index: 0.5773

Epoch 2
-------------------------------
loss: 2.852241  [   64/  678]
loss: 3.249279  [  256/  678]
loss: 2.401628  [  448/  678]
loss: 3.146199  [  640/  678]
Average Training Loss: 1.059031
Val Loss: 2.6059 | C-index: 0.6152

Epoch 3
-------------------------------
loss: 2.783027  [   64/  678]
loss: 2.866834  [  256/  678]
loss: 2.630565  [  448/  678]
loss: 2.327346  [  640/  678]
Average Training Loss: 0.964343
Val Loss: 2.5752 | C-index: 0.6771

Epoch 4
-------------------------------
loss: 2.404827  [   64/  678]
loss: 2.257390  [  256/  678]
loss: 2.545121  [  448/  678]
loss: 2.310457  [  640/  678]
Average Training Loss: 0.865254
Val Loss: 2.5393 | C-index: 0.6961

Epoch 5
-------------------------------
loss: 1.998156  [   64/  678]
loss: 1.927385  [  256/  678]
loss: 1.750544  [  448/  678]
loss: 2.279016  [  640/  678]
Average Training Loss: 0.723191
Val Loss: 2.5925 | C-index: 0.6815

Epoch 6
-------------------------------
loss: 2.515997  [   64/  678]
loss: 1.536577  [  256/  678]
loss: 1.507854  [  448/  678]
loss: 1.373696  [  640/  678]
Average Training Loss: 0.630375
Val Loss: 2.7346 | C-index: 0.7529

Epoch 7
-------------------------------
loss: 1.632804  [   64/  678]
loss: 1.493575  [  256/  678]
loss: 1.528289  [  448/  678]
loss: 1.385213  [  640/  678]
Average Training Loss: 0.549080
Val Loss: 3.2238 | C-index: 0.6997

Epoch 8
-------------------------------
loss: 1.868913  [   64/  678]
loss: 0.849245  [  256/  678]
loss: 1.396127  [  448/  678]
loss: 1.441641  [  640/  678]
Average Training Loss: 0.505084
Val Loss: 2.3090 | C-index: 0.7580

Epoch 9
-------------------------------
loss: 1.518838  [   64/  678]
loss: 1.192733  [  256/  678]
loss: 1.208711  [  448/  678]
loss: 0.874438  [  640/  678]
Average Training Loss: 0.435884
Val Loss: 2.5942 | C-index: 0.7675

Epoch 10
-------------------------------
loss: 1.868483  [   64/  678]
loss: 1.289040  [  256/  678]
loss: 1.073292  [  448/  678]
loss: 1.321126  [  640/  678]
Average Training Loss: 0.504722
Val Loss: 2.7813 | C-index: 0.7442

Epoch 11
-------------------------------
loss: 0.883862  [   64/  678]
loss: 1.419257  [  256/  678]
loss: 1.638067  [  448/  678]
loss: 1.572470  [  640/  678]
Average Training Loss: 0.501241
Val Loss: 2.6617 | C-index: 0.7143

Epoch 12
-------------------------------
loss: 0.997034  [   64/  678]
loss: 1.032222  [  256/  678]
loss: 1.094311  [  448/  678]
loss: 1.131703  [  640/  678]
Average Training Loss: 0.386843
Val Loss: 2.6162 | C-index: 0.7398

Epoch 13
-------------------------------
loss: 1.245207  [   64/  678]
loss: 0.939311  [  256/  678]
loss: 1.502696  [  448/  678]
loss: 0.789952  [  640/  678]
Average Training Loss: 0.407015
Val Loss: 2.5656 | C-index: 0.7675

Epoch 14
-------------------------------
loss: 1.274553  [   64/  678]
loss: 0.728281  [  256/  678]
loss: 0.791241  [  448/  678]
loss: 0.666186  [  640/  678]
Average Training Loss: 0.314569
Val Loss: 2.7627 | C-index: 0.7413

Stopping early at Epoch 14 since no C-Index improvement after 5 epochs.
Done!
Best C-Index = 0.7674927113702624 at Epoch 9

=========================================
FOLD 5/5
=========================================

Epoch 1
-------------------------------
loss: 3.338705  [   64/  678]
loss: 2.556722  [  256/  678]
loss: 2.987086  [  448/  678]
loss: 2.875625  [  640/  678]
Average Training Loss: 1.068922
Val Loss: 3.1246 | C-index: 0.4353

Epoch 2
-------------------------------
loss: 3.309834  [   64/  678]
loss: 3.089477  [  256/  678]
loss: 2.342033  [  448/  678]
loss: 2.052676  [  640/  678]
Average Training Loss: 0.981275
Val Loss: 3.0698 | C-index: 0.5441

Epoch 3
-------------------------------
loss: 2.551545  [   64/  678]
loss: 2.612604  [  256/  678]
loss: 2.840434  [  448/  678]
loss: 2.771211  [  640/  678]
Average Training Loss: 0.979618
Val Loss: 2.9220 | C-index: 0.7052

Epoch 4
-------------------------------
loss: 2.647429  [   64/  678]
loss: 2.741428  [  256/  678]
loss: 2.381046  [  448/  678]
loss: 2.571375  [  640/  678]
Average Training Loss: 0.940116
Val Loss: 2.8974 | C-index: 0.6678

Epoch 5
-------------------------------
loss: 2.401520  [   64/  678]
loss: 2.241704  [  256/  678]
loss: 2.450103  [  448/  678]
loss: 2.365238  [  640/  678]
Average Training Loss: 0.859870
Val Loss: 2.9988 | C-index: 0.6127

Epoch 6
-------------------------------
loss: 1.689394  [   64/  678]
loss: 0.907574  [  256/  678]
loss: 1.637709  [  448/  678]
loss: 2.280673  [  640/  678]
Average Training Loss: 0.592305
Val Loss: 2.8623 | C-index: 0.7152

Epoch 7
-------------------------------
loss: 2.103965  [   64/  678]
loss: 1.348884  [  256/  678]
loss: 2.004908  [  448/  678]
loss: 1.357672  [  640/  678]
Average Training Loss: 0.619584
Val Loss: 2.7761 | C-index: 0.7325

Epoch 8
-------------------------------
loss: 1.421454  [   64/  678]
loss: 1.801183  [  256/  678]
loss: 1.657021  [  448/  678]
loss: 1.412439  [  640/  678]
Average Training Loss: 0.572009
Val Loss: 2.9892 | C-index: 0.6942

Epoch 9
-------------------------------
loss: 1.267262  [   64/  678]
loss: 0.892424  [  256/  678]
loss: 1.210045  [  448/  678]
loss: 0.803848  [  640/  678]
Average Training Loss: 0.379416
Val Loss: 2.9478 | C-index: 0.7095

Epoch 10
-------------------------------
loss: 1.358588  [   64/  678]
loss: 1.212921  [  256/  678]
loss: 1.512206  [  448/  678]
loss: 0.636397  [  640/  678]
Average Training Loss: 0.429101
Val Loss: 2.8877 | C-index: 0.7143

Epoch 11
-------------------------------
loss: 0.796301  [   64/  678]
loss: 1.266905  [  256/  678]
loss: 1.037015  [  448/  678]
loss: 0.817790  [  640/  678]
Average Training Loss: 0.356183
Val Loss: 2.9578 | C-index: 0.6836

Epoch 12
-------------------------------
loss: 1.103959  [   64/  678]
loss: 1.629803  [  256/  678]
loss: 1.897701  [  448/  678]
loss: 1.217700  [  640/  678]
Average Training Loss: 0.531742
Val Loss: 3.1528 | C-index: 0.6649

Stopping early at Epoch 12 since no C-Index improvement after 5 epochs.
Done!
Best C-Index = 0.7325023969319271 at Epoch 7

=========================================
CV training complete! Mean ± std C-index: 0.7384 ± 0.0290
Best epochs per fold: [5, 8, 8, 9, 7]

=========================================
Retraining model on full train+val for 7 epochs...
Epoch 1
-------------------------------
loss: 2.917883  [   64/  847]
loss: 2.597999  [  320/  847]
loss: 2.820215  [  576/  847]
loss: 3.187216  [  832/  847]
Average Training Loss: 0.823094
Val Loss: 2.8283 | C-index: 0.6527

Epoch 2
-------------------------------
loss: 2.415771  [   64/  847]
loss: 2.696736  [  320/  847]
loss: 3.092901  [  576/  847]
loss: 2.943209  [  832/  847]
Average Training Loss: 0.796330
Val Loss: 2.6350 | C-index: 0.7609

Epoch 3
-------------------------------
loss: 2.932463  [   64/  847]
loss: 2.500462  [  320/  847]
loss: 2.616529  [  576/  847]
loss: 2.623039  [  832/  847]
Average Training Loss: 0.762321
Val Loss: 2.3312 | C-index: 0.8824

Epoch 4
-------------------------------
loss: 2.528662  [   64/  847]
loss: 2.969231  [  320/  847]
loss: 1.713725  [  576/  847]
loss: 2.669976  [  832/  847]
Average Training Loss: 0.705828
Val Loss: 1.7492 | C-index: 0.9217

Epoch 5
-------------------------------
loss: 2.236784  [   64/  847]
loss: 1.836611  [  320/  847]
loss: 1.542588  [  576/  847]
loss: 1.383569  [  832/  847]
Average Training Loss: 0.499968
Val Loss: 1.5729 | C-index: 0.9464

Epoch 6
-------------------------------
loss: 1.197206  [   64/  847]
loss: 1.588315  [  320/  847]
loss: 1.346552  [  576/  847]
loss: 2.191439  [  832/  847]
Average Training Loss: 0.451679
Val Loss: 1.5837 | C-index: 0.9411

Epoch 7
-------------------------------
loss: 1.946671  [   64/  847]
loss: 1.210925  [  320/  847]
loss: 1.246402  [  576/  847]
loss: 1.816009  [  832/  847]
Average Training Loss: 0.444286
Val Loss: 1.4097 | C-index: 0.9439

Done!
Best C-Index = 0.9464340882625538 at Epoch 5
FINAL TEST Average Loss: 2.8607
FINAL TEST C-index: 0.6936
Bootstrap 95% CI: [0.5779, 0.7952]
Results saved to /Users/evan/Documents/GitHub/HyBINN/experiments/runs/gene_clinical/seed_8/results.json
