train_hybinn.py log started 2026-06-05 22:22:13.140612
=========================================
Model Active Branches: ['binn', 'gene', 'clinical']
=========================================

=========================================
FOLD 1/5
=========================================

Epoch 1
-------------------------------
loss: 3.106495  [   64/  677]
loss: 3.462520  [  256/  677]
loss: 2.503660  [  448/  677]
loss: 2.853009  [  640/  677]
Average Training Loss: 1.084153
Val Loss: 2.5602 | C-index: 0.5219

Epoch 2
-------------------------------
loss: 3.380481  [   64/  677]
loss: 2.842525  [  256/  677]
loss: 2.404881  [  448/  677]
loss: 3.384232  [  640/  677]
Average Training Loss: 1.092011
Val Loss: 2.5803 | C-index: 0.4965

Epoch 3
-------------------------------
loss: 2.724754  [   64/  677]
loss: 2.583984  [  256/  677]
loss: 3.291730  [  448/  677]
loss: 2.484324  [  640/  677]
Average Training Loss: 1.007708
Val Loss: 2.6313 | C-index: 0.4473

Epoch 4
-------------------------------
loss: 2.850650  [   64/  677]
loss: 2.671588  [  256/  677]
loss: 2.520759  [  448/  677]
loss: 2.493672  [  640/  677]
Average Training Loss: 0.957879
Val Loss: 2.6520 | C-index: 0.4604

Epoch 5
-------------------------------
loss: 1.920739  [   64/  677]
loss: 1.913197  [  256/  677]
loss: 1.867589  [  448/  677]
loss: 2.756636  [  640/  677]
Average Training Loss: 0.768924
Val Loss: 2.5963 | C-index: 0.5289

Epoch 6
-------------------------------
loss: 1.867662  [   64/  677]
loss: 2.264061  [  256/  677]
loss: 1.382797  [  448/  677]
loss: 1.973058  [  640/  677]
Average Training Loss: 0.680689
Val Loss: 3.0927 | C-index: 0.5089

Epoch 7
-------------------------------
loss: 1.717852  [   64/  677]
loss: 1.665259  [  256/  677]
loss: 1.762319  [  448/  677]
loss: 1.601068  [  640/  677]
Average Training Loss: 0.613318
Val Loss: 3.3171 | C-index: 0.4257

Epoch 8
-------------------------------
loss: 1.340138  [   64/  677]
loss: 1.152419  [  256/  677]
loss: 2.022998  [  448/  677]
loss: 1.758426  [  640/  677]
Average Training Loss: 0.570362
Val Loss: 3.6198 | C-index: 0.4450

Epoch 9
-------------------------------
loss: 1.354474  [   64/  677]
loss: 1.010185  [  256/  677]
loss: 1.318102  [  448/  677]
loss: 1.416938  [  640/  677]
Average Training Loss: 0.463609
Val Loss: 3.2477 | C-index: 0.5035

Epoch 10
-------------------------------
loss: 0.978448  [   64/  677]
loss: 1.336087  [  256/  677]
loss: 1.138997  [  448/  677]
loss: 0.820360  [  640/  677]
Average Training Loss: 0.388536
Val Loss: 3.2658 | C-index: 0.5019

Stopping early at Epoch 10 since no C-Index improvement after 5 epochs.
Done!
Best C-Index = 0.5288683602771362 at Epoch 5

=========================================
FOLD 2/5
=========================================

Epoch 1
-------------------------------
loss: 2.645993  [   64/  677]
loss: 3.063748  [  256/  677]
loss: 2.685359  [  448/  677]
loss: 2.848142  [  640/  677]
Average Training Loss: 1.022113
Val Loss: 2.8948 | C-index: 0.6008

Epoch 2
-------------------------------
loss: 3.007144  [   64/  677]
loss: 2.704992  [  256/  677]
loss: 3.252604  [  448/  677]
loss: 3.302215  [  640/  677]
Average Training Loss: 1.115178
Val Loss: 2.8758 | C-index: 0.5525

Epoch 3
-------------------------------
loss: 2.640284  [   64/  677]
loss: 2.679441  [  256/  677]
loss: 2.689429  [  448/  677]
loss: 2.527547  [  640/  677]
Average Training Loss: 0.957882
Val Loss: 2.8398 | C-index: 0.6867

Epoch 4
-------------------------------
loss: 2.410153  [   64/  677]
loss: 2.633273  [  256/  677]
loss: 2.044641  [  448/  677]
loss: 2.671038  [  640/  677]
Average Training Loss: 0.887191
Val Loss: 2.8311 | C-index: 0.6738

Epoch 5
-------------------------------
loss: 2.225986  [   64/  677]
loss: 1.886379  [  256/  677]
loss: 2.372608  [  448/  677]
loss: 2.006353  [  640/  677]
Average Training Loss: 0.771939
Val Loss: 2.8429 | C-index: 0.6053

Epoch 6
-------------------------------
loss: 2.159090  [   64/  677]
loss: 2.053023  [  256/  677]
loss: 1.728286  [  448/  677]
loss: 2.127985  [  640/  677]
Average Training Loss: 0.733489
Val Loss: 2.7618 | C-index: 0.6311

Epoch 7
-------------------------------
loss: 2.399777  [   64/  677]
loss: 0.895315  [  256/  677]
loss: 1.687299  [  448/  677]
loss: 1.711896  [  640/  677]
Average Training Loss: 0.608572
Val Loss: 2.7778 | C-index: 0.6777

Epoch 8
-------------------------------
loss: 2.196848  [   64/  677]
loss: 1.855777  [  256/  677]
loss: 1.570416  [  448/  677]
loss: 1.486293  [  640/  677]
Average Training Loss: 0.646303
Val Loss: 2.9873 | C-index: 0.6895

Epoch 9
-------------------------------
loss: 0.906631  [   64/  677]
loss: 1.486943  [  256/  677]
loss: 1.757173  [  448/  677]
loss: 0.883892  [  640/  677]
Average Training Loss: 0.457695
Val Loss: 2.9747 | C-index: 0.6356

Epoch 10
-------------------------------
loss: 0.729035  [   64/  677]
loss: 2.066750  [  256/  677]
loss: 1.755105  [  448/  677]
loss: 1.264747  [  640/  677]
Average Training Loss: 0.528694
Val Loss: 2.9142 | C-index: 0.7047

Epoch 11
-------------------------------
loss: 0.612464  [   64/  677]
loss: 1.429314  [  256/  677]
loss: 0.992098  [  448/  677]
loss: 1.856888  [  640/  677]
Average Training Loss: 0.444615
Val Loss: 3.1696 | C-index: 0.6766

Epoch 12
-------------------------------
loss: 1.121815  [   64/  677]
loss: 1.784982  [  256/  677]
loss: 1.451755  [  448/  677]
loss: 1.210795  [  640/  677]
Average Training Loss: 0.506304
Val Loss: 3.3520 | C-index: 0.5963

Epoch 13
-------------------------------
loss: 0.685050  [   64/  677]
loss: 1.158325  [  256/  677]
loss: 0.937033  [  448/  677]
loss: 1.910187  [  640/  677]
Average Training Loss: 0.426418
Val Loss: 3.2420 | C-index: 0.6850

Epoch 14
-------------------------------
loss: 0.977080  [   64/  677]
loss: 1.716755  [  256/  677]
loss: 1.205390  [  448/  677]
loss: 1.004227  [  640/  677]
Average Training Loss: 0.445768
Val Loss: 3.1247 | C-index: 0.6463

Epoch 15
-------------------------------
loss: 1.509204  [   64/  677]
loss: 0.778841  [  256/  677]
loss: 1.266757  [  448/  677]
loss: 1.621505  [  640/  677]
Average Training Loss: 0.470573
Val Loss: 3.2219 | C-index: 0.6771

Stopping early at Epoch 15 since no C-Index improvement after 5 epochs.
Done!
Best C-Index = 0.7046603032004491 at Epoch 10

=========================================
FOLD 3/5
=========================================

Epoch 1
-------------------------------
loss: 2.326345  [   64/  678]
loss: 3.073040  [  256/  678]
loss: 3.271935  [  448/  678]
loss: 2.809437  [  640/  678]
Average Training Loss: 1.043705
Val Loss: 2.8024 | C-index: 0.4701

Epoch 2
-------------------------------
loss: 2.856688  [   64/  678]
loss: 2.311661  [  256/  678]
loss: 2.064348  [  448/  678]
loss: 3.284647  [  640/  678]
Average Training Loss: 0.956122
Val Loss: 2.7751 | C-index: 0.5877

Epoch 3
-------------------------------
loss: 2.772498  [   64/  678]
loss: 3.069291  [  256/  678]
loss: 2.862710  [  448/  678]
loss: 2.156549  [  640/  678]
Average Training Loss: 0.987368
Val Loss: 2.7805 | C-index: 0.5451

Epoch 4
-------------------------------
loss: 2.367477  [   64/  678]
loss: 2.797386  [  256/  678]
loss: 2.656199  [  448/  678]
loss: 2.344210  [  640/  678]
Average Training Loss: 0.924116
Val Loss: 2.8035 | C-index: 0.6153

Epoch 5
-------------------------------
loss: 2.620194  [   64/  678]
loss: 2.303321  [  256/  678]
loss: 2.197372  [  448/  678]
loss: 2.237725  [  640/  678]
Average Training Loss: 0.850783
Val Loss: 3.0140 | C-index: 0.6552

Epoch 6
-------------------------------
loss: 1.608929  [   64/  678]
loss: 2.621764  [  256/  678]
loss: 1.686468  [  448/  678]
loss: 2.053912  [  640/  678]
Average Training Loss: 0.724643
Val Loss: 2.8087 | C-index: 0.6304

Epoch 7
-------------------------------
loss: 1.901545  [   64/  678]
loss: 1.503071  [  256/  678]
loss: 1.377856  [  448/  678]
loss: 2.145106  [  640/  678]
Average Training Loss: 0.629780
Val Loss: 3.4104 | C-index: 0.5361

Epoch 8
-------------------------------
loss: 1.331107  [   64/  678]
loss: 0.662161  [  256/  678]
loss: 1.599023  [  448/  678]
loss: 1.594491  [  640/  678]
Average Training Loss: 0.471526
Val Loss: 3.2363 | C-index: 0.6717

Epoch 9
-------------------------------
loss: 1.015868  [   64/  678]
loss: 1.014383  [  256/  678]
loss: 1.484982  [  448/  678]
loss: 1.503456  [  640/  678]
Average Training Loss: 0.456245
Val Loss: 2.9350 | C-index: 0.6435

Epoch 10
-------------------------------
loss: 1.019563  [   64/  678]
loss: 1.451378  [  256/  678]
loss: 1.701815  [  448/  678]
loss: 0.927863  [  640/  678]
Average Training Loss: 0.463693
Val Loss: 3.3105 | C-index: 0.6056

Epoch 11
-------------------------------
loss: 0.249622  [   64/  678]
loss: 1.124103  [  256/  678]
loss: 1.201476  [  448/  678]
loss: 1.211255  [  640/  678]
Average Training Loss: 0.344223
Val Loss: 3.4242 | C-index: 0.6683

Epoch 12
-------------------------------
loss: 0.773771  [   64/  678]
loss: 1.412005  [  256/  678]
loss: 0.935478  [  448/  678]
loss: 1.249357  [  640/  678]
Average Training Loss: 0.397328
Val Loss: 3.7206 | C-index: 0.5926

Epoch 13
-------------------------------
loss: 0.692029  [   64/  678]
loss: 1.924633  [  256/  678]
loss: 1.493031  [  448/  678]
loss: 0.898169  [  640/  678]
Average Training Loss: 0.455260
Val Loss: 3.2340 | C-index: 0.7137

Epoch 14
-------------------------------
loss: 1.389740  [   64/  678]
loss: 1.273947  [  256/  678]
loss: 1.348383  [  448/  678]
loss: 0.604116  [  640/  678]
Average Training Loss: 0.419653
Val Loss: 3.6924 | C-index: 0.5829

Epoch 15
-------------------------------
loss: 1.230855  [   64/  678]
loss: 1.410279  [  256/  678]
loss: 2.002692  [  448/  678]
loss: 0.925400  [  640/  678]
Average Training Loss: 0.506293
Val Loss: 3.2418 | C-index: 0.6765

Epoch 16
-------------------------------
loss: 0.905915  [   64/  678]
loss: 1.283331  [  256/  678]
loss: 1.192411  [  448/  678]
loss: 1.142200  [  640/  678]
Average Training Loss: 0.411260
Val Loss: 3.2955 | C-index: 0.6579

Epoch 17
-------------------------------
loss: 1.151218  [   64/  678]
loss: 1.350706  [  256/  678]
loss: 0.694898  [  448/  678]
loss: 0.600363  [  640/  678]
Average Training Loss: 0.345199
Val Loss: 3.5193 | C-index: 0.6228

Epoch 18
-------------------------------
loss: 0.931954  [   64/  678]
loss: 1.105321  [  256/  678]
loss: 0.955615  [  448/  678]
loss: 1.517569  [  640/  678]
Average Training Loss: 0.410042
Val Loss: 3.2762 | C-index: 0.6696

Stopping early at Epoch 18 since no C-Index improvement after 5 epochs.
Done!
Best C-Index = 0.7136958017894013 at Epoch 13

=========================================
FOLD 4/5
=========================================

Epoch 1
-------------------------------
loss: 2.316665  [   64/  678]
loss: 3.421269  [  256/  678]
loss: 2.922743  [  448/  678]
loss: 2.211947  [  640/  678]
Average Training Loss: 0.988420
Val Loss: 2.8921 | C-index: 0.4307

Epoch 2
-------------------------------
loss: 2.647882  [   64/  678]
loss: 2.989812  [  256/  678]
loss: 3.073706  [  448/  678]
loss: 3.095990  [  640/  678]
Average Training Loss: 1.073399
Val Loss: 2.8705 | C-index: 0.4516

Epoch 3
-------------------------------
loss: 3.041841  [   64/  678]
loss: 2.899432  [  256/  678]
loss: 2.536853  [  448/  678]
loss: 2.026573  [  640/  678]
Average Training Loss: 0.954973
Val Loss: 2.9091 | C-index: 0.4551

Epoch 4
-------------------------------
loss: 2.489804  [   64/  678]
loss: 2.372002  [  256/  678]
loss: 2.502291  [  448/  678]
loss: 2.481566  [  640/  678]
Average Training Loss: 0.895060
Val Loss: 2.8125 | C-index: 0.6186

Epoch 5
-------------------------------
loss: 2.461065  [   64/  678]
loss: 2.178813  [  256/  678]
loss: 2.042728  [  448/  678]
loss: 1.887283  [  640/  678]
Average Training Loss: 0.779081
Val Loss: 2.8978 | C-index: 0.5246

Epoch 6
-------------------------------
loss: 2.070676  [   64/  678]
loss: 1.691214  [  256/  678]
loss: 2.170196  [  448/  678]
loss: 1.789266  [  640/  678]
Average Training Loss: 0.701941
Val Loss: 2.8671 | C-index: 0.6162

Epoch 7
-------------------------------
loss: 1.633693  [   64/  678]
loss: 1.409532  [  256/  678]
loss: 1.186518  [  448/  678]
loss: 1.373868  [  640/  678]
Average Training Loss: 0.509419
Val Loss: 3.1705 | C-index: 0.5525

Epoch 8
-------------------------------
loss: 1.260981  [   64/  678]
loss: 1.530087  [  256/  678]
loss: 1.873500  [  448/  678]
loss: 1.362871  [  640/  678]
Average Training Loss: 0.547949
Val Loss: 3.6375 | C-index: 0.5014

Epoch 9
-------------------------------
loss: 1.600699  [   64/  678]
loss: 1.586490  [  256/  678]
loss: 1.968457  [  448/  678]
loss: 1.360516  [  640/  678]
Average Training Loss: 0.592378
Val Loss: 3.2635 | C-index: 0.5907

Stopping early at Epoch 9 since no C-Index improvement after 5 epochs.
Done!
Best C-Index = 0.6185507246376811 at Epoch 4

=========================================
FOLD 5/5
=========================================

Epoch 1
-------------------------------
loss: 3.186802  [   64/  678]
loss: 2.847556  [  256/  678]
loss: 2.668346  [  448/  678]
loss: 2.987547  [  640/  678]
Average Training Loss: 1.062750
Val Loss: 2.8115 | C-index: 0.5541

Epoch 2
-------------------------------
loss: 2.662811  [   64/  678]
loss: 3.141738  [  256/  678]
loss: 3.226423  [  448/  678]
loss: 2.595336  [  640/  678]
Average Training Loss: 1.056937
Val Loss: 2.8172 | C-index: 0.5889

Epoch 3
-------------------------------
loss: 2.719166  [   64/  678]
loss: 2.785277  [  256/  678]
loss: 2.852049  [  448/  678]
loss: 2.475298  [  640/  678]
Average Training Loss: 0.984708
Val Loss: 2.7327 | C-index: 0.6523

Epoch 4
-------------------------------
loss: 2.686032  [   64/  678]
loss: 2.560971  [  256/  678]
loss: 2.508653  [  448/  678]
loss: 2.689295  [  640/  678]
Average Training Loss: 0.949541
Val Loss: 2.6886 | C-index: 0.6057

Epoch 5
-------------------------------
loss: 2.096507  [   64/  678]
loss: 2.226410  [  256/  678]
loss: 2.213881  [  448/  678]
loss: 1.659414  [  640/  678]
Average Training Loss: 0.745110
Val Loss: 2.9196 | C-index: 0.6102

Epoch 6
-------------------------------
loss: 1.257339  [   64/  678]
loss: 1.668608  [  256/  678]
loss: 1.838359  [  448/  678]
loss: 1.832519  [  640/  678]
Average Training Loss: 0.599711
Val Loss: 3.3070 | C-index: 0.5160

Epoch 7
-------------------------------
loss: 1.884164  [   64/  678]
loss: 1.539944  [  256/  678]
loss: 1.734689  [  448/  678]
loss: 1.650458  [  640/  678]
Average Training Loss: 0.619023
Val Loss: 3.7315 | C-index: 0.6018

Epoch 8
-------------------------------
loss: 1.293305  [   64/  678]
loss: 1.397690  [  256/  678]
loss: 1.596737  [  448/  678]
loss: 1.892024  [  640/  678]
Average Training Loss: 0.561796
Val Loss: 3.4196 | C-index: 0.5990

Stopping early at Epoch 8 since no C-Index improvement after 5 epochs.
Done!
Best C-Index = 0.6522714526079642 at Epoch 3

=========================================
CV training complete! Mean ± std C-index: 0.6436 ± 0.0671
Best epochs per fold: [5, 10, 13, 4, 3]

=========================================
Retraining model on full train+val for 7 epochs...
Epoch 1
-------------------------------
loss: 2.767531  [   64/  847]
loss: 2.830192  [  320/  847]
loss: 2.782010  [  576/  847]
loss: 2.540038  [  832/  847]
Average Training Loss: 0.779984
Val Loss: 2.7659 | C-index: 0.6445

Epoch 2
-------------------------------
loss: 2.712355  [   64/  847]
loss: 2.987363  [  320/  847]
loss: 2.895303  [  576/  847]
loss: 2.893252  [  832/  847]
Average Training Loss: 0.820591
Val Loss: 2.7551 | C-index: 0.7610

Epoch 3
-------------------------------
loss: 2.847242  [   64/  847]
loss: 2.519801  [  320/  847]
loss: 2.946324  [  576/  847]
loss: 2.112031  [  832/  847]
Average Training Loss: 0.744671
Val Loss: 2.4977 | C-index: 0.8540

Epoch 4
-------------------------------
loss: 2.643642  [   64/  847]
loss: 2.882776  [  320/  847]
loss: 2.596876  [  576/  847]
loss: 2.569298  [  832/  847]
Average Training Loss: 0.763757
Val Loss: 2.0389 | C-index: 0.9169

Epoch 5
-------------------------------
loss: 2.016882  [   64/  847]
loss: 2.137866  [  320/  847]
loss: 1.983440  [  576/  847]
loss: 2.511106  [  832/  847]
Average Training Loss: 0.617807
Val Loss: 1.6859 | C-index: 0.9251

Epoch 6
-------------------------------
loss: 1.799474  [   64/  847]
loss: 1.489884  [  320/  847]
loss: 2.206551  [  576/  847]
loss: 1.762304  [  832/  847]
Average Training Loss: 0.518444
Val Loss: 1.5545 | C-index: 0.9362

Epoch 7
-------------------------------
loss: 1.942172  [   64/  847]
loss: 1.365075  [  320/  847]
loss: 2.059786  [  576/  847]
loss: 1.796541  [  832/  847]
Average Training Loss: 0.511684
Val Loss: 1.3454 | C-index: 0.9566

Done!
Best C-Index = 0.9566304640957121 at Epoch 7
FINAL TEST Average Loss: 2.5769
FINAL TEST C-index: 0.6819
Bootstrap 95% CI: [0.5641, 0.7849]
Top 10 activated pathways:
{'R-HSA-76066': 0.04134061187505722, 'R-HSA-9670439': 0.040445201098918915, 'R-HSA-76071': 0.03800735995173454, 'R-HSA-9864848': 0.03713269159197807, 'R-HSA-9823730': 0.03449948877096176, 'R-HSA-1482801': 0.03415423631668091, 'R-HSA-6804114': 0.03341684117913246, 'R-HSA-68616': 0.031787749379873276, 'R-HSA-180024': 0.031181370839476585, 'R-HSA-5656169': 0.030395593494176865}
Results saved to /Users/evan/Documents/GitHub/HyBINN/experiments/runs/full_hybinn/seed_4/results.json
