train_hybinn.py log started 2026-06-17 01:05:34.845163
=========================================
Model Active Branches: ['gene']
=========================================

=========================================
FOLD 1/5
=========================================

Epoch 1
-------------------------------
loss: 2.756284  [   64/  677]
loss: 2.939024  [  256/  677]
loss: 3.279614  [  448/  677]
loss: 3.559271  [  640/  677]
Average Training Loss: 1.139472
Val Loss: 2.7283 | C-index: 0.5827

Epoch 2
-------------------------------
loss: 3.195520  [   64/  677]
loss: 3.084320  [  256/  677]
loss: 3.131446  [  448/  677]
loss: 2.622665  [  640/  677]
Average Training Loss: 1.093996
Val Loss: 2.6399 | C-index: 0.6613

Epoch 3
-------------------------------
loss: 2.839282  [   64/  677]
loss: 3.228937  [  256/  677]
loss: 2.333280  [  448/  677]
loss: 3.234303  [  640/  677]
Average Training Loss: 1.057800
Val Loss: 2.5615 | C-index: 0.6405

Epoch 4
-------------------------------
loss: 2.461776  [   64/  677]
loss: 2.353240  [  256/  677]
loss: 2.363471  [  448/  677]
loss: 2.111238  [  640/  677]
Average Training Loss: 0.844520
Val Loss: 2.5518 | C-index: 0.7301

Epoch 5
-------------------------------
loss: 2.034357  [   64/  677]
loss: 2.053474  [  256/  677]
loss: 2.718458  [  448/  677]
loss: 2.067332  [  640/  677]
Average Training Loss: 0.806693
Val Loss: 2.6728 | C-index: 0.6659

Epoch 6
-------------------------------
loss: 2.013529  [   64/  677]
loss: 2.216652  [  256/  677]
loss: 0.890935  [  448/  677]
loss: 1.545152  [  640/  677]
Average Training Loss: 0.606024
Val Loss: 2.6073 | C-index: 0.6457

Epoch 7
-------------------------------
loss: 1.208659  [   64/  677]
loss: 0.990249  [  256/  677]
loss: 1.927607  [  448/  677]
loss: 1.422075  [  640/  677]
Average Training Loss: 0.504417
Val Loss: 2.8758 | C-index: 0.6110

Epoch 8
-------------------------------
loss: 1.648047  [   64/  677]
loss: 0.859484  [  256/  677]
loss: 0.838724  [  448/  677]
loss: 2.295150  [  640/  677]
Average Training Loss: 0.512855
Val Loss: 2.7081 | C-index: 0.6607

Epoch 9
-------------------------------
loss: 1.487089  [   64/  677]
loss: 1.395835  [  256/  677]
loss: 0.883616  [  448/  677]
loss: 1.825073  [  640/  677]
Average Training Loss: 0.508328
Val Loss: 2.7156 | C-index: 0.6410

Stopping early at Epoch 9 since no C-Index improvement after 5 epochs.
Done!
Best C-Index = 0.7300578034682081 at Epoch 4

=========================================
FOLD 2/5
=========================================

Epoch 1
-------------------------------
loss: 3.130550  [   64/  677]
loss: 3.373767  [  256/  677]
loss: 3.011475  [  448/  677]
loss: 3.345815  [  640/  677]
Average Training Loss: 1.169237
Val Loss: 2.4353 | C-index: 0.5771

Epoch 2
-------------------------------
loss: 2.630029  [   64/  677]
loss: 3.685717  [  256/  677]
loss: 2.989460  [  448/  677]
loss: 3.006270  [  640/  677]
Average Training Loss: 1.119225
Val Loss: 2.4390 | C-index: 0.5812

Epoch 3
-------------------------------
loss: 2.986019  [   64/  677]
loss: 2.709807  [  256/  677]
loss: 3.022423  [  448/  677]
loss: 3.139217  [  640/  677]
Average Training Loss: 1.077951
Val Loss: 2.4283 | C-index: 0.6496

Epoch 4
-------------------------------
loss: 2.703588  [   64/  677]
loss: 2.333990  [  256/  677]
loss: 2.102180  [  448/  677]
loss: 2.304068  [  640/  677]
Average Training Loss: 0.858530
Val Loss: 2.4498 | C-index: 0.5957

Epoch 5
-------------------------------
loss: 1.850154  [   64/  677]
loss: 1.553308  [  256/  677]
loss: 1.375671  [  448/  677]
loss: 1.996627  [  640/  677]
Average Training Loss: 0.615978
Val Loss: 2.5803 | C-index: 0.6220

Epoch 6
-------------------------------
loss: 1.289949  [   64/  677]
loss: 1.679618  [  256/  677]
loss: 1.973616  [  448/  677]
loss: 1.581579  [  640/  677]
Average Training Loss: 0.593160
Val Loss: 2.7671 | C-index: 0.7097

Epoch 7
-------------------------------
loss: 1.492398  [   64/  677]
loss: 1.337047  [  256/  677]
loss: 1.422107  [  448/  677]
loss: 1.771634  [  640/  677]
Average Training Loss: 0.547562
Val Loss: 3.0177 | C-index: 0.6095

Epoch 8
-------------------------------
loss: 1.151249  [   64/  677]
loss: 1.111530  [  256/  677]
loss: 1.804169  [  448/  677]
loss: 1.634611  [  640/  677]
Average Training Loss: 0.518324
Val Loss: 2.6536 | C-index: 0.6151

Epoch 9
-------------------------------
loss: 2.097591  [   64/  677]
loss: 1.171813  [  256/  677]
loss: 0.840688  [  448/  677]
loss: 1.436329  [  640/  677]
Average Training Loss: 0.504220
Val Loss: 2.9256 | C-index: 0.6558

Epoch 10
-------------------------------
loss: 1.121892  [   64/  677]
loss: 1.288818  [  256/  677]
loss: 1.170303  [  448/  677]
loss: 1.477288  [  640/  677]
Average Training Loss: 0.459845
Val Loss: 2.7448 | C-index: 0.5923

Epoch 11
-------------------------------
loss: 0.814567  [   64/  677]
loss: 0.617483  [  256/  677]
loss: 2.107910  [  448/  677]
loss: 1.282830  [  640/  677]
Average Training Loss: 0.438435
Val Loss: 2.9407 | C-index: 0.6310

Stopping early at Epoch 11 since no C-Index improvement after 5 epochs.
Done!
Best C-Index = 0.7097442985487215 at Epoch 6

=========================================
FOLD 3/5
=========================================

Epoch 1
-------------------------------
loss: 2.903716  [   64/  678]
loss: 2.888205  [  256/  678]
loss: 2.709468  [  448/  678]
loss: 3.031278  [  640/  678]
Average Training Loss: 1.048424
Val Loss: 2.7931 | C-index: 0.6340

Epoch 2
-------------------------------
loss: 2.913126  [   64/  678]
loss: 2.378458  [  256/  678]
loss: 2.674536  [  448/  678]
loss: 3.151524  [  640/  678]
Average Training Loss: 1.010695
Val Loss: 2.7594 | C-index: 0.6987

Epoch 3
-------------------------------
loss: 2.393719  [   64/  678]
loss: 2.120210  [  256/  678]
loss: 2.873202  [  448/  678]
loss: 2.590768  [  640/  678]
Average Training Loss: 0.907082
Val Loss: 2.8290 | C-index: 0.6579

Epoch 4
-------------------------------
loss: 2.102948  [   64/  678]
loss: 2.229187  [  256/  678]
loss: 3.076825  [  448/  678]
loss: 1.734503  [  640/  678]
Average Training Loss: 0.831224
Val Loss: 2.8168 | C-index: 0.6830

Epoch 5
-------------------------------
loss: 2.232888  [   64/  678]
loss: 2.126431  [  256/  678]
loss: 1.690446  [  448/  678]
loss: 1.953672  [  640/  678]
Average Training Loss: 0.727585
Val Loss: 2.8184 | C-index: 0.7203

Epoch 6
-------------------------------
loss: 2.052595  [   64/  678]
loss: 1.288033  [  256/  678]
loss: 2.161753  [  448/  678]
loss: 1.520019  [  640/  678]
Average Training Loss: 0.638400
Val Loss: 2.9174 | C-index: 0.7115

Epoch 7
-------------------------------
loss: 1.346004  [   64/  678]
loss: 1.500919  [  256/  678]
loss: 1.547042  [  448/  678]
loss: 1.912947  [  640/  678]
Average Training Loss: 0.573356
Val Loss: 2.7943 | C-index: 0.7238

Epoch 8
-------------------------------
loss: 1.348648  [   64/  678]
loss: 1.422240  [  256/  678]
loss: 1.609851  [  448/  678]
loss: 2.447830  [  640/  678]
Average Training Loss: 0.620779
Val Loss: 2.8658 | C-index: 0.6865

Epoch 9
-------------------------------
loss: 1.860731  [   64/  678]
loss: 0.717891  [  256/  678]
loss: 1.726418  [  448/  678]
loss: 1.813053  [  640/  678]
Average Training Loss: 0.556190
Val Loss: 3.7467 | C-index: 0.6667

Epoch 10
-------------------------------
loss: 1.899277  [   64/  678]
loss: 1.708275  [  256/  678]
loss: 0.863857  [  448/  678]
loss: 1.388329  [  640/  678]
Average Training Loss: 0.532703
Val Loss: 3.1163 | C-index: 0.6882

Epoch 11
-------------------------------
loss: 1.231248  [   64/  678]
loss: 0.876976  [  256/  678]
loss: 2.061116  [  448/  678]
loss: 1.688054  [  640/  678]
Average Training Loss: 0.532490
Val Loss: 3.2512 | C-index: 0.6987

Epoch 12
-------------------------------
loss: 1.719388  [   64/  678]
loss: 0.633764  [  256/  678]
loss: 1.591858  [  448/  678]
loss: 1.488401  [  640/  678]
Average Training Loss: 0.493946
Val Loss: 3.0660 | C-index: 0.7308

Epoch 13
-------------------------------
loss: 1.314689  [   64/  678]
loss: 1.719020  [  256/  678]
loss: 1.504920  [  448/  678]
loss: 0.753312  [  640/  678]
Average Training Loss: 0.481086
Val Loss: 3.6997 | C-index: 0.6917

Epoch 14
-------------------------------
loss: 0.830461  [   64/  678]
loss: 0.917944  [  256/  678]
loss: 0.723915  [  448/  678]
loss: 1.381800  [  640/  678]
Average Training Loss: 0.350375
Val Loss: 3.1159 | C-index: 0.7459

Epoch 15
-------------------------------
loss: 0.894626  [   64/  678]
loss: 1.259102  [  256/  678]
loss: 0.964143  [  448/  678]
loss: 1.327005  [  640/  678]
Average Training Loss: 0.404080
Val Loss: 3.4247 | C-index: 0.7092

Epoch 16
-------------------------------
loss: 0.932068  [   64/  678]
loss: 0.709732  [  256/  678]
loss: 1.861508  [  448/  678]
loss: 1.153226  [  640/  678]
Average Training Loss: 0.423321
Val Loss: 3.2402 | C-index: 0.7372

Epoch 17
-------------------------------
loss: 0.398432  [   64/  678]
loss: 1.688924  [  256/  678]
loss: 1.205588  [  448/  678]
loss: 1.171981  [  640/  678]
Average Training Loss: 0.405902
Val Loss: 3.4473 | C-index: 0.7104

Epoch 18
-------------------------------
loss: 0.804146  [   64/  678]
loss: 1.253023  [  256/  678]
loss: 1.255712  [  448/  678]
loss: 1.248822  [  640/  678]
Average Training Loss: 0.414700
Val Loss: 3.0376 | C-index: 0.7214

Epoch 19
-------------------------------
loss: 1.162342  [   64/  678]
loss: 0.944162  [  256/  678]
loss: 1.105824  [  448/  678]
loss: 0.931091  [  640/  678]
Average Training Loss: 0.376674
Val Loss: 3.0633 | C-index: 0.7232

Stopping early at Epoch 19 since no C-Index improvement after 5 epochs.
Done!
Best C-Index = 0.745920745920746 at Epoch 14

=========================================
FOLD 4/5
=========================================

Epoch 1
-------------------------------
loss: 3.104967  [   64/  678]
loss: 3.057745  [  256/  678]
loss: 2.584005  [  448/  678]
loss: 3.100179  [  640/  678]
Average Training Loss: 1.076991
Val Loss: 2.6221 | C-index: 0.5955

Epoch 2
-------------------------------
loss: 2.496998  [   64/  678]
loss: 2.603165  [  256/  678]
loss: 3.337886  [  448/  678]
loss: 3.248973  [  640/  678]
Average Training Loss: 1.062456
Val Loss: 2.5944 | C-index: 0.6399

Epoch 3
-------------------------------
loss: 2.938913  [   64/  678]
loss: 2.510128  [  256/  678]
loss: 2.470202  [  448/  678]
loss: 2.527184  [  640/  678]
Average Training Loss: 0.949675
Val Loss: 2.6187 | C-index: 0.6465

Epoch 4
-------------------------------
loss: 1.732272  [   64/  678]
loss: 2.456670  [  256/  678]
loss: 2.496449  [  448/  678]
loss: 2.629763  [  640/  678]
Average Training Loss: 0.846832
Val Loss: 2.7049 | C-index: 0.6137

Epoch 5
-------------------------------
loss: 1.636409  [   64/  678]
loss: 1.704166  [  256/  678]
loss: 2.337166  [  448/  678]
loss: 2.153839  [  640/  678]
Average Training Loss: 0.711962
Val Loss: 2.6322 | C-index: 0.6582

Epoch 6
-------------------------------
loss: 1.356825  [   64/  678]
loss: 1.456793  [  256/  678]
loss: 1.828161  [  448/  678]
loss: 1.955657  [  640/  678]
Average Training Loss: 0.599767
Val Loss: 2.7308 | C-index: 0.7303

Epoch 7
-------------------------------
loss: 1.655708  [   64/  678]
loss: 2.076835  [  256/  678]
loss: 1.559501  [  448/  678]
loss: 1.760863  [  640/  678]
Average Training Loss: 0.641173
Val Loss: 3.0938 | C-index: 0.6895

Epoch 8
-------------------------------
loss: 1.805964  [   64/  678]
loss: 2.017677  [  256/  678]
loss: 1.063991  [  448/  678]
loss: 1.180739  [  640/  678]
Average Training Loss: 0.551670
Val Loss: 3.2430 | C-index: 0.7077

Epoch 9
-------------------------------
loss: 2.106748  [   64/  678]
loss: 1.741273  [  256/  678]
loss: 0.824885  [  448/  678]
loss: 1.368726  [  640/  678]
Average Training Loss: 0.549239
Val Loss: 3.0319 | C-index: 0.7019

Epoch 10
-------------------------------
loss: 1.680836  [   64/  678]
loss: 1.222319  [  256/  678]
loss: 0.856799  [  448/  678]
loss: 1.408437  [  640/  678]
Average Training Loss: 0.469854
Val Loss: 2.7108 | C-index: 0.7325

Epoch 11
-------------------------------
loss: 0.903861  [   64/  678]
loss: 1.125690  [  256/  678]
loss: 1.747791  [  448/  678]
loss: 1.384247  [  640/  678]
Average Training Loss: 0.469235
Val Loss: 3.4013 | C-index: 0.6254

Epoch 12
-------------------------------
loss: 0.571196  [   64/  678]
loss: 1.517004  [  256/  678]
loss: 1.478697  [  448/  678]
loss: 1.670576  [  640/  678]
Average Training Loss: 0.476134
Val Loss: 3.2009 | C-index: 0.6633

Epoch 13
-------------------------------
loss: 1.602094  [   64/  678]
loss: 1.700910  [  256/  678]
loss: 1.413929  [  448/  678]
loss: 1.190372  [  640/  678]
Average Training Loss: 0.537028
Val Loss: 2.8032 | C-index: 0.7004

Epoch 14
-------------------------------
loss: 1.460380  [   64/  678]
loss: 0.966654  [  256/  678]
loss: 0.737346  [  448/  678]
loss: 1.259886  [  640/  678]
Average Training Loss: 0.402206
Val Loss: 3.0114 | C-index: 0.7362

Epoch 15
-------------------------------
loss: 1.128411  [   64/  678]
loss: 0.770106  [  256/  678]
loss: 2.020517  [  448/  678]
loss: 1.371712  [  640/  678]
Average Training Loss: 0.480977
Val Loss: 3.2516 | C-index: 0.7281

Epoch 16
-------------------------------
loss: 0.869868  [   64/  678]
loss: 1.448920  [  256/  678]
loss: 1.332851  [  448/  678]
loss: 1.036164  [  640/  678]
Average Training Loss: 0.426164
Val Loss: 2.7114 | C-index: 0.7741

Epoch 17
-------------------------------
loss: 1.299204  [   64/  678]
loss: 1.737537  [  256/  678]
loss: 1.090390  [  448/  678]
loss: 1.059774  [  640/  678]
Average Training Loss: 0.471537
Val Loss: 3.3290 | C-index: 0.7296

Epoch 18
-------------------------------
loss: 1.292318  [   64/  678]
loss: 1.104907  [  256/  678]
loss: 0.731991  [  448/  678]
loss: 1.069203  [  640/  678]
Average Training Loss: 0.381674
Val Loss: 3.2999 | C-index: 0.7026

Epoch 19
-------------------------------
loss: 0.767366  [   64/  678]
loss: 1.383415  [  256/  678]
loss: 0.787892  [  448/  678]
loss: 0.632565  [  640/  678]
Average Training Loss: 0.324658
Val Loss: 2.7168 | C-index: 0.7500

Epoch 20
-------------------------------
loss: 1.249191  [   64/  678]
loss: 1.415478  [  256/  678]
loss: 1.347551  [  448/  678]
loss: 1.359974  [  640/  678]
Average Training Loss: 0.488381
Val Loss: 2.9619 | C-index: 0.7405

Epoch 21
-------------------------------
loss: 0.904343  [   64/  678]
loss: 0.869323  [  256/  678]
loss: 0.463555  [  448/  678]
loss: 0.977436  [  640/  678]
Average Training Loss: 0.292242
Val Loss: 3.1930 | C-index: 0.7296

Stopping early at Epoch 21 since no C-Index improvement after 5 epochs.
Done!
Best C-Index = 0.7740524781341108 at Epoch 16

=========================================
FOLD 5/5
=========================================

Epoch 1
-------------------------------
loss: 2.695843  [   64/  678]
loss: 3.035154  [  256/  678]
loss: 2.929245  [  448/  678]
loss: 2.934444  [  640/  678]
Average Training Loss: 1.054062
Val Loss: 3.1329 | C-index: 0.4525

Epoch 2
-------------------------------
loss: 2.980397  [   64/  678]
loss: 2.648330  [  256/  678]
loss: 2.738988  [  448/  678]
loss: 2.872097  [  640/  678]
Average Training Loss: 1.021801
Val Loss: 3.0649 | C-index: 0.5216

Epoch 3
-------------------------------
loss: 2.370889  [   64/  678]
loss: 2.225847  [  256/  678]
loss: 2.886250  [  448/  678]
loss: 2.291177  [  640/  678]
Average Training Loss: 0.888560
Val Loss: 2.8849 | C-index: 0.6687

Epoch 4
-------------------------------
loss: 2.004518  [   64/  678]
loss: 2.461935  [  256/  678]
loss: 2.203003  [  448/  678]
loss: 1.877506  [  640/  678]
Average Training Loss: 0.776997
Val Loss: 2.8011 | C-index: 0.7229

Epoch 5
-------------------------------
loss: 1.739102  [   64/  678]
loss: 1.892124  [  256/  678]
loss: 0.902438  [  448/  678]
loss: 1.670533  [  640/  678]
Average Training Loss: 0.564018
Val Loss: 2.8015 | C-index: 0.7152

Epoch 6
-------------------------------
loss: 1.736029  [   64/  678]
loss: 1.458749  [  256/  678]
loss: 1.090014  [  448/  678]
loss: 2.046120  [  640/  678]
Average Training Loss: 0.575538
Val Loss: 2.6200 | C-index: 0.7646

Epoch 7
-------------------------------
loss: 1.178511  [   64/  678]
loss: 1.405749  [  256/  678]
loss: 1.935909  [  448/  678]
loss: 1.529570  [  640/  678]
Average Training Loss: 0.549976
Val Loss: 3.4909 | C-index: 0.5829

Epoch 8
-------------------------------
loss: 1.396804  [   64/  678]
loss: 1.922486  [  256/  678]
loss: 2.043930  [  448/  678]
loss: 1.672353  [  640/  678]
Average Training Loss: 0.639597
Val Loss: 3.1004 | C-index: 0.6616

Epoch 9
-------------------------------
loss: 1.201651  [   64/  678]
loss: 1.650357  [  256/  678]
loss: 1.092391  [  448/  678]
loss: 1.489326  [  640/  678]
Average Training Loss: 0.493975
Val Loss: 3.1994 | C-index: 0.6496

Epoch 10
-------------------------------
loss: 1.323411  [   64/  678]
loss: 1.283678  [  256/  678]
loss: 0.786975  [  448/  678]
loss: 0.901101  [  640/  678]
Average Training Loss: 0.390470
Val Loss: 3.1137 | C-index: 0.6721

Epoch 11
-------------------------------
loss: 1.131209  [   64/  678]
loss: 1.438835  [  256/  678]
loss: 1.611726  [  448/  678]
loss: 0.992157  [  640/  678]
Average Training Loss: 0.470357
Val Loss: 2.9716 | C-index: 0.6855

Stopping early at Epoch 11 since no C-Index improvement after 5 epochs.
Done!
Best C-Index = 0.7646212847555129 at Epoch 6

=========================================
CV training complete! Mean ± std C-index: 0.7449 ± 0.0232
Best epochs per fold: [4, 6, 14, 16, 6]

=========================================
Retraining model on full train+val for 9 epochs...
Epoch 1
-------------------------------
loss: 2.809454  [   64/  847]
loss: 2.887032  [  320/  847]
loss: 2.899632  [  576/  847]
loss: 2.612887  [  832/  847]
Average Training Loss: 0.800643
Val Loss: 2.8259 | C-index: 0.6188

Epoch 2
-------------------------------
loss: 3.012896  [   64/  847]
loss: 3.040633  [  320/  847]
loss: 2.957051  [  576/  847]
loss: 2.917357  [  832/  847]
Average Training Loss: 0.851995
Val Loss: 2.5599 | C-index: 0.7733

Epoch 3
-------------------------------
loss: 2.774653  [   64/  847]
loss: 3.050542  [  320/  847]
loss: 1.925346  [  576/  847]
loss: 2.848465  [  832/  847]
Average Training Loss: 0.757072
Val Loss: 2.3406 | C-index: 0.8617

Epoch 4
-------------------------------
loss: 2.190475  [   64/  847]
loss: 2.122607  [  320/  847]
loss: 1.620507  [  576/  847]
loss: 2.579553  [  832/  847]
Average Training Loss: 0.608082
Val Loss: 1.8219 | C-index: 0.9072

Epoch 5
-------------------------------
loss: 1.775339  [   64/  847]
loss: 2.373138  [  320/  847]
loss: 1.611528  [  576/  847]
loss: 1.568747  [  832/  847]
Average Training Loss: 0.523482
Val Loss: 1.3855 | C-index: 0.9481

Epoch 6
-------------------------------
loss: 1.612185  [   64/  847]
loss: 2.367231  [  320/  847]
loss: 2.111055  [  576/  847]
loss: 1.923061  [  832/  847]
Average Training Loss: 0.572395
Val Loss: 1.4142 | C-index: 0.9411

Epoch 7
-------------------------------
loss: 2.806726  [   64/  847]
loss: 1.613804  [  320/  847]
loss: 1.304129  [  576/  847]
loss: 2.177468  [  832/  847]
Average Training Loss: 0.564438
Val Loss: 1.4586 | C-index: 0.9536

Epoch 8
-------------------------------
loss: 1.745861  [   64/  847]
loss: 1.663797  [  320/  847]
loss: 1.502878  [  576/  847]
loss: 1.408036  [  832/  847]
Average Training Loss: 0.451469
Val Loss: 1.2206 | C-index: 0.9515

Epoch 9
-------------------------------
loss: 0.978735  [   64/  847]
loss: 0.617052  [  320/  847]
loss: 1.665700  [  576/  847]
loss: 1.399873  [  832/  847]
Average Training Loss: 0.332954
Val Loss: 1.0816 | C-index: 0.9679

Done!
Best C-Index = 0.9679412533567813 at Epoch 9
FINAL TEST Average Loss: 2.8512
FINAL TEST C-index: 0.6598
Bootstrap 95% CI: [0.5243, 0.7823]
Results saved to /Users/evan/Documents/GitHub/HyBINN/experiments/runs/gene/seed_8/results.json
