train_hybinn.py log started 2026-06-17 01:14:10.558762
=========================================
Model Active Branches: ['binn', 'gene']
=========================================

=========================================
FOLD 1/5
=========================================

Epoch 1
-------------------------------
loss: 3.024258  [   64/  677]
loss: 3.044143  [  256/  677]
loss: 2.954069  [  448/  677]
loss: 2.346176  [  640/  677]
Average Training Loss: 1.033513
Val Loss: 2.7220 | C-index: 0.6046

Epoch 2
-------------------------------
loss: 3.328498  [   64/  677]
loss: 2.966496  [  256/  677]
loss: 2.843622  [  448/  677]
loss: 2.872002  [  640/  677]
Average Training Loss: 1.091874
Val Loss: 2.6822 | C-index: 0.6520

Epoch 3
-------------------------------
loss: 2.674625  [   64/  677]
loss: 3.091201  [  256/  677]
loss: 2.517549  [  448/  677]
loss: 2.510733  [  640/  677]
Average Training Loss: 0.981283
Val Loss: 2.6135 | C-index: 0.6815

Epoch 4
-------------------------------
loss: 2.224831  [   64/  677]
loss: 2.325744  [  256/  677]
loss: 2.233446  [  448/  677]
loss: 2.626565  [  640/  677]
Average Training Loss: 0.855508
Val Loss: 2.5491 | C-index: 0.7439

Epoch 5
-------------------------------
loss: 2.402092  [   64/  677]
loss: 2.075413  [  256/  677]
loss: 1.528755  [  448/  677]
loss: 2.595789  [  640/  677]
Average Training Loss: 0.782005
Val Loss: 2.6349 | C-index: 0.6104

Epoch 6
-------------------------------
loss: 2.128683  [   64/  677]
loss: 2.088613  [  256/  677]
loss: 1.505576  [  448/  677]
loss: 1.182885  [  640/  677]
Average Training Loss: 0.627796
Val Loss: 2.6145 | C-index: 0.6572

Epoch 7
-------------------------------
loss: 1.579662  [   64/  677]
loss: 1.831359  [  256/  677]
loss: 0.723603  [  448/  677]
loss: 1.105991  [  640/  677]
Average Training Loss: 0.476420
Val Loss: 2.6933 | C-index: 0.6809

Epoch 8
-------------------------------
loss: 0.857159  [   64/  677]
loss: 1.436464  [  256/  677]
loss: 1.644491  [  448/  677]
loss: 1.437101  [  640/  677]
Average Training Loss: 0.488656
Val Loss: 2.7165 | C-index: 0.6462

Epoch 9
-------------------------------
loss: 1.326299  [   64/  677]
loss: 1.042011  [  256/  677]
loss: 1.987318  [  448/  677]
loss: 1.682541  [  640/  677]
Average Training Loss: 0.548924
Val Loss: 2.8402 | C-index: 0.6474

Stopping early at Epoch 9 since no C-Index improvement after 5 epochs.
Done!
Best C-Index = 0.7439306358381503 at Epoch 4

=========================================
FOLD 2/5
=========================================

Epoch 1
-------------------------------
loss: 3.409146  [   64/  677]
loss: 2.770171  [  256/  677]
loss: 3.232932  [  448/  677]
loss: 2.723607  [  640/  677]
Average Training Loss: 1.103260
Val Loss: 2.4370 | C-index: 0.5701

Epoch 2
-------------------------------
loss: 2.944907  [   64/  677]
loss: 2.973309  [  256/  677]
loss: 2.736649  [  448/  677]
loss: 3.084615  [  640/  677]
Average Training Loss: 1.067225
Val Loss: 2.4123 | C-index: 0.6088

Epoch 3
-------------------------------
loss: 2.630712  [   64/  677]
loss: 2.657230  [  256/  677]
loss: 2.971429  [  448/  677]
loss: 2.913655  [  640/  677]
Average Training Loss: 1.015730
Val Loss: 2.3764 | C-index: 0.6545

Epoch 4
-------------------------------
loss: 2.619136  [   64/  677]
loss: 2.332434  [  256/  677]
loss: 2.202730  [  448/  677]
loss: 2.163189  [  640/  677]
Average Training Loss: 0.847044
Val Loss: 2.5536 | C-index: 0.5308

Epoch 5
-------------------------------
loss: 2.099848  [   64/  677]
loss: 2.340878  [  256/  677]
loss: 1.835213  [  448/  677]
loss: 1.834579  [  640/  677]
Average Training Loss: 0.737320
Val Loss: 2.6605 | C-index: 0.6434

Epoch 6
-------------------------------
loss: 2.110914  [   64/  677]
loss: 1.414969  [  256/  677]
loss: 1.217881  [  448/  677]
loss: 1.507957  [  640/  677]
Average Training Loss: 0.568338
Val Loss: 2.5430 | C-index: 0.6469

Epoch 7
-------------------------------
loss: 1.881934  [   64/  677]
loss: 1.453712  [  256/  677]
loss: 1.324333  [  448/  677]
loss: 1.648354  [  640/  677]
Average Training Loss: 0.573485
Val Loss: 3.1302 | C-index: 0.5743

Epoch 8
-------------------------------
loss: 1.765709  [   64/  677]
loss: 1.321788  [  256/  677]
loss: 1.582020  [  448/  677]
loss: 1.761951  [  640/  677]
Average Training Loss: 0.584679
Val Loss: 2.8971 | C-index: 0.5985

Stopping early at Epoch 8 since no C-Index improvement after 5 epochs.
Done!
Best C-Index = 0.6544574982722875 at Epoch 3

=========================================
FOLD 3/5
=========================================

Epoch 1
-------------------------------
loss: 2.403287  [   64/  678]
loss: 2.905758  [  256/  678]
loss: 2.326712  [  448/  678]
loss: 2.811799  [  640/  678]
Average Training Loss: 0.949778
Val Loss: 2.8268 | C-index: 0.6241

Epoch 2
-------------------------------
loss: 2.669687  [   64/  678]
loss: 2.345217  [  256/  678]
loss: 3.273574  [  448/  678]
loss: 2.892114  [  640/  678]
Average Training Loss: 1.016417
Val Loss: 2.8236 | C-index: 0.6043

Epoch 3
-------------------------------
loss: 2.741587  [   64/  678]
loss: 2.646724  [  256/  678]
loss: 2.908266  [  448/  678]
loss: 2.739553  [  640/  678]
Average Training Loss: 1.003285
Val Loss: 2.7571 | C-index: 0.6976

Epoch 4
-------------------------------
loss: 2.619188  [   64/  678]
loss: 2.243228  [  256/  678]
loss: 2.376661  [  448/  678]
loss: 2.106355  [  640/  678]
Average Training Loss: 0.849585
Val Loss: 2.8620 | C-index: 0.6923

Epoch 5
-------------------------------
loss: 1.810497  [   64/  678]
loss: 1.987800  [  256/  678]
loss: 2.206436  [  448/  678]
loss: 1.632198  [  640/  678]
Average Training Loss: 0.694266
Val Loss: 2.9309 | C-index: 0.6894

Epoch 6
-------------------------------
loss: 2.121641  [   64/  678]
loss: 1.775028  [  256/  678]
loss: 2.128551  [  448/  678]
loss: 1.419756  [  640/  678]
Average Training Loss: 0.676816
Val Loss: 3.1577 | C-index: 0.6836

Epoch 7
-------------------------------
loss: 1.311874  [   64/  678]
loss: 2.137002  [  256/  678]
loss: 1.211443  [  448/  678]
loss: 1.455239  [  640/  678]
Average Training Loss: 0.555960
Val Loss: 2.7188 | C-index: 0.7133

Epoch 8
-------------------------------
loss: 1.715634  [   64/  678]
loss: 2.108970  [  256/  678]
loss: 1.202572  [  448/  678]
loss: 1.490790  [  640/  678]
Average Training Loss: 0.592542
Val Loss: 3.6401 | C-index: 0.6364

Epoch 9
-------------------------------
loss: 1.772391  [   64/  678]
loss: 1.437823  [  256/  678]
loss: 2.092881  [  448/  678]
loss: 1.192859  [  640/  678]
Average Training Loss: 0.590541
Val Loss: 3.6153 | C-index: 0.6783

Epoch 10
-------------------------------
loss: 1.471119  [   64/  678]
loss: 1.256702  [  256/  678]
loss: 1.687670  [  448/  678]
loss: 1.142156  [  640/  678]
Average Training Loss: 0.505241
Val Loss: 3.2011 | C-index: 0.7191

Epoch 11
-------------------------------
loss: 2.482591  [   64/  678]
loss: 1.567399  [  256/  678]
loss: 1.350032  [  448/  678]
loss: 0.970325  [  640/  678]
Average Training Loss: 0.579122
Val Loss: 3.2833 | C-index: 0.6976

Epoch 12
-------------------------------
loss: 1.271545  [   64/  678]
loss: 1.221493  [  256/  678]
loss: 1.295511  [  448/  678]
loss: 1.346957  [  640/  678]
Average Training Loss: 0.466864
Val Loss: 3.2259 | C-index: 0.6976

Epoch 13
-------------------------------
loss: 1.106740  [   64/  678]
loss: 1.118539  [  256/  678]
loss: 1.786169  [  448/  678]
loss: 1.347269  [  640/  678]
Average Training Loss: 0.487156
Val Loss: 3.1300 | C-index: 0.7092

Epoch 14
-------------------------------
loss: 1.245572  [   64/  678]
loss: 0.991874  [  256/  678]
loss: 0.853617  [  448/  678]
loss: 0.890995  [  640/  678]
Average Training Loss: 0.362005
Val Loss: 3.4333 | C-index: 0.6777

Epoch 15
-------------------------------
loss: 0.836821  [   64/  678]
loss: 2.010846  [  256/  678]
loss: 0.813099  [  448/  678]
loss: 0.691508  [  640/  678]
Average Training Loss: 0.395661
Val Loss: 3.0895 | C-index: 0.7407

Epoch 16
-------------------------------
loss: 0.829006  [   64/  678]
loss: 0.840611  [  256/  678]
loss: 1.238961  [  448/  678]
loss: 0.682262  [  640/  678]
Average Training Loss: 0.326440
Val Loss: 3.3192 | C-index: 0.7162

Epoch 17
-------------------------------
loss: 1.563068  [   64/  678]
loss: 0.857739  [  256/  678]
loss: 1.936980  [  448/  678]
loss: 1.080610  [  640/  678]
Average Training Loss: 0.494400
Val Loss: 2.8861 | C-index: 0.7156

Epoch 18
-------------------------------
loss: 0.977464  [   64/  678]
loss: 0.425354  [  256/  678]
loss: 0.701786  [  448/  678]
loss: 0.997071  [  640/  678]
Average Training Loss: 0.281970
Val Loss: 3.2527 | C-index: 0.7092

Epoch 19
-------------------------------
loss: 1.324338  [   64/  678]
loss: 0.846345  [  256/  678]
loss: 0.506101  [  448/  678]
loss: 0.759672  [  640/  678]
Average Training Loss: 0.312405
Val Loss: 3.5352 | C-index: 0.6841

Epoch 20
-------------------------------
loss: 0.933145  [   64/  678]
loss: 1.277443  [  256/  678]
loss: 1.236021  [  448/  678]
loss: 0.967019  [  640/  678]
Average Training Loss: 0.401239
Val Loss: 3.5794 | C-index: 0.6917

Stopping early at Epoch 20 since no C-Index improvement after 5 epochs.
Done!
Best C-Index = 0.7406759906759907 at Epoch 15

=========================================
FOLD 4/5
=========================================

Epoch 1
-------------------------------
loss: 2.628222  [   64/  678]
loss: 2.586512  [  256/  678]
loss: 2.792507  [  448/  678]
loss: 2.868726  [  640/  678]
Average Training Loss: 0.988724
Val Loss: 2.6329 | C-index: 0.5612

Epoch 2
-------------------------------
loss: 3.303576  [   64/  678]
loss: 2.615877  [  256/  678]
loss: 3.178401  [  448/  678]
loss: 2.856789  [  640/  678]
Average Training Loss: 1.086786
Val Loss: 2.6074 | C-index: 0.6137

Epoch 3
-------------------------------
loss: 2.830440  [   64/  678]
loss: 3.223871  [  256/  678]
loss: 2.396893  [  448/  678]
loss: 3.005992  [  640/  678]
Average Training Loss: 1.041563
Val Loss: 2.5858 | C-index: 0.6611

Epoch 4
-------------------------------
loss: 2.197331  [   64/  678]
loss: 2.791626  [  256/  678]
loss: 3.127563  [  448/  678]
loss: 2.714439  [  640/  678]
Average Training Loss: 0.984633
Val Loss: 2.5396 | C-index: 0.6910

Epoch 5
-------------------------------
loss: 2.111712  [   64/  678]
loss: 2.130188  [  256/  678]
loss: 2.220665  [  448/  678]
loss: 2.368895  [  640/  678]
Average Training Loss: 0.802860
Val Loss: 2.6343 | C-index: 0.6829

Epoch 6
-------------------------------
loss: 1.966621  [   64/  678]
loss: 1.518587  [  256/  678]
loss: 1.896528  [  448/  678]
loss: 1.278702  [  640/  678]
Average Training Loss: 0.605494
Val Loss: 2.6362 | C-index: 0.6793

Epoch 7
-------------------------------
loss: 1.603275  [   64/  678]
loss: 1.788098  [  256/  678]
loss: 2.412605  [  448/  678]
loss: 1.559521  [  640/  678]
Average Training Loss: 0.669409
Val Loss: 3.1676 | C-index: 0.6173

Epoch 8
-------------------------------
loss: 1.494764  [   64/  678]
loss: 1.388187  [  256/  678]
loss: 2.469868  [  448/  678]
loss: 1.888771  [  640/  678]
Average Training Loss: 0.658326
Val Loss: 2.8658 | C-index: 0.7310

Epoch 9
-------------------------------
loss: 1.376974  [   64/  678]
loss: 3.048963  [  256/  678]
loss: 1.089444  [  448/  678]
loss: 1.254162  [  640/  678]
Average Training Loss: 0.615413
Val Loss: 2.5600 | C-index: 0.7150

Epoch 10
-------------------------------
loss: 1.012772  [   64/  678]
loss: 1.330742  [  256/  678]
loss: 1.739855  [  448/  678]
loss: 1.810582  [  640/  678]
Average Training Loss: 0.535814
Val Loss: 2.6415 | C-index: 0.7259

Epoch 11
-------------------------------
loss: 0.826448  [   64/  678]
loss: 1.025548  [  256/  678]
loss: 1.367103  [  448/  678]
loss: 1.573507  [  640/  678]
Average Training Loss: 0.435691
Val Loss: 2.9074 | C-index: 0.7092

Epoch 12
-------------------------------
loss: 1.348837  [   64/  678]
loss: 1.650256  [  256/  678]
loss: 1.272565  [  448/  678]
loss: 0.826945  [  640/  678]
Average Training Loss: 0.463509
Val Loss: 2.8481 | C-index: 0.7026

Epoch 13
-------------------------------
loss: 1.127755  [   64/  678]
loss: 0.926821  [  256/  678]
loss: 0.815455  [  448/  678]
loss: 1.140375  [  640/  678]
Average Training Loss: 0.364582
Val Loss: 3.1645 | C-index: 0.7471

Epoch 14
-------------------------------
loss: 1.448755  [   64/  678]
loss: 1.123928  [  256/  678]
loss: 1.284419  [  448/  678]
loss: 1.529838  [  640/  678]
Average Training Loss: 0.489722
Val Loss: 2.8454 | C-index: 0.7485

Epoch 15
-------------------------------
loss: 1.177416  [   64/  678]
loss: 1.216567  [  256/  678]
loss: 0.492242  [  448/  678]
loss: 0.722745  [  640/  678]
Average Training Loss: 0.328088
Val Loss: 3.0412 | C-index: 0.7318

Epoch 16
-------------------------------
loss: 1.004658  [   64/  678]
loss: 1.433656  [  256/  678]
loss: 1.095134  [  448/  678]
loss: 1.061253  [  640/  678]
Average Training Loss: 0.417700
Val Loss: 2.8669 | C-index: 0.7434

Epoch 17
-------------------------------
loss: 0.610734  [   64/  678]
loss: 1.201408  [  256/  678]
loss: 1.175222  [  448/  678]
loss: 0.367805  [  640/  678]
Average Training Loss: 0.305015
Val Loss: 2.3930 | C-index: 0.7930

Epoch 18
-------------------------------
loss: 1.452872  [   64/  678]
loss: 0.900369  [  256/  678]
loss: 1.231679  [  448/  678]
loss: 1.073009  [  640/  678]
Average Training Loss: 0.423448
Val Loss: 2.8069 | C-index: 0.7274

Epoch 19
-------------------------------
loss: 1.463527  [   64/  678]
loss: 0.699466  [  256/  678]
loss: 0.845293  [  448/  678]
loss: 1.151996  [  640/  678]
Average Training Loss: 0.378207
Val Loss: 3.1725 | C-index: 0.7354

Epoch 20
-------------------------------
loss: 0.637645  [   64/  678]
loss: 1.033658  [  256/  678]
loss: 1.125369  [  448/  678]
loss: 1.103068  [  640/  678]
Average Training Loss: 0.354522
Val Loss: 3.2770 | C-index: 0.7354

Epoch 21
-------------------------------
loss: 0.954381  [   64/  678]
loss: 1.311429  [  256/  678]
loss: 0.582236  [  448/  678]
loss: 1.291175  [  640/  678]
Average Training Loss: 0.376293
Val Loss: 2.7769 | C-index: 0.7631

Epoch 22
-------------------------------
loss: 1.071183  [   64/  678]
loss: 0.834092  [  256/  678]
loss: 0.954760  [  448/  678]
loss: 1.130485  [  640/  678]
Average Training Loss: 0.362775
Val Loss: 3.1014 | C-index: 0.6946

Stopping early at Epoch 22 since no C-Index improvement after 5 epochs.
Done!
Best C-Index = 0.793002915451895 at Epoch 17

=========================================
FOLD 5/5
=========================================

Epoch 1
-------------------------------
loss: 3.126022  [   64/  678]
loss: 2.567443  [  256/  678]
loss: 2.904244  [  448/  678]
loss: 2.180494  [  640/  678]
Average Training Loss: 0.979837
Val Loss: 3.1109 | C-index: 0.4914

Epoch 2
-------------------------------
loss: 2.690441  [   64/  678]
loss: 3.408777  [  256/  678]
loss: 2.472459  [  448/  678]
loss: 3.324015  [  640/  678]
Average Training Loss: 1.081426
Val Loss: 3.0836 | C-index: 0.5115

Epoch 3
-------------------------------
loss: 2.404099  [   64/  678]
loss: 3.100406  [  256/  678]
loss: 2.929915  [  448/  678]
loss: 2.439924  [  640/  678]
Average Training Loss: 0.988577
Val Loss: 2.9501 | C-index: 0.6735

Epoch 4
-------------------------------
loss: 2.390103  [   64/  678]
loss: 2.266960  [  256/  678]
loss: 1.958591  [  448/  678]
loss: 2.112493  [  640/  678]
Average Training Loss: 0.793468
Val Loss: 2.8550 | C-index: 0.7435

Epoch 5
-------------------------------
loss: 1.596069  [   64/  678]
loss: 2.326792  [  256/  678]
loss: 1.650637  [  448/  678]
loss: 2.239726  [  640/  678]
Average Training Loss: 0.710293
Val Loss: 3.0358 | C-index: 0.6496

Epoch 6
-------------------------------
loss: 1.094947  [   64/  678]
loss: 1.575451  [  256/  678]
loss: 1.136942  [  448/  678]
loss: 1.746568  [  640/  678]
Average Training Loss: 0.504901
Val Loss: 2.9861 | C-index: 0.7090

Epoch 7
-------------------------------
loss: 1.776812  [   64/  678]
loss: 1.068590  [  256/  678]
loss: 1.602855  [  448/  678]
loss: 1.498262  [  640/  678]
Average Training Loss: 0.540593
Val Loss: 3.1655 | C-index: 0.6558

Epoch 8
-------------------------------
loss: 1.282757  [   64/  678]
loss: 1.703546  [  256/  678]
loss: 1.091929  [  448/  678]
loss: 1.202241  [  640/  678]
Average Training Loss: 0.480043
Val Loss: 3.2241 | C-index: 0.6462

Epoch 9
-------------------------------
loss: 1.007298  [   64/  678]
loss: 1.337902  [  256/  678]
loss: 1.029787  [  448/  678]
loss: 1.307093  [  640/  678]
Average Training Loss: 0.425644
Val Loss: 3.2925 | C-index: 0.5599

Stopping early at Epoch 9 since no C-Index improvement after 5 epochs.
Done!
Best C-Index = 0.7435282837967402 at Epoch 4

=========================================
CV training complete! Mean ± std C-index: 0.7351 ± 0.0448
Best epochs per fold: [4, 3, 15, 17, 4]

=========================================
Retraining model on full train+val for 9 epochs...
Epoch 1
-------------------------------
loss: 3.168130  [   64/  847]
loss: 3.165071  [  320/  847]
loss: 3.046418  [  576/  847]
loss: 2.961898  [  832/  847]
Average Training Loss: 0.881537
Val Loss: 2.9283 | C-index: 0.6547

Epoch 2
-------------------------------
loss: 2.765910  [   64/  847]
loss: 2.569613  [  320/  847]
loss: 2.961734  [  576/  847]
loss: 2.987966  [  832/  847]
Average Training Loss: 0.806087
Val Loss: 2.6278 | C-index: 0.7985

Epoch 3
-------------------------------
loss: 2.570791  [   64/  847]
loss: 2.546454  [  320/  847]
loss: 2.685735  [  576/  847]
loss: 3.107479  [  832/  847]
Average Training Loss: 0.779319
Val Loss: 2.3722 | C-index: 0.8447

Epoch 4
-------------------------------
loss: 2.564403  [   64/  847]
loss: 2.157081  [  320/  847]
loss: 2.738665  [  576/  847]
loss: 2.054554  [  832/  847]
Average Training Loss: 0.679622
Val Loss: 1.8060 | C-index: 0.9295

Epoch 5
-------------------------------
loss: 2.443411  [   64/  847]
loss: 1.594722  [  320/  847]
loss: 1.628590  [  576/  847]
loss: 2.037509  [  832/  847]
Average Training Loss: 0.550302
Val Loss: 1.4647 | C-index: 0.9493

Epoch 6
-------------------------------
loss: 1.507184  [   64/  847]
loss: 1.867361  [  320/  847]
loss: 2.407135  [  576/  847]
loss: 2.173585  [  832/  847]
Average Training Loss: 0.568233
Val Loss: 1.4625 | C-index: 0.9358

Epoch 7
-------------------------------
loss: 2.038331  [   64/  847]
loss: 1.415020  [  320/  847]
loss: 1.922110  [  576/  847]
loss: 1.087327  [  832/  847]
Average Training Loss: 0.461628
Val Loss: 1.4686 | C-index: 0.9265

Epoch 8
-------------------------------
loss: 1.581252  [   64/  847]
loss: 1.993432  [  320/  847]
loss: 1.502425  [  576/  847]
loss: 1.608229  [  832/  847]
Average Training Loss: 0.477524
Val Loss: 1.3359 | C-index: 0.9533

Epoch 9
-------------------------------
loss: 1.687504  [   64/  847]
loss: 1.469795  [  320/  847]
loss: 1.217752  [  576/  847]
loss: 1.408150  [  832/  847]
Average Training Loss: 0.413086
Val Loss: 1.1085 | C-index: 0.9645

Done!
Best C-Index = 0.9645428836236603 at Epoch 9
FINAL TEST Average Loss: 3.0521
FINAL TEST C-index: 0.6470
Bootstrap 95% CI: [0.5262, 0.7645]
Top 10 activated pathways:
{'R-HSA-9735869': 0.07380352169275284, 'R-HSA-5223345': 0.04616627097129822, 'R-HSA-179409': 0.04233277216553688, 'R-HSA-6783783': 0.03948161005973816, 'R-HSA-5693568': 0.03859608247876167, 'R-HSA-3928664': 0.03742152824997902, 'R-HSA-9638630': 0.03700096160173416, 'R-HSA-9013508': 0.035457246005535126, 'R-HSA-187687': 0.034787386655807495, 'R-HSA-9820841': 0.034298427402973175}
Results saved to /Users/evan/Documents/GitHub/HyBINN/experiments/runs/binn_gene/seed_8/results.json
