train_hybinn.py log started 2026-06-05 22:29:20.513438
=========================================
Model Active Branches: ['binn', 'gene', 'clinical']
=========================================

=========================================
FOLD 1/5
=========================================

Epoch 1
-------------------------------
loss: 3.245203  [   64/  677]
loss: 2.683430  [  256/  677]
loss: 3.186339  [  448/  677]
loss: 2.951199  [  640/  677]
Average Training Loss: 1.096925
Val Loss: 2.7328 | C-index: 0.4871

Epoch 2
-------------------------------
loss: 3.108818  [   64/  677]
loss: 3.212622  [  256/  677]
loss: 2.730441  [  448/  677]
loss: 2.548946  [  640/  677]
Average Training Loss: 1.054621
Val Loss: 2.7061 | C-index: 0.5510

Epoch 3
-------------------------------
loss: 3.201694  [   64/  677]
loss: 2.754793  [  256/  677]
loss: 2.490297  [  448/  677]
loss: 3.035835  [  640/  677]
Average Training Loss: 1.043874
Val Loss: 2.6664 | C-index: 0.5788

Epoch 4
-------------------------------
loss: 1.987855  [   64/  677]
loss: 2.770738  [  256/  677]
loss: 3.202936  [  448/  677]
loss: 2.252299  [  640/  677]
Average Training Loss: 0.928530
Val Loss: 2.6797 | C-index: 0.5931

Epoch 5
-------------------------------
loss: 2.298138  [   64/  677]
loss: 2.028053  [  256/  677]
loss: 2.619001  [  448/  677]
loss: 2.689396  [  640/  677]
Average Training Loss: 0.875872
Val Loss: 2.7093 | C-index: 0.5951

Epoch 6
-------------------------------
loss: 1.782037  [   64/  677]
loss: 1.850037  [  256/  677]
loss: 1.949250  [  448/  677]
loss: 2.048563  [  640/  677]
Average Training Loss: 0.693626
Val Loss: 2.5783 | C-index: 0.6760

Epoch 7
-------------------------------
loss: 2.176723  [   64/  677]
loss: 1.677683  [  256/  677]
loss: 1.761001  [  448/  677]
loss: 1.407729  [  640/  677]
Average Training Loss: 0.638467
Val Loss: 2.6596 | C-index: 0.6399

Epoch 8
-------------------------------
loss: 1.203430  [   64/  677]
loss: 1.368029  [  256/  677]
loss: 1.686010  [  448/  677]
loss: 1.657697  [  640/  677]
Average Training Loss: 0.537742
Val Loss: 2.6757 | C-index: 0.6929

Epoch 9
-------------------------------
loss: 1.396409  [   64/  677]
loss: 1.177994  [  256/  677]
loss: 1.292070  [  448/  677]
loss: 1.713349  [  640/  677]
Average Training Loss: 0.507257
Val Loss: 2.7216 | C-index: 0.5788

Epoch 10
-------------------------------
loss: 1.373373  [   64/  677]
loss: 1.463448  [  256/  677]
loss: 1.031868  [  448/  677]
loss: 1.418888  [  640/  677]
Average Training Loss: 0.480689
Val Loss: 2.5306 | C-index: 0.6569

Epoch 11
-------------------------------
loss: 1.134382  [   64/  677]
loss: 1.650549  [  256/  677]
loss: 1.406428  [  448/  677]
loss: 1.921019  [  640/  677]
Average Training Loss: 0.555671
Val Loss: 2.7679 | C-index: 0.6692

Epoch 12
-------------------------------
loss: 1.064359  [   64/  677]
loss: 1.629886  [  256/  677]
loss: 1.106593  [  448/  677]
loss: 1.178631  [  640/  677]
Average Training Loss: 0.452679
Val Loss: 2.7522 | C-index: 0.6440

Epoch 13
-------------------------------
loss: 1.211535  [   64/  677]
loss: 1.071128  [  256/  677]
loss: 1.135635  [  448/  677]
loss: 1.016479  [  640/  677]
Average Training Loss: 0.403162
Val Loss: 2.7067 | C-index: 0.6440

Stopping early at Epoch 13 since no C-Index improvement after 5 epochs.
Done!
Best C-Index = 0.6929347826086957 at Epoch 8

=========================================
FOLD 2/5
=========================================

Epoch 1
-------------------------------
loss: 3.329967  [   64/  677]
loss: 2.653534  [  256/  677]
loss: 2.665092  [  448/  677]
loss: 2.847801  [  640/  677]
Average Training Loss: 1.045127
Val Loss: 2.7594 | C-index: 0.6130

Epoch 2
-------------------------------
loss: 3.271769  [   64/  677]
loss: 2.966624  [  256/  677]
loss: 2.401169  [  448/  677]
loss: 2.421710  [  640/  677]
Average Training Loss: 1.005570
Val Loss: 2.7618 | C-index: 0.6049

Epoch 3
-------------------------------
loss: 2.665124  [   64/  677]
loss: 3.072276  [  256/  677]
loss: 3.012433  [  448/  677]
loss: 2.621143  [  640/  677]
Average Training Loss: 1.033725
Val Loss: 2.7574 | C-index: 0.6368

Epoch 4
-------------------------------
loss: 2.889734  [   64/  677]
loss: 2.610654  [  256/  677]
loss: 2.519326  [  448/  677]
loss: 2.763256  [  640/  677]
Average Training Loss: 0.980270
Val Loss: 2.6990 | C-index: 0.6531

Epoch 5
-------------------------------
loss: 2.312479  [   64/  677]
loss: 2.307798  [  256/  677]
loss: 2.402736  [  448/  677]
loss: 1.457094  [  640/  677]
Average Training Loss: 0.770919
Val Loss: 2.9110 | C-index: 0.6069

Epoch 6
-------------------------------
loss: 2.064302  [   64/  677]
loss: 1.702870  [  256/  677]
loss: 1.756011  [  448/  677]
loss: 1.556314  [  640/  677]
Average Training Loss: 0.643591
Val Loss: 2.8897 | C-index: 0.6158

Epoch 7
-------------------------------
loss: 1.540439  [   64/  677]
loss: 1.468889  [  256/  677]
loss: 1.622590  [  448/  677]
loss: 1.001641  [  640/  677]
Average Training Loss: 0.512142
Val Loss: 3.1647 | C-index: 0.6029

Epoch 8
-------------------------------
loss: 1.566370  [   64/  677]
loss: 0.750176  [  256/  677]
loss: 1.246326  [  448/  677]
loss: 1.501835  [  640/  677]
Average Training Loss: 0.460428
Val Loss: 3.1325 | C-index: 0.5967

Epoch 9
-------------------------------
loss: 1.003587  [   64/  677]
loss: 1.236804  [  256/  677]
loss: 1.491152  [  448/  677]
loss: 0.638293  [  640/  677]
Average Training Loss: 0.397258
Val Loss: 3.2502 | C-index: 0.5900

Stopping early at Epoch 9 since no C-Index improvement after 5 epochs.
Done!
Best C-Index = 0.6530889341479973 at Epoch 4

=========================================
FOLD 3/5
=========================================

Epoch 1
-------------------------------
loss: 3.275125  [   64/  678]
loss: 2.920080  [  256/  678]
loss: 3.257563  [  448/  678]
loss: 2.949275  [  640/  678]
Average Training Loss: 1.127458
Val Loss: 2.4842 | C-index: 0.6388

Epoch 2
-------------------------------
loss: 3.112878  [   64/  678]
loss: 2.986341  [  256/  678]
loss: 3.176815  [  448/  678]
loss: 3.034531  [  640/  678]
Average Training Loss: 1.119142
Val Loss: 2.4659 | C-index: 0.6442

Epoch 3
-------------------------------
loss: 2.911563  [   64/  678]
loss: 2.819762  [  256/  678]
loss: 2.531245  [  448/  678]
loss: 2.731970  [  640/  678]
Average Training Loss: 0.999504
Val Loss: 2.4156 | C-index: 0.6358

Epoch 4
-------------------------------
loss: 2.481431  [   64/  678]
loss: 2.605040  [  256/  678]
loss: 2.415758  [  448/  678]
loss: 2.173992  [  640/  678]
Average Training Loss: 0.879656
Val Loss: 2.3283 | C-index: 0.6571

Epoch 5
-------------------------------
loss: 2.310456  [   64/  678]
loss: 2.584960  [  256/  678]
loss: 1.570347  [  448/  678]
loss: 2.492790  [  640/  678]
Average Training Loss: 0.814414
Val Loss: 2.2472 | C-index: 0.7056

Epoch 6
-------------------------------
loss: 1.845172  [   64/  678]
loss: 1.923225  [  256/  678]
loss: 2.186760  [  448/  678]
loss: 2.208341  [  640/  678]
Average Training Loss: 0.742136
Val Loss: 2.2400 | C-index: 0.7041

Epoch 7
-------------------------------
loss: 1.980335  [   64/  678]
loss: 1.549298  [  256/  678]
loss: 1.995045  [  448/  678]
loss: 2.194485  [  640/  678]
Average Training Loss: 0.701742
Val Loss: 2.4205 | C-index: 0.7314

Epoch 8
-------------------------------
loss: 1.522580  [   64/  678]
loss: 1.570660  [  256/  678]
loss: 1.344511  [  448/  678]
loss: 1.067045  [  640/  678]
Average Training Loss: 0.500436
Val Loss: 2.6189 | C-index: 0.6548

Epoch 9
-------------------------------
loss: 0.495771  [   64/  678]
loss: 1.153268  [  256/  678]
loss: 1.564516  [  448/  678]
loss: 1.966346  [  640/  678]
Average Training Loss: 0.470900
Val Loss: 2.5804 | C-index: 0.6836

Epoch 10
-------------------------------
loss: 1.072607  [   64/  678]
loss: 1.414037  [  256/  678]
loss: 1.467396  [  448/  678]
loss: 1.376487  [  640/  678]
Average Training Loss: 0.484593
Val Loss: 2.4916 | C-index: 0.6017

Epoch 11
-------------------------------
loss: 1.549705  [   64/  678]
loss: 1.722530  [  256/  678]
loss: 1.692822  [  448/  678]
loss: 1.993663  [  640/  678]
Average Training Loss: 0.632611
Val Loss: 2.5656 | C-index: 0.7109

Epoch 12
-------------------------------
loss: 1.400812  [   64/  678]
loss: 0.682035  [  256/  678]
loss: 1.067964  [  448/  678]
loss: 1.162890  [  640/  678]
Average Training Loss: 0.392155
Val Loss: 2.4562 | C-index: 0.6199

Stopping early at Epoch 12 since no C-Index improvement after 5 epochs.
Done!
Best C-Index = 0.7314112291350531 at Epoch 7

=========================================
FOLD 4/5
=========================================

Epoch 1
-------------------------------
loss: 2.651751  [   64/  678]
loss: 2.876570  [  256/  678]
loss: 2.758620  [  448/  678]
loss: 2.767619  [  640/  678]
Average Training Loss: 1.004960
Val Loss: 3.0176 | C-index: 0.4372

Epoch 2
-------------------------------
loss: 2.646851  [   64/  678]
loss: 2.245194  [  256/  678]
loss: 3.262766  [  448/  678]
loss: 2.930850  [  640/  678]
Average Training Loss: 1.007787
Val Loss: 3.0310 | C-index: 0.4652

Epoch 3
-------------------------------
loss: 2.943037  [   64/  678]
loss: 2.461694  [  256/  678]
loss: 2.780619  [  448/  678]
loss: 2.731046  [  640/  678]
Average Training Loss: 0.992400
Val Loss: 2.9809 | C-index: 0.5616

Epoch 4
-------------------------------
loss: 2.697909  [   64/  678]
loss: 2.674647  [  256/  678]
loss: 2.424936  [  448/  678]
loss: 2.984421  [  640/  678]
Average Training Loss: 0.980174
Val Loss: 3.0162 | C-index: 0.6004

Epoch 5
-------------------------------
loss: 2.117019  [   64/  678]
loss: 1.819420  [  256/  678]
loss: 1.900968  [  448/  678]
loss: 2.648104  [  640/  678]
Average Training Loss: 0.771410
Val Loss: 2.7766 | C-index: 0.6891

Epoch 6
-------------------------------
loss: 1.522568  [   64/  678]
loss: 1.547400  [  256/  678]
loss: 1.709409  [  448/  678]
loss: 2.271051  [  640/  678]
Average Training Loss: 0.640948
Val Loss: 3.0483 | C-index: 0.6528

Epoch 7
-------------------------------
loss: 1.746227  [   64/  678]
loss: 1.381614  [  256/  678]
loss: 1.742329  [  448/  678]
loss: 1.675274  [  640/  678]
Average Training Loss: 0.595040
Val Loss: 2.9751 | C-index: 0.5837

Epoch 8
-------------------------------
loss: 1.180300  [   64/  678]
loss: 1.586150  [  256/  678]
loss: 1.990368  [  448/  678]
loss: 1.799495  [  640/  678]
Average Training Loss: 0.596028
Val Loss: 3.6625 | C-index: 0.5628

Epoch 9
-------------------------------
loss: 1.241106  [   64/  678]
loss: 1.668053  [  256/  678]
loss: 0.670592  [  448/  678]
loss: 1.364131  [  640/  678]
Average Training Loss: 0.449444
Val Loss: 3.0934 | C-index: 0.5884

Epoch 10
-------------------------------
loss: 1.268375  [   64/  678]
loss: 1.103103  [  256/  678]
loss: 1.058938  [  448/  678]
loss: 0.809868  [  640/  678]
Average Training Loss: 0.385480
Val Loss: 2.8352 | C-index: 0.6456

Stopping early at Epoch 10 since no C-Index improvement after 5 epochs.
Done!
Best C-Index = 0.6891006551518761 at Epoch 5

=========================================
FOLD 5/5
=========================================

Epoch 1
-------------------------------
loss: 3.296396  [   64/  678]
loss: 2.470258  [  256/  678]
loss: 2.829992  [  448/  678]
loss: 2.985158  [  640/  678]
Average Training Loss: 1.052891
Val Loss: 3.0172 | C-index: 0.5558

Epoch 2
-------------------------------
loss: 2.438531  [   64/  678]
loss: 3.136922  [  256/  678]
loss: 2.927229  [  448/  678]
loss: 2.644997  [  640/  678]
Average Training Loss: 1.013425
Val Loss: 2.9839 | C-index: 0.5335

Epoch 3
-------------------------------
loss: 2.858247  [   64/  678]
loss: 2.752573  [  256/  678]
loss: 2.068315  [  448/  678]
loss: 2.232797  [  640/  678]
Average Training Loss: 0.901085
Val Loss: 3.0278 | C-index: 0.5359

Epoch 4
-------------------------------
loss: 2.823106  [   64/  678]
loss: 2.031589  [  256/  678]
loss: 2.413470  [  448/  678]
loss: 2.159739  [  640/  678]
Average Training Loss: 0.857082
Val Loss: 2.9712 | C-index: 0.5678

Epoch 5
-------------------------------
loss: 1.906209  [   64/  678]
loss: 1.921812  [  256/  678]
loss: 1.770868  [  448/  678]
loss: 1.823647  [  640/  678]
Average Training Loss: 0.674776
Val Loss: 2.9877 | C-index: 0.6335

Epoch 6
-------------------------------
loss: 1.707184  [   64/  678]
loss: 1.644765  [  256/  678]
loss: 1.711119  [  448/  678]
loss: 1.964035  [  640/  678]
Average Training Loss: 0.638827
Val Loss: 2.9549 | C-index: 0.6673

Epoch 7
-------------------------------
loss: 0.697096  [   64/  678]
loss: 1.363832  [  256/  678]
loss: 1.227381  [  448/  678]
loss: 1.529105  [  640/  678]
Average Training Loss: 0.437947
Val Loss: 3.1609 | C-index: 0.6358

Epoch 8
-------------------------------
loss: 0.759116  [   64/  678]
loss: 1.354534  [  256/  678]
loss: 1.166201  [  448/  678]
loss: 1.598228  [  640/  678]
Average Training Loss: 0.443462
Val Loss: 3.4423 | C-index: 0.6691

Epoch 9
-------------------------------
loss: 1.186652  [   64/  678]
loss: 1.473246  [  256/  678]
loss: 0.976757  [  448/  678]
loss: 1.809024  [  640/  678]
Average Training Loss: 0.495062
Val Loss: 3.5145 | C-index: 0.6330

Epoch 10
-------------------------------
loss: 1.562699  [   64/  678]
loss: 0.781297  [  256/  678]
loss: 1.324094  [  448/  678]
loss: 0.522236  [  640/  678]
Average Training Loss: 0.380939
Val Loss: 3.4293 | C-index: 0.6650

Epoch 11
-------------------------------
loss: 1.451071  [   64/  678]
loss: 1.848653  [  256/  678]
loss: 0.796050  [  448/  678]
loss: 0.912285  [  640/  678]
Average Training Loss: 0.455278
Val Loss: 3.3668 | C-index: 0.5951

Epoch 12
-------------------------------
loss: 1.011151  [   64/  678]
loss: 1.113860  [  256/  678]
loss: 1.066987  [  448/  678]
loss: 1.299696  [  640/  678]
Average Training Loss: 0.408336
Val Loss: 3.3751 | C-index: 0.6594

Epoch 13
-------------------------------
loss: 0.626288  [   64/  678]
loss: 1.167790  [  256/  678]
loss: 1.134462  [  448/  678]
loss: 1.306251  [  640/  678]
Average Training Loss: 0.384981
Val Loss: 3.5647 | C-index: 0.6594

Stopping early at Epoch 13 since no C-Index improvement after 5 epochs.
Done!
Best C-Index = 0.6691346598796853 at Epoch 8

=========================================
CV training complete! Mean ± std C-index: 0.6871 ± 0.0264
Best epochs per fold: [8, 4, 7, 5, 8]

=========================================
Retraining model on full train+val for 6 epochs...
Epoch 1
-------------------------------
loss: 3.300063  [   64/  847]
loss: 3.018749  [  320/  847]
loss: 2.740538  [  576/  847]
loss: 2.889620  [  832/  847]
Average Training Loss: 0.853498
Val Loss: 2.7911 | C-index: 0.6355

Epoch 2
-------------------------------
loss: 2.749944  [   64/  847]
loss: 2.076889  [  320/  847]
loss: 3.179780  [  576/  847]
loss: 2.913036  [  832/  847]
Average Training Loss: 0.779975
Val Loss: 2.6038 | C-index: 0.7355

Epoch 3
-------------------------------
loss: 2.422281  [   64/  847]
loss: 2.806532  [  320/  847]
loss: 2.638889  [  576/  847]
loss: 2.998963  [  832/  847]
Average Training Loss: 0.776190
Val Loss: 2.4201 | C-index: 0.8677

Epoch 4
-------------------------------
loss: 2.337804  [   64/  847]
loss: 2.630554  [  320/  847]
loss: 3.076303  [  576/  847]
loss: 1.974436  [  832/  847]
Average Training Loss: 0.715650
Val Loss: 2.0085 | C-index: 0.9230

Epoch 5
-------------------------------
loss: 1.690945  [   64/  847]
loss: 1.497591  [  320/  847]
loss: 2.377865  [  576/  847]
loss: 2.570497  [  832/  847]
Average Training Loss: 0.581207
Val Loss: 1.5687 | C-index: 0.9280

Epoch 6
-------------------------------
loss: 2.202770  [   64/  847]
loss: 1.609157  [  320/  847]
loss: 1.760859  [  576/  847]
loss: 1.548553  [  832/  847]
Average Training Loss: 0.508667
Val Loss: 1.3405 | C-index: 0.9609

Done!
Best C-Index = 0.9609175870858114 at Epoch 6
FINAL TEST Average Loss: 2.8313
FINAL TEST C-index: 0.6578
Bootstrap 95% CI: [0.5758, 0.7426]
Top 10 activated pathways:
{'R-HSA-9701192': 0.04124041274189949, 'R-HSA-5637815': 0.0381905734539032, 'R-HSA-1236382': 0.03459089994430542, 'R-HSA-8941858': 0.03220191225409508, 'R-HSA-9909505': 0.03191995248198509, 'R-HSA-76009': 0.02919888123869896, 'R-HSA-9834899': 0.028477352112531662, 'R-HSA-70263': 0.02796623855829239, 'R-HSA-9839394': 0.027875510975718498, 'R-HSA-8854214': 0.027494946494698524}
Results saved to /Users/evan/Documents/GitHub/HyBINN/experiments/runs/full_hybinn/seed_6/results.json
