train_hybinn.py log started 2026-06-05 22:33:32.559106
=========================================
Model Active Branches: ['gene']
=========================================

=========================================
FOLD 1/5
=========================================

Epoch 1
-------------------------------
loss: 2.714065  [   64/  677]
loss: 2.379965  [  256/  677]
loss: 3.584420  [  448/  677]
loss: 2.664666  [  640/  677]
Average Training Loss: 1.031192
Val Loss: 3.0740 | C-index: 0.5261

Epoch 2
-------------------------------
loss: 3.131625  [   64/  677]
loss: 3.070948  [  256/  677]
loss: 2.845124  [  448/  677]
loss: 2.320792  [  640/  677]
Average Training Loss: 1.033499
Val Loss: 3.0349 | C-index: 0.6598

Epoch 3
-------------------------------
loss: 3.212575  [   64/  677]
loss: 2.511799  [  256/  677]
loss: 2.573477  [  448/  677]
loss: 2.105489  [  640/  677]
Average Training Loss: 0.945758
Val Loss: 3.0098 | C-index: 0.6369

Epoch 4
-------------------------------
loss: 3.153358  [   64/  677]
loss: 2.757467  [  256/  677]
loss: 1.512191  [  448/  677]
loss: 1.632300  [  640/  677]
Average Training Loss: 0.823211
Val Loss: 2.9175 | C-index: 0.6637

Epoch 5
-------------------------------
loss: 2.140523  [   64/  677]
loss: 2.782016  [  256/  677]
loss: 1.803192  [  448/  677]
loss: 2.108598  [  640/  677]
Average Training Loss: 0.803121
Val Loss: 3.2548 | C-index: 0.6154

Epoch 6
-------------------------------
loss: 2.408658  [   64/  677]
loss: 1.904179  [  256/  677]
loss: 1.714251  [  448/  677]
loss: 1.270170  [  640/  677]
Average Training Loss: 0.663387
Val Loss: 2.8635 | C-index: 0.6867

Epoch 7
-------------------------------
loss: 1.893936  [   64/  677]
loss: 1.777892  [  256/  677]
loss: 1.423304  [  448/  677]
loss: 1.617219  [  640/  677]
Average Training Loss: 0.610214
Val Loss: 3.2643 | C-index: 0.6008

Epoch 8
-------------------------------
loss: 1.464987  [   64/  677]
loss: 1.611753  [  256/  677]
loss: 1.659326  [  448/  677]
loss: 1.688950  [  640/  677]
Average Training Loss: 0.584092
Val Loss: 3.1151 | C-index: 0.7038

Epoch 9
-------------------------------
loss: 1.720187  [   64/  677]
loss: 1.071210  [  256/  677]
loss: 1.593600  [  448/  677]
loss: 1.904316  [  640/  677]
Average Training Loss: 0.571756
Val Loss: 3.4483 | C-index: 0.5730

Epoch 10
-------------------------------
loss: 1.877299  [   64/  677]
loss: 1.575063  [  256/  677]
loss: 1.071360  [  448/  677]
loss: 0.826662  [  640/  677]
Average Training Loss: 0.486399
Val Loss: 3.1655 | C-index: 0.6715

Epoch 11
-------------------------------
loss: 1.205686  [   64/  677]
loss: 0.282745  [  256/  677]
loss: 1.283005  [  448/  677]
loss: 1.259336  [  640/  677]
Average Training Loss: 0.366434
Val Loss: 3.1536 | C-index: 0.7101

Epoch 12
-------------------------------
loss: 1.240220  [   64/  677]
loss: 1.163430  [  256/  677]
loss: 1.931671  [  448/  677]
loss: 1.708554  [  640/  677]
Average Training Loss: 0.549443
Val Loss: 3.5407 | C-index: 0.7106

Epoch 13
-------------------------------
loss: 0.676483  [   64/  677]
loss: 0.446015  [  256/  677]
loss: 1.937602  [  448/  677]
loss: 1.131767  [  640/  677]
Average Training Loss: 0.381079
Val Loss: 3.1633 | C-index: 0.6330

Epoch 14
-------------------------------
loss: 1.600328  [   64/  677]
loss: 0.968360  [  256/  677]
loss: 1.497588  [  448/  677]
loss: 2.190927  [  640/  677]
Average Training Loss: 0.568837
Val Loss: 3.0622 | C-index: 0.6633

Epoch 15
-------------------------------
loss: 1.019646  [   64/  677]
loss: 0.966281  [  256/  677]
loss: 2.112838  [  448/  677]
loss: 0.651101  [  640/  677]
Average Training Loss: 0.431806
Val Loss: 3.3474 | C-index: 0.6794

Epoch 16
-------------------------------
loss: 0.735929  [   64/  677]
loss: 1.717202  [  256/  677]
loss: 1.389783  [  448/  677]
loss: 0.986060  [  640/  677]
Average Training Loss: 0.438998
Val Loss: 3.1115 | C-index: 0.6940

Epoch 17
-------------------------------
loss: 1.015364  [   64/  677]
loss: 1.042124  [  256/  677]
loss: 1.230288  [  448/  677]
loss: 0.991816  [  640/  677]
Average Training Loss: 0.389054
Val Loss: 3.1691 | C-index: 0.7130

Epoch 18
-------------------------------
loss: 0.991135  [   64/  677]
loss: 1.292927  [  256/  677]
loss: 1.083257  [  448/  677]
loss: 1.020965  [  640/  677]
Average Training Loss: 0.398935
Val Loss: 3.6164 | C-index: 0.6881

Epoch 19
-------------------------------
loss: 1.239813  [   64/  677]
loss: 1.199065  [  256/  677]
loss: 1.580949  [  448/  677]
loss: 0.832924  [  640/  677]
Average Training Loss: 0.441159
Val Loss: 3.3552 | C-index: 0.6564

Epoch 20
-------------------------------
loss: 0.859630  [   64/  677]
loss: 1.242228  [  256/  677]
loss: 1.083948  [  448/  677]
loss: 0.476403  [  640/  677]
Average Training Loss: 0.332928
Val Loss: 3.3066 | C-index: 0.6813

Epoch 21
-------------------------------
loss: 0.689975  [   64/  677]
loss: 0.859935  [  256/  677]
loss: 1.495893  [  448/  677]
loss: 0.961324  [  640/  677]
Average Training Loss: 0.364284
Val Loss: 3.6044 | C-index: 0.6330

Epoch 22
-------------------------------
loss: 0.501036  [   64/  677]
loss: 1.134001  [  256/  677]
loss: 1.941811  [  448/  677]
loss: 1.501202  [  640/  677]
Average Training Loss: 0.461641
Val Loss: 3.2982 | C-index: 0.7038

Stopping early at Epoch 22 since no C-Index improvement after 5 epochs.
Done!
Best C-Index = 0.7130307467057101 at Epoch 17

=========================================
FOLD 2/5
=========================================

Epoch 1
-------------------------------
loss: 2.955191  [   64/  677]
loss: 3.431120  [  256/  677]
loss: 2.717004  [  448/  677]
loss: 3.088500  [  640/  677]
Average Training Loss: 1.108347
Val Loss: 2.9954 | C-index: 0.5937

Epoch 2
-------------------------------
loss: 2.849026  [   64/  677]
loss: 3.008797  [  256/  677]
loss: 2.387796  [  448/  677]
loss: 3.400261  [  640/  677]
Average Training Loss: 1.058716
Val Loss: 2.9716 | C-index: 0.6153

Epoch 3
-------------------------------
loss: 3.041889  [   64/  677]
loss: 2.897521  [  256/  677]
loss: 3.045809  [  448/  677]
loss: 2.914565  [  640/  677]
Average Training Loss: 1.081799
Val Loss: 2.8809 | C-index: 0.7062

Epoch 4
-------------------------------
loss: 3.073004  [   64/  677]
loss: 2.428355  [  256/  677]
loss: 2.763282  [  448/  677]
loss: 1.719584  [  640/  677]
Average Training Loss: 0.907657
Val Loss: 2.9730 | C-index: 0.6003

Epoch 5
-------------------------------
loss: 1.969364  [   64/  677]
loss: 2.465588  [  256/  677]
loss: 2.103485  [  448/  677]
loss: 2.285045  [  640/  677]
Average Training Loss: 0.802135
Val Loss: 3.1388 | C-index: 0.5349

Epoch 6
-------------------------------
loss: 2.039699  [   64/  677]
loss: 1.427200  [  256/  677]
loss: 1.956474  [  448/  677]
loss: 1.917860  [  640/  677]
Average Training Loss: 0.667385
Val Loss: 3.1782 | C-index: 0.7068

Epoch 7
-------------------------------
loss: 1.642642  [   64/  677]
loss: 1.650192  [  256/  677]
loss: 1.530200  [  448/  677]
loss: 1.809990  [  640/  677]
Average Training Loss: 0.603002
Val Loss: 3.4844 | C-index: 0.5637

Epoch 8
-------------------------------
loss: 0.846566  [   64/  677]
loss: 1.833776  [  256/  677]
loss: 1.701621  [  448/  677]
loss: 1.432265  [  640/  677]
Average Training Loss: 0.528566
Val Loss: 3.8142 | C-index: 0.5953

Epoch 9
-------------------------------
loss: 1.529276  [   64/  677]
loss: 1.600260  [  256/  677]
loss: 1.973308  [  448/  677]
loss: 1.689703  [  640/  677]
Average Training Loss: 0.617504
Val Loss: 3.7988 | C-index: 0.5632

Epoch 10
-------------------------------
loss: 1.436390  [   64/  677]
loss: 1.308867  [  256/  677]
loss: 2.269682  [  448/  677]
loss: 1.354221  [  640/  677]
Average Training Loss: 0.579015
Val Loss: 3.1264 | C-index: 0.6879

Epoch 11
-------------------------------
loss: 1.414812  [   64/  677]
loss: 1.773006  [  256/  677]
loss: 1.475133  [  448/  677]
loss: 1.249548  [  640/  677]
Average Training Loss: 0.537500
Val Loss: 3.0300 | C-index: 0.7178

Epoch 12
-------------------------------
loss: 0.877163  [   64/  677]
loss: 1.204353  [  256/  677]
loss: 1.130455  [  448/  677]
loss: 1.298977  [  640/  677]
Average Training Loss: 0.410086
Val Loss: 3.3033 | C-index: 0.6181

Epoch 13
-------------------------------
loss: 1.425725  [   64/  677]
loss: 1.060285  [  256/  677]
loss: 1.087843  [  448/  677]
loss: 1.741395  [  640/  677]
Average Training Loss: 0.483204
Val Loss: 3.3345 | C-index: 0.6657

Epoch 14
-------------------------------
loss: 1.391262  [   64/  677]
loss: 0.603687  [  256/  677]
loss: 1.421252  [  448/  677]
loss: 2.059776  [  640/  677]
Average Training Loss: 0.497816
Val Loss: 3.5188 | C-index: 0.6707

Epoch 15
-------------------------------
loss: 1.413421  [   64/  677]
loss: 1.525771  [  256/  677]
loss: 0.924964  [  448/  677]
loss: 1.015316  [  640/  677]
Average Training Loss: 0.443588
Val Loss: 3.6376 | C-index: 0.6580

Epoch 16
-------------------------------
loss: 0.558612  [   64/  677]
loss: 1.348890  [  256/  677]
loss: 0.797800  [  448/  677]
loss: 2.388890  [  640/  677]
Average Training Loss: 0.463108
Val Loss: 4.0267 | C-index: 0.6098

Stopping early at Epoch 16 since no C-Index improvement after 5 epochs.
Done!
Best C-Index = 0.717849223946785 at Epoch 11

=========================================
FOLD 3/5
=========================================

Epoch 1
-------------------------------
loss: 2.276131  [   64/  678]
loss: 3.042331  [  256/  678]
loss: 3.204770  [  448/  678]
loss: 3.153648  [  640/  678]
Average Training Loss: 1.061534
Val Loss: 2.3577 | C-index: 0.6669

Epoch 2
-------------------------------
loss: 3.489385  [   64/  678]
loss: 3.554152  [  256/  678]
loss: 2.882234  [  448/  678]
loss: 2.870346  [  640/  678]
Average Training Loss: 1.163283
Val Loss: 2.3238 | C-index: 0.7411

Epoch 3
-------------------------------
loss: 3.105324  [   64/  678]
loss: 1.970963  [  256/  678]
loss: 2.689745  [  448/  678]
loss: 3.018982  [  640/  678]
Average Training Loss: 0.980456
Val Loss: 2.2412 | C-index: 0.7218

Epoch 4
-------------------------------
loss: 2.629786  [   64/  678]
loss: 2.581499  [  256/  678]
loss: 2.495121  [  448/  678]
loss: 2.872890  [  640/  678]
Average Training Loss: 0.961754
Val Loss: 2.2606 | C-index: 0.7315

Epoch 5
-------------------------------
loss: 2.034350  [   64/  678]
loss: 2.169060  [  256/  678]
loss: 2.621379  [  448/  678]
loss: 1.711377  [  640/  678]
Average Training Loss: 0.776015
Val Loss: 2.4463 | C-index: 0.7145

Epoch 6
-------------------------------
loss: 1.944927  [   64/  678]
loss: 1.781820  [  256/  678]
loss: 2.023499  [  448/  678]
loss: 2.094662  [  640/  678]
Average Training Loss: 0.713173
Val Loss: 2.8118 | C-index: 0.6040

Epoch 7
-------------------------------
loss: 1.940200  [   64/  678]
loss: 1.822893  [  256/  678]
loss: 1.282750  [  448/  678]
loss: 1.444136  [  640/  678]
Average Training Loss: 0.589998
Val Loss: 3.1129 | C-index: 0.5903

Stopping early at Epoch 7 since no C-Index improvement after 5 epochs.
Done!
Best C-Index = 0.7411290322580645 at Epoch 2

=========================================
FOLD 4/5
=========================================

Epoch 1
-------------------------------
loss: 3.535628  [   64/  678]
loss: 2.883251  [  256/  678]
loss: 2.969099  [  448/  678]
loss: 3.153159  [  640/  678]
Average Training Loss: 1.140103
Val Loss: 3.2477 | C-index: 0.3918

Epoch 2
-------------------------------
loss: 3.103144  [   64/  678]
loss: 2.821584  [  256/  678]
loss: 2.483247  [  448/  678]
loss: 2.017872  [  640/  678]
Average Training Loss: 0.947804
Val Loss: 3.3591 | C-index: 0.3934

Epoch 3
-------------------------------
loss: 2.549249  [   64/  678]
loss: 3.221652  [  256/  678]
loss: 2.357656  [  448/  678]
loss: 2.205230  [  640/  678]
Average Training Loss: 0.939435
Val Loss: 3.3424 | C-index: 0.5135

Epoch 4
-------------------------------
loss: 2.499360  [   64/  678]
loss: 1.806472  [  256/  678]
loss: 2.095673  [  448/  678]
loss: 1.906931  [  640/  678]
Average Training Loss: 0.755312
Val Loss: 3.8593 | C-index: 0.4817

Epoch 5
-------------------------------
loss: 2.250268  [   64/  678]
loss: 1.827046  [  256/  678]
loss: 2.223834  [  448/  678]
loss: 1.585775  [  640/  678]
Average Training Loss: 0.716993
Val Loss: 3.6015 | C-index: 0.4946

Epoch 6
-------------------------------
loss: 1.430680  [   64/  678]
loss: 1.833943  [  256/  678]
loss: 2.307786  [  448/  678]
loss: 2.649726  [  640/  678]
Average Training Loss: 0.747467
Val Loss: 4.2488 | C-index: 0.4602

Epoch 7
-------------------------------
loss: 1.043378  [   64/  678]
loss: 2.065395  [  256/  678]
loss: 1.194079  [  448/  678]
loss: 2.095232  [  640/  678]
Average Training Loss: 0.581644
Val Loss: 4.0189 | C-index: 0.5495

Epoch 8
-------------------------------
loss: 1.833537  [   64/  678]
loss: 2.227994  [  256/  678]
loss: 1.248469  [  448/  678]
loss: 1.423088  [  640/  678]
Average Training Loss: 0.612099
Val Loss: 3.9787 | C-index: 0.5307

Epoch 9
-------------------------------
loss: 1.284782  [   64/  678]
loss: 1.873442  [  256/  678]
loss: 1.494226  [  448/  678]
loss: 0.960526  [  640/  678]
Average Training Loss: 0.510271
Val Loss: 4.2943 | C-index: 0.5269

Epoch 10
-------------------------------
loss: 1.302127  [   64/  678]
loss: 1.277698  [  256/  678]
loss: 1.605794  [  448/  678]
loss: 1.117141  [  640/  678]
Average Training Loss: 0.482069
Val Loss: 4.2678 | C-index: 0.4865

Epoch 11
-------------------------------
loss: 1.147521  [   64/  678]
loss: 1.178540  [  256/  678]
loss: 1.066961  [  448/  678]
loss: 1.709012  [  640/  678]
Average Training Loss: 0.463821
Val Loss: 4.2446 | C-index: 0.4984

Epoch 12
-------------------------------
loss: 1.421327  [   64/  678]
loss: 1.628687  [  256/  678]
loss: 1.357604  [  448/  678]
loss: 1.378643  [  640/  678]
Average Training Loss: 0.526024
Val Loss: 4.1578 | C-index: 0.5721

Epoch 13
-------------------------------
loss: 1.264776  [   64/  678]
loss: 1.179442  [  256/  678]
loss: 1.302918  [  448/  678]
loss: 1.228588  [  640/  678]
Average Training Loss: 0.452339
Val Loss: 3.8205 | C-index: 0.6206

Epoch 14
-------------------------------
loss: 1.482426  [   64/  678]
loss: 0.844432  [  256/  678]
loss: 1.050823  [  448/  678]
loss: 1.365122  [  640/  678]
Average Training Loss: 0.431164
Val Loss: 4.3049 | C-index: 0.5511

Epoch 15
-------------------------------
loss: 1.283092  [   64/  678]
loss: 1.166225  [  256/  678]
loss: 1.517465  [  448/  678]
loss: 0.810404  [  640/  678]
Average Training Loss: 0.434290
Val Loss: 4.2228 | C-index: 0.5867

Epoch 16
-------------------------------
loss: 1.499036  [   64/  678]
loss: 1.108719  [  256/  678]
loss: 1.145922  [  448/  678]
loss: 0.691848  [  640/  678]
Average Training Loss: 0.404139
Val Loss: 4.2694 | C-index: 0.5797

Epoch 17
-------------------------------
loss: 0.655664  [   64/  678]
loss: 1.038262  [  256/  678]
loss: 0.679793  [  448/  678]
loss: 0.664497  [  640/  678]
Average Training Loss: 0.276201
Val Loss: 4.3562 | C-index: 0.5301

Epoch 18
-------------------------------
loss: 0.991785  [   64/  678]
loss: 0.633304  [  256/  678]
loss: 1.093002  [  448/  678]
loss: 1.221451  [  640/  678]
Average Training Loss: 0.358140
Val Loss: 4.6081 | C-index: 0.5210

Stopping early at Epoch 18 since no C-Index improvement after 5 epochs.
Done!
Best C-Index = 0.6205597416576965 at Epoch 13

=========================================
FOLD 5/5
=========================================

Epoch 1
-------------------------------
loss: 3.179894  [   64/  678]
loss: 3.227218  [  256/  678]
loss: 2.709860  [  448/  678]
loss: 2.374173  [  640/  678]
Average Training Loss: 1.044650
Val Loss: 2.5661 | C-index: 0.3390

Epoch 2
-------------------------------
loss: 3.191971  [   64/  678]
loss: 3.120596  [  256/  678]
loss: 3.352846  [  448/  678]
loss: 3.109471  [  640/  678]
Average Training Loss: 1.161353
Val Loss: 2.6368 | C-index: 0.3459

Epoch 3
-------------------------------
loss: 3.130098  [   64/  678]
loss: 2.762191  [  256/  678]
loss: 2.717914  [  448/  678]
loss: 2.238661  [  640/  678]
Average Training Loss: 0.986260
Val Loss: 2.7414 | C-index: 0.3863

Epoch 4
-------------------------------
loss: 2.788621  [   64/  678]
loss: 2.728779  [  256/  678]
loss: 1.978723  [  448/  678]
loss: 1.924736  [  640/  678]
Average Training Loss: 0.856442
Val Loss: 2.8141 | C-index: 0.4295

Epoch 5
-------------------------------
loss: 2.232095  [   64/  678]
loss: 2.141222  [  256/  678]
loss: 1.653980  [  448/  678]
loss: 1.681516  [  640/  678]
Average Training Loss: 0.700801
Val Loss: 3.0378 | C-index: 0.4795

Epoch 6
-------------------------------
loss: 1.675144  [   64/  678]
loss: 2.175360  [  256/  678]
loss: 1.568995  [  448/  678]
loss: 2.134909  [  640/  678]
Average Training Loss: 0.686764
Val Loss: 3.1384 | C-index: 0.4904

Epoch 7
-------------------------------
loss: 1.545452  [   64/  678]
loss: 1.586896  [  256/  678]
loss: 1.781911  [  448/  678]
loss: 1.742099  [  640/  678]
Average Training Loss: 0.605123
Val Loss: 3.3476 | C-index: 0.4897

Epoch 8
-------------------------------
loss: 1.306860  [   64/  678]
loss: 2.195928  [  256/  678]
loss: 1.192703  [  448/  678]
loss: 1.737421  [  640/  678]
Average Training Loss: 0.584810
Val Loss: 3.0222 | C-index: 0.5130

Epoch 9
-------------------------------
loss: 1.382010  [   64/  678]
loss: 2.243708  [  256/  678]
loss: 1.537049  [  448/  678]
loss: 1.887423  [  640/  678]
Average Training Loss: 0.640926
Val Loss: 3.4163 | C-index: 0.4342

Epoch 10
-------------------------------
loss: 1.379368  [   64/  678]
loss: 1.314078  [  256/  678]
loss: 1.219306  [  448/  678]
loss: 1.232043  [  640/  678]
Average Training Loss: 0.467709
Val Loss: 3.4408 | C-index: 0.4260

Epoch 11
-------------------------------
loss: 0.851845  [   64/  678]
loss: 1.360569  [  256/  678]
loss: 1.176482  [  448/  678]
loss: 1.535802  [  640/  678]
Average Training Loss: 0.447700
Val Loss: 3.5516 | C-index: 0.4712

Epoch 12
-------------------------------
loss: 1.360187  [   64/  678]
loss: 0.952335  [  256/  678]
loss: 0.716665  [  448/  678]
loss: 1.156002  [  640/  678]
Average Training Loss: 0.380472
Val Loss: 3.4963 | C-index: 0.4397

Epoch 13
-------------------------------
loss: 1.425237  [   64/  678]
loss: 0.832765  [  256/  678]
loss: 1.067478  [  448/  678]
loss: 1.099474  [  640/  678]
Average Training Loss: 0.402269
Val Loss: 3.2672 | C-index: 0.5253

Epoch 14
-------------------------------
loss: 0.566297  [   64/  678]
loss: 1.762452  [  256/  678]
loss: 1.782588  [  448/  678]
loss: 0.255334  [  640/  678]
Average Training Loss: 0.396970
Val Loss: 3.6336 | C-index: 0.4281

Epoch 15
-------------------------------
loss: 1.181669  [   64/  678]
loss: 3.393357  [  256/  678]
loss: 1.278871  [  448/  678]
loss: 0.818470  [  640/  678]
Average Training Loss: 0.606579
Val Loss: 3.6677 | C-index: 0.5034

Epoch 16
-------------------------------
loss: 0.876766  [   64/  678]
loss: 1.625760  [  256/  678]
loss: 2.686878  [  448/  678]
loss: 0.744435  [  640/  678]
Average Training Loss: 0.539440
Val Loss: 3.9534 | C-index: 0.4253

Epoch 17
-------------------------------
loss: 0.967458  [   64/  678]
loss: 1.214688  [  256/  678]
loss: 1.542094  [  448/  678]
loss: 1.104872  [  640/  678]
Average Training Loss: 0.439010
Val Loss: 3.5619 | C-index: 0.4884

Epoch 18
-------------------------------
loss: 1.575665  [   64/  678]
loss: 0.983992  [  256/  678]
loss: 1.436325  [  448/  678]
loss: 1.356310  [  640/  678]
Average Training Loss: 0.486572
Val Loss: 3.8427 | C-index: 0.5137

Stopping early at Epoch 18 since no C-Index improvement after 5 epochs.
Done!
Best C-Index = 0.5253424657534247 at Epoch 13

=========================================
CV training complete! Mean ± std C-index: 0.6636 ± 0.0805
Best epochs per fold: [17, 11, 2, 13, 13]

=========================================
Retraining model on full train+val for 11 epochs...
Epoch 1
-------------------------------
loss: 2.958346  [   64/  847]
loss: 3.224111  [  320/  847]
loss: 3.094240  [  576/  847]
loss: 2.370367  [  832/  847]
Average Training Loss: 0.831933
Val Loss: 2.7763 | C-index: 0.6742

Epoch 2
-------------------------------
loss: 3.214113  [   64/  847]
loss: 2.655569  [  320/  847]
loss: 2.374387  [  576/  847]
loss: 2.709001  [  832/  847]
Average Training Loss: 0.782362
Val Loss: 2.5913 | C-index: 0.7924

Epoch 3
-------------------------------
loss: 2.951076  [   64/  847]
loss: 3.129119  [  320/  847]
loss: 2.899058  [  576/  847]
loss: 2.334721  [  832/  847]
Average Training Loss: 0.808141
Val Loss: 2.2577 | C-index: 0.8686

Epoch 4
-------------------------------
loss: 2.361649  [   64/  847]
loss: 1.702003  [  320/  847]
loss: 2.279338  [  576/  847]
loss: 2.324546  [  832/  847]
Average Training Loss: 0.619110
Val Loss: 1.7456 | C-index: 0.9309

Epoch 5
-------------------------------
loss: 2.073700  [   64/  847]
loss: 1.733401  [  320/  847]
loss: 2.177934  [  576/  847]
loss: 2.092455  [  832/  847]
Average Training Loss: 0.576964
Val Loss: 1.4686 | C-index: 0.9505

Epoch 6
-------------------------------
loss: 1.390883  [   64/  847]
loss: 1.949211  [  320/  847]
loss: 1.528563  [  576/  847]
loss: 1.871521  [  832/  847]
Average Training Loss: 0.481441
Val Loss: 1.3650 | C-index: 0.9512

Epoch 7
-------------------------------
loss: 1.741877  [   64/  847]
loss: 1.358757  [  320/  847]
loss: 1.637181  [  576/  847]
loss: 1.871171  [  832/  847]
Average Training Loss: 0.472070
Val Loss: 1.3140 | C-index: 0.9581

Epoch 8
-------------------------------
loss: 1.968459  [   64/  847]
loss: 1.693102  [  320/  847]
loss: 1.498851  [  576/  847]
loss: 2.702592  [  832/  847]
Average Training Loss: 0.561643
Val Loss: 1.2345 | C-index: 0.9579

Epoch 9
-------------------------------
loss: 1.513996  [   64/  847]
loss: 1.003327  [  320/  847]
loss: 1.731795  [  576/  847]
loss: 1.330661  [  832/  847]
Average Training Loss: 0.398556
Val Loss: 1.5682 | C-index: 0.9386

Epoch 10
-------------------------------
loss: 0.904701  [   64/  847]
loss: 0.972926  [  320/  847]
loss: 1.495380  [  576/  847]
loss: 1.624592  [  832/  847]
Average Training Loss: 0.356971
Val Loss: 1.4726 | C-index: 0.9561

Epoch 11
-------------------------------
loss: 1.762269  [   64/  847]
loss: 1.622976  [  320/  847]
loss: 1.342060  [  576/  847]
loss: 1.705351  [  832/  847]
Average Training Loss: 0.459475
Val Loss: 1.4353 | C-index: 0.9424

Done!
Best C-Index = 0.9580630598522109 at Epoch 7
FINAL TEST Average Loss: 2.7036
FINAL TEST C-index: 0.7023
Bootstrap 95% CI: [0.5465, 0.8345]
Results saved to /Users/evan/Documents/GitHub/HyBINN/experiments/runs/gene_only/seed_2/results.json
