train_hybinn.py log started 2026-06-05 22:48:58.073176
=========================================
Model Active Branches: ['gene', 'clinical']
=========================================

=========================================
FOLD 1/5
=========================================

Epoch 1
-------------------------------
loss: 3.006877  [   64/  677]
loss: 3.234575  [  256/  677]
loss: 2.455121  [  448/  677]
loss: 2.390820  [  640/  677]
Average Training Loss: 1.007945
Val Loss: 2.7635 | C-index: 0.5328

Epoch 2
-------------------------------
loss: 3.184080  [   64/  677]
loss: 2.479030  [  256/  677]
loss: 2.697238  [  448/  677]
loss: 2.500629  [  640/  677]
Average Training Loss: 0.987362
Val Loss: 2.7502 | C-index: 0.5778

Epoch 3
-------------------------------
loss: 2.401867  [   64/  677]
loss: 2.892116  [  256/  677]
loss: 2.599609  [  448/  677]
loss: 2.705036  [  640/  677]
Average Training Loss: 0.963512
Val Loss: 2.6637 | C-index: 0.6645

Epoch 4
-------------------------------
loss: 2.712119  [   64/  677]
loss: 2.490190  [  256/  677]
loss: 2.663743  [  448/  677]
loss: 1.900867  [  640/  677]
Average Training Loss: 0.887902
Val Loss: 2.6149 | C-index: 0.6559

Epoch 5
-------------------------------
loss: 2.251142  [   64/  677]
loss: 1.171557  [  256/  677]
loss: 1.960490  [  448/  677]
loss: 2.030908  [  640/  677]
Average Training Loss: 0.674009
Val Loss: 2.6154 | C-index: 0.6803

Epoch 6
-------------------------------
loss: 0.984731  [   64/  677]
loss: 1.739492  [  256/  677]
loss: 2.136659  [  448/  677]
loss: 1.693642  [  640/  677]
Average Training Loss: 0.595866
Val Loss: 2.9036 | C-index: 0.6989

Epoch 7
-------------------------------
loss: 1.794669  [   64/  677]
loss: 1.418184  [  256/  677]
loss: 1.486198  [  448/  677]
loss: 1.473516  [  640/  677]
Average Training Loss: 0.561142
Val Loss: 2.6048 | C-index: 0.6618

Epoch 8
-------------------------------
loss: 1.104792  [   64/  677]
loss: 1.705355  [  256/  677]
loss: 1.296719  [  448/  677]
loss: 1.477041  [  640/  677]
Average Training Loss: 0.507628
Val Loss: 2.8410 | C-index: 0.6525

Epoch 9
-------------------------------
loss: 0.974674  [   64/  677]
loss: 0.816336  [  256/  677]
loss: 1.824296  [  448/  677]
loss: 1.273872  [  640/  677]
Average Training Loss: 0.444471
Val Loss: 3.1029 | C-index: 0.6320

Epoch 10
-------------------------------
loss: 1.597652  [   64/  677]
loss: 1.462305  [  256/  677]
loss: 0.931769  [  448/  677]
loss: 1.588465  [  640/  677]
Average Training Loss: 0.507290
Val Loss: 2.9158 | C-index: 0.6598

Epoch 11
-------------------------------
loss: 1.969809  [   64/  677]
loss: 0.990685  [  256/  677]
loss: 1.150828  [  448/  677]
loss: 1.621349  [  640/  677]
Average Training Loss: 0.521152
Val Loss: 2.8879 | C-index: 0.6314

Stopping early at Epoch 11 since no C-Index improvement after 5 epochs.
Done!
Best C-Index = 0.698874917273329 at Epoch 6

=========================================
FOLD 2/5
=========================================

Epoch 1
-------------------------------
loss: 3.500280  [   64/  677]
loss: 2.888926  [  256/  677]
loss: 2.915204  [  448/  677]
loss: 2.989227  [  640/  677]
Average Training Loss: 1.117603
Val Loss: 2.8592 | C-index: 0.5566

Epoch 2
-------------------------------
loss: 3.023807  [   64/  677]
loss: 3.586958  [  256/  677]
loss: 2.531280  [  448/  677]
loss: 2.828392  [  640/  677]
Average Training Loss: 1.088222
Val Loss: 2.8508 | C-index: 0.5887

Epoch 3
-------------------------------
loss: 3.113506  [   64/  677]
loss: 2.692171  [  256/  677]
loss: 2.783056  [  448/  677]
loss: 2.300583  [  640/  677]
Average Training Loss: 0.989938
Val Loss: 2.7311 | C-index: 0.6772

Epoch 4
-------------------------------
loss: 2.539281  [   64/  677]
loss: 2.444365  [  256/  677]
loss: 2.494995  [  448/  677]
loss: 2.407166  [  640/  677]
Average Training Loss: 0.898710
Val Loss: 2.6736 | C-index: 0.7160

Epoch 5
-------------------------------
loss: 2.135552  [   64/  677]
loss: 1.960646  [  256/  677]
loss: 2.427535  [  448/  677]
loss: 1.842966  [  640/  677]
Average Training Loss: 0.760609
Val Loss: 3.0081 | C-index: 0.5968

Epoch 6
-------------------------------
loss: 2.416189  [   64/  677]
loss: 1.318078  [  256/  677]
loss: 1.262322  [  448/  677]
loss: 1.415797  [  640/  677]
Average Training Loss: 0.582944
Val Loss: 3.1054 | C-index: 0.6785

Epoch 7
-------------------------------
loss: 1.638086  [   64/  677]
loss: 1.681318  [  256/  677]
loss: 2.378637  [  448/  677]
loss: 1.654658  [  640/  677]
Average Training Loss: 0.668427
Val Loss: 2.9137 | C-index: 0.7435

Epoch 8
-------------------------------
loss: 1.610820  [   64/  677]
loss: 1.473475  [  256/  677]
loss: 1.854995  [  448/  677]
loss: 1.532922  [  640/  677]
Average Training Loss: 0.588383
Val Loss: 2.7520 | C-index: 0.7006

Epoch 9
-------------------------------
loss: 1.440430  [   64/  677]
loss: 1.407360  [  256/  677]
loss: 1.003838  [  448/  677]
loss: 1.446666  [  640/  677]
Average Training Loss: 0.481663
Val Loss: 2.8342 | C-index: 0.7207

Epoch 10
-------------------------------
loss: 0.928472  [   64/  677]
loss: 0.966127  [  256/  677]
loss: 1.107805  [  448/  677]
loss: 1.467454  [  640/  677]
Average Training Loss: 0.406351
Val Loss: 2.8167 | C-index: 0.7656

Epoch 11
-------------------------------
loss: 2.247164  [   64/  677]
loss: 1.273353  [  256/  677]
loss: 1.299241  [  448/  677]
loss: 2.013066  [  640/  677]
Average Training Loss: 0.621166
Val Loss: 2.7095 | C-index: 0.7368

Epoch 12
-------------------------------
loss: 1.746857  [   64/  677]
loss: 1.177652  [  256/  677]
loss: 0.805870  [  448/  677]
loss: 0.815204  [  640/  677]
Average Training Loss: 0.413235
Val Loss: 2.8569 | C-index: 0.7307

Epoch 13
-------------------------------
loss: 0.891115  [   64/  677]
loss: 1.704901  [  256/  677]
loss: 1.072848  [  448/  677]
loss: 1.689514  [  640/  677]
Average Training Loss: 0.487125
Val Loss: 2.9482 | C-index: 0.6912

Epoch 14
-------------------------------
loss: 0.889756  [   64/  677]
loss: 1.195893  [  256/  677]
loss: 0.996421  [  448/  677]
loss: 0.645015  [  640/  677]
Average Training Loss: 0.338826
Val Loss: 2.8741 | C-index: 0.7508

Epoch 15
-------------------------------
loss: 1.087411  [   64/  677]
loss: 1.241047  [  256/  677]
loss: 1.547512  [  448/  677]
loss: 0.436973  [  640/  677]
Average Training Loss: 0.392086
Val Loss: 3.4411 | C-index: 0.6350

Stopping early at Epoch 15 since no C-Index improvement after 5 epochs.
Done!
Best C-Index = 0.7655726724715338 at Epoch 10

=========================================
FOLD 3/5
=========================================

Epoch 1
-------------------------------
loss: 3.087651  [   64/  678]
loss: 2.094464  [  256/  678]
loss: 3.249091  [  448/  678]
loss: 3.403051  [  640/  678]
Average Training Loss: 1.075842
Val Loss: 3.3765 | C-index: 0.5879

Epoch 2
-------------------------------
loss: 3.091308  [   64/  678]
loss: 2.843256  [  256/  678]
loss: 3.182334  [  448/  678]
loss: 3.233506  [  640/  678]
Average Training Loss: 1.122764
Val Loss: 3.3043 | C-index: 0.6357

Epoch 3
-------------------------------
loss: 2.914003  [   64/  678]
loss: 2.821821  [  256/  678]
loss: 2.776162  [  448/  678]
loss: 2.434182  [  640/  678]
Average Training Loss: 0.995106
Val Loss: 3.3313 | C-index: 0.6515

Epoch 4
-------------------------------
loss: 2.374446  [   64/  678]
loss: 2.233913  [  256/  678]
loss: 2.374754  [  448/  678]
loss: 2.512092  [  640/  678]
Average Training Loss: 0.863200
Val Loss: 3.4135 | C-index: 0.6817

Epoch 5
-------------------------------
loss: 1.819843  [   64/  678]
loss: 1.775616  [  256/  678]
loss: 1.812197  [  448/  678]
loss: 1.842399  [  640/  678]
Average Training Loss: 0.659096
Val Loss: 3.4794 | C-index: 0.6710

Epoch 6
-------------------------------
loss: 1.253705  [   64/  678]
loss: 1.511829  [  256/  678]
loss: 1.635429  [  448/  678]
loss: 1.494448  [  640/  678]
Average Training Loss: 0.535946
Val Loss: 4.1504 | C-index: 0.6269

Epoch 7
-------------------------------
loss: 1.002145  [   64/  678]
loss: 1.848733  [  256/  678]
loss: 1.365884  [  448/  678]
loss: 1.521542  [  640/  678]
Average Training Loss: 0.521664
Val Loss: 3.5272 | C-index: 0.7155

Epoch 8
-------------------------------
loss: 1.151418  [   64/  678]
loss: 1.335103  [  256/  678]
loss: 1.043694  [  448/  678]
loss: 1.403809  [  640/  678]
Average Training Loss: 0.448548
Val Loss: 4.6220 | C-index: 0.6455

Epoch 9
-------------------------------
loss: 0.858642  [   64/  678]
loss: 1.430442  [  256/  678]
loss: 1.363574  [  448/  678]
loss: 1.951707  [  640/  678]
Average Training Loss: 0.509488
Val Loss: 4.2791 | C-index: 0.6292

Epoch 10
-------------------------------
loss: 1.305663  [   64/  678]
loss: 1.349393  [  256/  678]
loss: 1.338654  [  448/  678]
loss: 0.842429  [  640/  678]
Average Training Loss: 0.439649
Val Loss: 4.4912 | C-index: 0.6566

Epoch 11
-------------------------------
loss: 1.048468  [   64/  678]
loss: 1.463160  [  256/  678]
loss: 0.700523  [  448/  678]
loss: 1.024380  [  640/  678]
Average Training Loss: 0.385139
Val Loss: 4.9096 | C-index: 0.6441

Epoch 12
-------------------------------
loss: 0.949869  [   64/  678]
loss: 0.841770  [  256/  678]
loss: 0.835108  [  448/  678]
loss: 1.584544  [  640/  678]
Average Training Loss: 0.382845
Val Loss: 4.5974 | C-index: 0.6529

Stopping early at Epoch 12 since no C-Index improvement after 5 epochs.
Done!
Best C-Index = 0.7155452436194896 at Epoch 7

=========================================
FOLD 4/5
=========================================

Epoch 1
-------------------------------
loss: 2.906369  [   64/  678]
loss: 3.155070  [  256/  678]
loss: 4.092784  [  448/  678]
loss: 3.258057  [  640/  678]
Average Training Loss: 1.219298
Val Loss: 2.5356 | C-index: 0.5215

Epoch 2
-------------------------------
loss: 2.753651  [   64/  678]
loss: 3.192481  [  256/  678]
loss: 2.566980  [  448/  678]
loss: 3.387069  [  640/  678]
Average Training Loss: 1.081835
Val Loss: 2.5277 | C-index: 0.5327

Epoch 3
-------------------------------
loss: 3.139397  [   64/  678]
loss: 3.330716  [  256/  678]
loss: 2.655465  [  448/  678]
loss: 2.582273  [  640/  678]
Average Training Loss: 1.064350
Val Loss: 2.5017 | C-index: 0.5359

Epoch 4
-------------------------------
loss: 2.541602  [   64/  678]
loss: 2.434314  [  256/  678]
loss: 2.235308  [  448/  678]
loss: 2.563080  [  640/  678]
Average Training Loss: 0.888573
Val Loss: 2.5764 | C-index: 0.5415

Epoch 5
-------------------------------
loss: 2.236167  [   64/  678]
loss: 1.973911  [  256/  678]
loss: 1.515873  [  448/  678]
loss: 2.026879  [  640/  678]
Average Training Loss: 0.704803
Val Loss: 2.8580 | C-index: 0.5534

Epoch 6
-------------------------------
loss: 1.719223  [   64/  678]
loss: 1.817449  [  256/  678]
loss: 1.698317  [  448/  678]
loss: 1.854368  [  640/  678]
Average Training Loss: 0.644487
Val Loss: 2.8471 | C-index: 0.5622

Epoch 7
-------------------------------
loss: 2.103101  [   64/  678]
loss: 1.557534  [  256/  678]
loss: 1.708272  [  448/  678]
loss: 1.072585  [  640/  678]
Average Training Loss: 0.585590
Val Loss: 2.8585 | C-index: 0.5423

Epoch 8
-------------------------------
loss: 1.705381  [   64/  678]
loss: 1.278663  [  256/  678]
loss: 1.599277  [  448/  678]
loss: 1.294122  [  640/  678]
Average Training Loss: 0.534313
Val Loss: 3.3311 | C-index: 0.5534

Epoch 9
-------------------------------
loss: 1.425169  [   64/  678]
loss: 0.943326  [  256/  678]
loss: 1.283507  [  448/  678]
loss: 1.832069  [  640/  678]
Average Training Loss: 0.498552
Val Loss: 2.8457 | C-index: 0.5486

Epoch 10
-------------------------------
loss: 1.405248  [   64/  678]
loss: 0.950813  [  256/  678]
loss: 1.522274  [  448/  678]
loss: 1.124789  [  640/  678]
Average Training Loss: 0.454829
Val Loss: 3.0994 | C-index: 0.5574

Epoch 11
-------------------------------
loss: 0.682245  [   64/  678]
loss: 1.906353  [  256/  678]
loss: 0.336681  [  448/  678]
loss: 0.886068  [  640/  678]
Average Training Loss: 0.346486
Val Loss: 2.8829 | C-index: 0.5478

Stopping early at Epoch 11 since no C-Index improvement after 5 epochs.
Done!
Best C-Index = 0.562200956937799 at Epoch 6

=========================================
FOLD 5/5
=========================================

Epoch 1
-------------------------------
loss: 3.154412  [   64/  678]
loss: 3.086820  [  256/  678]
loss: 2.972681  [  448/  678]
loss: 2.882038  [  640/  678]
Average Training Loss: 1.099632
Val Loss: 3.0513 | C-index: 0.5978

Epoch 2
-------------------------------
loss: 2.855451  [   64/  678]
loss: 2.472553  [  256/  678]
loss: 2.924197  [  448/  678]
loss: 2.536819  [  640/  678]
Average Training Loss: 0.980820
Val Loss: 3.0251 | C-index: 0.6134

Epoch 3
-------------------------------
loss: 2.722831  [   64/  678]
loss: 2.932441  [  256/  678]
loss: 2.701277  [  448/  678]
loss: 2.656182  [  640/  678]
Average Training Loss: 1.001157
Val Loss: 3.0083 | C-index: 0.6680

Epoch 4
-------------------------------
loss: 2.733384  [   64/  678]
loss: 2.628199  [  256/  678]
loss: 2.336039  [  448/  678]
loss: 2.487478  [  640/  678]
Average Training Loss: 0.925918
Val Loss: 3.0175 | C-index: 0.6709

Epoch 5
-------------------------------
loss: 1.367260  [   64/  678]
loss: 2.423362  [  256/  678]
loss: 2.181412  [  448/  678]
loss: 1.999432  [  640/  678]
Average Training Loss: 0.724679
Val Loss: 3.1545 | C-index: 0.6719

Epoch 6
-------------------------------
loss: 1.079798  [   64/  678]
loss: 1.916894  [  256/  678]
loss: 1.863717  [  448/  678]
loss: 1.720880  [  640/  678]
Average Training Loss: 0.598299
Val Loss: 2.9104 | C-index: 0.7279

Epoch 7
-------------------------------
loss: 1.478754  [   64/  678]
loss: 1.441458  [  256/  678]
loss: 1.701891  [  448/  678]
loss: 1.656102  [  640/  678]
Average Training Loss: 0.570746
Val Loss: 3.8309 | C-index: 0.6977

Epoch 8
-------------------------------
loss: 1.303441  [   64/  678]
loss: 1.509522  [  256/  678]
loss: 0.707303  [  448/  678]
loss: 0.915387  [  640/  678]
Average Training Loss: 0.403241
Val Loss: 3.4271 | C-index: 0.6304

Epoch 9
-------------------------------
loss: 1.505319  [   64/  678]
loss: 1.359795  [  256/  678]
loss: 1.370549  [  448/  678]
loss: 1.369498  [  640/  678]
Average Training Loss: 0.509560
Val Loss: 3.3810 | C-index: 0.6636

Epoch 10
-------------------------------
loss: 1.973804  [   64/  678]
loss: 1.529543  [  256/  678]
loss: 1.707702  [  448/  678]
loss: 1.368049  [  640/  678]
Average Training Loss: 0.598100
Val Loss: 3.2933 | C-index: 0.7533

Epoch 11
-------------------------------
loss: 0.969654  [   64/  678]
loss: 0.120990  [  256/  678]
loss: 1.629495  [  448/  678]
loss: 1.144726  [  640/  678]
Average Training Loss: 0.351351
Val Loss: 3.8501 | C-index: 0.6587

Epoch 12
-------------------------------
loss: 1.330175  [   64/  678]
loss: 1.180067  [  256/  678]
loss: 1.598637  [  448/  678]
loss: 1.543241  [  640/  678]
Average Training Loss: 0.513829
Val Loss: 3.9578 | C-index: 0.6143

Epoch 13
-------------------------------
loss: 0.856715  [   64/  678]
loss: 2.062074  [  256/  678]
loss: 1.216977  [  448/  678]
loss: 1.097484  [  640/  678]
Average Training Loss: 0.475750
Val Loss: 3.7251 | C-index: 0.6811

Epoch 14
-------------------------------
loss: 1.224380  [   64/  678]
loss: 0.446071  [  256/  678]
loss: 0.140051  [  448/  678]
loss: 1.478978  [  640/  678]
Average Training Loss: 0.299044
Val Loss: 3.3613 | C-index: 0.6850

Epoch 15
-------------------------------
loss: 1.343652  [   64/  678]
loss: 1.227031  [  256/  678]
loss: 0.722004  [  448/  678]
loss: 1.422914  [  640/  678]
Average Training Loss: 0.428691
Val Loss: 3.7332 | C-index: 0.7143

Stopping early at Epoch 15 since no C-Index improvement after 5 epochs.
Done!
Best C-Index = 0.7532910775231594 at Epoch 10

=========================================
CV training complete! Mean ± std C-index: 0.6991 ± 0.0726
Best epochs per fold: [6, 10, 7, 6, 10]

=========================================
Retraining model on full train+val for 8 epochs...
Epoch 1
-------------------------------
loss: 3.041203  [   64/  847]
loss: 3.456059  [  320/  847]
loss: 2.844580  [  576/  847]
loss: 2.735690  [  832/  847]
Average Training Loss: 0.862681
Val Loss: 2.7865 | C-index: 0.6614

Epoch 2
-------------------------------
loss: 2.660877  [   64/  847]
loss: 2.755399  [  320/  847]
loss: 2.549385  [  576/  847]
loss: 2.997715  [  832/  847]
Average Training Loss: 0.783098
Val Loss: 2.6401 | C-index: 0.7815

Epoch 3
-------------------------------
loss: 2.535412  [   64/  847]
loss: 3.084526  [  320/  847]
loss: 2.915185  [  576/  847]
loss: 2.617902  [  832/  847]
Average Training Loss: 0.796645
Val Loss: 2.3680 | C-index: 0.8627

Epoch 4
-------------------------------
loss: 1.892462  [   64/  847]
loss: 2.559691  [  320/  847]
loss: 2.457203  [  576/  847]
loss: 1.121017  [  832/  847]
Average Training Loss: 0.573598
Val Loss: 1.9409 | C-index: 0.9109

Epoch 5
-------------------------------
loss: 1.874819  [   64/  847]
loss: 2.213908  [  320/  847]
loss: 1.075198  [  576/  847]
loss: 2.920018  [  832/  847]
Average Training Loss: 0.577424
Val Loss: 1.6281 | C-index: 0.9454

Epoch 6
-------------------------------
loss: 1.157790  [   64/  847]
loss: 2.048262  [  320/  847]
loss: 1.681970  [  576/  847]
loss: 1.914230  [  832/  847]
Average Training Loss: 0.485875
Val Loss: 1.4183 | C-index: 0.9461

Epoch 7
-------------------------------
loss: 0.906397  [   64/  847]
loss: 1.921021  [  320/  847]
loss: 1.901768  [  576/  847]
loss: 2.417033  [  832/  847]
Average Training Loss: 0.510444
Val Loss: 1.3757 | C-index: 0.9540

Epoch 8
-------------------------------
loss: 2.007187  [   64/  847]
loss: 1.925418  [  320/  847]
loss: 1.311927  [  576/  847]
loss: 1.884910  [  832/  847]
Average Training Loss: 0.509246
Val Loss: 1.3539 | C-index: 0.9510

Done!
Best C-Index = 0.9540292562649659 at Epoch 7
FINAL TEST Average Loss: 2.8293
FINAL TEST C-index: 0.5051
Bootstrap 95% CI: [0.3650, 0.6625]
Results saved to /Users/evan/Documents/GitHub/HyBINN/experiments/runs/gene_clinical/seed_9/results.json
