train_hybinn.py log started 2026-06-05 22:34:15.102461
=========================================
Model Active Branches: ['gene']
=========================================

=========================================
FOLD 1/5
=========================================

Epoch 1
-------------------------------
loss: 3.035078  [   64/  677]
loss: 2.389081  [  256/  677]
loss: 3.143887  [  448/  677]
loss: 2.963448  [  640/  677]
Average Training Loss: 1.048318
Val Loss: 3.0809 | C-index: 0.4739

Epoch 2
-------------------------------
loss: 2.695415  [   64/  677]
loss: 3.143837  [  256/  677]
loss: 3.268353  [  448/  677]
loss: 2.962641  [  640/  677]
Average Training Loss: 1.097295
Val Loss: 3.0054 | C-index: 0.5653

Epoch 3
-------------------------------
loss: 1.893926  [   64/  677]
loss: 2.538056  [  256/  677]
loss: 2.885664  [  448/  677]
loss: 3.311281  [  640/  677]
Average Training Loss: 0.966266
Val Loss: 2.9308 | C-index: 0.6615

Epoch 4
-------------------------------
loss: 2.226635  [   64/  677]
loss: 2.070076  [  256/  677]
loss: 2.668402  [  448/  677]
loss: 2.609261  [  640/  677]
Average Training Loss: 0.870398
Val Loss: 2.8270 | C-index: 0.7424

Epoch 5
-------------------------------
loss: 2.155695  [   64/  677]
loss: 2.463802  [  256/  677]
loss: 1.794495  [  448/  677]
loss: 2.236480  [  640/  677]
Average Training Loss: 0.786407
Val Loss: 3.3988 | C-index: 0.5370

Epoch 6
-------------------------------
loss: 1.470730  [   64/  677]
loss: 2.564133  [  256/  677]
loss: 1.165612  [  448/  677]
loss: 1.820020  [  640/  677]
Average Training Loss: 0.638227
Val Loss: 2.9465 | C-index: 0.7067

Epoch 7
-------------------------------
loss: 1.954673  [   64/  677]
loss: 1.737975  [  256/  677]
loss: 1.711066  [  448/  677]
loss: 1.987513  [  640/  677]
Average Training Loss: 0.671930
Val Loss: 3.3583 | C-index: 0.6035

Epoch 8
-------------------------------
loss: 0.961379  [   64/  677]
loss: 1.659965  [  256/  677]
loss: 1.565477  [  448/  677]
loss: 1.191839  [  640/  677]
Average Training Loss: 0.488969
Val Loss: 3.0206 | C-index: 0.7082

Epoch 9
-------------------------------
loss: 1.032259  [   64/  677]
loss: 1.384205  [  256/  677]
loss: 2.099346  [  448/  677]
loss: 1.185250  [  640/  677]
Average Training Loss: 0.518278
Val Loss: 3.3402 | C-index: 0.6213

Stopping early at Epoch 9 since no C-Index improvement after 5 epochs.
Done!
Best C-Index = 0.7424317617866005 at Epoch 4

=========================================
FOLD 2/5
=========================================

Epoch 1
-------------------------------
loss: 1.560001  [   64/  677]
loss: 3.273467  [  256/  677]
loss: 3.148533  [  448/  677]
loss: 3.041873  [  640/  677]
Average Training Loss: 1.002170
Val Loss: 2.5928 | C-index: 0.5579

Epoch 2
-------------------------------
loss: 2.568900  [   64/  677]
loss: 2.924555  [  256/  677]
loss: 2.870999  [  448/  677]
loss: 3.039344  [  640/  677]
Average Training Loss: 1.036709
Val Loss: 2.6009 | C-index: 0.5471

Epoch 3
-------------------------------
loss: 2.824018  [   64/  677]
loss: 2.552282  [  256/  677]
loss: 3.000644  [  448/  677]
loss: 2.461158  [  640/  677]
Average Training Loss: 0.985282
Val Loss: 2.5919 | C-index: 0.6058

Epoch 4
-------------------------------
loss: 2.338680  [   64/  677]
loss: 2.221988  [  256/  677]
loss: 2.224340  [  448/  677]
loss: 2.258916  [  640/  677]
Average Training Loss: 0.822175
Val Loss: 2.6564 | C-index: 0.6623

Epoch 5
-------------------------------
loss: 2.189719  [   64/  677]
loss: 1.881150  [  256/  677]
loss: 1.054237  [  448/  677]
loss: 2.039979  [  640/  677]
Average Training Loss: 0.651371
Val Loss: 2.6724 | C-index: 0.6543

Epoch 6
-------------------------------
loss: 1.396374  [   64/  677]
loss: 2.294164  [  256/  677]
loss: 1.829923  [  448/  677]
loss: 1.350816  [  640/  677]
Average Training Loss: 0.624662
Val Loss: 2.8544 | C-index: 0.6338

Epoch 7
-------------------------------
loss: 1.573043  [   64/  677]
loss: 1.782664  [  256/  677]
loss: 1.098190  [  448/  677]
loss: 2.090770  [  640/  677]
Average Training Loss: 0.594970
Val Loss: 2.9587 | C-index: 0.6189

Epoch 8
-------------------------------
loss: 1.353601  [   64/  677]
loss: 1.691228  [  256/  677]
loss: 1.376725  [  448/  677]
loss: 1.153175  [  640/  677]
Average Training Loss: 0.506794
Val Loss: 2.9047 | C-index: 0.6703

Epoch 9
-------------------------------
loss: 1.359686  [   64/  677]
loss: 0.946598  [  256/  677]
loss: 1.395992  [  448/  677]
loss: 1.883401  [  640/  677]
Average Training Loss: 0.507789
Val Loss: 2.9855 | C-index: 0.6395

Epoch 10
-------------------------------
loss: 1.012604  [   64/  677]
loss: 0.822019  [  256/  677]
loss: 1.579000  [  448/  677]
loss: 1.277507  [  640/  677]
Average Training Loss: 0.426466
Val Loss: 3.7058 | C-index: 0.6440

Epoch 11
-------------------------------
loss: 1.456168  [   64/  677]
loss: 1.210378  [  256/  677]
loss: 1.324882  [  448/  677]
loss: 1.595961  [  640/  677]
Average Training Loss: 0.507944
Val Loss: 2.9125 | C-index: 0.6851

Epoch 12
-------------------------------
loss: 2.176910  [   64/  677]
loss: 1.758744  [  256/  677]
loss: 1.178584  [  448/  677]
loss: 1.477761  [  640/  677]
Average Training Loss: 0.599273
Val Loss: 2.6825 | C-index: 0.6828

Epoch 13
-------------------------------
loss: 1.204314  [   64/  677]
loss: 1.578439  [  256/  677]
loss: 2.011611  [  448/  677]
loss: 1.995741  [  640/  677]
Average Training Loss: 0.617282
Val Loss: 2.7444 | C-index: 0.6577

Epoch 14
-------------------------------
loss: 1.044250  [   64/  677]
loss: 0.993431  [  256/  677]
loss: 1.215325  [  448/  677]
loss: 1.642694  [  640/  677]
Average Training Loss: 0.445064
Val Loss: 2.8611 | C-index: 0.6834

Epoch 15
-------------------------------
loss: 0.865716  [   64/  677]
loss: 1.388361  [  256/  677]
loss: 1.434514  [  448/  677]
loss: 2.009032  [  640/  677]
Average Training Loss: 0.517966
Val Loss: 3.2972 | C-index: 0.6161

Epoch 16
-------------------------------
loss: 1.442813  [   64/  677]
loss: 0.913945  [  256/  677]
loss: 0.753050  [  448/  677]
loss: 2.038190  [  640/  677]
Average Training Loss: 0.468000
Val Loss: 3.0305 | C-index: 0.6925

Epoch 17
-------------------------------
loss: 0.884629  [   64/  677]
loss: 0.783036  [  256/  677]
loss: 1.413644  [  448/  677]
loss: 1.161274  [  640/  677]
Average Training Loss: 0.385689
Val Loss: 3.2695 | C-index: 0.6760

Epoch 18
-------------------------------
loss: 1.415221  [   64/  677]
loss: 1.757487  [  256/  677]
loss: 0.963459  [  448/  677]
loss: 1.204186  [  640/  677]
Average Training Loss: 0.485487
Val Loss: 3.3608 | C-index: 0.6737

Epoch 19
-------------------------------
loss: 0.739716  [   64/  677]
loss: 1.161814  [  256/  677]
loss: 0.821799  [  448/  677]
loss: 1.226081  [  640/  677]
Average Training Loss: 0.359037
Val Loss: 3.5901 | C-index: 0.6543

Epoch 20
-------------------------------
loss: 1.009493  [   64/  677]
loss: 0.874776  [  256/  677]
loss: 0.787512  [  448/  677]
loss: 0.736774  [  640/  677]
Average Training Loss: 0.309869
Val Loss: 3.5167 | C-index: 0.6748

Epoch 21
-------------------------------
loss: 1.322020  [   64/  677]
loss: 1.165243  [  256/  677]
loss: 1.226971  [  448/  677]
loss: 1.419145  [  640/  677]
Average Training Loss: 0.466671
Val Loss: 3.3032 | C-index: 0.6777

Stopping early at Epoch 21 since no C-Index improvement after 5 epochs.
Done!
Best C-Index = 0.6925270964061608 at Epoch 16

=========================================
FOLD 3/5
=========================================

Epoch 1
-------------------------------
loss: 3.097635  [   64/  678]
loss: 3.023415  [  256/  678]
loss: 2.741089  [  448/  678]
loss: 2.855875  [  640/  678]
Average Training Loss: 1.065274
Val Loss: 3.0633 | C-index: 0.5613

Epoch 2
-------------------------------
loss: 2.940715  [   64/  678]
loss: 2.771395  [  256/  678]
loss: 3.001672  [  448/  678]
loss: 2.490677  [  640/  678]
Average Training Loss: 1.018587
Val Loss: 3.1362 | C-index: 0.5524

Epoch 3
-------------------------------
loss: 2.503080  [   64/  678]
loss: 2.621572  [  256/  678]
loss: 2.658492  [  448/  678]
loss: 2.442281  [  640/  678]
Average Training Loss: 0.929584
Val Loss: 3.0745 | C-index: 0.5839

Epoch 4
-------------------------------
loss: 2.464738  [   64/  678]
loss: 1.984774  [  256/  678]
loss: 2.531283  [  448/  678]
loss: 3.129094  [  640/  678]
Average Training Loss: 0.919081
Val Loss: 3.1364 | C-index: 0.6053

Epoch 5
-------------------------------
loss: 1.565071  [   64/  678]
loss: 2.285592  [  256/  678]
loss: 2.159266  [  448/  678]
loss: 1.837508  [  640/  678]
Average Training Loss: 0.713403
Val Loss: 3.2081 | C-index: 0.6572

Epoch 6
-------------------------------
loss: 1.554639  [   64/  678]
loss: 1.913427  [  256/  678]
loss: 1.965529  [  448/  678]
loss: 2.117163  [  640/  678]
Average Training Loss: 0.686433
Val Loss: 3.0684 | C-index: 0.6420

Epoch 7
-------------------------------
loss: 1.906345  [   64/  678]
loss: 1.670032  [  256/  678]
loss: 1.309168  [  448/  678]
loss: 1.641847  [  640/  678]
Average Training Loss: 0.593399
Val Loss: 3.4257 | C-index: 0.5702

Epoch 8
-------------------------------
loss: 1.549354  [   64/  678]
loss: 1.444240  [  256/  678]
loss: 1.609192  [  448/  678]
loss: 1.714011  [  640/  678]
Average Training Loss: 0.574254
Val Loss: 3.4800 | C-index: 0.5597

Epoch 9
-------------------------------
loss: 1.157173  [   64/  678]
loss: 1.775897  [  256/  678]
loss: 1.595903  [  448/  678]
loss: 0.854177  [  640/  678]
Average Training Loss: 0.489377
Val Loss: 3.5410 | C-index: 0.5624

Epoch 10
-------------------------------
loss: 0.999759  [   64/  678]
loss: 1.285734  [  256/  678]
loss: 0.965769  [  448/  678]
loss: 1.390975  [  640/  678]
Average Training Loss: 0.422021
Val Loss: 3.5768 | C-index: 0.5881

Stopping early at Epoch 10 since no C-Index improvement after 5 epochs.
Done!
Best C-Index = 0.6572327044025157 at Epoch 5

=========================================
FOLD 4/5
=========================================

Epoch 1
-------------------------------
loss: 3.400806  [   64/  678]
loss: 2.928631  [  256/  678]
loss: 3.169401  [  448/  678]
loss: 3.158999  [  640/  678]
Average Training Loss: 1.150712
Val Loss: 2.2781 | C-index: 0.6712

Epoch 2
-------------------------------
loss: 2.932854  [   64/  678]
loss: 2.660955  [  256/  678]
loss: 2.960957  [  448/  678]
loss: 3.426347  [  640/  678]
Average Training Loss: 1.089192
Val Loss: 2.2021 | C-index: 0.7174

Epoch 3
-------------------------------
loss: 2.759271  [   64/  678]
loss: 2.701586  [  256/  678]
loss: 2.925256  [  448/  678]
loss: 2.694197  [  640/  678]
Average Training Loss: 1.007301
Val Loss: 2.2023 | C-index: 0.6957

Epoch 4
-------------------------------
loss: 2.507543  [   64/  678]
loss: 2.618236  [  256/  678]
loss: 2.031850  [  448/  678]
loss: 2.346381  [  640/  678]
Average Training Loss: 0.864001
Val Loss: 2.0949 | C-index: 0.6658

Epoch 5
-------------------------------
loss: 1.836204  [   64/  678]
loss: 1.547094  [  256/  678]
loss: 2.691188  [  448/  678]
loss: 1.799164  [  640/  678]
Average Training Loss: 0.715786
Val Loss: 2.5003 | C-index: 0.6603

Epoch 6
-------------------------------
loss: 1.858562  [   64/  678]
loss: 1.956754  [  256/  678]
loss: 2.136514  [  448/  678]
loss: 2.130929  [  640/  678]
Average Training Loss: 0.734796
Val Loss: 2.2013 | C-index: 0.7165

Epoch 7
-------------------------------
loss: 1.544153  [   64/  678]
loss: 1.641272  [  256/  678]
loss: 1.631940  [  448/  678]
loss: 1.952150  [  640/  678]
Average Training Loss: 0.615410
Val Loss: 2.3707 | C-index: 0.6830

Stopping early at Epoch 7 since no C-Index improvement after 5 epochs.
Done!
Best C-Index = 0.717391304347826 at Epoch 2

=========================================
FOLD 5/5
=========================================

Epoch 1
-------------------------------
loss: 3.144974  [   64/  678]
loss: 2.773921  [  256/  678]
loss: 2.721536  [  448/  678]
loss: 3.275133  [  640/  678]
Average Training Loss: 1.083233
Val Loss: 2.8960 | C-index: 0.5078

Epoch 2
-------------------------------
loss: 3.182451  [   64/  678]
loss: 2.972556  [  256/  678]
loss: 3.015838  [  448/  678]
loss: 2.285502  [  640/  678]
Average Training Loss: 1.041486
Val Loss: 2.8499 | C-index: 0.6069

Epoch 3
-------------------------------
loss: 2.241803  [   64/  678]
loss: 2.775372  [  256/  678]
loss: 2.539306  [  448/  678]
loss: 2.755761  [  640/  678]
Average Training Loss: 0.937477
Val Loss: 2.8733 | C-index: 0.6350

Epoch 4
-------------------------------
loss: 1.714761  [   64/  678]
loss: 2.896130  [  256/  678]
loss: 1.607386  [  448/  678]
loss: 1.963498  [  640/  678]
Average Training Loss: 0.743798
Val Loss: 2.9759 | C-index: 0.6165

Epoch 5
-------------------------------
loss: 1.549971  [   64/  678]
loss: 1.718222  [  256/  678]
loss: 1.590648  [  448/  678]
loss: 2.098568  [  640/  678]
Average Training Loss: 0.632492
Val Loss: 3.1160 | C-index: 0.5902

Epoch 6
-------------------------------
loss: 1.597853  [   64/  678]
loss: 1.858751  [  256/  678]
loss: 1.912068  [  448/  678]
loss: 1.493742  [  640/  678]
Average Training Loss: 0.623856
Val Loss: 3.3328 | C-index: 0.6493

Epoch 7
-------------------------------
loss: 1.174989  [   64/  678]
loss: 1.595805  [  256/  678]
loss: 1.996206  [  448/  678]
loss: 1.330832  [  640/  678]
Average Training Loss: 0.554348
Val Loss: 3.0147 | C-index: 0.6225

Epoch 8
-------------------------------
loss: 0.877527  [   64/  678]
loss: 1.243003  [  256/  678]
loss: 1.786758  [  448/  678]
loss: 0.623309  [  640/  678]
Average Training Loss: 0.411872
Val Loss: 4.2459 | C-index: 0.6260

Epoch 9
-------------------------------
loss: 1.893343  [   64/  678]
loss: 2.244647  [  256/  678]
loss: 1.183854  [  448/  678]
loss: 2.275854  [  640/  678]
Average Training Loss: 0.690700
Val Loss: 3.2938 | C-index: 0.5651

Epoch 10
-------------------------------
loss: 1.300667  [   64/  678]
loss: 2.540584  [  256/  678]
loss: 1.853394  [  448/  678]
loss: 1.707612  [  640/  678]
Average Training Loss: 0.672933
Val Loss: 3.4466 | C-index: 0.6243

Epoch 11
-------------------------------
loss: 1.331359  [   64/  678]
loss: 1.628366  [  256/  678]
loss: 0.782894  [  448/  678]
loss: 1.569175  [  640/  678]
Average Training Loss: 0.482890
Val Loss: 3.1311 | C-index: 0.6022

Stopping early at Epoch 11 since no C-Index improvement after 5 epochs.
Done!
Best C-Index = 0.6493428912783752 at Epoch 6

=========================================
CV training complete! Mean ± std C-index: 0.6918 ± 0.0353
Best epochs per fold: [4, 16, 5, 2, 6]

=========================================
Retraining model on full train+val for 7 epochs...
Epoch 1
-------------------------------
loss: 2.618242  [   64/  847]
loss: 3.585333  [  320/  847]
loss: 3.085793  [  576/  847]
loss: 3.295199  [  832/  847]
Average Training Loss: 0.898898
Val Loss: 2.8202 | C-index: 0.6759

Epoch 2
-------------------------------
loss: 2.668736  [   64/  847]
loss: 2.722665  [  320/  847]
loss: 2.923397  [  576/  847]
loss: 2.743277  [  832/  847]
Average Training Loss: 0.789862
Val Loss: 2.5932 | C-index: 0.7794

Epoch 3
-------------------------------
loss: 2.557771  [   64/  847]
loss: 2.935649  [  320/  847]
loss: 2.670425  [  576/  847]
loss: 2.430537  [  832/  847]
Average Training Loss: 0.756742
Val Loss: 2.1020 | C-index: 0.8662

Epoch 4
-------------------------------
loss: 1.743074  [   64/  847]
loss: 1.837915  [  320/  847]
loss: 1.975741  [  576/  847]
loss: 2.353774  [  832/  847]
Average Training Loss: 0.565036
Val Loss: 1.7848 | C-index: 0.9228

Epoch 5
-------------------------------
loss: 2.152987  [   64/  847]
loss: 1.769716  [  320/  847]
loss: 1.910730  [  576/  847]
loss: 2.663297  [  832/  847]
Average Training Loss: 0.606909
Val Loss: 1.5994 | C-index: 0.9335

Epoch 6
-------------------------------
loss: 2.104976  [   64/  847]
loss: 1.471122  [  320/  847]
loss: 1.933567  [  576/  847]
loss: 1.550604  [  832/  847]
Average Training Loss: 0.504305
Val Loss: 1.4327 | C-index: 0.9481

Epoch 7
-------------------------------
loss: 1.214536  [   64/  847]
loss: 1.846181  [  320/  847]
loss: 1.486807  [  576/  847]
loss: 1.892487  [  832/  847]
Average Training Loss: 0.460001
Val Loss: 1.2754 | C-index: 0.9555

Done!
Best C-Index = 0.955533085641725 at Epoch 7
FINAL TEST Average Loss: 2.6405
FINAL TEST C-index: 0.6342
Bootstrap 95% CI: [0.4788, 0.7758]
Results saved to /Users/evan/Documents/GitHub/HyBINN/experiments/runs/gene_only/seed_3/results.json
