train_hybinn.py log started 2026-06-17 01:17:02.455693
=========================================
Model Active Branches: ['binn', 'clinical']
=========================================

=========================================
FOLD 1/5
=========================================

Epoch 1
-------------------------------
loss: 2.856100  [   64/  677]
loss: 2.619509  [  256/  677]
loss: 2.842461  [  448/  677]
loss: 2.992376  [  640/  677]
Average Training Loss: 1.028222
Val Loss: 2.5735 | C-index: 0.4326

Epoch 2
-------------------------------
loss: 2.581270  [   64/  677]
loss: 3.438472  [  256/  677]
loss: 3.034347  [  448/  677]
loss: 3.315837  [  640/  677]
Average Training Loss: 1.124539
Val Loss: 2.5704 | C-index: 0.5835

Epoch 3
-------------------------------
loss: 3.340542  [   64/  677]
loss: 3.032260  [  256/  677]
loss: 2.849698  [  448/  677]
loss: 2.701118  [  640/  677]
Average Training Loss: 1.083965
Val Loss: 2.5687 | C-index: 0.5781

Epoch 4
-------------------------------
loss: 2.686769  [   64/  677]
loss: 3.251924  [  256/  677]
loss: 3.172112  [  448/  677]
loss: 2.855075  [  640/  677]
Average Training Loss: 1.087807
Val Loss: 2.5805 | C-index: 0.5350

Epoch 5
-------------------------------
loss: 2.632392  [   64/  677]
loss: 3.150927  [  256/  677]
loss: 3.073562  [  448/  677]
loss: 3.071766  [  640/  677]
Average Training Loss: 1.084422
Val Loss: 2.5900 | C-index: 0.5273

Epoch 6
-------------------------------
loss: 3.158929  [   64/  677]
loss: 2.696477  [  256/  677]
loss: 2.960490  [  448/  677]
loss: 2.764846  [  640/  677]
Average Training Loss: 1.052795
Val Loss: 2.5901 | C-index: 0.5281

Epoch 7
-------------------------------
loss: 2.705719  [   64/  677]
loss: 1.801266  [  256/  677]
loss: 2.831351  [  448/  677]
loss: 2.762965  [  640/  677]
Average Training Loss: 0.918300
Val Loss: 2.5373 | C-index: 0.5758

Stopping early at Epoch 7 since no C-Index improvement after 5 epochs.
Done!
Best C-Index = 0.5835257890685143 at Epoch 2

=========================================
FOLD 2/5
=========================================

Epoch 1
-------------------------------
loss: 2.913834  [   64/  677]
loss: 3.299656  [  256/  677]
loss: 2.881338  [  448/  677]
loss: 3.047043  [  640/  677]
Average Training Loss: 1.103806
Val Loss: 2.9064 | C-index: 0.6350

Epoch 2
-------------------------------
loss: 2.916426  [   64/  677]
loss: 2.890626  [  256/  677]
loss: 3.079765  [  448/  677]
loss: 2.554347  [  640/  677]
Average Training Loss: 1.040106
Val Loss: 2.9018 | C-index: 0.6569

Epoch 3
-------------------------------
loss: 3.030259  [   64/  677]
loss: 2.828876  [  256/  677]
loss: 3.194093  [  448/  677]
loss: 2.428233  [  640/  677]
Average Training Loss: 1.043769
Val Loss: 2.8932 | C-index: 0.6564

Epoch 4
-------------------------------
loss: 2.745655  [   64/  677]
loss: 2.316358  [  256/  677]
loss: 2.612684  [  448/  677]
loss: 3.086524  [  640/  677]
Average Training Loss: 0.978293
Val Loss: 2.8691 | C-index: 0.6480

Epoch 5
-------------------------------
loss: 3.127868  [   64/  677]
loss: 3.020083  [  256/  677]
loss: 2.557034  [  448/  677]
loss: 2.900368  [  640/  677]
Average Training Loss: 1.055032
Val Loss: 2.8402 | C-index: 0.6519

Epoch 6
-------------------------------
loss: 2.803399  [   64/  677]
loss: 3.113493  [  256/  677]
loss: 2.765897  [  448/  677]
loss: 2.507557  [  640/  677]
Average Training Loss: 1.017304
Val Loss: 2.7963 | C-index: 0.7019

Epoch 7
-------------------------------
loss: 2.463238  [   64/  677]
loss: 2.992156  [  256/  677]
loss: 2.347072  [  448/  677]
loss: 3.108349  [  640/  677]
Average Training Loss: 0.991892
Val Loss: 2.7846 | C-index: 0.7002

Epoch 8
-------------------------------
loss: 2.579709  [   64/  677]
loss: 2.690696  [  256/  677]
loss: 2.655008  [  448/  677]
loss: 2.482113  [  640/  677]
Average Training Loss: 0.946139
Val Loss: 2.7518 | C-index: 0.7254

Epoch 9
-------------------------------
loss: 2.699461  [   64/  677]
loss: 2.455806  [  256/  677]
loss: 2.526047  [  448/  677]
loss: 2.733326  [  640/  677]
Average Training Loss: 0.946786
Val Loss: 2.7248 | C-index: 0.7294

Epoch 10
-------------------------------
loss: 2.264228  [   64/  677]
loss: 2.363213  [  256/  677]
loss: 2.366316  [  448/  677]
loss: 1.760697  [  640/  677]
Average Training Loss: 0.795859
Val Loss: 2.6871 | C-index: 0.7440

Epoch 11
-------------------------------
loss: 2.297453  [   64/  677]
loss: 2.765949  [  256/  677]
loss: 1.952281  [  448/  677]
loss: 2.784434  [  640/  677]
Average Training Loss: 0.890920
Val Loss: 2.6689 | C-index: 0.7254

Epoch 12
-------------------------------
loss: 1.777203  [   64/  677]
loss: 1.969518  [  256/  677]
loss: 2.032420  [  448/  677]
loss: 2.502951  [  640/  677]
Average Training Loss: 0.752917
Val Loss: 2.6640 | C-index: 0.7670

Epoch 13
-------------------------------
loss: 2.480134  [   64/  677]
loss: 2.385436  [  256/  677]
loss: 2.175435  [  448/  677]
loss: 2.327020  [  640/  677]
Average Training Loss: 0.851639
Val Loss: 2.6374 | C-index: 0.7462

Epoch 14
-------------------------------
loss: 1.634211  [   64/  677]
loss: 2.268667  [  256/  677]
loss: 2.247118  [  448/  677]
loss: 2.969293  [  640/  677]
Average Training Loss: 0.829026
Val Loss: 2.6347 | C-index: 0.7310

Epoch 15
-------------------------------
loss: 2.084759  [   64/  677]
loss: 1.906887  [  256/  677]
loss: 2.676891  [  448/  677]
loss: 2.199168  [  640/  677]
Average Training Loss: 0.806155
Val Loss: 2.6754 | C-index: 0.7507

Epoch 16
-------------------------------
loss: 2.240185  [   64/  677]
loss: 2.247049  [  256/  677]
loss: 2.072952  [  448/  677]
loss: 2.226364  [  640/  677]
Average Training Loss: 0.798777
Val Loss: 2.6950 | C-index: 0.7462

Epoch 17
-------------------------------
loss: 2.257790  [   64/  677]
loss: 2.725274  [  256/  677]
loss: 2.533543  [  448/  677]
loss: 2.282504  [  640/  677]
Average Training Loss: 0.890828
Val Loss: 2.6811 | C-index: 0.7428

Stopping early at Epoch 17 since no C-Index improvement after 5 epochs.
Done!
Best C-Index = 0.7669848399775407 at Epoch 12

=========================================
FOLD 3/5
=========================================

Epoch 1
-------------------------------
loss: 3.154541  [   64/  678]
loss: 3.246918  [  256/  678]
loss: 2.368618  [  448/  678]
loss: 2.754341  [  640/  678]
Average Training Loss: 1.047674
Val Loss: 2.7863 | C-index: 0.5251

Epoch 2
-------------------------------
loss: 3.163839  [   64/  678]
loss: 2.719726  [  256/  678]
loss: 3.119562  [  448/  678]
loss: 2.308317  [  640/  678]
Average Training Loss: 1.028313
Val Loss: 2.7857 | C-index: 0.4942

Epoch 3
-------------------------------
loss: 3.098064  [   64/  678]
loss: 3.186118  [  256/  678]
loss: 3.211048  [  448/  678]
loss: 2.630697  [  640/  678]
Average Training Loss: 1.102357
Val Loss: 2.7809 | C-index: 0.5031

Epoch 4
-------------------------------
loss: 3.114642  [   64/  678]
loss: 2.911893  [  256/  678]
loss: 3.237236  [  448/  678]
loss: 2.611643  [  640/  678]
Average Training Loss: 1.079583
Val Loss: 2.7682 | C-index: 0.5162

Epoch 5
-------------------------------
loss: 2.603185  [   64/  678]
loss: 2.703774  [  256/  678]
loss: 2.908653  [  448/  678]
loss: 3.219909  [  640/  678]
Average Training Loss: 1.039593
Val Loss: 2.7474 | C-index: 0.5582

Epoch 6
-------------------------------
loss: 2.931959  [   64/  678]
loss: 2.735356  [  256/  678]
loss: 2.575384  [  448/  678]
loss: 2.146474  [  640/  678]
Average Training Loss: 0.944470
Val Loss: 2.7408 | C-index: 0.6029

Epoch 7
-------------------------------
loss: 3.005881  [   64/  678]
loss: 2.470040  [  256/  678]
loss: 2.465133  [  448/  678]
loss: 2.613141  [  640/  678]
Average Training Loss: 0.959472
Val Loss: 2.7292 | C-index: 0.6180

Epoch 8
-------------------------------
loss: 2.657766  [   64/  678]
loss: 2.302836  [  256/  678]
loss: 2.898042  [  448/  678]
loss: 2.521213  [  640/  678]
Average Training Loss: 0.943623
Val Loss: 2.6894 | C-index: 0.6428

Epoch 9
-------------------------------
loss: 2.035378  [   64/  678]
loss: 2.160320  [  256/  678]
loss: 2.484370  [  448/  678]
loss: 2.432936  [  640/  678]
Average Training Loss: 0.828455
Val Loss: 2.7097 | C-index: 0.6552

Epoch 10
-------------------------------
loss: 2.404748  [   64/  678]
loss: 2.708209  [  256/  678]
loss: 3.017757  [  448/  678]
loss: 2.337777  [  640/  678]
Average Training Loss: 0.951681
Val Loss: 2.7483 | C-index: 0.6167

Epoch 11
-------------------------------
loss: 2.399029  [   64/  678]
loss: 1.647326  [  256/  678]
loss: 2.367293  [  448/  678]
loss: 2.307804  [  640/  678]
Average Training Loss: 0.792859
Val Loss: 2.7306 | C-index: 0.6628

Epoch 12
-------------------------------
loss: 2.792786  [   64/  678]
loss: 2.067826  [  256/  678]
loss: 2.492120  [  448/  678]
loss: 1.967478  [  640/  678]
Average Training Loss: 0.847292
Val Loss: 2.7231 | C-index: 0.6889

Epoch 13
-------------------------------
loss: 2.297726  [   64/  678]
loss: 1.816012  [  256/  678]
loss: 2.624106  [  448/  678]
loss: 2.661077  [  640/  678]
Average Training Loss: 0.854447
Val Loss: 2.7669 | C-index: 0.6428

Epoch 14
-------------------------------
loss: 2.340150  [   64/  678]
loss: 2.733612  [  256/  678]
loss: 2.357531  [  448/  678]
loss: 1.994727  [  640/  678]
Average Training Loss: 0.856911
Val Loss: 2.7311 | C-index: 0.6965

Epoch 15
-------------------------------
loss: 1.993395  [   64/  678]
loss: 2.216052  [  256/  678]
loss: 2.395445  [  448/  678]
loss: 2.651279  [  640/  678]
Average Training Loss: 0.841470
Val Loss: 2.7473 | C-index: 0.6848

Epoch 16
-------------------------------
loss: 2.841388  [   64/  678]
loss: 2.083500  [  256/  678]
loss: 2.591080  [  448/  678]
loss: 2.018137  [  640/  678]
Average Training Loss: 0.866737
Val Loss: 2.7279 | C-index: 0.6862

Epoch 17
-------------------------------
loss: 2.063507  [   64/  678]
loss: 2.385231  [  256/  678]
loss: 1.944222  [  448/  678]
loss: 2.028101  [  640/  678]
Average Training Loss: 0.765551
Val Loss: 2.7583 | C-index: 0.6421

Epoch 18
-------------------------------
loss: 2.394236  [   64/  678]
loss: 2.205381  [  256/  678]
loss: 1.809812  [  448/  678]
loss: 1.918558  [  640/  678]
Average Training Loss: 0.757090
Val Loss: 2.8000 | C-index: 0.6056

Epoch 19
-------------------------------
loss: 2.314545  [   64/  678]
loss: 2.465771  [  256/  678]
loss: 2.341037  [  448/  678]
loss: 1.985636  [  640/  678]
Average Training Loss: 0.827908
Val Loss: 2.7726 | C-index: 0.6676

Stopping early at Epoch 19 since no C-Index improvement after 5 epochs.
Done!
Best C-Index = 0.6964900206469373 at Epoch 14

=========================================
FOLD 4/5
=========================================

Epoch 1
-------------------------------
loss: 2.799463  [   64/  678]
loss: 3.394450  [  256/  678]
loss: 2.707873  [  448/  678]
loss: 3.464422  [  640/  678]
Average Training Loss: 1.124201
Val Loss: 2.8300 | C-index: 0.5061

Epoch 2
-------------------------------
loss: 2.455328  [   64/  678]
loss: 2.753110  [  256/  678]
loss: 2.573925  [  448/  678]
loss: 2.886441  [  640/  678]
Average Training Loss: 0.969891
Val Loss: 2.8284 | C-index: 0.5241

Epoch 3
-------------------------------
loss: 2.978375  [   64/  678]
loss: 3.016660  [  256/  678]
loss: 3.277262  [  448/  678]
loss: 2.792931  [  640/  678]
Average Training Loss: 1.096839
Val Loss: 2.8329 | C-index: 0.4846

Epoch 4
-------------------------------
loss: 3.142322  [   64/  678]
loss: 2.721061  [  256/  678]
loss: 3.141875  [  448/  678]
loss: 3.026014  [  640/  678]
Average Training Loss: 1.093752
Val Loss: 2.8728 | C-index: 0.4539

Epoch 5
-------------------------------
loss: 2.686619  [   64/  678]
loss: 2.318328  [  256/  678]
loss: 2.764581  [  448/  678]
loss: 2.764452  [  640/  678]
Average Training Loss: 0.957634
Val Loss: 2.8801 | C-index: 0.4870

Epoch 6
-------------------------------
loss: 3.287649  [   64/  678]
loss: 2.478450  [  256/  678]
loss: 2.165267  [  448/  678]
loss: 2.472355  [  640/  678]
Average Training Loss: 0.945793
Val Loss: 2.8501 | C-index: 0.5693

Epoch 7
-------------------------------
loss: 2.108762  [   64/  678]
loss: 2.268631  [  256/  678]
loss: 2.715640  [  448/  678]
loss: 2.698087  [  640/  678]
Average Training Loss: 0.890102
Val Loss: 2.8759 | C-index: 0.5594

Epoch 8
-------------------------------
loss: 2.933895  [   64/  678]
loss: 2.216493  [  256/  678]
loss: 2.676573  [  448/  678]
loss: 2.828121  [  640/  678]
Average Training Loss: 0.968644
Val Loss: 2.8239 | C-index: 0.6128

Epoch 9
-------------------------------
loss: 2.562243  [   64/  678]
loss: 2.200303  [  256/  678]
loss: 2.736522  [  448/  678]
loss: 2.191816  [  640/  678]
Average Training Loss: 0.880989
Val Loss: 2.8173 | C-index: 0.6157

Epoch 10
-------------------------------
loss: 2.327648  [   64/  678]
loss: 2.482061  [  256/  678]
loss: 2.592932  [  448/  678]
loss: 2.362482  [  640/  678]
Average Training Loss: 0.887739
Val Loss: 2.8251 | C-index: 0.6046

Epoch 11
-------------------------------
loss: 2.584892  [   64/  678]
loss: 2.631799  [  256/  678]
loss: 2.233927  [  448/  678]
loss: 2.378639  [  640/  678]
Average Training Loss: 0.893569
Val Loss: 2.8188 | C-index: 0.6145

Epoch 12
-------------------------------
loss: 2.536358  [   64/  678]
loss: 2.741044  [  256/  678]
loss: 2.101418  [  448/  678]
loss: 2.827704  [  640/  678]
Average Training Loss: 0.927866
Val Loss: 2.7966 | C-index: 0.6383

Epoch 13
-------------------------------
loss: 2.490964  [   64/  678]
loss: 2.404290  [  256/  678]
loss: 2.468162  [  448/  678]
loss: 2.195449  [  640/  678]
Average Training Loss: 0.868988
Val Loss: 2.8326 | C-index: 0.6325

Epoch 14
-------------------------------
loss: 2.439326  [   64/  678]
loss: 1.781692  [  256/  678]
loss: 2.591037  [  448/  678]
loss: 2.235320  [  640/  678]
Average Training Loss: 0.822489
Val Loss: 2.8348 | C-index: 0.6272

Epoch 15
-------------------------------
loss: 1.883330  [   64/  678]
loss: 3.066921  [  256/  678]
loss: 2.578486  [  448/  678]
loss: 2.431142  [  640/  678]
Average Training Loss: 0.905443
Val Loss: 2.8503 | C-index: 0.6423

Epoch 16
-------------------------------
loss: 2.169920  [   64/  678]
loss: 2.038173  [  256/  678]
loss: 2.308977  [  448/  678]
loss: 2.315687  [  640/  678]
Average Training Loss: 0.802978
Val Loss: 2.8432 | C-index: 0.6249

Epoch 17
-------------------------------
loss: 2.502445  [   64/  678]
loss: 2.050627  [  256/  678]
loss: 2.422704  [  448/  678]
loss: 2.154747  [  640/  678]
Average Training Loss: 0.830048
Val Loss: 2.8591 | C-index: 0.6168

Epoch 18
-------------------------------
loss: 2.470604  [   64/  678]
loss: 2.354750  [  256/  678]
loss: 1.945602  [  448/  678]
loss: 2.584206  [  640/  678]
Average Training Loss: 0.850469
Val Loss: 2.8234 | C-index: 0.6336

Epoch 19
-------------------------------
loss: 1.984689  [   64/  678]
loss: 2.683018  [  256/  678]
loss: 2.167039  [  448/  678]
loss: 2.340622  [  640/  678]
Average Training Loss: 0.834124
Val Loss: 2.7823 | C-index: 0.6707

Epoch 20
-------------------------------
loss: 2.251187  [   64/  678]
loss: 1.513959  [  256/  678]
loss: 2.485524  [  448/  678]
loss: 2.212703  [  640/  678]
Average Training Loss: 0.769398
Val Loss: 2.7611 | C-index: 0.6835

Epoch 21
-------------------------------
loss: 2.429804  [   64/  678]
loss: 2.191140  [  256/  678]
loss: 2.194183  [  448/  678]
loss: 2.634351  [  640/  678]
Average Training Loss: 0.859043
Val Loss: 2.8151 | C-index: 0.6562

Epoch 22
-------------------------------
loss: 2.181787  [   64/  678]
loss: 1.713341  [  256/  678]
loss: 2.166787  [  448/  678]
loss: 2.117505  [  640/  678]
Average Training Loss: 0.743584
Val Loss: 2.7754 | C-index: 0.6922

Epoch 23
-------------------------------
loss: 2.286374  [   64/  678]
loss: 2.215519  [  256/  678]
loss: 2.267055  [  448/  678]
loss: 2.144256  [  640/  678]
Average Training Loss: 0.810291
Val Loss: 2.7660 | C-index: 0.6817

Epoch 24
-------------------------------
loss: 1.990735  [   64/  678]
loss: 2.058609  [  256/  678]
loss: 1.706939  [  448/  678]
loss: 2.143746  [  640/  678]
Average Training Loss: 0.718185
Val Loss: 2.7736 | C-index: 0.6441

Epoch 25
-------------------------------
loss: 2.151854  [   64/  678]
loss: 2.230042  [  256/  678]
loss: 1.609229  [  448/  678]
loss: 2.107995  [  640/  678]
Average Training Loss: 0.736284
Val Loss: 2.7742 | C-index: 0.6441

Epoch 26
-------------------------------
loss: 2.184058  [   64/  678]
loss: 1.893834  [  256/  678]
loss: 2.140891  [  448/  678]
loss: 2.018560  [  640/  678]
Average Training Loss: 0.748849
Val Loss: 2.7605 | C-index: 0.6835

Epoch 27
-------------------------------
loss: 2.030084  [   64/  678]
loss: 2.200833  [  256/  678]
loss: 1.838586  [  448/  678]
loss: 2.651286  [  640/  678]
Average Training Loss: 0.792799
Val Loss: 2.7873 | C-index: 0.6649

Stopping early at Epoch 27 since no C-Index improvement after 5 epochs.
Done!
Best C-Index = 0.6921739130434783 at Epoch 22

=========================================
FOLD 5/5
=========================================

Epoch 1
-------------------------------
loss: 2.790704  [   64/  678]
loss: 3.361772  [  256/  678]
loss: 3.480032  [  448/  678]
loss: 2.664155  [  640/  678]
Average Training Loss: 1.117878
Val Loss: 2.8063 | C-index: 0.7140

Epoch 2
-------------------------------
loss: 2.797235  [   64/  678]
loss: 3.167565  [  256/  678]
loss: 3.040885  [  448/  678]
loss: 1.825353  [  640/  678]
Average Training Loss: 0.984640
Val Loss: 2.8013 | C-index: 0.6702

Epoch 3
-------------------------------
loss: 2.780136  [   64/  678]
loss: 3.259173  [  256/  678]
loss: 3.590612  [  448/  678]
loss: 1.769204  [  640/  678]
Average Training Loss: 1.036284
Val Loss: 2.8018 | C-index: 0.6085

Epoch 4
-------------------------------
loss: 3.004936  [   64/  678]
loss: 3.279622  [  256/  678]
loss: 2.829134  [  448/  678]
loss: 3.136827  [  640/  678]
Average Training Loss: 1.113684
Val Loss: 2.8123 | C-index: 0.5827

Epoch 5
-------------------------------
loss: 1.816372  [   64/  678]
loss: 2.768965  [  256/  678]
loss: 3.398567  [  448/  678]
loss: 3.151958  [  640/  678]
Average Training Loss: 1.012351
Val Loss: 2.8035 | C-index: 0.6052

Epoch 6
-------------------------------
loss: 2.581095  [   64/  678]
loss: 2.699503  [  256/  678]
loss: 3.128550  [  448/  678]
loss: 2.806707  [  640/  678]
Average Training Loss: 1.019623
Val Loss: 2.7889 | C-index: 0.6181

Stopping early at Epoch 6 since no C-Index improvement after 5 epochs.
Done!
Best C-Index = 0.7139652271452608 at Epoch 1

=========================================
CV training complete! Mean ± std C-index: 0.6906 ± 0.0598
Best epochs per fold: [2, 12, 14, 22, 1]

=========================================
Retraining model on full train+val for 10 epochs...
Epoch 1
-------------------------------
loss: 3.474463  [   64/  847]
loss: 3.162227  [  320/  847]
loss: 2.792560  [  576/  847]
loss: 2.490607  [  832/  847]
Average Training Loss: 0.851418
Val Loss: 2.8442 | C-index: 0.7305

Epoch 2
-------------------------------
loss: 3.029095  [   64/  847]
loss: 2.996958  [  320/  847]
loss: 2.275345  [  576/  847]
loss: 2.757251  [  832/  847]
Average Training Loss: 0.789904
Val Loss: 2.7537 | C-index: 0.7240

Epoch 3
-------------------------------
loss: 2.751493  [   64/  847]
loss: 2.286564  [  320/  847]
loss: 3.030763  [  576/  847]
loss: 2.930577  [  832/  847]
Average Training Loss: 0.785671
Val Loss: 2.7391 | C-index: 0.7249

Epoch 4
-------------------------------
loss: 3.552925  [   64/  847]
loss: 2.367462  [  320/  847]
loss: 3.103936  [  576/  847]
loss: 2.307407  [  832/  847]
Average Training Loss: 0.809409
Val Loss: 2.6719 | C-index: 0.7558

Epoch 5
-------------------------------
loss: 3.050873  [   64/  847]
loss: 2.492760  [  320/  847]
loss: 2.862262  [  576/  847]
loss: 2.779928  [  832/  847]
Average Training Loss: 0.798987
Val Loss: 2.6710 | C-index: 0.7886

Epoch 6
-------------------------------
loss: 2.845918  [   64/  847]
loss: 2.554568  [  320/  847]
loss: 2.647073  [  576/  847]
loss: 2.412748  [  832/  847]
Average Training Loss: 0.747165
Val Loss: 2.4843 | C-index: 0.8244

Epoch 7
-------------------------------
loss: 2.823089  [   64/  847]
loss: 2.886827  [  320/  847]
loss: 2.447446  [  576/  847]
loss: 2.562110  [  832/  847]
Average Training Loss: 0.765677
Val Loss: 2.4725 | C-index: 0.8667

Epoch 8
-------------------------------
loss: 2.579353  [   64/  847]
loss: 2.319811  [  320/  847]
loss: 2.723319  [  576/  847]
loss: 2.767130  [  832/  847]
Average Training Loss: 0.742115
Val Loss: 2.4189 | C-index: 0.8812

Epoch 9
-------------------------------
loss: 2.463253  [   64/  847]
loss: 2.639652  [  320/  847]
loss: 2.699899  [  576/  847]
loss: 2.573389  [  832/  847]
Average Training Loss: 0.741157
Val Loss: 2.2567 | C-index: 0.9048

Epoch 10
-------------------------------
loss: 2.227381  [   64/  847]
loss: 2.234972  [  320/  847]
loss: 2.733063  [  576/  847]
loss: 2.240193  [  832/  847]
Average Training Loss: 0.673972
Val Loss: 2.2717 | C-index: 0.9049

Done!
Best C-Index = 0.9048763146926867 at Epoch 10
FINAL TEST Average Loss: 2.3759
FINAL TEST C-index: 0.7881
Bootstrap 95% CI: [0.6922, 0.8629]
Top 10 activated pathways:
{'R-HSA-156590': 0.05620197206735611, 'R-HSA-70221': 0.054513152688741684, 'R-HSA-5654732': 0.045195989310741425, 'R-HSA-8948216': 0.04512017220258713, 'R-HSA-9013695': 0.04467714950442314, 'R-HSA-2559585': 0.04361909255385399, 'R-HSA-3000157': 0.043409090489149094, 'R-HSA-177243': 0.04203173890709877, 'R-HSA-9620244': 0.04099760949611664, 'R-HSA-159231': 0.038695912808179855}
Results saved to /Users/evan/Documents/GitHub/HyBINN/experiments/runs/binn_clinical/seed_4/results.json
