train_hybinn.py log started 2026-06-17 01:16:01.089388
=========================================
Model Active Branches: ['binn', 'clinical']
=========================================

=========================================
FOLD 1/5
=========================================

Epoch 1
-------------------------------
loss: 2.607169  [   64/  677]
loss: 3.129259  [  256/  677]
loss: 3.288970  [  448/  677]
loss: 2.658028  [  640/  677]
Average Training Loss: 1.062130
Val Loss: 3.0582 | C-index: 0.7920

Epoch 2
-------------------------------
loss: 3.135952  [   64/  677]
loss: 2.892229  [  256/  677]
loss: 3.238414  [  448/  677]
loss: 2.628893  [  640/  677]
Average Training Loss: 1.081408
Val Loss: 3.0459 | C-index: 0.8003

Epoch 3
-------------------------------
loss: 2.830736  [   64/  677]
loss: 3.019428  [  256/  677]
loss: 3.189478  [  448/  677]
loss: 2.988961  [  640/  677]
Average Training Loss: 1.093509
Val Loss: 3.0223 | C-index: 0.7535

Epoch 4
-------------------------------
loss: 3.099385  [   64/  677]
loss: 3.071562  [  256/  677]
loss: 2.557001  [  448/  677]
loss: 1.958854  [  640/  677]
Average Training Loss: 0.971528
Val Loss: 3.0012 | C-index: 0.6751

Epoch 5
-------------------------------
loss: 2.544699  [   64/  677]
loss: 2.639305  [  256/  677]
loss: 2.818985  [  448/  677]
loss: 2.988044  [  640/  677]
Average Training Loss: 0.999185
Val Loss: 2.9964 | C-index: 0.6318

Epoch 6
-------------------------------
loss: 2.188664  [   64/  677]
loss: 3.408372  [  256/  677]
loss: 2.864881  [  448/  677]
loss: 2.440471  [  640/  677]
Average Training Loss: 0.991126
Val Loss: 2.9794 | C-index: 0.6303

Epoch 7
-------------------------------
loss: 2.836387  [   64/  677]
loss: 2.464943  [  256/  677]
loss: 3.280353  [  448/  677]
loss: 2.748138  [  640/  677]
Average Training Loss: 1.029984
Val Loss: 2.9244 | C-index: 0.6556

Stopping early at Epoch 7 since no C-Index improvement after 5 epochs.
Done!
Best C-Index = 0.8002922552362397 at Epoch 2

=========================================
FOLD 2/5
=========================================

Epoch 1
-------------------------------
loss: 2.836064  [   64/  677]
loss: 2.453230  [  256/  677]
loss: 3.545175  [  448/  677]
loss: 3.100088  [  640/  677]
Average Training Loss: 1.084960
Val Loss: 2.5756 | C-index: 0.4456

Epoch 2
-------------------------------
loss: 3.512280  [   64/  677]
loss: 1.925887  [  256/  677]
loss: 2.659716  [  448/  677]
loss: 3.162555  [  640/  677]
Average Training Loss: 1.023676
Val Loss: 2.5719 | C-index: 0.4483

Epoch 3
-------------------------------
loss: 3.028799  [   64/  677]
loss: 3.149713  [  256/  677]
loss: 2.825717  [  448/  677]
loss: 3.315728  [  640/  677]
Average Training Loss: 1.119996
Val Loss: 2.5752 | C-index: 0.4219

Epoch 4
-------------------------------
loss: 2.985414  [   64/  677]
loss: 2.639819  [  256/  677]
loss: 3.325769  [  448/  677]
loss: 2.849395  [  640/  677]
Average Training Loss: 1.072763
Val Loss: 2.5898 | C-index: 0.4381

Epoch 5
-------------------------------
loss: 2.755364  [   64/  677]
loss: 3.260338  [  256/  677]
loss: 2.462337  [  448/  677]
loss: 2.773501  [  640/  677]
Average Training Loss: 1.022867
Val Loss: 2.6022 | C-index: 0.4618

Epoch 6
-------------------------------
loss: 2.816002  [   64/  677]
loss: 2.842068  [  256/  677]
loss: 3.383805  [  448/  677]
loss: 2.556335  [  640/  677]
Average Training Loss: 1.054383
Val Loss: 2.5710 | C-index: 0.5504

Epoch 7
-------------------------------
loss: 2.166607  [   64/  677]
loss: 3.047129  [  256/  677]
loss: 2.892356  [  448/  677]
loss: 2.242579  [  640/  677]
Average Training Loss: 0.940788
Val Loss: 2.6206 | C-index: 0.5125

Epoch 8
-------------------------------
loss: 2.803573  [   64/  677]
loss: 2.403452  [  256/  677]
loss: 3.311222  [  448/  677]
loss: 2.358618  [  640/  677]
Average Training Loss: 0.988806
Val Loss: 2.5734 | C-index: 0.6065

Epoch 9
-------------------------------
loss: 2.795163  [   64/  677]
loss: 2.501368  [  256/  677]
loss: 2.746155  [  448/  677]
loss: 2.252825  [  640/  677]
Average Training Loss: 0.935956
Val Loss: 2.6061 | C-index: 0.5294

Epoch 10
-------------------------------
loss: 2.251859  [   64/  677]
loss: 2.541389  [  256/  677]
loss: 1.958209  [  448/  677]
loss: 2.555727  [  640/  677]
Average Training Loss: 0.846108
Val Loss: 2.5797 | C-index: 0.5707

Epoch 11
-------------------------------
loss: 2.496341  [   64/  677]
loss: 2.616943  [  256/  677]
loss: 2.044201  [  448/  677]
loss: 2.478391  [  640/  677]
Average Training Loss: 0.875989
Val Loss: 2.5810 | C-index: 0.5707

Epoch 12
-------------------------------
loss: 2.699423  [   64/  677]
loss: 1.893233  [  256/  677]
loss: 2.696862  [  448/  677]
loss: 2.362247  [  640/  677]
Average Training Loss: 0.877433
Val Loss: 2.5609 | C-index: 0.5612

Epoch 13
-------------------------------
loss: 2.635121  [   64/  677]
loss: 2.140509  [  256/  677]
loss: 2.476919  [  448/  677]
loss: 2.381422  [  640/  677]
Average Training Loss: 0.875816
Val Loss: 2.5439 | C-index: 0.6045

Stopping early at Epoch 13 since no C-Index improvement after 5 epochs.
Done!
Best C-Index = 0.6064908722109533 at Epoch 8

=========================================
FOLD 3/5
=========================================

Epoch 1
-------------------------------
loss: 3.037442  [   64/  678]
loss: 3.484196  [  256/  678]
loss: 2.757323  [  448/  678]
loss: 2.097181  [  640/  678]
Average Training Loss: 1.034195
Val Loss: 2.7924 | C-index: 0.5978

Epoch 2
-------------------------------
loss: 2.781931  [   64/  678]
loss: 3.218472  [  256/  678]
loss: 2.950474  [  448/  678]
loss: 2.683174  [  640/  678]
Average Training Loss: 1.057641
Val Loss: 2.7880 | C-index: 0.6260

Epoch 3
-------------------------------
loss: 2.853443  [   64/  678]
loss: 3.099335  [  256/  678]
loss: 3.005377  [  448/  678]
loss: 2.795580  [  640/  678]
Average Training Loss: 1.068521
Val Loss: 2.7742 | C-index: 0.6382

Epoch 4
-------------------------------
loss: 3.357254  [   64/  678]
loss: 2.161215  [  256/  678]
loss: 2.874346  [  448/  678]
loss: 3.354657  [  640/  678]
Average Training Loss: 1.067952
Val Loss: 2.7384 | C-index: 0.6331

Epoch 5
-------------------------------
loss: 2.609335  [   64/  678]
loss: 3.208312  [  256/  678]
loss: 2.299858  [  448/  678]
loss: 3.256997  [  640/  678]
Average Training Loss: 1.034046
Val Loss: 2.6997 | C-index: 0.6588

Epoch 6
-------------------------------
loss: 3.109924  [   64/  678]
loss: 2.782206  [  256/  678]
loss: 3.301496  [  448/  678]
loss: 2.367303  [  640/  678]
Average Training Loss: 1.050993
Val Loss: 2.7067 | C-index: 0.6453

Epoch 7
-------------------------------
loss: 3.179418  [   64/  678]
loss: 2.535759  [  256/  678]
loss: 2.561351  [  448/  678]
loss: 2.258706  [  640/  678]
Average Training Loss: 0.957748
Val Loss: 2.6608 | C-index: 0.6844

Epoch 8
-------------------------------
loss: 2.743922  [   64/  678]
loss: 2.502017  [  256/  678]
loss: 2.849738  [  448/  678]
loss: 2.883864  [  640/  678]
Average Training Loss: 0.998140
Val Loss: 2.6588 | C-index: 0.6761

Epoch 9
-------------------------------
loss: 2.617890  [   64/  678]
loss: 2.678227  [  256/  678]
loss: 2.606520  [  448/  678]
loss: 2.277293  [  640/  678]
Average Training Loss: 0.925448
Val Loss: 2.6950 | C-index: 0.6151

Epoch 10
-------------------------------
loss: 2.808147  [   64/  678]
loss: 2.450421  [  256/  678]
loss: 2.154039  [  448/  678]
loss: 2.406608  [  640/  678]
Average Training Loss: 0.892656
Val Loss: 2.6911 | C-index: 0.6292

Epoch 11
-------------------------------
loss: 2.640710  [   64/  678]
loss: 2.522320  [  256/  678]
loss: 2.591025  [  448/  678]
loss: 2.416414  [  640/  678]
Average Training Loss: 0.924588
Val Loss: 2.7048 | C-index: 0.6145

Epoch 12
-------------------------------
loss: 2.351927  [   64/  678]
loss: 2.342602  [  256/  678]
loss: 2.267799  [  448/  678]
loss: 2.635750  [  640/  678]
Average Training Loss: 0.872553
Val Loss: 2.6998 | C-index: 0.6235

Stopping early at Epoch 12 since no C-Index improvement after 5 epochs.
Done!
Best C-Index = 0.6844130853110969 at Epoch 7

=========================================
FOLD 4/5
=========================================

Epoch 1
-------------------------------
loss: 2.728824  [   64/  678]
loss: 2.965764  [  256/  678]
loss: 2.510182  [  448/  678]
loss: 3.200659  [  640/  678]
Average Training Loss: 1.036857
Val Loss: 2.7574 | C-index: 0.5404

Epoch 2
-------------------------------
loss: 3.009898  [   64/  678]
loss: 2.964039  [  256/  678]
loss: 3.512622  [  448/  678]
loss: 3.138993  [  640/  678]
Average Training Loss: 1.147777
Val Loss: 2.7528 | C-index: 0.5967

Epoch 3
-------------------------------
loss: 2.964640  [   64/  678]
loss: 2.600606  [  256/  678]
loss: 3.282609  [  448/  678]
loss: 3.088147  [  640/  678]
Average Training Loss: 1.085091
Val Loss: 2.7393 | C-index: 0.5791

Epoch 4
-------------------------------
loss: 2.996842  [   64/  678]
loss: 2.880220  [  256/  678]
loss: 2.765142  [  448/  678]
loss: 2.572011  [  640/  678]
Average Training Loss: 1.019474
Val Loss: 2.7297 | C-index: 0.5479

Epoch 5
-------------------------------
loss: 2.772876  [   64/  678]
loss: 2.868935  [  256/  678]
loss: 2.998299  [  448/  678]
loss: 2.674434  [  640/  678]
Average Training Loss: 1.028595
Val Loss: 2.7421 | C-index: 0.5431

Epoch 6
-------------------------------
loss: 2.660490  [   64/  678]
loss: 2.133026  [  256/  678]
loss: 2.467573  [  448/  678]
loss: 3.169517  [  640/  678]
Average Training Loss: 0.948237
Val Loss: 2.7311 | C-index: 0.5438

Epoch 7
-------------------------------
loss: 2.697106  [   64/  678]
loss: 2.555673  [  256/  678]
loss: 2.868296  [  448/  678]
loss: 2.609123  [  640/  678]
Average Training Loss: 0.975473
Val Loss: 2.7754 | C-index: 0.5132

Stopping early at Epoch 7 since no C-Index improvement after 5 epochs.
Done!
Best C-Index = 0.5967413441955194 at Epoch 2

=========================================
FOLD 5/5
=========================================

Epoch 1
-------------------------------
loss: 2.580504  [   64/  678]
loss: 3.379910  [  256/  678]
loss: 2.641458  [  448/  678]
loss: 2.779712  [  640/  678]
Average Training Loss: 1.034690
Val Loss: 2.7991 | C-index: 0.7143

Epoch 2
-------------------------------
loss: 2.876793  [   64/  678]
loss: 2.725541  [  256/  678]
loss: 2.580912  [  448/  678]
loss: 3.740455  [  640/  678]
Average Training Loss: 1.083973
Val Loss: 2.7940 | C-index: 0.7290

Epoch 3
-------------------------------
loss: 3.489346  [   64/  678]
loss: 2.860527  [  256/  678]
loss: 2.875682  [  448/  678]
loss: 2.944652  [  640/  678]
Average Training Loss: 1.106382
Val Loss: 2.7901 | C-index: 0.6767

Epoch 4
-------------------------------
loss: 3.127969  [   64/  678]
loss: 2.892599  [  256/  678]
loss: 3.010128  [  448/  678]
loss: 3.337801  [  640/  678]
Average Training Loss: 1.124409
Val Loss: 2.7671 | C-index: 0.6619

Epoch 5
-------------------------------
loss: 2.968603  [   64/  678]
loss: 2.563236  [  256/  678]
loss: 3.091213  [  448/  678]
loss: 3.077017  [  640/  678]
Average Training Loss: 1.063643
Val Loss: 2.7601 | C-index: 0.6450

Epoch 6
-------------------------------
loss: 2.434107  [   64/  678]
loss: 3.623362  [  256/  678]
loss: 2.138090  [  448/  678]
loss: 3.177088  [  640/  678]
Average Training Loss: 1.033877
Val Loss: 2.7212 | C-index: 0.7017

Epoch 7
-------------------------------
loss: 2.400768  [   64/  678]
loss: 2.144732  [  256/  678]
loss: 3.081701  [  448/  678]
loss: 2.992732  [  640/  678]
Average Training Loss: 0.965448
Val Loss: 2.6977 | C-index: 0.7148

Stopping early at Epoch 7 since no C-Index improvement after 5 epochs.
Done!
Best C-Index = 0.7290076335877863 at Epoch 2

=========================================
CV training complete! Mean ± std C-index: 0.6834 ± 0.0764
Best epochs per fold: [2, 8, 7, 2, 2]

=========================================
Retraining model on full train+val for 4 epochs...
Epoch 1
-------------------------------
loss: 2.871034  [   64/  847]
loss: 3.217137  [  320/  847]
loss: 3.245655  [  576/  847]
loss: 2.736621  [  832/  847]
Average Training Loss: 0.862175
Val Loss: 2.8249 | C-index: 0.6702

Epoch 2
-------------------------------
loss: 3.476691  [   64/  847]
loss: 2.542025  [  320/  847]
loss: 3.243074  [  576/  847]
loss: 3.001897  [  832/  847]
Average Training Loss: 0.875978
Val Loss: 2.8363 | C-index: 0.6774

Epoch 3
-------------------------------
loss: 3.183548  [   64/  847]
loss: 2.515222  [  320/  847]
loss: 3.200372  [  576/  847]
loss: 3.348020  [  832/  847]
Average Training Loss: 0.874797
Val Loss: 2.8154 | C-index: 0.6437

Epoch 4
-------------------------------
loss: 3.211651  [   64/  847]
loss: 3.042775  [  320/  847]
loss: 3.411797  [  576/  847]
loss: 1.863266  [  832/  847]
Average Training Loss: 0.823535
Val Loss: 2.6420 | C-index: 0.6933

Done!
Best C-Index = 0.6932569309049408 at Epoch 4
FINAL TEST Average Loss: 2.4953
FINAL TEST C-index: 0.5615
Bootstrap 95% CI: [0.4502, 0.6760]
Top 10 activated pathways:
{'R-HSA-9840310': 0.03133384883403778, 'R-HSA-9634815': 0.03096134215593338, 'R-HSA-1227990': 0.02968967705965042, 'R-HSA-9929356': 0.028719063848257065, 'R-HSA-9013695': 0.028682341799139977, 'R-HSA-912526': 0.026522962376475334, 'R-HSA-400685': 0.02558865398168564, 'R-HSA-9841251': 0.025563929229974747, 'R-HSA-8983432': 0.024501822888851166, 'R-HSA-8854691': 0.024296341463923454}
Results saved to /Users/evan/Documents/GitHub/HyBINN/experiments/runs/binn_clinical/seed_1/results.json
