train_hybinn.py log started 2026-06-05 21:29:11.204577
=========================================
Model Active Branches: ['clinical']
=========================================

=========================================
FOLD 1/5
=========================================

Epoch 1
-------------------------------
loss: 3.161537  [   64/  677]
loss: 2.802318  [  256/  677]
loss: 3.879062  [  448/  677]
loss: 2.758945  [  640/  677]
Average Training Loss: 1.145624
Val Loss: 3.0710 | C-index: 0.6489

Epoch 2
-------------------------------
loss: 2.203230  [   64/  677]
loss: 2.981501  [  256/  677]
loss: 3.464582  [  448/  677]
loss: 3.065319  [  640/  677]
Average Training Loss: 1.064967
Val Loss: 3.0674 | C-index: 0.6320

Epoch 3
-------------------------------
loss: 2.734872  [   64/  677]
loss: 3.035312  [  256/  677]
loss: 3.092877  [  448/  677]
loss: 2.968758  [  640/  677]
Average Training Loss: 1.075620
Val Loss: 3.0622 | C-index: 0.6335

Epoch 4
-------------------------------
loss: 2.993687  [   64/  677]
loss: 3.297177  [  256/  677]
loss: 3.053471  [  448/  677]
loss: 2.763291  [  640/  677]
Average Training Loss: 1.100693
Val Loss: 3.0576 | C-index: 0.6315

Epoch 5
-------------------------------
loss: 2.487139  [   64/  677]
loss: 2.949214  [  256/  677]
loss: 2.552374  [  448/  677]
loss: 3.061506  [  640/  677]
Average Training Loss: 1.004567
Val Loss: 3.0538 | C-index: 0.6285

Epoch 6
-------------------------------
loss: 2.900556  [   64/  677]
loss: 3.421012  [  256/  677]
loss: 2.512797  [  448/  677]
loss: 2.803009  [  640/  677]
Average Training Loss: 1.057943
Val Loss: 3.0507 | C-index: 0.6261

Stopping early at Epoch 6 since no C-Index improvement after 5 epochs.
Done!
Best C-Index = 0.6488833746898263 at Epoch 1

=========================================
FOLD 2/5
=========================================

Epoch 1
-------------------------------
loss: 3.335288  [   64/  677]
loss: 2.062147  [  256/  677]
loss: 2.717791  [  448/  677]
loss: 3.315866  [  640/  677]
Average Training Loss: 1.039190
Val Loss: 2.6277 | C-index: 0.6335

Epoch 2
-------------------------------
loss: 2.902885  [   64/  677]
loss: 3.068768  [  256/  677]
loss: 2.573013  [  448/  677]
loss: 3.146541  [  640/  677]
Average Training Loss: 1.062837
Val Loss: 2.6251 | C-index: 0.6255

Epoch 3
-------------------------------
loss: 3.377652  [   64/  677]
loss: 3.397308  [  256/  677]
loss: 2.866699  [  448/  677]
loss: 3.031672  [  640/  677]
Average Training Loss: 1.152121
Val Loss: 2.6225 | C-index: 0.6295

Epoch 4
-------------------------------
loss: 3.305958  [   64/  677]
loss: 3.316478  [  256/  677]
loss: 2.862101  [  448/  677]
loss: 2.672020  [  640/  677]
Average Training Loss: 1.105141
Val Loss: 2.6198 | C-index: 0.6420

Epoch 5
-------------------------------
loss: 3.140190  [   64/  677]
loss: 2.958522  [  256/  677]
loss: 3.049545  [  448/  677]
loss: 2.795116  [  640/  677]
Average Training Loss: 1.085761
Val Loss: 2.6182 | C-index: 0.6529

Epoch 6
-------------------------------
loss: 2.886754  [   64/  677]
loss: 2.495407  [  256/  677]
loss: 3.289151  [  448/  677]
loss: 3.206812  [  640/  677]
Average Training Loss: 1.079829
Val Loss: 2.6164 | C-index: 0.6500

Epoch 7
-------------------------------
loss: 3.158381  [   64/  677]
loss: 2.738178  [  256/  677]
loss: 3.420484  [  448/  677]
loss: 2.935477  [  640/  677]
Average Training Loss: 1.113865
Val Loss: 2.6143 | C-index: 0.6420

Epoch 8
-------------------------------
loss: 3.057542  [   64/  677]
loss: 2.739703  [  256/  677]
loss: 2.940399  [  448/  677]
loss: 3.348258  [  640/  677]
Average Training Loss: 1.098718
Val Loss: 2.6134 | C-index: 0.6420

Epoch 9
-------------------------------
loss: 2.964216  [   64/  677]
loss: 2.869933  [  256/  677]
loss: 2.779681  [  448/  677]
loss: 3.037667  [  640/  677]
Average Training Loss: 1.059227
Val Loss: 2.6118 | C-index: 0.6432

Epoch 10
-------------------------------
loss: 2.546014  [   64/  677]
loss: 3.295990  [  256/  677]
loss: 3.161766  [  448/  677]
loss: 3.359167  [  640/  677]
Average Training Loss: 1.123903
Val Loss: 2.6103 | C-index: 0.6723

Epoch 11
-------------------------------
loss: 2.823158  [   64/  677]
loss: 3.071245  [  256/  677]
loss: 2.414644  [  448/  677]
loss: 2.904255  [  640/  677]
Average Training Loss: 1.019391
Val Loss: 2.6102 | C-index: 0.6717

Epoch 12
-------------------------------
loss: 2.926589  [   64/  677]
loss: 2.779843  [  256/  677]
loss: 2.561836  [  448/  677]
loss: 3.086538  [  640/  677]
Average Training Loss: 1.032255
Val Loss: 2.6108 | C-index: 0.6626

Epoch 13
-------------------------------
loss: 2.384712  [   64/  677]
loss: 2.901728  [  256/  677]
loss: 2.979341  [  448/  677]
loss: 3.012487  [  640/  677]
Average Training Loss: 1.025297
Val Loss: 2.6098 | C-index: 0.6540

Epoch 14
-------------------------------
loss: 3.270280  [   64/  677]
loss: 3.032404  [  256/  677]
loss: 2.763728  [  448/  677]
loss: 2.399286  [  640/  677]
Average Training Loss: 1.042336
Val Loss: 2.6082 | C-index: 0.6574

Epoch 15
-------------------------------
loss: 2.847044  [   64/  677]
loss: 2.931191  [  256/  677]
loss: 3.030166  [  448/  677]
loss: 3.570427  [  640/  677]
Average Training Loss: 1.125348
Val Loss: 2.6076 | C-index: 0.6540

Stopping early at Epoch 15 since no C-Index improvement after 5 epochs.
Done!
Best C-Index = 0.6722760981175129 at Epoch 10

=========================================
FOLD 3/5
=========================================

Epoch 1
-------------------------------
loss: 3.058082  [   64/  678]
loss: 2.779920  [  256/  678]
loss: 3.040988  [  448/  678]
loss: 3.033401  [  640/  678]
Average Training Loss: 1.082945
Val Loss: 3.0283 | C-index: 0.6897

Epoch 2
-------------------------------
loss: 3.200931  [   64/  678]
loss: 3.070221  [  256/  678]
loss: 2.623672  [  448/  678]
loss: 2.500337  [  640/  678]
Average Training Loss: 1.035924
Val Loss: 3.0252 | C-index: 0.6908

Epoch 3
-------------------------------
loss: 3.137468  [   64/  678]
loss: 2.617580  [  256/  678]
loss: 2.847346  [  448/  678]
loss: 2.824499  [  640/  678]
Average Training Loss: 1.038808
Val Loss: 3.0227 | C-index: 0.6882

Epoch 4
-------------------------------
loss: 3.134816  [   64/  678]
loss: 3.442479  [  256/  678]
loss: 2.613835  [  448/  678]
loss: 2.975872  [  640/  678]
Average Training Loss: 1.106091
Val Loss: 3.0205 | C-index: 0.6908

Epoch 5
-------------------------------
loss: 3.016736  [   64/  678]
loss: 2.566522  [  256/  678]
loss: 2.895702  [  448/  678]
loss: 2.835997  [  640/  678]
Average Training Loss: 1.028632
Val Loss: 3.0187 | C-index: 0.6950

Epoch 6
-------------------------------
loss: 2.657696  [   64/  678]
loss: 2.940809  [  256/  678]
loss: 2.919473  [  448/  678]
loss: 2.808063  [  640/  678]
Average Training Loss: 1.029640
Val Loss: 3.0181 | C-index: 0.6855

Epoch 7
-------------------------------
loss: 2.329200  [   64/  678]
loss: 3.053158  [  256/  678]
loss: 2.853923  [  448/  678]
loss: 2.724506  [  640/  678]
Average Training Loss: 0.996435
Val Loss: 3.0171 | C-index: 0.6824

Epoch 8
-------------------------------
loss: 3.026741  [   64/  678]
loss: 2.822074  [  256/  678]
loss: 2.094445  [  448/  678]
loss: 2.246206  [  640/  678]
Average Training Loss: 0.926315
Val Loss: 3.0166 | C-index: 0.6871

Epoch 9
-------------------------------
loss: 2.847165  [   64/  678]
loss: 3.481320  [  256/  678]
loss: 3.025323  [  448/  678]
loss: 2.666029  [  640/  678]
Average Training Loss: 1.092712
Val Loss: 3.0170 | C-index: 0.6871

Epoch 10
-------------------------------
loss: 3.045242  [   64/  678]
loss: 3.152661  [  256/  678]
loss: 2.562074  [  448/  678]
loss: 2.408352  [  640/  678]
Average Training Loss: 1.015303
Val Loss: 3.0174 | C-index: 0.6871

Stopping early at Epoch 10 since no C-Index improvement after 5 epochs.
Done!
Best C-Index = 0.6949685534591195 at Epoch 5

=========================================
FOLD 4/5
=========================================

Epoch 1
-------------------------------
loss: 3.279093  [   64/  678]
loss: 3.076462  [  256/  678]
loss: 2.751870  [  448/  678]
loss: 2.914976  [  640/  678]
Average Training Loss: 1.092945
Val Loss: 2.2829 | C-index: 0.7708

Epoch 2
-------------------------------
loss: 2.702274  [   64/  678]
loss: 3.188411  [  256/  678]
loss: 3.112987  [  448/  678]
loss: 3.241294  [  640/  678]
Average Training Loss: 1.113179
Val Loss: 2.2744 | C-index: 0.7609

Epoch 3
-------------------------------
loss: 3.630765  [   64/  678]
loss: 3.023276  [  256/  678]
loss: 2.951132  [  448/  678]
loss: 3.270388  [  640/  678]
Average Training Loss: 1.170506
Val Loss: 2.2652 | C-index: 0.7418

Epoch 4
-------------------------------
loss: 3.095470  [   64/  678]
loss: 2.845832  [  256/  678]
loss: 3.247440  [  448/  678]
loss: 3.586797  [  640/  678]
Average Training Loss: 1.161413
Val Loss: 2.2532 | C-index: 0.7717

Epoch 5
-------------------------------
loss: 3.483355  [   64/  678]
loss: 2.739071  [  256/  678]
loss: 3.326425  [  448/  678]
loss: 3.287686  [  640/  678]
Average Training Loss: 1.166958
Val Loss: 2.2408 | C-index: 0.7717

Epoch 6
-------------------------------
loss: 3.411438  [   64/  678]
loss: 3.067473  [  256/  678]
loss: 3.265590  [  448/  678]
loss: 3.211033  [  640/  678]
Average Training Loss: 1.177776
Val Loss: 2.2292 | C-index: 0.7681

Epoch 7
-------------------------------
loss: 3.219745  [   64/  678]
loss: 3.305460  [  256/  678]
loss: 3.225522  [  448/  678]
loss: 3.395428  [  640/  678]
Average Training Loss: 1.195105
Val Loss: 2.2187 | C-index: 0.7627

Epoch 8
-------------------------------
loss: 2.735198  [   64/  678]
loss: 3.340669  [  256/  678]
loss: 3.033886  [  448/  678]
loss: 3.184570  [  640/  678]
Average Training Loss: 1.117666
Val Loss: 2.2023 | C-index: 0.7717

Epoch 9
-------------------------------
loss: 3.163957  [   64/  678]
loss: 3.268364  [  256/  678]
loss: 3.149003  [  448/  678]
loss: 2.864657  [  640/  678]
Average Training Loss: 1.131453
Val Loss: 2.1876 | C-index: 0.7672

Stopping early at Epoch 9 since no C-Index improvement after 5 epochs.
Done!
Best C-Index = 0.7717391304347826 at Epoch 4

=========================================
FOLD 5/5
=========================================

Epoch 1
-------------------------------
loss: 3.444149  [   64/  678]
loss: 2.578804  [  256/  678]
loss: 2.824906  [  448/  678]
loss: 3.432162  [  640/  678]
Average Training Loss: 1.116366
Val Loss: 2.8968 | C-index: 0.7372

Epoch 2
-------------------------------
loss: 3.101188  [   64/  678]
loss: 3.089387  [  256/  678]
loss: 2.508421  [  448/  678]
loss: 2.826645  [  640/  678]
Average Training Loss: 1.047786
Val Loss: 2.8906 | C-index: 0.7348

Epoch 3
-------------------------------
loss: 2.984098  [   64/  678]
loss: 2.956399  [  256/  678]
loss: 3.335782  [  448/  678]
loss: 2.781226  [  640/  678]
Average Training Loss: 1.096137
Val Loss: 2.8847 | C-index: 0.7354

Epoch 4
-------------------------------
loss: 3.284371  [   64/  678]
loss: 3.105489  [  256/  678]
loss: 3.080146  [  448/  678]
loss: 3.011583  [  640/  678]
Average Training Loss: 1.134690
Val Loss: 2.8780 | C-index: 0.7407

Epoch 5
-------------------------------
loss: 2.906248  [   64/  678]
loss: 2.923151  [  256/  678]
loss: 3.030787  [  448/  678]
loss: 2.947999  [  640/  678]
Average Training Loss: 1.073471
Val Loss: 2.8684 | C-index: 0.7407

Epoch 6
-------------------------------
loss: 2.786650  [   64/  678]
loss: 3.048891  [  256/  678]
loss: 2.479415  [  448/  678]
loss: 2.784577  [  640/  678]
Average Training Loss: 1.009049
Val Loss: 2.8617 | C-index: 0.7330

Epoch 7
-------------------------------
loss: 2.829917  [   64/  678]
loss: 3.148098  [  256/  678]
loss: 3.447797  [  448/  678]
loss: 1.921443  [  640/  678]
Average Training Loss: 1.031569
Val Loss: 2.8557 | C-index: 0.7300

Epoch 8
-------------------------------
loss: 2.992772  [   64/  678]
loss: 3.105230  [  256/  678]
loss: 2.255714  [  448/  678]
loss: 3.137796  [  640/  678]
Average Training Loss: 1.044683
Val Loss: 2.8464 | C-index: 0.7246

Epoch 9
-------------------------------
loss: 3.126088  [   64/  678]
loss: 3.156090  [  256/  678]
loss: 2.896148  [  448/  678]
loss: 3.358861  [  640/  678]
Average Training Loss: 1.139744
Val Loss: 2.8347 | C-index: 0.7258

Stopping early at Epoch 9 since no C-Index improvement after 5 epochs.
Done!
Best C-Index = 0.7407407407407407 at Epoch 4

=========================================
CV training complete! Mean ± std C-index: 0.7057 ± 0.0448
Best epochs per fold: [1, 10, 5, 4, 4]

=========================================
Retraining model on full train+val for 5 epochs...
Epoch 1
-------------------------------
loss: 3.153191  [   64/  847]
loss: 2.846895  [  320/  847]
loss: 3.312068  [  576/  847]
loss: 2.794769  [  832/  847]
Average Training Loss: 0.864780
Val Loss: 2.8937 | C-index: 0.6634

Epoch 2
-------------------------------
loss: 2.797819  [   64/  847]
loss: 3.151525  [  320/  847]
loss: 3.517004  [  576/  847]
loss: 3.206361  [  832/  847]
Average Training Loss: 0.905193
Val Loss: 2.8602 | C-index: 0.6696

Epoch 3
-------------------------------
loss: 2.973759  [   64/  847]
loss: 3.155990  [  320/  847]
loss: 3.421397  [  576/  847]
loss: 3.474581  [  832/  847]
Average Training Loss: 0.930409
Val Loss: 2.8667 | C-index: 0.6715

Epoch 4
-------------------------------
loss: 3.076529  [   64/  847]
loss: 3.019371  [  320/  847]
loss: 3.495852  [  576/  847]
loss: 2.859828  [  832/  847]
Average Training Loss: 0.889398
Val Loss: 2.9235 | C-index: 0.6706

Epoch 5
-------------------------------
loss: 2.966605  [   64/  847]
loss: 3.011104  [  320/  847]
loss: 3.062425  [  576/  847]
loss: 2.829175  [  832/  847]
Average Training Loss: 0.847808
Val Loss: 2.9672 | C-index: 0.6714

Done!
Best C-Index = 0.6715186003856465 at Epoch 3
FINAL TEST Average Loss: 2.4261
FINAL TEST C-index: 0.5896
Bootstrap 95% CI: [0.4383, 0.7439]
Results saved to /Users/evan/Documents/GitHub/HyBINN/experiments/runs/clinical_only/seed_3/results.json
