train_hybinn.py log started 2026-06-17 01:21:18.713455
=========================================
Model Active Branches: ['gene', 'clinical']
=========================================

=========================================
FOLD 1/5
=========================================

Epoch 1
-------------------------------
loss: 2.994892  [   64/  677]
loss: 2.935296  [  256/  677]
loss: 2.917176  [  448/  677]
loss: 3.160223  [  640/  677]
Average Training Loss: 1.091599
Val Loss: 2.5524 | C-index: 0.6028

Epoch 2
-------------------------------
loss: 3.136870  [   64/  677]
loss: 2.919655  [  256/  677]
loss: 2.898533  [  448/  677]
loss: 2.895059  [  640/  677]
Average Training Loss: 1.077283
Val Loss: 2.5491 | C-index: 0.5527

Epoch 3
-------------------------------
loss: 2.593455  [   64/  677]
loss: 3.099879  [  256/  677]
loss: 3.043276  [  448/  677]
loss: 2.982448  [  640/  677]
Average Training Loss: 1.065369
Val Loss: 2.5917 | C-index: 0.5358

Epoch 4
-------------------------------
loss: 2.731623  [   64/  677]
loss: 2.325002  [  256/  677]
loss: 2.246810  [  448/  677]
loss: 2.132154  [  640/  677]
Average Training Loss: 0.857781
Val Loss: 2.7815 | C-index: 0.4788

Epoch 5
-------------------------------
loss: 1.969326  [   64/  677]
loss: 2.105414  [  256/  677]
loss: 1.836990  [  448/  677]
loss: 1.282747  [  640/  677]
Average Training Loss: 0.654043
Val Loss: 2.9170 | C-index: 0.5189

Epoch 6
-------------------------------
loss: 1.334100  [   64/  677]
loss: 1.719153  [  256/  677]
loss: 1.212719  [  448/  677]
loss: 1.496498  [  640/  677]
Average Training Loss: 0.523861
Val Loss: 3.1048 | C-index: 0.5081

Stopping early at Epoch 6 since no C-Index improvement after 5 epochs.
Done!
Best C-Index = 0.6027713625866051 at Epoch 1

=========================================
FOLD 2/5
=========================================

Epoch 1
-------------------------------
loss: 3.205722  [   64/  677]
loss: 3.142197  [  256/  677]
loss: 2.689411  [  448/  677]
loss: 3.034950  [  640/  677]
Average Training Loss: 1.097480
Val Loss: 2.8866 | C-index: 0.5267

Epoch 2
-------------------------------
loss: 2.901713  [   64/  677]
loss: 3.164118  [  256/  677]
loss: 3.117795  [  448/  677]
loss: 2.866567  [  640/  677]
Average Training Loss: 1.095472
Val Loss: 2.8517 | C-index: 0.5952

Epoch 3
-------------------------------
loss: 2.847238  [   64/  677]
loss: 2.699231  [  256/  677]
loss: 3.180361  [  448/  677]
loss: 2.580544  [  640/  677]
Average Training Loss: 1.027943
Val Loss: 2.8324 | C-index: 0.6828

Epoch 4
-------------------------------
loss: 2.966949  [   64/  677]
loss: 2.341670  [  256/  677]
loss: 1.926648  [  448/  677]
loss: 2.532550  [  640/  677]
Average Training Loss: 0.887983
Val Loss: 2.7960 | C-index: 0.6901

Epoch 5
-------------------------------
loss: 1.616164  [   64/  677]
loss: 1.610372  [  256/  677]
loss: 2.373895  [  448/  677]
loss: 2.087864  [  640/  677]
Average Training Loss: 0.698936
Val Loss: 3.0060 | C-index: 0.5626

Epoch 6
-------------------------------
loss: 1.163384  [   64/  677]
loss: 1.265270  [  256/  677]
loss: 1.508308  [  448/  677]
loss: 1.471941  [  640/  677]
Average Training Loss: 0.491719
Val Loss: 3.0930 | C-index: 0.5907

Epoch 7
-------------------------------
loss: 1.607888  [   64/  677]
loss: 2.169677  [  256/  677]
loss: 1.809560  [  448/  677]
loss: 1.504485  [  640/  677]
Average Training Loss: 0.644692
Val Loss: 3.0354 | C-index: 0.6940

Epoch 8
-------------------------------
loss: 1.826556  [   64/  677]
loss: 1.641811  [  256/  677]
loss: 1.452104  [  448/  677]
loss: 1.415149  [  640/  677]
Average Training Loss: 0.575965
Val Loss: 2.9993 | C-index: 0.6738

Epoch 9
-------------------------------
loss: 1.641239  [   64/  677]
loss: 1.239284  [  256/  677]
loss: 1.802217  [  448/  677]
loss: 1.727741  [  640/  677]
Average Training Loss: 0.582771
Val Loss: 3.1877 | C-index: 0.6962

Epoch 10
-------------------------------
loss: 1.563086  [   64/  677]
loss: 1.224884  [  256/  677]
loss: 1.352236  [  448/  677]
loss: 1.568383  [  640/  677]
Average Training Loss: 0.518963
Val Loss: 3.2112 | C-index: 0.6710

Epoch 11
-------------------------------
loss: 1.159904  [   64/  677]
loss: 1.319334  [  256/  677]
loss: 1.176367  [  448/  677]
loss: 0.718412  [  640/  677]
Average Training Loss: 0.397638
Val Loss: 3.2591 | C-index: 0.5503

Epoch 12
-------------------------------
loss: 1.698568  [   64/  677]
loss: 1.317958  [  256/  677]
loss: 1.814282  [  448/  677]
loss: 0.854121  [  640/  677]
Average Training Loss: 0.516812
Val Loss: 3.4348 | C-index: 0.6749

Epoch 13
-------------------------------
loss: 1.228261  [   64/  677]
loss: 0.810478  [  256/  677]
loss: 1.540998  [  448/  677]
loss: 1.018234  [  640/  677]
Average Training Loss: 0.417997
Val Loss: 3.1497 | C-index: 0.6979

Epoch 14
-------------------------------
loss: 1.223609  [   64/  677]
loss: 0.527199  [  256/  677]
loss: 1.872173  [  448/  677]
loss: 0.783667  [  640/  677]
Average Training Loss: 0.400604
Val Loss: 3.3587 | C-index: 0.6727

Epoch 15
-------------------------------
loss: 1.009602  [   64/  677]
loss: 0.892731  [  256/  677]
loss: 1.141742  [  448/  677]
loss: 1.548986  [  640/  677]
Average Training Loss: 0.417551
Val Loss: 2.9419 | C-index: 0.6676

Epoch 16
-------------------------------
loss: 0.678710  [   64/  677]
loss: 1.743081  [  256/  677]
loss: 0.823572  [  448/  677]
loss: 1.618421  [  640/  677]
Average Training Loss: 0.442162
Val Loss: 3.6964 | C-index: 0.6687

Epoch 17
-------------------------------
loss: 1.328331  [   64/  677]
loss: 0.959181  [  256/  677]
loss: 0.414907  [  448/  677]
loss: 1.687107  [  640/  677]
Average Training Loss: 0.399048
Val Loss: 2.8768 | C-index: 0.7305

Epoch 18
-------------------------------
loss: 1.065301  [   64/  677]
loss: 0.455635  [  256/  677]
loss: 1.026439  [  448/  677]
loss: 1.722141  [  640/  677]
Average Training Loss: 0.388138
Val Loss: 2.7811 | C-index: 0.7333

Epoch 19
-------------------------------
loss: 0.502493  [   64/  677]
loss: 1.086478  [  256/  677]
loss: 1.039271  [  448/  677]
loss: 1.059695  [  640/  677]
Average Training Loss: 0.335267
Val Loss: 3.3204 | C-index: 0.6457

Epoch 20
-------------------------------
loss: 1.209625  [   64/  677]
loss: 1.391843  [  256/  677]
loss: 0.911138  [  448/  677]
loss: 0.991728  [  640/  677]
Average Training Loss: 0.409485
Val Loss: 3.3286 | C-index: 0.6738

Epoch 21
-------------------------------
loss: 1.122626  [   64/  677]
loss: 1.524292  [  256/  677]
loss: 1.023939  [  448/  677]
loss: 1.043387  [  640/  677]
Average Training Loss: 0.428568
Val Loss: 3.2187 | C-index: 0.6480

Epoch 22
-------------------------------
loss: 1.164506  [   64/  677]
loss: 0.829294  [  256/  677]
loss: 1.532253  [  448/  677]
loss: 0.248609  [  640/  677]
Average Training Loss: 0.343151
Val Loss: 3.7060 | C-index: 0.7187

Epoch 23
-------------------------------
loss: 0.765455  [   64/  677]
loss: 1.287369  [  256/  677]
loss: 0.905797  [  448/  677]
loss: 0.796516  [  640/  677]
Average Training Loss: 0.341376
Val Loss: 4.0872 | C-index: 0.5924

Stopping early at Epoch 23 since no C-Index improvement after 5 epochs.
Done!
Best C-Index = 0.7332959011791128 at Epoch 18

=========================================
FOLD 3/5
=========================================

Epoch 1
-------------------------------
loss: 2.939060  [   64/  678]
loss: 2.870467  [  256/  678]
loss: 3.117688  [  448/  678]
loss: 2.427512  [  640/  678]
Average Training Loss: 1.032248
Val Loss: 2.7765 | C-index: 0.4942

Epoch 2
-------------------------------
loss: 3.037532  [   64/  678]
loss: 3.040629  [  256/  678]
loss: 2.869581  [  448/  678]
loss: 3.293267  [  640/  678]
Average Training Loss: 1.112819
Val Loss: 2.7595 | C-index: 0.6194

Epoch 3
-------------------------------
loss: 2.487024  [   64/  678]
loss: 2.773329  [  256/  678]
loss: 3.003118  [  448/  678]
loss: 2.329576  [  640/  678]
Average Training Loss: 0.963004
Val Loss: 2.7503 | C-index: 0.6345

Epoch 4
-------------------------------
loss: 2.678863  [   64/  678]
loss: 2.927142  [  256/  678]
loss: 2.126669  [  448/  678]
loss: 2.631181  [  640/  678]
Average Training Loss: 0.942169
Val Loss: 2.7237 | C-index: 0.6910

Epoch 5
-------------------------------
loss: 1.917037  [   64/  678]
loss: 1.691560  [  256/  678]
loss: 2.029161  [  448/  678]
loss: 2.009940  [  640/  678]
Average Training Loss: 0.695245
Val Loss: 2.7447 | C-index: 0.6690

Epoch 6
-------------------------------
loss: 2.175478  [   64/  678]
loss: 1.562336  [  256/  678]
loss: 1.996319  [  448/  678]
loss: 2.164859  [  640/  678]
Average Training Loss: 0.718090
Val Loss: 3.1377 | C-index: 0.6703

Epoch 7
-------------------------------
loss: 1.778552  [   64/  678]
loss: 1.777166  [  256/  678]
loss: 1.463870  [  448/  678]
loss: 1.710674  [  640/  678]
Average Training Loss: 0.611842
Val Loss: 2.9859 | C-index: 0.6999

Epoch 8
-------------------------------
loss: 1.630527  [   64/  678]
loss: 1.570680  [  256/  678]
loss: 2.260521  [  448/  678]
loss: 1.610253  [  640/  678]
Average Training Loss: 0.642907
Val Loss: 3.2280 | C-index: 0.6043

Epoch 9
-------------------------------
loss: 2.092404  [   64/  678]
loss: 0.966445  [  256/  678]
loss: 2.092083  [  448/  678]
loss: 1.422411  [  640/  678]
Average Training Loss: 0.597577
Val Loss: 2.7736 | C-index: 0.6146

Epoch 10
-------------------------------
loss: 1.376731  [   64/  678]
loss: 1.587889  [  256/  678]
loss: 1.820463  [  448/  678]
loss: 1.356048  [  640/  678]
Average Training Loss: 0.558285
Val Loss: 2.9915 | C-index: 0.6703

Epoch 11
-------------------------------
loss: 1.473338  [   64/  678]
loss: 0.669697  [  256/  678]
loss: 1.170013  [  448/  678]
loss: 1.014422  [  640/  678]
Average Training Loss: 0.393406
Val Loss: 2.9191 | C-index: 0.7013

Epoch 12
-------------------------------
loss: 1.264189  [   64/  678]
loss: 1.613990  [  256/  678]
loss: 0.873960  [  448/  678]
loss: 0.875284  [  640/  678]
Average Training Loss: 0.420675
Val Loss: 3.2010 | C-index: 0.6469

Epoch 13
-------------------------------
loss: 1.296377  [   64/  678]
loss: 1.286432  [  256/  678]
loss: 1.426971  [  448/  678]
loss: 1.558548  [  640/  678]
Average Training Loss: 0.506212
Val Loss: 3.4247 | C-index: 0.6008

Epoch 14
-------------------------------
loss: 0.951687  [   64/  678]
loss: 1.291845  [  256/  678]
loss: 1.135325  [  448/  678]
loss: 1.405020  [  640/  678]
Average Training Loss: 0.434898
Val Loss: 3.2438 | C-index: 0.6339

Epoch 15
-------------------------------
loss: 0.776369  [   64/  678]
loss: 1.210339  [  256/  678]
loss: 0.546530  [  448/  678]
loss: 1.274625  [  640/  678]
Average Training Loss: 0.346169
Val Loss: 2.9632 | C-index: 0.7171

Epoch 16
-------------------------------
loss: 0.759395  [   64/  678]
loss: 1.232592  [  256/  678]
loss: 1.058541  [  448/  678]
loss: 1.407694  [  640/  678]
Average Training Loss: 0.405293
Val Loss: 3.6884 | C-index: 0.5974

Epoch 17
-------------------------------
loss: 1.257027  [   64/  678]
loss: 1.161446  [  256/  678]
loss: 1.417300  [  448/  678]
loss: 1.593555  [  640/  678]
Average Training Loss: 0.493575
Val Loss: 3.6608 | C-index: 0.6091

Epoch 18
-------------------------------
loss: 1.334592  [   64/  678]
loss: 0.471158  [  256/  678]
loss: 1.771240  [  448/  678]
loss: 1.332181  [  640/  678]
Average Training Loss: 0.446288
Val Loss: 3.2688 | C-index: 0.7151

Epoch 19
-------------------------------
loss: 0.835688  [   64/  678]
loss: 0.932019  [  256/  678]
loss: 0.561363  [  448/  678]
loss: 0.908957  [  640/  678]
Average Training Loss: 0.294366
Val Loss: 3.5533 | C-index: 0.6600

Epoch 20
-------------------------------
loss: 0.838149  [   64/  678]
loss: 1.110505  [  256/  678]
loss: 0.942961  [  448/  678]
loss: 1.015314  [  640/  678]
Average Training Loss: 0.355175
Val Loss: 3.5370 | C-index: 0.6635

Stopping early at Epoch 20 since no C-Index improvement after 5 epochs.
Done!
Best C-Index = 0.717136958017894 at Epoch 15

=========================================
FOLD 4/5
=========================================

Epoch 1
-------------------------------
loss: 2.935567  [   64/  678]
loss: 3.428378  [  256/  678]
loss: 2.805416  [  448/  678]
loss: 2.636757  [  640/  678]
Average Training Loss: 1.073283
Val Loss: 2.8717 | C-index: 0.4330

Epoch 2
-------------------------------
loss: 2.693470  [   64/  678]
loss: 2.285846  [  256/  678]
loss: 2.901225  [  448/  678]
loss: 2.930461  [  640/  678]
Average Training Loss: 0.982818
Val Loss: 2.9049 | C-index: 0.4365

Epoch 3
-------------------------------
loss: 2.563526  [   64/  678]
loss: 2.723233  [  256/  678]
loss: 2.801735  [  448/  678]
loss: 2.443480  [  640/  678]
Average Training Loss: 0.957452
Val Loss: 2.9147 | C-index: 0.4800

Epoch 4
-------------------------------
loss: 2.627507  [   64/  678]
loss: 1.818205  [  256/  678]
loss: 2.451596  [  448/  678]
loss: 2.208368  [  640/  678]
Average Training Loss: 0.827789
Val Loss: 2.8486 | C-index: 0.5843

Epoch 5
-------------------------------
loss: 1.881180  [   64/  678]
loss: 2.323792  [  256/  678]
loss: 2.243558  [  448/  678]
loss: 1.393869  [  640/  678]
Average Training Loss: 0.712945
Val Loss: 3.1951 | C-index: 0.5983

Epoch 6
-------------------------------
loss: 2.466660  [   64/  678]
loss: 1.522189  [  256/  678]
loss: 1.715257  [  448/  678]
loss: 1.714772  [  640/  678]
Average Training Loss: 0.674443
Val Loss: 3.2826 | C-index: 0.4638

Epoch 7
-------------------------------
loss: 1.540484  [   64/  678]
loss: 0.938191  [  256/  678]
loss: 2.218185  [  448/  678]
loss: 2.141919  [  640/  678]
Average Training Loss: 0.621707
Val Loss: 3.1352 | C-index: 0.5675

Epoch 8
-------------------------------
loss: 1.292952  [   64/  678]
loss: 1.011324  [  256/  678]
loss: 1.507138  [  448/  678]
loss: 1.430782  [  640/  678]
Average Training Loss: 0.476563
Val Loss: 3.5775 | C-index: 0.6243

Epoch 9
-------------------------------
loss: 1.336904  [   64/  678]
loss: 1.084494  [  256/  678]
loss: 1.242104  [  448/  678]
loss: 1.699365  [  640/  678]
Average Training Loss: 0.487533
Val Loss: 3.3836 | C-index: 0.5420

Epoch 10
-------------------------------
loss: 1.314103  [   64/  678]
loss: 1.239897  [  256/  678]
loss: 1.558585  [  448/  678]
loss: 1.690774  [  640/  678]
Average Training Loss: 0.527578
Val Loss: 3.3685 | C-index: 0.5177

Epoch 11
-------------------------------
loss: 1.569425  [   64/  678]
loss: 1.653483  [  256/  678]
loss: 0.959857  [  448/  678]
loss: 1.162099  [  640/  678]
Average Training Loss: 0.485897
Val Loss: 3.2876 | C-index: 0.6325

Epoch 12
-------------------------------
loss: 1.650132  [   64/  678]
loss: 1.478482  [  256/  678]
loss: 1.099031  [  448/  678]
loss: 1.400089  [  640/  678]
Average Training Loss: 0.511612
Val Loss: 3.8260 | C-index: 0.4881

Epoch 13
-------------------------------
loss: 1.015200  [   64/  678]
loss: 1.259657  [  256/  678]
loss: 0.534841  [  448/  678]
loss: 1.490032  [  640/  678]
Average Training Loss: 0.390884
Val Loss: 3.2505 | C-index: 0.6470

Epoch 14
-------------------------------
loss: 0.843676  [   64/  678]
loss: 0.914457  [  256/  678]
loss: 0.748474  [  448/  678]
loss: 0.633810  [  640/  678]
Average Training Loss: 0.285492
Val Loss: 3.5389 | C-index: 0.6104

Epoch 15
-------------------------------
loss: 0.627377  [   64/  678]
loss: 1.164404  [  256/  678]
loss: 1.370150  [  448/  678]
loss: 0.902383  [  640/  678]
Average Training Loss: 0.369483
Val Loss: 3.9592 | C-index: 0.5374

Epoch 16
-------------------------------
loss: 0.456474  [   64/  678]
loss: 0.799755  [  256/  678]
loss: 1.061443  [  448/  678]
loss: 0.867897  [  640/  678]
Average Training Loss: 0.289597
Val Loss: 3.8148 | C-index: 0.6296

Epoch 17
-------------------------------
loss: 0.536602  [   64/  678]
loss: 1.558486  [  256/  678]
loss: 1.058275  [  448/  678]
loss: 1.796321  [  640/  678]
Average Training Loss: 0.449971
Val Loss: 3.9558 | C-index: 0.5762

Epoch 18
-------------------------------
loss: 1.057773  [   64/  678]
loss: 0.884959  [  256/  678]
loss: 1.016047  [  448/  678]
loss: 1.204576  [  640/  678]
Average Training Loss: 0.378487
Val Loss: 3.4963 | C-index: 0.6243

Stopping early at Epoch 18 since no C-Index improvement after 5 epochs.
Done!
Best C-Index = 0.6469565217391304 at Epoch 13

=========================================
FOLD 5/5
=========================================

Epoch 1
-------------------------------
loss: 2.880983  [   64/  678]
loss: 2.459260  [  256/  678]
loss: 3.227985  [  448/  678]
loss: 3.494788  [  640/  678]
Average Training Loss: 1.096638
Val Loss: 2.7988 | C-index: 0.6186

Epoch 2
-------------------------------
loss: 2.255099  [   64/  678]
loss: 2.935891  [  256/  678]
loss: 3.171136  [  448/  678]
loss: 2.907358  [  640/  678]
Average Training Loss: 1.024499
Val Loss: 2.8034 | C-index: 0.6091

Epoch 3
-------------------------------
loss: 2.715471  [   64/  678]
loss: 2.962568  [  256/  678]
loss: 2.444460  [  448/  678]
loss: 3.039907  [  640/  678]
Average Training Loss: 1.014764
Val Loss: 2.7799 | C-index: 0.6282

Epoch 4
-------------------------------
loss: 2.514370  [   64/  678]
loss: 2.405097  [  256/  678]
loss: 2.493242  [  448/  678]
loss: 2.126640  [  640/  678]
Average Training Loss: 0.867214
Val Loss: 2.8736 | C-index: 0.5681

Epoch 5
-------------------------------
loss: 1.812485  [   64/  678]
loss: 2.384870  [  256/  678]
loss: 2.541616  [  448/  678]
loss: 1.650050  [  640/  678]
Average Training Loss: 0.762638
Val Loss: 2.9826 | C-index: 0.6192

Epoch 6
-------------------------------
loss: 1.409251  [   64/  678]
loss: 1.822331  [  256/  678]
loss: 1.599862  [  448/  678]
loss: 1.732067  [  640/  678]
Average Training Loss: 0.596683
Val Loss: 2.8972 | C-index: 0.5850

Epoch 7
-------------------------------
loss: 1.730521  [   64/  678]
loss: 1.311641  [  256/  678]
loss: 1.390092  [  448/  678]
loss: 1.926126  [  640/  678]
Average Training Loss: 0.578035
Val Loss: 3.6671 | C-index: 0.5799

Epoch 8
-------------------------------
loss: 1.447094  [   64/  678]
loss: 1.250326  [  256/  678]
loss: 1.621174  [  448/  678]
loss: 1.784397  [  640/  678]
Average Training Loss: 0.554817
Val Loss: 2.9801 | C-index: 0.6209

Stopping early at Epoch 8 since no C-Index improvement after 5 epochs.
Done!
Best C-Index = 0.628154795288839 at Epoch 3

=========================================
CV training complete! Mean ± std C-index: 0.6657 ± 0.0509
Best epochs per fold: [1, 18, 15, 13, 3]

=========================================
Retraining model on full train+val for 10 epochs...
Epoch 1
-------------------------------
loss: 2.428384  [   64/  847]
loss: 2.900198  [  320/  847]
loss: 2.927482  [  576/  847]
loss: 3.102018  [  832/  847]
Average Training Loss: 0.811292
Val Loss: 2.7850 | C-index: 0.7482

Epoch 2
-------------------------------
loss: 3.024549  [   64/  847]
loss: 2.933565  [  320/  847]
loss: 2.639705  [  576/  847]
loss: 2.462089  [  832/  847]
Average Training Loss: 0.789993
Val Loss: 2.6861 | C-index: 0.7400

Epoch 3
-------------------------------
loss: 2.270866  [   64/  847]
loss: 2.393346  [  320/  847]
loss: 2.732349  [  576/  847]
loss: 2.722523  [  832/  847]
Average Training Loss: 0.722792
Val Loss: 2.3951 | C-index: 0.8672

Epoch 4
-------------------------------
loss: 2.079231  [   64/  847]
loss: 2.398616  [  320/  847]
loss: 2.208584  [  576/  847]
loss: 2.422091  [  832/  847]
Average Training Loss: 0.650609
Val Loss: 1.9391 | C-index: 0.8989

Epoch 5
-------------------------------
loss: 2.215032  [   64/  847]
loss: 2.295493  [  320/  847]
loss: 1.983613  [  576/  847]
loss: 1.868829  [  832/  847]
Average Training Loss: 0.597355
Val Loss: 1.5689 | C-index: 0.9456

Epoch 6
-------------------------------
loss: 1.640391  [   64/  847]
loss: 1.863929  [  320/  847]
loss: 2.014187  [  576/  847]
loss: 1.999352  [  832/  847]
Average Training Loss: 0.536990
Val Loss: 1.5530 | C-index: 0.9383

Epoch 7
-------------------------------
loss: 1.698899  [   64/  847]
loss: 1.511323  [  320/  847]
loss: 1.803127  [  576/  847]
loss: 1.630405  [  832/  847]
Average Training Loss: 0.474554
Val Loss: 1.4184 | C-index: 0.9379

Epoch 8
-------------------------------
loss: 1.658555  [   64/  847]
loss: 1.114611  [  320/  847]
loss: 2.346758  [  576/  847]
loss: 1.573816  [  832/  847]
Average Training Loss: 0.478124
Val Loss: 1.1720 | C-index: 0.9655

Epoch 9
-------------------------------
loss: 1.008105  [   64/  847]
loss: 1.176471  [  320/  847]
loss: 1.082737  [  576/  847]
loss: 1.615209  [  832/  847]
Average Training Loss: 0.348752
Val Loss: 1.1084 | C-index: 0.9692

Epoch 10
-------------------------------
loss: 1.460987  [   64/  847]
loss: 1.661612  [  320/  847]
loss: 0.814168  [  576/  847]
loss: 1.995294  [  832/  847]
Average Training Loss: 0.423719
Val Loss: 1.0613 | C-index: 0.9656

Done!
Best C-Index = 0.9692319007575572 at Epoch 9
FINAL TEST Average Loss: 2.7072
FINAL TEST C-index: 0.7188
Bootstrap 95% CI: [0.5965, 0.8137]
Results saved to /Users/evan/Documents/GitHub/HyBINN/experiments/runs/gene_clinical/seed_4/results.json
