train_hybinn.py log started 2026-06-17 01:15:43.107067
=========================================
Model Active Branches: ['binn', 'clinical']
=========================================

=========================================
FOLD 1/5
=========================================

Epoch 1
-------------------------------
loss: 2.526433  [   64/  677]
loss: 2.710551  [  256/  677]
loss: 2.871874  [  448/  677]
loss: 2.624589  [  640/  677]
Average Training Loss: 0.975768
Val Loss: 2.7211 | C-index: 0.6661

Epoch 2
-------------------------------
loss: 3.055758  [   64/  677]
loss: 2.539229  [  256/  677]
loss: 2.845975  [  448/  677]
loss: 3.056694  [  640/  677]
Average Training Loss: 1.045242
Val Loss: 2.7173 | C-index: 0.6431

Epoch 3
-------------------------------
loss: 2.471845  [   64/  677]
loss: 2.855064  [  256/  677]
loss: 3.109838  [  448/  677]
loss: 2.636133  [  640/  677]
Average Training Loss: 1.006625
Val Loss: 2.7165 | C-index: 0.5591

Epoch 4
-------------------------------
loss: 2.428203  [   64/  677]
loss: 2.636061  [  256/  677]
loss: 2.760541  [  448/  677]
loss: 3.026039  [  640/  677]
Average Training Loss: 0.986440
Val Loss: 2.7136 | C-index: 0.5686

Epoch 5
-------------------------------
loss: 3.047807  [   64/  677]
loss: 2.180924  [  256/  677]
loss: 2.895873  [  448/  677]
loss: 2.907502  [  640/  677]
Average Training Loss: 1.002919
Val Loss: 2.7037 | C-index: 0.5843

Epoch 6
-------------------------------
loss: 2.579012  [   64/  677]
loss: 2.811273  [  256/  677]
loss: 2.677279  [  448/  677]
loss: 2.887750  [  640/  677]
Average Training Loss: 0.995938
Val Loss: 2.6446 | C-index: 0.6387

Stopping early at Epoch 6 since no C-Index improvement after 5 epochs.
Done!
Best C-Index = 0.6661064425770308 at Epoch 1

=========================================
FOLD 2/5
=========================================

Epoch 1
-------------------------------
loss: 3.254600  [   64/  677]
loss: 2.886805  [  256/  677]
loss: 3.616394  [  448/  677]
loss: 2.574157  [  640/  677]
Average Training Loss: 1.121087
Val Loss: 2.8898 | C-index: 0.4896

Epoch 2
-------------------------------
loss: 2.947497  [   64/  677]
loss: 3.209536  [  256/  677]
loss: 3.093573  [  448/  677]
loss: 2.817266  [  640/  677]
Average Training Loss: 1.097079
Val Loss: 2.8909 | C-index: 0.5455

Epoch 3
-------------------------------
loss: 2.985523  [   64/  677]
loss: 2.519003  [  256/  677]
loss: 2.943387  [  448/  677]
loss: 3.213004  [  640/  677]
Average Training Loss: 1.060083
Val Loss: 2.8941 | C-index: 0.5586

Epoch 4
-------------------------------
loss: 3.022254  [   64/  677]
loss: 2.356587  [  256/  677]
loss: 3.274215  [  448/  677]
loss: 2.909458  [  640/  677]
Average Training Loss: 1.051138
Val Loss: 2.9057 | C-index: 0.5491

Epoch 5
-------------------------------
loss: 2.563628  [   64/  677]
loss: 2.652582  [  256/  677]
loss: 2.968197  [  448/  677]
loss: 2.947251  [  640/  677]
Average Training Loss: 1.011969
Val Loss: 2.9451 | C-index: 0.5283

Epoch 6
-------------------------------
loss: 2.517986  [   64/  677]
loss: 3.090777  [  256/  677]
loss: 3.019550  [  448/  677]
loss: 2.576998  [  640/  677]
Average Training Loss: 1.018665
Val Loss: 2.9581 | C-index: 0.5562

Epoch 7
-------------------------------
loss: 2.719946  [   64/  677]
loss: 2.603746  [  256/  677]
loss: 2.125453  [  448/  677]
loss: 2.718512  [  640/  677]
Average Training Loss: 0.924333
Val Loss: 2.9496 | C-index: 0.5788

Epoch 8
-------------------------------
loss: 2.770061  [   64/  677]
loss: 2.808183  [  256/  677]
loss: 2.483544  [  448/  677]
loss: 2.704898  [  640/  677]
Average Training Loss: 0.978790
Val Loss: 2.9444 | C-index: 0.6020

Epoch 9
-------------------------------
loss: 2.530756  [   64/  677]
loss: 2.662734  [  256/  677]
loss: 2.422179  [  448/  677]
loss: 2.820771  [  640/  677]
Average Training Loss: 0.948767
Val Loss: 2.9674 | C-index: 0.6068

Epoch 10
-------------------------------
loss: 2.468607  [   64/  677]
loss: 2.645166  [  256/  677]
loss: 3.151659  [  448/  677]
loss: 2.450684  [  640/  677]
Average Training Loss: 0.974192
Val Loss: 2.9717 | C-index: 0.5907

Epoch 11
-------------------------------
loss: 2.590910  [   64/  677]
loss: 2.530066  [  256/  677]
loss: 2.556007  [  448/  677]
loss: 2.093257  [  640/  677]
Average Training Loss: 0.888204
Val Loss: 2.9938 | C-index: 0.6217

Epoch 12
-------------------------------
loss: 2.466742  [   64/  677]
loss: 2.492293  [  256/  677]
loss: 2.777632  [  448/  677]
loss: 1.909833  [  640/  677]
Average Training Loss: 0.876954
Val Loss: 2.9914 | C-index: 0.5830

Epoch 13
-------------------------------
loss: 2.355356  [   64/  677]
loss: 2.198609  [  256/  677]
loss: 2.410372  [  448/  677]
loss: 2.076365  [  640/  677]
Average Training Loss: 0.821882
Val Loss: 2.9904 | C-index: 0.6157

Epoch 14
-------------------------------
loss: 2.787997  [   64/  677]
loss: 2.567684  [  256/  677]
loss: 2.142755  [  448/  677]
loss: 2.443306  [  640/  677]
Average Training Loss: 0.903795
Val Loss: 2.9806 | C-index: 0.6115

Epoch 15
-------------------------------
loss: 2.514004  [   64/  677]
loss: 2.183400  [  256/  677]
loss: 2.121625  [  448/  677]
loss: 2.323921  [  640/  677]
Average Training Loss: 0.831177
Val Loss: 2.9888 | C-index: 0.6246

Epoch 16
-------------------------------
loss: 2.597318  [   64/  677]
loss: 1.926926  [  256/  677]
loss: 2.482492  [  448/  677]
loss: 2.154081  [  640/  677]
Average Training Loss: 0.832802
Val Loss: 2.9786 | C-index: 0.6264

Epoch 17
-------------------------------
loss: 2.761598  [   64/  677]
loss: 1.946342  [  256/  677]
loss: 1.833254  [  448/  677]
loss: 2.278240  [  640/  677]
Average Training Loss: 0.801767
Val Loss: 2.9769 | C-index: 0.6431

Epoch 18
-------------------------------
loss: 2.069498  [   64/  677]
loss: 2.588644  [  256/  677]
loss: 2.034953  [  448/  677]
loss: 2.136542  [  640/  677]
Average Training Loss: 0.802694
Val Loss: 2.9626 | C-index: 0.6681

Epoch 19
-------------------------------
loss: 2.377733  [   64/  677]
loss: 2.019592  [  256/  677]
loss: 2.394441  [  448/  677]
loss: 1.835773  [  640/  677]
Average Training Loss: 0.784322
Val Loss: 2.9671 | C-index: 0.6710

Epoch 20
-------------------------------
loss: 2.137831  [   64/  677]
loss: 2.016279  [  256/  677]
loss: 2.240773  [  448/  677]
loss: 2.488209  [  640/  677]
Average Training Loss: 0.807554
Val Loss: 2.9552 | C-index: 0.6710

Epoch 21
-------------------------------
loss: 2.201473  [   64/  677]
loss: 2.142144  [  256/  677]
loss: 2.507419  [  448/  677]
loss: 2.133310  [  640/  677]
Average Training Loss: 0.816759
Val Loss: 2.9625 | C-index: 0.6419

Epoch 22
-------------------------------
loss: 2.422751  [   64/  677]
loss: 2.126316  [  256/  677]
loss: 2.082728  [  448/  677]
loss: 2.275899  [  640/  677]
Average Training Loss: 0.809790
Val Loss: 2.9458 | C-index: 0.6788

Epoch 23
-------------------------------
loss: 2.288035  [   64/  677]
loss: 1.730879  [  256/  677]
loss: 1.978562  [  448/  677]
loss: 2.131775  [  640/  677]
Average Training Loss: 0.739023
Val Loss: 2.9644 | C-index: 0.6752

Epoch 24
-------------------------------
loss: 1.912173  [   64/  677]
loss: 2.059225  [  256/  677]
loss: 2.312004  [  448/  677]
loss: 2.195643  [  640/  677]
Average Training Loss: 0.770822
Val Loss: 2.9697 | C-index: 0.7097

Epoch 25
-------------------------------
loss: 1.980467  [   64/  677]
loss: 2.205293  [  256/  677]
loss: 2.060524  [  448/  677]
loss: 2.434072  [  640/  677]
Average Training Loss: 0.789123
Val Loss: 2.9561 | C-index: 0.6544

Epoch 26
-------------------------------
loss: 2.148371  [   64/  677]
loss: 2.214304  [  256/  677]
loss: 2.136545  [  448/  677]
loss: 2.272154  [  640/  677]
Average Training Loss: 0.797398
Val Loss: 2.9317 | C-index: 0.6811

Epoch 27
-------------------------------
loss: 2.035384  [   64/  677]
loss: 2.540347  [  256/  677]
loss: 2.216590  [  448/  677]
loss: 2.360317  [  640/  677]
Average Training Loss: 0.832058
Val Loss: 2.9436 | C-index: 0.6811

Epoch 28
-------------------------------
loss: 1.917368  [   64/  677]
loss: 2.019975  [  256/  677]
loss: 2.433278  [  448/  677]
loss: 2.090482  [  640/  677]
Average Training Loss: 0.769191
Val Loss: 2.9415 | C-index: 0.6692

Epoch 29
-------------------------------
loss: 2.286806  [   64/  677]
loss: 2.384903  [  256/  677]
loss: 2.132542  [  448/  677]
loss: 2.222207  [  640/  677]
Average Training Loss: 0.820587
Val Loss: 2.9464 | C-index: 0.6895

Stopping early at Epoch 29 since no C-Index improvement after 5 epochs.
Done!
Best C-Index = 0.7096966091612136 at Epoch 24

=========================================
FOLD 3/5
=========================================

Epoch 1
-------------------------------
loss: 2.931953  [   64/  678]
loss: 2.974179  [  256/  678]
loss: 3.289146  [  448/  678]
loss: 2.955560  [  640/  678]
Average Training Loss: 1.104622
Val Loss: 2.3936 | C-index: 0.7855

Epoch 2
-------------------------------
loss: 3.166234  [   64/  678]
loss: 3.342387  [  256/  678]
loss: 2.875481  [  448/  678]
loss: 2.667743  [  640/  678]
Average Training Loss: 1.095622
Val Loss: 2.3899 | C-index: 0.8077

Epoch 3
-------------------------------
loss: 3.053659  [   64/  678]
loss: 2.568407  [  256/  678]
loss: 3.276102  [  448/  678]
loss: 3.220791  [  640/  678]
Average Training Loss: 1.101724
Val Loss: 2.3809 | C-index: 0.7864

Epoch 4
-------------------------------
loss: 2.886877  [   64/  678]
loss: 3.092687  [  256/  678]
loss: 2.572257  [  448/  678]
loss: 3.163349  [  640/  678]
Average Training Loss: 1.065015
Val Loss: 2.3667 | C-index: 0.7132

Epoch 5
-------------------------------
loss: 3.378477  [   64/  678]
loss: 2.977262  [  256/  678]
loss: 3.036871  [  448/  678]
loss: 3.043406  [  640/  678]
Average Training Loss: 1.130547
Val Loss: 2.3306 | C-index: 0.7115

Epoch 6
-------------------------------
loss: 3.007115  [   64/  678]
loss: 2.810976  [  256/  678]
loss: 2.582340  [  448/  678]
loss: 3.488195  [  640/  678]
Average Training Loss: 1.080784
Val Loss: 2.2768 | C-index: 0.7413

Epoch 7
-------------------------------
loss: 2.727563  [   64/  678]
loss: 1.808157  [  256/  678]
loss: 3.198914  [  448/  678]
loss: 2.740309  [  640/  678]
Average Training Loss: 0.952268
Val Loss: 2.2980 | C-index: 0.7294

Stopping early at Epoch 7 since no C-Index improvement after 5 epochs.
Done!
Best C-Index = 0.8076595744680851 at Epoch 2

=========================================
FOLD 4/5
=========================================

Epoch 1
-------------------------------
loss: 2.876584  [   64/  678]
loss: 2.699818  [  256/  678]
loss: 2.502036  [  448/  678]
loss: 3.135793  [  640/  678]
Average Training Loss: 1.019476
Val Loss: 2.8508 | C-index: 0.7430

Epoch 2
-------------------------------
loss: 2.943556  [   64/  678]
loss: 3.129961  [  256/  678]
loss: 3.452383  [  448/  678]
loss: 2.881265  [  640/  678]
Average Training Loss: 1.127924
Val Loss: 2.8467 | C-index: 0.7362

Epoch 3
-------------------------------
loss: 3.142262  [   64/  678]
loss: 2.796211  [  256/  678]
loss: 2.953506  [  448/  678]
loss: 2.750423  [  640/  678]
Average Training Loss: 1.058400
Val Loss: 2.8391 | C-index: 0.6842

Epoch 4
-------------------------------
loss: 2.076504  [   64/  678]
loss: 3.197833  [  256/  678]
loss: 3.217122  [  448/  678]
loss: 2.655483  [  640/  678]
Average Training Loss: 1.013358
Val Loss: 2.8266 | C-index: 0.5932

Epoch 5
-------------------------------
loss: 2.730729  [   64/  678]
loss: 2.624725  [  256/  678]
loss: 2.516321  [  448/  678]
loss: 2.721314  [  640/  678]
Average Training Loss: 0.963008
Val Loss: 2.8030 | C-index: 0.5647

Epoch 6
-------------------------------
loss: 2.712471  [   64/  678]
loss: 2.556831  [  256/  678]
loss: 2.976112  [  448/  678]
loss: 2.569806  [  640/  678]
Average Training Loss: 0.983202
Val Loss: 2.7810 | C-index: 0.5678

Stopping early at Epoch 6 since no C-Index improvement after 5 epochs.
Done!
Best C-Index = 0.7430340557275542 at Epoch 1

=========================================
FOLD 5/5
=========================================

Epoch 1
-------------------------------
loss: 2.599192  [   64/  678]
loss: 2.854209  [  256/  678]
loss: 2.805166  [  448/  678]
loss: 3.434902  [  640/  678]
Average Training Loss: 1.063043
Val Loss: 2.7787 | C-index: 0.6758

Epoch 2
-------------------------------
loss: 2.863422  [   64/  678]
loss: 2.637671  [  256/  678]
loss: 2.675817  [  448/  678]
loss: 2.787567  [  640/  678]
Average Training Loss: 0.996771
Val Loss: 2.7742 | C-index: 0.7116

Epoch 3
-------------------------------
loss: 2.612948  [   64/  678]
loss: 2.722259  [  256/  678]
loss: 3.031797  [  448/  678]
loss: 2.772985  [  640/  678]
Average Training Loss: 1.012726
Val Loss: 2.7666 | C-index: 0.7020

Epoch 4
-------------------------------
loss: 3.338905  [   64/  678]
loss: 3.114682  [  256/  678]
loss: 3.120965  [  448/  678]
loss: 2.973246  [  640/  678]
Average Training Loss: 1.140709
Val Loss: 2.7562 | C-index: 0.6643

Epoch 5
-------------------------------
loss: 2.898658  [   64/  678]
loss: 2.779796  [  256/  678]
loss: 2.909914  [  448/  678]
loss: 2.658325  [  640/  678]
Average Training Loss: 1.022427
Val Loss: 2.7538 | C-index: 0.6739

Epoch 6
-------------------------------
loss: 2.506975  [   64/  678]
loss: 2.734898  [  256/  678]
loss: 2.776285  [  448/  678]
loss: 3.042983  [  640/  678]
Average Training Loss: 1.005558
Val Loss: 2.7168 | C-index: 0.6611

Epoch 7
-------------------------------
loss: 1.994824  [   64/  678]
loss: 2.345907  [  256/  678]
loss: 2.373323  [  448/  678]
loss: 2.607727  [  640/  678]
Average Training Loss: 0.847435
Val Loss: 2.7041 | C-index: 0.6662

Stopping early at Epoch 7 since no C-Index improvement after 5 epochs.
Done!
Best C-Index = 0.7115507338864071 at Epoch 2

=========================================
CV training complete! Mean ± std C-index: 0.7276 ± 0.0469
Best epochs per fold: [1, 24, 2, 1, 2]

=========================================
Retraining model on full train+val for 6 epochs...
Epoch 1
-------------------------------
loss: 3.090884  [   64/  847]
loss: 3.005495  [  320/  847]
loss: 2.493377  [  576/  847]
loss: 3.003627  [  832/  847]
Average Training Loss: 0.828099
Val Loss: 2.8377 | C-index: 0.6959

Epoch 2
-------------------------------
loss: 2.941324  [   64/  847]
loss: 3.367229  [  320/  847]
loss: 3.007278  [  576/  847]
loss: 3.379906  [  832/  847]
Average Training Loss: 0.906838
Val Loss: 2.7882 | C-index: 0.7377

Epoch 3
-------------------------------
loss: 3.231804  [   64/  847]
loss: 3.463161  [  320/  847]
loss: 2.992367  [  576/  847]
loss: 3.038163  [  832/  847]
Average Training Loss: 0.908964
Val Loss: 2.7862 | C-index: 0.7256

Epoch 4
-------------------------------
loss: 2.855518  [   64/  847]
loss: 3.380801  [  320/  847]
loss: 2.578208  [  576/  847]
loss: 2.589315  [  832/  847]
Average Training Loss: 0.814560
Val Loss: 2.6871 | C-index: 0.7224

Epoch 5
-------------------------------
loss: 2.931721  [   64/  847]
loss: 3.230253  [  320/  847]
loss: 2.891646  [  576/  847]
loss: 2.328223  [  832/  847]
Average Training Loss: 0.812989
Val Loss: 2.6303 | C-index: 0.7698

Epoch 6
-------------------------------
loss: 2.928173  [   64/  847]
loss: 2.670895  [  320/  847]
loss: 2.688647  [  576/  847]
loss: 3.339907  [  832/  847]
Average Training Loss: 0.830544
Val Loss: 2.5118 | C-index: 0.8234

Done!
Best C-Index = 0.8233987785797204 at Epoch 6
FINAL TEST Average Loss: 2.5745
FINAL TEST C-index: 0.7280
Bootstrap 95% CI: [0.6335, 0.8105]
Top 10 activated pathways:
{'R-HSA-9844594': 0.049331340938806534, 'R-HSA-5621480': 0.046908505260944366, 'R-HSA-399956': 0.04685116186738014, 'R-HSA-9665686': 0.04630337283015251, 'R-HSA-168271': 0.04384820535778999, 'R-HSA-168276': 0.04283866658806801, 'R-HSA-5357769': 0.04277816787362099, 'R-HSA-5693537': 0.042769815772771835, 'R-HSA-1912420': 0.042336732149124146, 'R-HSA-4085377': 0.040557075291872025}
Results saved to /Users/evan/Documents/GitHub/HyBINN/experiments/runs/binn_clinical/seed_0/results.json
