train_hybinn.py log started 2026-06-17 01:22:45.074948
=========================================
Model Active Branches: ['gene', 'clinical']
=========================================

=========================================
FOLD 1/5
=========================================

Epoch 1
-------------------------------
loss: 3.397852  [   64/  677]
loss: 3.115308  [  256/  677]
loss: 2.530711  [  448/  677]
loss: 2.972214  [  640/  677]
Average Training Loss: 1.092371
Val Loss: 2.7248 | C-index: 0.5265

Epoch 2
-------------------------------
loss: 2.507550  [   64/  677]
loss: 3.082485  [  256/  677]
loss: 2.487024  [  448/  677]
loss: 3.304249  [  640/  677]
Average Training Loss: 1.034664
Val Loss: 2.7016 | C-index: 0.5516

Epoch 3
-------------------------------
loss: 2.784749  [   64/  677]
loss: 3.044059  [  256/  677]
loss: 2.582756  [  448/  677]
loss: 2.794715  [  640/  677]
Average Training Loss: 1.018753
Val Loss: 2.6521 | C-index: 0.6277

Epoch 4
-------------------------------
loss: 2.847860  [   64/  677]
loss: 2.498793  [  256/  677]
loss: 2.652457  [  448/  677]
loss: 2.432799  [  640/  677]
Average Training Loss: 0.948355
Val Loss: 2.6401 | C-index: 0.6121

Epoch 5
-------------------------------
loss: 2.394533  [   64/  677]
loss: 2.329328  [  256/  677]
loss: 2.142392  [  448/  677]
loss: 2.572395  [  640/  677]
Average Training Loss: 0.858059
Val Loss: 2.6812 | C-index: 0.6162

Epoch 6
-------------------------------
loss: 2.011362  [   64/  677]
loss: 1.334426  [  256/  677]
loss: 1.532818  [  448/  677]
loss: 1.106772  [  640/  677]
Average Training Loss: 0.544125
Val Loss: 2.7436 | C-index: 0.6488

Epoch 7
-------------------------------
loss: 1.802885  [   64/  677]
loss: 1.691914  [  256/  677]
loss: 1.410321  [  448/  677]
loss: 1.957420  [  640/  677]
Average Training Loss: 0.623867
Val Loss: 2.6713 | C-index: 0.6298

Epoch 8
-------------------------------
loss: 1.265158  [   64/  677]
loss: 1.485029  [  256/  677]
loss: 1.851782  [  448/  677]
loss: 0.887595  [  640/  677]
Average Training Loss: 0.499051
Val Loss: 2.8097 | C-index: 0.6141

Epoch 9
-------------------------------
loss: 1.534977  [   64/  677]
loss: 1.359890  [  256/  677]
loss: 1.509914  [  448/  677]
loss: 0.893125  [  640/  677]
Average Training Loss: 0.481628
Val Loss: 2.9033 | C-index: 0.7092

Epoch 10
-------------------------------
loss: 1.418223  [   64/  677]
loss: 0.730209  [  256/  677]
loss: 1.145181  [  448/  677]
loss: 1.753709  [  640/  677]
Average Training Loss: 0.458847
Val Loss: 2.7071 | C-index: 0.7024

Epoch 11
-------------------------------
loss: 1.236047  [   64/  677]
loss: 0.786649  [  256/  677]
loss: 1.630405  [  448/  677]
loss: 1.926704  [  640/  677]
Average Training Loss: 0.507255
Val Loss: 2.8587 | C-index: 0.5904

Epoch 12
-------------------------------
loss: 1.623942  [   64/  677]
loss: 0.608175  [  256/  677]
loss: 1.532785  [  448/  677]
loss: 2.351613  [  640/  677]
Average Training Loss: 0.556047
Val Loss: 2.6338 | C-index: 0.6773

Epoch 13
-------------------------------
loss: 0.543934  [   64/  677]
loss: 0.943664  [  256/  677]
loss: 1.141552  [  448/  677]
loss: 1.380000  [  640/  677]
Average Training Loss: 0.364468
Val Loss: 2.6633 | C-index: 0.6610

Epoch 14
-------------------------------
loss: 0.495459  [   64/  677]
loss: 1.288282  [  256/  677]
loss: 1.336893  [  448/  677]
loss: 0.662810  [  640/  677]
Average Training Loss: 0.343950
Val Loss: 2.5590 | C-index: 0.6760

Stopping early at Epoch 14 since no C-Index improvement after 5 epochs.
Done!
Best C-Index = 0.7092391304347826 at Epoch 9

=========================================
FOLD 2/5
=========================================

Epoch 1
-------------------------------
loss: 3.109745  [   64/  677]
loss: 2.503019  [  256/  677]
loss: 2.749603  [  448/  677]
loss: 2.906109  [  640/  677]
Average Training Loss: 1.024407
Val Loss: 2.7532 | C-index: 0.5913

Epoch 2
-------------------------------
loss: 2.989184  [   64/  677]
loss: 3.306357  [  256/  677]
loss: 2.400373  [  448/  677]
loss: 3.395832  [  640/  677]
Average Training Loss: 1.099250
Val Loss: 2.7584 | C-index: 0.5859

Epoch 3
-------------------------------
loss: 3.094724  [   64/  677]
loss: 2.813423  [  256/  677]
loss: 2.421429  [  448/  677]
loss: 2.247828  [  640/  677]
Average Training Loss: 0.961582
Val Loss: 2.6991 | C-index: 0.6782

Epoch 4
-------------------------------
loss: 2.433307  [   64/  677]
loss: 2.788746  [  256/  677]
loss: 2.427619  [  448/  677]
loss: 2.246648  [  640/  677]
Average Training Loss: 0.899665
Val Loss: 2.7087 | C-index: 0.6429

Epoch 5
-------------------------------
loss: 2.068044  [   64/  677]
loss: 1.010123  [  256/  677]
loss: 2.334634  [  448/  677]
loss: 1.865414  [  640/  677]
Average Training Loss: 0.661656
Val Loss: 2.9952 | C-index: 0.5574

Epoch 6
-------------------------------
loss: 1.823441  [   64/  677]
loss: 1.617402  [  256/  677]
loss: 2.324365  [  448/  677]
loss: 1.322519  [  640/  677]
Average Training Loss: 0.644339
Val Loss: 3.3580 | C-index: 0.6327

Epoch 7
-------------------------------
loss: 2.204573  [   64/  677]
loss: 1.210377  [  256/  677]
loss: 1.259956  [  448/  677]
loss: 1.528624  [  640/  677]
Average Training Loss: 0.563957
Val Loss: 3.4412 | C-index: 0.5506

Epoch 8
-------------------------------
loss: 1.600618  [   64/  677]
loss: 0.830220  [  256/  677]
loss: 1.861739  [  448/  677]
loss: 1.912242  [  640/  677]
Average Training Loss: 0.564074
Val Loss: 3.7612 | C-index: 0.6178

Stopping early at Epoch 8 since no C-Index improvement after 5 epochs.
Done!
Best C-Index = 0.6782077393075356 at Epoch 3

=========================================
FOLD 3/5
=========================================

Epoch 1
-------------------------------
loss: 2.950872  [   64/  678]
loss: 2.812075  [  256/  678]
loss: 2.596942  [  448/  678]
loss: 3.070150  [  640/  678]
Average Training Loss: 1.039094
Val Loss: 2.4508 | C-index: 0.5941

Epoch 2
-------------------------------
loss: 3.077644  [   64/  678]
loss: 3.316558  [  256/  678]
loss: 3.028686  [  448/  678]
loss: 2.727501  [  640/  678]
Average Training Loss: 1.104581
Val Loss: 2.4209 | C-index: 0.6396

Epoch 3
-------------------------------
loss: 3.182380  [   64/  678]
loss: 2.633534  [  256/  678]
loss: 2.896870  [  448/  678]
loss: 2.643766  [  640/  678]
Average Training Loss: 1.032414
Val Loss: 2.3867 | C-index: 0.6229

Epoch 4
-------------------------------
loss: 2.675943  [   64/  678]
loss: 2.942924  [  256/  678]
loss: 2.426815  [  448/  678]
loss: 2.749055  [  640/  678]
Average Training Loss: 0.981340
Val Loss: 2.3380 | C-index: 0.6548

Epoch 5
-------------------------------
loss: 2.134785  [   64/  678]
loss: 2.645835  [  256/  678]
loss: 2.598639  [  448/  678]
loss: 1.899571  [  640/  678]
Average Training Loss: 0.843530
Val Loss: 2.2913 | C-index: 0.6958

Epoch 6
-------------------------------
loss: 1.735419  [   64/  678]
loss: 2.320365  [  256/  678]
loss: 1.672476  [  448/  678]
loss: 2.154567  [  640/  678]
Average Training Loss: 0.716621
Val Loss: 2.4048 | C-index: 0.6108

Epoch 7
-------------------------------
loss: 1.734250  [   64/  678]
loss: 1.373355  [  256/  678]
loss: 1.183448  [  448/  678]
loss: 1.964302  [  640/  678]
Average Training Loss: 0.568669
Val Loss: 2.6804 | C-index: 0.6404

Epoch 8
-------------------------------
loss: 1.708703  [   64/  678]
loss: 1.581504  [  256/  678]
loss: 2.016821  [  448/  678]
loss: 1.360693  [  640/  678]
Average Training Loss: 0.606157
Val Loss: 2.3439 | C-index: 0.7587

Epoch 9
-------------------------------
loss: 0.727231  [   64/  678]
loss: 1.136539  [  256/  678]
loss: 2.311035  [  448/  678]
loss: 1.660148  [  640/  678]
Average Training Loss: 0.530450
Val Loss: 2.4709 | C-index: 0.7580

Epoch 10
-------------------------------
loss: 1.330810  [   64/  678]
loss: 1.602434  [  256/  678]
loss: 1.525262  [  448/  678]
loss: 1.572512  [  640/  678]
Average Training Loss: 0.548274
Val Loss: 2.7921 | C-index: 0.6320

Epoch 11
-------------------------------
loss: 1.464761  [   64/  678]
loss: 1.335401  [  256/  678]
loss: 1.507735  [  448/  678]
loss: 2.488788  [  640/  678]
Average Training Loss: 0.617880
Val Loss: 2.4186 | C-index: 0.6798

Epoch 12
-------------------------------
loss: 0.975980  [   64/  678]
loss: 1.284960  [  256/  678]
loss: 1.683395  [  448/  678]
loss: 1.373378  [  640/  678]
Average Training Loss: 0.483428
Val Loss: 2.6681 | C-index: 0.6457

Epoch 13
-------------------------------
loss: 1.265924  [   64/  678]
loss: 1.352054  [  256/  678]
loss: 1.559313  [  448/  678]
loss: 0.835290  [  640/  678]
Average Training Loss: 0.455689
Val Loss: 2.3472 | C-index: 0.7162

Stopping early at Epoch 13 since no C-Index improvement after 5 epochs.
Done!
Best C-Index = 0.7587253414264037 at Epoch 8

=========================================
FOLD 4/5
=========================================

Epoch 1
-------------------------------
loss: 2.884879  [   64/  678]
loss: 2.765493  [  256/  678]
loss: 2.847093  [  448/  678]
loss: 2.697641  [  640/  678]
Average Training Loss: 1.017737
Val Loss: 3.0272 | C-index: 0.4473

Epoch 2
-------------------------------
loss: 1.754539  [   64/  678]
loss: 2.890689  [  256/  678]
loss: 2.826490  [  448/  678]
loss: 2.690228  [  640/  678]
Average Training Loss: 0.923813
Val Loss: 3.0354 | C-index: 0.4961

Epoch 3
-------------------------------
loss: 3.117847  [   64/  678]
loss: 2.480577  [  256/  678]
loss: 2.787280  [  448/  678]
loss: 2.859630  [  640/  678]
Average Training Loss: 1.022303
Val Loss: 2.9296 | C-index: 0.5807

Epoch 4
-------------------------------
loss: 2.391335  [   64/  678]
loss: 2.174002  [  256/  678]
loss: 2.587389  [  448/  678]
loss: 2.306681  [  640/  678]
Average Training Loss: 0.859946
Val Loss: 2.9045 | C-index: 0.6486

Epoch 5
-------------------------------
loss: 1.724140  [   64/  678]
loss: 1.285930  [  256/  678]
loss: 1.828983  [  448/  678]
loss: 2.232766  [  640/  678]
Average Training Loss: 0.642893
Val Loss: 2.9707 | C-index: 0.5926

Epoch 6
-------------------------------
loss: 1.667757  [   64/  678]
loss: 1.413286  [  256/  678]
loss: 1.412106  [  448/  678]
loss: 2.018043  [  640/  678]
Average Training Loss: 0.591927
Val Loss: 3.7193 | C-index: 0.5200

Epoch 7
-------------------------------
loss: 1.315934  [   64/  678]
loss: 1.709114  [  256/  678]
loss: 1.437423  [  448/  678]
loss: 1.300224  [  640/  678]
Average Training Loss: 0.523881
Val Loss: 3.6484 | C-index: 0.6980

Epoch 8
-------------------------------
loss: 2.176606  [   64/  678]
loss: 1.517576  [  256/  678]
loss: 2.375930  [  448/  678]
loss: 1.420617  [  640/  678]
Average Training Loss: 0.680975
Val Loss: 3.2441 | C-index: 0.5873

Epoch 9
-------------------------------
loss: 1.867412  [   64/  678]
loss: 1.273787  [  256/  678]
loss: 1.252033  [  448/  678]
loss: 1.326121  [  640/  678]
Average Training Loss: 0.519941
Val Loss: 3.2169 | C-index: 0.6266

Epoch 10
-------------------------------
loss: 2.151906  [   64/  678]
loss: 1.182962  [  256/  678]
loss: 1.999342  [  448/  678]
loss: 1.028574  [  640/  678]
Average Training Loss: 0.578435
Val Loss: 3.2848 | C-index: 0.6063

Epoch 11
-------------------------------
loss: 1.177263  [   64/  678]
loss: 1.093138  [  256/  678]
loss: 1.124552  [  448/  678]
loss: 1.417345  [  640/  678]
Average Training Loss: 0.437482
Val Loss: 3.0399 | C-index: 0.6879

Epoch 12
-------------------------------
loss: 0.682212  [   64/  678]
loss: 1.341977  [  256/  678]
loss: 1.163489  [  448/  678]
loss: 1.294166  [  640/  678]
Average Training Loss: 0.407440
Val Loss: 3.4563 | C-index: 0.6248

Stopping early at Epoch 12 since no C-Index improvement after 5 epochs.
Done!
Best C-Index = 0.6980345443716498 at Epoch 7

=========================================
FOLD 5/5
=========================================

Epoch 1
-------------------------------
loss: 2.787020  [   64/  678]
loss: 2.551894  [  256/  678]
loss: 3.139790  [  448/  678]
loss: 3.078292  [  640/  678]
Average Training Loss: 1.050636
Val Loss: 3.0021 | C-index: 0.5039

Epoch 2
-------------------------------
loss: 2.116200  [   64/  678]
loss: 3.060599  [  256/  678]
loss: 3.068776  [  448/  678]
loss: 3.043126  [  640/  678]
Average Training Loss: 1.026246
Val Loss: 3.0530 | C-index: 0.5470

Epoch 3
-------------------------------
loss: 2.726434  [   64/  678]
loss: 2.348185  [  256/  678]
loss: 2.538349  [  448/  678]
loss: 2.557993  [  640/  678]
Average Training Loss: 0.924633
Val Loss: 2.9627 | C-index: 0.5544

Epoch 4
-------------------------------
loss: 2.314071  [   64/  678]
loss: 2.512568  [  256/  678]
loss: 2.375388  [  448/  678]
loss: 2.158209  [  640/  678]
Average Training Loss: 0.850931
Val Loss: 2.8961 | C-index: 0.5729

Epoch 5
-------------------------------
loss: 1.708801  [   64/  678]
loss: 1.835004  [  256/  678]
loss: 1.716105  [  448/  678]
loss: 1.122631  [  640/  678]
Average Training Loss: 0.580231
Val Loss: 2.8811 | C-index: 0.6224

Epoch 6
-------------------------------
loss: 1.853970  [   64/  678]
loss: 1.776809  [  256/  678]
loss: 2.045462  [  448/  678]
loss: 1.808029  [  640/  678]
Average Training Loss: 0.680388
Val Loss: 3.5400 | C-index: 0.5724

Epoch 7
-------------------------------
loss: 1.271225  [   64/  678]
loss: 1.339701  [  256/  678]
loss: 1.777765  [  448/  678]
loss: 1.594665  [  640/  678]
Average Training Loss: 0.543941
Val Loss: 2.8965 | C-index: 0.6849

Epoch 8
-------------------------------
loss: 1.181411  [   64/  678]
loss: 1.181915  [  256/  678]
loss: 1.150379  [  448/  678]
loss: 1.691829  [  640/  678]
Average Training Loss: 0.473230
Val Loss: 3.6079 | C-index: 0.5988

Epoch 9
-------------------------------
loss: 0.920116  [   64/  678]
loss: 1.681291  [  256/  678]
loss: 0.985899  [  448/  678]
loss: 1.336838  [  640/  678]
Average Training Loss: 0.447649
Val Loss: 3.4717 | C-index: 0.5544

Epoch 10
-------------------------------
loss: 0.806167  [   64/  678]
loss: 1.378432  [  256/  678]
loss: 1.371002  [  448/  678]
loss: 1.762710  [  640/  678]
Average Training Loss: 0.483483
Val Loss: 3.5442 | C-index: 0.5942

Epoch 11
-------------------------------
loss: 1.303160  [   64/  678]
loss: 1.005811  [  256/  678]
loss: 1.619137  [  448/  678]
loss: 0.521486  [  640/  678]
Average Training Loss: 0.404509
Val Loss: 3.5250 | C-index: 0.6539

Epoch 12
-------------------------------
loss: 0.816612  [   64/  678]
loss: 1.259617  [  256/  678]
loss: 0.810717  [  448/  678]
loss: 1.099871  [  640/  678]
Average Training Loss: 0.362438
Val Loss: 3.4544 | C-index: 0.6599

Stopping early at Epoch 12 since no C-Index improvement after 5 epochs.
Done!
Best C-Index = 0.6848681166126793 at Epoch 7

=========================================
CV training complete! Mean ± std C-index: 0.7058 ± 0.0285
Best epochs per fold: [9, 3, 8, 7, 7]

=========================================
Retraining model on full train+val for 7 epochs...
Epoch 1
-------------------------------
loss: 3.339696  [   64/  847]
loss: 3.122383  [  320/  847]
loss: 2.498654  [  576/  847]
loss: 3.626730  [  832/  847]
Average Training Loss: 0.899105
Val Loss: 2.7764 | C-index: 0.6286

Epoch 2
-------------------------------
loss: 2.745037  [   64/  847]
loss: 2.804697  [  320/  847]
loss: 2.715316  [  576/  847]
loss: 2.848757  [  832/  847]
Average Training Loss: 0.793843
Val Loss: 2.5270 | C-index: 0.7563

Epoch 3
-------------------------------
loss: 2.446758  [   64/  847]
loss: 2.933428  [  320/  847]
loss: 3.215399  [  576/  847]
loss: 2.850335  [  832/  847]
Average Training Loss: 0.817566
Val Loss: 2.3783 | C-index: 0.8182

Epoch 4
-------------------------------
loss: 2.697379  [   64/  847]
loss: 2.449169  [  320/  847]
loss: 2.331549  [  576/  847]
loss: 2.634322  [  832/  847]
Average Training Loss: 0.722316
Val Loss: 1.9591 | C-index: 0.9201

Epoch 5
-------------------------------
loss: 1.806971  [   64/  847]
loss: 2.331495  [  320/  847]
loss: 1.765776  [  576/  847]
loss: 2.131167  [  832/  847]
Average Training Loss: 0.573958
Val Loss: 1.5463 | C-index: 0.9332

Epoch 6
-------------------------------
loss: 1.548965  [   64/  847]
loss: 2.032649  [  320/  847]
loss: 1.847010  [  576/  847]
loss: 0.157382  [  832/  847]
Average Training Loss: 0.399000
Val Loss: 1.4839 | C-index: 0.9478

Epoch 7
-------------------------------
loss: 1.804917  [   64/  847]
loss: 1.098587  [  320/  847]
loss: 1.458336  [  576/  847]
loss: 1.542556  [  832/  847]
Average Training Loss: 0.421743
Val Loss: 1.2066 | C-index: 0.9591

Done!
Best C-Index = 0.9590969777885666 at Epoch 7
FINAL TEST Average Loss: 2.9656
FINAL TEST C-index: 0.6709
Bootstrap 95% CI: [0.5664, 0.7666]
Results saved to /Users/evan/Documents/GitHub/HyBINN/experiments/runs/gene_clinical/seed_6/results.json
