train_hybinn.py log started 2026-06-18 15:57:45.532140
=========================================
Model Active Branches: ['clinical']
=========================================

=========================================
FOLD 1/5
=========================================

Epoch 1
-------------------------------
loss: 3.015454  [   64/  677]
loss: 2.891930  [  256/  677]
loss: 3.051337  [  448/  677]
loss: 3.148714  [  640/  677]
Average Training Loss: 1.100676
Val Loss: 2.7140 | C-index: 0.7457

Epoch 2
-------------------------------
loss: 2.733137  [   64/  677]
loss: 2.805314  [  256/  677]
loss: 3.167580  [  448/  677]
loss: 3.099621  [  640/  677]
Average Training Loss: 1.073241
Val Loss: 2.7033 | C-index: 0.7412

Epoch 3
-------------------------------
loss: 2.682631  [   64/  677]
loss: 3.067243  [  256/  677]
loss: 2.813519  [  448/  677]
loss: 3.207446  [  640/  677]
Average Training Loss: 1.070076
Val Loss: 2.6921 | C-index: 0.7412

Epoch 4
-------------------------------
loss: 2.661494  [   64/  677]
loss: 2.905770  [  256/  677]
loss: 3.079993  [  448/  677]
loss: 2.530098  [  640/  677]
Average Training Loss: 1.016123
Val Loss: 2.6803 | C-index: 0.7429

Epoch 5
-------------------------------
loss: 3.440592  [   64/  677]
loss: 2.853712  [  256/  677]
loss: 3.010952  [  448/  677]
loss: 3.179910  [  640/  677]
Average Training Loss: 1.135015
Val Loss: 2.6710 | C-index: 0.7535

Epoch 6
-------------------------------
loss: 3.026833  [   64/  677]
loss: 2.921142  [  256/  677]
loss: 2.685098  [  448/  677]
loss: 2.515114  [  640/  677]
Average Training Loss: 1.013472
Val Loss: 2.6618 | C-index: 0.7429

Epoch 7
-------------------------------
loss: 3.195904  [   64/  677]
loss: 2.806916  [  256/  677]
loss: 2.904575  [  448/  677]
loss: 3.247724  [  640/  677]
Average Training Loss: 1.105011
Val Loss: 2.6528 | C-index: 0.7412

Epoch 8
-------------------------------
loss: 2.574355  [   64/  677]
loss: 2.630069  [  256/  677]
loss: 3.539146  [  448/  677]
loss: 2.800306  [  640/  677]
Average Training Loss: 1.049443
Val Loss: 2.6431 | C-index: 0.7501

Epoch 9
-------------------------------
loss: 2.602579  [   64/  677]
loss: 3.189436  [  256/  677]
loss: 2.856487  [  448/  677]
loss: 3.225306  [  640/  677]
Average Training Loss: 1.079437
Val Loss: 2.6362 | C-index: 0.7406

Epoch 10
-------------------------------
loss: 2.590334  [   64/  677]
loss: 2.035612  [  256/  677]
loss: 2.708663  [  448/  677]
loss: 2.672632  [  640/  677]
Average Training Loss: 0.909749
Val Loss: 2.6284 | C-index: 0.7406

Stopping early at Epoch 10 since no C-Index improvement after 5 epochs.
Done!
Best C-Index = 0.7535014005602241 at Epoch 5

=========================================
FOLD 2/5
=========================================

Epoch 1
-------------------------------
loss: 2.720426  [   64/  677]
loss: 3.116368  [  256/  677]
loss: 3.086704  [  448/  677]
loss: 2.764713  [  640/  677]
Average Training Loss: 1.062565
Val Loss: 2.8848 | C-index: 0.6565

Epoch 2
-------------------------------
loss: 1.506762  [   64/  677]
loss: 3.102553  [  256/  677]
loss: 3.346773  [  448/  677]
loss: 2.649378  [  640/  677]
Average Training Loss: 0.964133
Val Loss: 2.8793 | C-index: 0.6606

Epoch 3
-------------------------------
loss: 3.097545  [   64/  677]
loss: 3.105246  [  256/  677]
loss: 2.840138  [  448/  677]
loss: 3.039225  [  640/  677]
Average Training Loss: 1.098378
Val Loss: 2.8742 | C-index: 0.6541

Epoch 4
-------------------------------
loss: 2.619004  [   64/  677]
loss: 2.457490  [  256/  677]
loss: 2.320351  [  448/  677]
loss: 2.865136  [  640/  677]
Average Training Loss: 0.932907
Val Loss: 2.8706 | C-index: 0.6297

Epoch 5
-------------------------------
loss: 2.773256  [   64/  677]
loss: 3.319662  [  256/  677]
loss: 2.692078  [  448/  677]
loss: 2.473472  [  640/  677]
Average Training Loss: 1.023497
Val Loss: 2.8655 | C-index: 0.6386

Epoch 6
-------------------------------
loss: 3.144338  [   64/  677]
loss: 2.279091  [  256/  677]
loss: 2.594981  [  448/  677]
loss: 2.597620  [  640/  677]
Average Training Loss: 0.965094
Val Loss: 2.8592 | C-index: 0.6505

Epoch 7
-------------------------------
loss: 2.876642  [   64/  677]
loss: 2.689532  [  256/  677]
loss: 2.704575  [  448/  677]
loss: 3.041109  [  640/  677]
Average Training Loss: 1.028351
Val Loss: 2.8515 | C-index: 0.6719

Epoch 8
-------------------------------
loss: 2.566829  [   64/  677]
loss: 2.716550  [  256/  677]
loss: 3.580631  [  448/  677]
loss: 2.749173  [  640/  677]
Average Training Loss: 1.055744
Val Loss: 2.8447 | C-index: 0.6630

Epoch 9
-------------------------------
loss: 2.453412  [   64/  677]
loss: 3.455406  [  256/  677]
loss: 3.154207  [  448/  677]
loss: 2.319520  [  640/  677]
Average Training Loss: 1.034777
Val Loss: 2.8398 | C-index: 0.6553

Epoch 10
-------------------------------
loss: 3.205142  [   64/  677]
loss: 3.040161  [  256/  677]
loss: 2.687094  [  448/  677]
loss: 2.421149  [  640/  677]
Average Training Loss: 1.032141
Val Loss: 2.8363 | C-index: 0.6624

Epoch 11
-------------------------------
loss: 2.878104  [   64/  677]
loss: 2.551351  [  256/  677]
loss: 2.901259  [  448/  677]
loss: 2.413889  [  640/  677]
Average Training Loss: 0.976782
Val Loss: 2.8340 | C-index: 0.6707

Epoch 12
-------------------------------
loss: 2.621216  [   64/  677]
loss: 2.451488  [  256/  677]
loss: 2.798081  [  448/  677]
loss: 2.585237  [  640/  677]
Average Training Loss: 0.950547
Val Loss: 2.8324 | C-index: 0.6737

Epoch 13
-------------------------------
loss: 2.810227  [   64/  677]
loss: 2.933948  [  256/  677]
loss: 3.038066  [  448/  677]
loss: 2.891128  [  640/  677]
Average Training Loss: 1.061215
Val Loss: 2.8309 | C-index: 0.6636

Epoch 14
-------------------------------
loss: 2.664443  [   64/  677]
loss: 2.410020  [  256/  677]
loss: 2.696915  [  448/  677]
loss: 2.941798  [  640/  677]
Average Training Loss: 0.973925
Val Loss: 2.8303 | C-index: 0.6743

Epoch 15
-------------------------------
loss: 2.678421  [   64/  677]
loss: 2.752689  [  256/  677]
loss: 2.720411  [  448/  677]
loss: 3.056535  [  640/  677]
Average Training Loss: 1.018914
Val Loss: 2.8295 | C-index: 0.6749

Epoch 16
-------------------------------
loss: 2.561762  [   64/  677]
loss: 2.338532  [  256/  677]
loss: 3.087650  [  448/  677]
loss: 2.572829  [  640/  677]
Average Training Loss: 0.960070
Val Loss: 2.8328 | C-index: 0.6808

Epoch 17
-------------------------------
loss: 2.605289  [   64/  677]
loss: 3.146933  [  256/  677]
loss: 2.619157  [  448/  677]
loss: 2.216795  [  640/  677]
Average Training Loss: 0.962561
Val Loss: 2.8334 | C-index: 0.6832

Epoch 18
-------------------------------
loss: 2.429669  [   64/  677]
loss: 2.641723  [  256/  677]
loss: 3.220568  [  448/  677]
loss: 2.786025  [  640/  677]
Average Training Loss: 1.007089
Val Loss: 2.8345 | C-index: 0.6832

Epoch 19
-------------------------------
loss: 2.659679  [   64/  677]
loss: 2.947764  [  256/  677]
loss: 2.947297  [  448/  677]
loss: 2.365578  [  640/  677]
Average Training Loss: 0.992756
Val Loss: 2.8362 | C-index: 0.6921

Epoch 20
-------------------------------
loss: 2.307365  [   64/  677]
loss: 2.915114  [  256/  677]
loss: 2.173002  [  448/  677]
loss: 2.067360  [  640/  677]
Average Training Loss: 0.860258
Val Loss: 2.8361 | C-index: 0.6779

Epoch 21
-------------------------------
loss: 2.251161  [   64/  677]
loss: 2.564520  [  256/  677]
loss: 2.776062  [  448/  677]
loss: 2.434144  [  640/  677]
Average Training Loss: 0.911444
Val Loss: 2.8372 | C-index: 0.6844

Epoch 22
-------------------------------
loss: 2.375791  [   64/  677]
loss: 2.896208  [  256/  677]
loss: 2.779255  [  448/  677]
loss: 2.910558  [  640/  677]
Average Training Loss: 0.996528
Val Loss: 2.8398 | C-index: 0.6832

Epoch 23
-------------------------------
loss: 3.291303  [   64/  677]
loss: 2.963317  [  256/  677]
loss: 2.852183  [  448/  677]
loss: 2.578082  [  640/  677]
Average Training Loss: 1.062262
Val Loss: 2.8387 | C-index: 0.6850

Epoch 24
-------------------------------
loss: 2.165341  [   64/  677]
loss: 2.367964  [  256/  677]
loss: 2.118984  [  448/  677]
loss: 3.427326  [  640/  677]
Average Training Loss: 0.916329
Val Loss: 2.8403 | C-index: 0.6868

Stopping early at Epoch 24 since no C-Index improvement after 5 epochs.
Done!
Best C-Index = 0.6921475312314099 at Epoch 19

=========================================
FOLD 3/5
=========================================

Epoch 1
-------------------------------
loss: 2.030626  [   64/  678]
loss: 2.729913  [  256/  678]
loss: 2.898701  [  448/  678]
loss: 3.051717  [  640/  678]
Average Training Loss: 0.973723
Val Loss: 2.3846 | C-index: 0.7787

Epoch 2
-------------------------------
loss: 2.237044  [   64/  678]
loss: 3.362273  [  256/  678]
loss: 2.972159  [  448/  678]
loss: 2.913390  [  640/  678]
Average Training Loss: 1.044079
Val Loss: 2.3758 | C-index: 0.7660

Epoch 3
-------------------------------
loss: 3.353032  [   64/  678]
loss: 3.322512  [  256/  678]
loss: 2.773434  [  448/  678]
loss: 3.116379  [  640/  678]
Average Training Loss: 1.142305
Val Loss: 2.3687 | C-index: 0.7634

Epoch 4
-------------------------------
loss: 2.962497  [   64/  678]
loss: 3.101526  [  256/  678]
loss: 3.232902  [  448/  678]
loss: 2.998955  [  640/  678]
Average Training Loss: 1.117807
Val Loss: 2.3623 | C-index: 0.7685

Epoch 5
-------------------------------
loss: 2.754068  [   64/  678]
loss: 2.665961  [  256/  678]
loss: 2.881034  [  448/  678]
loss: 2.480326  [  640/  678]
Average Training Loss: 0.980126
Val Loss: 2.3604 | C-index: 0.7651

Epoch 6
-------------------------------
loss: 2.755071  [   64/  678]
loss: 2.753845  [  256/  678]
loss: 2.825096  [  448/  678]
loss: 2.786558  [  640/  678]
Average Training Loss: 1.010961
Val Loss: 2.3552 | C-index: 0.7506

Stopping early at Epoch 6 since no C-Index improvement after 5 epochs.
Done!
Best C-Index = 0.7787234042553192 at Epoch 1

=========================================
FOLD 4/5
=========================================

Epoch 1
-------------------------------
loss: 2.789456  [   64/  678]
loss: 2.476354  [  256/  678]
loss: 2.926817  [  448/  678]
loss: 2.750409  [  640/  678]
Average Training Loss: 0.994821
Val Loss: 2.8434 | C-index: 0.6214

Epoch 2
-------------------------------
loss: 3.114237  [   64/  678]
loss: 2.787394  [  256/  678]
loss: 2.702076  [  448/  678]
loss: 2.905862  [  640/  678]
Average Training Loss: 1.046324
Val Loss: 2.8352 | C-index: 0.6238

Epoch 3
-------------------------------
loss: 2.933240  [   64/  678]
loss: 2.528950  [  256/  678]
loss: 2.682894  [  448/  678]
loss: 3.000133  [  640/  678]
Average Training Loss: 1.013202
Val Loss: 2.8267 | C-index: 0.6207

Epoch 4
-------------------------------
loss: 2.677610  [   64/  678]
loss: 2.905606  [  256/  678]
loss: 3.084599  [  448/  678]
loss: 2.716193  [  640/  678]
Average Training Loss: 1.034910
Val Loss: 2.8165 | C-index: 0.6214

Epoch 5
-------------------------------
loss: 2.799259  [   64/  678]
loss: 2.072776  [  256/  678]
loss: 2.664055  [  448/  678]
loss: 2.915915  [  640/  678]
Average Training Loss: 0.950182
Val Loss: 2.8076 | C-index: 0.6133

Epoch 6
-------------------------------
loss: 3.040299  [   64/  678]
loss: 3.068968  [  256/  678]
loss: 2.847655  [  448/  678]
loss: 3.335694  [  640/  678]
Average Training Loss: 1.117511
Val Loss: 2.8007 | C-index: 0.6121

Epoch 7
-------------------------------
loss: 2.739363  [   64/  678]
loss: 3.315815  [  256/  678]
loss: 2.952585  [  448/  678]
loss: 2.914143  [  640/  678]
Average Training Loss: 1.083810
Val Loss: 2.7950 | C-index: 0.6121

Stopping early at Epoch 7 since no C-Index improvement after 5 epochs.
Done!
Best C-Index = 0.6238390092879257 at Epoch 2

=========================================
FOLD 5/5
=========================================

Epoch 1
-------------------------------
loss: 2.875047  [   64/  678]
loss: 2.832955  [  256/  678]
loss: 3.018205  [  448/  678]
loss: 2.614682  [  640/  678]
Average Training Loss: 1.030990
Val Loss: 2.7761 | C-index: 0.6107

Epoch 2
-------------------------------
loss: 3.000529  [   64/  678]
loss: 2.618886  [  256/  678]
loss: 2.811022  [  448/  678]
loss: 2.795631  [  640/  678]
Average Training Loss: 1.020552
Val Loss: 2.7707 | C-index: 0.6101

Epoch 3
-------------------------------
loss: 3.156568  [   64/  678]
loss: 1.949470  [  256/  678]
loss: 2.132296  [  448/  678]
loss: 2.802850  [  640/  678]
Average Training Loss: 0.912835
Val Loss: 2.7644 | C-index: 0.6063

Epoch 4
-------------------------------
loss: 2.676635  [   64/  678]
loss: 2.693878  [  256/  678]
loss: 2.655057  [  448/  678]
loss: 3.512788  [  640/  678]
Average Training Loss: 1.048942
Val Loss: 2.7592 | C-index: 0.6094

Epoch 5
-------------------------------
loss: 2.581854  [   64/  678]
loss: 3.212108  [  256/  678]
loss: 3.187578  [  448/  678]
loss: 2.867831  [  640/  678]
Average Training Loss: 1.077215
Val Loss: 2.7540 | C-index: 0.6037

Epoch 6
-------------------------------
loss: 2.675752  [   64/  678]
loss: 2.959473  [  256/  678]
loss: 2.977986  [  448/  678]
loss: 2.662063  [  640/  678]
Average Training Loss: 1.025025
Val Loss: 2.7499 | C-index: 0.6075

Stopping early at Epoch 6 since no C-Index improvement after 5 epochs.
Done!
Best C-Index = 0.6107211231652839 at Epoch 1

=========================================
CV training complete! Mean ± std C-index: 0.6918 ± 0.0672
Best epochs per fold: [5, 19, 1, 2, 1]

=========================================
Retraining model on full train+val for 6 epochs...
Epoch 1
-------------------------------
loss: 3.376886  [   64/  847]
loss: 2.931845  [  320/  847]
loss: 2.428344  [  576/  847]
loss: 2.918560  [  832/  847]
Average Training Loss: 0.832545
Val Loss: 2.7767 | C-index: 0.6621

Epoch 2
-------------------------------
loss: 2.542464  [   64/  847]
loss: 2.859700  [  320/  847]
loss: 2.792190  [  576/  847]
loss: 2.976706  [  832/  847]
Average Training Loss: 0.797933
Val Loss: 2.7628 | C-index: 0.6629

Epoch 3
-------------------------------
loss: 3.065505  [   64/  847]
loss: 2.669198  [  320/  847]
loss: 2.579436  [  576/  847]
loss: 2.904474  [  832/  847]
Average Training Loss: 0.801330
Val Loss: 2.8212 | C-index: 0.6629

Epoch 4
-------------------------------
loss: 3.366568  [   64/  847]
loss: 3.016137  [  320/  847]
loss: 3.107473  [  576/  847]
loss: 2.853778  [  832/  847]
Average Training Loss: 0.881711
Val Loss: 2.8042 | C-index: 0.6634

Epoch 5
-------------------------------
loss: 3.187531  [   64/  847]
loss: 2.891602  [  320/  847]
loss: 3.057309  [  576/  847]
loss: 3.385192  [  832/  847]
Average Training Loss: 0.894402
Val Loss: 2.7489 | C-index: 0.6635

Epoch 6
-------------------------------
loss: 2.579324  [   64/  847]
loss: 2.411190  [  320/  847]
loss: 2.788060  [  576/  847]
loss: 2.396183  [  832/  847]
Average Training Loss: 0.726768
Val Loss: 2.7807 | C-index: 0.6665

Done!
Best C-Index = 0.6665068389441275 at Epoch 6
FINAL TEST Average Loss: 2.6771
FINAL TEST C-index: 0.6327
Bootstrap 95% CI: [0.5295, 0.7408]
Results saved to /Users/evan/Documents/GitHub/HyBINN/experiments/runs/other/clinical_one_layer/seed0/results.json
