train_hybinn.py log started 2026-06-17 01:29:13.163588
=========================================
Model Active Branches: ['binn', 'gene', 'clinical']
=========================================

=========================================
FOLD 1/5
=========================================

Epoch 1
-------------------------------
loss: 3.251076  [   64/  677]
loss: 3.161961  [  256/  677]
loss: 3.148385  [  448/  677]
loss: 3.176403  [  640/  677]
Average Training Loss: 1.157984
Val Loss: 2.7102 | C-index: 0.5489

Epoch 2
-------------------------------
loss: 2.652153  [   64/  677]
loss: 3.057091  [  256/  677]
loss: 2.994330  [  448/  677]
loss: 3.168173  [  640/  677]
Average Training Loss: 1.079250
Val Loss: 2.6762 | C-index: 0.5727

Epoch 3
-------------------------------
loss: 2.871003  [   64/  677]
loss: 3.042126  [  256/  677]
loss: 2.898586  [  448/  677]
loss: 2.342510  [  640/  677]
Average Training Loss: 1.014021
Val Loss: 2.6243 | C-index: 0.6746

Epoch 4
-------------------------------
loss: 2.161178  [   64/  677]
loss: 2.636710  [  256/  677]
loss: 2.353442  [  448/  677]
loss: 2.808029  [  640/  677]
Average Training Loss: 0.905396
Val Loss: 2.6352 | C-index: 0.6311

Epoch 5
-------------------------------
loss: 2.272172  [   64/  677]
loss: 2.171110  [  256/  677]
loss: 2.347566  [  448/  677]
loss: 2.123875  [  640/  677]
Average Training Loss: 0.810429
Val Loss: 2.8062 | C-index: 0.5788

Epoch 6
-------------------------------
loss: 1.097530  [   64/  677]
loss: 1.212800  [  256/  677]
loss: 1.751107  [  448/  677]
loss: 1.766899  [  640/  677]
Average Training Loss: 0.529849
Val Loss: 2.8644 | C-index: 0.5971

Epoch 7
-------------------------------
loss: 1.458742  [   64/  677]
loss: 0.907287  [  256/  677]
loss: 2.457270  [  448/  677]
loss: 1.911683  [  640/  677]
Average Training Loss: 0.612271
Val Loss: 2.8614 | C-index: 0.6590

Epoch 8
-------------------------------
loss: 2.052152  [   64/  677]
loss: 2.223284  [  256/  677]
loss: 1.633513  [  448/  677]
loss: 2.027003  [  640/  677]
Average Training Loss: 0.721450
Val Loss: 2.6154 | C-index: 0.6372

Stopping early at Epoch 8 since no C-Index improvement after 5 epochs.
Done!
Best C-Index = 0.6745923913043478 at Epoch 3

=========================================
FOLD 2/5
=========================================

Epoch 1
-------------------------------
loss: 2.804233  [   64/  677]
loss: 3.325991  [  256/  677]
loss: 2.793803  [  448/  677]
loss: 2.899469  [  640/  677]
Average Training Loss: 1.074863
Val Loss: 2.7629 | C-index: 0.7060

Epoch 2
-------------------------------
loss: 2.741674  [   64/  677]
loss: 2.922814  [  256/  677]
loss: 2.560021  [  448/  677]
loss: 3.327078  [  640/  677]
Average Training Loss: 1.050144
Val Loss: 2.7377 | C-index: 0.6768

Epoch 3
-------------------------------
loss: 2.823645  [   64/  677]
loss: 2.609271  [  256/  677]
loss: 2.604056  [  448/  677]
loss: 2.936742  [  640/  677]
Average Training Loss: 0.997610
Val Loss: 2.7722 | C-index: 0.6191

Epoch 4
-------------------------------
loss: 2.964667  [   64/  677]
loss: 2.650567  [  256/  677]
loss: 2.095140  [  448/  677]
loss: 2.356673  [  640/  677]
Average Training Loss: 0.915186
Val Loss: 2.7585 | C-index: 0.6124

Epoch 5
-------------------------------
loss: 2.252407  [   64/  677]
loss: 2.163525  [  256/  677]
loss: 2.229904  [  448/  677]
loss: 1.727874  [  640/  677]
Average Training Loss: 0.761246
Val Loss: 3.0462 | C-index: 0.5458

Epoch 6
-------------------------------
loss: 1.782659  [   64/  677]
loss: 1.474187  [  256/  677]
loss: 2.375285  [  448/  677]
loss: 1.646332  [  640/  677]
Average Training Loss: 0.661678
Val Loss: 3.1216 | C-index: 0.6191

Stopping early at Epoch 6 since no C-Index improvement after 5 epochs.
Done!
Best C-Index = 0.7060420909708078 at Epoch 1

=========================================
FOLD 3/5
=========================================

Epoch 1
-------------------------------
loss: 2.651145  [   64/  678]
loss: 3.214328  [  256/  678]
loss: 2.921613  [  448/  678]
loss: 2.977355  [  640/  678]
Average Training Loss: 1.069495
Val Loss: 2.4727 | C-index: 0.5827

Epoch 2
-------------------------------
loss: 2.974257  [   64/  678]
loss: 2.744538  [  256/  678]
loss: 2.996582  [  448/  678]
loss: 2.637198  [  640/  678]
Average Training Loss: 1.032052
Val Loss: 2.4298 | C-index: 0.5668

Epoch 3
-------------------------------
loss: 2.493325  [   64/  678]
loss: 3.131720  [  256/  678]
loss: 2.750902  [  448/  678]
loss: 3.080041  [  640/  678]
Average Training Loss: 1.041453
Val Loss: 2.4296 | C-index: 0.6692

Epoch 4
-------------------------------
loss: 2.444424  [   64/  678]
loss: 2.532692  [  256/  678]
loss: 2.651074  [  448/  678]
loss: 2.302388  [  640/  678]
Average Training Loss: 0.902780
Val Loss: 2.3550 | C-index: 0.6419

Epoch 5
-------------------------------
loss: 2.627844  [   64/  678]
loss: 1.930188  [  256/  678]
loss: 2.095740  [  448/  678]
loss: 2.366154  [  640/  678]
Average Training Loss: 0.819993
Val Loss: 2.2700 | C-index: 0.7693

Epoch 6
-------------------------------
loss: 2.044098  [   64/  678]
loss: 1.800975  [  256/  678]
loss: 1.679314  [  448/  678]
loss: 1.664089  [  640/  678]
Average Training Loss: 0.653498
Val Loss: 2.3383 | C-index: 0.5895

Epoch 7
-------------------------------
loss: 1.321884  [   64/  678]
loss: 1.349274  [  256/  678]
loss: 1.460993  [  448/  678]
loss: 1.716111  [  640/  678]
Average Training Loss: 0.531660
Val Loss: 2.3226 | C-index: 0.6760

Epoch 8
-------------------------------
loss: 1.288320  [   64/  678]
loss: 1.815093  [  256/  678]
loss: 1.965794  [  448/  678]
loss: 1.051499  [  640/  678]
Average Training Loss: 0.556428
Val Loss: 3.2812 | C-index: 0.6222

Epoch 9
-------------------------------
loss: 2.099979  [   64/  678]
loss: 2.236264  [  256/  678]
loss: 1.773891  [  448/  678]
loss: 1.763858  [  640/  678]
Average Training Loss: 0.715818
Val Loss: 2.2135 | C-index: 0.6920

Epoch 10
-------------------------------
loss: 1.864007  [   64/  678]
loss: 1.426324  [  256/  678]
loss: 2.086574  [  448/  678]
loss: 1.692504  [  640/  678]
Average Training Loss: 0.642674
Val Loss: 2.4090 | C-index: 0.6563

Stopping early at Epoch 10 since no C-Index improvement after 5 epochs.
Done!
Best C-Index = 0.7693474962063733 at Epoch 5

=========================================
FOLD 4/5
=========================================

Epoch 1
-------------------------------
loss: 2.696592  [   64/  678]
loss: 2.580594  [  256/  678]
loss: 2.816162  [  448/  678]
loss: 2.783434  [  640/  678]
Average Training Loss: 0.988798
Val Loss: 3.0235 | C-index: 0.4455

Epoch 2
-------------------------------
loss: 2.973816  [   64/  678]
loss: 3.376754  [  256/  678]
loss: 2.749214  [  448/  678]
loss: 2.780977  [  640/  678]
Average Training Loss: 1.080069
Val Loss: 3.0394 | C-index: 0.4455

Epoch 3
-------------------------------
loss: 2.494987  [   64/  678]
loss: 2.913220  [  256/  678]
loss: 2.553375  [  448/  678]
loss: 3.144108  [  640/  678]
Average Training Loss: 1.009608
Val Loss: 3.0149 | C-index: 0.5402

Epoch 4
-------------------------------
loss: 2.925321  [   64/  678]
loss: 2.560124  [  256/  678]
loss: 2.660229  [  448/  678]
loss: 2.415398  [  640/  678]
Average Training Loss: 0.960097
Val Loss: 2.9405 | C-index: 0.5700

Epoch 5
-------------------------------
loss: 2.270870  [   64/  678]
loss: 2.022124  [  256/  678]
loss: 2.059318  [  448/  678]
loss: 2.418786  [  640/  678]
Average Training Loss: 0.797373
Val Loss: 3.0115 | C-index: 0.6230

Epoch 6
-------------------------------
loss: 1.812089  [   64/  678]
loss: 2.166635  [  256/  678]
loss: 2.120755  [  448/  678]
loss: 2.152873  [  640/  678]
Average Training Loss: 0.750214
Val Loss: 2.9029 | C-index: 0.6450

Epoch 7
-------------------------------
loss: 1.535561  [   64/  678]
loss: 1.988498  [  256/  678]
loss: 1.402569  [  448/  678]
loss: 1.265640  [  640/  678]
Average Training Loss: 0.562933
Val Loss: 3.2265 | C-index: 0.6004

Epoch 8
-------------------------------
loss: 1.209485  [   64/  678]
loss: 1.026394  [  256/  678]
loss: 1.284397  [  448/  678]
loss: 1.794089  [  640/  678]
Average Training Loss: 0.483124
Val Loss: 3.3591 | C-index: 0.5825

Epoch 9
-------------------------------
loss: 0.754716  [   64/  678]
loss: 1.257766  [  256/  678]
loss: 1.552316  [  448/  678]
loss: 1.567112  [  640/  678]
Average Training Loss: 0.466537
Val Loss: 3.1028 | C-index: 0.5795

Epoch 10
-------------------------------
loss: 1.652654  [   64/  678]
loss: 0.700986  [  256/  678]
loss: 2.094427  [  448/  678]
loss: 2.012602  [  640/  678]
Average Training Loss: 0.587334
Val Loss: 3.3845 | C-index: 0.5414

Epoch 11
-------------------------------
loss: 0.920502  [   64/  678]
loss: 1.515591  [  256/  678]
loss: 1.423265  [  448/  678]
loss: 1.038572  [  640/  678]
Average Training Loss: 0.445266
Val Loss: 3.0954 | C-index: 0.5968

Stopping early at Epoch 11 since no C-Index improvement after 5 epochs.
Done!
Best C-Index = 0.6450268016676594 at Epoch 6

=========================================
FOLD 5/5
=========================================

Epoch 1
-------------------------------
loss: 3.091089  [   64/  678]
loss: 2.848665  [  256/  678]
loss: 2.827152  [  448/  678]
loss: 2.793073  [  640/  678]
Average Training Loss: 1.050907
Val Loss: 2.9903 | C-index: 0.5951

Epoch 2
-------------------------------
loss: 2.654724  [   64/  678]
loss: 2.602646  [  256/  678]
loss: 2.423834  [  448/  678]
loss: 2.872090  [  640/  678]
Average Training Loss: 0.959390
Val Loss: 2.9777 | C-index: 0.5766

Epoch 3
-------------------------------
loss: 2.798749  [   64/  678]
loss: 2.696579  [  256/  678]
loss: 2.792424  [  448/  678]
loss: 2.586119  [  640/  678]
Average Training Loss: 0.988534
Val Loss: 2.9972 | C-index: 0.5349

Epoch 4
-------------------------------
loss: 2.555937  [   64/  678]
loss: 2.693515  [  256/  678]
loss: 2.456274  [  448/  678]
loss: 2.497191  [  640/  678]
Average Training Loss: 0.927538
Val Loss: 2.9391 | C-index: 0.5798

Epoch 5
-------------------------------
loss: 1.770169  [   64/  678]
loss: 2.431305  [  256/  678]
loss: 2.143249  [  448/  678]
loss: 1.787036  [  640/  678]
Average Training Loss: 0.739251
Val Loss: 2.9919 | C-index: 0.6118

Epoch 6
-------------------------------
loss: 1.749626  [   64/  678]
loss: 1.953076  [  256/  678]
loss: 1.807464  [  448/  678]
loss: 1.790743  [  640/  678]
Average Training Loss: 0.663719
Val Loss: 2.8829 | C-index: 0.7168

Epoch 7
-------------------------------
loss: 1.601491  [   64/  678]
loss: 1.720245  [  256/  678]
loss: 1.741641  [  448/  678]
loss: 1.483217  [  640/  678]
Average Training Loss: 0.595145
Val Loss: 3.0247 | C-index: 0.6529

Epoch 8
-------------------------------
loss: 0.769183  [   64/  678]
loss: 1.339388  [  256/  678]
loss: 1.492301  [  448/  678]
loss: 1.150486  [  640/  678]
Average Training Loss: 0.431942
Val Loss: 3.5931 | C-index: 0.6039

Epoch 9
-------------------------------
loss: 0.686078  [   64/  678]
loss: 1.508222  [  256/  678]
loss: 2.490388  [  448/  678]
loss: 0.448701  [  640/  678]
Average Training Loss: 0.466672
Val Loss: 2.9701 | C-index: 0.7122

Epoch 10
-------------------------------
loss: 1.115547  [   64/  678]
loss: 0.876802  [  256/  678]
loss: 1.037365  [  448/  678]
loss: 0.837843  [  640/  678]
Average Training Loss: 0.351596
Val Loss: 3.2613 | C-index: 0.6858

Epoch 11
-------------------------------
loss: 1.062717  [   64/  678]
loss: 1.050502  [  256/  678]
loss: 1.616731  [  448/  678]
loss: 1.557187  [  640/  678]
Average Training Loss: 0.480649
Val Loss: 3.7471 | C-index: 0.6761

Stopping early at Epoch 11 since no C-Index improvement after 5 epochs.
Done!
Best C-Index = 0.7167977788061083 at Epoch 6

=========================================
CV training complete! Mean ± std C-index: 0.7024 ± 0.0419
Best epochs per fold: [3, 1, 5, 6, 6]

=========================================
Retraining model on full train+val for 4 epochs...
Epoch 1
-------------------------------
loss: 3.270056  [   64/  847]
loss: 2.780658  [  320/  847]
loss: 2.494681  [  576/  847]
loss: 2.897187  [  832/  847]
Average Training Loss: 0.817327
Val Loss: 2.8180 | C-index: 0.6218

Epoch 2
-------------------------------
loss: 2.744084  [   64/  847]
loss: 2.517174  [  320/  847]
loss: 2.806370  [  576/  847]
loss: 2.811996  [  832/  847]
Average Training Loss: 0.777116
Val Loss: 2.7051 | C-index: 0.7280

Epoch 3
-------------------------------
loss: 2.645138  [   64/  847]
loss: 2.350079  [  320/  847]
loss: 3.151582  [  576/  847]
loss: 2.655201  [  832/  847]
Average Training Loss: 0.771571
Val Loss: 2.3559 | C-index: 0.8855

Epoch 4
-------------------------------
loss: 2.286837  [   64/  847]
loss: 2.099693  [  320/  847]
loss: 2.308922  [  576/  847]
loss: 2.667000  [  832/  847]
Average Training Loss: 0.668747
Val Loss: 1.7935 | C-index: 0.9331

Done!
Best C-Index = 0.9330744022332808 at Epoch 4
FINAL TEST Average Loss: 2.7354
FINAL TEST C-index: 0.6891
Bootstrap 95% CI: [0.6103, 0.7643]
Top 10 activated pathways:
{'R-HSA-159230': 0.04488203302025795, 'R-HSA-1368108': 0.03815809637308121, 'R-HSA-5620924': 0.032926686108112335, 'R-HSA-8955332': 0.029413171112537384, 'R-HSA-5357786': 0.029373111203312874, 'R-HSA-9764260': 0.02930666320025921, 'R-HSA-9027276': 0.028478477150201797, 'R-HSA-164938': 0.027982128784060478, 'R-HSA-8956319': 0.026677196845412254, 'R-HSA-380108': 0.02645597793161869}
Results saved to /Users/evan/Documents/GitHub/HyBINN/experiments/runs/full_hybinn/seed_6/results.json
