train_hybinn.py log started 2026-06-05 22:44:58.344636
=========================================
Model Active Branches: ['gene', 'clinical']
=========================================

=========================================
FOLD 1/5
=========================================

Epoch 1
-------------------------------
loss: 3.285153  [   64/  677]
loss: 3.229723  [  256/  677]
loss: 3.084361  [  448/  677]
loss: 3.300657  [  640/  677]
Average Training Loss: 1.172718
Val Loss: 3.0746 | C-index: 0.5022

Epoch 2
-------------------------------
loss: 2.989300  [   64/  677]
loss: 2.200398  [  256/  677]
loss: 3.146335  [  448/  677]
loss: 3.180281  [  640/  677]
Average Training Loss: 1.046938
Val Loss: 3.0736 | C-index: 0.5119

Epoch 3
-------------------------------
loss: 3.045278  [   64/  677]
loss: 2.496941  [  256/  677]
loss: 2.558512  [  448/  677]
loss: 2.406021  [  640/  677]
Average Training Loss: 0.955159
Val Loss: 3.0478 | C-index: 0.5402

Epoch 4
-------------------------------
loss: 2.519871  [   64/  677]
loss: 2.834225  [  256/  677]
loss: 2.185448  [  448/  677]
loss: 2.124535  [  640/  677]
Average Training Loss: 0.878553
Val Loss: 2.9016 | C-index: 0.6361

Epoch 5
-------------------------------
loss: 2.197299  [   64/  677]
loss: 1.605225  [  256/  677]
loss: 2.205649  [  448/  677]
loss: 2.060377  [  640/  677]
Average Training Loss: 0.733505
Val Loss: 3.0638 | C-index: 0.6089

Epoch 6
-------------------------------
loss: 1.411916  [   64/  677]
loss: 1.659338  [  256/  677]
loss: 2.564590  [  448/  677]
loss: 1.866624  [  640/  677]
Average Training Loss: 0.682043
Val Loss: 3.2013 | C-index: 0.5480

Epoch 7
-------------------------------
loss: 2.217499  [   64/  677]
loss: 1.566378  [  256/  677]
loss: 2.455991  [  448/  677]
loss: 1.810709  [  640/  677]
Average Training Loss: 0.731871
Val Loss: 3.1331 | C-index: 0.5421

Epoch 8
-------------------------------
loss: 1.682620  [   64/  677]
loss: 1.510122  [  256/  677]
loss: 1.317538  [  448/  677]
loss: 1.436227  [  640/  677]
Average Training Loss: 0.540591
Val Loss: 2.9778 | C-index: 0.6245

Epoch 9
-------------------------------
loss: 1.645650  [   64/  677]
loss: 1.189909  [  256/  677]
loss: 1.429315  [  448/  677]
loss: 1.366549  [  640/  677]
Average Training Loss: 0.511948
Val Loss: 3.3772 | C-index: 0.5149

Stopping early at Epoch 9 since no C-Index improvement after 5 epochs.
Done!
Best C-Index = 0.6361422308816367 at Epoch 4

=========================================
FOLD 2/5
=========================================

Epoch 1
-------------------------------
loss: 2.728918  [   64/  677]
loss: 2.781882  [  256/  677]
loss: 3.281220  [  448/  677]
loss: 3.322038  [  640/  677]
Average Training Loss: 1.101278
Val Loss: 2.6410 | C-index: 0.3786

Epoch 2
-------------------------------
loss: 2.414045  [   64/  677]
loss: 3.029747  [  256/  677]
loss: 3.026679  [  448/  677]
loss: 2.230092  [  640/  677]
Average Training Loss: 0.972778
Val Loss: 2.6873 | C-index: 0.4091

Epoch 3
-------------------------------
loss: 2.867051  [   64/  677]
loss: 2.605719  [  256/  677]
loss: 1.999823  [  448/  677]
loss: 3.098322  [  640/  677]
Average Training Loss: 0.960992
Val Loss: 2.7475 | C-index: 0.4496

Epoch 4
-------------------------------
loss: 2.068020  [   64/  677]
loss: 2.519835  [  256/  677]
loss: 2.121107  [  448/  677]
loss: 2.391268  [  640/  677]
Average Training Loss: 0.827294
Val Loss: 2.8231 | C-index: 0.5788

Epoch 5
-------------------------------
loss: 2.564906  [   64/  677]
loss: 2.122958  [  256/  677]
loss: 1.649096  [  448/  677]
loss: 2.086292  [  640/  677]
Average Training Loss: 0.765750
Val Loss: 3.3280 | C-index: 0.3435

Epoch 6
-------------------------------
loss: 1.666587  [   64/  677]
loss: 2.107209  [  256/  677]
loss: 1.601497  [  448/  677]
loss: 1.661316  [  640/  677]
Average Training Loss: 0.639692
Val Loss: 3.1838 | C-index: 0.5321

Epoch 7
-------------------------------
loss: 1.799340  [   64/  677]
loss: 1.456006  [  256/  677]
loss: 1.673215  [  448/  677]
loss: 1.443130  [  640/  677]
Average Training Loss: 0.579245
Val Loss: 3.1302 | C-index: 0.5030

Epoch 8
-------------------------------
loss: 0.880888  [   64/  677]
loss: 1.514213  [  256/  677]
loss: 0.681017  [  448/  677]
loss: 1.956047  [  640/  677]
Average Training Loss: 0.457469
Val Loss: 3.1645 | C-index: 0.4963

Epoch 9
-------------------------------
loss: 0.960056  [   64/  677]
loss: 1.370833  [  256/  677]
loss: 1.205122  [  448/  677]
loss: 1.344901  [  640/  677]
Average Training Loss: 0.443719
Val Loss: 3.4870 | C-index: 0.4577

Stopping early at Epoch 9 since no C-Index improvement after 5 epochs.
Done!
Best C-Index = 0.5787694388100068 at Epoch 4

=========================================
FOLD 3/5
=========================================

Epoch 1
-------------------------------
loss: 3.381375  [   64/  678]
loss: 3.261106  [  256/  678]
loss: 3.265998  [  448/  678]
loss: 3.050893  [  640/  678]
Average Training Loss: 1.178125
Val Loss: 2.7948 | C-index: 0.5773

Epoch 2
-------------------------------
loss: 2.897611  [   64/  678]
loss: 3.069448  [  256/  678]
loss: 3.105549  [  448/  678]
loss: 2.941806  [  640/  678]
Average Training Loss: 1.092219
Val Loss: 2.7602 | C-index: 0.6010

Epoch 3
-------------------------------
loss: 3.019477  [   64/  678]
loss: 3.003645  [  256/  678]
loss: 3.040808  [  448/  678]
loss: 2.727763  [  640/  678]
Average Training Loss: 1.071972
Val Loss: 2.7177 | C-index: 0.6017

Epoch 4
-------------------------------
loss: 3.079057  [   64/  678]
loss: 2.498960  [  256/  678]
loss: 1.621222  [  448/  678]
loss: 2.334990  [  640/  678]
Average Training Loss: 0.866748
Val Loss: 2.6706 | C-index: 0.6049

Epoch 5
-------------------------------
loss: 1.880636  [   64/  678]
loss: 2.194991  [  256/  678]
loss: 2.185841  [  448/  678]
loss: 2.308527  [  640/  678]
Average Training Loss: 0.779090
Val Loss: 2.7975 | C-index: 0.5690

Epoch 6
-------------------------------
loss: 2.042315  [   64/  678]
loss: 1.248396  [  256/  678]
loss: 1.889093  [  448/  678]
loss: 2.530428  [  640/  678]
Average Training Loss: 0.700930
Val Loss: 2.9257 | C-index: 0.6030

Epoch 7
-------------------------------
loss: 1.393446  [   64/  678]
loss: 1.271162  [  256/  678]
loss: 1.138795  [  448/  678]
loss: 1.493341  [  640/  678]
Average Training Loss: 0.481522
Val Loss: 3.1644 | C-index: 0.5536

Epoch 8
-------------------------------
loss: 0.851998  [   64/  678]
loss: 1.430775  [  256/  678]
loss: 2.011460  [  448/  678]
loss: 2.111103  [  640/  678]
Average Training Loss: 0.582303
Val Loss: 2.6691 | C-index: 0.6241

Epoch 9
-------------------------------
loss: 1.096046  [   64/  678]
loss: 1.670529  [  256/  678]
loss: 1.628659  [  448/  678]
loss: 1.178742  [  640/  678]
Average Training Loss: 0.506725
Val Loss: 2.9369 | C-index: 0.5709

Epoch 10
-------------------------------
loss: 1.700684  [   64/  678]
loss: 1.751499  [  256/  678]
loss: 1.016618  [  448/  678]
loss: 1.175032  [  640/  678]
Average Training Loss: 0.513076
Val Loss: 2.7935 | C-index: 0.6267

Epoch 11
-------------------------------
loss: 1.230751  [   64/  678]
loss: 1.377041  [  256/  678]
loss: 0.881361  [  448/  678]
loss: 1.060934  [  640/  678]
Average Training Loss: 0.413644
Val Loss: 2.8500 | C-index: 0.5747

Epoch 12
-------------------------------
loss: 0.834007  [   64/  678]
loss: 1.055120  [  256/  678]
loss: 0.978199  [  448/  678]
loss: 0.798539  [  640/  678]
Average Training Loss: 0.333260
Val Loss: 2.9278 | C-index: 0.5677

Epoch 13
-------------------------------
loss: 1.220023  [   64/  678]
loss: 0.975466  [  256/  678]
loss: 1.074561  [  448/  678]
loss: 1.296498  [  640/  678]
Average Training Loss: 0.415141
Val Loss: 3.1836 | C-index: 0.6164

Epoch 14
-------------------------------
loss: 1.543351  [   64/  678]
loss: 0.931353  [  256/  678]
loss: 0.825575  [  448/  678]
loss: 2.213549  [  640/  678]
Average Training Loss: 0.501257
Val Loss: 2.9485 | C-index: 0.5895

Epoch 15
-------------------------------
loss: 1.109857  [   64/  678]
loss: 0.917135  [  256/  678]
loss: 1.357068  [  448/  678]
loss: 1.048414  [  640/  678]
Average Training Loss: 0.402952
Val Loss: 3.1508 | C-index: 0.5613

Stopping early at Epoch 15 since no C-Index improvement after 5 epochs.
Done!
Best C-Index = 0.6266837716484926 at Epoch 10

=========================================
FOLD 4/5
=========================================

Epoch 1
-------------------------------
loss: 3.547482  [   64/  678]
loss: 2.900545  [  256/  678]
loss: 3.339900  [  448/  678]
loss: 2.773621  [  640/  678]
Average Training Loss: 1.141959
Val Loss: 2.7118 | C-index: 0.6001

Epoch 2
-------------------------------
loss: 3.153166  [   64/  678]
loss: 2.546359  [  256/  678]
loss: 3.018076  [  448/  678]
loss: 2.729468  [  640/  678]
Average Training Loss: 1.040643
Val Loss: 2.7156 | C-index: 0.5920

Epoch 3
-------------------------------
loss: 2.612403  [   64/  678]
loss: 3.320374  [  256/  678]
loss: 2.738824  [  448/  678]
loss: 2.848918  [  640/  678]
Average Training Loss: 1.047320
Val Loss: 2.7772 | C-index: 0.5241

Epoch 4
-------------------------------
loss: 2.464065  [   64/  678]
loss: 2.652525  [  256/  678]
loss: 2.425710  [  448/  678]
loss: 2.523594  [  640/  678]
Average Training Loss: 0.915081
Val Loss: 2.7419 | C-index: 0.5825

Epoch 5
-------------------------------
loss: 1.805842  [   64/  678]
loss: 1.452971  [  256/  678]
loss: 2.054397  [  448/  678]
loss: 1.656556  [  640/  678]
Average Training Loss: 0.633615
Val Loss: 3.0112 | C-index: 0.6062

Epoch 6
-------------------------------
loss: 1.709793  [   64/  678]
loss: 1.383785  [  256/  678]
loss: 1.920892  [  448/  678]
loss: 2.108317  [  640/  678]
Average Training Loss: 0.647526
Val Loss: 2.9375 | C-index: 0.6137

Epoch 7
-------------------------------
loss: 0.594585  [   64/  678]
loss: 0.864777  [  256/  678]
loss: 1.136379  [  448/  678]
loss: 1.120096  [  640/  678]
Average Training Loss: 0.337803
Val Loss: 3.5680 | C-index: 0.5988

Epoch 8
-------------------------------
loss: 1.133059  [   64/  678]
loss: 1.508342  [  256/  678]
loss: 1.019887  [  448/  678]
loss: 1.373529  [  640/  678]
Average Training Loss: 0.457711
Val Loss: 3.1556 | C-index: 0.5587

Epoch 9
-------------------------------
loss: 1.649122  [   64/  678]
loss: 1.687348  [  256/  678]
loss: 1.687727  [  448/  678]
loss: 1.989373  [  640/  678]
Average Training Loss: 0.637597
Val Loss: 2.8919 | C-index: 0.6565

Epoch 10
-------------------------------
loss: 1.605832  [   64/  678]
loss: 2.439568  [  256/  678]
loss: 1.851452  [  448/  678]
loss: 1.586847  [  640/  678]
Average Training Loss: 0.680336
Val Loss: 3.1216 | C-index: 0.6286

Epoch 11
-------------------------------
loss: 0.937566  [   64/  678]
loss: 0.552862  [  256/  678]
loss: 0.974157  [  448/  678]
loss: 1.002532  [  640/  678]
Average Training Loss: 0.315192
Val Loss: 3.1947 | C-index: 0.5818

Epoch 12
-------------------------------
loss: 2.457217  [   64/  678]
loss: 0.850911  [  256/  678]
loss: 1.448751  [  448/  678]
loss: 1.707744  [  640/  678]
Average Training Loss: 0.587693
Val Loss: 4.2837 | C-index: 0.5845

Epoch 13
-------------------------------
loss: 2.115427  [   64/  678]
loss: 1.191039  [  256/  678]
loss: 1.489242  [  448/  678]
loss: 1.006410  [  640/  678]
Average Training Loss: 0.527465
Val Loss: 2.9108 | C-index: 0.6816

Epoch 14
-------------------------------
loss: 1.137779  [   64/  678]
loss: 1.271494  [  256/  678]
loss: 0.995693  [  448/  678]
loss: 1.318595  [  640/  678]
Average Training Loss: 0.429415
Val Loss: 3.2094 | C-index: 0.5825

Epoch 15
-------------------------------
loss: 1.102155  [   64/  678]
loss: 1.397988  [  256/  678]
loss: 1.614264  [  448/  678]
loss: 0.559906  [  640/  678]
Average Training Loss: 0.424938
Val Loss: 3.0600 | C-index: 0.6259

Epoch 16
-------------------------------
loss: 1.502953  [   64/  678]
loss: 0.985334  [  256/  678]
loss: 1.195790  [  448/  678]
loss: 1.501209  [  640/  678]
Average Training Loss: 0.471390
Val Loss: 2.9842 | C-index: 0.6239

Epoch 17
-------------------------------
loss: 0.895953  [   64/  678]
loss: 0.838335  [  256/  678]
loss: 1.221002  [  448/  678]
loss: 1.543531  [  640/  678]
Average Training Loss: 0.408984
Val Loss: 3.4547 | C-index: 0.5513

Epoch 18
-------------------------------
loss: 0.641285  [   64/  678]
loss: 0.598577  [  256/  678]
loss: 0.907038  [  448/  678]
loss: 0.451393  [  640/  678]
Average Training Loss: 0.236209
Val Loss: 3.2134 | C-index: 0.5764

Stopping early at Epoch 18 since no C-Index improvement after 5 epochs.
Done!
Best C-Index = 0.681602172437203 at Epoch 13

=========================================
FOLD 5/5
=========================================

Epoch 1
-------------------------------
loss: 2.752015  [   64/  678]
loss: 2.253194  [  256/  678]
loss: 3.131176  [  448/  678]
loss: 2.916746  [  640/  678]
Average Training Loss: 1.004830
Val Loss: 2.7760 | C-index: 0.6167

Epoch 2
-------------------------------
loss: 2.538980  [   64/  678]
loss: 2.714002  [  256/  678]
loss: 2.612311  [  448/  678]
loss: 3.117289  [  640/  678]
Average Training Loss: 0.998417
Val Loss: 2.7280 | C-index: 0.6843

Epoch 3
-------------------------------
loss: 2.390670  [   64/  678]
loss: 2.856748  [  256/  678]
loss: 3.204122  [  448/  678]
loss: 1.718572  [  640/  678]
Average Training Loss: 0.924556
Val Loss: 2.7185 | C-index: 0.6788

Epoch 4
-------------------------------
loss: 2.831728  [   64/  678]
loss: 1.886077  [  256/  678]
loss: 2.825935  [  448/  678]
loss: 2.853498  [  640/  678]
Average Training Loss: 0.945203
Val Loss: 2.6839 | C-index: 0.6761

Epoch 5
-------------------------------
loss: 2.462467  [   64/  678]
loss: 1.858374  [  256/  678]
loss: 1.858575  [  448/  678]
loss: 2.312495  [  640/  678]
Average Training Loss: 0.771992
Val Loss: 2.6594 | C-index: 0.6630

Epoch 6
-------------------------------
loss: 1.440251  [   64/  678]
loss: 1.837212  [  256/  678]
loss: 1.329007  [  448/  678]
loss: 2.191892  [  640/  678]
Average Training Loss: 0.618033
Val Loss: 2.5576 | C-index: 0.7148

Epoch 7
-------------------------------
loss: 0.464949  [   64/  678]
loss: 1.440533  [  256/  678]
loss: 1.543452  [  448/  678]
loss: 1.931184  [  640/  678]
Average Training Loss: 0.489102
Val Loss: 2.4584 | C-index: 0.7503

Epoch 8
-------------------------------
loss: 1.413198  [   64/  678]
loss: 0.819276  [  256/  678]
loss: 1.119634  [  448/  678]
loss: 2.060502  [  640/  678]
Average Training Loss: 0.492055
Val Loss: 2.8160 | C-index: 0.7072

Epoch 9
-------------------------------
loss: 1.644774  [   64/  678]
loss: 1.530054  [  256/  678]
loss: 1.573374  [  448/  678]
loss: 1.726156  [  640/  678]
Average Training Loss: 0.588578
Val Loss: 2.8015 | C-index: 0.7263

Epoch 10
-------------------------------
loss: 1.470438  [   64/  678]
loss: 2.345821  [  256/  678]
loss: 1.349734  [  448/  678]
loss: 1.499371  [  640/  678]
Average Training Loss: 0.605942
Val Loss: 3.0169 | C-index: 0.6270

Epoch 11
-------------------------------
loss: 1.372975  [   64/  678]
loss: 1.398024  [  256/  678]
loss: 1.452420  [  448/  678]
loss: 1.665748  [  640/  678]
Average Training Loss: 0.535379
Val Loss: 2.9423 | C-index: 0.7137

Epoch 12
-------------------------------
loss: 1.133344  [   64/  678]
loss: 1.228437  [  256/  678]
loss: 1.234025  [  448/  678]
loss: 1.071099  [  640/  678]
Average Training Loss: 0.424264
Val Loss: 3.0632 | C-index: 0.6467

Stopping early at Epoch 12 since no C-Index improvement after 5 epochs.
Done!
Best C-Index = 0.7502726281352236 at Epoch 7

=========================================
CV training complete! Mean ± std C-index: 0.6547 ± 0.0579
Best epochs per fold: [4, 4, 10, 13, 7]

=========================================
Retraining model on full train+val for 8 epochs...
Epoch 1
-------------------------------
loss: 2.893844  [   64/  847]
loss: 2.998165  [  320/  847]
loss: 2.855020  [  576/  847]
loss: 2.800054  [  832/  847]
Average Training Loss: 0.824792
Val Loss: 2.7304 | C-index: 0.6193

Epoch 2
-------------------------------
loss: 2.692253  [   64/  847]
loss: 2.483535  [  320/  847]
loss: 2.836837  [  576/  847]
loss: 3.027739  [  832/  847]
Average Training Loss: 0.788597
Val Loss: 2.7262 | C-index: 0.7344

Epoch 3
-------------------------------
loss: 2.929653  [   64/  847]
loss: 3.169373  [  320/  847]
loss: 2.717932  [  576/  847]
loss: 2.456805  [  832/  847]
Average Training Loss: 0.805269
Val Loss: 2.3794 | C-index: 0.8611

Epoch 4
-------------------------------
loss: 2.661829  [   64/  847]
loss: 2.383120  [  320/  847]
loss: 1.582321  [  576/  847]
loss: 2.139738  [  832/  847]
Average Training Loss: 0.626215
Val Loss: 1.9546 | C-index: 0.9105

Epoch 5
-------------------------------
loss: 2.367405  [   64/  847]
loss: 1.973860  [  320/  847]
loss: 1.835063  [  576/  847]
loss: 1.836254  [  832/  847]
Average Training Loss: 0.572327
Val Loss: 1.5946 | C-index: 0.9200

Epoch 6
-------------------------------
loss: 2.004474  [   64/  847]
loss: 1.769109  [  320/  847]
loss: 1.990495  [  576/  847]
loss: 1.717043  [  832/  847]
Average Training Loss: 0.534366
Val Loss: 1.3656 | C-index: 0.9511

Epoch 7
-------------------------------
loss: 1.028659  [   64/  847]
loss: 2.111958  [  320/  847]
loss: 1.717979  [  576/  847]
loss: 1.191229  [  832/  847]
Average Training Loss: 0.432130
Val Loss: 1.4640 | C-index: 0.9291

Epoch 8
-------------------------------
loss: 2.130244  [   64/  847]
loss: 1.849280  [  320/  847]
loss: 0.988896  [  576/  847]
loss: 2.402389  [  832/  847]
Average Training Loss: 0.526486
Val Loss: 1.4812 | C-index: 0.9456

Done!
Best C-Index = 0.9510913500404203 at Epoch 6
FINAL TEST Average Loss: 2.4998
FINAL TEST C-index: 0.6433
Bootstrap 95% CI: [0.5197, 0.7536]
Results saved to /Users/evan/Documents/GitHub/HyBINN/experiments/runs/gene_clinical/seed_1/results.json
