train_hybinn.py log started 2026-06-17 01:19:31.133195
=========================================
Model Active Branches: ['gene', 'clinical']
=========================================

=========================================
FOLD 1/5
=========================================

Epoch 1
-------------------------------
loss: 3.200171  [   64/  677]
loss: 2.744304  [  256/  677]
loss: 2.945162  [  448/  677]
loss: 2.584624  [  640/  677]
Average Training Loss: 1.043115
Val Loss: 3.0924 | C-index: 0.4973

Epoch 2
-------------------------------
loss: 2.741141  [   64/  677]
loss: 2.913320  [  256/  677]
loss: 3.143631  [  448/  677]
loss: 2.289007  [  640/  677]
Average Training Loss: 1.007918
Val Loss: 3.0715 | C-index: 0.5494

Epoch 3
-------------------------------
loss: 2.586608  [   64/  677]
loss: 2.790388  [  256/  677]
loss: 2.744784  [  448/  677]
loss: 2.366801  [  640/  677]
Average Training Loss: 0.953507
Val Loss: 3.0593 | C-index: 0.5738

Epoch 4
-------------------------------
loss: 2.184482  [   64/  677]
loss: 2.335429  [  256/  677]
loss: 2.697832  [  448/  677]
loss: 2.590529  [  640/  677]
Average Training Loss: 0.891661
Val Loss: 3.1302 | C-index: 0.5675

Epoch 5
-------------------------------
loss: 2.389730  [   64/  677]
loss: 1.606474  [  256/  677]
loss: 1.770408  [  448/  677]
loss: 2.113530  [  640/  677]
Average Training Loss: 0.716377
Val Loss: 3.0212 | C-index: 0.5480

Epoch 6
-------------------------------
loss: 1.710960  [   64/  677]
loss: 2.383776  [  256/  677]
loss: 1.986773  [  448/  677]
loss: 1.399176  [  640/  677]
Average Training Loss: 0.680062
Val Loss: 3.3313 | C-index: 0.5421

Epoch 7
-------------------------------
loss: 2.038641  [   64/  677]
loss: 1.555765  [  256/  677]
loss: 1.952478  [  448/  677]
loss: 1.469272  [  640/  677]
Average Training Loss: 0.637832
Val Loss: 3.0836 | C-index: 0.5869

Epoch 8
-------------------------------
loss: 1.203078  [   64/  677]
loss: 1.896861  [  256/  677]
loss: 1.463245  [  448/  677]
loss: 1.827445  [  640/  677]
Average Training Loss: 0.580966
Val Loss: 3.2290 | C-index: 0.5051

Epoch 9
-------------------------------
loss: 0.694411  [   64/  677]
loss: 1.219241  [  256/  677]
loss: 1.183524  [  448/  677]
loss: 1.742846  [  640/  677]
Average Training Loss: 0.440002
Val Loss: 3.2719 | C-index: 0.5826

Epoch 10
-------------------------------
loss: 0.854543  [   64/  677]
loss: 1.654845  [  256/  677]
loss: 0.840301  [  448/  677]
loss: 0.854770  [  640/  677]
Average Training Loss: 0.382224
Val Loss: 3.3853 | C-index: 0.5582

Epoch 11
-------------------------------
loss: 1.278591  [   64/  677]
loss: 1.062330  [  256/  677]
loss: 1.182494  [  448/  677]
loss: 1.318326  [  640/  677]
Average Training Loss: 0.440158
Val Loss: 3.2130 | C-index: 0.6303

Epoch 12
-------------------------------
loss: 0.909011  [   64/  677]
loss: 0.408420  [  256/  677]
loss: 1.081591  [  448/  677]
loss: 1.394540  [  640/  677]
Average Training Loss: 0.344869
Val Loss: 3.4852 | C-index: 0.5446

Epoch 13
-------------------------------
loss: 1.803686  [   64/  677]
loss: 1.171923  [  256/  677]
loss: 0.778509  [  448/  677]
loss: 1.550178  [  640/  677]
Average Training Loss: 0.482209
Val Loss: 3.3627 | C-index: 0.5392

Epoch 14
-------------------------------
loss: 1.408594  [   64/  677]
loss: 1.146579  [  256/  677]
loss: 2.086348  [  448/  677]
loss: 1.466498  [  640/  677]
Average Training Loss: 0.555275
Val Loss: 3.3684 | C-index: 0.6220

Epoch 15
-------------------------------
loss: 2.273007  [   64/  677]
loss: 0.717097  [  256/  677]
loss: 0.910973  [  448/  677]
loss: 0.700439  [  640/  677]
Average Training Loss: 0.418320
Val Loss: 3.2280 | C-index: 0.5894

Epoch 16
-------------------------------
loss: 1.426174  [   64/  677]
loss: 0.981590  [  256/  677]
loss: 1.107041  [  448/  677]
loss: 1.595069  [  640/  677]
Average Training Loss: 0.464534
Val Loss: 3.1797 | C-index: 0.6318

Epoch 17
-------------------------------
loss: 1.018914  [   64/  677]
loss: 0.850955  [  256/  677]
loss: 0.526229  [  448/  677]
loss: 0.848769  [  640/  677]
Average Training Loss: 0.294988
Val Loss: 3.2293 | C-index: 0.5733

Epoch 18
-------------------------------
loss: 1.141102  [   64/  677]
loss: 0.639424  [  256/  677]
loss: 1.325217  [  448/  677]
loss: 1.021587  [  640/  677]
Average Training Loss: 0.375212
Val Loss: 3.1622 | C-index: 0.6171

Epoch 19
-------------------------------
loss: 0.801721  [   64/  677]
loss: 0.523824  [  256/  677]
loss: 0.465296  [  448/  677]
loss: 0.829399  [  640/  677]
Average Training Loss: 0.238204
Val Loss: 3.3234 | C-index: 0.5913

Epoch 20
-------------------------------
loss: 1.301160  [   64/  677]
loss: 0.338395  [  256/  677]
loss: 1.607403  [  448/  677]
loss: 1.084258  [  640/  677]
Average Training Loss: 0.393747
Val Loss: 3.2657 | C-index: 0.6366

Epoch 21
-------------------------------
loss: 0.418469  [   64/  677]
loss: 0.938397  [  256/  677]
loss: 0.558610  [  448/  677]
loss: 1.671056  [  640/  677]
Average Training Loss: 0.326048
Val Loss: 3.8358 | C-index: 0.5665

Epoch 22
-------------------------------
loss: 1.007901  [   64/  677]
loss: 1.079507  [  256/  677]
loss: 0.754850  [  448/  677]
loss: 1.536317  [  640/  677]
Average Training Loss: 0.398052
Val Loss: 3.1246 | C-index: 0.6288

Epoch 23
-------------------------------
loss: 0.747768  [   64/  677]
loss: 1.321896  [  256/  677]
loss: 1.240865  [  448/  677]
loss: 0.285738  [  640/  677]
Average Training Loss: 0.326933
Val Loss: 3.4262 | C-index: 0.5728

Epoch 24
-------------------------------
loss: 1.017866  [   64/  677]
loss: 1.050622  [  256/  677]
loss: 1.019409  [  448/  677]
loss: 1.257899  [  640/  677]
Average Training Loss: 0.395072
Val Loss: 3.9223 | C-index: 0.5246

Epoch 25
-------------------------------
loss: 1.414960  [   64/  677]
loss: 1.062475  [  256/  677]
loss: 1.181610  [  448/  677]
loss: 0.565902  [  640/  677]
Average Training Loss: 0.384086
Val Loss: 3.8905 | C-index: 0.5660

Stopping early at Epoch 25 since no C-Index improvement after 5 epochs.
Done!
Best C-Index = 0.636629322942036 at Epoch 20

=========================================
FOLD 2/5
=========================================

Epoch 1
-------------------------------
loss: 2.948441  [   64/  677]
loss: 2.574405  [  256/  677]
loss: 2.815697  [  448/  677]
loss: 3.756222  [  640/  677]
Average Training Loss: 1.099524
Val Loss: 2.6205 | C-index: 0.3360

Epoch 2
-------------------------------
loss: 2.881559  [   64/  677]
loss: 3.472005  [  256/  677]
loss: 2.459269  [  448/  677]
loss: 2.841276  [  640/  677]
Average Training Loss: 1.059464
Val Loss: 2.6280 | C-index: 0.4070

Epoch 3
-------------------------------
loss: 2.546903  [   64/  677]
loss: 2.476425  [  256/  677]
loss: 2.608109  [  448/  677]
loss: 3.016625  [  640/  677]
Average Training Loss: 0.968006
Val Loss: 2.6729 | C-index: 0.4983

Epoch 4
-------------------------------
loss: 1.762057  [   64/  677]
loss: 2.487350  [  256/  677]
loss: 2.247319  [  448/  677]
loss: 1.958178  [  640/  677]
Average Training Loss: 0.768628
Val Loss: 2.9513 | C-index: 0.5030

Epoch 5
-------------------------------
loss: 2.296067  [   64/  677]
loss: 2.102576  [  256/  677]
loss: 1.666545  [  448/  677]
loss: 1.446548  [  640/  677]
Average Training Loss: 0.682885
Val Loss: 2.9207 | C-index: 0.4645

Epoch 6
-------------------------------
loss: 1.464396  [   64/  677]
loss: 1.655056  [  256/  677]
loss: 1.500676  [  448/  677]
loss: 2.038016  [  640/  677]
Average Training Loss: 0.605286
Val Loss: 2.7563 | C-index: 0.5849

Epoch 7
-------------------------------
loss: 1.156803  [   64/  677]
loss: 1.751408  [  256/  677]
loss: 1.610304  [  448/  677]
loss: 1.659635  [  640/  677]
Average Training Loss: 0.561650
Val Loss: 2.8887 | C-index: 0.6133

Epoch 8
-------------------------------
loss: 1.587671  [   64/  677]
loss: 1.616055  [  256/  677]
loss: 1.457456  [  448/  677]
loss: 1.402979  [  640/  677]
Average Training Loss: 0.551287
Val Loss: 3.1461 | C-index: 0.4929

Epoch 9
-------------------------------
loss: 1.066984  [   64/  677]
loss: 1.479504  [  256/  677]
loss: 1.568809  [  448/  677]
loss: 1.779554  [  640/  677]
Average Training Loss: 0.535896
Val Loss: 3.3508 | C-index: 0.5024

Epoch 10
-------------------------------
loss: 1.590126  [   64/  677]
loss: 1.490056  [  256/  677]
loss: 1.542551  [  448/  677]
loss: 0.817451  [  640/  677]
Average Training Loss: 0.494562
Val Loss: 3.1674 | C-index: 0.4848

Epoch 11
-------------------------------
loss: 2.030963  [   64/  677]
loss: 1.077015  [  256/  677]
loss: 0.881513  [  448/  677]
loss: 1.052820  [  640/  677]
Average Training Loss: 0.458392
Val Loss: 3.5335 | C-index: 0.4895

Epoch 12
-------------------------------
loss: 0.506013  [   64/  677]
loss: 0.233946  [  256/  677]
loss: 0.885329  [  448/  677]
loss: 1.656346  [  640/  677]
Average Training Loss: 0.298330
Val Loss: 3.5978 | C-index: 0.5166

Stopping early at Epoch 12 since no C-Index improvement after 5 epochs.
Done!
Best C-Index = 0.6132521974306964 at Epoch 7

=========================================
FOLD 3/5
=========================================

Epoch 1
-------------------------------
loss: 3.224144  [   64/  678]
loss: 2.671131  [  256/  678]
loss: 3.040280  [  448/  678]
loss: 2.468013  [  640/  678]
Average Training Loss: 1.036688
Val Loss: 2.7862 | C-index: 0.5574

Epoch 2
-------------------------------
loss: 3.471022  [   64/  678]
loss: 2.979602  [  256/  678]
loss: 2.452845  [  448/  678]
loss: 2.824103  [  640/  678]
Average Training Loss: 1.066143
Val Loss: 2.7612 | C-index: 0.6023

Epoch 3
-------------------------------
loss: 2.691083  [   64/  678]
loss: 2.232109  [  256/  678]
loss: 3.269607  [  448/  678]
loss: 2.378029  [  640/  678]
Average Training Loss: 0.960984
Val Loss: 2.7133 | C-index: 0.6549

Epoch 4
-------------------------------
loss: 2.984837  [   64/  678]
loss: 2.298733  [  256/  678]
loss: 2.006434  [  448/  678]
loss: 2.826111  [  640/  678]
Average Training Loss: 0.919647
Val Loss: 2.7720 | C-index: 0.5734

Epoch 5
-------------------------------
loss: 2.276325  [   64/  678]
loss: 1.967374  [  256/  678]
loss: 2.397442  [  448/  678]
loss: 1.967787  [  640/  678]
Average Training Loss: 0.782630
Val Loss: 2.7524 | C-index: 0.6055

Epoch 6
-------------------------------
loss: 1.649746  [   64/  678]
loss: 2.085735  [  256/  678]
loss: 1.641820  [  448/  678]
loss: 2.278050  [  640/  678]
Average Training Loss: 0.695941
Val Loss: 2.8976 | C-index: 0.5741

Epoch 7
-------------------------------
loss: 1.338903  [   64/  678]
loss: 1.675260  [  256/  678]
loss: 0.892399  [  448/  678]
loss: 1.009472  [  640/  678]
Average Training Loss: 0.446912
Val Loss: 3.2082 | C-index: 0.5837

Epoch 8
-------------------------------
loss: 1.921676  [   64/  678]
loss: 1.637595  [  256/  678]
loss: 1.154617  [  448/  678]
loss: 1.702534  [  640/  678]
Average Training Loss: 0.583311
Val Loss: 3.1022 | C-index: 0.5285

Stopping early at Epoch 8 since no C-Index improvement after 5 epochs.
Done!
Best C-Index = 0.6549069916613214 at Epoch 3

=========================================
FOLD 4/5
=========================================

Epoch 1
-------------------------------
loss: 3.458699  [   64/  678]
loss: 2.500039  [  256/  678]
loss: 2.977143  [  448/  678]
loss: 2.883148  [  640/  678]
Average Training Loss: 1.074457
Val Loss: 2.7402 | C-index: 0.6110

Epoch 2
-------------------------------
loss: 3.039272  [   64/  678]
loss: 2.505757  [  256/  678]
loss: 2.798841  [  448/  678]
loss: 2.617667  [  640/  678]
Average Training Loss: 0.996503
Val Loss: 2.7270 | C-index: 0.5709

Epoch 3
-------------------------------
loss: 3.000532  [   64/  678]
loss: 2.507859  [  256/  678]
loss: 2.749303  [  448/  678]
loss: 2.642951  [  640/  678]
Average Training Loss: 0.990968
Val Loss: 2.7486 | C-index: 0.5302

Epoch 4
-------------------------------
loss: 2.411002  [   64/  678]
loss: 2.580998  [  256/  678]
loss: 2.226533  [  448/  678]
loss: 2.750909  [  640/  678]
Average Training Loss: 0.906313
Val Loss: 2.8582 | C-index: 0.5777

Epoch 5
-------------------------------
loss: 2.528970  [   64/  678]
loss: 2.151357  [  256/  678]
loss: 1.958625  [  448/  678]
loss: 2.192165  [  640/  678]
Average Training Loss: 0.802829
Val Loss: 2.6817 | C-index: 0.6388

Epoch 6
-------------------------------
loss: 1.692567  [   64/  678]
loss: 1.743686  [  256/  678]
loss: 2.050984  [  448/  678]
loss: 2.122974  [  640/  678]
Average Training Loss: 0.691837
Val Loss: 3.3738 | C-index: 0.5098

Epoch 7
-------------------------------
loss: 1.348410  [   64/  678]
loss: 1.479026  [  256/  678]
loss: 1.587699  [  448/  678]
loss: 1.463957  [  640/  678]
Average Training Loss: 0.534463
Val Loss: 3.3335 | C-index: 0.6144

Epoch 8
-------------------------------
loss: 1.698171  [   64/  678]
loss: 1.157226  [  256/  678]
loss: 0.581987  [  448/  678]
loss: 1.523541  [  640/  678]
Average Training Loss: 0.450993
Val Loss: 2.9070 | C-index: 0.6707

Epoch 9
-------------------------------
loss: 1.461236  [   64/  678]
loss: 2.310702  [  256/  678]
loss: 1.610751  [  448/  678]
loss: 1.586375  [  640/  678]
Average Training Loss: 0.633551
Val Loss: 4.0041 | C-index: 0.5221

Epoch 10
-------------------------------
loss: 1.327078  [   64/  678]
loss: 1.684824  [  256/  678]
loss: 2.284571  [  448/  678]
loss: 1.616197  [  640/  678]
Average Training Loss: 0.628425
Val Loss: 3.2415 | C-index: 0.5961

Epoch 11
-------------------------------
loss: 1.230230  [   64/  678]
loss: 0.850339  [  256/  678]
loss: 1.784134  [  448/  678]
loss: 1.503003  [  640/  678]
Average Training Loss: 0.487973
Val Loss: 2.8092 | C-index: 0.6395

Epoch 12
-------------------------------
loss: 1.004709  [   64/  678]
loss: 1.312233  [  256/  678]
loss: 1.518835  [  448/  678]
loss: 1.516073  [  640/  678]
Average Training Loss: 0.486532
Val Loss: 2.8652 | C-index: 0.6191

Epoch 13
-------------------------------
loss: 1.437617  [   64/  678]
loss: 1.424348  [  256/  678]
loss: 1.372301  [  448/  678]
loss: 1.381248  [  640/  678]
Average Training Loss: 0.510501
Val Loss: 3.0312 | C-index: 0.6191

Stopping early at Epoch 13 since no C-Index improvement after 5 epochs.
Done!
Best C-Index = 0.6707399864222675 at Epoch 8

=========================================
FOLD 5/5
=========================================

Epoch 1
-------------------------------
loss: 2.640298  [   64/  678]
loss: 2.901606  [  256/  678]
loss: 3.439467  [  448/  678]
loss: 3.115917  [  640/  678]
Average Training Loss: 1.099753
Val Loss: 2.7715 | C-index: 0.6445

Epoch 2
-------------------------------
loss: 3.138694  [   64/  678]
loss: 3.032461  [  256/  678]
loss: 2.862537  [  448/  678]
loss: 3.007612  [  640/  678]
Average Training Loss: 1.094664
Val Loss: 2.7463 | C-index: 0.6647

Epoch 3
-------------------------------
loss: 2.783903  [   64/  678]
loss: 2.493823  [  256/  678]
loss: 2.999107  [  448/  678]
loss: 3.084682  [  640/  678]
Average Training Loss: 1.032865
Val Loss: 2.7055 | C-index: 0.6810

Epoch 4
-------------------------------
loss: 2.659674  [   64/  678]
loss: 2.709847  [  256/  678]
loss: 2.687542  [  448/  678]
loss: 2.771712  [  640/  678]
Average Training Loss: 0.984434
Val Loss: 2.7127 | C-index: 0.6690

Epoch 5
-------------------------------
loss: 2.498706  [   64/  678]
loss: 2.406559  [  256/  678]
loss: 1.907287  [  448/  678]
loss: 2.226042  [  640/  678]
Average Training Loss: 0.821690
Val Loss: 2.5631 | C-index: 0.7426

Epoch 6
-------------------------------
loss: 2.344776  [   64/  678]
loss: 1.509144  [  256/  678]
loss: 1.722340  [  448/  678]
loss: 1.936768  [  640/  678]
Average Training Loss: 0.683002
Val Loss: 2.9048 | C-index: 0.6838

Epoch 7
-------------------------------
loss: 1.763446  [   64/  678]
loss: 2.362018  [  256/  678]
loss: 1.543524  [  448/  678]
loss: 0.792579  [  640/  678]
Average Training Loss: 0.587415
Val Loss: 3.0571 | C-index: 0.6292

Epoch 8
-------------------------------
loss: 1.849188  [   64/  678]
loss: 1.623469  [  256/  678]
loss: 1.222042  [  448/  678]
loss: 1.691637  [  640/  678]
Average Training Loss: 0.580576
Val Loss: 2.6801 | C-index: 0.7012

Epoch 9
-------------------------------
loss: 1.220099  [   64/  678]
loss: 1.240046  [  256/  678]
loss: 1.011077  [  448/  678]
loss: 1.525689  [  640/  678]
Average Training Loss: 0.454265
Val Loss: 2.7571 | C-index: 0.7159

Epoch 10
-------------------------------
loss: 1.307964  [   64/  678]
loss: 0.770305  [  256/  678]
loss: 1.004022  [  448/  678]
loss: 1.120942  [  640/  678]
Average Training Loss: 0.382112
Val Loss: 2.8330 | C-index: 0.6925

Stopping early at Epoch 10 since no C-Index improvement after 5 epochs.
Done!
Best C-Index = 0.742639040348964 at Epoch 5

=========================================
CV training complete! Mean ± std C-index: 0.6636 ± 0.0439
Best epochs per fold: [20, 7, 3, 8, 5]

=========================================
Retraining model on full train+val for 9 epochs...
Epoch 1
-------------------------------
loss: 3.025112  [   64/  847]
loss: 3.449208  [  320/  847]
loss: 2.796583  [  576/  847]
loss: 3.562761  [  832/  847]
Average Training Loss: 0.916690
Val Loss: 2.7637 | C-index: 0.6332

Epoch 2
-------------------------------
loss: 3.169645  [   64/  847]
loss: 2.824357  [  320/  847]
loss: 2.442336  [  576/  847]
loss: 2.677353  [  832/  847]
Average Training Loss: 0.793835
Val Loss: 2.6986 | C-index: 0.7607

Epoch 3
-------------------------------
loss: 2.928457  [   64/  847]
loss: 2.790283  [  320/  847]
loss: 2.928565  [  576/  847]
loss: 2.569782  [  832/  847]
Average Training Loss: 0.801221
Val Loss: 2.2834 | C-index: 0.8572

Epoch 4
-------------------------------
loss: 2.676341  [   64/  847]
loss: 1.762699  [  320/  847]
loss: 2.575133  [  576/  847]
loss: 2.677353  [  832/  847]
Average Training Loss: 0.692252
Val Loss: 1.7649 | C-index: 0.9303

Epoch 5
-------------------------------
loss: 2.254812  [   64/  847]
loss: 1.999177  [  320/  847]
loss: 1.848805  [  576/  847]
loss: 1.919876  [  832/  847]
Average Training Loss: 0.573048
Val Loss: 1.7886 | C-index: 0.8745

Epoch 6
-------------------------------
loss: 1.305578  [   64/  847]
loss: 2.182981  [  320/  847]
loss: 2.066415  [  576/  847]
loss: 1.796676  [  832/  847]
Average Training Loss: 0.525118
Val Loss: 1.6785 | C-index: 0.9311

Epoch 7
-------------------------------
loss: 1.406038  [   64/  847]
loss: 1.638842  [  320/  847]
loss: 1.553671  [  576/  847]
loss: 1.513772  [  832/  847]
Average Training Loss: 0.436595
Val Loss: 1.3834 | C-index: 0.9552

Epoch 8
-------------------------------
loss: 1.261469  [   64/  847]
loss: 1.775107  [  320/  847]
loss: 1.317702  [  576/  847]
loss: 1.143107  [  832/  847]
Average Training Loss: 0.392670
Val Loss: 1.1856 | C-index: 0.9595

Epoch 9
-------------------------------
loss: 1.248519  [   64/  847]
loss: 1.949334  [  320/  847]
loss: 1.235339  [  576/  847]
loss: 1.264182  [  832/  847]
Average Training Loss: 0.406955
Val Loss: 1.1838 | C-index: 0.9700

Done!
Best C-Index = 0.9700413714394408 at Epoch 9
FINAL TEST Average Loss: 2.6113
FINAL TEST C-index: 0.6788
Bootstrap 95% CI: [0.5627, 0.7877]
Results saved to /Users/evan/Documents/GitHub/HyBINN/experiments/runs/gene_clinical/seed_1/results.json
