train_hybinn.py log started 2026-06-05 22:43:18.913059
=========================================
Model Active Branches: ['binn', 'gene']
=========================================

=========================================
FOLD 1/5
=========================================

Epoch 1
-------------------------------
loss: 3.024530  [   64/  677]
loss: 3.044050  [  256/  677]
loss: 2.958243  [  448/  677]
loss: 2.326521  [  640/  677]
Average Training Loss: 1.032122
Val Loss: 2.7231 | C-index: 0.6133

Epoch 2
-------------------------------
loss: 3.330698  [   64/  677]
loss: 2.953247  [  256/  677]
loss: 2.821994  [  448/  677]
loss: 2.840788  [  640/  677]
Average Training Loss: 1.086066
Val Loss: 2.6729 | C-index: 0.6723

Epoch 3
-------------------------------
loss: 2.658844  [   64/  677]
loss: 3.059135  [  256/  677]
loss: 2.505443  [  448/  677]
loss: 2.590958  [  640/  677]
Average Training Loss: 0.983125
Val Loss: 2.6135 | C-index: 0.6699

Epoch 4
-------------------------------
loss: 2.222670  [   64/  677]
loss: 2.297303  [  256/  677]
loss: 2.213661  [  448/  677]
loss: 2.617474  [  640/  677]
Average Training Loss: 0.850101
Val Loss: 2.5686 | C-index: 0.7480

Epoch 5
-------------------------------
loss: 2.428036  [   64/  677]
loss: 2.082581  [  256/  677]
loss: 1.628571  [  448/  677]
loss: 2.508958  [  640/  677]
Average Training Loss: 0.786195
Val Loss: 2.6278 | C-index: 0.6202

Epoch 6
-------------------------------
loss: 2.117230  [   64/  677]
loss: 1.944357  [  256/  677]
loss: 1.608054  [  448/  677]
loss: 1.163364  [  640/  677]
Average Training Loss: 0.621182
Val Loss: 2.6397 | C-index: 0.6775

Epoch 7
-------------------------------
loss: 1.759748  [   64/  677]
loss: 1.979787  [  256/  677]
loss: 1.021482  [  448/  677]
loss: 1.480298  [  640/  677]
Average Training Loss: 0.567392
Val Loss: 2.7628 | C-index: 0.6555

Epoch 8
-------------------------------
loss: 1.259736  [   64/  677]
loss: 1.289605  [  256/  677]
loss: 1.652076  [  448/  677]
loss: 1.680679  [  640/  677]
Average Training Loss: 0.534736
Val Loss: 2.6274 | C-index: 0.6775

Epoch 9
-------------------------------
loss: 1.216417  [   64/  677]
loss: 1.048893  [  256/  677]
loss: 2.031165  [  448/  677]
loss: 1.443046  [  640/  677]
Average Training Loss: 0.521775
Val Loss: 3.2231 | C-index: 0.5769

Stopping early at Epoch 9 since no C-Index improvement after 5 epochs.
Done!
Best C-Index = 0.7479768786127168 at Epoch 4

=========================================
FOLD 2/5
=========================================

Epoch 1
-------------------------------
loss: 3.407939  [   64/  677]
loss: 2.755479  [  256/  677]
loss: 3.239327  [  448/  677]
loss: 2.720769  [  640/  677]
Average Training Loss: 1.102138
Val Loss: 2.4382 | C-index: 0.5584

Epoch 2
-------------------------------
loss: 2.963893  [   64/  677]
loss: 2.988623  [  256/  677]
loss: 2.718360  [  448/  677]
loss: 3.095444  [  640/  677]
Average Training Loss: 1.069665
Val Loss: 2.4244 | C-index: 0.5881

Epoch 3
-------------------------------
loss: 2.691179  [   64/  677]
loss: 2.762187  [  256/  677]
loss: 2.982920  [  448/  677]
loss: 2.927699  [  640/  677]
Average Training Loss: 1.033090
Val Loss: 2.3819 | C-index: 0.6517

Epoch 4
-------------------------------
loss: 2.659564  [   64/  677]
loss: 2.404869  [  256/  677]
loss: 2.314038  [  448/  677]
loss: 2.211244  [  640/  677]
Average Training Loss: 0.871792
Val Loss: 2.4651 | C-index: 0.5522

Epoch 5
-------------------------------
loss: 2.109564  [   64/  677]
loss: 2.320232  [  256/  677]
loss: 1.667978  [  448/  677]
loss: 1.818536  [  640/  677]
Average Training Loss: 0.719665
Val Loss: 2.5727 | C-index: 0.6704

Epoch 6
-------------------------------
loss: 1.980478  [   64/  677]
loss: 1.446469  [  256/  677]
loss: 1.451154  [  448/  677]
loss: 1.854852  [  640/  677]
Average Training Loss: 0.612087
Val Loss: 2.5930 | C-index: 0.6475

Epoch 7
-------------------------------
loss: 1.943510  [   64/  677]
loss: 1.611945  [  256/  677]
loss: 1.441449  [  448/  677]
loss: 1.771536  [  640/  677]
Average Training Loss: 0.615313
Val Loss: 3.1308 | C-index: 0.6102

Epoch 8
-------------------------------
loss: 1.844357  [   64/  677]
loss: 1.332392  [  256/  677]
loss: 1.829645  [  448/  677]
loss: 1.683738  [  640/  677]
Average Training Loss: 0.608194
Val Loss: 2.7233 | C-index: 0.6579

Epoch 9
-------------------------------
loss: 1.462812  [   64/  677]
loss: 1.215848  [  256/  677]
loss: 1.040106  [  448/  677]
loss: 1.732144  [  640/  677]
Average Training Loss: 0.495537
Val Loss: 3.0160 | C-index: 0.5840

Epoch 10
-------------------------------
loss: 0.618205  [   64/  677]
loss: 1.448154  [  256/  677]
loss: 1.396893  [  448/  677]
loss: 1.386882  [  640/  677]
Average Training Loss: 0.440921
Val Loss: 2.8117 | C-index: 0.6600

Stopping early at Epoch 10 since no C-Index improvement after 5 epochs.
Done!
Best C-Index = 0.6703524533517623 at Epoch 5

=========================================
FOLD 3/5
=========================================

Epoch 1
-------------------------------
loss: 3.377564  [   64/  678]
loss: 3.002517  [  256/  678]
loss: 2.805957  [  448/  678]
loss: 2.809449  [  640/  678]
Average Training Loss: 1.090499
Val Loss: 2.7979 | C-index: 0.6667

Epoch 2
-------------------------------
loss: 2.370898  [   64/  678]
loss: 2.631338  [  256/  678]
loss: 2.484464  [  448/  678]
loss: 3.076730  [  640/  678]
Average Training Loss: 0.960312
Val Loss: 2.7583 | C-index: 0.6894

Epoch 3
-------------------------------
loss: 2.644596  [   64/  678]
loss: 2.607033  [  256/  678]
loss: 3.125310  [  448/  678]
loss: 2.386891  [  640/  678]
Average Training Loss: 0.978530
Val Loss: 2.7693 | C-index: 0.7034

Epoch 4
-------------------------------
loss: 2.484764  [   64/  678]
loss: 1.729436  [  256/  678]
loss: 2.023466  [  448/  678]
loss: 2.373439  [  640/  678]
Average Training Loss: 0.782828
Val Loss: 2.7977 | C-index: 0.7057

Epoch 5
-------------------------------
loss: 2.191023  [   64/  678]
loss: 2.097748  [  256/  678]
loss: 2.023442  [  448/  678]
loss: 1.570276  [  640/  678]
Average Training Loss: 0.716590
Val Loss: 3.2483 | C-index: 0.6643

Epoch 6
-------------------------------
loss: 0.843339  [   64/  678]
loss: 1.979551  [  256/  678]
loss: 1.849555  [  448/  678]
loss: 1.452712  [  640/  678]
Average Training Loss: 0.556832
Val Loss: 3.1228 | C-index: 0.6183

Epoch 7
-------------------------------
loss: 1.264112  [   64/  678]
loss: 1.777237  [  256/  678]
loss: 1.868227  [  448/  678]
loss: 2.020051  [  640/  678]
Average Training Loss: 0.629966
Val Loss: 3.1930 | C-index: 0.6544

Epoch 8
-------------------------------
loss: 1.581969  [   64/  678]
loss: 0.883072  [  256/  678]
loss: 1.411951  [  448/  678]
loss: 1.340643  [  640/  678]
Average Training Loss: 0.474330
Val Loss: 2.9086 | C-index: 0.7010

Epoch 9
-------------------------------
loss: 1.390669  [   64/  678]
loss: 1.037199  [  256/  678]
loss: 1.185602  [  448/  678]
loss: 1.064802  [  640/  678]
Average Training Loss: 0.425297
Val Loss: 3.0930 | C-index: 0.7244

Epoch 10
-------------------------------
loss: 1.152681  [   64/  678]
loss: 1.472297  [  256/  678]
loss: 1.584713  [  448/  678]
loss: 0.751122  [  640/  678]
Average Training Loss: 0.450983
Val Loss: 3.1249 | C-index: 0.7325

Epoch 11
-------------------------------
loss: 1.602297  [   64/  678]
loss: 1.287740  [  256/  678]
loss: 0.444518  [  448/  678]
loss: 0.725258  [  640/  678]
Average Training Loss: 0.369074
Val Loss: 3.5866 | C-index: 0.6655

Epoch 12
-------------------------------
loss: 1.464367  [   64/  678]
loss: 1.742971  [  256/  678]
loss: 1.687107  [  448/  678]
loss: 1.471166  [  640/  678]
Average Training Loss: 0.578692
Val Loss: 3.1145 | C-index: 0.7168

Epoch 13
-------------------------------
loss: 1.566053  [   64/  678]
loss: 1.320044  [  256/  678]
loss: 1.572958  [  448/  678]
loss: 1.398663  [  640/  678]
Average Training Loss: 0.532520
Val Loss: 3.0378 | C-index: 0.7220

Epoch 14
-------------------------------
loss: 1.039792  [   64/  678]
loss: 1.250948  [  256/  678]
loss: 1.596674  [  448/  678]
loss: 1.331405  [  640/  678]
Average Training Loss: 0.474438
Val Loss: 2.9435 | C-index: 0.7016

Epoch 15
-------------------------------
loss: 1.320179  [   64/  678]
loss: 0.564904  [  256/  678]
loss: 1.000989  [  448/  678]
loss: 0.783583  [  640/  678]
Average Training Loss: 0.333605
Val Loss: 2.9816 | C-index: 0.7302

Stopping early at Epoch 15 since no C-Index improvement after 5 epochs.
Done!
Best C-Index = 0.7325174825174825 at Epoch 10

=========================================
FOLD 4/5
=========================================

Epoch 1
-------------------------------
loss: 2.816244  [   64/  678]
loss: 3.375725  [  256/  678]
loss: 2.518209  [  448/  678]
loss: 3.465256  [  640/  678]
Average Training Loss: 1.106858
Val Loss: 2.6101 | C-index: 0.5991

Epoch 2
-------------------------------
loss: 2.459151  [   64/  678]
loss: 3.150667  [  256/  678]
loss: 3.287026  [  448/  678]
loss: 2.889917  [  640/  678]
Average Training Loss: 1.071524
Val Loss: 2.5794 | C-index: 0.6487

Epoch 3
-------------------------------
loss: 3.000288  [   64/  678]
loss: 2.909083  [  256/  678]
loss: 2.219897  [  448/  678]
loss: 2.605727  [  640/  678]
Average Training Loss: 0.975909
Val Loss: 2.5573 | C-index: 0.6545

Epoch 4
-------------------------------
loss: 2.498151  [   64/  678]
loss: 2.318020  [  256/  678]
loss: 2.629187  [  448/  678]
loss: 2.221901  [  640/  678]
Average Training Loss: 0.878842
Val Loss: 2.5638 | C-index: 0.7099

Epoch 5
-------------------------------
loss: 2.414935  [   64/  678]
loss: 1.639819  [  256/  678]
loss: 1.727884  [  448/  678]
loss: 2.273895  [  640/  678]
Average Training Loss: 0.732412
Val Loss: 2.6536 | C-index: 0.7187

Epoch 6
-------------------------------
loss: 2.018658  [   64/  678]
loss: 2.388177  [  256/  678]
loss: 2.231530  [  448/  678]
loss: 1.743441  [  640/  678]
Average Training Loss: 0.761982
Val Loss: 2.5507 | C-index: 0.7471

Epoch 7
-------------------------------
loss: 1.840561  [   64/  678]
loss: 2.138548  [  256/  678]
loss: 1.283572  [  448/  678]
loss: 1.463187  [  640/  678]
Average Training Loss: 0.611443
Val Loss: 2.9176 | C-index: 0.7216

Epoch 8
-------------------------------
loss: 1.640864  [   64/  678]
loss: 1.501021  [  256/  678]
loss: 1.577539  [  448/  678]
loss: 1.055647  [  640/  678]
Average Training Loss: 0.525006
Val Loss: 2.7961 | C-index: 0.7281

Epoch 9
-------------------------------
loss: 0.812740  [   64/  678]
loss: 1.938105  [  256/  678]
loss: 1.194571  [  448/  678]
loss: 1.317738  [  640/  678]
Average Training Loss: 0.478469
Val Loss: 3.2216 | C-index: 0.7471

Epoch 10
-------------------------------
loss: 1.416817  [   64/  678]
loss: 1.476645  [  256/  678]
loss: 1.598925  [  448/  678]
loss: 1.456422  [  640/  678]
Average Training Loss: 0.540801
Val Loss: 2.9269 | C-index: 0.6917

Epoch 11
-------------------------------
loss: 0.674566  [   64/  678]
loss: 1.419875  [  256/  678]
loss: 1.467971  [  448/  678]
loss: 1.165628  [  640/  678]
Average Training Loss: 0.429822
Val Loss: 2.9819 | C-index: 0.6983

Stopping early at Epoch 11 since no C-Index improvement after 5 epochs.
Done!
Best C-Index = 0.7470845481049563 at Epoch 6

=========================================
FOLD 5/5
=========================================

Epoch 1
-------------------------------
loss: 3.069313  [   64/  678]
loss: 2.727017  [  256/  678]
loss: 2.774434  [  448/  678]
loss: 3.293641  [  640/  678]
Average Training Loss: 1.078582
Val Loss: 3.1316 | C-index: 0.4008

Epoch 2
-------------------------------
loss: 2.757491  [   64/  678]
loss: 3.003395  [  256/  678]
loss: 3.079574  [  448/  678]
loss: 2.705087  [  640/  678]
Average Training Loss: 1.049595
Val Loss: 3.0742 | C-index: 0.5129

Epoch 3
-------------------------------
loss: 2.906525  [   64/  678]
loss: 2.138760  [  256/  678]
loss: 2.654610  [  448/  678]
loss: 2.731652  [  640/  678]
Average Training Loss: 0.948322
Val Loss: 3.0328 | C-index: 0.5460

Epoch 4
-------------------------------
loss: 2.472537  [   64/  678]
loss: 1.913274  [  256/  678]
loss: 2.299849  [  448/  678]
loss: 2.605628  [  640/  678]
Average Training Loss: 0.844663
Val Loss: 2.9465 | C-index: 0.6395

Epoch 5
-------------------------------
loss: 2.461325  [   64/  678]
loss: 1.573176  [  256/  678]
loss: 2.167474  [  448/  678]
loss: 2.344071  [  640/  678]
Average Training Loss: 0.776913
Val Loss: 2.8230 | C-index: 0.7445

Epoch 6
-------------------------------
loss: 1.571747  [   64/  678]
loss: 1.752909  [  256/  678]
loss: 1.713439  [  448/  678]
loss: 1.691056  [  640/  678]
Average Training Loss: 0.611741
Val Loss: 3.3754 | C-index: 0.5681

Epoch 7
-------------------------------
loss: 1.508940  [   64/  678]
loss: 1.693291  [  256/  678]
loss: 1.905822  [  448/  678]
loss: 0.304977  [  640/  678]
Average Training Loss: 0.492094
Val Loss: 2.9887 | C-index: 0.6788

Epoch 8
-------------------------------
loss: 1.162618  [   64/  678]
loss: 1.434911  [  256/  678]
loss: 1.595405  [  448/  678]
loss: 2.325434  [  640/  678]
Average Training Loss: 0.592579
Val Loss: 2.9269 | C-index: 0.6687

Epoch 9
-------------------------------
loss: 1.212414  [   64/  678]
loss: 1.461018  [  256/  678]
loss: 0.812350  [  448/  678]
loss: 1.589309  [  640/  678]
Average Training Loss: 0.461372
Val Loss: 3.3145 | C-index: 0.5839

Epoch 10
-------------------------------
loss: 1.879475  [   64/  678]
loss: 1.299813  [  256/  678]
loss: 1.425736  [  448/  678]
loss: 1.076012  [  640/  678]
Average Training Loss: 0.516458
Val Loss: 3.0683 | C-index: 0.7057

Stopping early at Epoch 10 since no C-Index improvement after 5 epochs.
Done!
Best C-Index = 0.7444870565675935 at Epoch 5

=========================================
CV training complete! Mean ± std C-index: 0.7285 ± 0.0296
Best epochs per fold: [4, 5, 10, 6, 5]

=========================================
Retraining model on full train+val for 6 epochs...
Epoch 1
-------------------------------
loss: 2.875369  [   64/  847]
loss: 3.439293  [  320/  847]
loss: 3.083175  [  576/  847]
loss: 2.725823  [  832/  847]
Average Training Loss: 0.865976
Val Loss: 2.8408 | C-index: 0.6233

Epoch 2
-------------------------------
loss: 3.202334  [   64/  847]
loss: 3.080117  [  320/  847]
loss: 2.595440  [  576/  847]
loss: 3.022047  [  832/  847]
Average Training Loss: 0.849996
Val Loss: 2.6338 | C-index: 0.7697

Epoch 3
-------------------------------
loss: 3.113948  [   64/  847]
loss: 2.435331  [  320/  847]
loss: 2.842588  [  576/  847]
loss: 2.114870  [  832/  847]
Average Training Loss: 0.750481
Val Loss: 2.3462 | C-index: 0.8702

Epoch 4
-------------------------------
loss: 2.802503  [   64/  847]
loss: 3.128580  [  320/  847]
loss: 2.392456  [  576/  847]
loss: 2.165135  [  832/  847]
Average Training Loss: 0.749191
Val Loss: 1.9445 | C-index: 0.9352

Epoch 5
-------------------------------
loss: 1.505857  [   64/  847]
loss: 2.080629  [  320/  847]
loss: 1.936973  [  576/  847]
loss: 2.868369  [  832/  847]
Average Training Loss: 0.599416
Val Loss: 1.6986 | C-index: 0.9138

Epoch 6
-------------------------------
loss: 1.715855  [   64/  847]
loss: 1.621844  [  320/  847]
loss: 1.595919  [  576/  847]
loss: 1.732344  [  832/  847]
Average Training Loss: 0.476140
Val Loss: 1.5711 | C-index: 0.9413

Done!
Best C-Index = 0.9413008864279094 at Epoch 6
FINAL TEST Average Loss: 3.1129
FINAL TEST C-index: 0.6290
Bootstrap 95% CI: [0.5106, 0.7363]
Top 10 activated pathways:
{'R-HSA-210991': 0.056176215410232544, 'R-HSA-69273': 0.04663985222578049, 'R-HSA-5654708': 0.042400095611810684, 'R-HSA-9735869': 0.0422099307179451, 'R-HSA-5685938': 0.038628388196229935, 'R-HSA-177243': 0.033476054668426514, 'R-HSA-5387390': 0.033384356647729874, 'R-HSA-211976': 0.03279983252286911, 'R-HSA-68962': 0.03240366652607918, 'R-HSA-1643713': 0.03235125169157982}
Results saved to /Users/evan/Documents/GitHub/HyBINN/experiments/runs/binn_gene/seed_8/results.json
