train_hybinn.py log started 2026-06-05 21:25:35.588991
=========================================
Model Active Branches: ['binn']
=========================================

=========================================
FOLD 1/5
=========================================

Epoch 1
-------------------------------
loss: 3.191957  [   64/  677]
loss: 2.083195  [  256/  677]
loss: 3.041953  [  448/  677]
loss: 2.918479  [  640/  677]
Average Training Loss: 1.021417
Val Loss: 2.7301 | C-index: 0.4789

Epoch 2
-------------------------------
loss: 3.089318  [   64/  677]
loss: 3.129862  [  256/  677]
loss: 3.272130  [  448/  677]
loss: 2.288229  [  640/  677]
Average Training Loss: 1.070867
Val Loss: 2.7239 | C-index: 0.4932

Epoch 3
-------------------------------
loss: 2.650769  [   64/  677]
loss: 2.774167  [  256/  677]
loss: 2.944496  [  448/  677]
loss: 3.032643  [  640/  677]
Average Training Loss: 1.036552
Val Loss: 2.7093 | C-index: 0.5000

Epoch 4
-------------------------------
loss: 3.525108  [   64/  677]
loss: 2.689440  [  256/  677]
loss: 3.064239  [  448/  677]
loss: 3.028087  [  640/  677]
Average Training Loss: 1.118807
Val Loss: 2.6957 | C-index: 0.5190

Epoch 5
-------------------------------
loss: 3.111479  [   64/  677]
loss: 2.391248  [  256/  677]
loss: 2.312124  [  448/  677]
loss: 3.316806  [  640/  677]
Average Training Loss: 1.011969
Val Loss: 2.6468 | C-index: 0.5645

Epoch 6
-------------------------------
loss: 2.859355  [   64/  677]
loss: 2.730272  [  256/  677]
loss: 2.516274  [  448/  677]
loss: 3.245796  [  640/  677]
Average Training Loss: 1.031972
Val Loss: 2.6108 | C-index: 0.6311

Epoch 7
-------------------------------
loss: 2.897455  [   64/  677]
loss: 2.415587  [  256/  677]
loss: 2.790100  [  448/  677]
loss: 2.403437  [  640/  677]
Average Training Loss: 0.955144
Val Loss: 2.6160 | C-index: 0.6685

Epoch 8
-------------------------------
loss: 2.526752  [   64/  677]
loss: 2.839467  [  256/  677]
loss: 2.607932  [  448/  677]
loss: 2.332488  [  640/  677]
Average Training Loss: 0.936967
Val Loss: 2.5864 | C-index: 0.6596

Epoch 9
-------------------------------
loss: 2.448082  [   64/  677]
loss: 2.151305  [  256/  677]
loss: 2.031096  [  448/  677]
loss: 2.559529  [  640/  677]
Average Training Loss: 0.835456
Val Loss: 2.6233 | C-index: 0.6393

Epoch 10
-------------------------------
loss: 2.095731  [   64/  677]
loss: 2.200535  [  256/  677]
loss: 2.351977  [  448/  677]
loss: 2.162210  [  640/  677]
Average Training Loss: 0.800950
Val Loss: 2.6181 | C-index: 0.6923

Epoch 11
-------------------------------
loss: 1.955464  [   64/  677]
loss: 2.625965  [  256/  677]
loss: 1.966422  [  448/  677]
loss: 2.545582  [  640/  677]
Average Training Loss: 0.826676
Val Loss: 2.5943 | C-index: 0.6726

Epoch 12
-------------------------------
loss: 2.210403  [   64/  677]
loss: 2.540911  [  256/  677]
loss: 2.195368  [  448/  677]
loss: 2.218667  [  640/  677]
Average Training Loss: 0.833214
Val Loss: 2.6073 | C-index: 0.7113

Epoch 13
-------------------------------
loss: 1.851343  [   64/  677]
loss: 1.700451  [  256/  677]
loss: 2.603544  [  448/  677]
loss: 2.355484  [  640/  677]
Average Training Loss: 0.773711
Val Loss: 2.7090 | C-index: 0.6671

Epoch 14
-------------------------------
loss: 1.881309  [   64/  677]
loss: 2.042625  [  256/  677]
loss: 1.695518  [  448/  677]
loss: 2.123540  [  640/  677]
Average Training Loss: 0.703908
Val Loss: 2.6396 | C-index: 0.7038

Epoch 15
-------------------------------
loss: 2.072972  [   64/  677]
loss: 1.991536  [  256/  677]
loss: 2.133037  [  448/  677]
loss: 1.977007  [  640/  677]
Average Training Loss: 0.743141
Val Loss: 2.6064 | C-index: 0.7188

Epoch 16
-------------------------------
loss: 1.851496  [   64/  677]
loss: 2.173616  [  256/  677]
loss: 1.640069  [  448/  677]
loss: 2.062349  [  640/  677]
Average Training Loss: 0.702503
Val Loss: 2.5513 | C-index: 0.7337

Epoch 17
-------------------------------
loss: 2.238535  [   64/  677]
loss: 2.046371  [  256/  677]
loss: 2.094310  [  448/  677]
loss: 2.122674  [  640/  677]
Average Training Loss: 0.772899
Val Loss: 2.6327 | C-index: 0.7024

Epoch 18
-------------------------------
loss: 2.372232  [   64/  677]
loss: 2.204809  [  256/  677]
loss: 1.575354  [  448/  677]
loss: 2.112463  [  640/  677]
Average Training Loss: 0.751351
Val Loss: 2.5814 | C-index: 0.7317

Epoch 19
-------------------------------
loss: 1.922992  [   64/  677]
loss: 2.406883  [  256/  677]
loss: 1.968159  [  448/  677]
loss: 1.686324  [  640/  677]
Average Training Loss: 0.725851
Val Loss: 2.5296 | C-index: 0.7113

Epoch 20
-------------------------------
loss: 2.285590  [   64/  677]
loss: 2.142354  [  256/  677]
loss: 1.865758  [  448/  677]
loss: 1.857654  [  640/  677]
Average Training Loss: 0.741032
Val Loss: 2.4568 | C-index: 0.7636

Epoch 21
-------------------------------
loss: 1.910045  [   64/  677]
loss: 1.986327  [  256/  677]
loss: 2.145198  [  448/  677]
loss: 2.159194  [  640/  677]
Average Training Loss: 0.745524
Val Loss: 2.6342 | C-index: 0.7303

Epoch 22
-------------------------------
loss: 1.763383  [   64/  677]
loss: 1.812268  [  256/  677]
loss: 1.818926  [  448/  677]
loss: 1.994367  [  640/  677]
Average Training Loss: 0.671722
Val Loss: 2.6246 | C-index: 0.7045

Epoch 23
-------------------------------
loss: 1.734638  [   64/  677]
loss: 1.854408  [  256/  677]
loss: 2.140312  [  448/  677]
loss: 1.796290  [  640/  677]
Average Training Loss: 0.684150
Val Loss: 2.5969 | C-index: 0.7459

Epoch 24
-------------------------------
loss: 2.095592  [   64/  677]
loss: 2.170921  [  256/  677]
loss: 1.604928  [  448/  677]
loss: 2.092474  [  640/  677]
Average Training Loss: 0.723992
Val Loss: 2.6219 | C-index: 0.7154

Epoch 25
-------------------------------
loss: 1.696237  [   64/  677]
loss: 2.376624  [  256/  677]
loss: 1.725603  [  448/  677]
loss: 2.240921  [  640/  677]
Average Training Loss: 0.730853
Val Loss: 2.5924 | C-index: 0.7235

Stopping early at Epoch 25 since no C-Index improvement after 5 epochs.
Done!
Best C-Index = 0.7635869565217391 at Epoch 20

=========================================
FOLD 2/5
=========================================

Epoch 1
-------------------------------
loss: 2.936892  [   64/  677]
loss: 2.521789  [  256/  677]
loss: 3.547402  [  448/  677]
loss: 2.613408  [  640/  677]
Average Training Loss: 1.056317
Val Loss: 2.7867 | C-index: 0.5913

Epoch 2
-------------------------------
loss: 2.863716  [   64/  677]
loss: 2.901777  [  256/  677]
loss: 3.549599  [  448/  677]
loss: 2.950196  [  640/  677]
Average Training Loss: 1.115026
Val Loss: 2.7765 | C-index: 0.6178

Epoch 3
-------------------------------
loss: 2.981611  [   64/  677]
loss: 3.002227  [  256/  677]
loss: 3.449135  [  448/  677]
loss: 2.949753  [  640/  677]
Average Training Loss: 1.125702
Val Loss: 2.7570 | C-index: 0.6029

Epoch 4
-------------------------------
loss: 2.844215  [   64/  677]
loss: 2.726860  [  256/  677]
loss: 2.788115  [  448/  677]
loss: 2.632812  [  640/  677]
Average Training Loss: 0.999273
Val Loss: 2.7388 | C-index: 0.5995

Epoch 5
-------------------------------
loss: 2.460020  [   64/  677]
loss: 3.121925  [  256/  677]
loss: 2.879873  [  448/  677]
loss: 2.467500  [  640/  677]
Average Training Loss: 0.993574
Val Loss: 2.8141 | C-index: 0.5574

Epoch 6
-------------------------------
loss: 2.805681  [   64/  677]
loss: 2.367949  [  256/  677]
loss: 1.690358  [  448/  677]
loss: 2.962674  [  640/  677]
Average Training Loss: 0.893333
Val Loss: 2.8478 | C-index: 0.5913

Epoch 7
-------------------------------
loss: 2.053734  [   64/  677]
loss: 2.721402  [  256/  677]
loss: 3.098139  [  448/  677]
loss: 2.495611  [  640/  677]
Average Training Loss: 0.942626
Val Loss: 2.7925 | C-index: 0.6151

Stopping early at Epoch 7 since no C-Index improvement after 5 epochs.
Done!
Best C-Index = 0.6177868295994569 at Epoch 2

=========================================
FOLD 3/5
=========================================

Epoch 1
-------------------------------
loss: 3.079744  [   64/  678]
loss: 3.360826  [  256/  678]
loss: 2.955066  [  448/  678]
loss: 3.295362  [  640/  678]
Average Training Loss: 1.153727
Val Loss: 2.5283 | C-index: 0.5827

Epoch 2
-------------------------------
loss: 2.879792  [   64/  678]
loss: 2.590515  [  256/  678]
loss: 3.567850  [  448/  678]
loss: 3.189552  [  640/  678]
Average Training Loss: 1.111610
Val Loss: 2.5176 | C-index: 0.6191

Epoch 3
-------------------------------
loss: 3.316564  [   64/  678]
loss: 2.928452  [  256/  678]
loss: 2.106521  [  448/  678]
loss: 2.837238  [  640/  678]
Average Training Loss: 1.017161
Val Loss: 2.4887 | C-index: 0.6002

Epoch 4
-------------------------------
loss: 2.867855  [   64/  678]
loss: 2.959897  [  256/  678]
loss: 3.081426  [  448/  678]
loss: 3.436427  [  640/  678]
Average Training Loss: 1.122328
Val Loss: 2.4652 | C-index: 0.5971

Epoch 5
-------------------------------
loss: 2.702650  [   64/  678]
loss: 2.699414  [  256/  678]
loss: 2.899544  [  448/  678]
loss: 2.854173  [  640/  678]
Average Training Loss: 1.014162
Val Loss: 2.4517 | C-index: 0.6070

Epoch 6
-------------------------------
loss: 3.017333  [   64/  678]
loss: 2.799363  [  256/  678]
loss: 2.744524  [  448/  678]
loss: 2.432702  [  640/  678]
Average Training Loss: 0.999447
Val Loss: 2.4268 | C-index: 0.6275

Epoch 7
-------------------------------
loss: 2.351742  [   64/  678]
loss: 2.860660  [  256/  678]
loss: 2.716523  [  448/  678]
loss: 2.278702  [  640/  678]
Average Training Loss: 0.927966
Val Loss: 2.5117 | C-index: 0.5637

Epoch 8
-------------------------------
loss: 2.404917  [   64/  678]
loss: 2.631751  [  256/  678]
loss: 2.332742  [  448/  678]
loss: 1.839587  [  640/  678]
Average Training Loss: 0.837181
Val Loss: 2.4334 | C-index: 0.6176

Epoch 9
-------------------------------
loss: 2.194819  [   64/  678]
loss: 2.611600  [  256/  678]
loss: 2.541979  [  448/  678]
loss: 2.189085  [  640/  678]
Average Training Loss: 0.867044
Val Loss: 2.4189 | C-index: 0.6229

Epoch 10
-------------------------------
loss: 2.206779  [   64/  678]
loss: 2.736156  [  256/  678]
loss: 2.495528  [  448/  678]
loss: 2.534059  [  640/  678]
Average Training Loss: 0.906593
Val Loss: 2.4142 | C-index: 0.6032

Epoch 11
-------------------------------
loss: 2.316794  [   64/  678]
loss: 1.976749  [  256/  678]
loss: 2.199823  [  448/  678]
loss: 2.093050  [  640/  678]
Average Training Loss: 0.780583
Val Loss: 2.4025 | C-index: 0.6290

Epoch 12
-------------------------------
loss: 2.318685  [   64/  678]
loss: 2.216953  [  256/  678]
loss: 2.588072  [  448/  678]
loss: 1.898012  [  640/  678]
Average Training Loss: 0.820157
Val Loss: 2.4286 | C-index: 0.6146

Epoch 13
-------------------------------
loss: 2.148239  [   64/  678]
loss: 2.043995  [  256/  678]
loss: 2.199732  [  448/  678]
loss: 1.781972  [  640/  678]
Average Training Loss: 0.743085
Val Loss: 2.4201 | C-index: 0.6161

Epoch 14
-------------------------------
loss: 2.504177  [   64/  678]
loss: 2.291754  [  256/  678]
loss: 1.703705  [  448/  678]
loss: 2.085690  [  640/  678]
Average Training Loss: 0.780484
Val Loss: 2.4162 | C-index: 0.6525

Epoch 15
-------------------------------
loss: 2.074888  [   64/  678]
loss: 2.194916  [  256/  678]
loss: 2.142877  [  448/  678]
loss: 1.780741  [  640/  678]
Average Training Loss: 0.744857
Val Loss: 2.4756 | C-index: 0.6229

Epoch 16
-------------------------------
loss: 2.211214  [   64/  678]
loss: 2.140154  [  256/  678]
loss: 2.418895  [  448/  678]
loss: 1.733193  [  640/  678]
Average Training Loss: 0.773041
Val Loss: 2.3868 | C-index: 0.6100

Epoch 17
-------------------------------
loss: 2.202062  [   64/  678]
loss: 2.079362  [  256/  678]
loss: 1.994665  [  448/  678]
loss: 2.042379  [  640/  678]
Average Training Loss: 0.756224
Val Loss: 2.4248 | C-index: 0.6593

Epoch 18
-------------------------------
loss: 2.002138  [   64/  678]
loss: 2.164182  [  256/  678]
loss: 2.246086  [  448/  678]
loss: 1.869716  [  640/  678]
Average Training Loss: 0.752920
Val Loss: 2.3709 | C-index: 0.6426

Epoch 19
-------------------------------
loss: 1.769296  [   64/  678]
loss: 1.957528  [  256/  678]
loss: 1.889880  [  448/  678]
loss: 1.744743  [  640/  678]
Average Training Loss: 0.669222
Val Loss: 2.3772 | C-index: 0.6388

Epoch 20
-------------------------------
loss: 1.980845  [   64/  678]
loss: 2.324564  [  256/  678]
loss: 1.417789  [  448/  678]
loss: 1.966618  [  640/  678]
Average Training Loss: 0.699074
Val Loss: 2.4588 | C-index: 0.6563

Epoch 21
-------------------------------
loss: 2.095271  [   64/  678]
loss: 1.975797  [  256/  678]
loss: 2.152585  [  448/  678]
loss: 1.611188  [  640/  678]
Average Training Loss: 0.712258
Val Loss: 2.4349 | C-index: 0.6495

Epoch 22
-------------------------------
loss: 2.209536  [   64/  678]
loss: 2.194730  [  256/  678]
loss: 2.184133  [  448/  678]
loss: 1.904591  [  640/  678]
Average Training Loss: 0.772090
Val Loss: 2.5719 | C-index: 0.6153

Stopping early at Epoch 22 since no C-Index improvement after 5 epochs.
Done!
Best C-Index = 0.6593323216995448 at Epoch 17

=========================================
FOLD 4/5
=========================================

Epoch 1
-------------------------------
loss: 2.354585  [   64/  678]
loss: 2.816587  [  256/  678]
loss: 3.204925  [  448/  678]
loss: 3.272100  [  640/  678]
Average Training Loss: 1.058927
Val Loss: 3.0155 | C-index: 0.4395

Epoch 2
-------------------------------
loss: 2.538302  [   64/  678]
loss: 2.472161  [  256/  678]
loss: 3.094706  [  448/  678]
loss: 2.815364  [  640/  678]
Average Training Loss: 0.992776
Val Loss: 3.0173 | C-index: 0.4354

Epoch 3
-------------------------------
loss: 2.764962  [   64/  678]
loss: 2.867548  [  256/  678]
loss: 2.473984  [  448/  678]
loss: 2.527410  [  640/  678]
Average Training Loss: 0.966718
Val Loss: 3.0368 | C-index: 0.4282

Epoch 4
-------------------------------
loss: 2.360990  [   64/  678]
loss: 3.189911  [  256/  678]
loss: 2.855274  [  448/  678]
loss: 2.411638  [  640/  678]
Average Training Loss: 0.983438
Val Loss: 3.1227 | C-index: 0.4330

Epoch 5
-------------------------------
loss: 2.378526  [   64/  678]
loss: 2.842036  [  256/  678]
loss: 3.073337  [  448/  678]
loss: 2.033360  [  640/  678]
Average Training Loss: 0.938842
Val Loss: 3.1352 | C-index: 0.4592

Epoch 6
-------------------------------
loss: 2.872590  [   64/  678]
loss: 2.185934  [  256/  678]
loss: 2.484372  [  448/  678]
loss: 3.024704  [  640/  678]
Average Training Loss: 0.960691
Val Loss: 3.0848 | C-index: 0.5068

Epoch 7
-------------------------------
loss: 2.879722  [   64/  678]
loss: 2.289177  [  256/  678]
loss: 2.360792  [  448/  678]
loss: 2.453816  [  640/  678]
Average Training Loss: 0.907592
Val Loss: 3.0158 | C-index: 0.5426

Epoch 8
-------------------------------
loss: 2.737685  [   64/  678]
loss: 2.192829  [  256/  678]
loss: 2.601972  [  448/  678]
loss: 2.405433  [  640/  678]
Average Training Loss: 0.903447
Val Loss: 3.0350 | C-index: 0.5414

Epoch 9
-------------------------------
loss: 2.548704  [   64/  678]
loss: 2.167374  [  256/  678]
loss: 2.539435  [  448/  678]
loss: 2.194994  [  640/  678]
Average Training Loss: 0.859137
Val Loss: 3.0395 | C-index: 0.6278

Epoch 10
-------------------------------
loss: 2.339097  [   64/  678]
loss: 2.516709  [  256/  678]
loss: 1.887357  [  448/  678]
loss: 2.104340  [  640/  678]
Average Training Loss: 0.804318
Val Loss: 3.0273 | C-index: 0.6194

Epoch 11
-------------------------------
loss: 2.082855  [   64/  678]
loss: 2.572646  [  256/  678]
loss: 1.856915  [  448/  678]
loss: 2.637256  [  640/  678]
Average Training Loss: 0.831788
Val Loss: 2.9815 | C-index: 0.6694

Epoch 12
-------------------------------
loss: 2.293562  [   64/  678]
loss: 2.052125  [  256/  678]
loss: 2.556141  [  448/  678]
loss: 2.586117  [  640/  678]
Average Training Loss: 0.862540
Val Loss: 3.0680 | C-index: 0.6498

Epoch 13
-------------------------------
loss: 2.047681  [   64/  678]
loss: 2.178772  [  256/  678]
loss: 2.169306  [  448/  678]
loss: 2.177593  [  640/  678]
Average Training Loss: 0.779396
Val Loss: 3.1041 | C-index: 0.6605

Epoch 14
-------------------------------
loss: 1.543735  [   64/  678]
loss: 1.970552  [  256/  678]
loss: 2.260502  [  448/  678]
loss: 2.158656  [  640/  678]
Average Training Loss: 0.721222
Val Loss: 3.1681 | C-index: 0.6355

Epoch 15
-------------------------------
loss: 2.193602  [   64/  678]
loss: 2.154132  [  256/  678]
loss: 1.498810  [  448/  678]
loss: 2.034198  [  640/  678]
Average Training Loss: 0.716431
Val Loss: 3.1872 | C-index: 0.6212

Epoch 16
-------------------------------
loss: 1.977980  [   64/  678]
loss: 2.326925  [  256/  678]
loss: 2.106720  [  448/  678]
loss: 1.701008  [  640/  678]
Average Training Loss: 0.737512
Val Loss: 3.0998 | C-index: 0.6504

Stopping early at Epoch 16 since no C-Index improvement after 5 epochs.
Done!
Best C-Index = 0.669446098868374 at Epoch 11

=========================================
FOLD 5/5
=========================================

Epoch 1
-------------------------------
loss: 2.746399  [   64/  678]
loss: 2.815461  [  256/  678]
loss: 2.898959  [  448/  678]
loss: 2.340528  [  640/  678]
Average Training Loss: 0.981941
Val Loss: 2.9409 | C-index: 0.5993

Epoch 2
-------------------------------
loss: 2.694542  [   64/  678]
loss: 2.533075  [  256/  678]
loss: 2.964290  [  448/  678]
loss: 2.928313  [  640/  678]
Average Training Loss: 1.010929
Val Loss: 2.9440 | C-index: 0.5891

Epoch 3
-------------------------------
loss: 2.589958  [   64/  678]
loss: 3.014620  [  256/  678]
loss: 3.083872  [  448/  678]
loss: 2.567196  [  640/  678]
Average Training Loss: 1.023241
Val Loss: 2.9643 | C-index: 0.5687

Epoch 4
-------------------------------
loss: 2.917145  [   64/  678]
loss: 2.420731  [  256/  678]
loss: 2.756168  [  448/  678]
loss: 3.067088  [  640/  678]
Average Training Loss: 1.014648
Val Loss: 2.9589 | C-index: 0.5812

Epoch 5
-------------------------------
loss: 2.723732  [   64/  678]
loss: 2.341772  [  256/  678]
loss: 2.499090  [  448/  678]
loss: 2.860880  [  640/  678]
Average Training Loss: 0.947770
Val Loss: 2.9308 | C-index: 0.5840

Epoch 6
-------------------------------
loss: 2.529907  [   64/  678]
loss: 2.292761  [  256/  678]
loss: 2.590493  [  448/  678]
loss: 2.244787  [  640/  678]
Average Training Loss: 0.877995
Val Loss: 2.8762 | C-index: 0.6136

Epoch 7
-------------------------------
loss: 2.537124  [   64/  678]
loss: 2.308861  [  256/  678]
loss: 2.116230  [  448/  678]
loss: 2.630460  [  640/  678]
Average Training Loss: 0.872061
Val Loss: 2.9938 | C-index: 0.5752

Epoch 8
-------------------------------
loss: 2.403856  [   64/  678]
loss: 2.831106  [  256/  678]
loss: 2.540211  [  448/  678]
loss: 1.881899  [  640/  678]
Average Training Loss: 0.877916
Val Loss: 2.9902 | C-index: 0.5951

Epoch 9
-------------------------------
loss: 2.226573  [   64/  678]
loss: 1.815032  [  256/  678]
loss: 2.239578  [  448/  678]
loss: 2.114825  [  640/  678]
Average Training Loss: 0.763273
Val Loss: 2.9043 | C-index: 0.6594

Epoch 10
-------------------------------
loss: 1.910040  [   64/  678]
loss: 2.378483  [  256/  678]
loss: 1.894162  [  448/  678]
loss: 2.398102  [  640/  678]
Average Training Loss: 0.780072
Val Loss: 2.9343 | C-index: 0.6687

Epoch 11
-------------------------------
loss: 2.150122  [   64/  678]
loss: 2.005426  [  256/  678]
loss: 2.031344  [  448/  678]
loss: 1.908444  [  640/  678]
Average Training Loss: 0.735940
Val Loss: 3.0026 | C-index: 0.6404

Epoch 12
-------------------------------
loss: 1.164592  [   64/  678]
loss: 2.159269  [  256/  678]
loss: 2.073324  [  448/  678]
loss: 2.204937  [  640/  678]
Average Training Loss: 0.691102
Val Loss: 2.9972 | C-index: 0.6603

Epoch 13
-------------------------------
loss: 2.014928  [   64/  678]
loss: 2.189215  [  256/  678]
loss: 1.780394  [  448/  678]
loss: 2.052059  [  640/  678]
Average Training Loss: 0.730600
Val Loss: 3.0079 | C-index: 0.6534

Epoch 14
-------------------------------
loss: 1.737356  [   64/  678]
loss: 2.246488  [  256/  678]
loss: 1.836705  [  448/  678]
loss: 1.960661  [  640/  678]
Average Training Loss: 0.707383
Val Loss: 3.0099 | C-index: 0.6585

Epoch 15
-------------------------------
loss: 2.102924  [   64/  678]
loss: 1.970722  [  256/  678]
loss: 1.792114  [  448/  678]
loss: 2.095930  [  640/  678]
Average Training Loss: 0.723790
Val Loss: 2.9852 | C-index: 0.6566

Stopping early at Epoch 15 since no C-Index improvement after 5 epochs.
Done!
Best C-Index = 0.6686719111522443 at Epoch 10

=========================================
CV training complete! Mean ± std C-index: 0.6758 ± 0.0478
Best epochs per fold: [20, 2, 17, 11, 10]

=========================================
Retraining model on full train+val for 12 epochs...
Epoch 1
-------------------------------
loss: 2.868689  [   64/  847]
loss: 3.088949  [  320/  847]
loss: 2.714699  [  576/  847]
loss: 3.568140  [  832/  847]
Average Training Loss: 0.874320
Val Loss: 2.8306 | C-index: 0.6010

Epoch 2
-------------------------------
loss: 2.677816  [   64/  847]
loss: 3.152571  [  320/  847]
loss: 2.945848  [  576/  847]
loss: 3.461759  [  832/  847]
Average Training Loss: 0.874142
Val Loss: 2.7674 | C-index: 0.6218

Epoch 3
-------------------------------
loss: 2.720046  [   64/  847]
loss: 3.052138  [  320/  847]
loss: 3.127675  [  576/  847]
loss: 2.530855  [  832/  847]
Average Training Loss: 0.816480
Val Loss: 2.7397 | C-index: 0.6286

Epoch 4
-------------------------------
loss: 2.946453  [   64/  847]
loss: 2.459025  [  320/  847]
loss: 2.918839  [  576/  847]
loss: 2.819597  [  832/  847]
Average Training Loss: 0.795994
Val Loss: 2.7150 | C-index: 0.6752

Epoch 5
-------------------------------
loss: 3.035676  [   64/  847]
loss: 2.640740  [  320/  847]
loss: 2.942541  [  576/  847]
loss: 2.471097  [  832/  847]
Average Training Loss: 0.792147
Val Loss: 2.6129 | C-index: 0.7579

Epoch 6
-------------------------------
loss: 3.103750  [   64/  847]
loss: 3.074291  [  320/  847]
loss: 2.337675  [  576/  847]
loss: 2.786945  [  832/  847]
Average Training Loss: 0.807333
Val Loss: 2.3648 | C-index: 0.8359

Epoch 7
-------------------------------
loss: 2.623812  [   64/  847]
loss: 2.693837  [  320/  847]
loss: 2.421921  [  576/  847]
loss: 2.093579  [  832/  847]
Average Training Loss: 0.702368
Val Loss: 2.2519 | C-index: 0.8933

Epoch 8
-------------------------------
loss: 2.283394  [   64/  847]
loss: 2.132210  [  320/  847]
loss: 2.366374  [  576/  847]
loss: 2.057777  [  832/  847]
Average Training Loss: 0.631411
Val Loss: 2.2005 | C-index: 0.8780

Epoch 9
-------------------------------
loss: 2.838878  [   64/  847]
loss: 2.110593  [  320/  847]
loss: 2.218030  [  576/  847]
loss: 2.165129  [  832/  847]
Average Training Loss: 0.666616
Val Loss: 2.0958 | C-index: 0.9228

Epoch 10
-------------------------------
loss: 2.046916  [   64/  847]
loss: 2.214758  [  320/  847]
loss: 2.368821  [  576/  847]
loss: 1.488038  [  832/  847]
Average Training Loss: 0.579895
Val Loss: 2.0326 | C-index: 0.9026

Epoch 11
-------------------------------
loss: 2.201713  [   64/  847]
loss: 2.427008  [  320/  847]
loss: 2.209277  [  576/  847]
loss: 2.199520  [  832/  847]
Average Training Loss: 0.645537
Val Loss: 2.0040 | C-index: 0.9250

Epoch 12
-------------------------------
loss: 2.304453  [   64/  847]
loss: 2.090037  [  320/  847]
loss: 2.058948  [  576/  847]
loss: 2.547738  [  832/  847]
Average Training Loss: 0.642941
Val Loss: 1.9926 | C-index: 0.9169

Done!
Best C-Index = 0.9250151717441437 at Epoch 11
FINAL TEST Average Loss: 2.5515
FINAL TEST C-index: 0.6899
Bootstrap 95% CI: [0.6025, 0.7759]
Top 10 activated pathways:
{'R-HSA-5602358': 0.06994235515594482, 'R-HSA-9759475': 0.06658855080604553, 'R-HSA-9696270': 0.06647386401891708, 'R-HSA-9664424': 0.06366723030805588, 'R-HSA-5669034': 0.058688271790742874, 'R-HSA-1482788': 0.057213421911001205, 'R-HSA-5696397': 0.05317185819149017, 'R-HSA-9864848': 0.05303705483675003, 'R-HSA-9696273': 0.05199068412184715, 'R-HSA-72165': 0.04722617566585541}
Results saved to /Users/evan/Documents/GitHub/HyBINN/experiments/runs/binn_only/seed_6/results.json
