train_hybinn.py log started 2026-06-05 21:38:26.411703
=========================================
Model Active Branches: ['binn', 'clinical']
=========================================

=========================================
FOLD 1/5
=========================================

Epoch 1
-------------------------------
loss: 2.656115  [   64/  677]
loss: 1.679036  [  256/  677]
loss: 3.075363  [  448/  677]
loss: 3.068940  [  640/  677]
Average Training Loss: 0.952678
Val Loss: 2.5728 | C-index: 0.4804

Epoch 2
-------------------------------
loss: 2.384809  [   64/  677]
loss: 2.867523  [  256/  677]
loss: 2.572210  [  448/  677]
loss: 3.427731  [  640/  677]
Average Training Loss: 1.022934
Val Loss: 2.5726 | C-index: 0.4681

Epoch 3
-------------------------------
loss: 2.397546  [   64/  677]
loss: 3.208121  [  256/  677]
loss: 3.146135  [  448/  677]
loss: 2.932863  [  640/  677]
Average Training Loss: 1.062242
Val Loss: 2.5731 | C-index: 0.4665

Epoch 4
-------------------------------
loss: 3.223264  [   64/  677]
loss: 2.657834  [  256/  677]
loss: 2.567136  [  448/  677]
loss: 3.025287  [  640/  677]
Average Training Loss: 1.043047
Val Loss: 2.5840 | C-index: 0.4765

Epoch 5
-------------------------------
loss: 3.122878  [   64/  677]
loss: 3.141312  [  256/  677]
loss: 2.607825  [  448/  677]
loss: 2.590617  [  640/  677]
Average Training Loss: 1.042058
Val Loss: 2.6226 | C-index: 0.4742

Epoch 6
-------------------------------
loss: 2.914402  [   64/  677]
loss: 2.464182  [  256/  677]
loss: 2.792964  [  448/  677]
loss: 3.386428  [  640/  677]
Average Training Loss: 1.050725
Val Loss: 2.6134 | C-index: 0.4834

Epoch 7
-------------------------------
loss: 2.816200  [   64/  677]
loss: 3.157380  [  256/  677]
loss: 2.496822  [  448/  677]
loss: 2.552939  [  640/  677]
Average Training Loss: 1.002122
Val Loss: 2.5474 | C-index: 0.4888

Epoch 8
-------------------------------
loss: 2.805538  [   64/  677]
loss: 2.715686  [  256/  677]
loss: 2.562741  [  448/  677]
loss: 2.858778  [  640/  677]
Average Training Loss: 0.994795
Val Loss: 2.5157 | C-index: 0.5104

Epoch 9
-------------------------------
loss: 2.887142  [   64/  677]
loss: 2.397624  [  256/  677]
loss: 2.491320  [  448/  677]
loss: 1.947674  [  640/  677]
Average Training Loss: 0.883978
Val Loss: 2.5271 | C-index: 0.4965

Epoch 10
-------------------------------
loss: 2.905807  [   64/  677]
loss: 2.625350  [  256/  677]
loss: 2.987131  [  448/  677]
loss: 2.400107  [  640/  677]
Average Training Loss: 0.992581
Val Loss: 2.4749 | C-index: 0.5512

Epoch 11
-------------------------------
loss: 2.794538  [   64/  677]
loss: 2.054556  [  256/  677]
loss: 1.865048  [  448/  677]
loss: 2.508798  [  640/  677]
Average Training Loss: 0.838449
Val Loss: 2.5237 | C-index: 0.5050

Epoch 12
-------------------------------
loss: 2.016518  [   64/  677]
loss: 2.732651  [  256/  677]
loss: 2.201239  [  448/  677]
loss: 2.731405  [  640/  677]
Average Training Loss: 0.880165
Val Loss: 2.5407 | C-index: 0.5181

Epoch 13
-------------------------------
loss: 2.641430  [   64/  677]
loss: 2.543277  [  256/  677]
loss: 2.499980  [  448/  677]
loss: 2.174110  [  640/  677]
Average Training Loss: 0.896254
Val Loss: 2.5348 | C-index: 0.5250

Epoch 14
-------------------------------
loss: 2.302503  [   64/  677]
loss: 2.674498  [  256/  677]
loss: 2.370243  [  448/  677]
loss: 2.095073  [  640/  677]
Average Training Loss: 0.858392
Val Loss: 2.5324 | C-index: 0.5173

Epoch 15
-------------------------------
loss: 2.472769  [   64/  677]
loss: 2.372305  [  256/  677]
loss: 1.170945  [  448/  677]
loss: 2.458886  [  640/  677]
Average Training Loss: 0.770446
Val Loss: 2.5231 | C-index: 0.5566

Epoch 16
-------------------------------
loss: 2.449147  [   64/  677]
loss: 2.385519  [  256/  677]
loss: 1.992525  [  448/  677]
loss: 2.854405  [  640/  677]
Average Training Loss: 0.880145
Val Loss: 2.5530 | C-index: 0.5166

Epoch 17
-------------------------------
loss: 2.156160  [   64/  677]
loss: 2.567600  [  256/  677]
loss: 2.536157  [  448/  677]
loss: 2.113989  [  640/  677]
Average Training Loss: 0.852173
Val Loss: 2.5767 | C-index: 0.5412

Epoch 18
-------------------------------
loss: 2.000820  [   64/  677]
loss: 2.241607  [  256/  677]
loss: 2.624168  [  448/  677]
loss: 2.413363  [  640/  677]
Average Training Loss: 0.843633
Val Loss: 2.6205 | C-index: 0.4981

Epoch 19
-------------------------------
loss: 2.306190  [   64/  677]
loss: 2.175282  [  256/  677]
loss: 2.432694  [  448/  677]
loss: 2.104599  [  640/  677]
Average Training Loss: 0.819888
Val Loss: 2.6173 | C-index: 0.5281

Epoch 20
-------------------------------
loss: 2.291511  [   64/  677]
loss: 2.449313  [  256/  677]
loss: 2.365973  [  448/  677]
loss: 2.377868  [  640/  677]
Average Training Loss: 0.862242
Val Loss: 2.5829 | C-index: 0.5296

Stopping early at Epoch 20 since no C-Index improvement after 5 epochs.
Done!
Best C-Index = 0.5565819861431871 at Epoch 15

=========================================
FOLD 2/5
=========================================

Epoch 1
-------------------------------
loss: 3.077077  [   64/  677]
loss: 3.014565  [  256/  677]
loss: 3.297846  [  448/  677]
loss: 1.685521  [  640/  677]
Average Training Loss: 1.006819
Val Loss: 2.9092 | C-index: 0.6996

Epoch 2
-------------------------------
loss: 2.751762  [   64/  677]
loss: 3.486758  [  256/  677]
loss: 2.976762  [  448/  677]
loss: 3.312917  [  640/  677]
Average Training Loss: 1.138927
Val Loss: 2.9065 | C-index: 0.7165

Epoch 3
-------------------------------
loss: 3.269914  [   64/  677]
loss: 2.393850  [  256/  677]
loss: 3.510312  [  448/  677]
loss: 3.254808  [  640/  677]
Average Training Loss: 1.129899
Val Loss: 2.9008 | C-index: 0.6148

Epoch 4
-------------------------------
loss: 2.590453  [   64/  677]
loss: 3.012944  [  256/  677]
loss: 2.754383  [  448/  677]
loss: 2.998064  [  640/  677]
Average Training Loss: 1.032349
Val Loss: 2.8838 | C-index: 0.5755

Epoch 5
-------------------------------
loss: 1.978845  [   64/  677]
loss: 3.425931  [  256/  677]
loss: 2.950114  [  448/  677]
loss: 2.558244  [  640/  677]
Average Training Loss: 0.992103
Val Loss: 2.8667 | C-index: 0.6013

Epoch 6
-------------------------------
loss: 2.690103  [   64/  677]
loss: 2.940266  [  256/  677]
loss: 2.867853  [  448/  677]
loss: 2.688374  [  640/  677]
Average Training Loss: 1.016963
Val Loss: 2.8291 | C-index: 0.6811

Epoch 7
-------------------------------
loss: 2.229826  [   64/  677]
loss: 2.969875  [  256/  677]
loss: 2.820162  [  448/  677]
loss: 2.981357  [  640/  677]
Average Training Loss: 1.000111
Val Loss: 2.8213 | C-index: 0.6889

Stopping early at Epoch 7 since no C-Index improvement after 5 epochs.
Done!
Best C-Index = 0.7164514317798989 at Epoch 2

=========================================
FOLD 3/5
=========================================

Epoch 1
-------------------------------
loss: 2.586497  [   64/  678]
loss: 2.999516  [  256/  678]
loss: 3.502048  [  448/  678]
loss: 2.761980  [  640/  678]
Average Training Loss: 1.077276
Val Loss: 2.7854 | C-index: 0.7158

Epoch 2
-------------------------------
loss: 2.821354  [   64/  678]
loss: 3.033772  [  256/  678]
loss: 3.386031  [  448/  678]
loss: 2.693405  [  640/  678]
Average Training Loss: 1.084960
Val Loss: 2.7841 | C-index: 0.6036

Epoch 3
-------------------------------
loss: 2.955400  [   64/  678]
loss: 3.257667  [  256/  678]
loss: 3.028743  [  448/  678]
loss: 2.539705  [  640/  678]
Average Training Loss: 1.071047
Val Loss: 2.7796 | C-index: 0.5733

Epoch 4
-------------------------------
loss: 3.225538  [   64/  678]
loss: 3.057666  [  256/  678]
loss: 2.782078  [  448/  678]
loss: 3.027178  [  640/  678]
Average Training Loss: 1.099315
Val Loss: 2.7637 | C-index: 0.5712

Epoch 5
-------------------------------
loss: 2.915133  [   64/  678]
loss: 3.219252  [  256/  678]
loss: 2.972301  [  448/  678]
loss: 2.398627  [  640/  678]
Average Training Loss: 1.045938
Val Loss: 2.7216 | C-index: 0.6380

Epoch 6
-------------------------------
loss: 2.497844  [   64/  678]
loss: 2.463437  [  256/  678]
loss: 2.758676  [  448/  678]
loss: 2.741517  [  640/  678]
Average Training Loss: 0.951043
Val Loss: 2.6774 | C-index: 0.6827

Stopping early at Epoch 6 since no C-Index improvement after 5 epochs.
Done!
Best C-Index = 0.7157604955264969 at Epoch 1

=========================================
FOLD 4/5
=========================================

Epoch 1
-------------------------------
loss: 3.065948  [   64/  678]
loss: 2.462311  [  256/  678]
loss: 2.551419  [  448/  678]
loss: 2.752142  [  640/  678]
Average Training Loss: 0.984711
Val Loss: 2.8291 | C-index: 0.5304

Epoch 2
-------------------------------
loss: 3.156003  [   64/  678]
loss: 3.005023  [  256/  678]
loss: 2.842640  [  448/  678]
loss: 3.045453  [  640/  678]
Average Training Loss: 1.095374
Val Loss: 2.8273 | C-index: 0.5270

Epoch 3
-------------------------------
loss: 3.252729  [   64/  678]
loss: 3.007177  [  256/  678]
loss: 2.228580  [  448/  678]
loss: 2.622569  [  640/  678]
Average Training Loss: 1.010096
Val Loss: 2.8354 | C-index: 0.4568

Epoch 4
-------------------------------
loss: 3.167808  [   64/  678]
loss: 3.037132  [  256/  678]
loss: 3.039261  [  448/  678]
loss: 2.700090  [  640/  678]
Average Training Loss: 1.085845
Val Loss: 2.8312 | C-index: 0.5194

Epoch 5
-------------------------------
loss: 2.418471  [   64/  678]
loss: 2.774843  [  256/  678]
loss: 3.357863  [  448/  678]
loss: 2.603551  [  640/  678]
Average Training Loss: 1.014066
Val Loss: 2.8641 | C-index: 0.4962

Epoch 6
-------------------------------
loss: 2.830517  [   64/  678]
loss: 2.844740  [  256/  678]
loss: 2.228095  [  448/  678]
loss: 2.639704  [  640/  678]
Average Training Loss: 0.958460
Val Loss: 2.8317 | C-index: 0.5577

Epoch 7
-------------------------------
loss: 2.811790  [   64/  678]
loss: 2.845432  [  256/  678]
loss: 3.062789  [  448/  678]
loss: 2.475186  [  640/  678]
Average Training Loss: 1.017745
Val Loss: 2.8346 | C-index: 0.5490

Epoch 8
-------------------------------
loss: 2.923651  [   64/  678]
loss: 2.554586  [  256/  678]
loss: 2.405806  [  448/  678]
loss: 1.823435  [  640/  678]
Average Training Loss: 0.882498
Val Loss: 2.7605 | C-index: 0.6319

Epoch 9
-------------------------------
loss: 2.232982  [   64/  678]
loss: 2.633684  [  256/  678]
loss: 2.214821  [  448/  678]
loss: 2.503556  [  640/  678]
Average Training Loss: 0.871368
Val Loss: 2.7899 | C-index: 0.5675

Epoch 10
-------------------------------
loss: 2.595873  [   64/  678]
loss: 2.536914  [  256/  678]
loss: 2.370765  [  448/  678]
loss: 2.444837  [  640/  678]
Average Training Loss: 0.904399
Val Loss: 2.7855 | C-index: 0.6110

Epoch 11
-------------------------------
loss: 2.401635  [   64/  678]
loss: 2.602607  [  256/  678]
loss: 1.867653  [  448/  678]
loss: 1.861308  [  640/  678]
Average Training Loss: 0.793927
Val Loss: 2.7916 | C-index: 0.5901

Epoch 12
-------------------------------
loss: 2.531046  [   64/  678]
loss: 2.549460  [  256/  678]
loss: 2.912524  [  448/  678]
loss: 2.741379  [  640/  678]
Average Training Loss: 0.975855
Val Loss: 2.7933 | C-index: 0.5838

Epoch 13
-------------------------------
loss: 2.592286  [   64/  678]
loss: 2.691984  [  256/  678]
loss: 2.784184  [  448/  678]
loss: 1.892280  [  640/  678]
Average Training Loss: 0.905521
Val Loss: 2.8381 | C-index: 0.6203

Stopping early at Epoch 13 since no C-Index improvement after 5 epochs.
Done!
Best C-Index = 0.6318840579710145 at Epoch 8

=========================================
FOLD 5/5
=========================================

Epoch 1
-------------------------------
loss: 3.046564  [   64/  678]
loss: 2.774864  [  256/  678]
loss: 2.839068  [  448/  678]
loss: 2.892612  [  640/  678]
Average Training Loss: 1.050283
Val Loss: 2.8083 | C-index: 0.6270

Epoch 2
-------------------------------
loss: 2.681812  [   64/  678]
loss: 2.909518  [  256/  678]
loss: 3.281543  [  448/  678]
loss: 2.899331  [  640/  678]
Average Training Loss: 1.070200
Val Loss: 2.8096 | C-index: 0.5967

Epoch 3
-------------------------------
loss: 2.784369  [   64/  678]
loss: 2.940101  [  256/  678]
loss: 2.719087  [  448/  678]
loss: 3.156677  [  640/  678]
Average Training Loss: 1.054567
Val Loss: 2.8294 | C-index: 0.5423

Epoch 4
-------------------------------
loss: 2.604627  [   64/  678]
loss: 2.833799  [  256/  678]
loss: 2.963741  [  448/  678]
loss: 2.691914  [  640/  678]
Average Training Loss: 1.008553
Val Loss: 2.8570 | C-index: 0.5334

Epoch 5
-------------------------------
loss: 2.810637  [   64/  678]
loss: 2.388702  [  256/  678]
loss: 2.716530  [  448/  678]
loss: 3.213274  [  640/  678]
Average Training Loss: 1.011740
Val Loss: 2.8322 | C-index: 0.5681

Epoch 6
-------------------------------
loss: 2.662056  [   64/  678]
loss: 2.300637  [  256/  678]
loss: 2.552521  [  448/  678]
loss: 2.823822  [  640/  678]
Average Training Loss: 0.939912
Val Loss: 2.7797 | C-index: 0.6085

Stopping early at Epoch 6 since no C-Index improvement after 5 epochs.
Done!
Best C-Index = 0.6270330902972518 at Epoch 1

=========================================
CV training complete! Mean ± std C-index: 0.6495 ± 0.0605
Best epochs per fold: [15, 2, 1, 8, 1]

=========================================
Retraining model on full train+val for 5 epochs...
Epoch 1
-------------------------------
loss: 3.609757  [   64/  847]
loss: 2.983238  [  320/  847]
loss: 2.304069  [  576/  847]
loss: 2.350218  [  832/  847]
Average Training Loss: 0.803377
Val Loss: 2.8574 | C-index: 0.6966

Epoch 2
-------------------------------
loss: 2.865436  [   64/  847]
loss: 2.966295  [  320/  847]
loss: 2.689224  [  576/  847]
loss: 3.246944  [  832/  847]
Average Training Loss: 0.840564
Val Loss: 2.8644 | C-index: 0.7154

Epoch 3
-------------------------------
loss: 3.134030  [   64/  847]
loss: 2.924065  [  320/  847]
loss: 3.127787  [  576/  847]
loss: 3.057503  [  832/  847]
Average Training Loss: 0.874528
Val Loss: 2.8149 | C-index: 0.7131

Epoch 4
-------------------------------
loss: 3.051394  [   64/  847]
loss: 2.924786  [  320/  847]
loss: 2.412307  [  576/  847]
loss: 3.253969  [  832/  847]
Average Training Loss: 0.831604
Val Loss: 2.7285 | C-index: 0.7164

Epoch 5
-------------------------------
loss: 2.609507  [   64/  847]
loss: 3.157306  [  320/  847]
loss: 3.447926  [  576/  847]
loss: 2.669275  [  832/  847]
Average Training Loss: 0.848858
Val Loss: 2.6224 | C-index: 0.7855

Done!
Best C-Index = 0.7855058961975042 at Epoch 5
FINAL TEST Average Loss: 2.5674
FINAL TEST C-index: 0.6573
Bootstrap 95% CI: [0.5271, 0.7760]
Top 10 activated pathways:
{'R-HSA-9734009': 0.04284407198429108, 'R-HSA-8941856': 0.0424998514354229, 'R-HSA-164952': 0.039904188364744186, 'R-HSA-9013424': 0.039790522307157516, 'R-HSA-3000170': 0.03588847443461418, 'R-HSA-168325': 0.03575819730758667, 'R-HSA-2173796': 0.03452899307012558, 'R-HSA-9680350': 0.03256891295313835, 'R-HSA-5651801': 0.03246930241584778, 'R-HSA-75815': 0.032206229865550995}
Results saved to /Users/evan/Documents/GitHub/HyBINN/experiments/runs/binn_clinical/seed_4/results.json
