train_hybinn.py log started 2026-06-17 01:00:52.550346
=========================================
Model Active Branches: ['gene']
=========================================

=========================================
FOLD 1/5
=========================================

Epoch 1
-------------------------------
loss: 3.159744  [   64/  677]
loss: 2.510552  [  256/  677]
loss: 2.858843  [  448/  677]
loss: 2.597771  [  640/  677]
Average Training Loss: 1.011537
Val Loss: 2.7612 | C-index: 0.5081

Epoch 2
-------------------------------
loss: 2.749069  [   64/  677]
loss: 2.832816  [  256/  677]
loss: 3.085734  [  448/  677]
loss: 2.665811  [  640/  677]
Average Training Loss: 1.030312
Val Loss: 2.7623 | C-index: 0.4801

Epoch 3
-------------------------------
loss: 2.258226  [   64/  677]
loss: 3.189980  [  256/  677]
loss: 2.891967  [  448/  677]
loss: 2.719122  [  640/  677]
Average Training Loss: 1.005390
Val Loss: 2.7339 | C-index: 0.5782

Epoch 4
-------------------------------
loss: 2.307517  [   64/  677]
loss: 2.996142  [  256/  677]
loss: 2.263907  [  448/  677]
loss: 2.104533  [  640/  677]
Average Training Loss: 0.879282
Val Loss: 2.5791 | C-index: 0.6504

Epoch 5
-------------------------------
loss: 1.694550  [   64/  677]
loss: 2.014601  [  256/  677]
loss: 1.985538  [  448/  677]
loss: 2.420595  [  640/  677]
Average Training Loss: 0.737753
Val Loss: 3.3630 | C-index: 0.4336

Epoch 6
-------------------------------
loss: 1.519413  [   64/  677]
loss: 1.559705  [  256/  677]
loss: 2.008402  [  448/  677]
loss: 1.216461  [  640/  677]
Average Training Loss: 0.573089
Val Loss: 2.7264 | C-index: 0.6448

Epoch 7
-------------------------------
loss: 0.776166  [   64/  677]
loss: 1.148557  [  256/  677]
loss: 1.631743  [  448/  677]
loss: 1.185907  [  640/  677]
Average Training Loss: 0.431125
Val Loss: 3.3056 | C-index: 0.5843

Epoch 8
-------------------------------
loss: 1.164995  [   64/  677]
loss: 1.691445  [  256/  677]
loss: 0.844034  [  448/  677]
loss: 1.137342  [  640/  677]
Average Training Loss: 0.439801
Val Loss: 3.2110 | C-index: 0.5597

Epoch 9
-------------------------------
loss: 1.295396  [   64/  677]
loss: 1.163131  [  256/  677]
loss: 1.715421  [  448/  677]
loss: 1.707253  [  640/  677]
Average Training Loss: 0.534655
Val Loss: 2.9899 | C-index: 0.6106

Stopping early at Epoch 9 since no C-Index improvement after 5 epochs.
Done!
Best C-Index = 0.6504201680672269 at Epoch 4

=========================================
FOLD 2/5
=========================================

Epoch 1
-------------------------------
loss: 2.953820  [   64/  677]
loss: 2.891042  [  256/  677]
loss: 2.997733  [  448/  677]
loss: 3.128065  [  640/  677]
Average Training Loss: 1.088242
Val Loss: 2.8635 | C-index: 0.5140

Epoch 2
-------------------------------
loss: 2.647156  [   64/  677]
loss: 2.994699  [  256/  677]
loss: 2.463654  [  448/  677]
loss: 2.786213  [  640/  677]
Average Training Loss: 0.990157
Val Loss: 2.8994 | C-index: 0.6502

Epoch 3
-------------------------------
loss: 2.742286  [   64/  677]
loss: 2.540140  [  256/  677]
loss: 2.401677  [  448/  677]
loss: 3.015504  [  640/  677]
Average Training Loss: 0.972692
Val Loss: 2.9577 | C-index: 0.6347

Epoch 4
-------------------------------
loss: 2.040345  [   64/  677]
loss: 1.508859  [  256/  677]
loss: 1.899906  [  448/  677]
loss: 2.272872  [  640/  677]
Average Training Loss: 0.701998
Val Loss: 3.1204 | C-index: 0.6930

Epoch 5
-------------------------------
loss: 1.862546  [   64/  677]
loss: 1.573291  [  256/  677]
loss: 2.525604  [  448/  677]
loss: 2.049098  [  640/  677]
Average Training Loss: 0.728231
Val Loss: 3.2636 | C-index: 0.6960

Epoch 6
-------------------------------
loss: 1.792341  [   64/  677]
loss: 1.096215  [  256/  677]
loss: 2.189987  [  448/  677]
loss: 1.648788  [  640/  677]
Average Training Loss: 0.611576
Val Loss: 3.6303 | C-index: 0.6300

Epoch 7
-------------------------------
loss: 1.028560  [   64/  677]
loss: 1.642304  [  256/  677]
loss: 2.162678  [  448/  677]
loss: 1.947556  [  640/  677]
Average Training Loss: 0.616463
Val Loss: 4.1036 | C-index: 0.6514

Epoch 8
-------------------------------
loss: 1.345268  [   64/  677]
loss: 2.732840  [  256/  677]
loss: 1.847188  [  448/  677]
loss: 1.241913  [  640/  677]
Average Training Loss: 0.651564
Val Loss: 4.0463 | C-index: 0.6056

Epoch 9
-------------------------------
loss: 1.013116  [   64/  677]
loss: 1.845517  [  256/  677]
loss: 1.637147  [  448/  677]
loss: 0.970244  [  640/  677]
Average Training Loss: 0.496911
Val Loss: 4.1795 | C-index: 0.6817

Epoch 10
-------------------------------
loss: 0.963592  [   64/  677]
loss: 1.273654  [  256/  677]
loss: 1.773003  [  448/  677]
loss: 1.714661  [  640/  677]
Average Training Loss: 0.520446
Val Loss: 3.8312 | C-index: 0.6573

Stopping early at Epoch 10 since no C-Index improvement after 5 epochs.
Done!
Best C-Index = 0.6960142772159429 at Epoch 5

=========================================
FOLD 3/5
=========================================

Epoch 1
-------------------------------
loss: 2.716976  [   64/  678]
loss: 2.394273  [  256/  678]
loss: 3.535517  [  448/  678]
loss: 3.123141  [  640/  678]
Average Training Loss: 1.069991
Val Loss: 2.3791 | C-index: 0.5464

Epoch 2
-------------------------------
loss: 2.314834  [   64/  678]
loss: 2.568657  [  256/  678]
loss: 3.205150  [  448/  678]
loss: 3.168516  [  640/  678]
Average Training Loss: 1.023378
Val Loss: 2.3666 | C-index: 0.5847

Epoch 3
-------------------------------
loss: 2.884527  [   64/  678]
loss: 2.707388  [  256/  678]
loss: 2.512631  [  448/  678]
loss: 3.132492  [  640/  678]
Average Training Loss: 1.021549
Val Loss: 2.3145 | C-index: 0.6723

Epoch 4
-------------------------------
loss: 2.521381  [   64/  678]
loss: 2.277211  [  256/  678]
loss: 2.459458  [  448/  678]
loss: 2.378114  [  640/  678]
Average Training Loss: 0.876015
Val Loss: 2.4945 | C-index: 0.6630

Epoch 5
-------------------------------
loss: 2.397740  [   64/  678]
loss: 2.029268  [  256/  678]
loss: 2.003900  [  448/  678]
loss: 2.028529  [  640/  678]
Average Training Loss: 0.769040
Val Loss: 2.6813 | C-index: 0.6757

Epoch 6
-------------------------------
loss: 1.042007  [   64/  678]
loss: 1.296930  [  256/  678]
loss: 1.937265  [  448/  678]
loss: 1.938319  [  640/  678]
Average Training Loss: 0.564956
Val Loss: 2.9047 | C-index: 0.5379

Epoch 7
-------------------------------
loss: 1.618635  [   64/  678]
loss: 1.620987  [  256/  678]
loss: 1.483252  [  448/  678]
loss: 1.919255  [  640/  678]
Average Training Loss: 0.603830
Val Loss: 2.5117 | C-index: 0.7021

Epoch 8
-------------------------------
loss: 1.363618  [   64/  678]
loss: 1.355363  [  256/  678]
loss: 2.394720  [  448/  678]
loss: 1.527447  [  640/  678]
Average Training Loss: 0.603741
Val Loss: 2.7097 | C-index: 0.7132

Epoch 9
-------------------------------
loss: 1.339561  [   64/  678]
loss: 1.491626  [  256/  678]
loss: 1.597816  [  448/  678]
loss: 1.769782  [  640/  678]
Average Training Loss: 0.563526
Val Loss: 2.8363 | C-index: 0.5600

Epoch 10
-------------------------------
loss: 1.123862  [   64/  678]
loss: 1.007275  [  256/  678]
loss: 1.498873  [  448/  678]
loss: 0.877568  [  640/  678]
Average Training Loss: 0.409780
Val Loss: 3.1912 | C-index: 0.5923

Epoch 11
-------------------------------
loss: 1.029680  [   64/  678]
loss: 1.590318  [  256/  678]
loss: 1.032857  [  448/  678]
loss: 1.612979  [  640/  678]
Average Training Loss: 0.478712
Val Loss: 2.8177 | C-index: 0.6834

Epoch 12
-------------------------------
loss: 0.900718  [   64/  678]
loss: 1.846620  [  256/  678]
loss: 0.816885  [  448/  678]
loss: 1.414534  [  640/  678]
Average Training Loss: 0.452614
Val Loss: 2.8927 | C-index: 0.6843

Epoch 13
-------------------------------
loss: 0.900027  [   64/  678]
loss: 1.179499  [  256/  678]
loss: 0.632377  [  448/  678]
loss: 0.824888  [  640/  678]
Average Training Loss: 0.321526
Val Loss: 3.2670 | C-index: 0.5498

Stopping early at Epoch 13 since no C-Index improvement after 5 epochs.
Done!
Best C-Index = 0.7131914893617022 at Epoch 8

=========================================
FOLD 4/5
=========================================

Epoch 1
-------------------------------
loss: 3.167672  [   64/  678]
loss: 3.011023  [  256/  678]
loss: 3.030997  [  448/  678]
loss: 2.744040  [  640/  678]
Average Training Loss: 1.086703
Val Loss: 2.8623 | C-index: 0.5276

Epoch 2
-------------------------------
loss: 2.600953  [   64/  678]
loss: 2.899928  [  256/  678]
loss: 2.437926  [  448/  678]
loss: 2.919411  [  640/  678]
Average Training Loss: 0.987111
Val Loss: 2.8632 | C-index: 0.5294

Epoch 3
-------------------------------
loss: 2.532804  [   64/  678]
loss: 2.808017  [  256/  678]
loss: 2.811025  [  448/  678]
loss: 2.768483  [  640/  678]
Average Training Loss: 0.992757
Val Loss: 2.8886 | C-index: 0.5307

Epoch 4
-------------------------------
loss: 2.550405  [   64/  678]
loss: 2.389066  [  256/  678]
loss: 1.698360  [  448/  678]
loss: 2.458167  [  640/  678]
Average Training Loss: 0.826909
Val Loss: 2.8936 | C-index: 0.5759

Epoch 5
-------------------------------
loss: 1.716618  [   64/  678]
loss: 2.247484  [  256/  678]
loss: 1.354663  [  448/  678]
loss: 1.971267  [  640/  678]
Average Training Loss: 0.662730
Val Loss: 3.4127 | C-index: 0.4960

Epoch 6
-------------------------------
loss: 1.827236  [   64/  678]
loss: 1.236623  [  256/  678]
loss: 1.971473  [  448/  678]
loss: 1.515403  [  640/  678]
Average Training Loss: 0.595521
Val Loss: 3.2732 | C-index: 0.5505

Epoch 7
-------------------------------
loss: 1.319387  [   64/  678]
loss: 1.945042  [  256/  678]
loss: 1.388923  [  448/  678]
loss: 2.197532  [  640/  678]
Average Training Loss: 0.622808
Val Loss: 2.8699 | C-index: 0.6074

Epoch 8
-------------------------------
loss: 1.223112  [   64/  678]
loss: 1.869654  [  256/  678]
loss: 1.075273  [  448/  678]
loss: 1.579552  [  640/  678]
Average Training Loss: 0.522508
Val Loss: 3.4718 | C-index: 0.5467

Epoch 9
-------------------------------
loss: 1.086930  [   64/  678]
loss: 1.351953  [  256/  678]
loss: 1.884637  [  448/  678]
loss: 1.768178  [  640/  678]
Average Training Loss: 0.553791
Val Loss: 3.0513 | C-index: 0.6260

Epoch 10
-------------------------------
loss: 1.294176  [   64/  678]
loss: 1.396547  [  256/  678]
loss: 0.368673  [  448/  678]
loss: 1.360228  [  640/  678]
Average Training Loss: 0.401784
Val Loss: 3.1304 | C-index: 0.6074

Epoch 11
-------------------------------
loss: 0.354579  [   64/  678]
loss: 1.392752  [  256/  678]
loss: 0.572072  [  448/  678]
loss: 0.721200  [  640/  678]
Average Training Loss: 0.276418
Val Loss: 3.5286 | C-index: 0.5802

Epoch 12
-------------------------------
loss: 0.747945  [   64/  678]
loss: 1.063190  [  256/  678]
loss: 1.150001  [  448/  678]
loss: 1.070518  [  640/  678]
Average Training Loss: 0.366514
Val Loss: 4.0112 | C-index: 0.5938

Epoch 13
-------------------------------
loss: 1.872696  [   64/  678]
loss: 0.826964  [  256/  678]
loss: 1.006500  [  448/  678]
loss: 1.026986  [  640/  678]
Average Training Loss: 0.430286
Val Loss: 3.8070 | C-index: 0.5554

Epoch 14
-------------------------------
loss: 0.659182  [   64/  678]
loss: 0.919475  [  256/  678]
loss: 1.729859  [  448/  678]
loss: 2.172063  [  640/  678]
Average Training Loss: 0.498234
Val Loss: 3.5914 | C-index: 0.5759

Stopping early at Epoch 14 since no C-Index improvement after 5 epochs.
Done!
Best C-Index = 0.6260061919504644 at Epoch 9

=========================================
FOLD 5/5
=========================================

Epoch 1
-------------------------------
loss: 3.202857  [   64/  678]
loss: 2.572012  [  256/  678]
loss: 3.360682  [  448/  678]
loss: 2.541470  [  640/  678]
Average Training Loss: 1.061547
Val Loss: 2.7824 | C-index: 0.6611

Epoch 2
-------------------------------
loss: 2.629939  [   64/  678]
loss: 3.315502  [  256/  678]
loss: 3.236597  [  448/  678]
loss: 2.441063  [  640/  678]
Average Training Loss: 1.056646
Val Loss: 2.7440 | C-index: 0.6535

Epoch 3
-------------------------------
loss: 2.771713  [   64/  678]
loss: 2.506440  [  256/  678]
loss: 2.553195  [  448/  678]
loss: 2.864695  [  640/  678]
Average Training Loss: 0.972368
Val Loss: 2.6434 | C-index: 0.7071

Epoch 4
-------------------------------
loss: 2.361202  [   64/  678]
loss: 2.275840  [  256/  678]
loss: 2.152223  [  448/  678]
loss: 2.161035  [  640/  678]
Average Training Loss: 0.813664
Val Loss: 2.5833 | C-index: 0.6956

Epoch 5
-------------------------------
loss: 2.011214  [   64/  678]
loss: 2.009957  [  256/  678]
loss: 1.970957  [  448/  678]
loss: 2.285295  [  640/  678]
Average Training Loss: 0.752493
Val Loss: 2.7187 | C-index: 0.6331

Epoch 6
-------------------------------
loss: 1.699195  [   64/  678]
loss: 2.189818  [  256/  678]
loss: 1.868726  [  448/  678]
loss: 1.728172  [  640/  678]
Average Training Loss: 0.680537
Val Loss: 2.6382 | C-index: 0.6433

Epoch 7
-------------------------------
loss: 0.762303  [   64/  678]
loss: 2.591783  [  256/  678]
loss: 1.811946  [  448/  678]
loss: 1.847792  [  640/  678]
Average Training Loss: 0.637620
Val Loss: 3.2126 | C-index: 0.5788

Epoch 8
-------------------------------
loss: 0.945655  [   64/  678]
loss: 2.532271  [  256/  678]
loss: 1.504455  [  448/  678]
loss: 2.144161  [  640/  678]
Average Training Loss: 0.647867
Val Loss: 2.5811 | C-index: 0.6771

Stopping early at Epoch 8 since no C-Index improvement after 5 epochs.
Done!
Best C-Index = 0.7070835992342055 at Epoch 3

=========================================
CV training complete! Mean ± std C-index: 0.6785 ± 0.0343
Best epochs per fold: [4, 5, 8, 9, 3]

=========================================
Retraining model on full train+val for 6 epochs...
Epoch 1
-------------------------------
loss: 2.784895  [   64/  847]
loss: 3.116980  [  320/  847]
loss: 3.301479  [  576/  847]
loss: 2.980304  [  832/  847]
Average Training Loss: 0.870261
Val Loss: 2.6348 | C-index: 0.7014

Epoch 2
-------------------------------
loss: 3.117648  [   64/  847]
loss: 2.960543  [  320/  847]
loss: 2.910814  [  576/  847]
loss: 3.234278  [  832/  847]
Average Training Loss: 0.873092
Val Loss: 2.5740 | C-index: 0.7543

Epoch 3
-------------------------------
loss: 2.464902  [   64/  847]
loss: 2.318641  [  320/  847]
loss: 2.762524  [  576/  847]
loss: 2.420779  [  832/  847]
Average Training Loss: 0.711918
Val Loss: 2.1707 | C-index: 0.8835

Epoch 4
-------------------------------
loss: 1.840450  [   64/  847]
loss: 2.107064  [  320/  847]
loss: 1.439239  [  576/  847]
loss: 2.225674  [  832/  847]
Average Training Loss: 0.543745
Val Loss: 1.7933 | C-index: 0.9314

Epoch 5
-------------------------------
loss: 1.816310  [   64/  847]
loss: 1.789796  [  320/  847]
loss: 2.451041  [  576/  847]
loss: 2.316411  [  832/  847]
Average Training Loss: 0.598111
Val Loss: 1.4062 | C-index: 0.9459

Epoch 6
-------------------------------
loss: 1.480806  [   64/  847]
loss: 0.780508  [  320/  847]
loss: 1.128475  [  576/  847]
loss: 1.159264  [  832/  847]
Average Training Loss: 0.324932
Val Loss: 1.3271 | C-index: 0.9511

Done!
Best C-Index = 0.9510927169030434 at Epoch 6
FINAL TEST Average Loss: 2.6991
FINAL TEST C-index: 0.6703
Bootstrap 95% CI: [0.5654, 0.7671]
Results saved to /Users/evan/Documents/GitHub/HyBINN/experiments/runs/gene/seed_0/results.json
