train_hybinn.py log started 2026-06-17 00:50:29.790485
=========================================
Model Active Branches: ['clinical']
=========================================

=========================================
FOLD 1/5
=========================================

Epoch 1
-------------------------------
loss: 3.206697  [   64/  677]
loss: 3.055501  [  256/  677]
loss: 2.883703  [  448/  677]
loss: 2.787155  [  640/  677]
Average Training Loss: 1.084823
Val Loss: 2.7223 | C-index: 0.6933

Epoch 2
-------------------------------
loss: 2.939893  [   64/  677]
loss: 1.951263  [  256/  677]
loss: 3.147665  [  448/  677]
loss: 2.965585  [  640/  677]
Average Training Loss: 1.000401
Val Loss: 2.7189 | C-index: 0.6468

Epoch 3
-------------------------------
loss: 2.535156  [   64/  677]
loss: 2.842747  [  256/  677]
loss: 3.077652  [  448/  677]
loss: 3.006838  [  640/  677]
Average Training Loss: 1.042036
Val Loss: 2.7166 | C-index: 0.6507

Epoch 4
-------------------------------
loss: 3.099880  [   64/  677]
loss: 2.910395  [  256/  677]
loss: 2.992947  [  448/  677]
loss: 2.862322  [  640/  677]
Average Training Loss: 1.078686
Val Loss: 2.7114 | C-index: 0.6546

Epoch 5
-------------------------------
loss: 2.430110  [   64/  677]
loss: 2.790967  [  256/  677]
loss: 2.645040  [  448/  677]
loss: 2.553144  [  640/  677]
Average Training Loss: 0.947206
Val Loss: 2.7040 | C-index: 0.6636

Epoch 6
-------------------------------
loss: 2.721503  [   64/  677]
loss: 3.108405  [  256/  677]
loss: 2.836821  [  448/  677]
loss: 2.660477  [  640/  677]
Average Training Loss: 1.029746
Val Loss: 2.6973 | C-index: 0.6714

Stopping early at Epoch 6 since no C-Index improvement after 5 epochs.
Done!
Best C-Index = 0.6932773109243697 at Epoch 1

=========================================
FOLD 2/5
=========================================

Epoch 1
-------------------------------
loss: 2.838916  [   64/  677]
loss: 3.097268  [  256/  677]
loss: 2.543782  [  448/  677]
loss: 2.976924  [  640/  677]
Average Training Loss: 1.041535
Val Loss: 2.8897 | C-index: 0.4578

Epoch 2
-------------------------------
loss: 2.808375  [   64/  677]
loss: 2.582500  [  256/  677]
loss: 2.479703  [  448/  677]
loss: 3.072224  [  640/  677]
Average Training Loss: 0.994800
Val Loss: 2.8897 | C-index: 0.4982

Epoch 3
-------------------------------
loss: 3.571306  [   64/  677]
loss: 2.524422  [  256/  677]
loss: 2.872797  [  448/  677]
loss: 2.551808  [  640/  677]
Average Training Loss: 1.047303
Val Loss: 2.8891 | C-index: 0.5788

Epoch 4
-------------------------------
loss: 3.031371  [   64/  677]
loss: 3.076876  [  256/  677]
loss: 2.885902  [  448/  677]
loss: 2.566849  [  640/  677]
Average Training Loss: 1.051000
Val Loss: 2.8880 | C-index: 0.6112

Epoch 5
-------------------------------
loss: 2.548020  [   64/  677]
loss: 3.197948  [  256/  677]
loss: 3.057148  [  448/  677]
loss: 2.693492  [  640/  677]
Average Training Loss: 1.045146
Val Loss: 2.8856 | C-index: 0.6214

Epoch 6
-------------------------------
loss: 2.903753  [   64/  677]
loss: 2.614574  [  256/  677]
loss: 3.507914  [  448/  677]
loss: 2.457546  [  640/  677]
Average Training Loss: 1.043981
Val Loss: 2.8856 | C-index: 0.6312

Epoch 7
-------------------------------
loss: 2.677875  [   64/  677]
loss: 3.040518  [  256/  677]
loss: 2.969640  [  448/  677]
loss: 3.223910  [  640/  677]
Average Training Loss: 1.082904
Val Loss: 2.8850 | C-index: 0.6333

Epoch 8
-------------------------------
loss: 2.993968  [   64/  677]
loss: 2.900412  [  256/  677]
loss: 2.846186  [  448/  677]
loss: 2.870695  [  640/  677]
Average Training Loss: 1.055569
Val Loss: 2.8824 | C-index: 0.6428

Epoch 9
-------------------------------
loss: 3.380411  [   64/  677]
loss: 3.420494  [  256/  677]
loss: 2.695015  [  448/  677]
loss: 2.293681  [  640/  677]
Average Training Loss: 1.071782
Val Loss: 2.8815 | C-index: 0.6446

Epoch 10
-------------------------------
loss: 2.897013  [   64/  677]
loss: 3.008113  [  256/  677]
loss: 3.093583  [  448/  677]
loss: 3.019912  [  640/  677]
Average Training Loss: 1.092602
Val Loss: 2.8786 | C-index: 0.6463

Epoch 11
-------------------------------
loss: 2.739655  [   64/  677]
loss: 2.863299  [  256/  677]
loss: 2.831580  [  448/  677]
loss: 2.976418  [  640/  677]
Average Training Loss: 1.037359
Val Loss: 2.8774 | C-index: 0.6556

Epoch 12
-------------------------------
loss: 3.102625  [   64/  677]
loss: 2.877411  [  256/  677]
loss: 3.232062  [  448/  677]
loss: 2.598696  [  640/  677]
Average Training Loss: 1.073709
Val Loss: 2.8720 | C-index: 0.6669

Epoch 13
-------------------------------
loss: 2.307165  [   64/  677]
loss: 2.922495  [  256/  677]
loss: 3.114273  [  448/  677]
loss: 2.630875  [  640/  677]
Average Training Loss: 0.997710
Val Loss: 2.8747 | C-index: 0.6321

Epoch 14
-------------------------------
loss: 2.875785  [   64/  677]
loss: 2.649446  [  256/  677]
loss: 2.984273  [  448/  677]
loss: 2.787385  [  640/  677]
Average Training Loss: 1.026990
Val Loss: 2.8631 | C-index: 0.6719

Epoch 15
-------------------------------
loss: 2.100094  [   64/  677]
loss: 3.249244  [  256/  677]
loss: 2.948572  [  448/  677]
loss: 3.079793  [  640/  677]
Average Training Loss: 1.034337
Val Loss: 2.8545 | C-index: 0.6865

Epoch 16
-------------------------------
loss: 2.873644  [   64/  677]
loss: 3.055874  [  256/  677]
loss: 2.697529  [  448/  677]
loss: 3.165167  [  640/  677]
Average Training Loss: 1.072019
Val Loss: 2.8468 | C-index: 0.6966

Epoch 17
-------------------------------
loss: 2.726238  [   64/  677]
loss: 2.763941  [  256/  677]
loss: 2.781395  [  448/  677]
loss: 2.511543  [  640/  677]
Average Training Loss: 0.980283
Val Loss: 2.8443 | C-index: 0.7049

Epoch 18
-------------------------------
loss: 2.821227  [   64/  677]
loss: 3.250042  [  256/  677]
loss: 2.917105  [  448/  677]
loss: 2.513115  [  640/  677]
Average Training Loss: 1.045590
Val Loss: 2.8556 | C-index: 0.6874

Epoch 19
-------------------------------
loss: 2.767406  [   64/  677]
loss: 2.871315  [  256/  677]
loss: 3.307630  [  448/  677]
loss: 2.798121  [  640/  677]
Average Training Loss: 1.067679
Val Loss: 2.8317 | C-index: 0.7023

Epoch 20
-------------------------------
loss: 2.695796  [   64/  677]
loss: 3.404507  [  256/  677]
loss: 2.749459  [  448/  677]
loss: 2.332557  [  640/  677]
Average Training Loss: 1.016574
Val Loss: 2.8203 | C-index: 0.7106

Epoch 21
-------------------------------
loss: 2.573593  [   64/  677]
loss: 2.453973  [  256/  677]
loss: 2.264566  [  448/  677]
loss: 3.220887  [  640/  677]
Average Training Loss: 0.955729
Val Loss: 2.8244 | C-index: 0.6975

Epoch 22
-------------------------------
loss: 2.890954  [   64/  677]
loss: 3.037304  [  256/  677]
loss: 2.336555  [  448/  677]
loss: 2.626561  [  640/  677]
Average Training Loss: 0.990125
Val Loss: 2.8183 | C-index: 0.7005

Epoch 23
-------------------------------
loss: 2.112844  [   64/  677]
loss: 2.778719  [  256/  677]
loss: 3.362230  [  448/  677]
loss: 3.087513  [  640/  677]
Average Training Loss: 1.031028
Val Loss: 2.8270 | C-index: 0.7052

Epoch 24
-------------------------------
loss: 2.887285  [   64/  677]
loss: 2.747407  [  256/  677]
loss: 2.825773  [  448/  677]
loss: 2.799029  [  640/  677]
Average Training Loss: 1.023590
Val Loss: 2.8219 | C-index: 0.6966

Epoch 25
-------------------------------
loss: 2.828839  [   64/  677]
loss: 3.079394  [  256/  677]
loss: 2.744688  [  448/  677]
loss: 2.365079  [  640/  677]
Average Training Loss: 1.001636
Val Loss: 2.8086 | C-index: 0.6904

Stopping early at Epoch 25 since no C-Index improvement after 5 epochs.
Done!
Best C-Index = 0.7105889351576442 at Epoch 20

=========================================
FOLD 3/5
=========================================

Epoch 1
-------------------------------
loss: 2.451129  [   64/  678]
loss: 2.846539  [  256/  678]
loss: 2.143145  [  448/  678]
loss: 2.888489  [  640/  678]
Average Training Loss: 0.939027
Val Loss: 2.3912 | C-index: 0.7077

Epoch 2
-------------------------------
loss: 2.692165  [   64/  678]
loss: 2.972733  [  256/  678]
loss: 3.276968  [  448/  678]
loss: 2.567759  [  640/  678]
Average Training Loss: 1.046330
Val Loss: 2.3863 | C-index: 0.7315

Epoch 3
-------------------------------
loss: 3.094430  [   64/  678]
loss: 2.819306  [  256/  678]
loss: 3.387346  [  448/  678]
loss: 2.710639  [  640/  678]
Average Training Loss: 1.091975
Val Loss: 2.3805 | C-index: 0.7255

Epoch 4
-------------------------------
loss: 2.817831  [   64/  678]
loss: 2.861871  [  256/  678]
loss: 2.750261  [  448/  678]
loss: 3.126356  [  640/  678]
Average Training Loss: 1.050574
Val Loss: 2.3743 | C-index: 0.7247

Epoch 5
-------------------------------
loss: 3.184950  [   64/  678]
loss: 3.398698  [  256/  678]
loss: 2.600925  [  448/  678]
loss: 2.676578  [  640/  678]
Average Training Loss: 1.078286
Val Loss: 2.3726 | C-index: 0.7323

Epoch 6
-------------------------------
loss: 3.222047  [   64/  678]
loss: 2.627778  [  256/  678]
loss: 2.976101  [  448/  678]
loss: 3.448793  [  640/  678]
Average Training Loss: 1.115884
Val Loss: 2.3650 | C-index: 0.7264

Epoch 7
-------------------------------
loss: 3.083319  [   64/  678]
loss: 2.872722  [  256/  678]
loss: 2.915329  [  448/  678]
loss: 2.998762  [  640/  678]
Average Training Loss: 1.079103
Val Loss: 2.3567 | C-index: 0.7264

Epoch 8
-------------------------------
loss: 3.021550  [   64/  678]
loss: 3.181942  [  256/  678]
loss: 3.077649  [  448/  678]
loss: 2.530417  [  640/  678]
Average Training Loss: 1.073778
Val Loss: 2.3528 | C-index: 0.7230

Epoch 9
-------------------------------
loss: 3.632531  [   64/  678]
loss: 3.046541  [  256/  678]
loss: 2.644315  [  448/  678]
loss: 1.587791  [  640/  678]
Average Training Loss: 0.991925
Val Loss: 2.3475 | C-index: 0.7272

Epoch 10
-------------------------------
loss: 2.719236  [   64/  678]
loss: 3.051443  [  256/  678]
loss: 2.970946  [  448/  678]
loss: 3.438388  [  640/  678]
Average Training Loss: 1.107274
Val Loss: 2.3350 | C-index: 0.7213

Stopping early at Epoch 10 since no C-Index improvement after 5 epochs.
Done!
Best C-Index = 0.7323404255319149 at Epoch 5

=========================================
FOLD 4/5
=========================================

Epoch 1
-------------------------------
loss: 3.233122  [   64/  678]
loss: 2.446327  [  256/  678]
loss: 2.755336  [  448/  678]
loss: 2.735794  [  640/  678]
Average Training Loss: 1.015507
Val Loss: 2.8532 | C-index: 0.6777

Epoch 2
-------------------------------
loss: 3.179012  [   64/  678]
loss: 2.735224  [  256/  678]
loss: 3.044695  [  448/  678]
loss: 3.162799  [  640/  678]
Average Training Loss: 1.101975
Val Loss: 2.8510 | C-index: 0.6858

Epoch 3
-------------------------------
loss: 3.309474  [   64/  678]
loss: 2.702160  [  256/  678]
loss: 3.164293  [  448/  678]
loss: 2.707579  [  640/  678]
Average Training Loss: 1.080319
Val Loss: 2.8490 | C-index: 0.6793

Epoch 4
-------------------------------
loss: 3.434946  [   64/  678]
loss: 2.812923  [  256/  678]
loss: 2.612757  [  448/  678]
loss: 2.846393  [  640/  678]
Average Training Loss: 1.064275
Val Loss: 2.8460 | C-index: 0.6805

Epoch 5
-------------------------------
loss: 2.929519  [   64/  678]
loss: 3.398619  [  256/  678]
loss: 3.363072  [  448/  678]
loss: 2.888178  [  640/  678]
Average Training Loss: 1.143581
Val Loss: 2.8431 | C-index: 0.6851

Epoch 6
-------------------------------
loss: 3.138664  [   64/  678]
loss: 1.809206  [  256/  678]
loss: 3.041940  [  448/  678]
loss: 3.214144  [  640/  678]
Average Training Loss: 1.018541
Val Loss: 2.8388 | C-index: 0.6913

Epoch 7
-------------------------------
loss: 2.607530  [   64/  678]
loss: 3.155493  [  256/  678]
loss: 3.303639  [  448/  678]
loss: 2.765214  [  640/  678]
Average Training Loss: 1.075625
Val Loss: 2.8341 | C-index: 0.6991

Epoch 8
-------------------------------
loss: 2.225324  [   64/  678]
loss: 3.200566  [  256/  678]
loss: 2.955306  [  448/  678]
loss: 2.790757  [  640/  678]
Average Training Loss: 1.015632
Val Loss: 2.8306 | C-index: 0.7019

Epoch 9
-------------------------------
loss: 2.865030  [   64/  678]
loss: 3.365255  [  256/  678]
loss: 3.100227  [  448/  678]
loss: 2.872296  [  640/  678]
Average Training Loss: 1.109346
Val Loss: 2.8284 | C-index: 0.7028

Epoch 10
-------------------------------
loss: 3.198854  [   64/  678]
loss: 2.950363  [  256/  678]
loss: 2.607997  [  448/  678]
loss: 3.330070  [  640/  678]
Average Training Loss: 1.098844
Val Loss: 2.8259 | C-index: 0.7037

Epoch 11
-------------------------------
loss: 2.466610  [   64/  678]
loss: 2.834395  [  256/  678]
loss: 3.585159  [  448/  678]
loss: 2.488351  [  640/  678]
Average Training Loss: 1.034047
Val Loss: 2.8219 | C-index: 0.7050

Epoch 12
-------------------------------
loss: 3.465268  [   64/  678]
loss: 2.758153  [  256/  678]
loss: 2.909954  [  448/  678]
loss: 2.553667  [  640/  678]
Average Training Loss: 1.062458
Val Loss: 2.8262 | C-index: 0.7080

Epoch 13
-------------------------------
loss: 3.186705  [   64/  678]
loss: 3.172768  [  256/  678]
loss: 2.989756  [  448/  678]
loss: 2.766454  [  640/  678]
Average Training Loss: 1.101426
Val Loss: 2.8240 | C-index: 0.7062

Epoch 14
-------------------------------
loss: 3.148941  [   64/  678]
loss: 2.870931  [  256/  678]
loss: 2.686285  [  448/  678]
loss: 2.932034  [  640/  678]
Average Training Loss: 1.058017
Val Loss: 2.8250 | C-index: 0.7050

Epoch 15
-------------------------------
loss: 2.816434  [   64/  678]
loss: 2.652318  [  256/  678]
loss: 3.002854  [  448/  678]
loss: 2.853304  [  640/  678]
Average Training Loss: 1.029537
Val Loss: 2.8138 | C-index: 0.7245

Epoch 16
-------------------------------
loss: 2.563524  [   64/  678]
loss: 2.695985  [  256/  678]
loss: 3.039454  [  448/  678]
loss: 2.926263  [  640/  678]
Average Training Loss: 1.020475
Val Loss: 2.7925 | C-index: 0.7220

Epoch 17
-------------------------------
loss: 2.818189  [   64/  678]
loss: 3.212115  [  256/  678]
loss: 2.626148  [  448/  678]
loss: 2.630988  [  640/  678]
Average Training Loss: 1.026131
Val Loss: 2.7800 | C-index: 0.7183

Epoch 18
-------------------------------
loss: 2.930470  [   64/  678]
loss: 2.984094  [  256/  678]
loss: 2.422851  [  448/  678]
loss: 2.685737  [  640/  678]
Average Training Loss: 1.002105
Val Loss: 2.7920 | C-index: 0.7235

Epoch 19
-------------------------------
loss: 2.919175  [   64/  678]
loss: 2.965630  [  256/  678]
loss: 2.903820  [  448/  678]
loss: 2.795445  [  640/  678]
Average Training Loss: 1.053097
Val Loss: 2.7792 | C-index: 0.7307

Epoch 20
-------------------------------
loss: 2.734952  [   64/  678]
loss: 2.571124  [  256/  678]
loss: 3.072769  [  448/  678]
loss: 2.187556  [  640/  678]
Average Training Loss: 0.960582
Val Loss: 2.7596 | C-index: 0.7635

Epoch 21
-------------------------------
loss: 2.675211  [   64/  678]
loss: 2.588537  [  256/  678]
loss: 2.953104  [  448/  678]
loss: 2.963449  [  640/  678]
Average Training Loss: 1.016391
Val Loss: 2.7539 | C-index: 0.7647

Epoch 22
-------------------------------
loss: 2.949127  [   64/  678]
loss: 2.666842  [  256/  678]
loss: 2.458873  [  448/  678]
loss: 3.041772  [  640/  678]
Average Training Loss: 1.010601
Val Loss: 2.7171 | C-index: 0.7560

Epoch 23
-------------------------------
loss: 3.190962  [   64/  678]
loss: 2.652196  [  256/  678]
loss: 2.643929  [  448/  678]
loss: 2.237559  [  640/  678]
Average Training Loss: 0.974968
Val Loss: 2.7224 | C-index: 0.7350

Epoch 24
-------------------------------
loss: 2.840727  [   64/  678]
loss: 2.325149  [  256/  678]
loss: 2.513661  [  448/  678]
loss: 2.797200  [  640/  678]
Average Training Loss: 0.952431
Val Loss: 2.7088 | C-index: 0.7455

Epoch 25
-------------------------------
loss: 3.004144  [   64/  678]
loss: 2.153022  [  256/  678]
loss: 3.357412  [  448/  678]
loss: 2.615228  [  640/  678]
Average Training Loss: 1.011801
Val Loss: 2.7171 | C-index: 0.7734

Epoch 26
-------------------------------
loss: 2.020957  [   64/  678]
loss: 2.742422  [  256/  678]
loss: 3.122865  [  448/  678]
loss: 2.264586  [  640/  678]
Average Training Loss: 0.922803
Val Loss: 2.7296 | C-index: 0.7712

Epoch 27
-------------------------------
loss: 2.321145  [   64/  678]
loss: 2.919551  [  256/  678]
loss: 2.842665  [  448/  678]
loss: 3.459525  [  640/  678]
Average Training Loss: 1.049353
Val Loss: 2.7186 | C-index: 0.7734

Epoch 28
-------------------------------
loss: 3.180782  [   64/  678]
loss: 2.785999  [  256/  678]
loss: 2.566357  [  448/  678]
loss: 2.557353  [  640/  678]
Average Training Loss: 1.008226
Val Loss: 2.7003 | C-index: 0.7802

Epoch 29
-------------------------------
loss: 3.033807  [   64/  678]
loss: 2.194115  [  256/  678]
loss: 2.756535  [  448/  678]
loss: 2.598511  [  640/  678]
Average Training Loss: 0.962088
Val Loss: 2.6960 | C-index: 0.7814

Epoch 30
-------------------------------
loss: 3.045020  [   64/  678]
loss: 3.023499  [  256/  678]
loss: 2.852629  [  448/  678]
loss: 3.133380  [  640/  678]
Average Training Loss: 1.095866
Val Loss: 2.7066 | C-index: 0.7867

Epoch 31
-------------------------------
loss: 2.157205  [   64/  678]
loss: 2.869475  [  256/  678]
loss: 2.962858  [  448/  678]
loss: 2.438133  [  640/  678]
Average Training Loss: 0.947970
Val Loss: 2.7029 | C-index: 0.7390

Epoch 32
-------------------------------
loss: 2.554968  [   64/  678]
loss: 3.165034  [  256/  678]
loss: 3.011440  [  448/  678]
loss: 2.636221  [  640/  678]
Average Training Loss: 1.033424
Val Loss: 2.7118 | C-index: 0.7622

Epoch 33
-------------------------------
loss: 2.210594  [   64/  678]
loss: 2.769274  [  256/  678]
loss: 3.061239  [  448/  678]
loss: 2.557069  [  640/  678]
Average Training Loss: 0.963471
Val Loss: 2.6913 | C-index: 0.7820

Epoch 34
-------------------------------
loss: 2.305993  [   64/  678]
loss: 2.089281  [  256/  678]
loss: 2.957333  [  448/  678]
loss: 2.623610  [  640/  678]
Average Training Loss: 0.906929
Val Loss: 2.6710 | C-index: 0.7709

Epoch 35
-------------------------------
loss: 2.919789  [   64/  678]
loss: 2.752279  [  256/  678]
loss: 2.663209  [  448/  678]
loss: 2.924107  [  640/  678]
Average Training Loss: 1.023580
Val Loss: 2.6693 | C-index: 0.7635

Stopping early at Epoch 35 since no C-Index improvement after 5 epochs.
Done!
Best C-Index = 0.786687306501548 at Epoch 30

=========================================
FOLD 5/5
=========================================

Epoch 1
-------------------------------
loss: 2.898692  [   64/  678]
loss: 2.712190  [  256/  678]
loss: 2.692483  [  448/  678]
loss: 2.544759  [  640/  678]
Average Training Loss: 0.986193
Val Loss: 2.7767 | C-index: 0.6350

Epoch 2
-------------------------------
loss: 2.814097  [   64/  678]
loss: 3.003351  [  256/  678]
loss: 2.988373  [  448/  678]
loss: 2.929708  [  640/  678]
Average Training Loss: 1.066866
Val Loss: 2.7711 | C-index: 0.6694

Epoch 3
-------------------------------
loss: 2.821773  [   64/  678]
loss: 2.640687  [  256/  678]
loss: 2.739870  [  448/  678]
loss: 2.661201  [  640/  678]
Average Training Loss: 0.987594
Val Loss: 2.7674 | C-index: 0.7441

Epoch 4
-------------------------------
loss: 2.116851  [   64/  678]
loss: 3.225483  [  256/  678]
loss: 2.793235  [  448/  678]
loss: 3.021801  [  640/  678]
Average Training Loss: 1.014306
Val Loss: 2.7624 | C-index: 0.7466

Epoch 5
-------------------------------
loss: 3.335446  [   64/  678]
loss: 2.417222  [  256/  678]
loss: 3.344999  [  448/  678]
loss: 3.273684  [  640/  678]
Average Training Loss: 1.124668
Val Loss: 2.7595 | C-index: 0.7569

Epoch 6
-------------------------------
loss: 3.064971  [   64/  678]
loss: 3.077297  [  256/  678]
loss: 2.917615  [  448/  678]
loss: 3.161399  [  640/  678]
Average Training Loss: 1.111026
Val Loss: 2.7537 | C-index: 0.7511

Epoch 7
-------------------------------
loss: 3.522612  [   64/  678]
loss: 2.912731  [  256/  678]
loss: 2.643492  [  448/  678]
loss: 2.998229  [  640/  678]
Average Training Loss: 1.097915
Val Loss: 2.7508 | C-index: 0.7518

Epoch 8
-------------------------------
loss: 2.660724  [   64/  678]
loss: 2.794299  [  256/  678]
loss: 2.878321  [  448/  678]
loss: 2.636452  [  640/  678]
Average Training Loss: 0.997254
Val Loss: 2.7475 | C-index: 0.7588

Epoch 9
-------------------------------
loss: 2.998389  [   64/  678]
loss: 3.069651  [  256/  678]
loss: 2.789654  [  448/  678]
loss: 2.449671  [  640/  678]
Average Training Loss: 1.027942
Val Loss: 2.7378 | C-index: 0.7422

Epoch 10
-------------------------------
loss: 3.554895  [   64/  678]
loss: 2.319322  [  256/  678]
loss: 3.178367  [  448/  678]
loss: 2.525394  [  640/  678]
Average Training Loss: 1.052543
Val Loss: 2.7294 | C-index: 0.7371

Epoch 11
-------------------------------
loss: 2.719194  [   64/  678]
loss: 2.739319  [  256/  678]
loss: 2.519500  [  448/  678]
loss: 2.786785  [  640/  678]
Average Training Loss: 0.978618
Val Loss: 2.7228 | C-index: 0.7307

Epoch 12
-------------------------------
loss: 2.365319  [   64/  678]
loss: 2.853819  [  256/  678]
loss: 2.587081  [  448/  678]
loss: 2.985716  [  640/  678]
Average Training Loss: 0.981085
Val Loss: 2.7252 | C-index: 0.7447

Epoch 13
-------------------------------
loss: 3.256978  [   64/  678]
loss: 2.808425  [  256/  678]
loss: 2.981090  [  448/  678]
loss: 2.686607  [  640/  678]
Average Training Loss: 1.066645
Val Loss: 2.7193 | C-index: 0.7390

Stopping early at Epoch 13 since no C-Index improvement after 5 epochs.
Done!
Best C-Index = 0.7587747287811104 at Epoch 8

=========================================
CV training complete! Mean ± std C-index: 0.7363 ± 0.0334
Best epochs per fold: [1, 20, 5, 30, 8]

=========================================
Retraining model on full train+val for 13 epochs...
Epoch 1
-------------------------------
loss: 2.958889  [   64/  847]
loss: 2.820992  [  320/  847]
loss: 2.841709  [  576/  847]
loss: 2.714143  [  832/  847]
Average Training Loss: 0.809695
Val Loss: 2.7898 | C-index: 0.6117

Epoch 2
-------------------------------
loss: 2.758869  [   64/  847]
loss: 2.981471  [  320/  847]
loss: 2.715616  [  576/  847]
loss: 2.918173  [  832/  847]
Average Training Loss: 0.812438
Val Loss: 2.8168 | C-index: 0.6110

Epoch 3
-------------------------------
loss: 3.017521  [   64/  847]
loss: 3.063855  [  320/  847]
loss: 2.703110  [  576/  847]
loss: 2.747122  [  832/  847]
Average Training Loss: 0.823686
Val Loss: 2.8408 | C-index: 0.6140

Epoch 4
-------------------------------
loss: 3.169595  [   64/  847]
loss: 2.812020  [  320/  847]
loss: 2.916506  [  576/  847]
loss: 2.948483  [  832/  847]
Average Training Loss: 0.846186
Val Loss: 2.8083 | C-index: 0.6355

Epoch 5
-------------------------------
loss: 2.416002  [   64/  847]
loss: 2.933494  [  320/  847]
loss: 2.716448  [  576/  847]
loss: 2.562391  [  832/  847]
Average Training Loss: 0.759167
Val Loss: 2.6933 | C-index: 0.6343

Epoch 6
-------------------------------
loss: 3.229476  [   64/  847]
loss: 3.350307  [  320/  847]
loss: 2.708216  [  576/  847]
loss: 2.751495  [  832/  847]
Average Training Loss: 0.859964
Val Loss: 2.7770 | C-index: 0.6432

Epoch 7
-------------------------------
loss: 2.668180  [   64/  847]
loss: 2.837990  [  320/  847]
loss: 2.880283  [  576/  847]
loss: 3.161541  [  832/  847]
Average Training Loss: 0.824857
Val Loss: 2.7355 | C-index: 0.6411

Epoch 8
-------------------------------
loss: 2.170561  [   64/  847]
loss: 3.294149  [  320/  847]
loss: 3.243830  [  576/  847]
loss: 2.557953  [  832/  847]
Average Training Loss: 0.804750
Val Loss: 2.7470 | C-index: 0.6589

Epoch 9
-------------------------------
loss: 3.557295  [   64/  847]
loss: 2.886353  [  320/  847]
loss: 2.836854  [  576/  847]
loss: 2.869310  [  832/  847]
Average Training Loss: 0.867844
Val Loss: 2.7362 | C-index: 0.6665

Epoch 10
-------------------------------
loss: 3.160346  [   64/  847]
loss: 2.693416  [  320/  847]
loss: 3.059573  [  576/  847]
loss: 2.854079  [  832/  847]
Average Training Loss: 0.840530
Val Loss: 2.7192 | C-index: 0.6752

Epoch 11
-------------------------------
loss: 3.139072  [   64/  847]
loss: 2.679558  [  320/  847]
loss: 3.284812  [  576/  847]
loss: 2.766578  [  832/  847]
Average Training Loss: 0.847859
Val Loss: 2.6530 | C-index: 0.6807

Epoch 12
-------------------------------
loss: 3.015580  [   64/  847]
loss: 3.108544  [  320/  847]
loss: 2.877721  [  576/  847]
loss: 2.934222  [  832/  847]
Average Training Loss: 0.852576
Val Loss: 2.7427 | C-index: 0.6805

Epoch 13
-------------------------------
loss: 2.451913  [   64/  847]
loss: 2.671629  [  320/  847]
loss: 2.553194  [  576/  847]
loss: 2.682578  [  832/  847]
Average Training Loss: 0.739951
Val Loss: 2.7052 | C-index: 0.6837

Done!
Best C-Index = 0.6836546711754908 at Epoch 13
FINAL TEST Average Loss: 2.5859
FINAL TEST C-index: 0.7110
Bootstrap 95% CI: [0.5814, 0.8324]
Results saved to /Users/evan/Documents/GitHub/HyBINN/experiments/runs/other/clinical_architecture_testing/seed0/results.json
