train_hybinn.py log started 2026-06-05 22:35:52.667606
=========================================
Model Active Branches: ['gene']
=========================================

=========================================
FOLD 1/5
=========================================

Epoch 1
-------------------------------
loss: 2.637306  [   64/  677]
loss: 2.964894  [  256/  677]
loss: 3.270602  [  448/  677]
loss: 3.015485  [  640/  677]
Average Training Loss: 1.080753
Val Loss: 2.6959 | C-index: 0.5299

Epoch 2
-------------------------------
loss: 2.652058  [   64/  677]
loss: 2.996807  [  256/  677]
loss: 2.620355  [  448/  677]
loss: 3.553084  [  640/  677]
Average Training Loss: 1.074755
Val Loss: 2.6102 | C-index: 0.6304

Epoch 3
-------------------------------
loss: 1.810166  [   64/  677]
loss: 3.078407  [  256/  677]
loss: 2.942809  [  448/  677]
loss: 2.965097  [  640/  677]
Average Training Loss: 0.981498
Val Loss: 2.6190 | C-index: 0.6012

Epoch 4
-------------------------------
loss: 2.625513  [   64/  677]
loss: 2.057487  [  256/  677]
loss: 2.313159  [  448/  677]
loss: 1.844739  [  640/  677]
Average Training Loss: 0.803718
Val Loss: 2.5021 | C-index: 0.6399

Epoch 5
-------------------------------
loss: 2.009583  [   64/  677]
loss: 2.227393  [  256/  677]
loss: 1.687715  [  448/  677]
loss: 2.001183  [  640/  677]
Average Training Loss: 0.720534
Val Loss: 2.8620 | C-index: 0.5870

Epoch 6
-------------------------------
loss: 1.465169  [   64/  677]
loss: 1.168360  [  256/  677]
loss: 1.615034  [  448/  677]
loss: 1.173646  [  640/  677]
Average Training Loss: 0.492928
Val Loss: 2.5866 | C-index: 0.7133

Epoch 7
-------------------------------
loss: 1.192008  [   64/  677]
loss: 2.239233  [  256/  677]
loss: 1.853694  [  448/  677]
loss: 1.620081  [  640/  677]
Average Training Loss: 0.627729
Val Loss: 2.6933 | C-index: 0.6481

Epoch 8
-------------------------------
loss: 1.686612  [   64/  677]
loss: 1.609152  [  256/  677]
loss: 1.497045  [  448/  677]
loss: 1.779694  [  640/  677]
Average Training Loss: 0.597500
Val Loss: 2.8852 | C-index: 0.6175

Epoch 9
-------------------------------
loss: 0.832246  [   64/  677]
loss: 1.289190  [  256/  677]
loss: 1.830888  [  448/  677]
loss: 1.790903  [  640/  677]
Average Training Loss: 0.522112
Val Loss: 3.0443 | C-index: 0.5679

Epoch 10
-------------------------------
loss: 2.270680  [   64/  677]
loss: 1.164075  [  256/  677]
loss: 1.213760  [  448/  677]
loss: 1.387600  [  640/  677]
Average Training Loss: 0.548738
Val Loss: 2.6235 | C-index: 0.6603

Epoch 11
-------------------------------
loss: 1.617912  [   64/  677]
loss: 1.353220  [  256/  677]
loss: 1.622995  [  448/  677]
loss: 1.048201  [  640/  677]
Average Training Loss: 0.512939
Val Loss: 2.9937 | C-index: 0.6094

Stopping early at Epoch 11 since no C-Index improvement after 5 epochs.
Done!
Best C-Index = 0.7133152173913043 at Epoch 6

=========================================
FOLD 2/5
=========================================

Epoch 1
-------------------------------
loss: 3.376693  [   64/  677]
loss: 2.974699  [  256/  677]
loss: 2.814448  [  448/  677]
loss: 3.124261  [  640/  677]
Average Training Loss: 1.117282
Val Loss: 2.7807 | C-index: 0.5709

Epoch 2
-------------------------------
loss: 2.672071  [   64/  677]
loss: 3.011919  [  256/  677]
loss: 2.624213  [  448/  677]
loss: 2.776375  [  640/  677]
Average Training Loss: 1.007689
Val Loss: 2.8218 | C-index: 0.5859

Epoch 3
-------------------------------
loss: 2.844856  [   64/  677]
loss: 2.066282  [  256/  677]
loss: 2.643440  [  448/  677]
loss: 2.822775  [  640/  677]
Average Training Loss: 0.943396
Val Loss: 2.8417 | C-index: 0.5995

Epoch 4
-------------------------------
loss: 2.135957  [   64/  677]
loss: 2.243928  [  256/  677]
loss: 1.940259  [  448/  677]
loss: 2.261222  [  640/  677]
Average Training Loss: 0.780124
Val Loss: 2.8852 | C-index: 0.6076

Epoch 5
-------------------------------
loss: 1.963720  [   64/  677]
loss: 1.599162  [  256/  677]
loss: 1.969498  [  448/  677]
loss: 2.073398  [  640/  677]
Average Training Loss: 0.691434
Val Loss: 2.9388 | C-index: 0.6592

Epoch 6
-------------------------------
loss: 1.536170  [   64/  677]
loss: 2.000750  [  256/  677]
loss: 1.882167  [  448/  677]
loss: 1.578655  [  640/  677]
Average Training Loss: 0.636158
Val Loss: 3.2457 | C-index: 0.5852

Epoch 7
-------------------------------
loss: 1.127060  [   64/  677]
loss: 0.881208  [  256/  677]
loss: 1.626789  [  448/  677]
loss: 1.796874  [  640/  677]
Average Training Loss: 0.493812
Val Loss: 3.6803 | C-index: 0.6042

Epoch 8
-------------------------------
loss: 0.783521  [   64/  677]
loss: 1.474444  [  256/  677]
loss: 1.112671  [  448/  677]
loss: 1.393104  [  640/  677]
Average Training Loss: 0.433067
Val Loss: 3.1854 | C-index: 0.6578

Epoch 9
-------------------------------
loss: 1.682392  [   64/  677]
loss: 1.656850  [  256/  677]
loss: 0.777852  [  448/  677]
loss: 1.433307  [  640/  677]
Average Training Loss: 0.504582
Val Loss: 3.5469 | C-index: 0.6042

Epoch 10
-------------------------------
loss: 0.800818  [   64/  677]
loss: 1.590627  [  256/  677]
loss: 1.616674  [  448/  677]
loss: 1.250505  [  640/  677]
Average Training Loss: 0.478057
Val Loss: 3.0303 | C-index: 0.6375

Stopping early at Epoch 10 since no C-Index improvement after 5 epochs.
Done!
Best C-Index = 0.6591989137813985 at Epoch 5

=========================================
FOLD 3/5
=========================================

Epoch 1
-------------------------------
loss: 3.429927  [   64/  678]
loss: 2.821371  [  256/  678]
loss: 2.735015  [  448/  678]
loss: 3.009930  [  640/  678]
Average Training Loss: 1.090568
Val Loss: 2.4362 | C-index: 0.5281

Epoch 2
-------------------------------
loss: 2.534342  [   64/  678]
loss: 2.907645  [  256/  678]
loss: 3.016726  [  448/  678]
loss: 3.288787  [  640/  678]
Average Training Loss: 1.067955
Val Loss: 2.4214 | C-index: 0.5645

Epoch 3
-------------------------------
loss: 3.134773  [   64/  678]
loss: 2.877522  [  256/  678]
loss: 2.634539  [  448/  678]
loss: 2.602114  [  640/  678]
Average Training Loss: 1.022632
Val Loss: 2.3916 | C-index: 0.6191

Epoch 4
-------------------------------
loss: 2.552476  [   64/  678]
loss: 2.283414  [  256/  678]
loss: 2.916819  [  448/  678]
loss: 1.841013  [  640/  678]
Average Training Loss: 0.872157
Val Loss: 2.3747 | C-index: 0.5956

Epoch 5
-------------------------------
loss: 2.382894  [   64/  678]
loss: 2.046256  [  256/  678]
loss: 2.186866  [  448/  678]
loss: 2.580534  [  640/  678]
Average Training Loss: 0.836050
Val Loss: 2.3160 | C-index: 0.6882

Epoch 6
-------------------------------
loss: 1.857663  [   64/  678]
loss: 2.283908  [  256/  678]
loss: 1.784862  [  448/  678]
loss: 2.226885  [  640/  678]
Average Training Loss: 0.741211
Val Loss: 2.6215 | C-index: 0.6252

Epoch 7
-------------------------------
loss: 1.813578  [   64/  678]
loss: 1.295671  [  256/  678]
loss: 1.927063  [  448/  678]
loss: 1.671784  [  640/  678]
Average Training Loss: 0.609827
Val Loss: 2.5370 | C-index: 0.6654

Epoch 8
-------------------------------
loss: 1.561395  [   64/  678]
loss: 1.664605  [  256/  678]
loss: 1.618320  [  448/  678]
loss: 0.828196  [  640/  678]
Average Training Loss: 0.515683
Val Loss: 2.2757 | C-index: 0.7147

Epoch 9
-------------------------------
loss: 1.594240  [   64/  678]
loss: 0.975862  [  256/  678]
loss: 1.931094  [  448/  678]
loss: 1.202243  [  640/  678]
Average Training Loss: 0.518494
Val Loss: 2.3034 | C-index: 0.6563

Epoch 10
-------------------------------
loss: 1.424685  [   64/  678]
loss: 0.929374  [  256/  678]
loss: 0.798279  [  448/  678]
loss: 1.254616  [  640/  678]
Average Training Loss: 0.400632
Val Loss: 2.6328 | C-index: 0.6305

Epoch 11
-------------------------------
loss: 1.295344  [   64/  678]
loss: 1.290662  [  256/  678]
loss: 0.976111  [  448/  678]
loss: 1.374478  [  640/  678]
Average Training Loss: 0.448781
Val Loss: 2.6740 | C-index: 0.6836

Epoch 12
-------------------------------
loss: 1.069072  [   64/  678]
loss: 1.945951  [  256/  678]
loss: 0.941996  [  448/  678]
loss: 1.686029  [  640/  678]
Average Training Loss: 0.513004
Val Loss: 2.4352 | C-index: 0.7284

Epoch 13
-------------------------------
loss: 1.401473  [   64/  678]
loss: 0.792235  [  256/  678]
loss: 0.950276  [  448/  678]
loss: 2.186546  [  640/  678]
Average Training Loss: 0.484594
Val Loss: 3.2412 | C-index: 0.6039

Epoch 14
-------------------------------
loss: 1.750696  [   64/  678]
loss: 1.392645  [  256/  678]
loss: 1.247900  [  448/  678]
loss: 1.832736  [  640/  678]
Average Training Loss: 0.565816
Val Loss: 2.5463 | C-index: 0.6487

Epoch 15
-------------------------------
loss: 1.489021  [   64/  678]
loss: 1.269684  [  256/  678]
loss: 1.796650  [  448/  678]
loss: 1.040512  [  640/  678]
Average Training Loss: 0.508715
Val Loss: 2.5391 | C-index: 0.6548

Epoch 16
-------------------------------
loss: 1.578432  [   64/  678]
loss: 1.013025  [  256/  678]
loss: 0.709054  [  448/  678]
loss: 1.453744  [  640/  678]
Average Training Loss: 0.432205
Val Loss: 2.4916 | C-index: 0.7041

Epoch 17
-------------------------------
loss: 1.272015  [   64/  678]
loss: 0.891024  [  256/  678]
loss: 1.579497  [  448/  678]
loss: 1.127143  [  640/  678]
Average Training Loss: 0.442698
Val Loss: 2.7729 | C-index: 0.6775

Stopping early at Epoch 17 since no C-Index improvement after 5 epochs.
Done!
Best C-Index = 0.7283763277693475 at Epoch 12

=========================================
FOLD 4/5
=========================================

Epoch 1
-------------------------------
loss: 3.077547  [   64/  678]
loss: 2.407883  [  256/  678]
loss: 2.524537  [  448/  678]
loss: 2.545559  [  640/  678]
Average Training Loss: 0.959593
Val Loss: 3.0653 | C-index: 0.4276

Epoch 2
-------------------------------
loss: 3.248505  [   64/  678]
loss: 2.601634  [  256/  678]
loss: 3.080209  [  448/  678]
loss: 2.684638  [  640/  678]
Average Training Loss: 1.055908
Val Loss: 3.0935 | C-index: 0.4431

Epoch 3
-------------------------------
loss: 2.491202  [   64/  678]
loss: 2.832857  [  256/  678]
loss: 2.193324  [  448/  678]
loss: 2.465144  [  640/  678]
Average Training Loss: 0.907502
Val Loss: 3.0141 | C-index: 0.5873

Epoch 4
-------------------------------
loss: 2.604681  [   64/  678]
loss: 1.845741  [  256/  678]
loss: 2.300763  [  448/  678]
loss: 2.084393  [  640/  678]
Average Training Loss: 0.803234
Val Loss: 3.0571 | C-index: 0.5551

Epoch 5
-------------------------------
loss: 2.240355  [   64/  678]
loss: 1.597881  [  256/  678]
loss: 2.504534  [  448/  678]
loss: 1.873788  [  640/  678]
Average Training Loss: 0.746960
Val Loss: 3.3133 | C-index: 0.5426

Epoch 6
-------------------------------
loss: 1.910058  [   64/  678]
loss: 1.714270  [  256/  678]
loss: 1.852094  [  448/  678]
loss: 1.740515  [  640/  678]
Average Training Loss: 0.656085
Val Loss: 3.0189 | C-index: 0.6355

Epoch 7
-------------------------------
loss: 1.572808  [   64/  678]
loss: 1.373944  [  256/  678]
loss: 1.413157  [  448/  678]
loss: 1.847934  [  640/  678]
Average Training Loss: 0.564349
Val Loss: 3.1980 | C-index: 0.6194

Epoch 8
-------------------------------
loss: 1.373094  [   64/  678]
loss: 1.607391  [  256/  678]
loss: 1.892628  [  448/  678]
loss: 1.542067  [  640/  678]
Average Training Loss: 0.583198
Val Loss: 3.2205 | C-index: 0.6057

Epoch 9
-------------------------------
loss: 1.515405  [   64/  678]
loss: 1.348175  [  256/  678]
loss: 1.293900  [  448/  678]
loss: 1.246256  [  640/  678]
Average Training Loss: 0.491249
Val Loss: 3.2738 | C-index: 0.6284

Epoch 10
-------------------------------
loss: 0.918645  [   64/  678]
loss: 1.362459  [  256/  678]
loss: 1.322325  [  448/  678]
loss: 1.429370  [  640/  678]
Average Training Loss: 0.457527
Val Loss: 3.2532 | C-index: 0.6158

Epoch 11
-------------------------------
loss: 1.302765  [   64/  678]
loss: 1.813962  [  256/  678]
loss: 1.578626  [  448/  678]
loss: 1.072188  [  640/  678]
Average Training Loss: 0.524322
Val Loss: 3.3602 | C-index: 0.5420

Stopping early at Epoch 11 since no C-Index improvement after 5 epochs.
Done!
Best C-Index = 0.6354973198332341 at Epoch 6

=========================================
FOLD 5/5
=========================================

Epoch 1
-------------------------------
loss: 3.097669  [   64/  678]
loss: 2.459124  [  256/  678]
loss: 2.606449  [  448/  678]
loss: 2.529381  [  640/  678]
Average Training Loss: 0.972057
Val Loss: 3.0375 | C-index: 0.5609

Epoch 2
-------------------------------
loss: 2.677125  [   64/  678]
loss: 3.173265  [  256/  678]
loss: 2.741766  [  448/  678]
loss: 3.180887  [  640/  678]
Average Training Loss: 1.070277
Val Loss: 3.1054 | C-index: 0.5234

Epoch 3
-------------------------------
loss: 2.319600  [   64/  678]
loss: 2.637958  [  256/  678]
loss: 3.183008  [  448/  678]
loss: 1.832186  [  640/  678]
Average Training Loss: 0.906614
Val Loss: 3.1406 | C-index: 0.5502

Epoch 4
-------------------------------
loss: 2.098758  [   64/  678]
loss: 2.062881  [  256/  678]
loss: 2.197482  [  448/  678]
loss: 2.464468  [  640/  678]
Average Training Loss: 0.802144
Val Loss: 3.0286 | C-index: 0.5845

Epoch 5
-------------------------------
loss: 1.731061  [   64/  678]
loss: 1.877914  [  256/  678]
loss: 1.926896  [  448/  678]
loss: 1.622301  [  640/  678]
Average Training Loss: 0.650743
Val Loss: 3.4231 | C-index: 0.5905

Epoch 6
-------------------------------
loss: 1.689685  [   64/  678]
loss: 1.854227  [  256/  678]
loss: 1.601029  [  448/  678]
loss: 2.251521  [  640/  678]
Average Training Loss: 0.672406
Val Loss: 3.1815 | C-index: 0.6233

Epoch 7
-------------------------------
loss: 1.324404  [   64/  678]
loss: 1.882755  [  256/  678]
loss: 1.501473  [  448/  678]
loss: 1.706370  [  640/  678]
Average Training Loss: 0.583182
Val Loss: 3.5513 | C-index: 0.6280

Epoch 8
-------------------------------
loss: 1.465420  [   64/  678]
loss: 1.114650  [  256/  678]
loss: 1.561368  [  448/  678]
loss: 1.293486  [  640/  678]
Average Training Loss: 0.494084
Val Loss: 3.1176 | C-index: 0.6307

Epoch 9
-------------------------------
loss: 1.046951  [   64/  678]
loss: 1.283208  [  256/  678]
loss: 1.048082  [  448/  678]
loss: 0.989054  [  640/  678]
Average Training Loss: 0.397027
Val Loss: 3.4502 | C-index: 0.6381

Epoch 10
-------------------------------
loss: 0.572574  [   64/  678]
loss: 1.510826  [  256/  678]
loss: 1.212012  [  448/  678]
loss: 0.767756  [  640/  678]
Average Training Loss: 0.369379
Val Loss: 3.5416 | C-index: 0.6682

Epoch 11
-------------------------------
loss: 0.967384  [   64/  678]
loss: 0.571687  [  256/  678]
loss: 1.200191  [  448/  678]
loss: 1.032162  [  640/  678]
Average Training Loss: 0.342857
Val Loss: 3.6656 | C-index: 0.6627

Epoch 12
-------------------------------
loss: 0.888530  [   64/  678]
loss: 1.035439  [  256/  678]
loss: 0.913758  [  448/  678]
loss: 1.197291  [  640/  678]
Average Training Loss: 0.366820
Val Loss: 3.3289 | C-index: 0.7066

Epoch 13
-------------------------------
loss: 1.092775  [   64/  678]
loss: 0.724189  [  256/  678]
loss: 1.512225  [  448/  678]
loss: 1.147071  [  640/  678]
Average Training Loss: 0.406933
Val Loss: 3.9227 | C-index: 0.6344

Epoch 14
-------------------------------
loss: 0.895620  [   64/  678]
loss: 1.027910  [  256/  678]
loss: 1.182325  [  448/  678]
loss: 0.986211  [  640/  678]
Average Training Loss: 0.372006
Val Loss: 3.5643 | C-index: 0.6654

Epoch 15
-------------------------------
loss: 0.925817  [   64/  678]
loss: 1.540350  [  256/  678]
loss: 1.038126  [  448/  678]
loss: 1.260374  [  640/  678]
Average Training Loss: 0.433152
Val Loss: 4.1564 | C-index: 0.6529

Epoch 16
-------------------------------
loss: 1.157436  [   64/  678]
loss: 0.777149  [  256/  678]
loss: 1.518717  [  448/  678]
loss: 1.477296  [  640/  678]
Average Training Loss: 0.448236
Val Loss: 3.9756 | C-index: 0.6469

Epoch 17
-------------------------------
loss: 1.359962  [   64/  678]
loss: 0.850239  [  256/  678]
loss: 0.742927  [  448/  678]
loss: 1.540538  [  640/  678]
Average Training Loss: 0.408515
Val Loss: 3.4782 | C-index: 0.6881

Stopping early at Epoch 17 since no C-Index improvement after 5 epochs.
Done!
Best C-Index = 0.7066173068024063 at Epoch 12

=========================================
CV training complete! Mean ± std C-index: 0.6886 ± 0.0352
Best epochs per fold: [6, 5, 12, 6, 12]

=========================================
Retraining model on full train+val for 8 epochs...
Epoch 1
-------------------------------
loss: 2.681146  [   64/  847]
loss: 3.222251  [  320/  847]
loss: 2.625410  [  576/  847]
loss: 3.133410  [  832/  847]
Average Training Loss: 0.833016
Val Loss: 2.7565 | C-index: 0.6548

Epoch 2
-------------------------------
loss: 2.816229  [   64/  847]
loss: 2.964932  [  320/  847]
loss: 2.600718  [  576/  847]
loss: 3.582485  [  832/  847]
Average Training Loss: 0.854597
Val Loss: 2.6139 | C-index: 0.6785

Epoch 3
-------------------------------
loss: 2.566511  [   64/  847]
loss: 2.313547  [  320/  847]
loss: 2.507360  [  576/  847]
loss: 2.818419  [  832/  847]
Average Training Loss: 0.728988
Val Loss: 2.0752 | C-index: 0.8703

Epoch 4
-------------------------------
loss: 2.249949  [   64/  847]
loss: 1.969134  [  320/  847]
loss: 2.241691  [  576/  847]
loss: 2.092210  [  832/  847]
Average Training Loss: 0.610927
Val Loss: 1.7838 | C-index: 0.9049

Epoch 5
-------------------------------
loss: 1.715368  [   64/  847]
loss: 2.376197  [  320/  847]
loss: 1.513181  [  576/  847]
loss: 2.022885  [  832/  847]
Average Training Loss: 0.544831
Val Loss: 1.4023 | C-index: 0.9323

Epoch 6
-------------------------------
loss: 2.032730  [   64/  847]
loss: 2.273041  [  320/  847]
loss: 2.054613  [  576/  847]
loss: 1.928541  [  832/  847]
Average Training Loss: 0.592066
Val Loss: 1.2888 | C-index: 0.9574

Epoch 7
-------------------------------
loss: 1.887741  [   64/  847]
loss: 1.785753  [  320/  847]
loss: 2.372241  [  576/  847]
loss: 2.204796  [  832/  847]
Average Training Loss: 0.589324
Val Loss: 1.3378 | C-index: 0.9634

Epoch 8
-------------------------------
loss: 1.584763  [   64/  847]
loss: 1.920202  [  320/  847]
loss: 1.631485  [  576/  847]
loss: 1.718744  [  832/  847]
Average Training Loss: 0.489657
Val Loss: 1.1724 | C-index: 0.9709

Done!
Best C-Index = 0.9709430756159728 at Epoch 8
FINAL TEST Average Loss: 3.1174
FINAL TEST C-index: 0.6150
Bootstrap 95% CI: [0.5162, 0.7139]
Results saved to /Users/evan/Documents/GitHub/HyBINN/experiments/runs/gene_only/seed_6/results.json
