train_hybinn.py log started 2026-06-17 01:11:57.571675
=========================================
Model Active Branches: ['binn', 'gene']
=========================================

=========================================
FOLD 1/5
=========================================

Epoch 1
-------------------------------
loss: 3.038765  [   64/  677]
loss: 2.775696  [  256/  677]
loss: 2.865265  [  448/  677]
loss: 3.392935  [  640/  677]
Average Training Loss: 1.097515
Val Loss: 2.5934 | C-index: 0.4453

Epoch 2
-------------------------------
loss: 2.878433  [   64/  677]
loss: 3.025859  [  256/  677]
loss: 3.228543  [  448/  677]
loss: 2.937973  [  640/  677]
Average Training Loss: 1.097346
Val Loss: 2.5436 | C-index: 0.5975

Epoch 3
-------------------------------
loss: 2.990290  [   64/  677]
loss: 3.292717  [  256/  677]
loss: 2.720118  [  448/  677]
loss: 3.073346  [  640/  677]
Average Training Loss: 1.097861
Val Loss: 2.4536 | C-index: 0.7697

Epoch 4
-------------------------------
loss: 2.800519  [   64/  677]
loss: 2.693805  [  256/  677]
loss: 2.582225  [  448/  677]
loss: 2.740532  [  640/  677]
Average Training Loss: 0.983371
Val Loss: 2.4718 | C-index: 0.6615

Epoch 5
-------------------------------
loss: 2.296180  [   64/  677]
loss: 1.886700  [  256/  677]
loss: 1.901261  [  448/  677]
loss: 2.124617  [  640/  677]
Average Training Loss: 0.746251
Val Loss: 2.5076 | C-index: 0.7697

Epoch 6
-------------------------------
loss: 1.850212  [   64/  677]
loss: 1.845891  [  256/  677]
loss: 2.306591  [  448/  677]
loss: 2.305055  [  640/  677]
Average Training Loss: 0.755250
Val Loss: 3.0229 | C-index: 0.7236

Epoch 7
-------------------------------
loss: 1.730031  [   64/  677]
loss: 1.518312  [  256/  677]
loss: 2.131918  [  448/  677]
loss: 2.016124  [  640/  677]
Average Training Loss: 0.672399
Val Loss: 2.7242 | C-index: 0.6362

Epoch 8
-------------------------------
loss: 1.463616  [   64/  677]
loss: 1.734124  [  256/  677]
loss: 1.979605  [  448/  677]
loss: 1.399883  [  640/  677]
Average Training Loss: 0.597930
Val Loss: 2.6114 | C-index: 0.7170

Stopping early at Epoch 8 since no C-Index improvement after 5 epochs.
Done!
Best C-Index = 0.7696929238985314 at Epoch 3

=========================================
FOLD 2/5
=========================================

Epoch 1
-------------------------------
loss: 2.828882  [   64/  677]
loss: 2.661093  [  256/  677]
loss: 3.096370  [  448/  677]
loss: 3.069426  [  640/  677]
Average Training Loss: 1.059616
Val Loss: 2.7987 | C-index: 0.4174

Epoch 2
-------------------------------
loss: 2.591323  [   64/  677]
loss: 2.684800  [  256/  677]
loss: 2.875796  [  448/  677]
loss: 2.625091  [  640/  677]
Average Training Loss: 0.979728
Val Loss: 2.8010 | C-index: 0.4604

Epoch 3
-------------------------------
loss: 2.594908  [   64/  677]
loss: 2.489973  [  256/  677]
loss: 2.194925  [  448/  677]
loss: 2.994110  [  640/  677]
Average Training Loss: 0.933992
Val Loss: 2.8589 | C-index: 0.4404

Epoch 4
-------------------------------
loss: 2.827810  [   64/  677]
loss: 2.699001  [  256/  677]
loss: 2.480571  [  448/  677]
loss: 1.678055  [  640/  677]
Average Training Loss: 0.880494
Val Loss: 2.9625 | C-index: 0.4339

Epoch 5
-------------------------------
loss: 1.595227  [   64/  677]
loss: 2.424462  [  256/  677]
loss: 2.190482  [  448/  677]
loss: 2.003707  [  640/  677]
Average Training Loss: 0.746716
Val Loss: 3.0188 | C-index: 0.4776

Epoch 6
-------------------------------
loss: 1.706602  [   64/  677]
loss: 1.999602  [  256/  677]
loss: 2.380525  [  448/  677]
loss: 1.553816  [  640/  677]
Average Training Loss: 0.694595
Val Loss: 3.4317 | C-index: 0.4746

Epoch 7
-------------------------------
loss: 1.975921  [   64/  677]
loss: 1.608869  [  256/  677]
loss: 1.631158  [  448/  677]
loss: 1.878020  [  640/  677]
Average Training Loss: 0.644906
Val Loss: 3.0534 | C-index: 0.4852

Epoch 8
-------------------------------
loss: 1.601757  [   64/  677]
loss: 0.921597  [  256/  677]
loss: 1.398582  [  448/  677]
loss: 1.274861  [  640/  677]
Average Training Loss: 0.472436
Val Loss: 3.4291 | C-index: 0.5590

Epoch 9
-------------------------------
loss: 1.004749  [   64/  677]
loss: 1.827391  [  256/  677]
loss: 1.451525  [  448/  677]
loss: 1.408029  [  640/  677]
Average Training Loss: 0.517427
Val Loss: 3.5097 | C-index: 0.5579

Epoch 10
-------------------------------
loss: 1.224654  [   64/  677]
loss: 1.513822  [  256/  677]
loss: 1.336499  [  448/  677]
loss: 1.093883  [  640/  677]
Average Training Loss: 0.469896
Val Loss: 3.4843 | C-index: 0.5466

Epoch 11
-------------------------------
loss: 1.419238  [   64/  677]
loss: 1.546754  [  256/  677]
loss: 1.885669  [  448/  677]
loss: 1.068275  [  640/  677]
Average Training Loss: 0.538176
Val Loss: 3.0517 | C-index: 0.6104

Epoch 12
-------------------------------
loss: 1.009588  [   64/  677]
loss: 1.117630  [  256/  677]
loss: 1.291200  [  448/  677]
loss: 0.979359  [  640/  677]
Average Training Loss: 0.399798
Val Loss: 3.3563 | C-index: 0.5407

Epoch 13
-------------------------------
loss: 1.574348  [   64/  677]
loss: 1.050408  [  256/  677]
loss: 0.935979  [  448/  677]
loss: 2.174232  [  640/  677]
Average Training Loss: 0.521361
Val Loss: 3.5364 | C-index: 0.5567

Epoch 14
-------------------------------
loss: 0.782489  [   64/  677]
loss: 1.209378  [  256/  677]
loss: 1.246209  [  448/  677]
loss: 1.019558  [  640/  677]
Average Training Loss: 0.387058
Val Loss: 3.5138 | C-index: 0.5336

Epoch 15
-------------------------------
loss: 1.354174  [   64/  677]
loss: 1.039057  [  256/  677]
loss: 1.906760  [  448/  677]
loss: 1.130257  [  640/  677]
Average Training Loss: 0.493659
Val Loss: 3.4692 | C-index: 0.5850

Epoch 16
-------------------------------
loss: 0.458617  [   64/  677]
loss: 0.849406  [  256/  677]
loss: 0.517185  [  448/  677]
loss: 1.098998  [  640/  677]
Average Training Loss: 0.265837
Val Loss: 3.6631 | C-index: 0.5366

Stopping early at Epoch 16 since no C-Index improvement after 5 epochs.
Done!
Best C-Index = 0.6103896103896104 at Epoch 11

=========================================
FOLD 3/5
=========================================

Epoch 1
-------------------------------
loss: 3.040713  [   64/  678]
loss: 2.150552  [  256/  678]
loss: 2.776027  [  448/  678]
loss: 2.798301  [  640/  678]
Average Training Loss: 0.978690
Val Loss: 2.9339 | C-index: 0.4488

Epoch 2
-------------------------------
loss: 2.576463  [   64/  678]
loss: 2.744997  [  256/  678]
loss: 2.565607  [  448/  678]
loss: 2.399397  [  640/  678]
Average Training Loss: 0.935133
Val Loss: 2.8779 | C-index: 0.5221

Epoch 3
-------------------------------
loss: 2.774133  [   64/  678]
loss: 2.667226  [  256/  678]
loss: 3.099035  [  448/  678]
loss: 2.765352  [  640/  678]
Average Training Loss: 1.027795
Val Loss: 2.8312 | C-index: 0.5916

Epoch 4
-------------------------------
loss: 2.654116  [   64/  678]
loss: 2.412307  [  256/  678]
loss: 2.574944  [  448/  678]
loss: 2.983331  [  640/  678]
Average Training Loss: 0.965882
Val Loss: 2.7499 | C-index: 0.6056

Epoch 5
-------------------------------
loss: 2.456042  [   64/  678]
loss: 2.076808  [  256/  678]
loss: 2.369131  [  448/  678]
loss: 1.716425  [  640/  678]
Average Training Loss: 0.783492
Val Loss: 2.7338 | C-index: 0.6202

Epoch 6
-------------------------------
loss: 1.576348  [   64/  678]
loss: 1.354049  [  256/  678]
loss: 2.249587  [  448/  678]
loss: 2.168270  [  640/  678]
Average Training Loss: 0.668023
Val Loss: 2.7227 | C-index: 0.5959

Epoch 7
-------------------------------
loss: 1.947579  [   64/  678]
loss: 1.820240  [  256/  678]
loss: 1.428103  [  448/  678]
loss: 1.472852  [  640/  678]
Average Training Loss: 0.606252
Val Loss: 3.0438 | C-index: 0.6358

Epoch 8
-------------------------------
loss: 1.472667  [   64/  678]
loss: 0.722071  [  256/  678]
loss: 2.340687  [  448/  678]
loss: 1.875716  [  640/  678]
Average Training Loss: 0.582831
Val Loss: 2.7659 | C-index: 0.6735

Epoch 9
-------------------------------
loss: 1.147830  [   64/  678]
loss: 1.519880  [  256/  678]
loss: 1.837603  [  448/  678]
loss: 1.470649  [  640/  678]
Average Training Loss: 0.543269
Val Loss: 2.9892 | C-index: 0.5862

Epoch 10
-------------------------------
loss: 1.316191  [   64/  678]
loss: 1.217503  [  256/  678]
loss: 0.801058  [  448/  678]
loss: 1.484107  [  640/  678]
Average Training Loss: 0.438078
Val Loss: 3.2128 | C-index: 0.6024

Epoch 11
-------------------------------
loss: 1.140933  [   64/  678]
loss: 1.290896  [  256/  678]
loss: 1.022312  [  448/  678]
loss: 1.811243  [  640/  678]
Average Training Loss: 0.478671
Val Loss: 2.8648 | C-index: 0.6606

Epoch 12
-------------------------------
loss: 1.392388  [   64/  678]
loss: 1.665089  [  256/  678]
loss: 1.476193  [  448/  678]
loss: 0.564841  [  640/  678]
Average Training Loss: 0.463501
Val Loss: 3.1623 | C-index: 0.6460

Epoch 13
-------------------------------
loss: 1.130302  [   64/  678]
loss: 1.567333  [  256/  678]
loss: 1.156441  [  448/  678]
loss: 1.099146  [  640/  678]
Average Training Loss: 0.450293
Val Loss: 3.2237 | C-index: 0.6735

Stopping early at Epoch 13 since no C-Index improvement after 5 epochs.
Done!
Best C-Index = 0.6734913793103449 at Epoch 8

=========================================
FOLD 4/5
=========================================

Epoch 1
-------------------------------
loss: 3.550611  [   64/  678]
loss: 2.570598  [  256/  678]
loss: 2.613027  [  448/  678]
loss: 2.500602  [  640/  678]
Average Training Loss: 1.021349
Val Loss: 2.7807 | C-index: 0.5525

Epoch 2
-------------------------------
loss: 2.430400  [   64/  678]
loss: 3.161039  [  256/  678]
loss: 2.781403  [  448/  678]
loss: 2.480868  [  640/  678]
Average Training Loss: 0.986701
Val Loss: 2.7520 | C-index: 0.6089

Epoch 3
-------------------------------
loss: 2.270898  [   64/  678]
loss: 2.748567  [  256/  678]
loss: 2.774814  [  448/  678]
loss: 2.214902  [  640/  678]
Average Training Loss: 0.909926
Val Loss: 2.7513 | C-index: 0.6131

Epoch 4
-------------------------------
loss: 2.411041  [   64/  678]
loss: 2.632076  [  256/  678]
loss: 2.554895  [  448/  678]
loss: 2.208620  [  640/  678]
Average Training Loss: 0.891512
Val Loss: 2.8113 | C-index: 0.5906

Epoch 5
-------------------------------
loss: 2.225939  [   64/  678]
loss: 1.987752  [  256/  678]
loss: 1.829424  [  448/  678]
loss: 2.290012  [  640/  678]
Average Training Loss: 0.757557
Val Loss: 2.9361 | C-index: 0.6293

Epoch 6
-------------------------------
loss: 1.581992  [   64/  678]
loss: 1.557223  [  256/  678]
loss: 1.282798  [  448/  678]
loss: 1.538968  [  640/  678]
Average Training Loss: 0.541907
Val Loss: 2.8179 | C-index: 0.6392

Epoch 7
-------------------------------
loss: 1.074298  [   64/  678]
loss: 1.263531  [  256/  678]
loss: 2.921839  [  448/  678]
loss: 2.219540  [  640/  678]
Average Training Loss: 0.679928
Val Loss: 3.2467 | C-index: 0.6843

Epoch 8
-------------------------------
loss: 1.159690  [   64/  678]
loss: 1.746458  [  256/  678]
loss: 1.187096  [  448/  678]
loss: 1.724297  [  640/  678]
Average Training Loss: 0.528867
Val Loss: 3.1660 | C-index: 0.5906

Epoch 9
-------------------------------
loss: 1.921918  [   64/  678]
loss: 1.669984  [  256/  678]
loss: 1.433707  [  448/  678]
loss: 1.705616  [  640/  678]
Average Training Loss: 0.611930
Val Loss: 3.0352 | C-index: 0.6610

Epoch 10
-------------------------------
loss: 1.236953  [   64/  678]
loss: 2.220695  [  256/  678]
loss: 1.262561  [  448/  678]
loss: 1.510232  [  640/  678]
Average Training Loss: 0.566404
Val Loss: 3.1600 | C-index: 0.6772

Epoch 11
-------------------------------
loss: 1.685735  [   64/  678]
loss: 0.968893  [  256/  678]
loss: 1.122401  [  448/  678]
loss: 0.639984  [  640/  678]
Average Training Loss: 0.401547
Val Loss: 2.9647 | C-index: 0.6815

Epoch 12
-------------------------------
loss: 1.421065  [   64/  678]
loss: 1.275432  [  256/  678]
loss: 1.152969  [  448/  678]
loss: 1.269018  [  640/  678]
Average Training Loss: 0.465317
Val Loss: 3.3076 | C-index: 0.6815

Stopping early at Epoch 12 since no C-Index improvement after 5 epochs.
Done!
Best C-Index = 0.6842847075405215 at Epoch 7

=========================================
FOLD 5/5
=========================================

Epoch 1
-------------------------------
loss: 3.384713  [   64/  678]
loss: 3.007772  [  256/  678]
loss: 2.575962  [  448/  678]
loss: 3.177228  [  640/  678]
Average Training Loss: 1.104152
Val Loss: 2.9335 | C-index: 0.6378

Epoch 2
-------------------------------
loss: 2.804292  [   64/  678]
loss: 2.652433  [  256/  678]
loss: 2.452342  [  448/  678]
loss: 3.076898  [  640/  678]
Average Training Loss: 0.998724
Val Loss: 2.9074 | C-index: 0.7025

Epoch 3
-------------------------------
loss: 2.763125  [   64/  678]
loss: 3.031923  [  256/  678]
loss: 2.835793  [  448/  678]
loss: 2.575894  [  640/  678]
Average Training Loss: 1.018794
Val Loss: 2.8841 | C-index: 0.7083

Epoch 4
-------------------------------
loss: 2.480551  [   64/  678]
loss: 2.487951  [  256/  678]
loss: 2.081004  [  448/  678]
loss: 2.124927  [  640/  678]
Average Training Loss: 0.834039
Val Loss: 2.7842 | C-index: 0.7175

Epoch 5
-------------------------------
loss: 1.960892  [   64/  678]
loss: 2.518496  [  256/  678]
loss: 1.987128  [  448/  678]
loss: 2.216379  [  640/  678]
Average Training Loss: 0.789354
Val Loss: 3.0036 | C-index: 0.6857

Epoch 6
-------------------------------
loss: 1.905322  [   64/  678]
loss: 2.023996  [  256/  678]
loss: 1.661380  [  448/  678]
loss: 1.517449  [  640/  678]
Average Training Loss: 0.646195
Val Loss: 2.9888 | C-index: 0.6886

Epoch 7
-------------------------------
loss: 1.574069  [   64/  678]
loss: 1.244745  [  256/  678]
loss: 1.555195  [  448/  678]
loss: 2.148472  [  640/  678]
Average Training Loss: 0.592953
Val Loss: 3.2404 | C-index: 0.6205

Epoch 8
-------------------------------
loss: 0.571543  [   64/  678]
loss: 1.471721  [  256/  678]
loss: 1.241634  [  448/  678]
loss: 2.528332  [  640/  678]
Average Training Loss: 0.528475
Val Loss: 3.3646 | C-index: 0.6129

Epoch 9
-------------------------------
loss: 1.079409  [   64/  678]
loss: 1.652359  [  256/  678]
loss: 1.436713  [  448/  678]
loss: 1.300631  [  640/  678]
Average Training Loss: 0.497192
Val Loss: 3.4110 | C-index: 0.7221

Epoch 10
-------------------------------
loss: 1.007556  [   64/  678]
loss: 1.217681  [  256/  678]
loss: 1.575062  [  448/  678]
loss: 1.220316  [  640/  678]
Average Training Loss: 0.456420
Val Loss: 3.3304 | C-index: 0.6857

Epoch 11
-------------------------------
loss: 1.705916  [   64/  678]
loss: 1.320795  [  256/  678]
loss: 2.285347  [  448/  678]
loss: 1.382275  [  640/  678]
Average Training Loss: 0.608576
Val Loss: 4.0743 | C-index: 0.5650

Epoch 12
-------------------------------
loss: 0.876776  [   64/  678]
loss: 1.043210  [  256/  678]
loss: 0.955819  [  448/  678]
loss: 1.367864  [  640/  678]
Average Training Loss: 0.385788
Val Loss: 3.0649 | C-index: 0.6967

Epoch 13
-------------------------------
loss: 0.952073  [   64/  678]
loss: 1.364415  [  256/  678]
loss: 0.794581  [  448/  678]
loss: 0.756617  [  640/  678]
Average Training Loss: 0.351608
Val Loss: 3.7754 | C-index: 0.6222

Epoch 14
-------------------------------
loss: 0.948590  [   64/  678]
loss: 1.168108  [  256/  678]
loss: 1.235859  [  448/  678]
loss: 0.882182  [  640/  678]
Average Training Loss: 0.384976
Val Loss: 3.3973 | C-index: 0.6782

Stopping early at Epoch 14 since no C-Index improvement after 5 epochs.
Done!
Best C-Index = 0.7221259387637204 at Epoch 9

=========================================
CV training complete! Mean ± std C-index: 0.6920 ± 0.0529
Best epochs per fold: [3, 11, 8, 7, 9]

=========================================
Retraining model on full train+val for 8 epochs...
Epoch 1
-------------------------------
loss: 3.286215  [   64/  847]
loss: 2.855967  [  320/  847]
loss: 2.428291  [  576/  847]
loss: 3.146362  [  832/  847]
Average Training Loss: 0.836917
Val Loss: 2.8072 | C-index: 0.6665

Epoch 2
-------------------------------
loss: 2.850770  [   64/  847]
loss: 2.166235  [  320/  847]
loss: 2.993987  [  576/  847]
loss: 2.973435  [  832/  847]
Average Training Loss: 0.784602
Val Loss: 2.6664 | C-index: 0.7411

Epoch 3
-------------------------------
loss: 2.699463  [   64/  847]
loss: 3.092244  [  320/  847]
loss: 2.326003  [  576/  847]
loss: 2.908606  [  832/  847]
Average Training Loss: 0.787594
Val Loss: 2.5233 | C-index: 0.8528

Epoch 4
-------------------------------
loss: 2.295659  [   64/  847]
loss: 2.172003  [  320/  847]
loss: 2.648964  [  576/  847]
loss: 2.815925  [  832/  847]
Average Training Loss: 0.709468
Val Loss: 2.0548 | C-index: 0.8731

Epoch 5
-------------------------------
loss: 2.101533  [   64/  847]
loss: 1.941145  [  320/  847]
loss: 2.625870  [  576/  847]
loss: 1.912156  [  832/  847]
Average Training Loss: 0.612907
Val Loss: 1.4656 | C-index: 0.9474

Epoch 6
-------------------------------
loss: 1.276427  [   64/  847]
loss: 1.850053  [  320/  847]
loss: 1.862153  [  576/  847]
loss: 1.892018  [  832/  847]
Average Training Loss: 0.491475
Val Loss: 1.4256 | C-index: 0.9503

Epoch 7
-------------------------------
loss: 1.576799  [   64/  847]
loss: 1.730573  [  320/  847]
loss: 0.935363  [  576/  847]
loss: 1.515884  [  832/  847]
Average Training Loss: 0.411330
Val Loss: 1.3362 | C-index: 0.9503

Epoch 8
-------------------------------
loss: 1.237245  [   64/  847]
loss: 2.131165  [  320/  847]
loss: 1.960673  [  576/  847]
loss: 1.434975  [  832/  847]
Average Training Loss: 0.483147
Val Loss: 1.2732 | C-index: 0.9489

Done!
Best C-Index = 0.950344494137556 at Epoch 7
FINAL TEST Average Loss: 3.1072
FINAL TEST C-index: 0.6248
Bootstrap 95% CI: [0.4810, 0.7572]
Top 10 activated pathways:
{'R-HSA-350054': 0.053439293056726456, 'R-HSA-9735869': 0.04505540803074837, 'R-HSA-389960': 0.04479733854532242, 'R-HSA-163359': 0.04117764160037041, 'R-HSA-4608870': 0.03917503356933594, 'R-HSA-9753281': 0.034697405993938446, 'R-HSA-5656169': 0.0346597321331501, 'R-HSA-9648002': 0.034282438457012177, 'R-HSA-171306': 0.033391352742910385, 'R-HSA-9725371': 0.03336428105831146}
Results saved to /Users/evan/Documents/GitHub/HyBINN/experiments/runs/binn_gene/seed_5/results.json
