train_hybinn.py log started 2026-06-05 21:29:21.517178
=========================================
Model Active Branches: ['clinical']
=========================================

=========================================
FOLD 1/5
=========================================

Epoch 1
-------------------------------
loss: 3.315245  [   64/  677]
loss: 2.614831  [  256/  677]
loss: 2.904545  [  448/  677]
loss: 3.062428  [  640/  677]
Average Training Loss: 1.081550
Val Loss: 2.5726 | C-index: 0.4919

Epoch 2
-------------------------------
loss: 2.717834  [   64/  677]
loss: 3.436440  [  256/  677]
loss: 2.867180  [  448/  677]
loss: 3.194738  [  640/  677]
Average Training Loss: 1.110563
Val Loss: 2.5719 | C-index: 0.4873

Epoch 3
-------------------------------
loss: 3.096828  [   64/  677]
loss: 2.702163  [  256/  677]
loss: 3.436136  [  448/  677]
loss: 2.917562  [  640/  677]
Average Training Loss: 1.104790
Val Loss: 2.5710 | C-index: 0.5150

Epoch 4
-------------------------------
loss: 3.081140  [   64/  677]
loss: 2.775407  [  256/  677]
loss: 3.073423  [  448/  677]
loss: 3.135293  [  640/  677]
Average Training Loss: 1.096842
Val Loss: 2.5705 | C-index: 0.5073

Epoch 5
-------------------------------
loss: 3.198805  [   64/  677]
loss: 2.553665  [  256/  677]
loss: 3.034348  [  448/  677]
loss: 3.257239  [  640/  677]
Average Training Loss: 1.094914
Val Loss: 2.5693 | C-index: 0.5073

Epoch 6
-------------------------------
loss: 3.059270  [   64/  677]
loss: 2.985563  [  256/  677]
loss: 2.931015  [  448/  677]
loss: 3.231642  [  640/  677]
Average Training Loss: 1.109772
Val Loss: 2.5682 | C-index: 0.5096

Epoch 7
-------------------------------
loss: 3.257051  [   64/  677]
loss: 3.061338  [  256/  677]
loss: 2.953663  [  448/  677]
loss: 2.814839  [  640/  677]
Average Training Loss: 1.098808
Val Loss: 2.5666 | C-index: 0.5119

Epoch 8
-------------------------------
loss: 3.136835  [   64/  677]
loss: 2.867654  [  256/  677]
loss: 3.137235  [  448/  677]
loss: 3.162338  [  640/  677]
Average Training Loss: 1.118551
Val Loss: 2.5653 | C-index: 0.5119

Stopping early at Epoch 8 since no C-Index improvement after 5 epochs.
Done!
Best C-Index = 0.5150115473441108 at Epoch 3

=========================================
FOLD 2/5
=========================================

Epoch 1
-------------------------------
loss: 2.896216  [   64/  677]
loss: 2.554851  [  256/  677]
loss: 2.837192  [  448/  677]
loss: 2.919771  [  640/  677]
Average Training Loss: 1.018912
Val Loss: 2.9092 | C-index: 0.6698

Epoch 2
-------------------------------
loss: 2.744964  [   64/  677]
loss: 2.912104  [  256/  677]
loss: 3.036558  [  448/  677]
loss: 3.102451  [  640/  677]
Average Training Loss: 1.072371
Val Loss: 2.9086 | C-index: 0.7075

Epoch 3
-------------------------------
loss: 2.998578  [   64/  677]
loss: 2.572237  [  256/  677]
loss: 2.557723  [  448/  677]
loss: 3.159503  [  640/  677]
Average Training Loss: 1.026185
Val Loss: 2.9065 | C-index: 0.7092

Epoch 4
-------------------------------
loss: 2.130810  [   64/  677]
loss: 3.200245  [  256/  677]
loss: 2.940999  [  448/  677]
loss: 2.967377  [  640/  677]
Average Training Loss: 1.021767
Val Loss: 2.9034 | C-index: 0.7423

Epoch 5
-------------------------------
loss: 2.799946  [   64/  677]
loss: 2.871045  [  256/  677]
loss: 2.330762  [  448/  677]
loss: 3.054575  [  640/  677]
Average Training Loss: 1.005121
Val Loss: 2.9001 | C-index: 0.7316

Epoch 6
-------------------------------
loss: 3.373080  [   64/  677]
loss: 2.371576  [  256/  677]
loss: 2.667495  [  448/  677]
loss: 2.713000  [  640/  677]
Average Training Loss: 1.011377
Val Loss: 2.8984 | C-index: 0.7361

Epoch 7
-------------------------------
loss: 2.688412  [   64/  677]
loss: 2.549502  [  256/  677]
loss: 3.190631  [  448/  677]
loss: 2.915961  [  640/  677]
Average Training Loss: 1.031319
Val Loss: 2.8963 | C-index: 0.7288

Epoch 8
-------------------------------
loss: 2.462598  [   64/  677]
loss: 2.926411  [  256/  677]
loss: 3.381187  [  448/  677]
loss: 3.021222  [  640/  677]
Average Training Loss: 1.071947
Val Loss: 2.8934 | C-index: 0.7322

Epoch 9
-------------------------------
loss: 2.582468  [   64/  677]
loss: 3.004373  [  256/  677]
loss: 2.980028  [  448/  677]
loss: 2.833889  [  640/  677]
Average Training Loss: 1.036433
Val Loss: 2.8914 | C-index: 0.7327

Stopping early at Epoch 9 since no C-Index improvement after 5 epochs.
Done!
Best C-Index = 0.7422796181920269 at Epoch 4

=========================================
FOLD 3/5
=========================================

Epoch 1
-------------------------------
loss: 2.469111  [   64/  678]
loss: 2.955684  [  256/  678]
loss: 2.694304  [  448/  678]
loss: 3.394210  [  640/  678]
Average Training Loss: 1.046664
Val Loss: 2.7853 | C-index: 0.5778

Epoch 2
-------------------------------
loss: 3.100401  [   64/  678]
loss: 2.884867  [  256/  678]
loss: 2.393563  [  448/  678]
loss: 2.985447  [  640/  678]
Average Training Loss: 1.033116
Val Loss: 2.7838 | C-index: 0.5427

Epoch 3
-------------------------------
loss: 2.610105  [   64/  678]
loss: 2.690449  [  256/  678]
loss: 2.999862  [  448/  678]
loss: 2.804871  [  640/  678]
Average Training Loss: 1.009571
Val Loss: 2.7835 | C-index: 0.5296

Epoch 4
-------------------------------
loss: 2.787400  [   64/  678]
loss: 2.695508  [  256/  678]
loss: 2.845467  [  448/  678]
loss: 3.195077  [  640/  678]
Average Training Loss: 1.047587
Val Loss: 2.7830 | C-index: 0.5172

Epoch 5
-------------------------------
loss: 3.109474  [   64/  678]
loss: 3.133758  [  256/  678]
loss: 3.063080  [  448/  678]
loss: 2.539222  [  640/  678]
Average Training Loss: 1.076867
Val Loss: 2.7826 | C-index: 0.5172

Epoch 6
-------------------------------
loss: 3.185446  [   64/  678]
loss: 2.951458  [  256/  678]
loss: 2.775445  [  448/  678]
loss: 3.047165  [  640/  678]
Average Training Loss: 1.087229
Val Loss: 2.7808 | C-index: 0.5172

Stopping early at Epoch 6 since no C-Index improvement after 5 epochs.
Done!
Best C-Index = 0.5777701307639367 at Epoch 1

=========================================
FOLD 4/5
=========================================

Epoch 1
-------------------------------
loss: 3.090068  [   64/  678]
loss: 3.133665  [  256/  678]
loss: 2.851919  [  448/  678]
loss: 3.420209  [  640/  678]
Average Training Loss: 1.135987
Val Loss: 2.8268 | C-index: 0.5725

Epoch 2
-------------------------------
loss: 2.515224  [   64/  678]
loss: 3.131098  [  256/  678]
loss: 2.869020  [  448/  678]
loss: 3.105701  [  640/  678]
Average Training Loss: 1.056458
Val Loss: 2.8238 | C-index: 0.5730

Epoch 3
-------------------------------
loss: 2.727503  [   64/  678]
loss: 2.705538  [  256/  678]
loss: 2.951680  [  448/  678]
loss: 2.512218  [  640/  678]
Average Training Loss: 0.990631
Val Loss: 2.8204 | C-index: 0.5748

Epoch 4
-------------------------------
loss: 2.904740  [   64/  678]
loss: 2.765057  [  256/  678]
loss: 3.173333  [  448/  678]
loss: 3.039231  [  640/  678]
Average Training Loss: 1.080215
Val Loss: 2.8149 | C-index: 0.5771

Epoch 5
-------------------------------
loss: 3.328942  [   64/  678]
loss: 2.931440  [  256/  678]
loss: 3.453244  [  448/  678]
loss: 3.065315  [  640/  678]
Average Training Loss: 1.161722
Val Loss: 2.8113 | C-index: 0.5759

Epoch 6
-------------------------------
loss: 2.496960  [   64/  678]
loss: 3.159428  [  256/  678]
loss: 3.240987  [  448/  678]
loss: 2.845707  [  640/  678]
Average Training Loss: 1.067553
Val Loss: 2.8074 | C-index: 0.5812

Epoch 7
-------------------------------
loss: 2.821984  [   64/  678]
loss: 3.612001  [  256/  678]
loss: 3.484464  [  448/  678]
loss: 2.362869  [  640/  678]
Average Training Loss: 1.116483
Val Loss: 2.8030 | C-index: 0.5858

Epoch 8
-------------------------------
loss: 3.609810  [   64/  678]
loss: 2.799519  [  256/  678]
loss: 3.131834  [  448/  678]
loss: 2.933869  [  640/  678]
Average Training Loss: 1.134094
Val Loss: 2.7975 | C-index: 0.5858

Epoch 9
-------------------------------
loss: 2.606982  [   64/  678]
loss: 2.807105  [  256/  678]
loss: 2.737488  [  448/  678]
loss: 2.807362  [  640/  678]
Average Training Loss: 0.996267
Val Loss: 2.7922 | C-index: 0.5783

Epoch 10
-------------------------------
loss: 2.393467  [   64/  678]
loss: 3.054704  [  256/  678]
loss: 2.605813  [  448/  678]
loss: 2.934489  [  640/  678]
Average Training Loss: 0.998952
Val Loss: 2.7833 | C-index: 0.5823

Epoch 11
-------------------------------
loss: 3.057269  [   64/  678]
loss: 3.097862  [  256/  678]
loss: 3.063394  [  448/  678]
loss: 3.004823  [  640/  678]
Average Training Loss: 1.111213
Val Loss: 2.7768 | C-index: 0.5916

Epoch 12
-------------------------------
loss: 2.562258  [   64/  678]
loss: 3.048898  [  256/  678]
loss: 2.986902  [  448/  678]
loss: 3.104585  [  640/  678]
Average Training Loss: 1.063877
Val Loss: 2.7754 | C-index: 0.5916

Epoch 13
-------------------------------
loss: 2.899912  [   64/  678]
loss: 3.139889  [  256/  678]
loss: 2.738082  [  448/  678]
loss: 3.130304  [  640/  678]
Average Training Loss: 1.082562
Val Loss: 2.7659 | C-index: 0.5875

Epoch 14
-------------------------------
loss: 3.478623  [   64/  678]
loss: 3.171230  [  256/  678]
loss: 2.547351  [  448/  678]
loss: 2.823276  [  640/  678]
Average Training Loss: 1.092771
Val Loss: 2.7613 | C-index: 0.5910

Epoch 15
-------------------------------
loss: 3.291992  [   64/  678]
loss: 2.776317  [  256/  678]
loss: 3.085105  [  448/  678]
loss: 2.815652  [  640/  678]
Average Training Loss: 1.088097
Val Loss: 2.7539 | C-index: 0.5997

Epoch 16
-------------------------------
loss: 3.132333  [   64/  678]
loss: 2.832671  [  256/  678]
loss: 3.212488  [  448/  678]
loss: 2.661592  [  640/  678]
Average Training Loss: 1.076280
Val Loss: 2.7464 | C-index: 0.6061

Epoch 17
-------------------------------
loss: 2.606393  [   64/  678]
loss: 2.502003  [  256/  678]
loss: 2.807883  [  448/  678]
loss: 3.267275  [  640/  678]
Average Training Loss: 1.016687
Val Loss: 2.7418 | C-index: 0.5968

Epoch 18
-------------------------------
loss: 2.609661  [   64/  678]
loss: 2.677037  [  256/  678]
loss: 3.188317  [  448/  678]
loss: 2.793483  [  640/  678]
Average Training Loss: 1.024409
Val Loss: 2.7381 | C-index: 0.6032

Epoch 19
-------------------------------
loss: 2.553152  [   64/  678]
loss: 2.591481  [  256/  678]
loss: 3.173931  [  448/  678]
loss: 3.054583  [  640/  678]
Average Training Loss: 1.033922
Val Loss: 2.7383 | C-index: 0.6078

Epoch 20
-------------------------------
loss: 2.436521  [   64/  678]
loss: 2.669048  [  256/  678]
loss: 2.808809  [  448/  678]
loss: 2.883410  [  640/  678]
Average Training Loss: 0.981617
Val Loss: 2.7326 | C-index: 0.6026

Epoch 21
-------------------------------
loss: 3.077971  [   64/  678]
loss: 3.226881  [  256/  678]
loss: 3.150455  [  448/  678]
loss: 3.102491  [  640/  678]
Average Training Loss: 1.141618
Val Loss: 2.7267 | C-index: 0.6009

Epoch 22
-------------------------------
loss: 2.910156  [   64/  678]
loss: 3.104650  [  256/  678]
loss: 2.971410  [  448/  678]
loss: 2.843078  [  640/  678]
Average Training Loss: 1.075390
Val Loss: 2.7240 | C-index: 0.6026

Epoch 23
-------------------------------
loss: 2.876739  [   64/  678]
loss: 3.088045  [  256/  678]
loss: 3.056415  [  448/  678]
loss: 2.944083  [  640/  678]
Average Training Loss: 1.087753
Val Loss: 2.7206 | C-index: 0.6026

Epoch 24
-------------------------------
loss: 3.132566  [   64/  678]
loss: 2.636257  [  256/  678]
loss: 2.676873  [  448/  678]
loss: 2.600801  [  640/  678]
Average Training Loss: 1.004227
Val Loss: 2.7121 | C-index: 0.6055

Stopping early at Epoch 24 since no C-Index improvement after 5 epochs.
Done!
Best C-Index = 0.6078260869565217 at Epoch 19

=========================================
FOLD 5/5
=========================================

Epoch 1
-------------------------------
loss: 3.003250  [   64/  678]
loss: 3.250891  [  256/  678]
loss: 3.153956  [  448/  678]
loss: 3.093082  [  640/  678]
Average Training Loss: 1.136471
Val Loss: 2.8077 | C-index: 0.6823

Epoch 2
-------------------------------
loss: 3.112332  [   64/  678]
loss: 3.147828  [  256/  678]
loss: 2.896070  [  448/  678]
loss: 2.785600  [  640/  678]
Average Training Loss: 1.085621
Val Loss: 2.8035 | C-index: 0.7154

Epoch 3
-------------------------------
loss: 2.842738  [   64/  678]
loss: 3.123294  [  256/  678]
loss: 2.747216  [  448/  678]
loss: 3.034086  [  640/  678]
Average Training Loss: 1.067939
Val Loss: 2.7999 | C-index: 0.6980

Epoch 4
-------------------------------
loss: 3.107271  [   64/  678]
loss: 3.276483  [  256/  678]
loss: 2.569829  [  448/  678]
loss: 2.312441  [  640/  678]
Average Training Loss: 1.024184
Val Loss: 2.7953 | C-index: 0.6963

Epoch 5
-------------------------------
loss: 2.914140  [   64/  678]
loss: 2.704035  [  256/  678]
loss: 3.059660  [  448/  678]
loss: 3.220839  [  640/  678]
Average Training Loss: 1.081698
Val Loss: 2.7918 | C-index: 0.6918

Epoch 6
-------------------------------
loss: 2.277249  [   64/  678]
loss: 2.852839  [  256/  678]
loss: 3.542290  [  448/  678]
loss: 2.921734  [  640/  678]
Average Training Loss: 1.054010
Val Loss: 2.7865 | C-index: 0.6985

Epoch 7
-------------------------------
loss: 2.170833  [   64/  678]
loss: 2.291733  [  256/  678]
loss: 3.152868  [  448/  678]
loss: 2.939962  [  640/  678]
Average Training Loss: 0.959581
Val Loss: 2.7783 | C-index: 0.6985

Stopping early at Epoch 7 since no C-Index improvement after 5 epochs.
Done!
Best C-Index = 0.7153673583847449 at Epoch 2

=========================================
CV training complete! Mean ± std C-index: 0.6317 ± 0.0852
Best epochs per fold: [3, 4, 1, 19, 2]

=========================================
Retraining model on full train+val for 6 epochs...
Epoch 1
-------------------------------
loss: 3.124680  [   64/  847]
loss: 2.793745  [  320/  847]
loss: 2.657505  [  576/  847]
loss: 3.139300  [  832/  847]
Average Training Loss: 0.836802
Val Loss: 2.8003 | C-index: 0.6386

Epoch 2
-------------------------------
loss: 2.833544  [   64/  847]
loss: 3.170108  [  320/  847]
loss: 2.877242  [  576/  847]
loss: 2.382485  [  832/  847]
Average Training Loss: 0.804527
Val Loss: 2.8287 | C-index: 0.6380

Epoch 3
-------------------------------
loss: 2.852952  [   64/  847]
loss: 2.937898  [  320/  847]
loss: 2.918822  [  576/  847]
loss: 2.633155  [  832/  847]
Average Training Loss: 0.810202
Val Loss: 2.8140 | C-index: 0.6413

Epoch 4
-------------------------------
loss: 3.108409  [   64/  847]
loss: 3.446521  [  320/  847]
loss: 2.653180  [  576/  847]
loss: 3.393287  [  832/  847]
Average Training Loss: 0.900100
Val Loss: 2.8917 | C-index: 0.6449

Epoch 5
-------------------------------
loss: 2.666252  [   64/  847]
loss: 2.775235  [  320/  847]
loss: 2.853143  [  576/  847]
loss: 2.880390  [  832/  847]
Average Training Loss: 0.798216
Val Loss: 2.8401 | C-index: 0.6464

Epoch 6
-------------------------------
loss: 2.968783  [   64/  847]
loss: 3.044124  [  320/  847]
loss: 2.767154  [  576/  847]
loss: 2.992904  [  832/  847]
Average Training Loss: 0.840926
Val Loss: 2.7854 | C-index: 0.6470

Done!
Best C-Index = 0.6470126749859031 at Epoch 6
FINAL TEST Average Loss: 2.5876
FINAL TEST C-index: 0.7237
Bootstrap 95% CI: [0.6144, 0.8190]
Results saved to /Users/evan/Documents/GitHub/HyBINN/experiments/runs/clinical_only/seed_4/results.json
