train_hybinn.py log started 2026-06-05 22:46:54.451110
=========================================
Model Active Branches: ['gene', 'clinical']
=========================================

=========================================
FOLD 1/5
=========================================

Epoch 1
-------------------------------
loss: 2.769127  [   64/  677]
loss: 3.126943  [  256/  677]
loss: 2.738390  [  448/  677]
loss: 3.192696  [  640/  677]
Average Training Loss: 1.075196
Val Loss: 2.5725 | C-index: 0.5501

Epoch 2
-------------------------------
loss: 2.830068  [   64/  677]
loss: 2.866137  [  256/  677]
loss: 3.078533  [  448/  677]
loss: 2.767970  [  640/  677]
Average Training Loss: 1.049337
Val Loss: 2.5529 | C-index: 0.6028

Epoch 3
-------------------------------
loss: 2.331072  [   64/  677]
loss: 3.206369  [  256/  677]
loss: 3.146003  [  448/  677]
loss: 2.828185  [  640/  677]
Average Training Loss: 1.046512
Val Loss: 2.4727 | C-index: 0.7417

Epoch 4
-------------------------------
loss: 2.915105  [   64/  677]
loss: 2.347548  [  256/  677]
loss: 2.862248  [  448/  677]
loss: 3.031349  [  640/  677]
Average Training Loss: 1.014205
Val Loss: 2.4919 | C-index: 0.6589

Epoch 5
-------------------------------
loss: 2.305995  [   64/  677]
loss: 3.445400  [  256/  677]
loss: 2.411805  [  448/  677]
loss: 2.098260  [  640/  677]
Average Training Loss: 0.932860
Val Loss: 2.4376 | C-index: 0.7530

Epoch 6
-------------------------------
loss: 2.426383  [   64/  677]
loss: 1.848703  [  256/  677]
loss: 1.656266  [  448/  677]
loss: 1.613958  [  640/  677]
Average Training Loss: 0.685937
Val Loss: 2.5648 | C-index: 0.7096

Epoch 7
-------------------------------
loss: 1.138245  [   64/  677]
loss: 1.596524  [  256/  677]
loss: 1.552926  [  448/  677]
loss: 1.135853  [  640/  677]
Average Training Loss: 0.493050
Val Loss: 3.1943 | C-index: 0.6489

Epoch 8
-------------------------------
loss: 1.483662  [   64/  677]
loss: 2.141388  [  256/  677]
loss: 1.673529  [  448/  677]
loss: 2.385003  [  640/  677]
Average Training Loss: 0.698507
Val Loss: 2.9773 | C-index: 0.7336

Epoch 9
-------------------------------
loss: 1.061336  [   64/  677]
loss: 1.713467  [  256/  677]
loss: 1.083001  [  448/  677]
loss: 1.193824  [  640/  677]
Average Training Loss: 0.459239
Val Loss: 2.9407 | C-index: 0.6442

Epoch 10
-------------------------------
loss: 1.498489  [   64/  677]
loss: 1.490720  [  256/  677]
loss: 1.723847  [  448/  677]
loss: 1.528337  [  640/  677]
Average Training Loss: 0.567399
Val Loss: 3.0132 | C-index: 0.7470

Stopping early at Epoch 10 since no C-Index improvement after 5 epochs.
Done!
Best C-Index = 0.753004005340454 at Epoch 5

=========================================
FOLD 2/5
=========================================

Epoch 1
-------------------------------
loss: 2.737921  [   64/  677]
loss: 2.894215  [  256/  677]
loss: 3.013116  [  448/  677]
loss: 2.293675  [  640/  677]
Average Training Loss: 0.994448
Val Loss: 2.8175 | C-index: 0.4309

Epoch 2
-------------------------------
loss: 2.279224  [   64/  677]
loss: 2.938267  [  256/  677]
loss: 3.061048  [  448/  677]
loss: 2.906220  [  640/  677]
Average Training Loss: 1.016796
Val Loss: 2.8190 | C-index: 0.4504

Epoch 3
-------------------------------
loss: 2.937984  [   64/  677]
loss: 2.972040  [  256/  677]
loss: 2.564049  [  448/  677]
loss: 2.615908  [  640/  677]
Average Training Loss: 1.008180
Val Loss: 2.7745 | C-index: 0.5006

Epoch 4
-------------------------------
loss: 2.297286  [   64/  677]
loss: 2.559263  [  256/  677]
loss: 2.088630  [  448/  677]
loss: 1.937438  [  640/  677]
Average Training Loss: 0.807511
Val Loss: 2.8215 | C-index: 0.5112

Epoch 5
-------------------------------
loss: 1.449191  [   64/  677]
loss: 1.829580  [  256/  677]
loss: 1.988417  [  448/  677]
loss: 1.777055  [  640/  677]
Average Training Loss: 0.640386
Val Loss: 2.9683 | C-index: 0.5992

Epoch 6
-------------------------------
loss: 2.408059  [   64/  677]
loss: 1.424048  [  256/  677]
loss: 1.425651  [  448/  677]
loss: 1.224899  [  640/  677]
Average Training Loss: 0.589332
Val Loss: 3.6255 | C-index: 0.4581

Epoch 7
-------------------------------
loss: 1.983356  [   64/  677]
loss: 1.667605  [  256/  677]
loss: 1.458990  [  448/  677]
loss: 1.791338  [  640/  677]
Average Training Loss: 0.627390
Val Loss: 3.2445 | C-index: 0.5490

Epoch 8
-------------------------------
loss: 1.292912  [   64/  677]
loss: 0.714197  [  256/  677]
loss: 2.019122  [  448/  677]
loss: 0.927501  [  640/  677]
Average Training Loss: 0.450339
Val Loss: 3.8786 | C-index: 0.4321

Epoch 9
-------------------------------
loss: 1.394145  [   64/  677]
loss: 2.168038  [  256/  677]
loss: 1.329297  [  448/  677]
loss: 2.604766  [  640/  677]
Average Training Loss: 0.681477
Val Loss: 3.7791 | C-index: 0.4917

Epoch 10
-------------------------------
loss: 1.780258  [   64/  677]
loss: 1.587878  [  256/  677]
loss: 1.451194  [  448/  677]
loss: 0.999811  [  640/  677]
Average Training Loss: 0.529013
Val Loss: 3.2114 | C-index: 0.5012

Stopping early at Epoch 10 since no C-Index improvement after 5 epochs.
Done!
Best C-Index = 0.5991735537190083 at Epoch 5

=========================================
FOLD 3/5
=========================================

Epoch 1
-------------------------------
loss: 2.493886  [   64/  678]
loss: 2.447265  [  256/  678]
loss: 2.966107  [  448/  678]
loss: 2.918370  [  640/  678]
Average Training Loss: 0.984148
Val Loss: 2.8984 | C-index: 0.4763

Epoch 2
-------------------------------
loss: 2.693368  [   64/  678]
loss: 2.800219  [  256/  678]
loss: 2.868717  [  448/  678]
loss: 2.588421  [  640/  678]
Average Training Loss: 0.995520
Val Loss: 2.8962 | C-index: 0.5054

Epoch 3
-------------------------------
loss: 2.705410  [   64/  678]
loss: 2.924428  [  256/  678]
loss: 2.264701  [  448/  678]
loss: 3.430397  [  640/  678]
Average Training Loss: 1.029540
Val Loss: 2.8183 | C-index: 0.5841

Epoch 4
-------------------------------
loss: 2.620950  [   64/  678]
loss: 2.580452  [  256/  678]
loss: 2.255679  [  448/  678]
loss: 2.338003  [  640/  678]
Average Training Loss: 0.890462
Val Loss: 2.7448 | C-index: 0.6034

Epoch 5
-------------------------------
loss: 2.742990  [   64/  678]
loss: 2.073539  [  256/  678]
loss: 2.385912  [  448/  678]
loss: 2.030444  [  640/  678]
Average Training Loss: 0.839353
Val Loss: 2.7847 | C-index: 0.6083

Epoch 6
-------------------------------
loss: 1.495572  [   64/  678]
loss: 1.338560  [  256/  678]
loss: 1.827564  [  448/  678]
loss: 1.052799  [  640/  678]
Average Training Loss: 0.519500
Val Loss: 2.8815 | C-index: 0.5900

Epoch 7
-------------------------------
loss: 1.345352  [   64/  678]
loss: 1.413081  [  256/  678]
loss: 1.187379  [  448/  678]
loss: 1.713126  [  640/  678]
Average Training Loss: 0.514449
Val Loss: 2.8955 | C-index: 0.6261

Epoch 8
-------------------------------
loss: 1.564766  [   64/  678]
loss: 1.665955  [  256/  678]
loss: 1.435251  [  448/  678]
loss: 1.168303  [  640/  678]
Average Training Loss: 0.530389
Val Loss: 3.1677 | C-index: 0.5900

Epoch 9
-------------------------------
loss: 1.497796  [   64/  678]
loss: 1.686916  [  256/  678]
loss: 1.525180  [  448/  678]
loss: 1.873420  [  640/  678]
Average Training Loss: 0.598483
Val Loss: 3.0366 | C-index: 0.6045

Epoch 10
-------------------------------
loss: 1.203229  [   64/  678]
loss: 1.171317  [  256/  678]
loss: 0.430471  [  448/  678]
loss: 1.759889  [  640/  678]
Average Training Loss: 0.414991
Val Loss: 2.7997 | C-index: 0.6530

Epoch 11
-------------------------------
loss: 2.073111  [   64/  678]
loss: 1.085850  [  256/  678]
loss: 1.202399  [  448/  678]
loss: 0.855222  [  640/  678]
Average Training Loss: 0.474235
Val Loss: 3.1309 | C-index: 0.6239

Epoch 12
-------------------------------
loss: 1.332483  [   64/  678]
loss: 1.462178  [  256/  678]
loss: 0.825274  [  448/  678]
loss: 2.176423  [  640/  678]
Average Training Loss: 0.526942
Val Loss: 2.8907 | C-index: 0.6428

Epoch 13
-------------------------------
loss: 1.185230  [   64/  678]
loss: 1.062061  [  256/  678]
loss: 0.886006  [  448/  678]
loss: 1.081681  [  640/  678]
Average Training Loss: 0.383180
Val Loss: 2.7640 | C-index: 0.6562

Epoch 14
-------------------------------
loss: 1.049308  [   64/  678]
loss: 0.844103  [  256/  678]
loss: 0.880421  [  448/  678]
loss: 0.860189  [  640/  678]
Average Training Loss: 0.330366
Val Loss: 3.0973 | C-index: 0.6126

Epoch 15
-------------------------------
loss: 0.620625  [   64/  678]
loss: 0.840390  [  256/  678]
loss: 1.224222  [  448/  678]
loss: 1.118442  [  640/  678]
Average Training Loss: 0.345789
Val Loss: 3.5820 | C-index: 0.5916

Epoch 16
-------------------------------
loss: 0.915130  [   64/  678]
loss: 0.838391  [  256/  678]
loss: 1.509905  [  448/  678]
loss: 1.077062  [  640/  678]
Average Training Loss: 0.394590
Val Loss: 2.9387 | C-index: 0.6536

Epoch 17
-------------------------------
loss: 1.298524  [   64/  678]
loss: 0.595021  [  256/  678]
loss: 1.040275  [  448/  678]
loss: 0.907389  [  640/  678]
Average Training Loss: 0.349201
Val Loss: 3.4766 | C-index: 0.6018

Epoch 18
-------------------------------
loss: 1.334969  [   64/  678]
loss: 1.061535  [  256/  678]
loss: 1.610421  [  448/  678]
loss: 1.340822  [  640/  678]
Average Training Loss: 0.486159
Val Loss: 3.3759 | C-index: 0.6272

Stopping early at Epoch 18 since no C-Index improvement after 5 epochs.
Done!
Best C-Index = 0.65625 at Epoch 13

=========================================
FOLD 4/5
=========================================

Epoch 1
-------------------------------
loss: 2.545540  [   64/  678]
loss: 2.505366  [  256/  678]
loss: 2.460113  [  448/  678]
loss: 2.896371  [  640/  678]
Average Training Loss: 0.946126
Val Loss: 2.7812 | C-index: 0.5405

Epoch 2
-------------------------------
loss: 3.123112  [   64/  678]
loss: 2.383235  [  256/  678]
loss: 3.359576  [  448/  678]
loss: 2.705519  [  640/  678]
Average Training Loss: 1.051949
Val Loss: 2.7584 | C-index: 0.5877

Epoch 3
-------------------------------
loss: 3.085755  [   64/  678]
loss: 3.423197  [  256/  678]
loss: 2.556664  [  448/  678]
loss: 2.529884  [  640/  678]
Average Training Loss: 1.054136
Val Loss: 2.7584 | C-index: 0.6018

Epoch 4
-------------------------------
loss: 2.717662  [   64/  678]
loss: 2.197248  [  256/  678]
loss: 2.545720  [  448/  678]
loss: 2.365640  [  640/  678]
Average Training Loss: 0.893297
Val Loss: 2.7714 | C-index: 0.6103

Epoch 5
-------------------------------
loss: 2.129973  [   64/  678]
loss: 2.023135  [  256/  678]
loss: 1.915554  [  448/  678]
loss: 1.780692  [  640/  678]
Average Training Loss: 0.713578
Val Loss: 2.8575 | C-index: 0.6004

Epoch 6
-------------------------------
loss: 1.828024  [   64/  678]
loss: 1.529294  [  256/  678]
loss: 1.908122  [  448/  678]
loss: 1.913436  [  640/  678]
Average Training Loss: 0.652625
Val Loss: 2.8067 | C-index: 0.7132

Epoch 7
-------------------------------
loss: 1.916417  [   64/  678]
loss: 1.401505  [  256/  678]
loss: 1.998300  [  448/  678]
loss: 2.280902  [  640/  678]
Average Training Loss: 0.690648
Val Loss: 2.9608 | C-index: 0.7061

Epoch 8
-------------------------------
loss: 2.039934  [   64/  678]
loss: 1.303591  [  256/  678]
loss: 1.510972  [  448/  678]
loss: 1.948913  [  640/  678]
Average Training Loss: 0.618492
Val Loss: 3.4102 | C-index: 0.5800

Epoch 9
-------------------------------
loss: 1.385628  [   64/  678]
loss: 1.703075  [  256/  678]
loss: 0.804231  [  448/  678]
loss: 1.896816  [  640/  678]
Average Training Loss: 0.526341
Val Loss: 2.6948 | C-index: 0.7252

Epoch 10
-------------------------------
loss: 0.743439  [   64/  678]
loss: 1.381959  [  256/  678]
loss: 1.043076  [  448/  678]
loss: 1.277809  [  640/  678]
Average Training Loss: 0.404208
Val Loss: 3.5151 | C-index: 0.6018

Epoch 11
-------------------------------
loss: 1.093445  [   64/  678]
loss: 1.261065  [  256/  678]
loss: 0.755625  [  448/  678]
loss: 1.075557  [  640/  678]
Average Training Loss: 0.380518
Val Loss: 3.4170 | C-index: 0.6519

Epoch 12
-------------------------------
loss: 1.034404  [   64/  678]
loss: 0.870796  [  256/  678]
loss: 1.803059  [  448/  678]
loss: 1.291027  [  640/  678]
Average Training Loss: 0.454481
Val Loss: 3.3562 | C-index: 0.5863

Epoch 13
-------------------------------
loss: 1.993031  [   64/  678]
loss: 1.900702  [  256/  678]
loss: 1.106099  [  448/  678]
loss: 1.208864  [  640/  678]
Average Training Loss: 0.564427
Val Loss: 2.8981 | C-index: 0.7315

Epoch 14
-------------------------------
loss: 1.394482  [   64/  678]
loss: 0.695697  [  256/  678]
loss: 1.659348  [  448/  678]
loss: 0.736366  [  640/  678]
Average Training Loss: 0.407808
Val Loss: 3.0947 | C-index: 0.6476

Epoch 15
-------------------------------
loss: 0.897851  [   64/  678]
loss: 0.960692  [  256/  678]
loss: 1.388281  [  448/  678]
loss: 1.476203  [  640/  678]
Average Training Loss: 0.429366
Val Loss: 3.2256 | C-index: 0.6984

Epoch 16
-------------------------------
loss: 1.128944  [   64/  678]
loss: 1.231719  [  256/  678]
loss: 1.495032  [  448/  678]
loss: 0.824781  [  640/  678]
Average Training Loss: 0.425498
Val Loss: 3.0193 | C-index: 0.6984

Epoch 17
-------------------------------
loss: 0.812096  [   64/  678]
loss: 1.216918  [  256/  678]
loss: 0.951758  [  448/  678]
loss: 0.913273  [  640/  678]
Average Training Loss: 0.354004
Val Loss: 3.0907 | C-index: 0.7040

Epoch 18
-------------------------------
loss: 0.735904  [   64/  678]
loss: 1.973231  [  256/  678]
loss: 0.589062  [  448/  678]
loss: 0.567956  [  640/  678]
Average Training Loss: 0.351468
Val Loss: 3.1058 | C-index: 0.6963

Stopping early at Epoch 18 since no C-Index improvement after 5 epochs.
Done!
Best C-Index = 0.7315010570824524 at Epoch 13

=========================================
FOLD 5/5
=========================================

Epoch 1
-------------------------------
loss: 3.255663  [   64/  678]
loss: 2.703318  [  256/  678]
loss: 3.798553  [  448/  678]
loss: 3.017931  [  640/  678]
Average Training Loss: 1.161406
Val Loss: 2.9080 | C-index: 0.6366

Epoch 2
-------------------------------
loss: 3.218462  [   64/  678]
loss: 2.938113  [  256/  678]
loss: 2.694046  [  448/  678]
loss: 3.126307  [  640/  678]
Average Training Loss: 1.088812
Val Loss: 2.9059 | C-index: 0.6545

Epoch 3
-------------------------------
loss: 2.611018  [   64/  678]
loss: 2.320536  [  256/  678]
loss: 2.591896  [  448/  678]
loss: 2.571039  [  640/  678]
Average Training Loss: 0.917681
Val Loss: 2.9063 | C-index: 0.6707

Epoch 4
-------------------------------
loss: 2.863968  [   64/  678]
loss: 1.926003  [  256/  678]
loss: 2.338259  [  448/  678]
loss: 2.565484  [  640/  678]
Average Training Loss: 0.881247
Val Loss: 2.9784 | C-index: 0.6782

Epoch 5
-------------------------------
loss: 2.524981  [   64/  678]
loss: 2.037568  [  256/  678]
loss: 2.592628  [  448/  678]
loss: 2.918520  [  640/  678]
Average Training Loss: 0.915791
Val Loss: 2.6260 | C-index: 0.7175

Epoch 6
-------------------------------
loss: 2.222456  [   64/  678]
loss: 1.884370  [  256/  678]
loss: 2.311427  [  448/  678]
loss: 1.490635  [  640/  678]
Average Training Loss: 0.718990
Val Loss: 3.0202 | C-index: 0.6147

Epoch 7
-------------------------------
loss: 1.355283  [   64/  678]
loss: 1.901906  [  256/  678]
loss: 1.629534  [  448/  678]
loss: 2.211852  [  640/  678]
Average Training Loss: 0.645325
Val Loss: 3.4331 | C-index: 0.6187

Epoch 8
-------------------------------
loss: 1.136050  [   64/  678]
loss: 0.987054  [  256/  678]
loss: 1.200495  [  448/  678]
loss: 1.392406  [  640/  678]
Average Training Loss: 0.428728
Val Loss: 3.0276 | C-index: 0.6464

Epoch 9
-------------------------------
loss: 1.709297  [   64/  678]
loss: 1.109548  [  256/  678]
loss: 1.305730  [  448/  678]
loss: 2.008766  [  640/  678]
Average Training Loss: 0.557577
Val Loss: 3.0258 | C-index: 0.6840

Epoch 10
-------------------------------
loss: 1.290742  [   64/  678]
loss: 1.403020  [  256/  678]
loss: 1.514490  [  448/  678]
loss: 1.459333  [  640/  678]
Average Training Loss: 0.515235
Val Loss: 3.0357 | C-index: 0.7088

Stopping early at Epoch 10 since no C-Index improvement after 5 epochs.
Done!
Best C-Index = 0.7175043327556326 at Epoch 5

=========================================
CV training complete! Mean ± std C-index: 0.6915 ± 0.0563
Best epochs per fold: [5, 5, 13, 13, 5]

=========================================
Retraining model on full train+val for 8 epochs...
Epoch 1
-------------------------------
loss: 2.878570  [   64/  847]
loss: 2.998695  [  320/  847]
loss: 3.481240  [  576/  847]
loss: 2.861996  [  832/  847]
Average Training Loss: 0.872893
Val Loss: 2.7576 | C-index: 0.5895

Epoch 2
-------------------------------
loss: 2.931699  [   64/  847]
loss: 2.759961  [  320/  847]
loss: 3.291906  [  576/  847]
loss: 2.731201  [  832/  847]
Average Training Loss: 0.836769
Val Loss: 2.7102 | C-index: 0.7480

Epoch 3
-------------------------------
loss: 2.939619  [   64/  847]
loss: 2.767720  [  320/  847]
loss: 2.313904  [  576/  847]
loss: 3.103012  [  832/  847]
Average Training Loss: 0.794590
Val Loss: 2.3704 | C-index: 0.8760

Epoch 4
-------------------------------
loss: 2.640171  [   64/  847]
loss: 2.121013  [  320/  847]
loss: 2.739657  [  576/  847]
loss: 2.351091  [  832/  847]
Average Training Loss: 0.703710
Val Loss: 1.8457 | C-index: 0.9215

Epoch 5
-------------------------------
loss: 1.971024  [   64/  847]
loss: 2.117136  [  320/  847]
loss: 1.504648  [  576/  847]
loss: 2.172143  [  832/  847]
Average Training Loss: 0.554639
Val Loss: 1.3932 | C-index: 0.9471

Epoch 6
-------------------------------
loss: 1.128916  [   64/  847]
loss: 1.292682  [  320/  847]
loss: 1.880743  [  576/  847]
loss: 1.844517  [  832/  847]
Average Training Loss: 0.439061
Val Loss: 1.6507 | C-index: 0.9266

Epoch 7
-------------------------------
loss: 1.558265  [   64/  847]
loss: 1.086326  [  320/  847]
loss: 1.411821  [  576/  847]
loss: 0.964947  [  832/  847]
Average Training Loss: 0.358669
Val Loss: 1.2538 | C-index: 0.9598

Epoch 8
-------------------------------
loss: 1.458543  [   64/  847]
loss: 1.601606  [  320/  847]
loss: 1.069041  [  576/  847]
loss: 1.779431  [  832/  847]
Average Training Loss: 0.422044
Val Loss: 1.1965 | C-index: 0.9689

Done!
Best C-Index = 0.9688867399975825 at Epoch 8
FINAL TEST Average Loss: 2.7900
FINAL TEST C-index: 0.7091
Bootstrap 95% CI: [0.5922, 0.8072]
Results saved to /Users/evan/Documents/GitHub/HyBINN/experiments/runs/gene_clinical/seed_5/results.json
