train_hybinn.py log started 2026-06-17 01:00:28.231830
=========================================
Model Active Branches: ['binn']
=========================================

=========================================
FOLD 1/5
=========================================

Epoch 1
-------------------------------
loss: 3.088914  [   64/  677]
loss: 2.873845  [  256/  677]
loss: 3.022258  [  448/  677]
loss: 3.237204  [  640/  677]
Average Training Loss: 1.111111
Val Loss: 2.7528 | C-index: 0.4990

Epoch 2
-------------------------------
loss: 3.166985  [   64/  677]
loss: 2.974339  [  256/  677]
loss: 2.594251  [  448/  677]
loss: 2.567520  [  640/  677]
Average Training Loss: 1.027554
Val Loss: 2.7514 | C-index: 0.5056

Epoch 3
-------------------------------
loss: 2.857906  [   64/  677]
loss: 2.709008  [  256/  677]
loss: 2.794134  [  448/  677]
loss: 3.274680  [  640/  677]
Average Training Loss: 1.057793
Val Loss: 2.7439 | C-index: 0.5288

Epoch 4
-------------------------------
loss: 3.441867  [   64/  677]
loss: 2.603345  [  256/  677]
loss: 2.472855  [  448/  677]
loss: 3.394806  [  640/  677]
Average Training Loss: 1.082988
Val Loss: 2.7762 | C-index: 0.5162

Epoch 5
-------------------------------
loss: 3.044326  [   64/  677]
loss: 2.955745  [  256/  677]
loss: 1.602768  [  448/  677]
loss: 2.689950  [  640/  677]
Average Training Loss: 0.935708
Val Loss: 2.6974 | C-index: 0.5903

Epoch 6
-------------------------------
loss: 2.853465  [   64/  677]
loss: 3.045608  [  256/  677]
loss: 2.717388  [  448/  677]
loss: 3.219794  [  640/  677]
Average Training Loss: 1.076023
Val Loss: 2.6010 | C-index: 0.6631

Epoch 7
-------------------------------
loss: 2.889038  [   64/  677]
loss: 2.236028  [  256/  677]
loss: 2.812523  [  448/  677]
loss: 2.953364  [  640/  677]
Average Training Loss: 0.990087
Val Loss: 2.5814 | C-index: 0.6724

Epoch 8
-------------------------------
loss: 2.089967  [   64/  677]
loss: 2.362462  [  256/  677]
loss: 2.703387  [  448/  677]
loss: 2.704851  [  640/  677]
Average Training Loss: 0.896424
Val Loss: 2.5508 | C-index: 0.6658

Epoch 9
-------------------------------
loss: 2.307537  [   64/  677]
loss: 2.670688  [  256/  677]
loss: 2.071940  [  448/  677]
loss: 2.634270  [  640/  677]
Average Training Loss: 0.880403
Val Loss: 2.5294 | C-index: 0.7055

Epoch 10
-------------------------------
loss: 2.371467  [   64/  677]
loss: 1.754952  [  256/  677]
loss: 1.709664  [  448/  677]
loss: 2.672463  [  640/  677]
Average Training Loss: 0.773504
Val Loss: 2.5665 | C-index: 0.6598

Epoch 11
-------------------------------
loss: 2.199431  [   64/  677]
loss: 2.421196  [  256/  677]
loss: 2.252778  [  448/  677]
loss: 2.293157  [  640/  677]
Average Training Loss: 0.833324
Val Loss: 2.5481 | C-index: 0.6784

Epoch 12
-------------------------------
loss: 2.283201  [   64/  677]
loss: 2.256000  [  256/  677]
loss: 2.133349  [  448/  677]
loss: 2.014271  [  640/  677]
Average Training Loss: 0.789711
Val Loss: 2.5806 | C-index: 0.7015

Epoch 13
-------------------------------
loss: 2.229452  [   64/  677]
loss: 2.295371  [  256/  677]
loss: 1.934492  [  448/  677]
loss: 2.287000  [  640/  677]
Average Training Loss: 0.795120
Val Loss: 2.5643 | C-index: 0.7167

Epoch 14
-------------------------------
loss: 1.849587  [   64/  677]
loss: 2.251429  [  256/  677]
loss: 1.831908  [  448/  677]
loss: 2.511994  [  640/  677]
Average Training Loss: 0.767720
Val Loss: 2.6068 | C-index: 0.7081

Epoch 15
-------------------------------
loss: 2.548585  [   64/  677]
loss: 2.079875  [  256/  677]
loss: 1.871202  [  448/  677]
loss: 1.831038  [  640/  677]
Average Training Loss: 0.757336
Val Loss: 2.6975 | C-index: 0.6856

Epoch 16
-------------------------------
loss: 2.042426  [   64/  677]
loss: 2.134858  [  256/  677]
loss: 2.151776  [  448/  677]
loss: 1.976294  [  640/  677]
Average Training Loss: 0.755032
Val Loss: 2.7299 | C-index: 0.6572

Epoch 17
-------------------------------
loss: 1.305175  [   64/  677]
loss: 1.717370  [  256/  677]
loss: 2.211566  [  448/  677]
loss: 2.333519  [  640/  677]
Average Training Loss: 0.687966
Val Loss: 2.7652 | C-index: 0.6929

Epoch 18
-------------------------------
loss: 2.203502  [   64/  677]
loss: 1.838102  [  256/  677]
loss: 2.196411  [  448/  677]
loss: 1.936777  [  640/  677]
Average Training Loss: 0.743163
Val Loss: 2.8309 | C-index: 0.6684

Stopping early at Epoch 18 since no C-Index improvement after 5 epochs.
Done!
Best C-Index = 0.7167438782263402 at Epoch 13

=========================================
FOLD 2/5
=========================================

Epoch 1
-------------------------------
loss: 2.987965  [   64/  677]
loss: 3.057142  [  256/  677]
loss: 3.383231  [  448/  677]
loss: 2.667324  [  640/  677]
Average Training Loss: 1.099606
Val Loss: 2.8638 | C-index: 0.5673

Epoch 2
-------------------------------
loss: 2.984982  [   64/  677]
loss: 3.397878  [  256/  677]
loss: 2.612625  [  448/  677]
loss: 2.943700  [  640/  677]
Average Training Loss: 1.085381
Val Loss: 2.8645 | C-index: 0.5593

Epoch 3
-------------------------------
loss: 2.855819  [   64/  677]
loss: 2.387269  [  256/  677]
loss: 3.199003  [  448/  677]
loss: 3.030097  [  640/  677]
Average Training Loss: 1.042926
Val Loss: 2.8586 | C-index: 0.5774

Epoch 4
-------------------------------
loss: 3.024336  [   64/  677]
loss: 2.944276  [  256/  677]
loss: 3.030354  [  448/  677]
loss: 2.257616  [  640/  677]
Average Training Loss: 1.023326
Val Loss: 2.7865 | C-index: 0.6410

Epoch 5
-------------------------------
loss: 2.615017  [   64/  677]
loss: 3.641151  [  256/  677]
loss: 2.860833  [  448/  677]
loss: 2.783740  [  640/  677]
Average Training Loss: 1.081886
Val Loss: 2.7373 | C-index: 0.6604

Epoch 6
-------------------------------
loss: 2.373468  [   64/  677]
loss: 2.412922  [  256/  677]
loss: 3.210176  [  448/  677]
loss: 3.503579  [  640/  677]
Average Training Loss: 1.045468
Val Loss: 2.7222 | C-index: 0.6812

Epoch 7
-------------------------------
loss: 2.347201  [   64/  677]
loss: 2.912752  [  256/  677]
loss: 2.334034  [  448/  677]
loss: 1.848762  [  640/  677]
Average Training Loss: 0.858432
Val Loss: 2.6691 | C-index: 0.7046

Epoch 8
-------------------------------
loss: 3.119622  [   64/  677]
loss: 2.835046  [  256/  677]
loss: 1.517770  [  448/  677]
loss: 2.712722  [  640/  677]
Average Training Loss: 0.925924
Val Loss: 2.6370 | C-index: 0.7247

Epoch 9
-------------------------------
loss: 2.352319  [   64/  677]
loss: 2.632747  [  256/  677]
loss: 2.556746  [  448/  677]
loss: 1.949269  [  640/  677]
Average Training Loss: 0.862826
Val Loss: 2.5776 | C-index: 0.7321

Epoch 10
-------------------------------
loss: 2.438840  [   64/  677]
loss: 2.150319  [  256/  677]
loss: 2.430851  [  448/  677]
loss: 2.831085  [  640/  677]
Average Training Loss: 0.895554
Val Loss: 2.5534 | C-index: 0.7401

Epoch 11
-------------------------------
loss: 1.929710  [   64/  677]
loss: 2.062959  [  256/  677]
loss: 2.354891  [  448/  677]
loss: 2.212912  [  640/  677]
Average Training Loss: 0.778225
Val Loss: 2.5196 | C-index: 0.7582

Epoch 12
-------------------------------
loss: 2.287161  [   64/  677]
loss: 2.241395  [  256/  677]
loss: 2.478446  [  448/  677]
loss: 1.977568  [  640/  677]
Average Training Loss: 0.816779
Val Loss: 2.5675 | C-index: 0.7482

Epoch 13
-------------------------------
loss: 2.066957  [   64/  677]
loss: 2.044076  [  256/  677]
loss: 2.159510  [  448/  677]
loss: 2.619992  [  640/  677]
Average Training Loss: 0.808231
Val Loss: 2.6024 | C-index: 0.7133

Epoch 14
-------------------------------
loss: 2.173990  [   64/  677]
loss: 2.097894  [  256/  677]
loss: 1.977139  [  448/  677]
loss: 1.750100  [  640/  677]
Average Training Loss: 0.727193
Val Loss: 2.5948 | C-index: 0.7428

Epoch 15
-------------------------------
loss: 2.675879  [   64/  677]
loss: 2.276134  [  256/  677]
loss: 1.597196  [  448/  677]
loss: 1.645228  [  640/  677]
Average Training Loss: 0.744949
Val Loss: 2.6407 | C-index: 0.7361

Epoch 16
-------------------------------
loss: 1.980980  [   64/  677]
loss: 2.313267  [  256/  677]
loss: 2.101548  [  448/  677]
loss: 1.446531  [  640/  677]
Average Training Loss: 0.712939
Val Loss: 2.4791 | C-index: 0.7589

Epoch 17
-------------------------------
loss: 2.439674  [   64/  677]
loss: 1.766963  [  256/  677]
loss: 1.960922  [  448/  677]
loss: 2.162436  [  640/  677]
Average Training Loss: 0.757272
Val Loss: 2.5277 | C-index: 0.7649

Epoch 18
-------------------------------
loss: 2.200851  [   64/  677]
loss: 2.230579  [  256/  677]
loss: 2.247949  [  448/  677]
loss: 1.852151  [  640/  677]
Average Training Loss: 0.775594
Val Loss: 2.5104 | C-index: 0.7589

Epoch 19
-------------------------------
loss: 1.835627  [   64/  677]
loss: 1.763302  [  256/  677]
loss: 2.094218  [  448/  677]
loss: 2.211274  [  640/  677]
Average Training Loss: 0.718584
Val Loss: 2.5687 | C-index: 0.7160

Epoch 20
-------------------------------
loss: 2.038591  [   64/  677]
loss: 1.669545  [  256/  677]
loss: 2.101471  [  448/  677]
loss: 2.413625  [  640/  677]
Average Training Loss: 0.747567
Val Loss: 2.5476 | C-index: 0.7207

Epoch 21
-------------------------------
loss: 2.373473  [   64/  677]
loss: 2.060463  [  256/  677]
loss: 1.995200  [  448/  677]
loss: 1.814054  [  640/  677]
Average Training Loss: 0.749381
Val Loss: 2.6705 | C-index: 0.7086

Epoch 22
-------------------------------
loss: 2.160181  [   64/  677]
loss: 2.215824  [  256/  677]
loss: 2.194129  [  448/  677]
loss: 2.027038  [  640/  677]
Average Training Loss: 0.781561
Val Loss: 2.5202 | C-index: 0.7508

Stopping early at Epoch 22 since no C-Index improvement after 5 epochs.
Done!
Best C-Index = 0.7649028801071668 at Epoch 17

=========================================
FOLD 3/5
=========================================

Epoch 1
-------------------------------
loss: 2.431148  [   64/  678]
loss: 2.489964  [  256/  678]
loss: 3.154181  [  448/  678]
loss: 2.525676  [  640/  678]
Average Training Loss: 0.963724
Val Loss: 3.3926 | C-index: 0.5856

Epoch 2
-------------------------------
loss: 3.583446  [   64/  678]
loss: 3.175237  [  256/  678]
loss: 2.270637  [  448/  678]
loss: 2.046674  [  640/  678]
Average Training Loss: 1.006909
Val Loss: 3.3823 | C-index: 0.6599

Epoch 3
-------------------------------
loss: 2.789435  [   64/  678]
loss: 2.935627  [  256/  678]
loss: 2.635646  [  448/  678]
loss: 2.911251  [  640/  678]
Average Training Loss: 1.024724
Val Loss: 3.3555 | C-index: 0.6399

Epoch 4
-------------------------------
loss: 3.099709  [   64/  678]
loss: 2.567517  [  256/  678]
loss: 2.579950  [  448/  678]
loss: 2.456700  [  640/  678]
Average Training Loss: 0.973080
Val Loss: 3.2835 | C-index: 0.6664

Epoch 5
-------------------------------
loss: 2.938281  [   64/  678]
loss: 3.016828  [  256/  678]
loss: 2.875521  [  448/  678]
loss: 2.770835  [  640/  678]
Average Training Loss: 1.054679
Val Loss: 3.1687 | C-index: 0.6933

Epoch 6
-------------------------------
loss: 2.294323  [   64/  678]
loss: 2.239875  [  256/  678]
loss: 2.911173  [  448/  678]
loss: 2.692832  [  640/  678]
Average Training Loss: 0.921655
Val Loss: 3.1871 | C-index: 0.6951

Epoch 7
-------------------------------
loss: 2.733881  [   64/  678]
loss: 2.320055  [  256/  678]
loss: 2.682097  [  448/  678]
loss: 2.360813  [  640/  678]
Average Training Loss: 0.917895
Val Loss: 3.1982 | C-index: 0.6868

Epoch 8
-------------------------------
loss: 2.098547  [   64/  678]
loss: 2.285167  [  256/  678]
loss: 2.066803  [  448/  678]
loss: 2.367457  [  640/  678]
Average Training Loss: 0.801634
Val Loss: 3.1275 | C-index: 0.7077

Epoch 9
-------------------------------
loss: 2.399375  [   64/  678]
loss: 1.855736  [  256/  678]
loss: 2.173012  [  448/  678]
loss: 1.855828  [  640/  678]
Average Training Loss: 0.753087
Val Loss: 3.2022 | C-index: 0.7049

Epoch 10
-------------------------------
loss: 2.296881  [   64/  678]
loss: 2.229266  [  256/  678]
loss: 2.067746  [  448/  678]
loss: 2.332751  [  640/  678]
Average Training Loss: 0.811513
Val Loss: 3.1891 | C-index: 0.7067

Epoch 11
-------------------------------
loss: 1.927960  [   64/  678]
loss: 1.685002  [  256/  678]
loss: 2.009032  [  448/  678]
loss: 1.931798  [  640/  678]
Average Training Loss: 0.686708
Val Loss: 3.2617 | C-index: 0.6789

Epoch 12
-------------------------------
loss: 2.304487  [   64/  678]
loss: 2.216265  [  256/  678]
loss: 1.943070  [  448/  678]
loss: 2.150350  [  640/  678]
Average Training Loss: 0.783107
Val Loss: 3.2292 | C-index: 0.6868

Epoch 13
-------------------------------
loss: 2.378461  [   64/  678]
loss: 1.666221  [  256/  678]
loss: 2.265810  [  448/  678]
loss: 2.179523  [  640/  678]
Average Training Loss: 0.771819
Val Loss: 3.3356 | C-index: 0.6872

Stopping early at Epoch 13 since no C-Index improvement after 5 epochs.
Done!
Best C-Index = 0.7076566125290024 at Epoch 8

=========================================
FOLD 4/5
=========================================

Epoch 1
-------------------------------
loss: 3.082460  [   64/  678]
loss: 2.962325  [  256/  678]
loss: 2.941320  [  448/  678]
loss: 3.132925  [  640/  678]
Average Training Loss: 1.101730
Val Loss: 2.5233 | C-index: 0.5239

Epoch 2
-------------------------------
loss: 2.901058  [   64/  678]
loss: 2.799928  [  256/  678]
loss: 3.380037  [  448/  678]
loss: 2.808927  [  640/  678]
Average Training Loss: 1.080905
Val Loss: 2.5199 | C-index: 0.5351

Epoch 3
-------------------------------
loss: 2.635104  [   64/  678]
loss: 3.015865  [  256/  678]
loss: 3.523497  [  448/  678]
loss: 2.583043  [  640/  678]
Average Training Loss: 1.068864
Val Loss: 2.5181 | C-index: 0.5478

Epoch 4
-------------------------------
loss: 2.825758  [   64/  678]
loss: 2.816590  [  256/  678]
loss: 2.948946  [  448/  678]
loss: 2.449512  [  640/  678]
Average Training Loss: 1.003710
Val Loss: 2.5263 | C-index: 0.5582

Epoch 5
-------------------------------
loss: 3.182214  [   64/  678]
loss: 2.045353  [  256/  678]
loss: 3.101906  [  448/  678]
loss: 2.777492  [  640/  678]
Average Training Loss: 1.009724
Val Loss: 2.4326 | C-index: 0.6132

Epoch 6
-------------------------------
loss: 2.388529  [   64/  678]
loss: 2.779503  [  256/  678]
loss: 2.203489  [  448/  678]
loss: 2.843537  [  640/  678]
Average Training Loss: 0.928642
Val Loss: 2.3262 | C-index: 0.6499

Epoch 7
-------------------------------
loss: 2.692785  [   64/  678]
loss: 2.175769  [  256/  678]
loss: 2.892785  [  448/  678]
loss: 2.443416  [  640/  678]
Average Training Loss: 0.927705
Val Loss: 2.3522 | C-index: 0.6372

Epoch 8
-------------------------------
loss: 2.220057  [   64/  678]
loss: 2.440692  [  256/  678]
loss: 2.175390  [  448/  678]
loss: 2.857223  [  640/  678]
Average Training Loss: 0.881215
Val Loss: 2.3539 | C-index: 0.6324

Epoch 9
-------------------------------
loss: 2.365766  [   64/  678]
loss: 2.511145  [  256/  678]
loss: 2.379238  [  448/  678]
loss: 2.243225  [  640/  678]
Average Training Loss: 0.863580
Val Loss: 2.3604 | C-index: 0.6085

Epoch 10
-------------------------------
loss: 2.536441  [   64/  678]
loss: 2.294385  [  256/  678]
loss: 1.916400  [  448/  678]
loss: 2.407790  [  640/  678]
Average Training Loss: 0.832274
Val Loss: 2.4071 | C-index: 0.5813

Epoch 11
-------------------------------
loss: 2.558475  [   64/  678]
loss: 2.273452  [  256/  678]
loss: 2.435426  [  448/  678]
loss: 2.219058  [  640/  678]
Average Training Loss: 0.862401
Val Loss: 2.4010 | C-index: 0.5893

Stopping early at Epoch 11 since no C-Index improvement after 5 epochs.
Done!
Best C-Index = 0.6499202551834131 at Epoch 6

=========================================
FOLD 5/5
=========================================

Epoch 1
-------------------------------
loss: 3.055978  [   64/  678]
loss: 2.703520  [  256/  678]
loss: 2.920256  [  448/  678]
loss: 3.015205  [  640/  678]
Average Training Loss: 1.063178
Val Loss: 3.0648 | C-index: 0.6290

Epoch 2
-------------------------------
loss: 2.842411  [   64/  678]
loss: 3.036189  [  256/  678]
loss: 3.063354  [  448/  678]
loss: 3.255228  [  640/  678]
Average Training Loss: 1.108835
Val Loss: 3.0583 | C-index: 0.6529

Epoch 3
-------------------------------
loss: 2.905501  [   64/  678]
loss: 2.274868  [  256/  678]
loss: 3.181026  [  448/  678]
loss: 2.750278  [  640/  678]
Average Training Loss: 1.010152
Val Loss: 3.0409 | C-index: 0.6553

Epoch 4
-------------------------------
loss: 2.902799  [   64/  678]
loss: 2.501885  [  256/  678]
loss: 2.770955  [  448/  678]
loss: 2.798467  [  640/  678]
Average Training Loss: 0.997646
Val Loss: 3.0128 | C-index: 0.6704

Epoch 5
-------------------------------
loss: 2.873458  [   64/  678]
loss: 2.302763  [  256/  678]
loss: 2.499200  [  448/  678]
loss: 2.661495  [  640/  678]
Average Training Loss: 0.939720
Val Loss: 2.9774 | C-index: 0.6933

Epoch 6
-------------------------------
loss: 3.428752  [   64/  678]
loss: 1.781212  [  256/  678]
loss: 2.769962  [  448/  678]
loss: 2.361812  [  640/  678]
Average Training Loss: 0.940158
Val Loss: 3.0020 | C-index: 0.6841

Epoch 7
-------------------------------
loss: 2.585730  [   64/  678]
loss: 2.516814  [  256/  678]
loss: 2.485188  [  448/  678]
loss: 2.360247  [  640/  678]
Average Training Loss: 0.904362
Val Loss: 2.9946 | C-index: 0.6875

Epoch 8
-------------------------------
loss: 2.142597  [   64/  678]
loss: 1.993021  [  256/  678]
loss: 2.170444  [  448/  678]
loss: 2.452658  [  640/  678]
Average Training Loss: 0.796247
Val Loss: 2.9885 | C-index: 0.7118

Epoch 9
-------------------------------
loss: 2.269020  [   64/  678]
loss: 2.303918  [  256/  678]
loss: 2.474741  [  448/  678]
loss: 2.658129  [  640/  678]
Average Training Loss: 0.882346
Val Loss: 2.9707 | C-index: 0.7221

Epoch 10
-------------------------------
loss: 2.280464  [   64/  678]
loss: 1.932391  [  256/  678]
loss: 2.074863  [  448/  678]
loss: 2.192007  [  640/  678]
Average Training Loss: 0.770884
Val Loss: 2.9751 | C-index: 0.7318

Epoch 11
-------------------------------
loss: 1.625522  [   64/  678]
loss: 2.380847  [  256/  678]
loss: 2.187905  [  448/  678]
loss: 2.440562  [  640/  678]
Average Training Loss: 0.784985
Val Loss: 2.9347 | C-index: 0.7387

Epoch 12
-------------------------------
loss: 1.854228  [   64/  678]
loss: 2.151151  [  256/  678]
loss: 1.888867  [  448/  678]
loss: 2.369408  [  640/  678]
Average Training Loss: 0.751241
Val Loss: 2.9901 | C-index: 0.7148

Epoch 13
-------------------------------
loss: 2.000447  [   64/  678]
loss: 2.114464  [  256/  678]
loss: 1.944628  [  448/  678]
loss: 2.360985  [  640/  678]
Average Training Loss: 0.765502
Val Loss: 3.0229 | C-index: 0.7040

Epoch 14
-------------------------------
loss: 2.364533  [   64/  678]
loss: 2.066591  [  256/  678]
loss: 1.782806  [  448/  678]
loss: 2.416602  [  640/  678]
Average Training Loss: 0.784594
Val Loss: 2.9990 | C-index: 0.6953

Epoch 15
-------------------------------
loss: 2.072019  [   64/  678]
loss: 2.593818  [  256/  678]
loss: 2.148478  [  448/  678]
loss: 1.491544  [  640/  678]
Average Training Loss: 0.755078
Val Loss: 2.9696 | C-index: 0.7016

Epoch 16
-------------------------------
loss: 2.070280  [   64/  678]
loss: 2.019885  [  256/  678]
loss: 2.284747  [  448/  678]
loss: 2.180373  [  640/  678]
Average Training Loss: 0.777753
Val Loss: 2.9995 | C-index: 0.6870

Stopping early at Epoch 16 since no C-Index improvement after 5 epochs.
Done!
Best C-Index = 0.7386640663091175 at Epoch 11

=========================================
CV training complete! Mean ± std C-index: 0.7156 ± 0.0383
Best epochs per fold: [13, 17, 8, 6, 11]

=========================================
Retraining model on full train+val for 11 epochs...
Epoch 1
-------------------------------
loss: 2.575050  [   64/  847]
loss: 2.815665  [  320/  847]
loss: 3.675323  [  576/  847]
loss: 2.978049  [  832/  847]
Average Training Loss: 0.860292
Val Loss: 2.8627 | C-index: 0.6941

Epoch 2
-------------------------------
loss: 2.981888  [   64/  847]
loss: 3.262654  [  320/  847]
loss: 2.786584  [  576/  847]
loss: 2.873311  [  832/  847]
Average Training Loss: 0.850317
Val Loss: 2.8630 | C-index: 0.6982

Epoch 3
-------------------------------
loss: 2.650462  [   64/  847]
loss: 3.171448  [  320/  847]
loss: 3.256797  [  576/  847]
loss: 3.154708  [  832/  847]
Average Training Loss: 0.873815
Val Loss: 2.7146 | C-index: 0.6954

Epoch 4
-------------------------------
loss: 2.674999  [   64/  847]
loss: 2.997931  [  320/  847]
loss: 3.060950  [  576/  847]
loss: 2.916235  [  832/  847]
Average Training Loss: 0.832151
Val Loss: 2.5969 | C-index: 0.7500

Epoch 5
-------------------------------
loss: 2.369120  [   64/  847]
loss: 2.823747  [  320/  847]
loss: 2.322286  [  576/  847]
loss: 3.359966  [  832/  847]
Average Training Loss: 0.776794
Val Loss: 2.5061 | C-index: 0.8270

Epoch 6
-------------------------------
loss: 2.881084  [   64/  847]
loss: 2.963329  [  320/  847]
loss: 3.050838  [  576/  847]
loss: 2.505524  [  832/  847]
Average Training Loss: 0.814341
Val Loss: 2.3097 | C-index: 0.8567

Epoch 7
-------------------------------
loss: 2.183912  [   64/  847]
loss: 2.463551  [  320/  847]
loss: 2.518363  [  576/  847]
loss: 2.283636  [  832/  847]
Average Training Loss: 0.674962
Val Loss: 2.1787 | C-index: 0.8891

Epoch 8
-------------------------------
loss: 2.145096  [   64/  847]
loss: 2.590483  [  320/  847]
loss: 2.873034  [  576/  847]
loss: 2.285668  [  832/  847]
Average Training Loss: 0.706734
Val Loss: 2.1809 | C-index: 0.9027

Epoch 9
-------------------------------
loss: 2.407640  [   64/  847]
loss: 2.001941  [  320/  847]
loss: 2.169916  [  576/  847]
loss: 2.600795  [  832/  847]
Average Training Loss: 0.655735
Val Loss: 2.1282 | C-index: 0.9177

Epoch 10
-------------------------------
loss: 2.225357  [   64/  847]
loss: 2.342552  [  320/  847]
loss: 2.494538  [  576/  847]
loss: 2.112234  [  832/  847]
Average Training Loss: 0.655334
Val Loss: 2.0563 | C-index: 0.9266

Epoch 11
-------------------------------
loss: 2.255213  [   64/  847]
loss: 2.354781  [  320/  847]
loss: 2.095127  [  576/  847]
loss: 2.106257  [  832/  847]
Average Training Loss: 0.629384
Val Loss: 1.9888 | C-index: 0.9253

Done!
Best C-Index = 0.9266459612603428 at Epoch 10
FINAL TEST Average Loss: 2.4775
FINAL TEST C-index: 0.6125
Bootstrap 95% CI: [0.4796, 0.7428]
Top 10 activated pathways:
{'R-HSA-9028731': 0.06846186518669128, 'R-HSA-8978934': 0.06723947823047638, 'R-HSA-9634638': 0.0627981647849083, 'R-HSA-167238': 0.05967209115624428, 'R-HSA-140877': 0.057144246995449066, 'R-HSA-8863795': 0.05534142255783081, 'R-HSA-9669938': 0.05515005439519882, 'R-HSA-449836': 0.05489560216665268, 'R-HSA-187577': 0.05451624467968941, 'R-HSA-9013507': 0.05375523120164871}
Results saved to /Users/evan/Documents/GitHub/HyBINN/experiments/runs/binn/seed_9/results.json
