train_hybinn.py log started 2026-06-17 01:17:24.245885
=========================================
Model Active Branches: ['binn', 'clinical']
=========================================

=========================================
FOLD 1/5
=========================================

Epoch 1
-------------------------------
loss: 3.253160  [   64/  677]
loss: 3.112441  [  256/  677]
loss: 2.553164  [  448/  677]
loss: 2.818131  [  640/  677]
Average Training Loss: 1.066991
Val Loss: 2.5745 | C-index: 0.5494

Epoch 2
-------------------------------
loss: 2.656792  [   64/  677]
loss: 2.853737  [  256/  677]
loss: 3.656653  [  448/  677]
loss: 2.974999  [  640/  677]
Average Training Loss: 1.103835
Val Loss: 2.5718 | C-index: 0.5607

Epoch 3
-------------------------------
loss: 2.572545  [   64/  677]
loss: 3.207547  [  256/  677]
loss: 2.899689  [  448/  677]
loss: 2.967616  [  640/  677]
Average Training Loss: 1.058854
Val Loss: 2.5643 | C-index: 0.5648

Epoch 4
-------------------------------
loss: 2.999892  [   64/  677]
loss: 3.183851  [  256/  677]
loss: 3.281292  [  448/  677]
loss: 3.539224  [  640/  677]
Average Training Loss: 1.182205
Val Loss: 2.5473 | C-index: 0.5668

Epoch 5
-------------------------------
loss: 2.447986  [   64/  677]
loss: 3.127431  [  256/  677]
loss: 2.836925  [  448/  677]
loss: 3.036989  [  640/  677]
Average Training Loss: 1.040848
Val Loss: 2.5328 | C-index: 0.5594

Epoch 6
-------------------------------
loss: 2.530560  [   64/  677]
loss: 3.417582  [  256/  677]
loss: 2.590302  [  448/  677]
loss: 2.323043  [  640/  677]
Average Training Loss: 0.987408
Val Loss: 2.4716 | C-index: 0.6662

Epoch 7
-------------------------------
loss: 2.994702  [   64/  677]
loss: 2.892810  [  256/  677]
loss: 2.399395  [  448/  677]
loss: 2.721365  [  640/  677]
Average Training Loss: 1.000752
Val Loss: 2.4374 | C-index: 0.7036

Epoch 8
-------------------------------
loss: 2.806101  [   64/  677]
loss: 2.835479  [  256/  677]
loss: 2.699625  [  448/  677]
loss: 2.434316  [  640/  677]
Average Training Loss: 0.979593
Val Loss: 2.4055 | C-index: 0.7510

Epoch 9
-------------------------------
loss: 2.597852  [   64/  677]
loss: 2.281765  [  256/  677]
loss: 2.801517  [  448/  677]
loss: 3.017950  [  640/  677]
Average Training Loss: 0.972644
Val Loss: 2.4139 | C-index: 0.7356

Epoch 10
-------------------------------
loss: 2.616457  [   64/  677]
loss: 2.394904  [  256/  677]
loss: 2.528844  [  448/  677]
loss: 2.798713  [  640/  677]
Average Training Loss: 0.939902
Val Loss: 2.3929 | C-index: 0.7336

Epoch 11
-------------------------------
loss: 2.309139  [   64/  677]
loss: 2.673751  [  256/  677]
loss: 2.465421  [  448/  677]
loss: 2.720125  [  640/  677]
Average Training Loss: 0.924403
Val Loss: 2.4337 | C-index: 0.6936

Epoch 12
-------------------------------
loss: 2.750830  [   64/  677]
loss: 2.691628  [  256/  677]
loss: 2.284916  [  448/  677]
loss: 2.248914  [  640/  677]
Average Training Loss: 0.906935
Val Loss: 2.4164 | C-index: 0.7530

Epoch 13
-------------------------------
loss: 2.476506  [   64/  677]
loss: 2.060288  [  256/  677]
loss: 2.368864  [  448/  677]
loss: 2.415488  [  640/  677]
Average Training Loss: 0.847377
Val Loss: 2.4088 | C-index: 0.7704

Epoch 14
-------------------------------
loss: 2.468414  [   64/  677]
loss: 2.500385  [  256/  677]
loss: 1.895049  [  448/  677]
loss: 2.721065  [  640/  677]
Average Training Loss: 0.871356
Val Loss: 2.4255 | C-index: 0.6809

Epoch 15
-------------------------------
loss: 2.055772  [   64/  677]
loss: 2.173750  [  256/  677]
loss: 2.274447  [  448/  677]
loss: 2.499097  [  640/  677]
Average Training Loss: 0.818461
Val Loss: 2.3957 | C-index: 0.7350

Epoch 16
-------------------------------
loss: 2.577893  [   64/  677]
loss: 2.089743  [  256/  677]
loss: 2.094821  [  448/  677]
loss: 2.159050  [  640/  677]
Average Training Loss: 0.811046
Val Loss: 2.4151 | C-index: 0.7336

Epoch 17
-------------------------------
loss: 2.045600  [   64/  677]
loss: 2.491744  [  256/  677]
loss: 1.919803  [  448/  677]
loss: 2.041526  [  640/  677]
Average Training Loss: 0.772607
Val Loss: 2.4185 | C-index: 0.7156

Epoch 18
-------------------------------
loss: 2.053180  [   64/  677]
loss: 2.024003  [  256/  677]
loss: 2.404962  [  448/  677]
loss: 2.357955  [  640/  677]
Average Training Loss: 0.803645
Val Loss: 2.4122 | C-index: 0.7397

Stopping early at Epoch 18 since no C-Index improvement after 5 epochs.
Done!
Best C-Index = 0.7703604806408545 at Epoch 13

=========================================
FOLD 2/5
=========================================

Epoch 1
-------------------------------
loss: 2.901241  [   64/  677]
loss: 3.269874  [  256/  677]
loss: 3.405423  [  448/  677]
loss: 2.895042  [  640/  677]
Average Training Loss: 1.133780
Val Loss: 2.7776 | C-index: 0.6417

Epoch 2
-------------------------------
loss: 3.144787  [   64/  677]
loss: 1.974507  [  256/  677]
loss: 2.764081  [  448/  677]
loss: 2.537331  [  640/  677]
Average Training Loss: 0.947337
Val Loss: 2.7775 | C-index: 0.5396

Epoch 3
-------------------------------
loss: 2.741459  [   64/  677]
loss: 3.169253  [  256/  677]
loss: 3.011770  [  448/  677]
loss: 2.096423  [  640/  677]
Average Training Loss: 1.001719
Val Loss: 2.7869 | C-index: 0.4847

Epoch 4
-------------------------------
loss: 3.045746  [   64/  677]
loss: 3.219415  [  256/  677]
loss: 2.748754  [  448/  677]
loss: 2.836353  [  640/  677]
Average Training Loss: 1.077297
Val Loss: 2.8036 | C-index: 0.4805

Epoch 5
-------------------------------
loss: 2.845332  [   64/  677]
loss: 2.595669  [  256/  677]
loss: 2.973372  [  448/  677]
loss: 2.910420  [  640/  677]
Average Training Loss: 1.029527
Val Loss: 2.8044 | C-index: 0.5047

Epoch 6
-------------------------------
loss: 2.671494  [   64/  677]
loss: 2.856781  [  256/  677]
loss: 2.844348  [  448/  677]
loss: 2.786735  [  640/  677]
Average Training Loss: 1.014487
Val Loss: 2.7463 | C-index: 0.5543

Stopping early at Epoch 6 since no C-Index improvement after 5 epochs.
Done!
Best C-Index = 0.6416765053128689 at Epoch 1

=========================================
FOLD 3/5
=========================================

Epoch 1
-------------------------------
loss: 2.699390  [   64/  678]
loss: 2.721145  [  256/  678]
loss: 2.580593  [  448/  678]
loss: 2.912049  [  640/  678]
Average Training Loss: 0.992107
Val Loss: 2.8636 | C-index: 0.6164

Epoch 2
-------------------------------
loss: 3.000102  [   64/  678]
loss: 2.820139  [  256/  678]
loss: 3.248135  [  448/  678]
loss: 2.258049  [  640/  678]
Average Training Loss: 1.029675
Val Loss: 2.8600 | C-index: 0.6309

Epoch 3
-------------------------------
loss: 2.847204  [   64/  678]
loss: 3.200151  [  256/  678]
loss: 2.944686  [  448/  678]
loss: 3.258827  [  640/  678]
Average Training Loss: 1.113715
Val Loss: 2.8560 | C-index: 0.5824

Epoch 4
-------------------------------
loss: 2.985745  [   64/  678]
loss: 2.944781  [  256/  678]
loss: 2.928092  [  448/  678]
loss: 2.880873  [  640/  678]
Average Training Loss: 1.067226
Val Loss: 2.8737 | C-index: 0.5108

Epoch 5
-------------------------------
loss: 2.629506  [   64/  678]
loss: 3.301804  [  256/  678]
loss: 2.753861  [  448/  678]
loss: 2.903143  [  640/  678]
Average Training Loss: 1.053483
Val Loss: 2.8577 | C-index: 0.5506

Epoch 6
-------------------------------
loss: 2.958323  [   64/  678]
loss: 2.283042  [  256/  678]
loss: 2.932756  [  448/  678]
loss: 2.568918  [  640/  678]
Average Training Loss: 0.976640
Val Loss: 2.8101 | C-index: 0.6029

Epoch 7
-------------------------------
loss: 2.714110  [   64/  678]
loss: 2.472071  [  256/  678]
loss: 2.907289  [  448/  678]
loss: 2.431235  [  640/  678]
Average Training Loss: 0.956791
Val Loss: 2.7069 | C-index: 0.6961

Epoch 8
-------------------------------
loss: 2.239568  [   64/  678]
loss: 2.458502  [  256/  678]
loss: 2.551253  [  448/  678]
loss: 2.693724  [  640/  678]
Average Training Loss: 0.903913
Val Loss: 2.7248 | C-index: 0.7091

Epoch 9
-------------------------------
loss: 2.472095  [   64/  678]
loss: 2.562931  [  256/  678]
loss: 2.573386  [  448/  678]
loss: 2.398931  [  640/  678]
Average Training Loss: 0.909758
Val Loss: 2.7698 | C-index: 0.6837

Epoch 10
-------------------------------
loss: 3.065867  [   64/  678]
loss: 2.640128  [  256/  678]
loss: 2.609788  [  448/  678]
loss: 1.221050  [  640/  678]
Average Training Loss: 0.866985
Val Loss: 2.7332 | C-index: 0.7188

Epoch 11
-------------------------------
loss: 2.666387  [   64/  678]
loss: 1.235377  [  256/  678]
loss: 2.964743  [  448/  678]
loss: 2.615823  [  640/  678]
Average Training Loss: 0.862030
Val Loss: 2.7213 | C-index: 0.7047

Epoch 12
-------------------------------
loss: 2.794790  [   64/  678]
loss: 2.321831  [  256/  678]
loss: 2.339075  [  448/  678]
loss: 2.280936  [  640/  678]
Average Training Loss: 0.885148
Val Loss: 2.7490 | C-index: 0.7204

Epoch 13
-------------------------------
loss: 2.436880  [   64/  678]
loss: 3.142728  [  256/  678]
loss: 2.262647  [  448/  678]
loss: 2.709755  [  640/  678]
Average Training Loss: 0.959274
Val Loss: 2.7573 | C-index: 0.7015

Epoch 14
-------------------------------
loss: 2.402843  [   64/  678]
loss: 2.308284  [  256/  678]
loss: 1.988419  [  448/  678]
loss: 2.553184  [  640/  678]
Average Training Loss: 0.841157
Val Loss: 2.7059 | C-index: 0.7188

Epoch 15
-------------------------------
loss: 2.272184  [   64/  678]
loss: 2.607043  [  256/  678]
loss: 2.559277  [  448/  678]
loss: 2.661735  [  640/  678]
Average Training Loss: 0.918204
Val Loss: 2.7638 | C-index: 0.7247

Epoch 16
-------------------------------
loss: 2.311866  [   64/  678]
loss: 2.460560  [  256/  678]
loss: 1.394868  [  448/  678]
loss: 2.185022  [  640/  678]
Average Training Loss: 0.759301
Val Loss: 2.6529 | C-index: 0.7640

Epoch 17
-------------------------------
loss: 2.369838  [   64/  678]
loss: 2.184600  [  256/  678]
loss: 2.619641  [  448/  678]
loss: 2.494508  [  640/  678]
Average Training Loss: 0.878962
Val Loss: 2.7784 | C-index: 0.7053

Epoch 18
-------------------------------
loss: 2.655257  [   64/  678]
loss: 2.170283  [  256/  678]
loss: 2.516340  [  448/  678]
loss: 1.970413  [  640/  678]
Average Training Loss: 0.846572
Val Loss: 2.7244 | C-index: 0.7462

Epoch 19
-------------------------------
loss: 2.467897  [   64/  678]
loss: 2.058197  [  256/  678]
loss: 2.467080  [  448/  678]
loss: 2.075303  [  640/  678]
Average Training Loss: 0.824407
Val Loss: 2.7991 | C-index: 0.7123

Epoch 20
-------------------------------
loss: 2.011358  [   64/  678]
loss: 2.559311  [  256/  678]
loss: 2.195279  [  448/  678]
loss: 2.624850  [  640/  678]
Average Training Loss: 0.853709
Val Loss: 2.7540 | C-index: 0.7511

Epoch 21
-------------------------------
loss: 2.314682  [   64/  678]
loss: 2.101169  [  256/  678]
loss: 2.736267  [  448/  678]
loss: 2.233726  [  640/  678]
Average Training Loss: 0.853259
Val Loss: 2.7936 | C-index: 0.7241

Stopping early at Epoch 21 since no C-Index improvement after 5 epochs.
Done!
Best C-Index = 0.7640086206896551 at Epoch 16

=========================================
FOLD 4/5
=========================================

Epoch 1
-------------------------------
loss: 3.363221  [   64/  678]
loss: 3.132657  [  256/  678]
loss: 2.892541  [  448/  678]
loss: 2.783341  [  640/  678]
Average Training Loss: 1.106524
Val Loss: 2.7827 | C-index: 0.6462

Epoch 2
-------------------------------
loss: 3.107872  [   64/  678]
loss: 3.164335  [  256/  678]
loss: 3.113682  [  448/  678]
loss: 2.609368  [  640/  678]
Average Training Loss: 1.090478
Val Loss: 2.7784 | C-index: 0.6476

Epoch 3
-------------------------------
loss: 2.894409  [   64/  678]
loss: 2.453544  [  256/  678]
loss: 3.028476  [  448/  678]
loss: 2.831378  [  640/  678]
Average Training Loss: 1.018892
Val Loss: 2.7656 | C-index: 0.6505

Epoch 4
-------------------------------
loss: 2.931788  [   64/  678]
loss: 2.398394  [  256/  678]
loss: 2.458859  [  448/  678]
loss: 2.557178  [  640/  678]
Average Training Loss: 0.940565
Val Loss: 2.7520 | C-index: 0.6476

Epoch 5
-------------------------------
loss: 3.582305  [   64/  678]
loss: 2.421986  [  256/  678]
loss: 2.902669  [  448/  678]
loss: 3.103859  [  640/  678]
Average Training Loss: 1.091893
Val Loss: 2.7297 | C-index: 0.6596

Epoch 6
-------------------------------
loss: 3.060483  [   64/  678]
loss: 2.364923  [  256/  678]
loss: 2.898883  [  448/  678]
loss: 2.363952  [  640/  678]
Average Training Loss: 0.971658
Val Loss: 2.7111 | C-index: 0.6462

Epoch 7
-------------------------------
loss: 2.408686  [   64/  678]
loss: 2.633064  [  256/  678]
loss: 2.660886  [  448/  678]
loss: 2.854899  [  640/  678]
Average Training Loss: 0.959776
Val Loss: 2.7159 | C-index: 0.6448

Epoch 8
-------------------------------
loss: 2.759774  [   64/  678]
loss: 2.169945  [  256/  678]
loss: 2.482816  [  448/  678]
loss: 2.946791  [  640/  678]
Average Training Loss: 0.941757
Val Loss: 2.6911 | C-index: 0.7019

Epoch 9
-------------------------------
loss: 2.792459  [   64/  678]
loss: 2.931972  [  256/  678]
loss: 2.604848  [  448/  678]
loss: 2.295918  [  640/  678]
Average Training Loss: 0.965927
Val Loss: 2.6901 | C-index: 0.6850

Epoch 10
-------------------------------
loss: 2.741154  [   64/  678]
loss: 2.835382  [  256/  678]
loss: 2.594100  [  448/  678]
loss: 2.325443  [  640/  678]
Average Training Loss: 0.954189
Val Loss: 2.6589 | C-index: 0.6744

Epoch 11
-------------------------------
loss: 3.206972  [   64/  678]
loss: 2.466355  [  256/  678]
loss: 2.379756  [  448/  678]
loss: 2.540341  [  640/  678]
Average Training Loss: 0.963038
Val Loss: 2.6854 | C-index: 0.6815

Epoch 12
-------------------------------
loss: 2.277702  [   64/  678]
loss: 2.146307  [  256/  678]
loss: 2.046142  [  448/  678]
loss: 2.341204  [  640/  678]
Average Training Loss: 0.801032
Val Loss: 2.6541 | C-index: 0.6956

Epoch 13
-------------------------------
loss: 2.294075  [   64/  678]
loss: 2.582105  [  256/  678]
loss: 2.246071  [  448/  678]
loss: 2.304204  [  640/  678]
Average Training Loss: 0.856950
Val Loss: 2.6426 | C-index: 0.7259

Epoch 14
-------------------------------
loss: 2.371172  [   64/  678]
loss: 2.147080  [  256/  678]
loss: 2.256007  [  448/  678]
loss: 2.091237  [  640/  678]
Average Training Loss: 0.805954
Val Loss: 2.6382 | C-index: 0.7012

Epoch 15
-------------------------------
loss: 2.328319  [   64/  678]
loss: 1.765461  [  256/  678]
loss: 2.718951  [  448/  678]
loss: 2.427326  [  640/  678]
Average Training Loss: 0.840005
Val Loss: 2.6320 | C-index: 0.7082

Epoch 16
-------------------------------
loss: 2.088695  [   64/  678]
loss: 2.037210  [  256/  678]
loss: 2.201386  [  448/  678]
loss: 2.292991  [  640/  678]
Average Training Loss: 0.783662
Val Loss: 2.6666 | C-index: 0.6913

Epoch 17
-------------------------------
loss: 2.086085  [   64/  678]
loss: 2.195179  [  256/  678]
loss: 2.320171  [  448/  678]
loss: 2.072330  [  640/  678]
Average Training Loss: 0.788524
Val Loss: 2.6739 | C-index: 0.6864

Epoch 18
-------------------------------
loss: 2.514203  [   64/  678]
loss: 2.148118  [  256/  678]
loss: 2.292500  [  448/  678]
loss: 2.420510  [  640/  678]
Average Training Loss: 0.852303
Val Loss: 2.6321 | C-index: 0.7082

Stopping early at Epoch 18 since no C-Index improvement after 5 epochs.
Done!
Best C-Index = 0.7258632840028189 at Epoch 13

=========================================
FOLD 5/5
=========================================

Epoch 1
-------------------------------
loss: 2.638069  [   64/  678]
loss: 2.899916  [  256/  678]
loss: 2.884034  [  448/  678]
loss: 2.905599  [  640/  678]
Average Training Loss: 1.029783
Val Loss: 2.9357 | C-index: 0.7187

Epoch 2
-------------------------------
loss: 2.827743  [   64/  678]
loss: 3.157961  [  256/  678]
loss: 2.806509  [  448/  678]
loss: 2.986060  [  640/  678]
Average Training Loss: 1.070752
Val Loss: 2.9278 | C-index: 0.7175

Epoch 3
-------------------------------
loss: 3.162644  [   64/  678]
loss: 2.759203  [  256/  678]
loss: 3.003656  [  448/  678]
loss: 3.192285  [  640/  678]
Average Training Loss: 1.101617
Val Loss: 2.9192 | C-index: 0.7002

Epoch 4
-------------------------------
loss: 2.824410  [   64/  678]
loss: 2.635521  [  256/  678]
loss: 2.320426  [  448/  678]
loss: 2.368801  [  640/  678]
Average Training Loss: 0.922651
Val Loss: 2.8922 | C-index: 0.6967

Epoch 5
-------------------------------
loss: 2.908994  [   64/  678]
loss: 2.686256  [  256/  678]
loss: 2.992207  [  448/  678]
loss: 2.632817  [  640/  678]
Average Training Loss: 1.020025
Val Loss: 2.8581 | C-index: 0.7054

Epoch 6
-------------------------------
loss: 2.851717  [   64/  678]
loss: 2.794315  [  256/  678]
loss: 2.682337  [  448/  678]
loss: 2.567960  [  640/  678]
Average Training Loss: 0.990575
Val Loss: 2.8103 | C-index: 0.7452

Epoch 7
-------------------------------
loss: 2.393713  [   64/  678]
loss: 3.159611  [  256/  678]
loss: 2.208640  [  448/  678]
loss: 2.759297  [  640/  678]
Average Training Loss: 0.956478
Val Loss: 2.7637 | C-index: 0.7574

Epoch 8
-------------------------------
loss: 2.561142  [   64/  678]
loss: 2.882090  [  256/  678]
loss: 2.856494  [  448/  678]
loss: 2.240410  [  640/  678]
Average Training Loss: 0.958194
Val Loss: 2.7086 | C-index: 0.7897

Epoch 9
-------------------------------
loss: 2.310345  [   64/  678]
loss: 2.467736  [  256/  678]
loss: 2.548855  [  448/  678]
loss: 2.514631  [  640/  678]
Average Training Loss: 0.894688
Val Loss: 2.6696 | C-index: 0.7805

Epoch 10
-------------------------------
loss: 2.364135  [   64/  678]
loss: 2.673373  [  256/  678]
loss: 2.564382  [  448/  678]
loss: 2.396996  [  640/  678]
Average Training Loss: 0.908990
Val Loss: 2.6902 | C-index: 0.7851

Epoch 11
-------------------------------
loss: 2.355297  [   64/  678]
loss: 1.931807  [  256/  678]
loss: 2.537352  [  448/  678]
loss: 2.007119  [  640/  678]
Average Training Loss: 0.802871
Val Loss: 2.6711 | C-index: 0.7707

Epoch 12
-------------------------------
loss: 2.127993  [   64/  678]
loss: 2.539988  [  256/  678]
loss: 2.559835  [  448/  678]
loss: 2.639788  [  640/  678]
Average Training Loss: 0.897055
Val Loss: 2.6838 | C-index: 0.7863

Epoch 13
-------------------------------
loss: 1.977894  [   64/  678]
loss: 2.409583  [  256/  678]
loss: 1.948599  [  448/  678]
loss: 2.352551  [  640/  678]
Average Training Loss: 0.789875
Val Loss: 2.6535 | C-index: 0.7764

Stopping early at Epoch 13 since no C-Index improvement after 5 epochs.
Done!
Best C-Index = 0.7897169266320047 at Epoch 8

=========================================
CV training complete! Mean ± std C-index: 0.7383 ± 0.0526
Best epochs per fold: [13, 1, 16, 13, 8]

=========================================
Retraining model on full train+val for 10 epochs...
Epoch 1
-------------------------------
loss: 3.232121  [   64/  847]
loss: 2.396653  [  320/  847]
loss: 3.186591  [  576/  847]
loss: 2.964552  [  832/  847]
Average Training Loss: 0.841423
Val Loss: 2.8516 | C-index: 0.6994

Epoch 2
-------------------------------
loss: 3.229648  [   64/  847]
loss: 3.058902  [  320/  847]
loss: 2.971271  [  576/  847]
loss: 3.488005  [  832/  847]
Average Training Loss: 0.910559
Val Loss: 2.8233 | C-index: 0.7169

Epoch 3
-------------------------------
loss: 2.526178  [   64/  847]
loss: 3.478556  [  320/  847]
loss: 2.763103  [  576/  847]
loss: 2.324230  [  832/  847]
Average Training Loss: 0.792290
Val Loss: 2.7991 | C-index: 0.6679

Epoch 4
-------------------------------
loss: 3.267727  [   64/  847]
loss: 2.457181  [  320/  847]
loss: 2.469182  [  576/  847]
loss: 2.889170  [  832/  847]
Average Training Loss: 0.791661
Val Loss: 2.7267 | C-index: 0.6992

Epoch 5
-------------------------------
loss: 3.027146  [   64/  847]
loss: 2.986783  [  320/  847]
loss: 2.486860  [  576/  847]
loss: 2.890512  [  832/  847]
Average Training Loss: 0.813664
Val Loss: 2.7039 | C-index: 0.7518

Epoch 6
-------------------------------
loss: 3.084432  [   64/  847]
loss: 2.628977  [  320/  847]
loss: 2.312662  [  576/  847]
loss: 2.733020  [  832/  847]
Average Training Loss: 0.768506
Val Loss: 2.5389 | C-index: 0.8562

Epoch 7
-------------------------------
loss: 2.666459  [   64/  847]
loss: 2.920468  [  320/  847]
loss: 2.378706  [  576/  847]
loss: 2.906830  [  832/  847]
Average Training Loss: 0.776604
Val Loss: 2.4555 | C-index: 0.8595

Epoch 8
-------------------------------
loss: 2.540944  [   64/  847]
loss: 2.567786  [  320/  847]
loss: 2.509549  [  576/  847]
loss: 2.923193  [  832/  847]
Average Training Loss: 0.752962
Val Loss: 2.4676 | C-index: 0.8969

Epoch 9
-------------------------------
loss: 2.692222  [   64/  847]
loss: 2.701565  [  320/  847]
loss: 2.449810  [  576/  847]
loss: 2.396121  [  832/  847]
Average Training Loss: 0.731408
Val Loss: 2.3277 | C-index: 0.9079

Epoch 10
-------------------------------
loss: 2.361021  [   64/  847]
loss: 2.366426  [  320/  847]
loss: 2.028381  [  576/  847]
loss: 2.626829  [  832/  847]
Average Training Loss: 0.670190
Val Loss: 2.3708 | C-index: 0.9069

Done!
Best C-Index = 0.9078931463797897 at Epoch 9
FINAL TEST Average Loss: 2.5151
FINAL TEST C-index: 0.6705
Bootstrap 95% CI: [0.5321, 0.7936]
Top 10 activated pathways:
{'R-HSA-375280': 0.052691150456666946, 'R-HSA-210500': 0.05204300209879875, 'R-HSA-5358508': 0.0513899065554142, 'R-HSA-8964043': 0.05126938596367836, 'R-HSA-399721': 0.04681728780269623, 'R-HSA-4090294': 0.046175818890333176, 'R-HSA-9665686': 0.0449349619448185, 'R-HSA-164938': 0.04314207658171654, 'R-HSA-9733709': 0.04299549758434296, 'R-HSA-8956319': 0.04295969754457474}
Results saved to /Users/evan/Documents/GitHub/HyBINN/experiments/runs/binn_clinical/seed_5/results.json
