train_hybinn.py log started 2026-06-05 22:38:29.234852
=========================================
Model Active Branches: ['binn', 'gene']
=========================================

=========================================
FOLD 1/5
=========================================

Epoch 1
-------------------------------
loss: 2.648484  [   64/  677]
loss: 2.741813  [  256/  677]
loss: 2.562725  [  448/  677]
loss: 2.925013  [  640/  677]
Average Training Loss: 0.988912
Val Loss: 3.0612 | C-index: 0.5236

Epoch 2
-------------------------------
loss: 2.936166  [   64/  677]
loss: 3.619332  [  256/  677]
loss: 2.682997  [  448/  677]
loss: 3.171666  [  640/  677]
Average Training Loss: 1.128196
Val Loss: 3.0567 | C-index: 0.5324

Epoch 3
-------------------------------
loss: 2.981061  [   64/  677]
loss: 2.271854  [  256/  677]
loss: 3.140551  [  448/  677]
loss: 2.660109  [  640/  677]
Average Training Loss: 1.004870
Val Loss: 3.0696 | C-index: 0.5480

Epoch 4
-------------------------------
loss: 2.259049  [   64/  677]
loss: 2.520276  [  256/  677]
loss: 2.588333  [  448/  677]
loss: 2.693168  [  640/  677]
Average Training Loss: 0.914620
Val Loss: 2.9576 | C-index: 0.6283

Epoch 5
-------------------------------
loss: 2.083866  [   64/  677]
loss: 2.159317  [  256/  677]
loss: 1.685556  [  448/  677]
loss: 1.199890  [  640/  677]
Average Training Loss: 0.648057
Val Loss: 3.0941 | C-index: 0.5558

Epoch 6
-------------------------------
loss: 1.967887  [   64/  677]
loss: 1.775672  [  256/  677]
loss: 1.507214  [  448/  677]
loss: 1.109783  [  640/  677]
Average Training Loss: 0.578232
Val Loss: 3.3080 | C-index: 0.5894

Epoch 7
-------------------------------
loss: 1.323341  [   64/  677]
loss: 1.693382  [  256/  677]
loss: 2.040597  [  448/  677]
loss: 1.696749  [  640/  677]
Average Training Loss: 0.614006
Val Loss: 3.1432 | C-index: 0.5665

Epoch 8
-------------------------------
loss: 1.884929  [   64/  677]
loss: 1.776326  [  256/  677]
loss: 1.466784  [  448/  677]
loss: 1.134549  [  640/  677]
Average Training Loss: 0.569326
Val Loss: 3.3141 | C-index: 0.5163

Epoch 9
-------------------------------
loss: 1.360104  [   64/  677]
loss: 1.295031  [  256/  677]
loss: 1.133223  [  448/  677]
loss: 1.241306  [  640/  677]
Average Training Loss: 0.457242
Val Loss: 3.2480 | C-index: 0.5748

Stopping early at Epoch 9 since no C-Index improvement after 5 epochs.
Done!
Best C-Index = 0.628348757915246 at Epoch 4

=========================================
FOLD 2/5
=========================================

Epoch 1
-------------------------------
loss: 3.107584  [   64/  677]
loss: 2.931844  [  256/  677]
loss: 3.109600  [  448/  677]
loss: 3.252456  [  640/  677]
Average Training Loss: 1.127408
Val Loss: 2.6253 | C-index: 0.3556

Epoch 2
-------------------------------
loss: 2.876389  [   64/  677]
loss: 3.065546  [  256/  677]
loss: 3.028255  [  448/  677]
loss: 3.035584  [  640/  677]
Average Training Loss: 1.091434
Val Loss: 2.6364 | C-index: 0.4037

Epoch 3
-------------------------------
loss: 2.672518  [   64/  677]
loss: 2.918951  [  256/  677]
loss: 2.914912  [  448/  677]
loss: 3.002811  [  640/  677]
Average Training Loss: 1.046290
Val Loss: 2.7034 | C-index: 0.5152

Epoch 4
-------------------------------
loss: 2.685190  [   64/  677]
loss: 2.341097  [  256/  677]
loss: 2.158671  [  448/  677]
loss: 2.119530  [  640/  677]
Average Training Loss: 0.845863
Val Loss: 2.8084 | C-index: 0.4503

Epoch 5
-------------------------------
loss: 1.912776  [   64/  677]
loss: 1.579000  [  256/  677]
loss: 2.172470  [  448/  677]
loss: 1.589335  [  640/  677]
Average Training Loss: 0.659416
Val Loss: 3.0679 | C-index: 0.5078

Epoch 6
-------------------------------
loss: 1.325514  [   64/  677]
loss: 1.435096  [  256/  677]
loss: 1.211953  [  448/  677]
loss: 1.747170  [  640/  677]
Average Training Loss: 0.519976
Val Loss: 3.0708 | C-index: 0.4503

Epoch 7
-------------------------------
loss: 0.983451  [   64/  677]
loss: 1.828103  [  256/  677]
loss: 1.231135  [  448/  677]
loss: 2.007767  [  640/  677]
Average Training Loss: 0.550041
Val Loss: 3.3524 | C-index: 0.5240

Epoch 8
-------------------------------
loss: 1.194926  [   64/  677]
loss: 0.781717  [  256/  677]
loss: 1.633748  [  448/  677]
loss: 1.441480  [  640/  677]
Average Training Loss: 0.459261
Val Loss: 3.0128 | C-index: 0.5598

Epoch 9
-------------------------------
loss: 1.689354  [   64/  677]
loss: 1.081929  [  256/  677]
loss: 1.102402  [  448/  677]
loss: 1.360942  [  640/  677]
Average Training Loss: 0.475875
Val Loss: 3.7942 | C-index: 0.5720

Epoch 10
-------------------------------
loss: 1.510053  [   64/  677]
loss: 0.996552  [  256/  677]
loss: 1.962980  [  448/  677]
loss: 1.304628  [  640/  677]
Average Training Loss: 0.524928
Val Loss: 3.4536 | C-index: 0.4848

Epoch 11
-------------------------------
loss: 0.955777  [   64/  677]
loss: 1.050893  [  256/  677]
loss: 1.011214  [  448/  677]
loss: 1.520053  [  640/  677]
Average Training Loss: 0.412540
Val Loss: 3.6072 | C-index: 0.4652

Epoch 12
-------------------------------
loss: 1.536660  [   64/  677]
loss: 1.355061  [  256/  677]
loss: 1.262507  [  448/  677]
loss: 1.743696  [  640/  677]
Average Training Loss: 0.536175
Val Loss: 3.5516 | C-index: 0.5619

Epoch 13
-------------------------------
loss: 1.038175  [   64/  677]
loss: 1.184228  [  256/  677]
loss: 1.338746  [  448/  677]
loss: 1.709447  [  640/  677]
Average Training Loss: 0.479145
Val Loss: 3.4034 | C-index: 0.5889

Epoch 14
-------------------------------
loss: 0.793285  [   64/  677]
loss: 1.598384  [  256/  677]
loss: 1.393347  [  448/  677]
loss: 1.179592  [  640/  677]
Average Training Loss: 0.451328
Val Loss: 3.8866 | C-index: 0.4550

Epoch 15
-------------------------------
loss: 1.002079  [   64/  677]
loss: 0.913145  [  256/  677]
loss: 2.500871  [  448/  677]
loss: 1.530492  [  640/  677]
Average Training Loss: 0.540599
Val Loss: 3.7606 | C-index: 0.5551

Epoch 16
-------------------------------
loss: 1.115107  [   64/  677]
loss: 1.052914  [  256/  677]
loss: 0.853220  [  448/  677]
loss: 1.148697  [  640/  677]
Average Training Loss: 0.379085
Val Loss: 3.8228 | C-index: 0.5267

Epoch 17
-------------------------------
loss: 1.192929  [   64/  677]
loss: 0.993322  [  256/  677]
loss: 0.287982  [  448/  677]
loss: 0.848978  [  640/  677]
Average Training Loss: 0.302110
Val Loss: 3.5113 | C-index: 0.5997

Epoch 18
-------------------------------
loss: 0.752810  [   64/  677]
loss: 0.591963  [  256/  677]
loss: 0.834828  [  448/  677]
loss: 1.523957  [  640/  677]
Average Training Loss: 0.336687
Val Loss: 3.7330 | C-index: 0.5571

Epoch 19
-------------------------------
loss: 1.131131  [   64/  677]
loss: 1.526179  [  256/  677]
loss: 1.248266  [  448/  677]
loss: 0.845604  [  640/  677]
Average Training Loss: 0.431925
Val Loss: 3.7636 | C-index: 0.5240

Epoch 20
-------------------------------
loss: 0.962465  [   64/  677]
loss: 0.935529  [  256/  677]
loss: 1.109858  [  448/  677]
loss: 0.138846  [  640/  677]
Average Training Loss: 0.286063
Val Loss: 3.6422 | C-index: 0.5652

Epoch 21
-------------------------------
loss: 0.865678  [   64/  677]
loss: 0.837953  [  256/  677]
loss: 1.226743  [  448/  677]
loss: 0.633239  [  640/  677]
Average Training Loss: 0.323965
Val Loss: 4.0616 | C-index: 0.5578

Epoch 22
-------------------------------
loss: 0.544221  [   64/  677]
loss: 0.956561  [  256/  677]
loss: 0.869149  [  448/  677]
loss: 0.557118  [  640/  677]
Average Training Loss: 0.266095
Val Loss: 4.0988 | C-index: 0.5064

Stopping early at Epoch 22 since no C-Index improvement after 5 epochs.
Done!
Best C-Index = 0.5997295469912103 at Epoch 17

=========================================
FOLD 3/5
=========================================

Epoch 1
-------------------------------
loss: 2.707525  [   64/  678]
loss: 2.808608  [  256/  678]
loss: 3.059678  [  448/  678]
loss: 3.031004  [  640/  678]
Average Training Loss: 1.055165
Val Loss: 2.7659 | C-index: 0.6100

Epoch 2
-------------------------------
loss: 2.336966  [   64/  678]
loss: 3.348642  [  256/  678]
loss: 3.261093  [  448/  678]
loss: 2.807857  [  640/  678]
Average Training Loss: 1.068596
Val Loss: 2.7808 | C-index: 0.5869

Epoch 3
-------------------------------
loss: 2.698855  [   64/  678]
loss: 3.057455  [  256/  678]
loss: 2.562301  [  448/  678]
loss: 2.723008  [  640/  678]
Average Training Loss: 1.003784
Val Loss: 2.7592 | C-index: 0.5940

Epoch 4
-------------------------------
loss: 2.503012  [   64/  678]
loss: 2.609042  [  256/  678]
loss: 2.297968  [  448/  678]
loss: 2.231204  [  640/  678]
Average Training Loss: 0.876475
Val Loss: 2.7420 | C-index: 0.5606

Epoch 5
-------------------------------
loss: 1.829420  [   64/  678]
loss: 1.855208  [  256/  678]
loss: 1.863362  [  448/  678]
loss: 1.978094  [  640/  678]
Average Training Loss: 0.684189
Val Loss: 2.7244 | C-index: 0.5837

Epoch 6
-------------------------------
loss: 1.589347  [   64/  678]
loss: 1.482606  [  256/  678]
loss: 1.629002  [  448/  678]
loss: 1.697374  [  640/  678]
Average Training Loss: 0.581666
Val Loss: 3.1251 | C-index: 0.5292

Stopping early at Epoch 6 since no C-Index improvement after 5 epochs.
Done!
Best C-Index = 0.6100064143681847 at Epoch 1

=========================================
FOLD 4/5
=========================================

Epoch 1
-------------------------------
loss: 3.129991  [   64/  678]
loss: 3.194306  [  256/  678]
loss: 2.478391  [  448/  678]
loss: 2.802628  [  640/  678]
Average Training Loss: 1.055029
Val Loss: 2.7206 | C-index: 0.6735

Epoch 2
-------------------------------
loss: 2.824358  [   64/  678]
loss: 3.111993  [  256/  678]
loss: 2.738615  [  448/  678]
loss: 2.765144  [  640/  678]
Average Training Loss: 1.040010
Val Loss: 2.7417 | C-index: 0.5533

Epoch 3
-------------------------------
loss: 2.493503  [   64/  678]
loss: 2.991864  [  256/  678]
loss: 3.063635  [  448/  678]
loss: 2.946672  [  640/  678]
Average Training Loss: 1.045061
Val Loss: 2.7571 | C-index: 0.5234

Epoch 4
-------------------------------
loss: 2.412140  [   64/  678]
loss: 2.499635  [  256/  678]
loss: 2.536741  [  448/  678]
loss: 2.500217  [  640/  678]
Average Training Loss: 0.904430
Val Loss: 2.8076 | C-index: 0.5628

Epoch 5
-------------------------------
loss: 2.100235  [   64/  678]
loss: 1.654479  [  256/  678]
loss: 2.400319  [  448/  678]
loss: 1.448166  [  640/  678]
Average Training Loss: 0.691200
Val Loss: 2.6959 | C-index: 0.5825

Epoch 6
-------------------------------
loss: 1.251507  [   64/  678]
loss: 1.466275  [  256/  678]
loss: 2.651121  [  448/  678]
loss: 2.429619  [  640/  678]
Average Training Loss: 0.708957
Val Loss: 3.2587 | C-index: 0.6096

Stopping early at Epoch 6 since no C-Index improvement after 5 epochs.
Done!
Best C-Index = 0.6734555329260014 at Epoch 1

=========================================
FOLD 5/5
=========================================

Epoch 1
-------------------------------
loss: 2.929104  [   64/  678]
loss: 3.094994  [  256/  678]
loss: 2.969593  [  448/  678]
loss: 3.010983  [  640/  678]
Average Training Loss: 1.091334
Val Loss: 2.7629 | C-index: 0.6559

Epoch 2
-------------------------------
loss: 2.572985  [   64/  678]
loss: 2.742301  [  256/  678]
loss: 2.919369  [  448/  678]
loss: 2.693435  [  640/  678]
Average Training Loss: 0.993463
Val Loss: 2.7673 | C-index: 0.6303

Epoch 3
-------------------------------
loss: 2.724560  [   64/  678]
loss: 2.606120  [  256/  678]
loss: 3.000985  [  448/  678]
loss: 2.460488  [  640/  678]
Average Training Loss: 0.981105
Val Loss: 2.7014 | C-index: 0.7034

Epoch 4
-------------------------------
loss: 2.499613  [   64/  678]
loss: 2.753732  [  256/  678]
loss: 2.307099  [  448/  678]
loss: 2.344906  [  640/  678]
Average Training Loss: 0.900486
Val Loss: 2.6815 | C-index: 0.6974

Epoch 5
-------------------------------
loss: 2.014321  [   64/  678]
loss: 2.306569  [  256/  678]
loss: 2.235570  [  448/  678]
loss: 2.212022  [  640/  678]
Average Training Loss: 0.797135
Val Loss: 2.8091 | C-index: 0.6418

Epoch 6
-------------------------------
loss: 2.149252  [   64/  678]
loss: 1.685645  [  256/  678]
loss: 1.552443  [  448/  678]
loss: 2.840379  [  640/  678]
Average Training Loss: 0.747975
Val Loss: 2.6744 | C-index: 0.7170

Epoch 7
-------------------------------
loss: 1.605295  [   64/  678]
loss: 1.680366  [  256/  678]
loss: 1.944399  [  448/  678]
loss: 1.621664  [  640/  678]
Average Training Loss: 0.622884
Val Loss: 2.9395 | C-index: 0.6859

Epoch 8
-------------------------------
loss: 1.824470  [   64/  678]
loss: 1.721400  [  256/  678]
loss: 1.804193  [  448/  678]
loss: 1.354231  [  640/  678]
Average Training Loss: 0.609481
Val Loss: 2.6178 | C-index: 0.7181

Epoch 9
-------------------------------
loss: 1.455994  [   64/  678]
loss: 1.292059  [  256/  678]
loss: 1.371985  [  448/  678]
loss: 1.554481  [  640/  678]
Average Training Loss: 0.515865
Val Loss: 3.0520 | C-index: 0.6761

Epoch 10
-------------------------------
loss: 1.082272  [   64/  678]
loss: 1.848860  [  256/  678]
loss: 1.450226  [  448/  678]
loss: 1.213677  [  640/  678]
Average Training Loss: 0.508640
Val Loss: 3.2394 | C-index: 0.6767

Epoch 11
-------------------------------
loss: 1.265690  [   64/  678]
loss: 2.221827  [  256/  678]
loss: 0.981005  [  448/  678]
loss: 1.622671  [  640/  678]
Average Training Loss: 0.553745
Val Loss: 3.0151 | C-index: 0.6788

Epoch 12
-------------------------------
loss: 1.568209  [   64/  678]
loss: 1.536861  [  256/  678]
loss: 0.873479  [  448/  678]
loss: 1.059768  [  640/  678]
Average Training Loss: 0.458029
Val Loss: 3.0018 | C-index: 0.6472

Epoch 13
-------------------------------
loss: 1.236910  [   64/  678]
loss: 1.405639  [  256/  678]
loss: 1.130828  [  448/  678]
loss: 1.367765  [  640/  678]
Average Training Loss: 0.467377
Val Loss: 2.8857 | C-index: 0.6919

Stopping early at Epoch 13 since no C-Index improvement after 5 epochs.
Done!
Best C-Index = 0.718102508178844 at Epoch 8

=========================================
CV training complete! Mean ± std C-index: 0.6459 ± 0.0440
Best epochs per fold: [4, 17, 1, 1, 8]

=========================================
Retraining model on full train+val for 6 epochs...
Epoch 1
-------------------------------
loss: 2.757893  [   64/  847]
loss: 2.879214  [  320/  847]
loss: 2.945690  [  576/  847]
loss: 3.525886  [  832/  847]
Average Training Loss: 0.864906
Val Loss: 2.8052 | C-index: 0.6833

Epoch 2
-------------------------------
loss: 2.893734  [   64/  847]
loss: 2.847562  [  320/  847]
loss: 2.851166  [  576/  847]
loss: 3.075965  [  832/  847]
Average Training Loss: 0.833459
Val Loss: 2.6439 | C-index: 0.7492

Epoch 3
-------------------------------
loss: 2.897651  [   64/  847]
loss: 2.669097  [  320/  847]
loss: 2.356616  [  576/  847]
loss: 2.812877  [  832/  847]
Average Training Loss: 0.766874
Val Loss: 2.3568 | C-index: 0.8387

Epoch 4
-------------------------------
loss: 2.691028  [   64/  847]
loss: 2.495812  [  320/  847]
loss: 1.999959  [  576/  847]
loss: 2.349113  [  832/  847]
Average Training Loss: 0.681137
Val Loss: 1.9187 | C-index: 0.9107

Epoch 5
-------------------------------
loss: 2.401386  [   64/  847]
loss: 1.959984  [  320/  847]
loss: 1.524388  [  576/  847]
loss: 1.614366  [  832/  847]
Average Training Loss: 0.535723
Val Loss: 1.4838 | C-index: 0.9382

Epoch 6
-------------------------------
loss: 1.558522  [   64/  847]
loss: 1.894963  [  320/  847]
loss: 1.846881  [  576/  847]
loss: 1.618648  [  832/  847]
Average Training Loss: 0.494215
Val Loss: 1.4348 | C-index: 0.9494

Done!
Best C-Index = 0.9493556517190547 at Epoch 6
FINAL TEST Average Loss: 2.3818
FINAL TEST C-index: 0.7152
Bootstrap 95% CI: [0.6088, 0.7984]
Top 10 activated pathways:
{'R-HSA-187577': 0.04948250576853752, 'R-HSA-8866652': 0.04508303850889206, 'R-HSA-1502540': 0.03608151897788048, 'R-HSA-111471': 0.03576207533478737, 'R-HSA-110314': 0.03564340993762016, 'R-HSA-9614657': 0.035434234887361526, 'R-HSA-9932298': 0.03371758386492729, 'R-HSA-9932451': 0.033537741750478745, 'R-HSA-5676590': 0.03333056718111038, 'R-HSA-8956321': 0.03307972103357315}
Results saved to /Users/evan/Documents/GitHub/HyBINN/experiments/runs/binn_gene/seed_1/results.json
