train_hybinn.py log started 2026-06-17 00:57:17.060231
=========================================
Model Active Branches: ['binn']
=========================================

=========================================
FOLD 1/5
=========================================

Epoch 1
-------------------------------
loss: 3.510525  [   64/  677]
loss: 2.575824  [  256/  677]
loss: 2.651477  [  448/  677]
loss: 2.708741  [  640/  677]
Average Training Loss: 1.040597
Val Loss: 2.7234 | C-index: 0.5440

Epoch 2
-------------------------------
loss: 3.204984  [   64/  677]
loss: 3.074570  [  256/  677]
loss: 2.832362  [  448/  677]
loss: 2.538354  [  640/  677]
Average Training Loss: 1.059115
Val Loss: 2.7230 | C-index: 0.5216

Epoch 3
-------------------------------
loss: 2.389754  [   64/  677]
loss: 2.793086  [  256/  677]
loss: 2.850794  [  448/  677]
loss: 2.857033  [  640/  677]
Average Training Loss: 0.990061
Val Loss: 2.7235 | C-index: 0.5059

Epoch 4
-------------------------------
loss: 3.011847  [   64/  677]
loss: 2.969944  [  256/  677]
loss: 2.335582  [  448/  677]
loss: 2.801089  [  640/  677]
Average Training Loss: 1.010769
Val Loss: 2.7363 | C-index: 0.5087

Epoch 5
-------------------------------
loss: 2.762679  [   64/  677]
loss: 3.047337  [  256/  677]
loss: 2.787476  [  448/  677]
loss: 2.826719  [  640/  677]
Average Training Loss: 1.038565
Val Loss: 2.7369 | C-index: 0.5524

Epoch 6
-------------------------------
loss: 2.828775  [   64/  677]
loss: 2.581670  [  256/  677]
loss: 2.632437  [  448/  677]
loss: 2.422858  [  640/  677]
Average Training Loss: 0.951431
Val Loss: 2.6435 | C-index: 0.6123

Epoch 7
-------------------------------
loss: 2.401429  [   64/  677]
loss: 2.024209  [  256/  677]
loss: 2.936442  [  448/  677]
loss: 2.509122  [  640/  677]
Average Training Loss: 0.897382
Val Loss: 2.5340 | C-index: 0.6958

Epoch 8
-------------------------------
loss: 2.094405  [   64/  677]
loss: 2.218890  [  256/  677]
loss: 2.428584  [  448/  677]
loss: 2.532288  [  640/  677]
Average Training Loss: 0.843106
Val Loss: 2.5522 | C-index: 0.6863

Epoch 9
-------------------------------
loss: 2.226333  [   64/  677]
loss: 2.233565  [  256/  677]
loss: 2.258960  [  448/  677]
loss: 2.392032  [  640/  677]
Average Training Loss: 0.828263
Val Loss: 2.6202 | C-index: 0.6308

Epoch 10
-------------------------------
loss: 1.936001  [   64/  677]
loss: 2.320983  [  256/  677]
loss: 1.917232  [  448/  677]
loss: 2.359435  [  640/  677]
Average Training Loss: 0.775787
Val Loss: 2.5872 | C-index: 0.6443

Epoch 11
-------------------------------
loss: 2.074890  [   64/  677]
loss: 2.011435  [  256/  677]
loss: 2.344737  [  448/  677]
loss: 2.651274  [  640/  677]
Average Training Loss: 0.825667
Val Loss: 2.6121 | C-index: 0.6639

Epoch 12
-------------------------------
loss: 2.142535  [   64/  677]
loss: 2.106545  [  256/  677]
loss: 2.464906  [  448/  677]
loss: 1.716577  [  640/  677]
Average Training Loss: 0.766415
Val Loss: 2.6409 | C-index: 0.6521

Stopping early at Epoch 12 since no C-Index improvement after 5 epochs.
Done!
Best C-Index = 0.6957983193277311 at Epoch 7

=========================================
FOLD 2/5
=========================================

Epoch 1
-------------------------------
loss: 3.353711  [   64/  677]
loss: 3.380522  [  256/  677]
loss: 2.848536  [  448/  677]
loss: 2.560652  [  640/  677]
Average Training Loss: 1.103947
Val Loss: 2.8909 | C-index: 0.4384

Epoch 2
-------------------------------
loss: 2.834649  [   64/  677]
loss: 2.605078  [  256/  677]
loss: 2.861651  [  448/  677]
loss: 3.658523  [  640/  677]
Average Training Loss: 1.087264
Val Loss: 2.8943 | C-index: 0.4777

Epoch 3
-------------------------------
loss: 2.973310  [   64/  677]
loss: 2.023017  [  256/  677]
loss: 2.718262  [  448/  677]
loss: 3.312392  [  640/  677]
Average Training Loss: 1.002453
Val Loss: 2.9108 | C-index: 0.4860

Epoch 4
-------------------------------
loss: 2.730294  [   64/  677]
loss: 3.074043  [  256/  677]
loss: 3.175176  [  448/  677]
loss: 1.922606  [  640/  677]
Average Training Loss: 0.991102
Val Loss: 2.9517 | C-index: 0.5187

Epoch 5
-------------------------------
loss: 2.503014  [   64/  677]
loss: 3.242398  [  256/  677]
loss: 2.596332  [  448/  677]
loss: 3.039610  [  640/  677]
Average Training Loss: 1.034668
Val Loss: 3.0168 | C-index: 0.5378

Epoch 6
-------------------------------
loss: 2.388617  [   64/  677]
loss: 2.516565  [  256/  677]
loss: 2.497826  [  448/  677]
loss: 2.967638  [  640/  677]
Average Training Loss: 0.942786
Val Loss: 3.0487 | C-index: 0.5437

Epoch 7
-------------------------------
loss: 2.605823  [   64/  677]
loss: 2.575428  [  256/  677]
loss: 2.527607  [  448/  677]
loss: 2.612408  [  640/  677]
Average Training Loss: 0.938297
Val Loss: 3.0687 | C-index: 0.5812

Epoch 8
-------------------------------
loss: 2.214722  [   64/  677]
loss: 2.283432  [  256/  677]
loss: 1.977621  [  448/  677]
loss: 2.062678  [  640/  677]
Average Training Loss: 0.776223
Val Loss: 3.0966 | C-index: 0.5681

Epoch 9
-------------------------------
loss: 2.066818  [   64/  677]
loss: 2.205281  [  256/  677]
loss: 2.495919  [  448/  677]
loss: 1.818405  [  640/  677]
Average Training Loss: 0.780584
Val Loss: 3.1568 | C-index: 0.5509

Epoch 10
-------------------------------
loss: 1.816931  [   64/  677]
loss: 2.625527  [  256/  677]
loss: 1.807644  [  448/  677]
loss: 1.583175  [  640/  677]
Average Training Loss: 0.712116
Val Loss: 3.1597 | C-index: 0.6068

Epoch 11
-------------------------------
loss: 1.651468  [   64/  677]
loss: 1.684648  [  256/  677]
loss: 1.911873  [  448/  677]
loss: 2.086706  [  640/  677]
Average Training Loss: 0.666790
Val Loss: 3.1254 | C-index: 0.5990

Epoch 12
-------------------------------
loss: 1.976275  [   64/  677]
loss: 1.943391  [  256/  677]
loss: 2.265614  [  448/  677]
loss: 1.799021  [  640/  677]
Average Training Loss: 0.725846
Val Loss: 3.1291 | C-index: 0.6187

Epoch 13
-------------------------------
loss: 1.483163  [   64/  677]
loss: 1.921780  [  256/  677]
loss: 2.292755  [  448/  677]
loss: 2.651337  [  640/  677]
Average Training Loss: 0.759003
Val Loss: 3.1311 | C-index: 0.6014

Epoch 14
-------------------------------
loss: 1.454019  [   64/  677]
loss: 2.065163  [  256/  677]
loss: 2.247043  [  448/  677]
loss: 1.744430  [  640/  677]
Average Training Loss: 0.682787
Val Loss: 3.1225 | C-index: 0.6217

Epoch 15
-------------------------------
loss: 2.457241  [   64/  677]
loss: 2.125661  [  256/  677]
loss: 2.020042  [  448/  677]
loss: 2.114051  [  640/  677]
Average Training Loss: 0.792454
Val Loss: 3.1170 | C-index: 0.6425

Epoch 16
-------------------------------
loss: 2.171247  [   64/  677]
loss: 2.275482  [  256/  677]
loss: 2.194752  [  448/  677]
loss: 2.025711  [  640/  677]
Average Training Loss: 0.787927
Val Loss: 3.1537 | C-index: 0.6187

Epoch 17
-------------------------------
loss: 2.143598  [   64/  677]
loss: 1.932351  [  256/  677]
loss: 2.152642  [  448/  677]
loss: 2.100401  [  640/  677]
Average Training Loss: 0.757181
Val Loss: 3.1428 | C-index: 0.6217

Epoch 18
-------------------------------
loss: 1.911757  [   64/  677]
loss: 1.966765  [  256/  677]
loss: 1.546034  [  448/  677]
loss: 1.970473  [  640/  677]
Average Training Loss: 0.672275
Val Loss: 3.1295 | C-index: 0.6508

Epoch 19
-------------------------------
loss: 1.647683  [   64/  677]
loss: 2.141341  [  256/  677]
loss: 1.571829  [  448/  677]
loss: 1.649284  [  640/  677]
Average Training Loss: 0.637285
Val Loss: 3.1526 | C-index: 0.6383

Epoch 20
-------------------------------
loss: 2.177550  [   64/  677]
loss: 1.333258  [  256/  677]
loss: 1.787660  [  448/  677]
loss: 1.927844  [  640/  677]
Average Training Loss: 0.656937
Val Loss: 3.1920 | C-index: 0.6484

Epoch 21
-------------------------------
loss: 1.876718  [   64/  677]
loss: 2.344235  [  256/  677]
loss: 2.264039  [  448/  677]
loss: 1.938907  [  640/  677]
Average Training Loss: 0.765809
Val Loss: 3.1840 | C-index: 0.6669

Epoch 22
-------------------------------
loss: 1.495593  [   64/  677]
loss: 2.095415  [  256/  677]
loss: 1.814689  [  448/  677]
loss: 1.758067  [  640/  677]
Average Training Loss: 0.651251
Val Loss: 3.1826 | C-index: 0.6621

Epoch 23
-------------------------------
loss: 2.023565  [   64/  677]
loss: 1.420786  [  256/  677]
loss: 2.379190  [  448/  677]
loss: 2.206512  [  640/  677]
Average Training Loss: 0.730005
Val Loss: 3.1682 | C-index: 0.6675

Epoch 24
-------------------------------
loss: 1.622361  [   64/  677]
loss: 1.767977  [  256/  677]
loss: 2.033468  [  448/  677]
loss: 2.160758  [  640/  677]
Average Training Loss: 0.689506
Val Loss: 3.1492 | C-index: 0.6371

Epoch 25
-------------------------------
loss: 1.455645  [   64/  677]
loss: 2.379314  [  256/  677]
loss: 1.964961  [  448/  677]
loss: 1.749990  [  640/  677]
Average Training Loss: 0.686355
Val Loss: 3.2100 | C-index: 0.6544

Epoch 26
-------------------------------
loss: 2.110019  [   64/  677]
loss: 1.877183  [  256/  677]
loss: 1.879149  [  448/  677]
loss: 2.063363  [  640/  677]
Average Training Loss: 0.720883
Val Loss: 3.1507 | C-index: 0.6835

Epoch 27
-------------------------------
loss: 1.884549  [   64/  677]
loss: 1.981656  [  256/  677]
loss: 1.593638  [  448/  677]
loss: 1.740985  [  640/  677]
Average Training Loss: 0.654621
Val Loss: 3.1079 | C-index: 0.6907

Epoch 28
-------------------------------
loss: 1.758266  [   64/  677]
loss: 2.115299  [  256/  677]
loss: 2.372634  [  448/  677]
loss: 1.832724  [  640/  677]
Average Training Loss: 0.734448
Val Loss: 3.0727 | C-index: 0.7109

Epoch 29
-------------------------------
loss: 1.849257  [   64/  677]
loss: 2.228555  [  256/  677]
loss: 1.777797  [  448/  677]
loss: 2.071076  [  640/  677]
Average Training Loss: 0.720608
Val Loss: 3.0470 | C-index: 0.6954

Epoch 30
-------------------------------
loss: 1.893690  [   64/  677]
loss: 1.820613  [  256/  677]
loss: 1.591136  [  448/  677]
loss: 1.975852  [  640/  677]
Average Training Loss: 0.661936
Val Loss: 3.1415 | C-index: 0.6984

Epoch 31
-------------------------------
loss: 1.982555  [   64/  677]
loss: 2.217157  [  256/  677]
loss: 1.667898  [  448/  677]
loss: 1.866045  [  640/  677]
Average Training Loss: 0.703060
Val Loss: 3.1497 | C-index: 0.6782

Epoch 32
-------------------------------
loss: 2.173831  [   64/  677]
loss: 1.869379  [  256/  677]
loss: 2.253814  [  448/  677]
loss: 1.610441  [  640/  677]
Average Training Loss: 0.718860
Val Loss: 3.0516 | C-index: 0.6972

Epoch 33
-------------------------------
loss: 2.115699  [   64/  677]
loss: 1.883992  [  256/  677]
loss: 1.966694  [  448/  677]
loss: 2.002132  [  640/  677]
Average Training Loss: 0.724411
Val Loss: 3.0439 | C-index: 0.6865

Stopping early at Epoch 33 since no C-Index improvement after 5 epochs.
Done!
Best C-Index = 0.7108863771564545 at Epoch 28

=========================================
FOLD 3/5
=========================================

Epoch 1
-------------------------------
loss: 2.783535  [   64/  678]
loss: 2.967638  [  256/  678]
loss: 2.584671  [  448/  678]
loss: 2.917837  [  640/  678]
Average Training Loss: 1.023062
Val Loss: 2.3956 | C-index: 0.6357

Epoch 2
-------------------------------
loss: 3.642594  [   64/  678]
loss: 3.239866  [  256/  678]
loss: 2.650173  [  448/  678]
loss: 3.351075  [  640/  678]
Average Training Loss: 1.171246
Val Loss: 2.3931 | C-index: 0.6451

Epoch 3
-------------------------------
loss: 2.566710  [   64/  678]
loss: 3.045446  [  256/  678]
loss: 3.109178  [  448/  678]
loss: 2.767694  [  640/  678]
Average Training Loss: 1.044457
Val Loss: 2.3847 | C-index: 0.6340

Epoch 4
-------------------------------
loss: 3.075177  [   64/  678]
loss: 3.299518  [  256/  678]
loss: 3.231211  [  448/  678]
loss: 2.871675  [  640/  678]
Average Training Loss: 1.134325
Val Loss: 2.3656 | C-index: 0.6511

Epoch 5
-------------------------------
loss: 3.054724  [   64/  678]
loss: 3.070102  [  256/  678]
loss: 2.566868  [  448/  678]
loss: 2.827292  [  640/  678]
Average Training Loss: 1.047181
Val Loss: 2.3441 | C-index: 0.6281

Epoch 6
-------------------------------
loss: 2.930015  [   64/  678]
loss: 2.672308  [  256/  678]
loss: 1.796970  [  448/  678]
loss: 2.132132  [  640/  678]
Average Training Loss: 0.866493
Val Loss: 2.3485 | C-index: 0.6400

Epoch 7
-------------------------------
loss: 2.777669  [   64/  678]
loss: 2.775702  [  256/  678]
loss: 2.373108  [  448/  678]
loss: 1.681164  [  640/  678]
Average Training Loss: 0.873422
Val Loss: 2.3833 | C-index: 0.6306

Epoch 8
-------------------------------
loss: 2.287434  [   64/  678]
loss: 2.423524  [  256/  678]
loss: 2.188587  [  448/  678]
loss: 2.778353  [  640/  678]
Average Training Loss: 0.879809
Val Loss: 2.4538 | C-index: 0.6017

Epoch 9
-------------------------------
loss: 2.476233  [   64/  678]
loss: 2.232918  [  256/  678]
loss: 2.338614  [  448/  678]
loss: 2.797739  [  640/  678]
Average Training Loss: 0.895046
Val Loss: 2.4597 | C-index: 0.6340

Stopping early at Epoch 9 since no C-Index improvement after 5 epochs.
Done!
Best C-Index = 0.6510638297872341 at Epoch 4

=========================================
FOLD 4/5
=========================================

Epoch 1
-------------------------------
loss: 3.325372  [   64/  678]
loss: 2.466129  [  256/  678]
loss: 2.904566  [  448/  678]
loss: 3.078092  [  640/  678]
Average Training Loss: 1.070378
Val Loss: 2.8528 | C-index: 0.5040

Epoch 2
-------------------------------
loss: 2.796978  [   64/  678]
loss: 3.071291  [  256/  678]
loss: 3.047373  [  448/  678]
loss: 2.790965  [  640/  678]
Average Training Loss: 1.064237
Val Loss: 2.8487 | C-index: 0.5077

Epoch 3
-------------------------------
loss: 3.163435  [   64/  678]
loss: 3.106044  [  256/  678]
loss: 2.988355  [  448/  678]
loss: 2.669976  [  640/  678]
Average Training Loss: 1.084346
Val Loss: 2.8406 | C-index: 0.4811

Epoch 4
-------------------------------
loss: 2.852297  [   64/  678]
loss: 2.650756  [  256/  678]
loss: 3.092111  [  448/  678]
loss: 3.089174  [  640/  678]
Average Training Loss: 1.062213
Val Loss: 2.8271 | C-index: 0.4960

Epoch 5
-------------------------------
loss: 2.777986  [   64/  678]
loss: 2.802677  [  256/  678]
loss: 2.680804  [  448/  678]
loss: 2.896864  [  640/  678]
Average Training Loss: 1.014394
Val Loss: 2.7923 | C-index: 0.5430

Epoch 6
-------------------------------
loss: 2.832982  [   64/  678]
loss: 2.697182  [  256/  678]
loss: 2.635937  [  448/  678]
loss: 2.475525  [  640/  678]
Average Training Loss: 0.967421
Val Loss: 2.7390 | C-index: 0.5944

Epoch 7
-------------------------------
loss: 2.783530  [   64/  678]
loss: 2.564628  [  256/  678]
loss: 2.302925  [  448/  678]
loss: 2.444467  [  640/  678]
Average Training Loss: 0.917777
Val Loss: 2.7872 | C-index: 0.5554

Epoch 8
-------------------------------
loss: 2.583791  [   64/  678]
loss: 2.173272  [  256/  678]
loss: 2.342057  [  448/  678]
loss: 2.427787  [  640/  678]
Average Training Loss: 0.866083
Val Loss: 2.7582 | C-index: 0.5653

Epoch 9
-------------------------------
loss: 2.621923  [   64/  678]
loss: 1.732549  [  256/  678]
loss: 2.463417  [  448/  678]
loss: 2.389380  [  640/  678]
Average Training Loss: 0.837025
Val Loss: 2.7818 | C-index: 0.5814

Epoch 10
-------------------------------
loss: 2.176483  [   64/  678]
loss: 2.118494  [  256/  678]
loss: 2.171677  [  448/  678]
loss: 2.230360  [  640/  678]
Average Training Loss: 0.790638
Val Loss: 2.8384 | C-index: 0.5653

Epoch 11
-------------------------------
loss: 1.746220  [   64/  678]
loss: 1.733187  [  256/  678]
loss: 1.871631  [  448/  678]
loss: 2.528313  [  640/  678]
Average Training Loss: 0.716305
Val Loss: 2.8536 | C-index: 0.5678

Stopping early at Epoch 11 since no C-Index improvement after 5 epochs.
Done!
Best C-Index = 0.5944272445820433 at Epoch 6

=========================================
FOLD 5/5
=========================================

Epoch 1
-------------------------------
loss: 2.860401  [   64/  678]
loss: 2.420749  [  256/  678]
loss: 2.791211  [  448/  678]
loss: 3.039890  [  640/  678]
Average Training Loss: 1.010205
Val Loss: 2.7802 | C-index: 0.5992

Epoch 2
-------------------------------
loss: 2.393654  [   64/  678]
loss: 3.112924  [  256/  678]
loss: 3.291270  [  448/  678]
loss: 2.637478  [  640/  678]
Average Training Loss: 1.039575
Val Loss: 2.7767 | C-index: 0.6465

Epoch 3
-------------------------------
loss: 2.829187  [   64/  678]
loss: 3.251997  [  256/  678]
loss: 3.298030  [  448/  678]
loss: 3.038913  [  640/  678]
Average Training Loss: 1.128921
Val Loss: 2.7801 | C-index: 0.6005

Epoch 4
-------------------------------
loss: 2.738673  [   64/  678]
loss: 2.684360  [  256/  678]
loss: 2.440037  [  448/  678]
loss: 2.377881  [  640/  678]
Average Training Loss: 0.930996
Val Loss: 2.7916 | C-index: 0.6024

Epoch 5
-------------------------------
loss: 2.721782  [   64/  678]
loss: 2.433353  [  256/  678]
loss: 3.226240  [  448/  678]
loss: 2.580451  [  640/  678]
Average Training Loss: 0.996530
Val Loss: 2.7984 | C-index: 0.6331

Epoch 6
-------------------------------
loss: 2.559381  [   64/  678]
loss: 2.605934  [  256/  678]
loss: 2.030836  [  448/  678]
loss: 2.396158  [  640/  678]
Average Training Loss: 0.872028
Val Loss: 2.7322 | C-index: 0.6560

Epoch 7
-------------------------------
loss: 2.416188  [   64/  678]
loss: 2.577594  [  256/  678]
loss: 2.302644  [  448/  678]
loss: 2.790285  [  640/  678]
Average Training Loss: 0.916974
Val Loss: 2.7460 | C-index: 0.6465

Epoch 8
-------------------------------
loss: 1.838653  [   64/  678]
loss: 2.855737  [  256/  678]
loss: 2.977434  [  448/  678]
loss: 2.596539  [  640/  678]
Average Training Loss: 0.933488
Val Loss: 2.7109 | C-index: 0.6445

Epoch 9
-------------------------------
loss: 2.042382  [   64/  678]
loss: 2.750792  [  256/  678]
loss: 2.603420  [  448/  678]
loss: 2.424595  [  640/  678]
Average Training Loss: 0.892835
Val Loss: 2.6674 | C-index: 0.6299

Epoch 10
-------------------------------
loss: 2.713091  [   64/  678]
loss: 2.073563  [  256/  678]
loss: 2.193839  [  448/  678]
loss: 2.545706  [  640/  678]
Average Training Loss: 0.866018
Val Loss: 2.7208 | C-index: 0.6254

Epoch 11
-------------------------------
loss: 2.545443  [   64/  678]
loss: 1.568688  [  256/  678]
loss: 2.485425  [  448/  678]
loss: 2.060485  [  640/  678]
Average Training Loss: 0.787276
Val Loss: 2.6666 | C-index: 0.6554

Stopping early at Epoch 11 since no C-Index improvement after 5 epochs.
Done!
Best C-Index = 0.6560306317804723 at Epoch 6

=========================================
CV training complete! Mean ± std C-index: 0.6616 ± 0.0406
Best epochs per fold: [7, 28, 4, 6, 6]

=========================================
Retraining model on full train+val for 10 epochs...
Epoch 1
-------------------------------
loss: 3.113693  [   64/  847]
loss: 2.424651  [  320/  847]
loss: 2.653682  [  576/  847]
loss: 2.534666  [  832/  847]
Average Training Loss: 0.766192
Val Loss: 2.8636 | C-index: 0.6408

Epoch 2
-------------------------------
loss: 3.097614  [   64/  847]
loss: 3.206770  [  320/  847]
loss: 2.781990  [  576/  847]
loss: 2.755454  [  832/  847]
Average Training Loss: 0.845845
Val Loss: 2.7961 | C-index: 0.6970

Epoch 3
-------------------------------
loss: 2.875203  [   64/  847]
loss: 2.869456  [  320/  847]
loss: 3.475804  [  576/  847]
loss: 3.050961  [  832/  847]
Average Training Loss: 0.876530
Val Loss: 2.7523 | C-index: 0.7010

Epoch 4
-------------------------------
loss: 2.149558  [   64/  847]
loss: 2.541775  [  320/  847]
loss: 2.767941  [  576/  847]
loss: 2.700798  [  832/  847]
Average Training Loss: 0.725719
Val Loss: 2.5634 | C-index: 0.7323

Epoch 5
-------------------------------
loss: 2.756185  [   64/  847]
loss: 2.330467  [  320/  847]
loss: 2.771894  [  576/  847]
loss: 3.153709  [  832/  847]
Average Training Loss: 0.786590
Val Loss: 2.4416 | C-index: 0.7896

Epoch 6
-------------------------------
loss: 1.939569  [   64/  847]
loss: 2.835589  [  320/  847]
loss: 2.672235  [  576/  847]
loss: 2.815137  [  832/  847]
Average Training Loss: 0.733038
Val Loss: 2.4013 | C-index: 0.8392

Epoch 7
-------------------------------
loss: 2.503789  [   64/  847]
loss: 2.373703  [  320/  847]
loss: 2.655660  [  576/  847]
loss: 2.484669  [  832/  847]
Average Training Loss: 0.715559
Val Loss: 2.3726 | C-index: 0.8421

Epoch 8
-------------------------------
loss: 2.373013  [   64/  847]
loss: 2.334272  [  320/  847]
loss: 3.011876  [  576/  847]
loss: 2.686007  [  832/  847]
Average Training Loss: 0.743226
Val Loss: 2.1940 | C-index: 0.8739

Epoch 9
-------------------------------
loss: 2.379592  [   64/  847]
loss: 2.169117  [  320/  847]
loss: 2.640478  [  576/  847]
loss: 2.050471  [  832/  847]
Average Training Loss: 0.659976
Val Loss: 2.1347 | C-index: 0.8974

Epoch 10
-------------------------------
loss: 2.339168  [   64/  847]
loss: 2.330318  [  320/  847]
loss: 2.466188  [  576/  847]
loss: 2.345061  [  832/  847]
Average Training Loss: 0.677195
Val Loss: 1.9679 | C-index: 0.9072

Done!
Best C-Index = 0.9071569171755918 at Epoch 10
FINAL TEST Average Loss: 2.4536
FINAL TEST C-index: 0.7649
Bootstrap 95% CI: [0.6760, 0.8400]
Top 10 activated pathways:
{'R-HSA-4608870': 0.07654359191656113, 'R-HSA-9931509': 0.05931338295340538, 'R-HSA-5602358': 0.05619335547089577, 'R-HSA-168638': 0.04845400154590607, 'R-HSA-5620922': 0.044418614357709885, 'R-HSA-442742': 0.04441402852535248, 'R-HSA-9013424': 0.04424968361854553, 'R-HSA-5637815': 0.043449509888887405, 'R-HSA-190861': 0.04275883361697197, 'R-HSA-9753281': 0.04263635724782944}
Results saved to /Users/evan/Documents/GitHub/HyBINN/experiments/runs/binn/seed_0/results.json
