train_hybinn.py log started 2026-06-17 01:07:29.065411
=========================================
Model Active Branches: ['clinical']
=========================================

=========================================
FOLD 1/5
=========================================

Epoch 1
-------------------------------
loss: 2.550248  [   64/  677]
loss: 3.288498  [  256/  677]
loss: 1.906075  [  448/  677]
loss: 3.073722  [  640/  677]
Average Training Loss: 0.983504
Val Loss: 2.5708 | C-index: 0.7410

Epoch 2
-------------------------------
loss: 3.133004  [   64/  677]
loss: 3.129613  [  256/  677]
loss: 3.068733  [  448/  677]
loss: 2.746509  [  640/  677]
Average Training Loss: 1.097987
Val Loss: 2.5645 | C-index: 0.7363

Epoch 3
-------------------------------
loss: 2.499503  [   64/  677]
loss: 3.172568  [  256/  677]
loss: 2.611392  [  448/  677]
loss: 3.425217  [  640/  677]
Average Training Loss: 1.064426
Val Loss: 2.5591 | C-index: 0.7664

Epoch 4
-------------------------------
loss: 2.248265  [   64/  677]
loss: 2.867178  [  256/  677]
loss: 2.912186  [  448/  677]
loss: 3.146406  [  640/  677]
Average Training Loss: 1.015821
Val Loss: 2.5552 | C-index: 0.7594

Epoch 5
-------------------------------
loss: 3.337283  [   64/  677]
loss: 3.252724  [  256/  677]
loss: 2.843913  [  448/  677]
loss: 2.961248  [  640/  677]
Average Training Loss: 1.126833
Val Loss: 2.5516 | C-index: 0.7225

Epoch 6
-------------------------------
loss: 3.044716  [   64/  677]
loss: 2.614518  [  256/  677]
loss: 2.503377  [  448/  677]
loss: 3.233072  [  640/  677]
Average Training Loss: 1.035971
Val Loss: 2.5431 | C-index: 0.7587

Epoch 7
-------------------------------
loss: 3.104234  [   64/  677]
loss: 3.228681  [  256/  677]
loss: 3.790763  [  448/  677]
loss: 3.310032  [  640/  677]
Average Training Loss: 1.221246
Val Loss: 2.5435 | C-index: 0.7279

Epoch 8
-------------------------------
loss: 3.111836  [   64/  677]
loss: 2.638195  [  256/  677]
loss: 3.198139  [  448/  677]
loss: 3.087655  [  640/  677]
Average Training Loss: 1.094166
Val Loss: 2.5287 | C-index: 0.7587

Stopping early at Epoch 8 since no C-Index improvement after 5 epochs.
Done!
Best C-Index = 0.7663587374903772 at Epoch 3

=========================================
FOLD 2/5
=========================================

Epoch 1
-------------------------------
loss: 3.078008  [   64/  677]
loss: 3.170296  [  256/  677]
loss: 2.759083  [  448/  677]
loss: 3.321271  [  640/  677]
Average Training Loss: 1.120787
Val Loss: 2.9035 | C-index: 0.5792

Epoch 2
-------------------------------
loss: 3.141879  [   64/  677]
loss: 3.037532  [  256/  677]
loss: 2.505383  [  448/  677]
loss: 2.949297  [  640/  677]
Average Training Loss: 1.057645
Val Loss: 2.8979 | C-index: 0.6033

Epoch 3
-------------------------------
loss: 2.835550  [   64/  677]
loss: 2.722332  [  256/  677]
loss: 3.143658  [  448/  677]
loss: 3.077250  [  640/  677]
Average Training Loss: 1.070799
Val Loss: 2.8920 | C-index: 0.6078

Epoch 4
-------------------------------
loss: 3.157228  [   64/  677]
loss: 3.316567  [  256/  677]
loss: 2.602276  [  448/  677]
loss: 2.901905  [  640/  677]
Average Training Loss: 1.088907
Val Loss: 2.8833 | C-index: 0.6117

Epoch 5
-------------------------------
loss: 3.138297  [   64/  677]
loss: 2.831928  [  256/  677]
loss: 3.353005  [  448/  677]
loss: 2.780661  [  640/  677]
Average Training Loss: 1.100354
Val Loss: 2.8768 | C-index: 0.6140

Epoch 6
-------------------------------
loss: 2.413518  [   64/  677]
loss: 2.649003  [  256/  677]
loss: 2.712273  [  448/  677]
loss: 3.072084  [  640/  677]
Average Training Loss: 0.986080
Val Loss: 2.8723 | C-index: 0.6140

Epoch 7
-------------------------------
loss: 2.903057  [   64/  677]
loss: 3.273770  [  256/  677]
loss: 2.549424  [  448/  677]
loss: 2.418123  [  640/  677]
Average Training Loss: 1.013125
Val Loss: 2.8641 | C-index: 0.5971

Epoch 8
-------------------------------
loss: 2.895036  [   64/  677]
loss: 2.525534  [  256/  677]
loss: 3.102841  [  448/  677]
loss: 2.403867  [  640/  677]
Average Training Loss: 0.993389
Val Loss: 2.8524 | C-index: 0.6336

Epoch 9
-------------------------------
loss: 3.533062  [   64/  677]
loss: 3.034958  [  256/  677]
loss: 2.672133  [  448/  677]
loss: 2.976841  [  640/  677]
Average Training Loss: 1.110636
Val Loss: 2.8378 | C-index: 0.6527

Epoch 10
-------------------------------
loss: 2.922617  [   64/  677]
loss: 2.726357  [  256/  677]
loss: 2.821523  [  448/  677]
loss: 3.228921  [  640/  677]
Average Training Loss: 1.063583
Val Loss: 2.8333 | C-index: 0.6606

Epoch 11
-------------------------------
loss: 2.696692  [   64/  677]
loss: 3.183756  [  256/  677]
loss: 2.836823  [  448/  677]
loss: 3.100625  [  640/  677]
Average Training Loss: 1.074354
Val Loss: 2.8299 | C-index: 0.6645

Epoch 12
-------------------------------
loss: 3.137805  [   64/  677]
loss: 2.345854  [  256/  677]
loss: 2.612433  [  448/  677]
loss: 2.904103  [  640/  677]
Average Training Loss: 1.000018
Val Loss: 2.8169 | C-index: 0.6786

Epoch 13
-------------------------------
loss: 2.530219  [   64/  677]
loss: 3.058626  [  256/  677]
loss: 2.704219  [  448/  677]
loss: 2.574254  [  640/  677]
Average Training Loss: 0.987938
Val Loss: 2.8134 | C-index: 0.6724

Epoch 14
-------------------------------
loss: 3.067685  [   64/  677]
loss: 2.648467  [  256/  677]
loss: 2.727477  [  448/  677]
loss: 2.894008  [  640/  677]
Average Training Loss: 1.030694
Val Loss: 2.8005 | C-index: 0.6606

Epoch 15
-------------------------------
loss: 2.360220  [   64/  677]
loss: 3.348791  [  256/  677]
loss: 3.105444  [  448/  677]
loss: 2.652258  [  640/  677]
Average Training Loss: 1.042429
Val Loss: 2.7776 | C-index: 0.6718

Epoch 16
-------------------------------
loss: 2.907711  [   64/  677]
loss: 2.336438  [  256/  677]
loss: 3.038078  [  448/  677]
loss: 3.109327  [  640/  677]
Average Training Loss: 1.035596
Val Loss: 2.7494 | C-index: 0.6836

Epoch 17
-------------------------------
loss: 2.522557  [   64/  677]
loss: 3.106386  [  256/  677]
loss: 2.913472  [  448/  677]
loss: 2.927994  [  640/  677]
Average Training Loss: 1.042764
Val Loss: 2.7436 | C-index: 0.7066

Epoch 18
-------------------------------
loss: 2.859363  [   64/  677]
loss: 2.779969  [  256/  677]
loss: 2.559943  [  448/  677]
loss: 3.042143  [  640/  677]
Average Training Loss: 1.021947
Val Loss: 2.7367 | C-index: 0.7150

Epoch 19
-------------------------------
loss: 2.482753  [   64/  677]
loss: 2.828351  [  256/  677]
loss: 3.063796  [  448/  677]
loss: 2.843776  [  640/  677]
Average Training Loss: 1.019880
Val Loss: 2.7359 | C-index: 0.7184

Epoch 20
-------------------------------
loss: 3.367121  [   64/  677]
loss: 3.095483  [  256/  677]
loss: 2.928044  [  448/  677]
loss: 2.293735  [  640/  677]
Average Training Loss: 1.062217
Val Loss: 2.7048 | C-index: 0.7280

Epoch 21
-------------------------------
loss: 2.357904  [   64/  677]
loss: 2.555230  [  256/  677]
loss: 2.895038  [  448/  677]
loss: 2.148603  [  640/  677]
Average Training Loss: 0.905161
Val Loss: 2.6926 | C-index: 0.7252

Epoch 22
-------------------------------
loss: 3.006718  [   64/  677]
loss: 2.527410  [  256/  677]
loss: 2.298547  [  448/  677]
loss: 3.012150  [  640/  677]
Average Training Loss: 0.985893
Val Loss: 2.7041 | C-index: 0.7302

Epoch 23
-------------------------------
loss: 3.043930  [   64/  677]
loss: 2.594224  [  256/  677]
loss: 2.767747  [  448/  677]
loss: 2.812377  [  640/  677]
Average Training Loss: 1.019844
Val Loss: 2.7162 | C-index: 0.7291

Epoch 24
-------------------------------
loss: 3.348418  [   64/  677]
loss: 2.456168  [  256/  677]
loss: 3.032995  [  448/  677]
loss: 3.200193  [  640/  677]
Average Training Loss: 1.094343
Val Loss: 2.6986 | C-index: 0.7386

Epoch 25
-------------------------------
loss: 3.052293  [   64/  677]
loss: 2.443343  [  256/  677]
loss: 2.398026  [  448/  677]
loss: 3.263899  [  640/  677]
Average Training Loss: 1.014324
Val Loss: 2.6371 | C-index: 0.7442

Epoch 26
-------------------------------
loss: 2.658041  [   64/  677]
loss: 2.823774  [  256/  677]
loss: 2.547810  [  448/  677]
loss: 2.835778  [  640/  677]
Average Training Loss: 0.987764
Val Loss: 2.6372 | C-index: 0.7358

Epoch 27
-------------------------------
loss: 2.872920  [   64/  677]
loss: 2.727492  [  256/  677]
loss: 2.558685  [  448/  677]
loss: 3.032764  [  640/  677]
Average Training Loss: 1.017442
Val Loss: 2.6480 | C-index: 0.7471

Epoch 28
-------------------------------
loss: 1.483409  [   64/  677]
loss: 2.322805  [  256/  677]
loss: 2.814052  [  448/  677]
loss: 2.809246  [  640/  677]
Average Training Loss: 0.857228
Val Loss: 2.6711 | C-index: 0.7622

Epoch 29
-------------------------------
loss: 2.389252  [   64/  677]
loss: 2.915000  [  256/  677]
loss: 2.810269  [  448/  677]
loss: 2.848323  [  640/  677]
Average Training Loss: 0.996622
Val Loss: 2.6577 | C-index: 0.7617

Epoch 30
-------------------------------
loss: 2.097023  [   64/  677]
loss: 2.978836  [  256/  677]
loss: 2.705302  [  448/  677]
loss: 2.211216  [  640/  677]
Average Training Loss: 0.908398
Val Loss: 2.6626 | C-index: 0.7549

Epoch 31
-------------------------------
loss: 2.758016  [   64/  677]
loss: 2.714862  [  256/  677]
loss: 2.373969  [  448/  677]
loss: 2.768552  [  640/  677]
Average Training Loss: 0.965036
Val Loss: 2.6740 | C-index: 0.7572

Epoch 32
-------------------------------
loss: 3.036396  [   64/  677]
loss: 2.296460  [  256/  677]
loss: 2.523128  [  448/  677]
loss: 2.585613  [  640/  677]
Average Training Loss: 0.949236
Val Loss: 2.6311 | C-index: 0.7673

Epoch 33
-------------------------------
loss: 3.044018  [   64/  677]
loss: 2.880836  [  256/  677]
loss: 2.344646  [  448/  677]
loss: 2.602964  [  640/  677]
Average Training Loss: 0.988406
Val Loss: 2.6106 | C-index: 0.7442

Epoch 34
-------------------------------
loss: 2.961421  [   64/  677]
loss: 2.828326  [  256/  677]
loss: 3.173115  [  448/  677]
loss: 2.325637  [  640/  677]
Average Training Loss: 1.026227
Val Loss: 2.6024 | C-index: 0.7510

Epoch 35
-------------------------------
loss: 3.225149  [   64/  677]
loss: 3.013203  [  256/  677]
loss: 2.471893  [  448/  677]
loss: 2.956218  [  640/  677]
Average Training Loss: 1.060587
Val Loss: 2.5943 | C-index: 0.7515

Epoch 36
-------------------------------
loss: 2.740149  [   64/  677]
loss: 2.858461  [  256/  677]
loss: 2.720232  [  448/  677]
loss: 2.450642  [  640/  677]
Average Training Loss: 0.979044
Val Loss: 2.6083 | C-index: 0.7499

Epoch 37
-------------------------------
loss: 3.410619  [   64/  677]
loss: 2.888924  [  256/  677]
loss: 2.683751  [  448/  677]
loss: 2.767521  [  640/  677]
Average Training Loss: 1.068256
Val Loss: 2.6254 | C-index: 0.7544

Stopping early at Epoch 37 since no C-Index improvement after 5 epochs.
Done!
Best C-Index = 0.7672655811341943 at Epoch 32

=========================================
FOLD 3/5
=========================================

Epoch 1
-------------------------------
loss: 2.845273  [   64/  678]
loss: 2.397856  [  256/  678]
loss: 3.546317  [  448/  678]
loss: 3.224842  [  640/  678]
Average Training Loss: 1.092208
Val Loss: 2.7873 | C-index: 0.5100

Epoch 2
-------------------------------
loss: 2.244971  [   64/  678]
loss: 3.327950  [  256/  678]
loss: 2.988221  [  448/  678]
loss: 2.915676  [  640/  678]
Average Training Loss: 1.043347
Val Loss: 2.7877 | C-index: 0.5224

Epoch 3
-------------------------------
loss: 3.231245  [   64/  678]
loss: 2.930151  [  256/  678]
loss: 2.706086  [  448/  678]
loss: 3.206484  [  640/  678]
Average Training Loss: 1.097633
Val Loss: 2.7900 | C-index: 0.4797

Epoch 4
-------------------------------
loss: 2.586534  [   64/  678]
loss: 2.199863  [  256/  678]
loss: 2.971012  [  448/  678]
loss: 3.250573  [  640/  678]
Average Training Loss: 1.000726
Val Loss: 2.7920 | C-index: 0.4962

Epoch 5
-------------------------------
loss: 3.105836  [   64/  678]
loss: 3.144957  [  256/  678]
loss: 3.374491  [  448/  678]
loss: 2.874378  [  640/  678]
Average Training Loss: 1.136333
Val Loss: 2.7911 | C-index: 0.5279

Epoch 6
-------------------------------
loss: 3.286824  [   64/  678]
loss: 2.626060  [  256/  678]
loss: 2.655320  [  448/  678]
loss: 3.152345  [  640/  678]
Average Training Loss: 1.065504
Val Loss: 2.7895 | C-index: 0.5451

Epoch 7
-------------------------------
loss: 3.115463  [   64/  678]
loss: 2.591321  [  256/  678]
loss: 2.762860  [  448/  678]
loss: 2.892041  [  640/  678]
Average Training Loss: 1.032880
Val Loss: 2.7894 | C-index: 0.5774

Epoch 8
-------------------------------
loss: 2.613653  [   64/  678]
loss: 1.607403  [  256/  678]
loss: 3.193588  [  448/  678]
loss: 2.906731  [  640/  678]
Average Training Loss: 0.938307
Val Loss: 2.7866 | C-index: 0.5960

Epoch 9
-------------------------------
loss: 2.903235  [   64/  678]
loss: 2.664180  [  256/  678]
loss: 2.834325  [  448/  678]
loss: 2.079195  [  640/  678]
Average Training Loss: 0.952812
Val Loss: 2.7882 | C-index: 0.5836

Epoch 10
-------------------------------
loss: 3.052735  [   64/  678]
loss: 2.510123  [  256/  678]
loss: 2.814527  [  448/  678]
loss: 3.079417  [  640/  678]
Average Training Loss: 1.041527
Val Loss: 2.7892 | C-index: 0.5809

Epoch 11
-------------------------------
loss: 3.008088  [   64/  678]
loss: 2.742443  [  256/  678]
loss: 3.052651  [  448/  678]
loss: 2.398935  [  640/  678]
Average Training Loss: 1.018374
Val Loss: 2.7983 | C-index: 0.5554

Epoch 12
-------------------------------
loss: 2.815572  [   64/  678]
loss: 2.881472  [  256/  678]
loss: 3.112640  [  448/  678]
loss: 2.986030  [  640/  678]
Average Training Loss: 1.072338
Val Loss: 2.7999 | C-index: 0.5368

Epoch 13
-------------------------------
loss: 3.193036  [   64/  678]
loss: 3.401187  [  256/  678]
loss: 2.875491  [  448/  678]
loss: 2.528718  [  640/  678]
Average Training Loss: 1.090767
Val Loss: 2.8027 | C-index: 0.5306

Stopping early at Epoch 13 since no C-Index improvement after 5 epochs.
Done!
Best C-Index = 0.5960082587749483 at Epoch 8

=========================================
FOLD 4/5
=========================================

Epoch 1
-------------------------------
loss: 3.314793  [   64/  678]
loss: 2.897350  [  256/  678]
loss: 3.018898  [  448/  678]
loss: 2.541161  [  640/  678]
Average Training Loss: 1.070200
Val Loss: 2.8281 | C-index: 0.6238

Epoch 2
-------------------------------
loss: 2.626382  [   64/  678]
loss: 3.167729  [  256/  678]
loss: 2.588794  [  448/  678]
loss: 3.250913  [  640/  678]
Average Training Loss: 1.057620
Val Loss: 2.8231 | C-index: 0.6354

Epoch 3
-------------------------------
loss: 2.689307  [   64/  678]
loss: 3.088762  [  256/  678]
loss: 3.412930  [  448/  678]
loss: 2.819396  [  640/  678]
Average Training Loss: 1.091854
Val Loss: 2.8148 | C-index: 0.6313

Epoch 4
-------------------------------
loss: 3.042876  [   64/  678]
loss: 2.814686  [  256/  678]
loss: 3.108222  [  448/  678]
loss: 3.264955  [  640/  678]
Average Training Loss: 1.111885
Val Loss: 2.8016 | C-index: 0.6325

Epoch 5
-------------------------------
loss: 3.007697  [   64/  678]
loss: 2.766821  [  256/  678]
loss: 2.586316  [  448/  678]
loss: 2.868598  [  640/  678]
Average Training Loss: 1.020857
Val Loss: 2.7895 | C-index: 0.6400

Epoch 6
-------------------------------
loss: 2.669162  [   64/  678]
loss: 2.964589  [  256/  678]
loss: 2.527834  [  448/  678]
loss: 3.144011  [  640/  678]
Average Training Loss: 1.027782
Val Loss: 2.7750 | C-index: 0.6614

Epoch 7
-------------------------------
loss: 2.514984  [   64/  678]
loss: 2.905463  [  256/  678]
loss: 3.111722  [  448/  678]
loss: 2.684079  [  640/  678]
Average Training Loss: 1.019659
Val Loss: 2.7575 | C-index: 0.6843

Epoch 8
-------------------------------
loss: 2.909362  [   64/  678]
loss: 3.095596  [  256/  678]
loss: 2.743735  [  448/  678]
loss: 2.952371  [  640/  678]
Average Training Loss: 1.063733
Val Loss: 2.7511 | C-index: 0.6852

Epoch 9
-------------------------------
loss: 3.108626  [   64/  678]
loss: 2.973509  [  256/  678]
loss: 2.604152  [  448/  678]
loss: 2.618628  [  640/  678]
Average Training Loss: 1.027720
Val Loss: 2.7268 | C-index: 0.7009

Epoch 10
-------------------------------
loss: 2.484244  [   64/  678]
loss: 2.723411  [  256/  678]
loss: 3.150920  [  448/  678]
loss: 3.104323  [  640/  678]
Average Training Loss: 1.042082
Val Loss: 2.7145 | C-index: 0.7183

Epoch 11
-------------------------------
loss: 2.703266  [   64/  678]
loss: 3.085057  [  256/  678]
loss: 2.946840  [  448/  678]
loss: 2.684924  [  640/  678]
Average Training Loss: 1.038190
Val Loss: 2.6983 | C-index: 0.7194

Epoch 12
-------------------------------
loss: 2.505099  [   64/  678]
loss: 2.680707  [  256/  678]
loss: 2.801407  [  448/  678]
loss: 2.540639  [  640/  678]
Average Training Loss: 0.957077
Val Loss: 2.6833 | C-index: 0.7258

Epoch 13
-------------------------------
loss: 3.178910  [   64/  678]
loss: 3.005066  [  256/  678]
loss: 2.916118  [  448/  678]
loss: 2.490277  [  640/  678]
Average Training Loss: 1.053670
Val Loss: 2.6640 | C-index: 0.7226

Epoch 14
-------------------------------
loss: 2.911160  [   64/  678]
loss: 3.114105  [  256/  678]
loss: 1.918503  [  448/  678]
loss: 2.512950  [  640/  678]
Average Training Loss: 0.950611
Val Loss: 2.6882 | C-index: 0.7339

Epoch 15
-------------------------------
loss: 2.770264  [   64/  678]
loss: 2.879243  [  256/  678]
loss: 2.649229  [  448/  678]
loss: 2.673312  [  640/  678]
Average Training Loss: 0.997459
Val Loss: 2.6603 | C-index: 0.7212

Epoch 16
-------------------------------
loss: 3.014057  [   64/  678]
loss: 3.109436  [  256/  678]
loss: 2.312654  [  448/  678]
loss: 2.772434  [  640/  678]
Average Training Loss: 1.018962
Val Loss: 2.6268 | C-index: 0.7287

Epoch 17
-------------------------------
loss: 3.174126  [   64/  678]
loss: 2.956622  [  256/  678]
loss: 2.727721  [  448/  678]
loss: 2.993766  [  640/  678]
Average Training Loss: 1.077476
Val Loss: 2.6302 | C-index: 0.7194

Epoch 18
-------------------------------
loss: 2.699374  [   64/  678]
loss: 2.783874  [  256/  678]
loss: 2.661085  [  448/  678]
loss: 2.987563  [  640/  678]
Average Training Loss: 1.011991
Val Loss: 2.6480 | C-index: 0.7252

Epoch 19
-------------------------------
loss: 2.666289  [   64/  678]
loss: 2.618004  [  256/  678]
loss: 2.657598  [  448/  678]
loss: 3.030332  [  640/  678]
Average Training Loss: 0.997475
Val Loss: 2.6522 | C-index: 0.7171

Stopping early at Epoch 19 since no C-Index improvement after 5 epochs.
Done!
Best C-Index = 0.7339130434782609 at Epoch 14

=========================================
FOLD 5/5
=========================================

Epoch 1
-------------------------------
loss: 2.117009  [   64/  678]
loss: 3.481758  [  256/  678]
loss: 3.375897  [  448/  678]
loss: 2.859785  [  640/  678]
Average Training Loss: 1.075859
Val Loss: 2.8059 | C-index: 0.7013

Epoch 2
-------------------------------
loss: 3.236826  [   64/  678]
loss: 3.392317  [  256/  678]
loss: 2.672130  [  448/  678]
loss: 2.873721  [  640/  678]
Average Training Loss: 1.106818
Val Loss: 2.8007 | C-index: 0.7333

Epoch 3
-------------------------------
loss: 2.704297  [   64/  678]
loss: 2.755394  [  256/  678]
loss: 3.286605  [  448/  678]
loss: 3.307617  [  640/  678]
Average Training Loss: 1.095810
Val Loss: 2.7943 | C-index: 0.7344

Epoch 4
-------------------------------
loss: 3.181387  [   64/  678]
loss: 3.270899  [  256/  678]
loss: 3.013733  [  448/  678]
loss: 2.846583  [  640/  678]
Average Training Loss: 1.119327
Val Loss: 2.7868 | C-index: 0.7316

Epoch 5
-------------------------------
loss: 2.439321  [   64/  678]
loss: 3.321339  [  256/  678]
loss: 3.141478  [  448/  678]
loss: 3.118748  [  640/  678]
Average Training Loss: 1.092808
Val Loss: 2.7810 | C-index: 0.7221

Epoch 6
-------------------------------
loss: 2.542274  [   64/  678]
loss: 2.947379  [  256/  678]
loss: 2.734957  [  448/  678]
loss: 3.479605  [  640/  678]
Average Training Loss: 1.064020
Val Loss: 2.7752 | C-index: 0.7221

Epoch 7
-------------------------------
loss: 3.312949  [   64/  678]
loss: 3.151558  [  256/  678]
loss: 2.362307  [  448/  678]
loss: 3.179689  [  640/  678]
Average Training Loss: 1.091500
Val Loss: 2.7716 | C-index: 0.7187

Epoch 8
-------------------------------
loss: 2.879998  [   64/  678]
loss: 2.812446  [  256/  678]
loss: 2.643049  [  448/  678]
loss: 3.165273  [  640/  678]
Average Training Loss: 1.045524
Val Loss: 2.7578 | C-index: 0.7299

Stopping early at Epoch 8 since no C-Index improvement after 5 epochs.
Done!
Best C-Index = 0.7344363432417275 at Epoch 3

=========================================
CV training complete! Mean ± std C-index: 0.7196 ± 0.0635
Best epochs per fold: [3, 32, 8, 14, 3]

=========================================
Retraining model on full train+val for 12 epochs...
Epoch 1
-------------------------------
loss: 3.359015  [   64/  847]
loss: 2.553396  [  320/  847]
loss: 2.882881  [  576/  847]
loss: 2.732892  [  832/  847]
Average Training Loss: 0.823442
Val Loss: 2.9344 | C-index: 0.6312

Epoch 2
-------------------------------
loss: 3.265523  [   64/  847]
loss: 2.827916  [  320/  847]
loss: 2.443511  [  576/  847]
loss: 2.684983  [  832/  847]
Average Training Loss: 0.801567
Val Loss: 2.8523 | C-index: 0.6427

Epoch 3
-------------------------------
loss: 2.841062  [   64/  847]
loss: 2.976446  [  320/  847]
loss: 2.607746  [  576/  847]
loss: 2.600496  [  832/  847]
Average Training Loss: 0.787554
Val Loss: 2.7835 | C-index: 0.6489

Epoch 4
-------------------------------
loss: 2.937285  [   64/  847]
loss: 2.733969  [  320/  847]
loss: 2.690298  [  576/  847]
loss: 2.698731  [  832/  847]
Average Training Loss: 0.790020
Val Loss: 2.7935 | C-index: 0.6543

Epoch 5
-------------------------------
loss: 3.121082  [   64/  847]
loss: 3.195021  [  320/  847]
loss: 2.717323  [  576/  847]
loss: 2.894233  [  832/  847]
Average Training Loss: 0.851976
Val Loss: 2.8095 | C-index: 0.6569

Epoch 6
-------------------------------
loss: 2.952441  [   64/  847]
loss: 2.971083  [  320/  847]
loss: 3.033780  [  576/  847]
loss: 3.074696  [  832/  847]
Average Training Loss: 0.859429
Val Loss: 2.7748 | C-index: 0.6624

Epoch 7
-------------------------------
loss: 2.419124  [   64/  847]
loss: 2.676055  [  320/  847]
loss: 2.995003  [  576/  847]
loss: 3.073325  [  832/  847]
Average Training Loss: 0.797393
Val Loss: 2.7889 | C-index: 0.6654

Epoch 8
-------------------------------
loss: 3.376458  [   64/  847]
loss: 3.457596  [  320/  847]
loss: 2.908479  [  576/  847]
loss: 3.059819  [  832/  847]
Average Training Loss: 0.914454
Val Loss: 2.7335 | C-index: 0.6676

Epoch 9
-------------------------------
loss: 2.779201  [   64/  847]
loss: 3.194346  [  320/  847]
loss: 2.615057  [  576/  847]
loss: 2.852775  [  832/  847]
Average Training Loss: 0.817241
Val Loss: 2.7566 | C-index: 0.6718

Epoch 10
-------------------------------
loss: 2.457563  [   64/  847]
loss: 2.537029  [  320/  847]
loss: 2.705284  [  576/  847]
loss: 3.023250  [  832/  847]
Average Training Loss: 0.765938
Val Loss: 2.7335 | C-index: 0.6754

Epoch 11
-------------------------------
loss: 2.413655  [   64/  847]
loss: 2.869806  [  320/  847]
loss: 2.774845  [  576/  847]
loss: 2.992627  [  832/  847]
Average Training Loss: 0.789352
Val Loss: 2.6556 | C-index: 0.6812

Epoch 12
-------------------------------
loss: 2.313970  [   64/  847]
loss: 3.064308  [  320/  847]
loss: 2.989011  [  576/  847]
loss: 2.689827  [  832/  847]
Average Training Loss: 0.789794
Val Loss: 2.6917 | C-index: 0.6814

Done!
Best C-Index = 0.6813846870479786 at Epoch 12
FINAL TEST Average Loss: 2.4808
FINAL TEST C-index: 0.7250
Bootstrap 95% CI: [0.5905, 0.8239]
Results saved to /Users/evan/Documents/GitHub/HyBINN/experiments/runs/clinical/seed_4/results.json
