train_hybinn.py log started 2026-06-05 22:33:02.939891
=========================================
Model Active Branches: ['gene']
=========================================

=========================================
FOLD 1/5
=========================================

Epoch 1
-------------------------------
loss: 3.273664  [   64/  677]
loss: 2.982940  [  256/  677]
loss: 3.554919  [  448/  677]
loss: 1.986278  [  640/  677]
Average Training Loss: 1.072527
Val Loss: 3.0703 | C-index: 0.5665

Epoch 2
-------------------------------
loss: 3.121169  [   64/  677]
loss: 2.647235  [  256/  677]
loss: 2.880642  [  448/  677]
loss: 3.210385  [  640/  677]
Average Training Loss: 1.078130
Val Loss: 3.0899 | C-index: 0.5485

Epoch 3
-------------------------------
loss: 2.267249  [   64/  677]
loss: 2.650146  [  256/  677]
loss: 2.748182  [  448/  677]
loss: 2.791606  [  640/  677]
Average Training Loss: 0.950653
Val Loss: 3.0412 | C-index: 0.5821

Epoch 4
-------------------------------
loss: 2.412711  [   64/  677]
loss: 1.931792  [  256/  677]
loss: 2.313754  [  448/  677]
loss: 1.870969  [  640/  677]
Average Training Loss: 0.775384
Val Loss: 3.1381 | C-index: 0.5392

Epoch 5
-------------------------------
loss: 1.748508  [   64/  677]
loss: 2.137372  [  256/  677]
loss: 2.050142  [  448/  677]
loss: 2.542736  [  640/  677]
Average Training Loss: 0.770796
Val Loss: 3.0289 | C-index: 0.6118

Epoch 6
-------------------------------
loss: 1.689452  [   64/  677]
loss: 0.597355  [  256/  677]
loss: 2.553868  [  448/  677]
loss: 1.566351  [  640/  677]
Average Training Loss: 0.582457
Val Loss: 3.3125 | C-index: 0.6020

Epoch 7
-------------------------------
loss: 1.926749  [   64/  677]
loss: 0.858546  [  256/  677]
loss: 0.892724  [  448/  677]
loss: 1.689181  [  640/  677]
Average Training Loss: 0.487927
Val Loss: 3.3641 | C-index: 0.5728

Epoch 8
-------------------------------
loss: 1.262500  [   64/  677]
loss: 1.294689  [  256/  677]
loss: 0.867605  [  448/  677]
loss: 1.599855  [  640/  677]
Average Training Loss: 0.456786
Val Loss: 3.1759 | C-index: 0.6206

Epoch 9
-------------------------------
loss: 1.370745  [   64/  677]
loss: 1.767655  [  256/  677]
loss: 1.048296  [  448/  677]
loss: 1.512496  [  640/  677]
Average Training Loss: 0.518108
Val Loss: 3.5405 | C-index: 0.5051

Epoch 10
-------------------------------
loss: 1.401781  [   64/  677]
loss: 0.654164  [  256/  677]
loss: 1.622029  [  448/  677]
loss: 1.356101  [  640/  677]
Average Training Loss: 0.457643
Val Loss: 3.2471 | C-index: 0.5670

Epoch 11
-------------------------------
loss: 0.567330  [   64/  677]
loss: 1.446048  [  256/  677]
loss: 0.879603  [  448/  677]
loss: 0.574349  [  640/  677]
Average Training Loss: 0.315212
Val Loss: 3.3587 | C-index: 0.5957

Epoch 12
-------------------------------
loss: 1.334919  [   64/  677]
loss: 1.055662  [  256/  677]
loss: 0.733572  [  448/  677]
loss: 1.223361  [  640/  677]
Average Training Loss: 0.395228
Val Loss: 3.5529 | C-index: 0.5772

Epoch 13
-------------------------------
loss: 1.076339  [   64/  677]
loss: 0.984943  [  256/  677]
loss: 1.143173  [  448/  677]
loss: 1.961943  [  640/  677]
Average Training Loss: 0.469673
Val Loss: 3.7289 | C-index: 0.5694

Stopping early at Epoch 13 since no C-Index improvement after 5 epochs.
Done!
Best C-Index = 0.6205552849488554 at Epoch 8

=========================================
FOLD 2/5
=========================================

Epoch 1
-------------------------------
loss: 2.710565  [   64/  677]
loss: 3.331387  [  256/  677]
loss: 3.250112  [  448/  677]
loss: 3.101992  [  640/  677]
Average Training Loss: 1.126732
Val Loss: 2.6338 | C-index: 0.3475

Epoch 2
-------------------------------
loss: 3.019735  [   64/  677]
loss: 2.767125  [  256/  677]
loss: 3.107903  [  448/  677]
loss: 2.735539  [  640/  677]
Average Training Loss: 1.057300
Val Loss: 2.6932 | C-index: 0.3671

Epoch 3
-------------------------------
loss: 2.257346  [   64/  677]
loss: 3.258361  [  256/  677]
loss: 2.508745  [  448/  677]
loss: 3.097946  [  640/  677]
Average Training Loss: 1.011127
Val Loss: 2.7834 | C-index: 0.4212

Epoch 4
-------------------------------
loss: 2.357295  [   64/  677]
loss: 2.354661  [  256/  677]
loss: 2.219414  [  448/  677]
loss: 2.052577  [  640/  677]
Average Training Loss: 0.816722
Val Loss: 2.9434 | C-index: 0.4375

Epoch 5
-------------------------------
loss: 2.039133  [   64/  677]
loss: 1.906525  [  256/  677]
loss: 1.659601  [  448/  677]
loss: 1.388437  [  640/  677]
Average Training Loss: 0.635791
Val Loss: 2.9495 | C-index: 0.5707

Epoch 6
-------------------------------
loss: 1.833139  [   64/  677]
loss: 1.476510  [  256/  677]
loss: 1.067638  [  448/  677]
loss: 1.942516  [  640/  677]
Average Training Loss: 0.574528
Val Loss: 3.2439 | C-index: 0.4949

Epoch 7
-------------------------------
loss: 2.006990  [   64/  677]
loss: 1.625480  [  256/  677]
loss: 1.498314  [  448/  677]
loss: 2.261321  [  640/  677]
Average Training Loss: 0.672010
Val Loss: 3.8532 | C-index: 0.5233

Epoch 8
-------------------------------
loss: 1.668696  [   64/  677]
loss: 1.539262  [  256/  677]
loss: 1.153319  [  448/  677]
loss: 1.868753  [  640/  677]
Average Training Loss: 0.566366
Val Loss: 3.4173 | C-index: 0.4753

Epoch 9
-------------------------------
loss: 2.083072  [   64/  677]
loss: 1.477239  [  256/  677]
loss: 1.555767  [  448/  677]
loss: 1.054582  [  640/  677]
Average Training Loss: 0.560969
Val Loss: 3.0858 | C-index: 0.5808

Epoch 10
-------------------------------
loss: 1.538076  [   64/  677]
loss: 1.741559  [  256/  677]
loss: 1.917897  [  448/  677]
loss: 0.995805  [  640/  677]
Average Training Loss: 0.563031
Val Loss: 3.3668 | C-index: 0.4780

Epoch 11
-------------------------------
loss: 0.891538  [   64/  677]
loss: 1.036661  [  256/  677]
loss: 0.949202  [  448/  677]
loss: 1.626025  [  640/  677]
Average Training Loss: 0.409402
Val Loss: 3.4557 | C-index: 0.4199

Epoch 12
-------------------------------
loss: 1.346484  [   64/  677]
loss: 1.189111  [  256/  677]
loss: 1.798200  [  448/  677]
loss: 1.141087  [  640/  677]
Average Training Loss: 0.497717
Val Loss: 3.4482 | C-index: 0.6214

Epoch 13
-------------------------------
loss: 1.587965  [   64/  677]
loss: 1.568887  [  256/  677]
loss: 1.720700  [  448/  677]
loss: 1.683235  [  640/  677]
Average Training Loss: 0.596435
Val Loss: 3.6417 | C-index: 0.4922

Epoch 14
-------------------------------
loss: 0.148087  [   64/  677]
loss: 1.245766  [  256/  677]
loss: 1.783461  [  448/  677]
loss: 1.191077  [  640/  677]
Average Training Loss: 0.397126
Val Loss: 3.9551 | C-index: 0.4016

Epoch 15
-------------------------------
loss: 1.436355  [   64/  677]
loss: 0.691552  [  256/  677]
loss: 1.295296  [  448/  677]
loss: 1.113214  [  640/  677]
Average Training Loss: 0.412402
Val Loss: 3.9042 | C-index: 0.5828

Epoch 16
-------------------------------
loss: 1.004065  [   64/  677]
loss: 1.456603  [  256/  677]
loss: 1.156557  [  448/  677]
loss: 0.882775  [  640/  677]
Average Training Loss: 0.409091
Val Loss: 3.9708 | C-index: 0.3976

Epoch 17
-------------------------------
loss: 1.665763  [   64/  677]
loss: 1.074346  [  256/  677]
loss: 1.222442  [  448/  677]
loss: 0.851791  [  640/  677]
Average Training Loss: 0.437668
Val Loss: 3.6924 | C-index: 0.5930

Stopping early at Epoch 17 since no C-Index improvement after 5 epochs.
Done!
Best C-Index = 0.6213657876943881 at Epoch 12

=========================================
FOLD 3/5
=========================================

Epoch 1
-------------------------------
loss: 3.057456  [   64/  678]
loss: 2.542169  [  256/  678]
loss: 2.883094  [  448/  678]
loss: 3.223439  [  640/  678]
Average Training Loss: 1.064196
Val Loss: 2.7829 | C-index: 0.5953

Epoch 2
-------------------------------
loss: 2.473160  [   64/  678]
loss: 2.760704  [  256/  678]
loss: 3.027841  [  448/  678]
loss: 2.724185  [  640/  678]
Average Training Loss: 0.998717
Val Loss: 2.7476 | C-index: 0.6113

Epoch 3
-------------------------------
loss: 2.474101  [   64/  678]
loss: 2.276190  [  256/  678]
loss: 2.699496  [  448/  678]
loss: 2.803939  [  640/  678]
Average Training Loss: 0.932157
Val Loss: 2.8353 | C-index: 0.5542

Epoch 4
-------------------------------
loss: 2.314604  [   64/  678]
loss: 2.240075  [  256/  678]
loss: 2.347542  [  448/  678]
loss: 1.812049  [  640/  678]
Average Training Loss: 0.792206
Val Loss: 2.7080 | C-index: 0.6164

Epoch 5
-------------------------------
loss: 1.996157  [   64/  678]
loss: 1.814380  [  256/  678]
loss: 1.450904  [  448/  678]
loss: 1.815682  [  640/  678]
Average Training Loss: 0.643375
Val Loss: 2.8989 | C-index: 0.5176

Epoch 6
-------------------------------
loss: 1.447873  [   64/  678]
loss: 1.450776  [  256/  678]
loss: 1.646431  [  448/  678]
loss: 1.572174  [  640/  678]
Average Training Loss: 0.556114
Val Loss: 2.9814 | C-index: 0.5933

Epoch 7
-------------------------------
loss: 2.160938  [   64/  678]
loss: 2.429393  [  256/  678]
loss: 1.312708  [  448/  678]
loss: 1.776147  [  640/  678]
Average Training Loss: 0.698108
Val Loss: 3.2415 | C-index: 0.4753

Epoch 8
-------------------------------
loss: 1.177541  [   64/  678]
loss: 1.213696  [  256/  678]
loss: 1.037291  [  448/  678]
loss: 1.772984  [  640/  678]
Average Training Loss: 0.472865
Val Loss: 3.3347 | C-index: 0.5683

Epoch 9
-------------------------------
loss: 1.755880  [   64/  678]
loss: 1.295345  [  256/  678]
loss: 1.486459  [  448/  678]
loss: 2.020654  [  640/  678]
Average Training Loss: 0.596213
Val Loss: 3.1539 | C-index: 0.5651

Stopping early at Epoch 9 since no C-Index improvement after 5 epochs.
Done!
Best C-Index = 0.6164207825529185 at Epoch 4

=========================================
FOLD 4/5
=========================================

Epoch 1
-------------------------------
loss: 2.701330  [   64/  678]
loss: 2.744595  [  256/  678]
loss: 3.316556  [  448/  678]
loss: 3.122875  [  640/  678]
Average Training Loss: 1.080487
Val Loss: 2.6923 | C-index: 0.6151

Epoch 2
-------------------------------
loss: 2.421742  [   64/  678]
loss: 2.843915  [  256/  678]
loss: 3.083029  [  448/  678]
loss: 3.031213  [  640/  678]
Average Training Loss: 1.034536
Val Loss: 2.7347 | C-index: 0.5533

Epoch 3
-------------------------------
loss: 2.995806  [   64/  678]
loss: 2.432220  [  256/  678]
loss: 2.076331  [  448/  678]
loss: 2.440554  [  640/  678]
Average Training Loss: 0.904083
Val Loss: 2.7125 | C-index: 0.5642

Epoch 4
-------------------------------
loss: 3.270285  [   64/  678]
loss: 2.265215  [  256/  678]
loss: 2.358644  [  448/  678]
loss: 1.976466  [  640/  678]
Average Training Loss: 0.897328
Val Loss: 3.1572 | C-index: 0.5411

Epoch 5
-------------------------------
loss: 1.953266  [   64/  678]
loss: 2.164654  [  256/  678]
loss: 1.995389  [  448/  678]
loss: 1.930593  [  640/  678]
Average Training Loss: 0.731264
Val Loss: 2.8616 | C-index: 0.5798

Epoch 6
-------------------------------
loss: 1.877310  [   64/  678]
loss: 1.912182  [  256/  678]
loss: 1.962841  [  448/  678]
loss: 1.570213  [  640/  678]
Average Training Loss: 0.665686
Val Loss: 3.4693 | C-index: 0.5465

Stopping early at Epoch 6 since no C-Index improvement after 5 epochs.
Done!
Best C-Index = 0.615071283095723 at Epoch 1

=========================================
FOLD 5/5
=========================================

Epoch 1
-------------------------------
loss: 3.016868  [   64/  678]
loss: 2.791180  [  256/  678]
loss: 2.272325  [  448/  678]
loss: 2.843128  [  640/  678]
Average Training Loss: 0.993046
Val Loss: 2.7427 | C-index: 0.6456

Epoch 2
-------------------------------
loss: 2.696253  [   64/  678]
loss: 2.886053  [  256/  678]
loss: 2.382577  [  448/  678]
loss: 3.076093  [  640/  678]
Average Training Loss: 1.003725
Val Loss: 2.6882 | C-index: 0.6816

Epoch 3
-------------------------------
loss: 3.385563  [   64/  678]
loss: 2.723548  [  256/  678]
loss: 2.818637  [  448/  678]
loss: 2.706346  [  640/  678]
Average Training Loss: 1.057645
Val Loss: 2.6598 | C-index: 0.7001

Epoch 4
-------------------------------
loss: 2.899320  [   64/  678]
loss: 2.235744  [  256/  678]
loss: 2.700724  [  448/  678]
loss: 2.091862  [  640/  678]
Average Training Loss: 0.902514
Val Loss: 2.5264 | C-index: 0.7715

Epoch 5
-------------------------------
loss: 2.197177  [   64/  678]
loss: 2.044531  [  256/  678]
loss: 1.993869  [  448/  678]
loss: 2.151916  [  640/  678]
Average Training Loss: 0.762499
Val Loss: 2.9459 | C-index: 0.6407

Epoch 6
-------------------------------
loss: 2.116147  [   64/  678]
loss: 2.331595  [  256/  678]
loss: 1.956739  [  448/  678]
loss: 2.959066  [  640/  678]
Average Training Loss: 0.851232
Val Loss: 2.6034 | C-index: 0.7345

Epoch 7
-------------------------------
loss: 1.923282  [   64/  678]
loss: 1.450124  [  256/  678]
loss: 1.582291  [  448/  678]
loss: 1.625137  [  640/  678]
Average Training Loss: 0.598258
Val Loss: 2.8574 | C-index: 0.6576

Epoch 8
-------------------------------
loss: 1.022099  [   64/  678]
loss: 1.233230  [  256/  678]
loss: 2.123391  [  448/  678]
loss: 1.398514  [  640/  678]
Average Training Loss: 0.525203
Val Loss: 3.0553 | C-index: 0.6325

Epoch 9
-------------------------------
loss: 1.787962  [   64/  678]
loss: 1.204381  [  256/  678]
loss: 1.516026  [  448/  678]
loss: 1.806853  [  640/  678]
Average Training Loss: 0.574111
Val Loss: 2.9596 | C-index: 0.6614

Stopping early at Epoch 9 since no C-Index improvement after 5 epochs.
Done!
Best C-Index = 0.7715376226826608 at Epoch 4

=========================================
CV training complete! Mean ± std C-index: 0.6490 ± 0.0613
Best epochs per fold: [8, 12, 4, 1, 4]

=========================================
Retraining model on full train+val for 6 epochs...
Epoch 1
-------------------------------
loss: 2.640113  [   64/  847]
loss: 2.865603  [  320/  847]
loss: 2.716951  [  576/  847]
loss: 3.844051  [  832/  847]
Average Training Loss: 0.861908
Val Loss: 2.8183 | C-index: 0.5903

Epoch 2
-------------------------------
loss: 2.547491  [   64/  847]
loss: 2.963333  [  320/  847]
loss: 3.272378  [  576/  847]
loss: 2.962906  [  832/  847]
Average Training Loss: 0.839008
Val Loss: 2.5832 | C-index: 0.7473

Epoch 3
-------------------------------
loss: 3.207104  [   64/  847]
loss: 2.176348  [  320/  847]
loss: 2.632570  [  576/  847]
loss: 2.740216  [  832/  847]
Average Training Loss: 0.768303
Val Loss: 2.2132 | C-index: 0.8546

Epoch 4
-------------------------------
loss: 2.335748  [   64/  847]
loss: 2.451996  [  320/  847]
loss: 2.528602  [  576/  847]
loss: 2.054121  [  832/  847]
Average Training Loss: 0.669319
Val Loss: 1.9048 | C-index: 0.8712

Epoch 5
-------------------------------
loss: 2.432913  [   64/  847]
loss: 2.662810  [  320/  847]
loss: 2.438046  [  576/  847]
loss: 1.996186  [  832/  847]
Average Training Loss: 0.680711
Val Loss: 1.7697 | C-index: 0.9345

Epoch 6
-------------------------------
loss: 1.833366  [   64/  847]
loss: 2.492532  [  320/  847]
loss: 1.638522  [  576/  847]
loss: 2.006036  [  832/  847]
Average Training Loss: 0.569318
Val Loss: 1.3977 | C-index: 0.9526

Done!
Best C-Index = 0.9525892814684483 at Epoch 6
FINAL TEST Average Loss: 2.3383
FINAL TEST C-index: 0.6972
Bootstrap 95% CI: [0.5726, 0.8036]
Results saved to /Users/evan/Documents/GitHub/HyBINN/experiments/runs/gene_only/seed_1/results.json
