train_hybinn.py log started 2026-06-17 01:25:44.240117
=========================================
Model Active Branches: ['binn', 'gene', 'clinical']
=========================================

=========================================
FOLD 1/5
=========================================

Epoch 1
-------------------------------
loss: 2.742837  [   64/  677]
loss: 2.249964  [  256/  677]
loss: 3.320179  [  448/  677]
loss: 2.946900  [  640/  677]
Average Training Loss: 1.023625
Val Loss: 3.0769 | C-index: 0.5066

Epoch 2
-------------------------------
loss: 2.932260  [   64/  677]
loss: 3.475960  [  256/  677]
loss: 2.993702  [  448/  677]
loss: 3.574385  [  640/  677]
Average Training Loss: 1.179664
Val Loss: 3.0541 | C-index: 0.5709

Epoch 3
-------------------------------
loss: 2.937921  [   64/  677]
loss: 2.861936  [  256/  677]
loss: 2.772552  [  448/  677]
loss: 3.673354  [  640/  677]
Average Training Loss: 1.113251
Val Loss: 3.0466 | C-index: 0.5684

Epoch 4
-------------------------------
loss: 2.317536  [   64/  677]
loss: 2.570710  [  256/  677]
loss: 2.144976  [  448/  677]
loss: 2.699495  [  640/  677]
Average Training Loss: 0.884793
Val Loss: 3.0082 | C-index: 0.5684

Epoch 5
-------------------------------
loss: 2.712002  [   64/  677]
loss: 2.226899  [  256/  677]
loss: 1.690496  [  448/  677]
loss: 2.086962  [  640/  677]
Average Training Loss: 0.792396
Val Loss: 2.9589 | C-index: 0.6215

Epoch 6
-------------------------------
loss: 1.716327  [   64/  677]
loss: 1.798847  [  256/  677]
loss: 1.251217  [  448/  677]
loss: 1.929722  [  640/  677]
Average Training Loss: 0.608738
Val Loss: 2.9554 | C-index: 0.5947

Epoch 7
-------------------------------
loss: 1.946074  [   64/  677]
loss: 1.233234  [  256/  677]
loss: 1.513915  [  448/  677]
loss: 1.839661  [  640/  677]
Average Training Loss: 0.593899
Val Loss: 3.1961 | C-index: 0.5455

Epoch 8
-------------------------------
loss: 0.894302  [   64/  677]
loss: 1.599983  [  256/  677]
loss: 1.753015  [  448/  677]
loss: 1.662863  [  640/  677]
Average Training Loss: 0.537288
Val Loss: 2.9762 | C-index: 0.6488

Epoch 9
-------------------------------
loss: 1.649669  [   64/  677]
loss: 1.600995  [  256/  677]
loss: 1.074421  [  448/  677]
loss: 1.597519  [  640/  677]
Average Training Loss: 0.538418
Val Loss: 3.0999 | C-index: 0.6030

Epoch 10
-------------------------------
loss: 1.376081  [   64/  677]
loss: 1.016141  [  256/  677]
loss: 1.161408  [  448/  677]
loss: 1.363005  [  640/  677]
Average Training Loss: 0.446967
Val Loss: 3.1548 | C-index: 0.6318

Epoch 11
-------------------------------
loss: 0.954202  [   64/  677]
loss: 2.271513  [  256/  677]
loss: 1.455389  [  448/  677]
loss: 1.111443  [  640/  677]
Average Training Loss: 0.526595
Val Loss: 3.3775 | C-index: 0.5826

Epoch 12
-------------------------------
loss: 1.421823  [   64/  677]
loss: 1.492459  [  256/  677]
loss: 1.027260  [  448/  677]
loss: 1.563747  [  640/  677]
Average Training Loss: 0.500481
Val Loss: 3.2900 | C-index: 0.6132

Epoch 13
-------------------------------
loss: 0.882453  [   64/  677]
loss: 1.287845  [  256/  677]
loss: 1.475741  [  448/  677]
loss: 0.915412  [  640/  677]
Average Training Loss: 0.414677
Val Loss: 3.1912 | C-index: 0.6405

Stopping early at Epoch 13 since no C-Index improvement after 5 epochs.
Done!
Best C-Index = 0.6488066244520214 at Epoch 8

=========================================
FOLD 2/5
=========================================

Epoch 1
-------------------------------
loss: 3.063232  [   64/  677]
loss: 2.703855  [  256/  677]
loss: 3.476438  [  448/  677]
loss: 2.484180  [  640/  677]
Average Training Loss: 1.066155
Val Loss: 2.6192 | C-index: 0.3333

Epoch 2
-------------------------------
loss: 3.292901  [   64/  677]
loss: 2.917051  [  256/  677]
loss: 2.799168  [  448/  677]
loss: 2.433767  [  640/  677]
Average Training Loss: 1.040262
Val Loss: 2.6317 | C-index: 0.4442

Epoch 3
-------------------------------
loss: 2.666764  [   64/  677]
loss: 2.786277  [  256/  677]
loss: 2.184142  [  448/  677]
loss: 2.806015  [  640/  677]
Average Training Loss: 0.949382
Val Loss: 2.7241 | C-index: 0.4199

Epoch 4
-------------------------------
loss: 3.113311  [   64/  677]
loss: 2.471325  [  256/  677]
loss: 2.587314  [  448/  677]
loss: 1.945276  [  640/  677]
Average Training Loss: 0.919748
Val Loss: 2.6870 | C-index: 0.4997

Epoch 5
-------------------------------
loss: 1.860507  [   64/  677]
loss: 2.443878  [  256/  677]
loss: 1.720999  [  448/  677]
loss: 2.203203  [  640/  677]
Average Training Loss: 0.748053
Val Loss: 2.7523 | C-index: 0.5754

Epoch 6
-------------------------------
loss: 1.754576  [   64/  677]
loss: 2.106365  [  256/  677]
loss: 1.119788  [  448/  677]
loss: 2.097159  [  640/  677]
Average Training Loss: 0.643444
Val Loss: 2.8581 | C-index: 0.6261

Epoch 7
-------------------------------
loss: 1.423295  [   64/  677]
loss: 1.255914  [  256/  677]
loss: 2.082402  [  448/  677]
loss: 1.872976  [  640/  677]
Average Training Loss: 0.603144
Val Loss: 3.2577 | C-index: 0.4659

Epoch 8
-------------------------------
loss: 1.790423  [   64/  677]
loss: 1.247583  [  256/  677]
loss: 1.457261  [  448/  677]
loss: 1.988822  [  640/  677]
Average Training Loss: 0.589463
Val Loss: 3.5782 | C-index: 0.4375

Epoch 9
-------------------------------
loss: 1.403561  [   64/  677]
loss: 1.720852  [  256/  677]
loss: 0.959883  [  448/  677]
loss: 1.458805  [  640/  677]
Average Training Loss: 0.503918
Val Loss: 3.1581 | C-index: 0.5159

Epoch 10
-------------------------------
loss: 1.101450  [   64/  677]
loss: 0.853827  [  256/  677]
loss: 0.688979  [  448/  677]
loss: 2.229985  [  640/  677]
Average Training Loss: 0.443113
Val Loss: 3.1118 | C-index: 0.5450

Epoch 11
-------------------------------
loss: 1.387673  [   64/  677]
loss: 1.223197  [  256/  677]
loss: 1.088218  [  448/  677]
loss: 1.012655  [  640/  677]
Average Training Loss: 0.428340
Val Loss: 3.6074 | C-index: 0.5240

Stopping early at Epoch 11 since no C-Index improvement after 5 epochs.
Done!
Best C-Index = 0.6260987153482083 at Epoch 6

=========================================
FOLD 3/5
=========================================

Epoch 1
-------------------------------
loss: 2.963996  [   64/  678]
loss: 2.878461  [  256/  678]
loss: 3.203345  [  448/  678]
loss: 3.026260  [  640/  678]
Average Training Loss: 1.097460
Val Loss: 2.7784 | C-index: 0.6555

Epoch 2
-------------------------------
loss: 3.368265  [   64/  678]
loss: 2.652707  [  256/  678]
loss: 2.843010  [  448/  678]
loss: 2.788804  [  640/  678]
Average Training Loss: 1.059344
Val Loss: 2.7637 | C-index: 0.6408

Epoch 3
-------------------------------
loss: 3.398813  [   64/  678]
loss: 2.957817  [  256/  678]
loss: 2.670455  [  448/  678]
loss: 2.921494  [  640/  678]
Average Training Loss: 1.086235
Val Loss: 2.7571 | C-index: 0.6190

Epoch 4
-------------------------------
loss: 3.107829  [   64/  678]
loss: 2.403543  [  256/  678]
loss: 3.094270  [  448/  678]
loss: 2.475337  [  640/  678]
Average Training Loss: 1.007362
Val Loss: 2.7719 | C-index: 0.5734

Epoch 5
-------------------------------
loss: 2.574543  [   64/  678]
loss: 2.326527  [  256/  678]
loss: 1.920767  [  448/  678]
loss: 1.828973  [  640/  678]
Average Training Loss: 0.786437
Val Loss: 2.7455 | C-index: 0.6062

Epoch 6
-------------------------------
loss: 1.644334  [   64/  678]
loss: 2.025486  [  256/  678]
loss: 1.188244  [  448/  678]
loss: 1.676072  [  640/  678]
Average Training Loss: 0.594012
Val Loss: 2.9248 | C-index: 0.5273

Stopping early at Epoch 6 since no C-Index improvement after 5 epochs.
Done!
Best C-Index = 0.6555484284797948 at Epoch 1

=========================================
FOLD 4/5
=========================================

Epoch 1
-------------------------------
loss: 3.147287  [   64/  678]
loss: 2.183345  [  256/  678]
loss: 3.447791  [  448/  678]
loss: 2.785370  [  640/  678]
Average Training Loss: 1.051254
Val Loss: 2.7413 | C-index: 0.5642

Epoch 2
-------------------------------
loss: 2.724670  [   64/  678]
loss: 2.415458  [  256/  678]
loss: 2.851930  [  448/  678]
loss: 3.306297  [  640/  678]
Average Training Loss: 1.027123
Val Loss: 2.7513 | C-index: 0.5221

Epoch 3
-------------------------------
loss: 2.527984  [   64/  678]
loss: 2.807292  [  256/  678]
loss: 2.596159  [  448/  678]
loss: 3.061884  [  640/  678]
Average Training Loss: 0.999393
Val Loss: 2.7397 | C-index: 0.5302

Epoch 4
-------------------------------
loss: 2.568010  [   64/  678]
loss: 2.598804  [  256/  678]
loss: 2.600441  [  448/  678]
loss: 2.185897  [  640/  678]
Average Training Loss: 0.904832
Val Loss: 2.7538 | C-index: 0.5893

Epoch 5
-------------------------------
loss: 1.849113  [   64/  678]
loss: 1.370394  [  256/  678]
loss: 1.980406  [  448/  678]
loss: 2.290596  [  640/  678]
Average Training Loss: 0.680955
Val Loss: 3.1164 | C-index: 0.5526

Epoch 6
-------------------------------
loss: 1.721794  [   64/  678]
loss: 1.542152  [  256/  678]
loss: 1.763674  [  448/  678]
loss: 1.671451  [  640/  678]
Average Training Loss: 0.609006
Val Loss: 3.2648 | C-index: 0.5499

Epoch 7
-------------------------------
loss: 1.205680  [   64/  678]
loss: 2.357450  [  256/  678]
loss: 1.529543  [  448/  678]
loss: 1.072825  [  640/  678]
Average Training Loss: 0.560500
Val Loss: 3.0516 | C-index: 0.6042

Epoch 8
-------------------------------
loss: 0.964301  [   64/  678]
loss: 0.503790  [  256/  678]
loss: 1.358408  [  448/  678]
loss: 1.844251  [  640/  678]
Average Training Loss: 0.424614
Val Loss: 2.9979 | C-index: 0.6307

Epoch 9
-------------------------------
loss: 1.373164  [   64/  678]
loss: 1.526191  [  256/  678]
loss: 1.224105  [  448/  678]
loss: 1.661658  [  640/  678]
Average Training Loss: 0.525920
Val Loss: 2.8316 | C-index: 0.6830

Epoch 10
-------------------------------
loss: 1.413602  [   64/  678]
loss: 2.438231  [  256/  678]
loss: 0.319176  [  448/  678]
loss: 1.344263  [  640/  678]
Average Training Loss: 0.501388
Val Loss: 3.1557 | C-index: 0.6334

Epoch 11
-------------------------------
loss: 1.612257  [   64/  678]
loss: 1.065285  [  256/  678]
loss: 1.615147  [  448/  678]
loss: 1.410193  [  640/  678]
Average Training Loss: 0.518444
Val Loss: 3.9567 | C-index: 0.4983

Epoch 12
-------------------------------
loss: 1.616108  [   64/  678]
loss: 1.361706  [  256/  678]
loss: 0.859378  [  448/  678]
loss: 1.382342  [  640/  678]
Average Training Loss: 0.474503
Val Loss: 3.0734 | C-index: 0.5838

Epoch 13
-------------------------------
loss: 1.286440  [   64/  678]
loss: 1.086949  [  256/  678]
loss: 1.912641  [  448/  678]
loss: 1.145504  [  640/  678]
Average Training Loss: 0.493776
Val Loss: 2.9176 | C-index: 0.6687

Epoch 14
-------------------------------
loss: 0.629135  [   64/  678]
loss: 1.475239  [  256/  678]
loss: 1.507456  [  448/  678]
loss: 1.742794  [  640/  678]
Average Training Loss: 0.486784
Val Loss: 3.6841 | C-index: 0.5655

Stopping early at Epoch 14 since no C-Index improvement after 5 epochs.
Done!
Best C-Index = 0.6829599456890699 at Epoch 9

=========================================
FOLD 5/5
=========================================

Epoch 1
-------------------------------
loss: 2.975193  [   64/  678]
loss: 3.214216  [  256/  678]
loss: 3.608989  [  448/  678]
loss: 3.275927  [  640/  678]
Average Training Loss: 1.188575
Val Loss: 2.7788 | C-index: 0.6647

Epoch 2
-------------------------------
loss: 2.658586  [   64/  678]
loss: 2.637727  [  256/  678]
loss: 2.753230  [  448/  678]
loss: 2.679112  [  640/  678]
Average Training Loss: 0.975332
Val Loss: 2.7580 | C-index: 0.6581

Epoch 3
-------------------------------
loss: 2.994109  [   64/  678]
loss: 2.381430  [  256/  678]
loss: 2.772235  [  448/  678]
loss: 2.808861  [  640/  678]
Average Training Loss: 0.996058
Val Loss: 2.7363 | C-index: 0.6685

Epoch 4
-------------------------------
loss: 3.145511  [   64/  678]
loss: 2.786314  [  256/  678]
loss: 2.783569  [  448/  678]
loss: 2.681494  [  640/  678]
Average Training Loss: 1.036081
Val Loss: 2.6561 | C-index: 0.7034

Epoch 5
-------------------------------
loss: 2.478975  [   64/  678]
loss: 2.661190  [  256/  678]
loss: 2.369642  [  448/  678]
loss: 2.406645  [  640/  678]
Average Training Loss: 0.901496
Val Loss: 2.6366 | C-index: 0.6936

Epoch 6
-------------------------------
loss: 1.553003  [   64/  678]
loss: 2.108537  [  256/  678]
loss: 2.119031  [  448/  678]
loss: 1.212028  [  640/  678]
Average Training Loss: 0.635691
Val Loss: 2.6878 | C-index: 0.6919

Epoch 7
-------------------------------
loss: 2.124625  [   64/  678]
loss: 1.849151  [  256/  678]
loss: 1.442089  [  448/  678]
loss: 1.438208  [  640/  678]
Average Training Loss: 0.623098
Val Loss: 2.9042 | C-index: 0.6805

Epoch 8
-------------------------------
loss: 2.111646  [   64/  678]
loss: 1.303854  [  256/  678]
loss: 1.367084  [  448/  678]
loss: 1.622362  [  640/  678]
Average Training Loss: 0.582268
Val Loss: 2.7070 | C-index: 0.6952

Epoch 9
-------------------------------
loss: 1.562185  [   64/  678]
loss: 1.462066  [  256/  678]
loss: 0.934259  [  448/  678]
loss: 1.470488  [  640/  678]
Average Training Loss: 0.493545
Val Loss: 2.9852 | C-index: 0.6581

Stopping early at Epoch 9 since no C-Index improvement after 5 epochs.
Done!
Best C-Index = 0.7033805888767721 at Epoch 4

=========================================
CV training complete! Mean ± std C-index: 0.6634 ± 0.0270
Best epochs per fold: [8, 6, 1, 9, 4]

=========================================
Retraining model on full train+val for 6 epochs...
Epoch 1
-------------------------------
loss: 3.084140  [   64/  847]
loss: 3.278602  [  320/  847]
loss: 2.911820  [  576/  847]
loss: 3.116771  [  832/  847]
Average Training Loss: 0.885095
Val Loss: 2.8219 | C-index: 0.6726

Epoch 2
-------------------------------
loss: 3.016136  [   64/  847]
loss: 3.356796  [  320/  847]
loss: 2.777218  [  576/  847]
loss: 2.914219  [  832/  847]
Average Training Loss: 0.861741
Val Loss: 2.6887 | C-index: 0.7613

Epoch 3
-------------------------------
loss: 2.666854  [   64/  847]
loss: 2.387364  [  320/  847]
loss: 3.100428  [  576/  847]
loss: 2.930921  [  832/  847]
Average Training Loss: 0.791826
Val Loss: 2.4701 | C-index: 0.8881

Epoch 4
-------------------------------
loss: 2.796907  [   64/  847]
loss: 1.714367  [  320/  847]
loss: 2.622184  [  576/  847]
loss: 2.545874  [  832/  847]
Average Training Loss: 0.691381
Val Loss: 2.0781 | C-index: 0.8874

Epoch 5
-------------------------------
loss: 2.041454  [   64/  847]
loss: 2.346340  [  320/  847]
loss: 1.892943  [  576/  847]
loss: 1.989151  [  832/  847]
Average Training Loss: 0.590706
Val Loss: 1.5994 | C-index: 0.9358

Epoch 6
-------------------------------
loss: 1.681200  [   64/  847]
loss: 1.912059  [  320/  847]
loss: 2.031771  [  576/  847]
loss: 1.843783  [  832/  847]
Average Training Loss: 0.533487
Val Loss: 1.4478 | C-index: 0.9533

Done!
Best C-Index = 0.9533025821484616 at Epoch 6
FINAL TEST Average Loss: 2.3195
FINAL TEST C-index: 0.6672
Bootstrap 95% CI: [0.5598, 0.7752]
Top 10 activated pathways:
{'R-HSA-264876': 0.048519525676965714, 'R-HSA-389960': 0.038761939853429794, 'R-HSA-5693537': 0.03797782585024834, 'R-HSA-187577': 0.036236267536878586, 'R-HSA-9660826': 0.03460760787129402, 'R-HSA-416700': 0.033934708684682846, 'R-HSA-5637810': 0.03332596644759178, 'R-HSA-181430': 0.031154368072748184, 'R-HSA-418457': 0.03059454821050167, 'R-HSA-9696264': 0.030238475650548935}
Results saved to /Users/evan/Documents/GitHub/HyBINN/experiments/runs/full_hybinn/seed_1/results.json
