train_hybinn.py log started 2026-06-17 01:26:24.667703
=========================================
Model Active Branches: ['binn', 'gene', 'clinical']
=========================================

=========================================
FOLD 1/5
=========================================

Epoch 1
-------------------------------
loss: 3.464220  [   64/  677]
loss: 2.875428  [  256/  677]
loss: 2.769403  [  448/  677]
loss: 2.844936  [  640/  677]
Average Training Loss: 1.086726
Val Loss: 3.1035 | C-index: 0.5359

Epoch 2
-------------------------------
loss: 2.702961  [   64/  677]
loss: 3.048863  [  256/  677]
loss: 3.019047  [  448/  677]
loss: 3.121172  [  640/  677]
Average Training Loss: 1.081095
Val Loss: 3.0844 | C-index: 0.6169

Epoch 3
-------------------------------
loss: 2.793555  [   64/  677]
loss: 2.904187  [  256/  677]
loss: 2.440823  [  448/  677]
loss: 3.220887  [  640/  677]
Average Training Loss: 1.032677
Val Loss: 3.0311 | C-index: 0.6510

Epoch 4
-------------------------------
loss: 2.601779  [   64/  677]
loss: 1.547076  [  256/  677]
loss: 2.655812  [  448/  677]
loss: 2.722976  [  640/  677]
Average Training Loss: 0.866149
Val Loss: 2.9455 | C-index: 0.6642

Epoch 5
-------------------------------
loss: 1.978232  [   64/  677]
loss: 1.931093  [  256/  677]
loss: 2.195015  [  448/  677]
loss: 1.951384  [  640/  677]
Average Training Loss: 0.732339
Val Loss: 2.9378 | C-index: 0.6837

Epoch 6
-------------------------------
loss: 1.456239  [   64/  677]
loss: 2.391628  [  256/  677]
loss: 1.906167  [  448/  677]
loss: 1.113339  [  640/  677]
Average Training Loss: 0.624307
Val Loss: 3.0655 | C-index: 0.6515

Epoch 7
-------------------------------
loss: 2.019730  [   64/  677]
loss: 2.243248  [  256/  677]
loss: 1.704079  [  448/  677]
loss: 1.395861  [  640/  677]
Average Training Loss: 0.669356
Val Loss: 3.1688 | C-index: 0.6808

Epoch 8
-------------------------------
loss: 1.430965  [   64/  677]
loss: 1.726218  [  256/  677]
loss: 1.886192  [  448/  677]
loss: 2.020476  [  640/  677]
Average Training Loss: 0.642168
Val Loss: 3.0569 | C-index: 0.6857

Epoch 9
-------------------------------
loss: 1.835938  [   64/  677]
loss: 1.685105  [  256/  677]
loss: 1.541731  [  448/  677]
loss: 1.214895  [  640/  677]
Average Training Loss: 0.570697
Val Loss: 3.7400 | C-index: 0.6227

Epoch 10
-------------------------------
loss: 1.135347  [   64/  677]
loss: 1.797834  [  256/  677]
loss: 1.701295  [  448/  677]
loss: 1.575726  [  640/  677]
Average Training Loss: 0.564564
Val Loss: 3.1098 | C-index: 0.6696

Epoch 11
-------------------------------
loss: 1.230694  [   64/  677]
loss: 1.451241  [  256/  677]
loss: 1.592210  [  448/  677]
loss: 1.280862  [  640/  677]
Average Training Loss: 0.505001
Val Loss: 3.1113 | C-index: 0.7247

Epoch 12
-------------------------------
loss: 1.098982  [   64/  677]
loss: 0.902264  [  256/  677]
loss: 1.112031  [  448/  677]
loss: 0.695014  [  640/  677]
Average Training Loss: 0.346208
Val Loss: 3.1614 | C-index: 0.6696

Epoch 13
-------------------------------
loss: 0.871578  [   64/  677]
loss: 1.757030  [  256/  677]
loss: 1.135422  [  448/  677]
loss: 0.899942  [  640/  677]
Average Training Loss: 0.423998
Val Loss: 3.4752 | C-index: 0.6774

Epoch 14
-------------------------------
loss: 1.196462  [   64/  677]
loss: 1.079759  [  256/  677]
loss: 2.007175  [  448/  677]
loss: 1.272549  [  640/  677]
Average Training Loss: 0.505086
Val Loss: 3.4996 | C-index: 0.5500

Epoch 15
-------------------------------
loss: 1.499474  [   64/  677]
loss: 1.620076  [  256/  677]
loss: 1.585240  [  448/  677]
loss: 1.354799  [  640/  677]
Average Training Loss: 0.550872
Val Loss: 3.2465 | C-index: 0.7179

Epoch 16
-------------------------------
loss: 0.533263  [   64/  677]
loss: 1.682577  [  256/  677]
loss: 0.857220  [  448/  677]
loss: 1.182856  [  640/  677]
Average Training Loss: 0.386901
Val Loss: 3.2638 | C-index: 0.6296

Stopping early at Epoch 16 since no C-Index improvement after 5 epochs.
Done!
Best C-Index = 0.7247437774524158 at Epoch 11

=========================================
FOLD 2/5
=========================================

Epoch 1
-------------------------------
loss: 3.182008  [   64/  677]
loss: 2.613163  [  256/  677]
loss: 3.113259  [  448/  677]
loss: 2.757265  [  640/  677]
Average Training Loss: 1.060518
Val Loss: 2.9910 | C-index: 0.6602

Epoch 2
-------------------------------
loss: 2.207381  [   64/  677]
loss: 3.163409  [  256/  677]
loss: 2.633669  [  448/  677]
loss: 2.723472  [  640/  677]
Average Training Loss: 0.975266
Val Loss: 2.9729 | C-index: 0.6635

Epoch 3
-------------------------------
loss: 2.656902  [   64/  677]
loss: 2.898385  [  256/  677]
loss: 2.354448  [  448/  677]
loss: 2.701312  [  640/  677]
Average Training Loss: 0.964641
Val Loss: 2.9162 | C-index: 0.7140

Epoch 4
-------------------------------
loss: 2.499408  [   64/  677]
loss: 2.313993  [  256/  677]
loss: 2.855964  [  448/  677]
loss: 2.523023  [  640/  677]
Average Training Loss: 0.926581
Val Loss: 2.9523 | C-index: 0.6136

Epoch 5
-------------------------------
loss: 2.497575  [   64/  677]
loss: 2.161939  [  256/  677]
loss: 1.878273  [  448/  677]
loss: 2.486545  [  640/  677]
Average Training Loss: 0.820394
Val Loss: 2.7164 | C-index: 0.7212

Epoch 6
-------------------------------
loss: 2.273512  [   64/  677]
loss: 2.105402  [  256/  677]
loss: 2.154873  [  448/  677]
loss: 2.266873  [  640/  677]
Average Training Loss: 0.800060
Val Loss: 2.9248 | C-index: 0.6491

Epoch 7
-------------------------------
loss: 1.229360  [   64/  677]
loss: 1.646840  [  256/  677]
loss: 1.632645  [  448/  677]
loss: 2.000859  [  640/  677]
Average Training Loss: 0.591791
Val Loss: 3.2720 | C-index: 0.6114

Epoch 8
-------------------------------
loss: 1.710045  [   64/  677]
loss: 1.762963  [  256/  677]
loss: 1.867839  [  448/  677]
loss: 1.837625  [  640/  677]
Average Training Loss: 0.652588
Val Loss: 3.1734 | C-index: 0.6225

Epoch 9
-------------------------------
loss: 1.307941  [   64/  677]
loss: 2.214850  [  256/  677]
loss: 1.570512  [  448/  677]
loss: 1.757039  [  640/  677]
Average Training Loss: 0.622758
Val Loss: 3.3856 | C-index: 0.6020

Epoch 10
-------------------------------
loss: 1.363517  [   64/  677]
loss: 1.625559  [  256/  677]
loss: 1.167097  [  448/  677]
loss: 1.482190  [  640/  677]
Average Training Loss: 0.512579
Val Loss: 3.2392 | C-index: 0.5865

Stopping early at Epoch 10 since no C-Index improvement after 5 epochs.
Done!
Best C-Index = 0.7211751662971175 at Epoch 5

=========================================
FOLD 3/5
=========================================

Epoch 1
-------------------------------
loss: 2.843622  [   64/  678]
loss: 3.118964  [  256/  678]
loss: 2.955308  [  448/  678]
loss: 3.098017  [  640/  678]
Average Training Loss: 1.092356
Val Loss: 2.4212 | C-index: 0.5855

Epoch 2
-------------------------------
loss: 2.832904  [   64/  678]
loss: 3.063670  [  256/  678]
loss: 3.436824  [  448/  678]
loss: 3.204408  [  640/  678]
Average Training Loss: 1.139801
Val Loss: 2.3853 | C-index: 0.7105

Epoch 3
-------------------------------
loss: 3.716333  [   64/  678]
loss: 3.157486  [  256/  678]
loss: 2.615014  [  448/  678]
loss: 3.197495  [  640/  678]
Average Training Loss: 1.153303
Val Loss: 2.3300 | C-index: 0.7403

Epoch 4
-------------------------------
loss: 2.191261  [   64/  678]
loss: 2.340857  [  256/  678]
loss: 2.800181  [  448/  678]
loss: 2.847633  [  640/  678]
Average Training Loss: 0.925448
Val Loss: 2.3199 | C-index: 0.7306

Epoch 5
-------------------------------
loss: 2.418428  [   64/  678]
loss: 2.200887  [  256/  678]
loss: 2.191589  [  448/  678]
loss: 2.223403  [  640/  678]
Average Training Loss: 0.821301
Val Loss: 2.3296 | C-index: 0.7669

Epoch 6
-------------------------------
loss: 1.619475  [   64/  678]
loss: 2.293461  [  256/  678]
loss: 1.934316  [  448/  678]
loss: 2.809823  [  640/  678]
Average Training Loss: 0.787007
Val Loss: 2.3897 | C-index: 0.6347

Epoch 7
-------------------------------
loss: 2.273721  [   64/  678]
loss: 1.572690  [  256/  678]
loss: 2.166216  [  448/  678]
loss: 1.759239  [  640/  678]
Average Training Loss: 0.706533
Val Loss: 2.3671 | C-index: 0.7185

Epoch 8
-------------------------------
loss: 1.282710  [   64/  678]
loss: 1.625441  [  256/  678]
loss: 1.720841  [  448/  678]
loss: 1.818081  [  640/  678]
Average Training Loss: 0.586098
Val Loss: 2.4821 | C-index: 0.6758

Epoch 9
-------------------------------
loss: 1.360757  [   64/  678]
loss: 1.321763  [  256/  678]
loss: 1.460092  [  448/  678]
loss: 2.007102  [  640/  678]
Average Training Loss: 0.559065
Val Loss: 2.7255 | C-index: 0.6395

Epoch 10
-------------------------------
loss: 1.135512  [   64/  678]
loss: 1.150149  [  256/  678]
loss: 1.742035  [  448/  678]
loss: 1.017282  [  640/  678]
Average Training Loss: 0.458634
Val Loss: 2.5169 | C-index: 0.6629

Stopping early at Epoch 10 since no C-Index improvement after 5 epochs.
Done!
Best C-Index = 0.7669354838709678 at Epoch 5

=========================================
FOLD 4/5
=========================================

Epoch 1
-------------------------------
loss: 3.280206  [   64/  678]
loss: 2.628810  [  256/  678]
loss: 2.786788  [  448/  678]
loss: 3.276172  [  640/  678]
Average Training Loss: 1.088361
Val Loss: 3.1703 | C-index: 0.4247

Epoch 2
-------------------------------
loss: 3.296826  [   64/  678]
loss: 2.679135  [  256/  678]
loss: 2.410323  [  448/  678]
loss: 2.513634  [  640/  678]
Average Training Loss: 0.990902
Val Loss: 3.2263 | C-index: 0.4376

Epoch 3
-------------------------------
loss: 2.618529  [   64/  678]
loss: 3.090156  [  256/  678]
loss: 2.374169  [  448/  678]
loss: 3.005499  [  640/  678]
Average Training Loss: 1.008032
Val Loss: 3.2806 | C-index: 0.5086

Epoch 4
-------------------------------
loss: 2.573737  [   64/  678]
loss: 2.508094  [  256/  678]
loss: 2.208205  [  448/  678]
loss: 2.406902  [  640/  678]
Average Training Loss: 0.881540
Val Loss: 3.4201 | C-index: 0.4849

Epoch 5
-------------------------------
loss: 1.780744  [   64/  678]
loss: 1.908482  [  256/  678]
loss: 2.354530  [  448/  678]
loss: 2.342647  [  640/  678]
Average Training Loss: 0.762400
Val Loss: 3.4142 | C-index: 0.5942

Epoch 6
-------------------------------
loss: 1.495540  [   64/  678]
loss: 2.360664  [  256/  678]
loss: 1.783686  [  448/  678]
loss: 1.791821  [  640/  678]
Average Training Loss: 0.675610
Val Loss: 3.5394 | C-index: 0.5624

Epoch 7
-------------------------------
loss: 1.873328  [   64/  678]
loss: 1.553696  [  256/  678]
loss: 1.569396  [  448/  678]
loss: 1.925274  [  640/  678]
Average Training Loss: 0.629245
Val Loss: 3.7417 | C-index: 0.5479

Epoch 8
-------------------------------
loss: 0.793788  [   64/  678]
loss: 1.403782  [  256/  678]
loss: 1.523886  [  448/  678]
loss: 2.118541  [  640/  678]
Average Training Loss: 0.530909
Val Loss: 3.6277 | C-index: 0.5791

Epoch 9
-------------------------------
loss: 1.163212  [   64/  678]
loss: 1.337847  [  256/  678]
loss: 0.910450  [  448/  678]
loss: 1.380216  [  640/  678]
Average Training Loss: 0.435611
Val Loss: 3.7966 | C-index: 0.5511

Epoch 10
-------------------------------
loss: 1.707000  [   64/  678]
loss: 0.707882  [  256/  678]
loss: 1.411862  [  448/  678]
loss: 1.802843  [  640/  678]
Average Training Loss: 0.511781
Val Loss: 4.2908 | C-index: 0.4849

Stopping early at Epoch 10 since no C-Index improvement after 5 epochs.
Done!
Best C-Index = 0.5941872981700753 at Epoch 5

=========================================
FOLD 5/5
=========================================

Epoch 1
-------------------------------
loss: 3.216206  [   64/  678]
loss: 2.840507  [  256/  678]
loss: 3.038533  [  448/  678]
loss: 2.690192  [  640/  678]
Average Training Loss: 1.071403
Val Loss: 2.5571 | C-index: 0.4500

Epoch 2
-------------------------------
loss: 3.401228  [   64/  678]
loss: 3.127349  [  256/  678]
loss: 2.888126  [  448/  678]
loss: 2.302585  [  640/  678]
Average Training Loss: 1.065390
Val Loss: 2.5622 | C-index: 0.4178

Epoch 3
-------------------------------
loss: 2.941055  [   64/  678]
loss: 3.006550  [  256/  678]
loss: 3.099933  [  448/  678]
loss: 2.640863  [  640/  678]
Average Training Loss: 1.062582
Val Loss: 2.5512 | C-index: 0.4521

Epoch 4
-------------------------------
loss: 2.795061  [   64/  678]
loss: 2.229055  [  256/  678]
loss: 2.389752  [  448/  678]
loss: 2.255509  [  640/  678]
Average Training Loss: 0.879034
Val Loss: 2.6071 | C-index: 0.5295

Epoch 5
-------------------------------
loss: 2.508236  [   64/  678]
loss: 2.327150  [  256/  678]
loss: 1.970756  [  448/  678]
loss: 2.161040  [  640/  678]
Average Training Loss: 0.815198
Val Loss: 2.8247 | C-index: 0.4685

Epoch 6
-------------------------------
loss: 1.851341  [   64/  678]
loss: 1.639366  [  256/  678]
loss: 2.268293  [  448/  678]
loss: 2.049788  [  640/  678]
Average Training Loss: 0.709890
Val Loss: 2.8850 | C-index: 0.4788

Epoch 7
-------------------------------
loss: 1.459524  [   64/  678]
loss: 1.039263  [  256/  678]
loss: 1.747806  [  448/  678]
loss: 1.632659  [  640/  678]
Average Training Loss: 0.534477
Val Loss: 2.9978 | C-index: 0.4726

Epoch 8
-------------------------------
loss: 0.995327  [   64/  678]
loss: 1.823324  [  256/  678]
loss: 1.475661  [  448/  678]
loss: 1.572926  [  640/  678]
Average Training Loss: 0.533385
Val Loss: 2.8766 | C-index: 0.5767

Epoch 9
-------------------------------
loss: 1.168850  [   64/  678]
loss: 0.908902  [  256/  678]
loss: 1.495705  [  448/  678]
loss: 1.290164  [  640/  678]
Average Training Loss: 0.442147
Val Loss: 2.8838 | C-index: 0.5740

Epoch 10
-------------------------------
loss: 1.541263  [   64/  678]
loss: 1.308643  [  256/  678]
loss: 1.017249  [  448/  678]
loss: 1.472957  [  640/  678]
Average Training Loss: 0.485465
Val Loss: 3.0010 | C-index: 0.5308

Epoch 11
-------------------------------
loss: 0.793164  [   64/  678]
loss: 1.397735  [  256/  678]
loss: 1.599807  [  448/  678]
loss: 1.879044  [  640/  678]
Average Training Loss: 0.515432
Val Loss: 3.2236 | C-index: 0.4795

Epoch 12
-------------------------------
loss: 1.234531  [   64/  678]
loss: 1.250942  [  256/  678]
loss: 1.409356  [  448/  678]
loss: 1.659261  [  640/  678]
Average Training Loss: 0.504917
Val Loss: 3.3916 | C-index: 0.4240

Epoch 13
-------------------------------
loss: 1.085075  [   64/  678]
loss: 1.734659  [  256/  678]
loss: 1.425988  [  448/  678]
loss: 1.158251  [  640/  678]
Average Training Loss: 0.491270
Val Loss: 3.0444 | C-index: 0.4884

Stopping early at Epoch 13 since no C-Index improvement after 5 epochs.
Done!
Best C-Index = 0.5767123287671233 at Epoch 8

=========================================
CV training complete! Mean ± std C-index: 0.6768 ± 0.0765
Best epochs per fold: [11, 5, 5, 5, 8]

=========================================
Retraining model on full train+val for 7 epochs...
Epoch 1
-------------------------------
loss: 2.570458  [   64/  847]
loss: 2.878011  [  320/  847]
loss: 3.190027  [  576/  847]
loss: 3.045809  [  832/  847]
Average Training Loss: 0.834593
Val Loss: 2.8857 | C-index: 0.6391

Epoch 2
-------------------------------
loss: 3.572952  [   64/  847]
loss: 3.401515  [  320/  847]
loss: 2.749424  [  576/  847]
loss: 2.887853  [  832/  847]
Average Training Loss: 0.900839
Val Loss: 2.7499 | C-index: 0.7096

Epoch 3
-------------------------------
loss: 2.697740  [   64/  847]
loss: 2.794395  [  320/  847]
loss: 2.472369  [  576/  847]
loss: 2.987782  [  832/  847]
Average Training Loss: 0.782306
Val Loss: 2.5186 | C-index: 0.8382

Epoch 4
-------------------------------
loss: 2.906856  [   64/  847]
loss: 2.743909  [  320/  847]
loss: 2.606997  [  576/  847]
loss: 2.423242  [  832/  847]
Average Training Loss: 0.762929
Val Loss: 1.9711 | C-index: 0.9126

Epoch 5
-------------------------------
loss: 2.059793  [   64/  847]
loss: 1.652888  [  320/  847]
loss: 1.684254  [  576/  847]
loss: 2.265716  [  832/  847]
Average Training Loss: 0.547332
Val Loss: 1.6440 | C-index: 0.9330

Epoch 6
-------------------------------
loss: 1.880264  [   64/  847]
loss: 1.862281  [  320/  847]
loss: 1.521729  [  576/  847]
loss: 2.307938  [  832/  847]
Average Training Loss: 0.540872
Val Loss: 1.6352 | C-index: 0.9504

Epoch 7
-------------------------------
loss: 1.772222  [   64/  847]
loss: 2.031305  [  320/  847]
loss: 1.674880  [  576/  847]
loss: 1.550378  [  832/  847]
Average Training Loss: 0.502056
Val Loss: 1.3591 | C-index: 0.9459

Done!
Best C-Index = 0.9504122413096681 at Epoch 6
FINAL TEST Average Loss: 3.0482
FINAL TEST C-index: 0.6761
Bootstrap 95% CI: [0.5387, 0.8074]
Top 10 activated pathways:
{'R-HSA-9615933': 0.04774923995137215, 'R-HSA-389958': 0.046873416751623154, 'R-HSA-9931953': 0.04144275560975075, 'R-HSA-174113': 0.04034395143389702, 'R-HSA-159230': 0.03819707781076431, 'R-HSA-8948216': 0.036697253584861755, 'R-HSA-9818027': 0.036500267684459686, 'R-HSA-168274': 0.03606141358613968, 'R-HSA-5696397': 0.03568121790885925, 'R-HSA-9772572': 0.03537027910351753}
Results saved to /Users/evan/Documents/GitHub/HyBINN/experiments/runs/full_hybinn/seed_2/results.json
