train_hybinn.py log started 2026-06-05 22:45:58.762666
=========================================
Model Active Branches: ['gene', 'clinical']
=========================================

=========================================
FOLD 1/5
=========================================

Epoch 1
-------------------------------
loss: 2.459550  [   64/  677]
loss: 3.184358  [  256/  677]
loss: 2.773309  [  448/  677]
loss: 3.308783  [  640/  677]
Average Training Loss: 1.066000
Val Loss: 3.0744 | C-index: 0.4690

Epoch 2
-------------------------------
loss: 3.016400  [   64/  677]
loss: 2.481487  [  256/  677]
loss: 3.386525  [  448/  677]
loss: 2.876988  [  640/  677]
Average Training Loss: 1.069218
Val Loss: 3.0414 | C-index: 0.5017

Epoch 3
-------------------------------
loss: 3.250716  [   64/  677]
loss: 2.747546  [  256/  677]
loss: 2.529385  [  448/  677]
loss: 2.622013  [  640/  677]
Average Training Loss: 1.013605
Val Loss: 2.9757 | C-index: 0.6293

Epoch 4
-------------------------------
loss: 2.933161  [   64/  677]
loss: 2.739560  [  256/  677]
loss: 2.071811  [  448/  677]
loss: 3.019656  [  640/  677]
Average Training Loss: 0.978563
Val Loss: 2.8367 | C-index: 0.7261

Epoch 5
-------------------------------
loss: 2.444899  [   64/  677]
loss: 1.843807  [  256/  677]
loss: 2.825577  [  448/  677]
loss: 2.206183  [  640/  677]
Average Training Loss: 0.847315
Val Loss: 2.8578 | C-index: 0.7375

Epoch 6
-------------------------------
loss: 1.626258  [   64/  677]
loss: 1.789766  [  256/  677]
loss: 1.853720  [  448/  677]
loss: 1.486816  [  640/  677]
Average Training Loss: 0.614233
Val Loss: 3.3036 | C-index: 0.6476

Epoch 7
-------------------------------
loss: 1.270613  [   64/  677]
loss: 2.335655  [  256/  677]
loss: 1.596834  [  448/  677]
loss: 1.763744  [  640/  677]
Average Training Loss: 0.633350
Val Loss: 2.9972 | C-index: 0.7261

Epoch 8
-------------------------------
loss: 1.588453  [   64/  677]
loss: 1.681030  [  256/  677]
loss: 1.560130  [  448/  677]
loss: 0.590602  [  640/  677]
Average Training Loss: 0.492747
Val Loss: 3.3724 | C-index: 0.6194

Epoch 9
-------------------------------
loss: 1.382116  [   64/  677]
loss: 1.241651  [  256/  677]
loss: 1.361748  [  448/  677]
loss: 1.177554  [  640/  677]
Average Training Loss: 0.469370
Val Loss: 3.1354 | C-index: 0.6903

Epoch 10
-------------------------------
loss: 1.209104  [   64/  677]
loss: 1.240504  [  256/  677]
loss: 1.216913  [  448/  677]
loss: 2.086292  [  640/  677]
Average Training Loss: 0.522983
Val Loss: 3.3937 | C-index: 0.5935

Stopping early at Epoch 10 since no C-Index improvement after 5 epochs.
Done!
Best C-Index = 0.7374689826302729 at Epoch 5

=========================================
FOLD 2/5
=========================================

Epoch 1
-------------------------------
loss: 3.264792  [   64/  677]
loss: 2.832799  [  256/  677]
loss: 2.928842  [  448/  677]
loss: 3.123122  [  640/  677]
Average Training Loss: 1.104505
Val Loss: 2.6141 | C-index: 0.5727

Epoch 2
-------------------------------
loss: 2.759910  [   64/  677]
loss: 3.040801  [  256/  677]
loss: 2.714207  [  448/  677]
loss: 2.987057  [  640/  677]
Average Training Loss: 1.045634
Val Loss: 2.5799 | C-index: 0.5933

Epoch 3
-------------------------------
loss: 2.975039  [   64/  677]
loss: 2.439523  [  256/  677]
loss: 2.898607  [  448/  677]
loss: 3.261606  [  640/  677]
Average Training Loss: 1.052252
Val Loss: 2.6009 | C-index: 0.6218

Epoch 4
-------------------------------
loss: 2.751379  [   64/  677]
loss: 2.867100  [  256/  677]
loss: 2.799267  [  448/  677]
loss: 2.526778  [  640/  677]
Average Training Loss: 0.994957
Val Loss: 2.4555 | C-index: 0.6897

Epoch 5
-------------------------------
loss: 1.603553  [   64/  677]
loss: 1.767401  [  256/  677]
loss: 2.364475  [  448/  677]
loss: 2.232642  [  640/  677]
Average Training Loss: 0.724370
Val Loss: 2.7368 | C-index: 0.6908

Epoch 6
-------------------------------
loss: 2.137771  [   64/  677]
loss: 1.744488  [  256/  677]
loss: 1.975709  [  448/  677]
loss: 1.835471  [  640/  677]
Average Training Loss: 0.699404
Val Loss: 2.7178 | C-index: 0.6383

Epoch 7
-------------------------------
loss: 1.861941  [   64/  677]
loss: 1.236115  [  256/  677]
loss: 1.335856  [  448/  677]
loss: 2.052824  [  640/  677]
Average Training Loss: 0.589703
Val Loss: 2.5985 | C-index: 0.6640

Epoch 8
-------------------------------
loss: 2.055940  [   64/  677]
loss: 1.273707  [  256/  677]
loss: 1.737063  [  448/  677]
loss: 0.833457  [  640/  677]
Average Training Loss: 0.536379
Val Loss: 2.7508 | C-index: 0.7028

Epoch 9
-------------------------------
loss: 1.195507  [   64/  677]
loss: 1.301164  [  256/  677]
loss: 1.322600  [  448/  677]
loss: 1.165663  [  640/  677]
Average Training Loss: 0.453176
Val Loss: 3.2842 | C-index: 0.6897

Epoch 10
-------------------------------
loss: 1.830270  [   64/  677]
loss: 1.251259  [  256/  677]
loss: 1.826519  [  448/  677]
loss: 1.470837  [  640/  677]
Average Training Loss: 0.579899
Val Loss: 3.5380 | C-index: 0.6395

Epoch 11
-------------------------------
loss: 1.271806  [   64/  677]
loss: 1.364897  [  256/  677]
loss: 1.227950  [  448/  677]
loss: 1.251493  [  640/  677]
Average Training Loss: 0.465104
Val Loss: 3.3440 | C-index: 0.6144

Epoch 12
-------------------------------
loss: 1.253612  [   64/  677]
loss: 1.409903  [  256/  677]
loss: 0.655960  [  448/  677]
loss: 1.260213  [  640/  677]
Average Training Loss: 0.416335
Val Loss: 3.2741 | C-index: 0.6634

Epoch 13
-------------------------------
loss: 1.048627  [   64/  677]
loss: 1.140588  [  256/  677]
loss: 1.798662  [  448/  677]
loss: 1.285920  [  640/  677]
Average Training Loss: 0.479436
Val Loss: 2.9948 | C-index: 0.6452

Stopping early at Epoch 13 since no C-Index improvement after 5 epochs.
Done!
Best C-Index = 0.7027952082144895 at Epoch 8

=========================================
FOLD 3/5
=========================================

Epoch 1
-------------------------------
loss: 2.887773  [   64/  678]
loss: 2.595859  [  256/  678]
loss: 2.270966  [  448/  678]
loss: 2.848940  [  640/  678]
Average Training Loss: 0.963958
Val Loss: 3.0278 | C-index: 0.5493

Epoch 2
-------------------------------
loss: 2.654316  [   64/  678]
loss: 2.874835  [  256/  678]
loss: 3.379855  [  448/  678]
loss: 2.175422  [  640/  678]
Average Training Loss: 1.007675
Val Loss: 3.0564 | C-index: 0.5445

Epoch 3
-------------------------------
loss: 2.558315  [   64/  678]
loss: 2.832550  [  256/  678]
loss: 2.563974  [  448/  678]
loss: 2.456294  [  640/  678]
Average Training Loss: 0.946467
Val Loss: 3.0697 | C-index: 0.5943

Epoch 4
-------------------------------
loss: 2.824152  [   64/  678]
loss: 2.444965  [  256/  678]
loss: 2.390592  [  448/  678]
loss: 2.724489  [  640/  678]
Average Training Loss: 0.944018
Val Loss: 3.1068 | C-index: 0.6090

Epoch 5
-------------------------------
loss: 1.735821  [   64/  678]
loss: 1.740016  [  256/  678]
loss: 2.167808  [  448/  678]
loss: 2.054634  [  640/  678]
Average Training Loss: 0.699843
Val Loss: 3.1421 | C-index: 0.6101

Epoch 6
-------------------------------
loss: 1.809569  [   64/  678]
loss: 1.307704  [  256/  678]
loss: 1.522950  [  448/  678]
loss: 1.893730  [  640/  678]
Average Training Loss: 0.593996
Val Loss: 3.6131 | C-index: 0.5802

Epoch 7
-------------------------------
loss: 1.614937  [   64/  678]
loss: 1.398895  [  256/  678]
loss: 1.646632  [  448/  678]
loss: 0.856793  [  640/  678]
Average Training Loss: 0.501569
Val Loss: 3.5713 | C-index: 0.5975

Epoch 8
-------------------------------
loss: 1.399833  [   64/  678]
loss: 1.528877  [  256/  678]
loss: 1.776181  [  448/  678]
loss: 1.699436  [  640/  678]
Average Training Loss: 0.582212
Val Loss: 3.5002 | C-index: 0.5823

Epoch 9
-------------------------------
loss: 1.297549  [   64/  678]
loss: 1.464102  [  256/  678]
loss: 2.157371  [  448/  678]
loss: 1.177095  [  640/  678]
Average Training Loss: 0.554193
Val Loss: 3.6425 | C-index: 0.5734

Epoch 10
-------------------------------
loss: 0.988347  [   64/  678]
loss: 1.112987  [  256/  678]
loss: 1.282295  [  448/  678]
loss: 1.482407  [  640/  678]
Average Training Loss: 0.442367
Val Loss: 3.8235 | C-index: 0.5886

Stopping early at Epoch 10 since no C-Index improvement after 5 epochs.
Done!
Best C-Index = 0.610062893081761 at Epoch 5

=========================================
FOLD 4/5
=========================================

Epoch 1
-------------------------------
loss: 2.847197  [   64/  678]
loss: 3.284253  [  256/  678]
loss: 3.321504  [  448/  678]
loss: 3.442188  [  640/  678]
Average Training Loss: 1.172286
Val Loss: 2.2517 | C-index: 0.7165

Epoch 2
-------------------------------
loss: 2.746143  [   64/  678]
loss: 2.660572  [  256/  678]
loss: 3.103046  [  448/  678]
loss: 2.825460  [  640/  678]
Average Training Loss: 1.030475
Val Loss: 2.2250 | C-index: 0.6848

Epoch 3
-------------------------------
loss: 2.999178  [   64/  678]
loss: 3.202961  [  256/  678]
loss: 3.286954  [  448/  678]
loss: 2.735290  [  640/  678]
Average Training Loss: 1.111308
Val Loss: 2.1365 | C-index: 0.7237

Epoch 4
-------------------------------
loss: 2.473697  [   64/  678]
loss: 2.522001  [  256/  678]
loss: 2.634191  [  448/  678]
loss: 2.557556  [  640/  678]
Average Training Loss: 0.926131
Val Loss: 2.2511 | C-index: 0.6196

Epoch 5
-------------------------------
loss: 2.509553  [   64/  678]
loss: 2.658976  [  256/  678]
loss: 2.219264  [  448/  678]
loss: 1.933091  [  640/  678]
Average Training Loss: 0.847353
Val Loss: 2.2996 | C-index: 0.6467

Epoch 6
-------------------------------
loss: 1.842169  [   64/  678]
loss: 2.417937  [  256/  678]
loss: 1.565099  [  448/  678]
loss: 1.442413  [  640/  678]
Average Training Loss: 0.660693
Val Loss: 2.4268 | C-index: 0.6486

Epoch 7
-------------------------------
loss: 1.580562  [   64/  678]
loss: 2.745814  [  256/  678]
loss: 1.863402  [  448/  678]
loss: 1.800945  [  640/  678]
Average Training Loss: 0.726429
Val Loss: 2.6853 | C-index: 0.5888

Epoch 8
-------------------------------
loss: 1.531787  [   64/  678]
loss: 1.533582  [  256/  678]
loss: 1.561976  [  448/  678]
loss: 1.643747  [  640/  678]
Average Training Loss: 0.570099
Val Loss: 2.3327 | C-index: 0.6060

Stopping early at Epoch 8 since no C-Index improvement after 5 epochs.
Done!
Best C-Index = 0.7237318840579711 at Epoch 3

=========================================
FOLD 5/5
=========================================

Epoch 1
-------------------------------
loss: 2.323483  [   64/  678]
loss: 3.395304  [  256/  678]
loss: 3.124367  [  448/  678]
loss: 3.189427  [  640/  678]
Average Training Loss: 1.093871
Val Loss: 2.8517 | C-index: 0.5956

Epoch 2
-------------------------------
loss: 2.833622  [   64/  678]
loss: 2.259422  [  256/  678]
loss: 3.293153  [  448/  678]
loss: 3.197434  [  640/  678]
Average Training Loss: 1.053057
Val Loss: 2.8589 | C-index: 0.6356

Epoch 3
-------------------------------
loss: 2.562943  [   64/  678]
loss: 2.491442  [  256/  678]
loss: 2.655846  [  448/  678]
loss: 2.755069  [  640/  678]
Average Training Loss: 0.951391
Val Loss: 2.8499 | C-index: 0.6720

Epoch 4
-------------------------------
loss: 2.390620  [   64/  678]
loss: 2.369085  [  256/  678]
loss: 2.006225  [  448/  678]
loss: 2.004606  [  640/  678]
Average Training Loss: 0.797321
Val Loss: 2.9838 | C-index: 0.6195

Epoch 5
-------------------------------
loss: 2.034910  [   64/  678]
loss: 2.018983  [  256/  678]
loss: 2.292894  [  448/  678]
loss: 2.100339  [  640/  678]
Average Training Loss: 0.767921
Val Loss: 2.8575 | C-index: 0.6774

Epoch 6
-------------------------------
loss: 1.829946  [   64/  678]
loss: 1.798333  [  256/  678]
loss: 3.330627  [  448/  678]
loss: 1.933552  [  640/  678]
Average Training Loss: 0.808405
Val Loss: 2.7285 | C-index: 0.6249

Epoch 7
-------------------------------
loss: 1.715210  [   64/  678]
loss: 1.711648  [  256/  678]
loss: 1.576741  [  448/  678]
loss: 2.014896  [  640/  678]
Average Training Loss: 0.638045
Val Loss: 3.3074 | C-index: 0.6679

Epoch 8
-------------------------------
loss: 2.300770  [   64/  678]
loss: 1.687894  [  256/  678]
loss: 1.462343  [  448/  678]
loss: 1.832182  [  640/  678]
Average Training Loss: 0.662108
Val Loss: 2.9475 | C-index: 0.6583

Epoch 9
-------------------------------
loss: 1.606390  [   64/  678]
loss: 0.828468  [  256/  678]
loss: 1.724321  [  448/  678]
loss: 1.200998  [  640/  678]
Average Training Loss: 0.487289
Val Loss: 3.3109 | C-index: 0.6302

Epoch 10
-------------------------------
loss: 0.919642  [   64/  678]
loss: 1.439552  [  256/  678]
loss: 1.310822  [  448/  678]
loss: 1.565237  [  640/  678]
Average Training Loss: 0.475932
Val Loss: 3.2257 | C-index: 0.6004

Stopping early at Epoch 10 since no C-Index improvement after 5 epochs.
Done!
Best C-Index = 0.6774193548387096 at Epoch 5

=========================================
CV training complete! Mean ± std C-index: 0.6903 ± 0.0450
Best epochs per fold: [5, 8, 5, 3, 5]

=========================================
Retraining model on full train+val for 5 epochs...
Epoch 1
-------------------------------
loss: 2.950477  [   64/  847]
loss: 2.836001  [  320/  847]
loss: 3.401508  [  576/  847]
loss: 1.349583  [  832/  847]
Average Training Loss: 0.752684
Val Loss: 2.7736 | C-index: 0.6460

Epoch 2
-------------------------------
loss: 2.351340  [   64/  847]
loss: 3.077856  [  320/  847]
loss: 3.295722  [  576/  847]
loss: 3.298942  [  832/  847]
Average Training Loss: 0.858847
Val Loss: 2.7161 | C-index: 0.7338

Epoch 3
-------------------------------
loss: 2.427812  [   64/  847]
loss: 3.302474  [  320/  847]
loss: 2.737748  [  576/  847]
loss: 2.686523  [  832/  847]
Average Training Loss: 0.796754
Val Loss: 2.4134 | C-index: 0.8657

Epoch 4
-------------------------------
loss: 2.379382  [   64/  847]
loss: 2.258210  [  320/  847]
loss: 2.237067  [  576/  847]
loss: 2.015300  [  832/  847]
Average Training Loss: 0.634997
Val Loss: 1.9809 | C-index: 0.9045

Epoch 5
-------------------------------
loss: 1.801530  [   64/  847]
loss: 2.433337  [  320/  847]
loss: 1.291647  [  576/  847]
loss: 1.868314  [  832/  847]
Average Training Loss: 0.528202
Val Loss: 1.5458 | C-index: 0.9350

Done!
Best C-Index = 0.934957437802756 at Epoch 5
FINAL TEST Average Loss: 2.4773
FINAL TEST C-index: 0.6288
Bootstrap 95% CI: [0.4751, 0.7807]
Results saved to /Users/evan/Documents/GitHub/HyBINN/experiments/runs/gene_clinical/seed_3/results.json
