train_hybinn.py log started 2026-06-17 01:01:23.824189
=========================================
Model Active Branches: ['gene']
=========================================

=========================================
FOLD 1/5
=========================================

Epoch 1
-------------------------------
loss: 3.275590  [   64/  677]
loss: 3.004305  [  256/  677]
loss: 3.564726  [  448/  677]
loss: 1.986356  [  640/  677]
Average Training Loss: 1.075543
Val Loss: 3.0734 | C-index: 0.5606

Epoch 2
-------------------------------
loss: 3.173271  [   64/  677]
loss: 2.679043  [  256/  677]
loss: 2.885616  [  448/  677]
loss: 3.260911  [  640/  677]
Average Training Loss: 1.090804
Val Loss: 3.0918 | C-index: 0.5377

Epoch 3
-------------------------------
loss: 2.285744  [   64/  677]
loss: 2.736602  [  256/  677]
loss: 2.701926  [  448/  677]
loss: 2.808245  [  640/  677]
Average Training Loss: 0.957501
Val Loss: 3.0787 | C-index: 0.5675

Epoch 4
-------------------------------
loss: 2.518573  [   64/  677]
loss: 1.768759  [  256/  677]
loss: 2.378694  [  448/  677]
loss: 2.100682  [  640/  677]
Average Training Loss: 0.796973
Val Loss: 3.0613 | C-index: 0.5558

Epoch 5
-------------------------------
loss: 1.691297  [   64/  677]
loss: 1.915984  [  256/  677]
loss: 1.966249  [  448/  677]
loss: 2.524922  [  640/  677]
Average Training Loss: 0.736223
Val Loss: 3.0460 | C-index: 0.5845

Epoch 6
-------------------------------
loss: 1.700637  [   64/  677]
loss: 0.672675  [  256/  677]
loss: 2.037441  [  448/  677]
loss: 1.600896  [  640/  677]
Average Training Loss: 0.546514
Val Loss: 3.4087 | C-index: 0.5631

Epoch 7
-------------------------------
loss: 1.697780  [   64/  677]
loss: 0.801003  [  256/  677]
loss: 1.336269  [  448/  677]
loss: 1.682275  [  640/  677]
Average Training Loss: 0.501575
Val Loss: 3.0794 | C-index: 0.6191

Epoch 8
-------------------------------
loss: 1.325901  [   64/  677]
loss: 1.316731  [  256/  677]
loss: 0.855692  [  448/  677]
loss: 1.443460  [  640/  677]
Average Training Loss: 0.449253
Val Loss: 3.4368 | C-index: 0.5582

Epoch 9
-------------------------------
loss: 1.722534  [   64/  677]
loss: 1.499461  [  256/  677]
loss: 1.112750  [  448/  677]
loss: 1.291927  [  640/  677]
Average Training Loss: 0.511516
Val Loss: 3.4205 | C-index: 0.5314

Epoch 10
-------------------------------
loss: 1.394467  [   64/  677]
loss: 0.607201  [  256/  677]
loss: 1.380388  [  448/  677]
loss: 1.084625  [  640/  677]
Average Training Loss: 0.406062
Val Loss: 3.5908 | C-index: 0.5207

Epoch 11
-------------------------------
loss: 0.701258  [   64/  677]
loss: 1.360831  [  256/  677]
loss: 1.108805  [  448/  677]
loss: 0.805822  [  640/  677]
Average Training Loss: 0.361520
Val Loss: 3.3635 | C-index: 0.5777

Epoch 12
-------------------------------
loss: 1.187027  [   64/  677]
loss: 1.151560  [  256/  677]
loss: 1.126110  [  448/  677]
loss: 1.019652  [  640/  677]
Average Training Loss: 0.407668
Val Loss: 3.6203 | C-index: 0.5407

Stopping early at Epoch 12 since no C-Index improvement after 5 epochs.
Done!
Best C-Index = 0.6190940087676571 at Epoch 7

=========================================
FOLD 2/5
=========================================

Epoch 1
-------------------------------
loss: 2.668326  [   64/  677]
loss: 3.336979  [  256/  677]
loss: 3.445134  [  448/  677]
loss: 3.147289  [  640/  677]
Average Training Loss: 1.145248
Val Loss: 2.6696 | C-index: 0.3536

Epoch 2
-------------------------------
loss: 2.651150  [   64/  677]
loss: 3.180970  [  256/  677]
loss: 3.041278  [  448/  677]
loss: 2.920337  [  640/  677]
Average Training Loss: 1.072158
Val Loss: 2.7053 | C-index: 0.4043

Epoch 3
-------------------------------
loss: 2.766298  [   64/  677]
loss: 2.474218  [  256/  677]
loss: 2.908737  [  448/  677]
loss: 2.670478  [  640/  677]
Average Training Loss: 0.983612
Val Loss: 2.7501 | C-index: 0.4936

Epoch 4
-------------------------------
loss: 1.931257  [   64/  677]
loss: 2.681151  [  256/  677]
loss: 2.365418  [  448/  677]
loss: 2.293879  [  640/  677]
Average Training Loss: 0.842882
Val Loss: 2.9641 | C-index: 0.4976

Epoch 5
-------------------------------
loss: 2.033749  [   64/  677]
loss: 1.527252  [  256/  677]
loss: 2.019392  [  448/  677]
loss: 1.413906  [  640/  677]
Average Training Loss: 0.635845
Val Loss: 2.9137 | C-index: 0.5423

Epoch 6
-------------------------------
loss: 1.746760  [   64/  677]
loss: 1.804631  [  256/  677]
loss: 1.808267  [  448/  677]
loss: 1.372176  [  640/  677]
Average Training Loss: 0.611985
Val Loss: 3.7118 | C-index: 0.4449

Epoch 7
-------------------------------
loss: 1.682148  [   64/  677]
loss: 1.599981  [  256/  677]
loss: 1.326199  [  448/  677]
loss: 2.066193  [  640/  677]
Average Training Loss: 0.606775
Val Loss: 3.4389 | C-index: 0.4834

Epoch 8
-------------------------------
loss: 1.857638  [   64/  677]
loss: 1.355644  [  256/  677]
loss: 2.098370  [  448/  677]
loss: 1.725836  [  640/  677]
Average Training Loss: 0.639772
Val Loss: 3.7076 | C-index: 0.6011

Epoch 9
-------------------------------
loss: 1.700923  [   64/  677]
loss: 1.574027  [  256/  677]
loss: 0.770831  [  448/  677]
loss: 1.532323  [  640/  677]
Average Training Loss: 0.507100
Val Loss: 3.1702 | C-index: 0.5754

Epoch 10
-------------------------------
loss: 1.956862  [   64/  677]
loss: 1.581434  [  256/  677]
loss: 1.430386  [  448/  677]
loss: 1.317846  [  640/  677]
Average Training Loss: 0.571503
Val Loss: 3.2423 | C-index: 0.5402

Epoch 11
-------------------------------
loss: 1.338691  [   64/  677]
loss: 1.340542  [  256/  677]
loss: 1.358478  [  448/  677]
loss: 1.565826  [  640/  677]
Average Training Loss: 0.509412
Val Loss: 3.4482 | C-index: 0.5734

Epoch 12
-------------------------------
loss: 0.858039  [   64/  677]
loss: 1.241195  [  256/  677]
loss: 1.013657  [  448/  677]
loss: 1.563897  [  640/  677]
Average Training Loss: 0.425163
Val Loss: 3.8434 | C-index: 0.4206

Epoch 13
-------------------------------
loss: 1.376989  [   64/  677]
loss: 1.462638  [  256/  677]
loss: 1.485644  [  448/  677]
loss: 1.163894  [  640/  677]
Average Training Loss: 0.499015
Val Loss: 3.8806 | C-index: 0.5308

Stopping early at Epoch 13 since no C-Index improvement after 5 epochs.
Done!
Best C-Index = 0.6010818120351589 at Epoch 8

=========================================
FOLD 3/5
=========================================

Epoch 1
-------------------------------
loss: 3.113487  [   64/  678]
loss: 2.573595  [  256/  678]
loss: 2.858429  [  448/  678]
loss: 2.637730  [  640/  678]
Average Training Loss: 1.016658
Val Loss: 2.7734 | C-index: 0.5529

Epoch 2
-------------------------------
loss: 3.032797  [   64/  678]
loss: 2.917679  [  256/  678]
loss: 2.917347  [  448/  678]
loss: 2.940888  [  640/  678]
Average Training Loss: 1.073519
Val Loss: 2.7901 | C-index: 0.5767

Epoch 3
-------------------------------
loss: 2.517440  [   64/  678]
loss: 2.273412  [  256/  678]
loss: 3.025978  [  448/  678]
loss: 2.180743  [  640/  678]
Average Training Loss: 0.908870
Val Loss: 2.7820 | C-index: 0.5953

Epoch 4
-------------------------------
loss: 2.410984  [   64/  678]
loss: 2.200840  [  256/  678]
loss: 1.942342  [  448/  678]
loss: 2.102123  [  640/  678]
Average Training Loss: 0.786935
Val Loss: 2.7692 | C-index: 0.5446

Epoch 5
-------------------------------
loss: 1.553652  [   64/  678]
loss: 1.663205  [  256/  678]
loss: 1.983075  [  448/  678]
loss: 2.276048  [  640/  678]
Average Training Loss: 0.679634
Val Loss: 2.9271 | C-index: 0.5420

Epoch 6
-------------------------------
loss: 1.660397  [   64/  678]
loss: 1.737318  [  256/  678]
loss: 1.432879  [  448/  678]
loss: 2.008959  [  640/  678]
Average Training Loss: 0.621777
Val Loss: 3.0669 | C-index: 0.5709

Epoch 7
-------------------------------
loss: 1.689480  [   64/  678]
loss: 0.912812  [  256/  678]
loss: 1.500526  [  448/  678]
loss: 1.633684  [  640/  678]
Average Training Loss: 0.521500
Val Loss: 2.9501 | C-index: 0.5722

Epoch 8
-------------------------------
loss: 2.117379  [   64/  678]
loss: 1.398811  [  256/  678]
loss: 1.099124  [  448/  678]
loss: 1.194980  [  640/  678]
Average Training Loss: 0.528208
Val Loss: 3.2504 | C-index: 0.5574

Stopping early at Epoch 8 since no C-Index improvement after 5 epochs.
Done!
Best C-Index = 0.5952533675432969 at Epoch 3

=========================================
FOLD 4/5
=========================================

Epoch 1
-------------------------------
loss: 3.370620  [   64/  678]
loss: 2.662440  [  256/  678]
loss: 3.009080  [  448/  678]
loss: 2.621980  [  640/  678]
Average Training Loss: 1.060375
Val Loss: 2.8125 | C-index: 0.4630

Epoch 2
-------------------------------
loss: 3.268758  [   64/  678]
loss: 2.936888  [  256/  678]
loss: 2.656606  [  448/  678]
loss: 3.133501  [  640/  678]
Average Training Loss: 1.090523
Val Loss: 2.7301 | C-index: 0.5540

Epoch 3
-------------------------------
loss: 2.179460  [   64/  678]
loss: 2.194562  [  256/  678]
loss: 3.023890  [  448/  678]
loss: 3.119809  [  640/  678]
Average Training Loss: 0.956157
Val Loss: 2.7656 | C-index: 0.5187

Epoch 4
-------------------------------
loss: 2.269552  [   64/  678]
loss: 2.528084  [  256/  678]
loss: 2.083244  [  448/  678]
loss: 2.119544  [  640/  678]
Average Training Loss: 0.818220
Val Loss: 2.8001 | C-index: 0.5608

Epoch 5
-------------------------------
loss: 2.047047  [   64/  678]
loss: 1.811319  [  256/  678]
loss: 2.646808  [  448/  678]
loss: 2.416149  [  640/  678]
Average Training Loss: 0.811029
Val Loss: 3.1471 | C-index: 0.6361

Epoch 6
-------------------------------
loss: 1.046725  [   64/  678]
loss: 1.428012  [  256/  678]
loss: 1.248933  [  448/  678]
loss: 1.551810  [  640/  678]
Average Training Loss: 0.479589
Val Loss: 3.1169 | C-index: 0.6205

Epoch 7
-------------------------------
loss: 2.114030  [   64/  678]
loss: 1.108803  [  256/  678]
loss: 2.645600  [  448/  678]
loss: 1.822790  [  640/  678]
Average Training Loss: 0.699202
Val Loss: 3.0990 | C-index: 0.6653

Epoch 8
-------------------------------
loss: 1.322360  [   64/  678]
loss: 1.004459  [  256/  678]
loss: 1.408707  [  448/  678]
loss: 1.398584  [  640/  678]
Average Training Loss: 0.466737
Val Loss: 3.4923 | C-index: 0.5913

Epoch 9
-------------------------------
loss: 1.365554  [   64/  678]
loss: 1.320128  [  256/  678]
loss: 1.815222  [  448/  678]
loss: 1.644526  [  640/  678]
Average Training Loss: 0.558676
Val Loss: 3.1162 | C-index: 0.5309

Epoch 10
-------------------------------
loss: 1.732366  [   64/  678]
loss: 1.614010  [  256/  678]
loss: 1.417651  [  448/  678]
loss: 1.699148  [  640/  678]
Average Training Loss: 0.587561
Val Loss: 2.9020 | C-index: 0.6796

Epoch 11
-------------------------------
loss: 0.679757  [   64/  678]
loss: 1.181008  [  256/  678]
loss: 1.450634  [  448/  678]
loss: 1.467498  [  640/  678]
Average Training Loss: 0.434445
Val Loss: 3.2529 | C-index: 0.5866

Epoch 12
-------------------------------
loss: 0.977825  [   64/  678]
loss: 1.550236  [  256/  678]
loss: 1.450333  [  448/  678]
loss: 1.405227  [  640/  678]
Average Training Loss: 0.489420
Val Loss: 3.0037 | C-index: 0.6830

Epoch 13
-------------------------------
loss: 1.158131  [   64/  678]
loss: 1.421688  [  256/  678]
loss: 1.501777  [  448/  678]
loss: 1.945150  [  640/  678]
Average Training Loss: 0.547886
Val Loss: 3.1510 | C-index: 0.6524

Epoch 14
-------------------------------
loss: 0.844836  [   64/  678]
loss: 1.474787  [  256/  678]
loss: 1.742796  [  448/  678]
loss: 1.497344  [  640/  678]
Average Training Loss: 0.505433
Val Loss: 3.1130 | C-index: 0.6348

Epoch 15
-------------------------------
loss: 1.391898  [   64/  678]
loss: 1.212165  [  256/  678]
loss: 1.472914  [  448/  678]
loss: 0.876121  [  640/  678]
Average Training Loss: 0.450282
Val Loss: 3.4903 | C-index: 0.6212

Epoch 16
-------------------------------
loss: 1.239291  [   64/  678]
loss: 1.008600  [  256/  678]
loss: 1.249743  [  448/  678]
loss: 1.415108  [  640/  678]
Average Training Loss: 0.446613
Val Loss: 3.0173 | C-index: 0.6599

Epoch 17
-------------------------------
loss: 1.075119  [   64/  678]
loss: 1.063235  [  256/  678]
loss: 1.887552  [  448/  678]
loss: 0.939165  [  640/  678]
Average Training Loss: 0.451370
Val Loss: 3.1732 | C-index: 0.6361

Stopping early at Epoch 17 since no C-Index improvement after 5 epochs.
Done!
Best C-Index = 0.6829599456890699 at Epoch 12

=========================================
FOLD 5/5
=========================================

Epoch 1
-------------------------------
loss: 2.779904  [   64/  678]
loss: 3.550575  [  256/  678]
loss: 2.946802  [  448/  678]
loss: 2.966914  [  640/  678]
Average Training Loss: 1.113109
Val Loss: 2.7612 | C-index: 0.6407

Epoch 2
-------------------------------
loss: 3.277294  [   64/  678]
loss: 2.552975  [  256/  678]
loss: 2.581547  [  448/  678]
loss: 2.678495  [  640/  678]
Average Training Loss: 1.008210
Val Loss: 2.7422 | C-index: 0.6499

Epoch 3
-------------------------------
loss: 2.892399  [   64/  678]
loss: 2.925110  [  256/  678]
loss: 3.327407  [  448/  678]
loss: 2.606407  [  640/  678]
Average Training Loss: 1.068302
Val Loss: 2.6564 | C-index: 0.7017

Epoch 4
-------------------------------
loss: 3.022427  [   64/  678]
loss: 2.771626  [  256/  678]
loss: 2.504100  [  448/  678]
loss: 2.628043  [  640/  678]
Average Training Loss: 0.993290
Val Loss: 2.7397 | C-index: 0.6216

Epoch 5
-------------------------------
loss: 2.075433  [   64/  678]
loss: 2.353155  [  256/  678]
loss: 2.275110  [  448/  678]
loss: 2.154488  [  640/  678]
Average Training Loss: 0.805290
Val Loss: 2.6218 | C-index: 0.7481

Epoch 6
-------------------------------
loss: 1.496171  [   64/  678]
loss: 1.351707  [  256/  678]
loss: 2.150195  [  448/  678]
loss: 2.108698  [  640/  678]
Average Training Loss: 0.646070
Val Loss: 2.7191 | C-index: 0.7230

Epoch 7
-------------------------------
loss: 2.028154  [   64/  678]
loss: 1.255252  [  256/  678]
loss: 1.735945  [  448/  678]
loss: 1.586511  [  640/  678]
Average Training Loss: 0.600533
Val Loss: 2.9729 | C-index: 0.6243

Epoch 8
-------------------------------
loss: 1.331226  [   64/  678]
loss: 1.633742  [  256/  678]
loss: 1.604067  [  448/  678]
loss: 1.496421  [  640/  678]
Average Training Loss: 0.551405
Val Loss: 3.0042 | C-index: 0.6554

Epoch 9
-------------------------------
loss: 1.372424  [   64/  678]
loss: 1.962328  [  256/  678]
loss: 1.042274  [  448/  678]
loss: 1.576955  [  640/  678]
Average Training Loss: 0.541271
Val Loss: 2.6757 | C-index: 0.6914

Epoch 10
-------------------------------
loss: 1.598023  [   64/  678]
loss: 1.315942  [  256/  678]
loss: 1.861108  [  448/  678]
loss: 1.449021  [  640/  678]
Average Training Loss: 0.565827
Val Loss: 2.7765 | C-index: 0.6887

Stopping early at Epoch 10 since no C-Index improvement after 5 epochs.
Done!
Best C-Index = 0.7480916030534351 at Epoch 5

=========================================
CV training complete! Mean ± std C-index: 0.6493 ± 0.0584
Best epochs per fold: [7, 8, 3, 12, 5]

=========================================
Retraining model on full train+val for 7 epochs...
Epoch 1
-------------------------------
loss: 2.664319  [   64/  847]
loss: 3.221192  [  320/  847]
loss: 3.070047  [  576/  847]
loss: 2.743766  [  832/  847]
Average Training Loss: 0.835666
Val Loss: 2.7521 | C-index: 0.6844

Epoch 2
-------------------------------
loss: 2.240913  [   64/  847]
loss: 3.341715  [  320/  847]
loss: 3.324104  [  576/  847]
loss: 2.266325  [  832/  847]
Average Training Loss: 0.798075
Val Loss: 2.4924 | C-index: 0.7590

Epoch 3
-------------------------------
loss: 3.128981  [   64/  847]
loss: 3.314273  [  320/  847]
loss: 2.380788  [  576/  847]
loss: 2.714824  [  832/  847]
Average Training Loss: 0.824205
Val Loss: 2.1875 | C-index: 0.8943

Epoch 4
-------------------------------
loss: 2.388954  [   64/  847]
loss: 2.033510  [  320/  847]
loss: 2.631197  [  576/  847]
loss: 1.990543  [  832/  847]
Average Training Loss: 0.646015
Val Loss: 1.8313 | C-index: 0.9002

Epoch 5
-------------------------------
loss: 1.772649  [   64/  847]
loss: 1.306906  [  320/  847]
loss: 2.259500  [  576/  847]
loss: 1.877781  [  832/  847]
Average Training Loss: 0.515488
Val Loss: 1.5357 | C-index: 0.9306

Epoch 6
-------------------------------
loss: 2.000456  [   64/  847]
loss: 2.197135  [  320/  847]
loss: 2.179902  [  576/  847]
loss: 1.325593  [  832/  847]
Average Training Loss: 0.550220
Val Loss: 1.3524 | C-index: 0.9524

Epoch 7
-------------------------------
loss: 1.648237  [   64/  847]
loss: 1.367736  [  320/  847]
loss: 1.608168  [  576/  847]
loss: 1.521926  [  832/  847]
Average Training Loss: 0.439005
Val Loss: 1.3073 | C-index: 0.9539

Done!
Best C-Index = 0.9538732226924723 at Epoch 7
FINAL TEST Average Loss: 2.6195
FINAL TEST C-index: 0.6441
Bootstrap 95% CI: [0.5135, 0.7691]
Results saved to /Users/evan/Documents/GitHub/HyBINN/experiments/runs/gene/seed_1/results.json
