train_hybinn.py log started 2026-06-17 00:51:55.376064
=========================================
Model Active Branches: ['clinical']
=========================================

=========================================
FOLD 1/5
=========================================

Epoch 1
-------------------------------
loss: 3.392220  [   64/  677]
loss: 2.737973  [  256/  677]
loss: 2.641833  [  448/  677]
loss: 2.624323  [  640/  677]
Average Training Loss: 1.036032
Val Loss: 3.0707 | C-index: 0.6109

Epoch 2
-------------------------------
loss: 2.948587  [   64/  677]
loss: 3.042139  [  256/  677]
loss: 2.643373  [  448/  677]
loss: 3.442655  [  640/  677]
Average Training Loss: 1.097887
Val Loss: 3.0673 | C-index: 0.6050

Epoch 3
-------------------------------
loss: 2.813384  [   64/  677]
loss: 2.532735  [  256/  677]
loss: 3.087052  [  448/  677]
loss: 2.874195  [  640/  677]
Average Training Loss: 1.027942
Val Loss: 3.0634 | C-index: 0.6213

Epoch 4
-------------------------------
loss: 3.329999  [   64/  677]
loss: 3.174668  [  256/  677]
loss: 2.605226  [  448/  677]
loss: 1.960271  [  640/  677]
Average Training Loss: 1.006378
Val Loss: 3.0591 | C-index: 0.6233

Epoch 5
-------------------------------
loss: 3.254906  [   64/  677]
loss: 2.990164  [  256/  677]
loss: 2.944632  [  448/  677]
loss: 2.768859  [  640/  677]
Average Training Loss: 1.087142
Val Loss: 3.0576 | C-index: 0.6189

Epoch 6
-------------------------------
loss: 3.059035  [   64/  677]
loss: 3.282383  [  256/  677]
loss: 3.051681  [  448/  677]
loss: 3.391261  [  640/  677]
Average Training Loss: 1.162215
Val Loss: 3.0518 | C-index: 0.6392

Epoch 7
-------------------------------
loss: 3.124451  [   64/  677]
loss: 2.873884  [  256/  677]
loss: 2.991905  [  448/  677]
loss: 3.040664  [  640/  677]
Average Training Loss: 1.093719
Val Loss: 3.0489 | C-index: 0.6442

Epoch 8
-------------------------------
loss: 3.272821  [   64/  677]
loss: 2.627147  [  256/  677]
loss: 2.877101  [  448/  677]
loss: 2.948355  [  640/  677]
Average Training Loss: 1.065948
Val Loss: 3.0365 | C-index: 0.6432

Epoch 9
-------------------------------
loss: 3.053464  [   64/  677]
loss: 2.842319  [  256/  677]
loss: 2.938612  [  448/  677]
loss: 2.888851  [  640/  677]
Average Training Loss: 1.065750
Val Loss: 3.0266 | C-index: 0.6427

Epoch 10
-------------------------------
loss: 3.029741  [   64/  677]
loss: 2.528794  [  256/  677]
loss: 2.411723  [  448/  677]
loss: 2.552006  [  640/  677]
Average Training Loss: 0.956569
Val Loss: 3.0233 | C-index: 0.6576

Epoch 11
-------------------------------
loss: 2.978944  [   64/  677]
loss: 3.249499  [  256/  677]
loss: 2.658058  [  448/  677]
loss: 3.067538  [  640/  677]
Average Training Loss: 1.086731
Val Loss: 3.0238 | C-index: 0.6233

Epoch 12
-------------------------------
loss: 2.366552  [   64/  677]
loss: 2.681000  [  256/  677]
loss: 3.294515  [  448/  677]
loss: 2.691487  [  640/  677]
Average Training Loss: 1.003050
Val Loss: 3.0175 | C-index: 0.6318

Epoch 13
-------------------------------
loss: 2.770438  [   64/  677]
loss: 3.198274  [  256/  677]
loss: 2.866222  [  448/  677]
loss: 2.073245  [  640/  677]
Average Training Loss: 0.991653
Val Loss: 3.0153 | C-index: 0.6199

Epoch 14
-------------------------------
loss: 2.961830  [   64/  677]
loss: 2.836360  [  256/  677]
loss: 3.232701  [  448/  677]
loss: 3.166660  [  640/  677]
Average Training Loss: 1.108868
Val Loss: 3.0124 | C-index: 0.6238

Epoch 15
-------------------------------
loss: 2.297728  [   64/  677]
loss: 2.785110  [  256/  677]
loss: 2.862891  [  448/  677]
loss: 2.281188  [  640/  677]
Average Training Loss: 0.929720
Val Loss: 3.0096 | C-index: 0.6129

Stopping early at Epoch 15 since no C-Index improvement after 5 epochs.
Done!
Best C-Index = 0.6575682382133995 at Epoch 10

=========================================
FOLD 2/5
=========================================

Epoch 1
-------------------------------
loss: 2.749171  [   64/  677]
loss: 3.288038  [  256/  677]
loss: 2.746371  [  448/  677]
loss: 2.533956  [  640/  677]
Average Training Loss: 1.028867
Val Loss: 2.6277 | C-index: 0.6258

Epoch 2
-------------------------------
loss: 2.822461  [   64/  677]
loss: 2.968849  [  256/  677]
loss: 2.542957  [  448/  677]
loss: 3.300025  [  640/  677]
Average Training Loss: 1.057663
Val Loss: 2.6265 | C-index: 0.6144

Epoch 3
-------------------------------
loss: 3.285755  [   64/  677]
loss: 2.680761  [  256/  677]
loss: 2.731219  [  448/  677]
loss: 3.206129  [  640/  677]
Average Training Loss: 1.082170
Val Loss: 2.6246 | C-index: 0.6418

Epoch 4
-------------------------------
loss: 3.099877  [   64/  677]
loss: 3.161673  [  256/  677]
loss: 3.384218  [  448/  677]
loss: 3.168379  [  640/  677]
Average Training Loss: 1.164922
Val Loss: 2.6236 | C-index: 0.6438

Epoch 5
-------------------------------
loss: 2.954650  [   64/  677]
loss: 3.186671  [  256/  677]
loss: 2.591441  [  448/  677]
loss: 3.174925  [  640/  677]
Average Training Loss: 1.082517
Val Loss: 2.6210 | C-index: 0.6144

Epoch 6
-------------------------------
loss: 2.893602  [   64/  677]
loss: 3.157304  [  256/  677]
loss: 3.273036  [  448/  677]
loss: 2.743656  [  640/  677]
Average Training Loss: 1.097054
Val Loss: 2.6189 | C-index: 0.6007

Epoch 7
-------------------------------
loss: 3.279031  [   64/  677]
loss: 2.840723  [  256/  677]
loss: 2.896949  [  448/  677]
loss: 2.977179  [  640/  677]
Average Training Loss: 1.090353
Val Loss: 2.6217 | C-index: 0.5867

Epoch 8
-------------------------------
loss: 3.042571  [   64/  677]
loss: 2.909920  [  256/  677]
loss: 2.003105  [  448/  677]
loss: 3.275849  [  640/  677]
Average Training Loss: 1.021040
Val Loss: 2.6117 | C-index: 0.6164

Epoch 9
-------------------------------
loss: 3.210886  [   64/  677]
loss: 3.014197  [  256/  677]
loss: 3.073152  [  448/  677]
loss: 2.839155  [  640/  677]
Average Training Loss: 1.103399
Val Loss: 2.6060 | C-index: 0.6104

Stopping early at Epoch 9 since no C-Index improvement after 5 epochs.
Done!
Best C-Index = 0.6437535653166001 at Epoch 4

=========================================
FOLD 3/5
=========================================

Epoch 1
-------------------------------
loss: 3.064546  [   64/  678]
loss: 3.058986  [  256/  678]
loss: 3.035254  [  448/  678]
loss: 2.766887  [  640/  678]
Average Training Loss: 1.084152
Val Loss: 3.0292 | C-index: 0.7395

Epoch 2
-------------------------------
loss: 3.320222  [   64/  678]
loss: 3.048448  [  256/  678]
loss: 2.633620  [  448/  678]
loss: 3.137627  [  640/  678]
Average Training Loss: 1.103629
Val Loss: 3.0255 | C-index: 0.7115

Epoch 3
-------------------------------
loss: 2.979031  [   64/  678]
loss: 2.501286  [  256/  678]
loss: 2.787454  [  448/  678]
loss: 2.535254  [  640/  678]
Average Training Loss: 0.982093
Val Loss: 3.0220 | C-index: 0.7159

Epoch 4
-------------------------------
loss: 2.847404  [   64/  678]
loss: 2.933433  [  256/  678]
loss: 2.812354  [  448/  678]
loss: 2.933036  [  640/  678]
Average Training Loss: 1.047839
Val Loss: 3.0168 | C-index: 0.7209

Epoch 5
-------------------------------
loss: 3.166783  [   64/  678]
loss: 2.755452  [  256/  678]
loss: 2.239050  [  448/  678]
loss: 3.147949  [  640/  678]
Average Training Loss: 1.028112
Val Loss: 3.0062 | C-index: 0.7311

Epoch 6
-------------------------------
loss: 3.189709  [   64/  678]
loss: 2.688086  [  256/  678]
loss: 2.962673  [  448/  678]
loss: 2.758962  [  640/  678]
Average Training Loss: 1.054494
Val Loss: 2.9966 | C-index: 0.7453

Epoch 7
-------------------------------
loss: 2.831356  [   64/  678]
loss: 2.441642  [  256/  678]
loss: 2.649038  [  448/  678]
loss: 2.966520  [  640/  678]
Average Training Loss: 0.989869
Val Loss: 2.9893 | C-index: 0.7385

Epoch 8
-------------------------------
loss: 3.087083  [   64/  678]
loss: 2.659321  [  256/  678]
loss: 2.914838  [  448/  678]
loss: 3.051484  [  640/  678]
Average Training Loss: 1.064793
Val Loss: 2.9835 | C-index: 0.7369

Epoch 9
-------------------------------
loss: 2.889560  [   64/  678]
loss: 2.640074  [  256/  678]
loss: 2.760449  [  448/  678]
loss: 2.863576  [  640/  678]
Average Training Loss: 1.013969
Val Loss: 2.9787 | C-index: 0.7594

Epoch 10
-------------------------------
loss: 2.659516  [   64/  678]
loss: 3.010953  [  256/  678]
loss: 2.756759  [  448/  678]
loss: 2.846306  [  640/  678]
Average Training Loss: 1.024867
Val Loss: 2.9652 | C-index: 0.7508

Epoch 11
-------------------------------
loss: 2.528634  [   64/  678]
loss: 3.340510  [  256/  678]
loss: 3.270710  [  448/  678]
loss: 3.382119  [  640/  678]
Average Training Loss: 1.138361
Val Loss: 2.9402 | C-index: 0.7513

Epoch 12
-------------------------------
loss: 3.026227  [   64/  678]
loss: 2.657021  [  256/  678]
loss: 2.895530  [  448/  678]
loss: 2.913289  [  640/  678]
Average Training Loss: 1.044733
Val Loss: 2.8991 | C-index: 0.7579

Epoch 13
-------------------------------
loss: 2.439011  [   64/  678]
loss: 3.213527  [  256/  678]
loss: 2.656687  [  448/  678]
loss: 3.041252  [  640/  678]
Average Training Loss: 1.031862
Val Loss: 2.8756 | C-index: 0.7592

Epoch 14
-------------------------------
loss: 2.543412  [   64/  678]
loss: 2.886195  [  256/  678]
loss: 2.760980  [  448/  678]
loss: 2.911076  [  640/  678]
Average Training Loss: 1.009242
Val Loss: 2.8910 | C-index: 0.7555

Stopping early at Epoch 14 since no C-Index improvement after 5 epochs.
Done!
Best C-Index = 0.7594339622641509 at Epoch 9

=========================================
FOLD 4/5
=========================================

Epoch 1
-------------------------------
loss: 3.477210  [   64/  678]
loss: 3.292760  [  256/  678]
loss: 3.403814  [  448/  678]
loss: 3.148270  [  640/  678]
Average Training Loss: 1.211096
Val Loss: 2.2859 | C-index: 0.6558

Epoch 2
-------------------------------
loss: 2.781617  [   64/  678]
loss: 3.246247  [  256/  678]
loss: 3.408941  [  448/  678]
loss: 3.463918  [  640/  678]
Average Training Loss: 1.172793
Val Loss: 2.2817 | C-index: 0.6476

Epoch 3
-------------------------------
loss: 3.336964  [   64/  678]
loss: 2.992768  [  256/  678]
loss: 2.915612  [  448/  678]
loss: 3.351816  [  640/  678]
Average Training Loss: 1.145196
Val Loss: 2.2778 | C-index: 0.6585

Epoch 4
-------------------------------
loss: 3.097366  [   64/  678]
loss: 3.132651  [  256/  678]
loss: 3.248473  [  448/  678]
loss: 2.878444  [  640/  678]
Average Training Loss: 1.123358
Val Loss: 2.2720 | C-index: 0.6676

Epoch 5
-------------------------------
loss: 3.215030  [   64/  678]
loss: 3.347524  [  256/  678]
loss: 2.953494  [  448/  678]
loss: 3.362668  [  640/  678]
Average Training Loss: 1.170792
Val Loss: 2.2670 | C-index: 0.6703

Epoch 6
-------------------------------
loss: 3.117308  [   64/  678]
loss: 3.270823  [  256/  678]
loss: 2.726849  [  448/  678]
loss: 3.184820  [  640/  678]
Average Training Loss: 1.118164
Val Loss: 2.2618 | C-index: 0.6793

Epoch 7
-------------------------------
loss: 2.922639  [   64/  678]
loss: 3.345867  [  256/  678]
loss: 2.829128  [  448/  678]
loss: 3.288940  [  640/  678]
Average Training Loss: 1.126052
Val Loss: 2.2523 | C-index: 0.6830

Epoch 8
-------------------------------
loss: 3.310276  [   64/  678]
loss: 3.115781  [  256/  678]
loss: 2.752724  [  448/  678]
loss: 3.065467  [  640/  678]
Average Training Loss: 1.113113
Val Loss: 2.2464 | C-index: 0.6821

Epoch 9
-------------------------------
loss: 3.077087  [   64/  678]
loss: 3.223025  [  256/  678]
loss: 3.229292  [  448/  678]
loss: 3.112424  [  640/  678]
Average Training Loss: 1.149257
Val Loss: 2.2404 | C-index: 0.6902

Epoch 10
-------------------------------
loss: 2.991370  [   64/  678]
loss: 2.651440  [  256/  678]
loss: 3.148369  [  448/  678]
loss: 3.266742  [  640/  678]
Average Training Loss: 1.096175
Val Loss: 2.2299 | C-index: 0.6957

Epoch 11
-------------------------------
loss: 3.409831  [   64/  678]
loss: 3.230320  [  256/  678]
loss: 3.283567  [  448/  678]
loss: 2.784904  [  640/  678]
Average Training Loss: 1.155329
Val Loss: 2.2314 | C-index: 0.7165

Epoch 12
-------------------------------
loss: 3.244518  [   64/  678]
loss: 2.773616  [  256/  678]
loss: 2.933387  [  448/  678]
loss: 3.041219  [  640/  678]
Average Training Loss: 1.090249
Val Loss: 2.2100 | C-index: 0.7092

Epoch 13
-------------------------------
loss: 3.390388  [   64/  678]
loss: 2.732818  [  256/  678]
loss: 3.074778  [  448/  678]
loss: 2.759543  [  640/  678]
Average Training Loss: 1.087048
Val Loss: 2.1879 | C-index: 0.7292

Epoch 14
-------------------------------
loss: 3.055100  [   64/  678]
loss: 2.803062  [  256/  678]
loss: 3.101535  [  448/  678]
loss: 3.026674  [  640/  678]
Average Training Loss: 1.089670
Val Loss: 2.1763 | C-index: 0.7464

Epoch 15
-------------------------------
loss: 3.509907  [   64/  678]
loss: 3.240299  [  256/  678]
loss: 2.770710  [  448/  678]
loss: 3.528543  [  640/  678]
Average Training Loss: 1.186314
Val Loss: 2.1721 | C-index: 0.7455

Epoch 16
-------------------------------
loss: 2.928618  [   64/  678]
loss: 3.075492  [  256/  678]
loss: 3.707794  [  448/  678]
loss: 3.070372  [  640/  678]
Average Training Loss: 1.162025
Val Loss: 2.1461 | C-index: 0.7582

Epoch 17
-------------------------------
loss: 2.869927  [   64/  678]
loss: 3.372386  [  256/  678]
loss: 3.195878  [  448/  678]
loss: 2.817772  [  640/  678]
Average Training Loss: 1.114179
Val Loss: 2.1539 | C-index: 0.7609

Epoch 18
-------------------------------
loss: 2.851932  [   64/  678]
loss: 2.839041  [  256/  678]
loss: 2.825186  [  448/  678]
loss: 3.076728  [  640/  678]
Average Training Loss: 1.053899
Val Loss: 2.1374 | C-index: 0.7464

Epoch 19
-------------------------------
loss: 3.022608  [   64/  678]
loss: 2.423620  [  256/  678]
loss: 2.694101  [  448/  678]
loss: 2.759265  [  640/  678]
Average Training Loss: 0.990872
Val Loss: 2.1294 | C-index: 0.7355

Epoch 20
-------------------------------
loss: 2.852810  [   64/  678]
loss: 3.087086  [  256/  678]
loss: 3.102747  [  448/  678]
loss: 2.842670  [  640/  678]
Average Training Loss: 1.080483
Val Loss: 2.1106 | C-index: 0.7536

Epoch 21
-------------------------------
loss: 3.040371  [   64/  678]
loss: 2.873022  [  256/  678]
loss: 2.747217  [  448/  678]
loss: 3.435918  [  640/  678]
Average Training Loss: 1.099684
Val Loss: 2.1156 | C-index: 0.7681

Epoch 22
-------------------------------
loss: 2.609932  [   64/  678]
loss: 3.498807  [  256/  678]
loss: 2.024418  [  448/  678]
loss: 2.832674  [  640/  678]
Average Training Loss: 0.996894
Val Loss: 2.1025 | C-index: 0.7668

Epoch 23
-------------------------------
loss: 2.812872  [   64/  678]
loss: 1.897603  [  256/  678]
loss: 3.421240  [  448/  678]
loss: 2.894122  [  640/  678]
Average Training Loss: 1.002349
Val Loss: 2.0829 | C-index: 0.7699

Epoch 24
-------------------------------
loss: 2.654834  [   64/  678]
loss: 3.407692  [  256/  678]
loss: 3.003547  [  448/  678]
loss: 2.888294  [  640/  678]
Average Training Loss: 1.086761
Val Loss: 2.0562 | C-index: 0.7717

Epoch 25
-------------------------------
loss: 1.992312  [   64/  678]
loss: 2.867212  [  256/  678]
loss: 2.979707  [  448/  678]
loss: 2.858463  [  640/  678]
Average Training Loss: 0.972518
Val Loss: 2.1099 | C-index: 0.7799

Epoch 26
-------------------------------
loss: 3.128971  [   64/  678]
loss: 3.281592  [  256/  678]
loss: 2.876234  [  448/  678]
loss: 2.911958  [  640/  678]
Average Training Loss: 1.108978
Val Loss: 2.0735 | C-index: 0.7853

Epoch 27
-------------------------------
loss: 3.045689  [   64/  678]
loss: 3.104723  [  256/  678]
loss: 2.659928  [  448/  678]
loss: 2.583145  [  640/  678]
Average Training Loss: 1.035771
Val Loss: 2.0585 | C-index: 0.7794

Epoch 28
-------------------------------
loss: 1.845914  [   64/  678]
loss: 2.701808  [  256/  678]
loss: 2.613546  [  448/  678]
loss: 2.943489  [  640/  678]
Average Training Loss: 0.918614
Val Loss: 2.0530 | C-index: 0.7971

Epoch 29
-------------------------------
loss: 2.801773  [   64/  678]
loss: 3.114125  [  256/  678]
loss: 2.849669  [  448/  678]
loss: 3.311546  [  640/  678]
Average Training Loss: 1.097919
Val Loss: 2.0455 | C-index: 0.8016

Epoch 30
-------------------------------
loss: 3.205753  [   64/  678]
loss: 3.301843  [  256/  678]
loss: 2.923131  [  448/  678]
loss: 2.418016  [  640/  678]
Average Training Loss: 1.077158
Val Loss: 2.0585 | C-index: 0.7853

Epoch 31
-------------------------------
loss: 2.660427  [   64/  678]
loss: 2.978949  [  256/  678]
loss: 2.828500  [  448/  678]
loss: 3.271723  [  640/  678]
Average Training Loss: 1.067236
Val Loss: 2.0291 | C-index: 0.7835

Epoch 32
-------------------------------
loss: 3.416250  [   64/  678]
loss: 2.862269  [  256/  678]
loss: 2.778614  [  448/  678]
loss: 2.647950  [  640/  678]
Average Training Loss: 1.064098
Val Loss: 2.0232 | C-index: 0.7772

Epoch 33
-------------------------------
loss: 2.787409  [   64/  678]
loss: 3.052261  [  256/  678]
loss: 3.422872  [  448/  678]
loss: 2.757535  [  640/  678]
Average Training Loss: 1.092734
Val Loss: 2.0441 | C-index: 0.7817

Epoch 34
-------------------------------
loss: 3.187787  [   64/  678]
loss: 2.895446  [  256/  678]
loss: 2.996518  [  448/  678]
loss: 3.010509  [  640/  678]
Average Training Loss: 1.099115
Val Loss: 2.0893 | C-index: 0.7554

Stopping early at Epoch 34 since no C-Index improvement after 5 epochs.
Done!
Best C-Index = 0.8016304347826086 at Epoch 29

=========================================
FOLD 5/5
=========================================

Epoch 1
-------------------------------
loss: 3.647161  [   64/  678]
loss: 3.375721  [  256/  678]
loss: 3.203895  [  448/  678]
loss: 3.326370  [  640/  678]
Average Training Loss: 1.232104
Val Loss: 2.9001 | C-index: 0.6216

Epoch 2
-------------------------------
loss: 3.609485  [   64/  678]
loss: 3.238170  [  256/  678]
loss: 3.043979  [  448/  678]
loss: 3.522569  [  640/  678]
Average Training Loss: 1.219473
Val Loss: 2.8971 | C-index: 0.6682

Epoch 3
-------------------------------
loss: 2.858736  [   64/  678]
loss: 3.387468  [  256/  678]
loss: 2.989725  [  448/  678]
loss: 2.490971  [  640/  678]
Average Training Loss: 1.066082
Val Loss: 2.8942 | C-index: 0.6631

Epoch 4
-------------------------------
loss: 2.461187  [   64/  678]
loss: 2.904621  [  256/  678]
loss: 3.066865  [  448/  678]
loss: 3.210157  [  640/  678]
Average Training Loss: 1.058439
Val Loss: 2.8902 | C-index: 0.6783

Epoch 5
-------------------------------
loss: 2.960076  [   64/  678]
loss: 2.756336  [  256/  678]
loss: 2.477797  [  448/  678]
loss: 3.381232  [  640/  678]
Average Training Loss: 1.052313
Val Loss: 2.8880 | C-index: 0.6547

Epoch 6
-------------------------------
loss: 3.337454  [   64/  678]
loss: 2.484042  [  256/  678]
loss: 3.072166  [  448/  678]
loss: 2.712796  [  640/  678]
Average Training Loss: 1.055133
Val Loss: 2.8829 | C-index: 0.6897

Epoch 7
-------------------------------
loss: 3.197227  [   64/  678]
loss: 2.574202  [  256/  678]
loss: 3.298344  [  448/  678]
loss: 3.008089  [  640/  678]
Average Training Loss: 1.097987
Val Loss: 2.8794 | C-index: 0.6765

Epoch 8
-------------------------------
loss: 2.620536  [   64/  678]
loss: 3.132240  [  256/  678]
loss: 2.610070  [  448/  678]
loss: 2.983179  [  640/  678]
Average Training Loss: 1.031457
Val Loss: 2.8672 | C-index: 0.6801

Epoch 9
-------------------------------
loss: 3.116989  [   64/  678]
loss: 2.914524  [  256/  678]
loss: 2.703868  [  448/  678]
loss: 2.939564  [  640/  678]
Average Training Loss: 1.061359
Val Loss: 2.8570 | C-index: 0.6888

Epoch 10
-------------------------------
loss: 2.970818  [   64/  678]
loss: 2.661943  [  256/  678]
loss: 3.096163  [  448/  678]
loss: 2.459304  [  640/  678]
Average Training Loss: 1.017112
Val Loss: 2.8453 | C-index: 0.7195

Epoch 11
-------------------------------
loss: 2.863001  [   64/  678]
loss: 2.936276  [  256/  678]
loss: 3.408639  [  448/  678]
loss: 3.405672  [  640/  678]
Average Training Loss: 1.146690
Val Loss: 2.8350 | C-index: 0.7124

Epoch 12
-------------------------------
loss: 2.844575  [   64/  678]
loss: 2.953098  [  256/  678]
loss: 2.620687  [  448/  678]
loss: 2.731124  [  640/  678]
Average Training Loss: 1.013589
Val Loss: 2.8273 | C-index: 0.7237

Epoch 13
-------------------------------
loss: 2.881827  [   64/  678]
loss: 2.724646  [  256/  678]
loss: 2.935287  [  448/  678]
loss: 3.140898  [  640/  678]
Average Training Loss: 1.062060
Val Loss: 2.8052 | C-index: 0.7348

Epoch 14
-------------------------------
loss: 2.781967  [   64/  678]
loss: 2.607137  [  256/  678]
loss: 2.925497  [  448/  678]
loss: 2.462683  [  640/  678]
Average Training Loss: 0.979753
Val Loss: 2.8076 | C-index: 0.7312

Epoch 15
-------------------------------
loss: 2.874520  [   64/  678]
loss: 3.123690  [  256/  678]
loss: 3.107845  [  448/  678]
loss: 2.960635  [  640/  678]
Average Training Loss: 1.096972
Val Loss: 2.8087 | C-index: 0.7363

Epoch 16
-------------------------------
loss: 2.742196  [   64/  678]
loss: 2.891788  [  256/  678]
loss: 3.021065  [  448/  678]
loss: 2.394431  [  640/  678]
Average Training Loss: 1.004498
Val Loss: 2.8187 | C-index: 0.7282

Epoch 17
-------------------------------
loss: 3.031517  [   64/  678]
loss: 3.030415  [  256/  678]
loss: 2.895919  [  448/  678]
loss: 2.912610  [  640/  678]
Average Training Loss: 1.079133
Val Loss: 2.8059 | C-index: 0.7294

Epoch 18
-------------------------------
loss: 2.798423  [   64/  678]
loss: 2.751099  [  256/  678]
loss: 3.030905  [  448/  678]
loss: 2.788722  [  640/  678]
Average Training Loss: 1.033559
Val Loss: 2.7997 | C-index: 0.7434

Epoch 19
-------------------------------
loss: 2.932073  [   64/  678]
loss: 2.343500  [  256/  678]
loss: 3.080521  [  448/  678]
loss: 2.379802  [  640/  678]
Average Training Loss: 0.975991
Val Loss: 2.7920 | C-index: 0.7470

Epoch 20
-------------------------------
loss: 2.301860  [   64/  678]
loss: 2.901214  [  256/  678]
loss: 3.229882  [  448/  678]
loss: 2.875042  [  640/  678]
Average Training Loss: 1.028000
Val Loss: 2.7980 | C-index: 0.7192

Epoch 21
-------------------------------
loss: 3.119343  [   64/  678]
loss: 2.442285  [  256/  678]
loss: 3.252947  [  448/  678]
loss: 2.640404  [  640/  678]
Average Training Loss: 1.041362
Val Loss: 2.7741 | C-index: 0.7201

Epoch 22
-------------------------------
loss: 3.004130  [   64/  678]
loss: 3.007087  [  256/  678]
loss: 2.754817  [  448/  678]
loss: 3.180483  [  640/  678]
Average Training Loss: 1.086047
Val Loss: 2.7490 | C-index: 0.7348

Epoch 23
-------------------------------
loss: 3.035311  [   64/  678]
loss: 3.268093  [  256/  678]
loss: 2.253221  [  448/  678]
loss: 2.401828  [  640/  678]
Average Training Loss: 0.996223
Val Loss: 2.7371 | C-index: 0.7294

Epoch 24
-------------------------------
loss: 2.816308  [   64/  678]
loss: 2.466277  [  256/  678]
loss: 2.741370  [  448/  678]
loss: 2.458943  [  640/  678]
Average Training Loss: 0.952991
Val Loss: 2.7444 | C-index: 0.7360

Stopping early at Epoch 24 since no C-Index improvement after 5 epochs.
Done!
Best C-Index = 0.7470131421744325 at Epoch 19

=========================================
CV training complete! Mean ± std C-index: 0.7219 ± 0.0611
Best epochs per fold: [10, 4, 9, 29, 19]

=========================================
Retraining model on full train+val for 14 epochs...
Epoch 1
-------------------------------
loss: 3.438924  [   64/  847]
loss: 3.151282  [  320/  847]
loss: 2.989405  [  576/  847]
loss: 3.716376  [  832/  847]
Average Training Loss: 0.949713
Val Loss: 2.8713 | C-index: 0.6977

Epoch 2
-------------------------------
loss: 3.007838  [   64/  847]
loss: 3.020409  [  320/  847]
loss: 2.840771  [  576/  847]
loss: 2.797353  [  832/  847]
Average Training Loss: 0.833312
Val Loss: 2.8877 | C-index: 0.7005

Epoch 3
-------------------------------
loss: 2.756521  [   64/  847]
loss: 3.029342  [  320/  847]
loss: 2.662115  [  576/  847]
loss: 2.462279  [  832/  847]
Average Training Loss: 0.779304
Val Loss: 2.9084 | C-index: 0.6916

Epoch 4
-------------------------------
loss: 3.483636  [   64/  847]
loss: 2.725156  [  320/  847]
loss: 2.944717  [  576/  847]
loss: 3.003783  [  832/  847]
Average Training Loss: 0.868378
Val Loss: 2.9021 | C-index: 0.7171

Epoch 5
-------------------------------
loss: 3.089080  [   64/  847]
loss: 3.141607  [  320/  847]
loss: 2.995220  [  576/  847]
loss: 3.511873  [  832/  847]
Average Training Loss: 0.909841
Val Loss: 2.7889 | C-index: 0.7119

Epoch 6
-------------------------------
loss: 2.979341  [   64/  847]
loss: 2.948794  [  320/  847]
loss: 2.917387  [  576/  847]
loss: 2.979795  [  832/  847]
Average Training Loss: 0.844665
Val Loss: 2.8684 | C-index: 0.7227

Epoch 7
-------------------------------
loss: 2.840963  [   64/  847]
loss: 2.766864  [  320/  847]
loss: 2.665752  [  576/  847]
loss: 3.072895  [  832/  847]
Average Training Loss: 0.810462
Val Loss: 2.8874 | C-index: 0.7184

Epoch 8
-------------------------------
loss: 2.878239  [   64/  847]
loss: 2.957378  [  320/  847]
loss: 2.561278  [  576/  847]
loss: 2.934474  [  832/  847]
Average Training Loss: 0.809383
Val Loss: 2.8398 | C-index: 0.7096

Epoch 9
-------------------------------
loss: 2.855966  [   64/  847]
loss: 3.746274  [  320/  847]
loss: 2.731564  [  576/  847]
loss: 2.884571  [  832/  847]
Average Training Loss: 0.872741
Val Loss: 2.7871 | C-index: 0.7141

Epoch 10
-------------------------------
loss: 2.918600  [   64/  847]
loss: 2.935006  [  320/  847]
loss: 3.266784  [  576/  847]
loss: 2.563573  [  832/  847]
Average Training Loss: 0.834569
Val Loss: 2.7695 | C-index: 0.7045

Epoch 11
-------------------------------
loss: 2.922269  [   64/  847]
loss: 2.878107  [  320/  847]
loss: 2.441481  [  576/  847]
loss: 3.226023  [  832/  847]
Average Training Loss: 0.819134
Val Loss: 2.7589 | C-index: 0.6978

Epoch 12
-------------------------------
loss: 2.959721  [   64/  847]
loss: 2.930345  [  320/  847]
loss: 2.904051  [  576/  847]
loss: 3.067049  [  832/  847]
Average Training Loss: 0.847226
Val Loss: 2.7144 | C-index: 0.6910

Epoch 13
-------------------------------
loss: 2.631416  [   64/  847]
loss: 2.162416  [  320/  847]
loss: 3.048117  [  576/  847]
loss: 2.646572  [  832/  847]
Average Training Loss: 0.749180
Val Loss: 2.8544 | C-index: 0.6913

Epoch 14
-------------------------------
loss: 3.082442  [   64/  847]
loss: 2.462012  [  320/  847]
loss: 2.459868  [  576/  847]
loss: 2.328382  [  832/  847]
Average Training Loss: 0.738050
Val Loss: 2.7009 | C-index: 0.7016

Done!
Best C-Index = 0.7227343272351032 at Epoch 6
FINAL TEST Average Loss: 2.3679
FINAL TEST C-index: 0.6965
Bootstrap 95% CI: [0.5676, 0.8197]
Results saved to /Users/evan/Documents/GitHub/HyBINN/experiments/runs/other/clinical_architecture_testing/seed3/results.json
