train_hybinn.py log started 2026-06-17 00:58:37.307583
=========================================
Model Active Branches: ['binn']
=========================================

=========================================
FOLD 1/5
=========================================

Epoch 1
-------------------------------
loss: 2.515495  [   64/  677]
loss: 2.792295  [  256/  677]
loss: 3.316571  [  448/  677]
loss: 2.739164  [  640/  677]
Average Training Loss: 1.033048
Val Loss: 2.5732 | C-index: 0.5358

Epoch 2
-------------------------------
loss: 3.371520  [   64/  677]
loss: 2.796393  [  256/  677]
loss: 2.591011  [  448/  677]
loss: 3.327910  [  640/  677]
Average Training Loss: 1.098803
Val Loss: 2.5724 | C-index: 0.5289

Epoch 3
-------------------------------
loss: 2.976847  [   64/  677]
loss: 2.767859  [  256/  677]
loss: 2.593344  [  448/  677]
loss: 3.198651  [  640/  677]
Average Training Loss: 1.048791
Val Loss: 2.5763 | C-index: 0.5081

Epoch 4
-------------------------------
loss: 2.977800  [   64/  677]
loss: 3.048790  [  256/  677]
loss: 3.222075  [  448/  677]
loss: 2.721911  [  640/  677]
Average Training Loss: 1.088234
Val Loss: 2.5750 | C-index: 0.5273

Epoch 5
-------------------------------
loss: 2.986269  [   64/  677]
loss: 2.650818  [  256/  677]
loss: 2.988852  [  448/  677]
loss: 2.162348  [  640/  677]
Average Training Loss: 0.980753
Val Loss: 2.6169 | C-index: 0.5212

Epoch 6
-------------------------------
loss: 3.032506  [   64/  677]
loss: 2.565927  [  256/  677]
loss: 2.572818  [  448/  677]
loss: 2.648743  [  640/  677]
Average Training Loss: 0.983636
Val Loss: 2.5269 | C-index: 0.5651

Epoch 7
-------------------------------
loss: 1.863088  [   64/  677]
loss: 2.165715  [  256/  677]
loss: 2.093980  [  448/  677]
loss: 2.613462  [  640/  677]
Average Training Loss: 0.794204
Val Loss: 2.4911 | C-index: 0.5951

Epoch 8
-------------------------------
loss: 2.077503  [   64/  677]
loss: 2.811653  [  256/  677]
loss: 2.157156  [  448/  677]
loss: 2.289461  [  640/  677]
Average Training Loss: 0.848707
Val Loss: 2.5050 | C-index: 0.5566

Epoch 9
-------------------------------
loss: 2.137082  [   64/  677]
loss: 2.223576  [  256/  677]
loss: 2.513533  [  448/  677]
loss: 1.981421  [  640/  677]
Average Training Loss: 0.805056
Val Loss: 2.5104 | C-index: 0.5635

Epoch 10
-------------------------------
loss: 1.544966  [   64/  677]
loss: 2.348117  [  256/  677]
loss: 2.517387  [  448/  677]
loss: 2.386760  [  640/  677]
Average Training Loss: 0.799748
Val Loss: 2.5785 | C-index: 0.5835

Epoch 11
-------------------------------
loss: 2.160117  [   64/  677]
loss: 2.516325  [  256/  677]
loss: 2.682106  [  448/  677]
loss: 1.849669  [  640/  677]
Average Training Loss: 0.837111
Val Loss: 2.5753 | C-index: 0.5589

Epoch 12
-------------------------------
loss: 3.186222  [   64/  677]
loss: 1.845033  [  256/  677]
loss: 2.443428  [  448/  677]
loss: 2.156693  [  640/  677]
Average Training Loss: 0.875580
Val Loss: 2.6014 | C-index: 0.5689

Stopping early at Epoch 12 since no C-Index improvement after 5 epochs.
Done!
Best C-Index = 0.5950731331793687 at Epoch 7

=========================================
FOLD 2/5
=========================================

Epoch 1
-------------------------------
loss: 2.556686  [   64/  677]
loss: 3.094618  [  256/  677]
loss: 3.525330  [  448/  677]
loss: 3.173501  [  640/  677]
Average Training Loss: 1.122739
Val Loss: 2.9096 | C-index: 0.4924

Epoch 2
-------------------------------
loss: 3.404943  [   64/  677]
loss: 2.733739  [  256/  677]
loss: 2.935607  [  448/  677]
loss: 2.293435  [  640/  677]
Average Training Loss: 1.033429
Val Loss: 2.9071 | C-index: 0.5065

Epoch 3
-------------------------------
loss: 2.721578  [   64/  677]
loss: 2.799594  [  256/  677]
loss: 2.965319  [  448/  677]
loss: 2.835720  [  640/  677]
Average Training Loss: 1.029292
Val Loss: 2.8959 | C-index: 0.5407

Epoch 4
-------------------------------
loss: 3.147408  [   64/  677]
loss: 2.715586  [  256/  677]
loss: 2.471579  [  448/  677]
loss: 2.846470  [  640/  677]
Average Training Loss: 1.016458
Val Loss: 2.8785 | C-index: 0.5486

Epoch 5
-------------------------------
loss: 2.567424  [   64/  677]
loss: 3.077561  [  256/  677]
loss: 2.645876  [  448/  677]
loss: 2.472556  [  640/  677]
Average Training Loss: 0.978492
Val Loss: 2.8755 | C-index: 0.6188

Epoch 6
-------------------------------
loss: 2.395264  [   64/  677]
loss: 2.731034  [  256/  677]
loss: 2.301942  [  448/  677]
loss: 2.189256  [  640/  677]
Average Training Loss: 0.874318
Val Loss: 2.8538 | C-index: 0.6322

Epoch 7
-------------------------------
loss: 2.088650  [   64/  677]
loss: 2.507813  [  256/  677]
loss: 2.253516  [  448/  677]
loss: 2.830104  [  640/  677]
Average Training Loss: 0.880008
Val Loss: 2.8291 | C-index: 0.6637

Epoch 8
-------------------------------
loss: 2.080331  [   64/  677]
loss: 2.410540  [  256/  677]
loss: 1.817901  [  448/  677]
loss: 2.241631  [  640/  677]
Average Training Loss: 0.777309
Val Loss: 2.7777 | C-index: 0.6856

Epoch 9
-------------------------------
loss: 2.892218  [   64/  677]
loss: 2.308090  [  256/  677]
loss: 2.094943  [  448/  677]
loss: 2.293199  [  640/  677]
Average Training Loss: 0.871677
Val Loss: 2.7120 | C-index: 0.6996

Epoch 10
-------------------------------
loss: 2.197695  [   64/  677]
loss: 2.214795  [  256/  677]
loss: 2.458373  [  448/  677]
loss: 2.449250  [  640/  677]
Average Training Loss: 0.847283
Val Loss: 2.6726 | C-index: 0.7299

Epoch 11
-------------------------------
loss: 1.971974  [   64/  677]
loss: 2.286070  [  256/  677]
loss: 2.409878  [  448/  677]
loss: 2.460563  [  640/  677]
Average Training Loss: 0.829862
Val Loss: 2.6750 | C-index: 0.7294

Epoch 12
-------------------------------
loss: 2.483433  [   64/  677]
loss: 2.442880  [  256/  677]
loss: 2.385045  [  448/  677]
loss: 2.583263  [  640/  677]
Average Training Loss: 0.899511
Val Loss: 2.6890 | C-index: 0.7159

Epoch 13
-------------------------------
loss: 1.813236  [   64/  677]
loss: 2.006957  [  256/  677]
loss: 2.004152  [  448/  677]
loss: 2.401761  [  640/  677]
Average Training Loss: 0.747828
Val Loss: 2.6396 | C-index: 0.7232

Epoch 14
-------------------------------
loss: 2.140546  [   64/  677]
loss: 1.731905  [  256/  677]
loss: 2.511068  [  448/  677]
loss: 2.298030  [  640/  677]
Average Training Loss: 0.789232
Val Loss: 2.7046 | C-index: 0.6985

Epoch 15
-------------------------------
loss: 2.361796  [   64/  677]
loss: 2.588353  [  256/  677]
loss: 2.164640  [  448/  677]
loss: 2.061052  [  640/  677]
Average Training Loss: 0.834167
Val Loss: 2.7222 | C-index: 0.7451

Epoch 16
-------------------------------
loss: 2.152456  [   64/  677]
loss: 2.153389  [  256/  677]
loss: 2.062345  [  448/  677]
loss: 2.229351  [  640/  677]
Average Training Loss: 0.781595
Val Loss: 2.7115 | C-index: 0.6805

Epoch 17
-------------------------------
loss: 2.123364  [   64/  677]
loss: 2.039954  [  256/  677]
loss: 1.421235  [  448/  677]
loss: 2.206588  [  640/  677]
Average Training Loss: 0.708286
Val Loss: 2.6843 | C-index: 0.6968

Epoch 18
-------------------------------
loss: 2.406885  [   64/  677]
loss: 2.180060  [  256/  677]
loss: 1.889350  [  448/  677]
loss: 2.138484  [  640/  677]
Average Training Loss: 0.783162
Val Loss: 2.7423 | C-index: 0.7097

Epoch 19
-------------------------------
loss: 1.741333  [   64/  677]
loss: 2.205643  [  256/  677]
loss: 2.107087  [  448/  677]
loss: 2.018806  [  640/  677]
Average Training Loss: 0.733897
Val Loss: 2.7256 | C-index: 0.6990

Epoch 20
-------------------------------
loss: 2.229521  [   64/  677]
loss: 1.772929  [  256/  677]
loss: 1.551862  [  448/  677]
loss: 2.127955  [  640/  677]
Average Training Loss: 0.698388
Val Loss: 2.7405 | C-index: 0.6783

Stopping early at Epoch 20 since no C-Index improvement after 5 epochs.
Done!
Best C-Index = 0.7450870297585626 at Epoch 15

=========================================
FOLD 3/5
=========================================

Epoch 1
-------------------------------
loss: 2.917339  [   64/  678]
loss: 2.557778  [  256/  678]
loss: 3.492708  [  448/  678]
loss: 3.258342  [  640/  678]
Average Training Loss: 1.111470
Val Loss: 2.7862 | C-index: 0.4735

Epoch 2
-------------------------------
loss: 3.101964  [   64/  678]
loss: 2.480124  [  256/  678]
loss: 3.222318  [  448/  678]
loss: 3.034501  [  640/  678]
Average Training Loss: 1.076264
Val Loss: 2.7798 | C-index: 0.6855

Epoch 3
-------------------------------
loss: 2.542578  [   64/  678]
loss: 2.981129  [  256/  678]
loss: 2.919008  [  448/  678]
loss: 2.940936  [  640/  678]
Average Training Loss: 1.034877
Val Loss: 2.7682 | C-index: 0.6290

Epoch 4
-------------------------------
loss: 3.026068  [   64/  678]
loss: 2.973161  [  256/  678]
loss: 2.697524  [  448/  678]
loss: 2.633614  [  640/  678]
Average Training Loss: 1.030033
Val Loss: 2.7463 | C-index: 0.6111

Epoch 5
-------------------------------
loss: 3.209534  [   64/  678]
loss: 2.741881  [  256/  678]
loss: 2.726810  [  448/  678]
loss: 2.530419  [  640/  678]
Average Training Loss: 1.018968
Val Loss: 2.6766 | C-index: 0.6848

Epoch 6
-------------------------------
loss: 2.901116  [   64/  678]
loss: 2.638909  [  256/  678]
loss: 2.342739  [  448/  678]
loss: 2.678919  [  640/  678]
Average Training Loss: 0.960153
Val Loss: 2.6842 | C-index: 0.6573

Epoch 7
-------------------------------
loss: 2.398068  [   64/  678]
loss: 2.576220  [  256/  678]
loss: 2.271849  [  448/  678]
loss: 2.621385  [  640/  678]
Average Training Loss: 0.897047
Val Loss: 2.7001 | C-index: 0.6690

Stopping early at Epoch 7 since no C-Index improvement after 5 epochs.
Done!
Best C-Index = 0.6854783207157605 at Epoch 2

=========================================
FOLD 4/5
=========================================

Epoch 1
-------------------------------
loss: 3.545570  [   64/  678]
loss: 2.446253  [  256/  678]
loss: 3.103637  [  448/  678]
loss: 2.962216  [  640/  678]
Average Training Loss: 1.096152
Val Loss: 2.8334 | C-index: 0.4046

Epoch 2
-------------------------------
loss: 2.904717  [   64/  678]
loss: 2.995753  [  256/  678]
loss: 2.827879  [  448/  678]
loss: 2.958337  [  640/  678]
Average Training Loss: 1.062426
Val Loss: 2.8386 | C-index: 0.4168

Epoch 3
-------------------------------
loss: 2.842021  [   64/  678]
loss: 2.904626  [  256/  678]
loss: 3.065278  [  448/  678]
loss: 3.475245  [  640/  678]
Average Training Loss: 1.117015
Val Loss: 2.8671 | C-index: 0.4290

Epoch 4
-------------------------------
loss: 2.287283  [   64/  678]
loss: 2.489296  [  256/  678]
loss: 2.765903  [  448/  678]
loss: 2.785679  [  640/  678]
Average Training Loss: 0.938924
Val Loss: 2.8411 | C-index: 0.5130

Epoch 5
-------------------------------
loss: 1.911634  [   64/  678]
loss: 2.930434  [  256/  678]
loss: 3.022473  [  448/  678]
loss: 2.907459  [  640/  678]
Average Training Loss: 0.979273
Val Loss: 2.8499 | C-index: 0.5467

Epoch 6
-------------------------------
loss: 2.492105  [   64/  678]
loss: 2.106632  [  256/  678]
loss: 2.323662  [  448/  678]
loss: 3.435228  [  640/  678]
Average Training Loss: 0.941602
Val Loss: 2.8711 | C-index: 0.5548

Epoch 7
-------------------------------
loss: 2.225946  [   64/  678]
loss: 2.486736  [  256/  678]
loss: 2.474499  [  448/  678]
loss: 2.792626  [  640/  678]
Average Training Loss: 0.907255
Val Loss: 2.8496 | C-index: 0.6006

Epoch 8
-------------------------------
loss: 2.397113  [   64/  678]
loss: 2.326035  [  256/  678]
loss: 2.397046  [  448/  678]
loss: 2.016448  [  640/  678]
Average Training Loss: 0.830604
Val Loss: 2.8473 | C-index: 0.6087

Epoch 9
-------------------------------
loss: 2.052824  [   64/  678]
loss: 2.073103  [  256/  678]
loss: 2.160935  [  448/  678]
loss: 2.605641  [  640/  678]
Average Training Loss: 0.808409
Val Loss: 2.7895 | C-index: 0.6475

Epoch 10
-------------------------------
loss: 2.246453  [   64/  678]
loss: 2.157372  [  256/  678]
loss: 2.431230  [  448/  678]
loss: 2.492231  [  640/  678]
Average Training Loss: 0.847935
Val Loss: 2.8427 | C-index: 0.6261

Epoch 11
-------------------------------
loss: 2.305853  [   64/  678]
loss: 2.037086  [  256/  678]
loss: 3.008152  [  448/  678]
loss: 1.925234  [  640/  678]
Average Training Loss: 0.843302
Val Loss: 2.9036 | C-index: 0.6133

Epoch 12
-------------------------------
loss: 2.777687  [   64/  678]
loss: 2.019799  [  256/  678]
loss: 1.793028  [  448/  678]
loss: 2.024707  [  640/  678]
Average Training Loss: 0.783202
Val Loss: 2.9177 | C-index: 0.5948

Epoch 13
-------------------------------
loss: 1.987992  [   64/  678]
loss: 2.176819  [  256/  678]
loss: 2.054610  [  448/  678]
loss: 2.209275  [  640/  678]
Average Training Loss: 0.766245
Val Loss: 2.9315 | C-index: 0.5977

Epoch 14
-------------------------------
loss: 2.154047  [   64/  678]
loss: 1.988468  [  256/  678]
loss: 1.798173  [  448/  678]
loss: 2.123834  [  640/  678]
Average Training Loss: 0.733138
Val Loss: 2.9425 | C-index: 0.6736

Epoch 15
-------------------------------
loss: 1.896264  [   64/  678]
loss: 2.379933  [  256/  678]
loss: 2.078751  [  448/  678]
loss: 2.214410  [  640/  678]
Average Training Loss: 0.779032
Val Loss: 2.9710 | C-index: 0.5583

Epoch 16
-------------------------------
loss: 1.511075  [   64/  678]
loss: 2.382533  [  256/  678]
loss: 2.342886  [  448/  678]
loss: 2.310371  [  640/  678]
Average Training Loss: 0.776988
Val Loss: 2.9636 | C-index: 0.6151

Epoch 17
-------------------------------
loss: 1.807897  [   64/  678]
loss: 2.149484  [  256/  678]
loss: 1.978050  [  448/  678]
loss: 1.932226  [  640/  678]
Average Training Loss: 0.715242
Val Loss: 3.0306 | C-index: 0.5768

Epoch 18
-------------------------------
loss: 1.650830  [   64/  678]
loss: 2.332234  [  256/  678]
loss: 1.654138  [  448/  678]
loss: 2.176968  [  640/  678]
Average Training Loss: 0.710379
Val Loss: 2.9442 | C-index: 0.6197

Epoch 19
-------------------------------
loss: 1.926721  [   64/  678]
loss: 1.979334  [  256/  678]
loss: 1.839354  [  448/  678]
loss: 1.873446  [  640/  678]
Average Training Loss: 0.692623
Val Loss: 2.9495 | C-index: 0.6371

Stopping early at Epoch 19 since no C-Index improvement after 5 epochs.
Done!
Best C-Index = 0.673623188405797 at Epoch 14

=========================================
FOLD 5/5
=========================================

Epoch 1
-------------------------------
loss: 3.257230  [   64/  678]
loss: 2.767423  [  256/  678]
loss: 2.921240  [  448/  678]
loss: 2.661922  [  640/  678]
Average Training Loss: 1.055256
Val Loss: 2.8093 | C-index: 0.5552

Epoch 2
-------------------------------
loss: 3.271915  [   64/  678]
loss: 2.568519  [  256/  678]
loss: 3.091752  [  448/  678]
loss: 3.142707  [  640/  678]
Average Training Loss: 1.097718
Val Loss: 2.8138 | C-index: 0.5087

Epoch 3
-------------------------------
loss: 2.512685  [   64/  678]
loss: 2.758477  [  256/  678]
loss: 3.133379  [  448/  678]
loss: 2.859950  [  640/  678]
Average Training Loss: 1.024045
Val Loss: 2.8354 | C-index: 0.5222

Epoch 4
-------------------------------
loss: 3.109545  [   64/  678]
loss: 2.400827  [  256/  678]
loss: 2.814041  [  448/  678]
loss: 2.757754  [  640/  678]
Average Training Loss: 1.007470
Val Loss: 2.8588 | C-index: 0.5580

Epoch 5
-------------------------------
loss: 2.437293  [   64/  678]
loss: 3.168444  [  256/  678]
loss: 2.675176  [  448/  678]
loss: 2.128489  [  640/  678]
Average Training Loss: 0.946309
Val Loss: 2.8408 | C-index: 0.5945

Epoch 6
-------------------------------
loss: 2.601083  [   64/  678]
loss: 2.746653  [  256/  678]
loss: 2.913141  [  448/  678]
loss: 2.321311  [  640/  678]
Average Training Loss: 0.962017
Val Loss: 2.7375 | C-index: 0.6293

Epoch 7
-------------------------------
loss: 2.442608  [   64/  678]
loss: 2.911259  [  256/  678]
loss: 2.739045  [  448/  678]
loss: 2.042265  [  640/  678]
Average Training Loss: 0.921380
Val Loss: 2.7727 | C-index: 0.6164

Epoch 8
-------------------------------
loss: 2.209070  [   64/  678]
loss: 2.450064  [  256/  678]
loss: 2.217476  [  448/  678]
loss: 2.848549  [  640/  678]
Average Training Loss: 0.884105
Val Loss: 2.7548 | C-index: 0.5984

Epoch 9
-------------------------------
loss: 2.328136  [   64/  678]
loss: 2.248474  [  256/  678]
loss: 2.135802  [  448/  678]
loss: 2.222004  [  640/  678]
Average Training Loss: 0.812220
Val Loss: 2.7535 | C-index: 0.6068

Epoch 10
-------------------------------
loss: 2.103446  [   64/  678]
loss: 1.732061  [  256/  678]
loss: 2.458136  [  448/  678]
loss: 2.377905  [  640/  678]
Average Training Loss: 0.788323
Val Loss: 2.8248 | C-index: 0.5996

Epoch 11
-------------------------------
loss: 2.024369  [   64/  678]
loss: 2.395582  [  256/  678]
loss: 2.135264  [  448/  678]
loss: 2.090505  [  640/  678]
Average Training Loss: 0.785975
Val Loss: 2.7316 | C-index: 0.6057

Stopping early at Epoch 11 since no C-Index improvement after 5 epochs.
Done!
Best C-Index = 0.6292765002804263 at Epoch 6

=========================================
CV training complete! Mean ± std C-index: 0.6657 ± 0.0511
Best epochs per fold: [7, 15, 2, 14, 6]

=========================================
Retraining model on full train+val for 9 epochs...
Epoch 1
-------------------------------
loss: 3.137678  [   64/  847]
loss: 3.299686  [  320/  847]
loss: 2.743309  [  576/  847]
loss: 3.139056  [  832/  847]
Average Training Loss: 0.879981
Val Loss: 2.8439 | C-index: 0.6629

Epoch 2
-------------------------------
loss: 2.853749  [   64/  847]
loss: 2.363558  [  320/  847]
loss: 2.749912  [  576/  847]
loss: 3.173869  [  832/  847]
Average Training Loss: 0.795792
Val Loss: 2.8351 | C-index: 0.6995

Epoch 3
-------------------------------
loss: 2.740461  [   64/  847]
loss: 3.373829  [  320/  847]
loss: 2.874151  [  576/  847]
loss: 2.959235  [  832/  847]
Average Training Loss: 0.853405
Val Loss: 2.7441 | C-index: 0.7098

Epoch 4
-------------------------------
loss: 2.760238  [   64/  847]
loss: 3.168284  [  320/  847]
loss: 3.204039  [  576/  847]
loss: 2.516963  [  832/  847]
Average Training Loss: 0.832109
Val Loss: 2.5488 | C-index: 0.7368

Epoch 5
-------------------------------
loss: 2.948141  [   64/  847]
loss: 2.604257  [  320/  847]
loss: 2.890056  [  576/  847]
loss: 2.620541  [  832/  847]
Average Training Loss: 0.790214
Val Loss: 2.5532 | C-index: 0.8079

Epoch 6
-------------------------------
loss: 2.528872  [   64/  847]
loss: 2.871487  [  320/  847]
loss: 2.157121  [  576/  847]
loss: 2.586683  [  832/  847]
Average Training Loss: 0.724583
Val Loss: 2.3853 | C-index: 0.8562

Epoch 7
-------------------------------
loss: 2.271006  [   64/  847]
loss: 1.882170  [  320/  847]
loss: 2.697053  [  576/  847]
loss: 2.005113  [  832/  847]
Average Training Loss: 0.632524
Val Loss: 2.2612 | C-index: 0.8759

Epoch 8
-------------------------------
loss: 2.283175  [   64/  847]
loss: 2.174423  [  320/  847]
loss: 2.008508  [  576/  847]
loss: 2.326956  [  832/  847]
Average Training Loss: 0.628076
Val Loss: 2.2028 | C-index: 0.8889

Epoch 9
-------------------------------
loss: 2.212802  [   64/  847]
loss: 2.964108  [  320/  847]
loss: 2.175545  [  576/  847]
loss: 2.507034  [  832/  847]
Average Training Loss: 0.704249
Val Loss: 2.1450 | C-index: 0.9008

Done!
Best C-Index = 0.9007575571845351 at Epoch 9
FINAL TEST Average Loss: 2.4027
FINAL TEST C-index: 0.7458
Bootstrap 95% CI: [0.6390, 0.8407]
Top 10 activated pathways:
{'R-HSA-1181150': 0.058053258806467056, 'R-HSA-418457': 0.05468778684735298, 'R-HSA-9680350': 0.05182255432009697, 'R-HSA-5663084': 0.04947010055184364, 'R-HSA-8863678': 0.04884065315127373, 'R-HSA-9675126': 0.0486283041536808, 'R-HSA-416572': 0.04593685269355774, 'R-HSA-5673000': 0.044936470687389374, 'R-HSA-1250196': 0.044088710099458694, 'R-HSA-5676594': 0.043001480400562286}
Results saved to /Users/evan/Documents/GitHub/HyBINN/experiments/runs/binn/seed_4/results.json
