train_hybinn.py log started 2026-06-05 22:41:44.085100
=========================================
Model Active Branches: ['binn', 'gene']
=========================================

=========================================
FOLD 1/5
=========================================

Epoch 1
-------------------------------
loss: 2.736213  [   64/  677]
loss: 3.024721  [  256/  677]
loss: 3.469933  [  448/  677]
loss: 3.279314  [  640/  677]
Average Training Loss: 1.137289
Val Loss: 2.7077 | C-index: 0.5190

Epoch 2
-------------------------------
loss: 3.054218  [   64/  677]
loss: 2.843572  [  256/  677]
loss: 3.409232  [  448/  677]
loss: 2.475630  [  640/  677]
Average Training Loss: 1.071150
Val Loss: 2.6756 | C-index: 0.5516

Epoch 3
-------------------------------
loss: 3.031140  [   64/  677]
loss: 2.915679  [  256/  677]
loss: 2.839283  [  448/  677]
loss: 2.720253  [  640/  677]
Average Training Loss: 1.046032
Val Loss: 2.6278 | C-index: 0.6291

Epoch 4
-------------------------------
loss: 2.591367  [   64/  677]
loss: 2.873152  [  256/  677]
loss: 2.307994  [  448/  677]
loss: 2.068650  [  640/  677]
Average Training Loss: 0.894651
Val Loss: 2.5926 | C-index: 0.6529

Epoch 5
-------------------------------
loss: 1.936897  [   64/  677]
loss: 1.848849  [  256/  677]
loss: 1.384986  [  448/  677]
loss: 1.969813  [  640/  677]
Average Training Loss: 0.649140
Val Loss: 2.6815 | C-index: 0.6257

Epoch 6
-------------------------------
loss: 1.855975  [   64/  677]
loss: 1.401696  [  256/  677]
loss: 1.814087  [  448/  677]
loss: 2.185623  [  640/  677]
Average Training Loss: 0.659762
Val Loss: 2.9015 | C-index: 0.5829

Epoch 7
-------------------------------
loss: 1.789942  [   64/  677]
loss: 1.285761  [  256/  677]
loss: 2.059239  [  448/  677]
loss: 1.615085  [  640/  677]
Average Training Loss: 0.613639
Val Loss: 3.0325 | C-index: 0.5747

Epoch 8
-------------------------------
loss: 1.750214  [   64/  677]
loss: 1.342232  [  256/  677]
loss: 1.860315  [  448/  677]
loss: 1.417151  [  640/  677]
Average Training Loss: 0.579083
Val Loss: 2.9782 | C-index: 0.6352

Epoch 9
-------------------------------
loss: 1.419965  [   64/  677]
loss: 2.310064  [  256/  677]
loss: 1.288265  [  448/  677]
loss: 1.462382  [  640/  677]
Average Training Loss: 0.589152
Val Loss: 2.9373 | C-index: 0.5414

Stopping early at Epoch 9 since no C-Index improvement after 5 epochs.
Done!
Best C-Index = 0.6528532608695652 at Epoch 4

=========================================
FOLD 2/5
=========================================

Epoch 1
-------------------------------
loss: 2.883308  [   64/  677]
loss: 2.932719  [  256/  677]
loss: 2.891133  [  448/  677]
loss: 3.591290  [  640/  677]
Average Training Loss: 1.118041
Val Loss: 2.7589 | C-index: 0.5866

Epoch 2
-------------------------------
loss: 2.778057  [   64/  677]
loss: 2.823981  [  256/  677]
loss: 3.376186  [  448/  677]
loss: 2.876895  [  640/  677]
Average Training Loss: 1.077738
Val Loss: 2.7651 | C-index: 0.5818

Epoch 3
-------------------------------
loss: 2.552390  [   64/  677]
loss: 2.679674  [  256/  677]
loss: 2.927555  [  448/  677]
loss: 2.715871  [  640/  677]
Average Training Loss: 0.988681
Val Loss: 2.7201 | C-index: 0.6470

Epoch 4
-------------------------------
loss: 2.421808  [   64/  677]
loss: 2.274583  [  256/  677]
loss: 1.944008  [  448/  677]
loss: 2.564323  [  640/  677]
Average Training Loss: 0.836793
Val Loss: 2.7920 | C-index: 0.6117

Epoch 5
-------------------------------
loss: 2.732826  [   64/  677]
loss: 1.895659  [  256/  677]
loss: 1.732505  [  448/  677]
loss: 1.978994  [  640/  677]
Average Training Loss: 0.758180
Val Loss: 2.7428 | C-index: 0.6483

Epoch 6
-------------------------------
loss: 1.950343  [   64/  677]
loss: 1.134447  [  256/  677]
loss: 1.774154  [  448/  677]
loss: 2.235165  [  640/  677]
Average Training Loss: 0.644919
Val Loss: 3.0544 | C-index: 0.6307

Epoch 7
-------------------------------
loss: 1.349173  [   64/  677]
loss: 1.829240  [  256/  677]
loss: 1.447467  [  448/  677]
loss: 1.917076  [  640/  677]
Average Training Loss: 0.594814
Val Loss: 3.1628 | C-index: 0.5967

Epoch 8
-------------------------------
loss: 1.292346  [   64/  677]
loss: 1.611791  [  256/  677]
loss: 2.000187  [  448/  677]
loss: 1.886153  [  640/  677]
Average Training Loss: 0.617316
Val Loss: 3.6325 | C-index: 0.6314

Epoch 9
-------------------------------
loss: 1.146916  [   64/  677]
loss: 1.127841  [  256/  677]
loss: 1.705459  [  448/  677]
loss: 1.070382  [  640/  677]
Average Training Loss: 0.459145
Val Loss: 3.5529 | C-index: 0.6001

Epoch 10
-------------------------------
loss: 1.065189  [   64/  677]
loss: 2.134168  [  256/  677]
loss: 1.262138  [  448/  677]
loss: 1.578786  [  640/  677]
Average Training Loss: 0.549116
Val Loss: 3.6732 | C-index: 0.5682

Stopping early at Epoch 10 since no C-Index improvement after 5 epochs.
Done!
Best C-Index = 0.648336727766463 at Epoch 5

=========================================
FOLD 3/5
=========================================

Epoch 1
-------------------------------
loss: 3.314992  [   64/  678]
loss: 2.528517  [  256/  678]
loss: 3.176888  [  448/  678]
loss: 3.374344  [  640/  678]
Average Training Loss: 1.126795
Val Loss: 2.5133 | C-index: 0.5402

Epoch 2
-------------------------------
loss: 3.001479  [   64/  678]
loss: 2.816624  [  256/  678]
loss: 2.877012  [  448/  678]
loss: 3.467191  [  640/  678]
Average Training Loss: 1.105664
Val Loss: 2.4506 | C-index: 0.6275

Epoch 3
-------------------------------
loss: 2.901921  [   64/  678]
loss: 3.190358  [  256/  678]
loss: 2.486695  [  448/  678]
loss: 3.025815  [  640/  678]
Average Training Loss: 1.054981
Val Loss: 2.4226 | C-index: 0.5926

Epoch 4
-------------------------------
loss: 2.228289  [   64/  678]
loss: 2.801311  [  256/  678]
loss: 2.435401  [  448/  678]
loss: 2.573533  [  640/  678]
Average Training Loss: 0.912594
Val Loss: 2.4104 | C-index: 0.5759

Epoch 5
-------------------------------
loss: 1.723291  [   64/  678]
loss: 1.974241  [  256/  678]
loss: 2.550573  [  448/  678]
loss: 2.063750  [  640/  678]
Average Training Loss: 0.755623
Val Loss: 2.7111 | C-index: 0.6495

Epoch 6
-------------------------------
loss: 2.013423  [   64/  678]
loss: 1.681229  [  256/  678]
loss: 1.851586  [  448/  678]
loss: 1.796336  [  640/  678]
Average Training Loss: 0.667507
Val Loss: 2.3960 | C-index: 0.6199

Epoch 7
-------------------------------
loss: 1.072800  [   64/  678]
loss: 1.849084  [  256/  678]
loss: 1.775676  [  448/  678]
loss: 2.697734  [  640/  678]
Average Training Loss: 0.672300
Val Loss: 2.5394 | C-index: 0.6555

Epoch 8
-------------------------------
loss: 1.438684  [   64/  678]
loss: 1.794820  [  256/  678]
loss: 1.912115  [  448/  678]
loss: 1.585313  [  640/  678]
Average Training Loss: 0.611903
Val Loss: 2.4550 | C-index: 0.6624

Epoch 9
-------------------------------
loss: 1.203304  [   64/  678]
loss: 1.740956  [  256/  678]
loss: 2.202296  [  448/  678]
loss: 1.101091  [  640/  678]
Average Training Loss: 0.567968
Val Loss: 2.4653 | C-index: 0.6305

Epoch 10
-------------------------------
loss: 1.160068  [   64/  678]
loss: 1.177141  [  256/  678]
loss: 1.940736  [  448/  678]
loss: 0.935585  [  640/  678]
Average Training Loss: 0.473957
Val Loss: 2.6843 | C-index: 0.6335

Epoch 11
-------------------------------
loss: 0.540851  [   64/  678]
loss: 0.978887  [  256/  678]
loss: 2.315695  [  448/  678]
loss: 1.056762  [  640/  678]
Average Training Loss: 0.444745
Val Loss: 2.9156 | C-index: 0.6358

Epoch 12
-------------------------------
loss: 1.073805  [   64/  678]
loss: 3.076005  [  256/  678]
loss: 1.397609  [  448/  678]
loss: 1.795032  [  640/  678]
Average Training Loss: 0.667496
Val Loss: 2.6191 | C-index: 0.6419

Epoch 13
-------------------------------
loss: 1.244596  [   64/  678]
loss: 1.804197  [  256/  678]
loss: 1.501426  [  448/  678]
loss: 1.552448  [  640/  678]
Average Training Loss: 0.554788
Val Loss: 2.4856 | C-index: 0.6525

Stopping early at Epoch 13 since no C-Index improvement after 5 epochs.
Done!
Best C-Index = 0.6623672230652504 at Epoch 8

=========================================
FOLD 4/5
=========================================

Epoch 1
-------------------------------
loss: 2.796260  [   64/  678]
loss: 2.700396  [  256/  678]
loss: 2.849142  [  448/  678]
loss: 2.863228  [  640/  678]
Average Training Loss: 1.019002
Val Loss: 3.0090 | C-index: 0.4634

Epoch 2
-------------------------------
loss: 2.432149  [   64/  678]
loss: 2.341365  [  256/  678]
loss: 2.569293  [  448/  678]
loss: 3.152504  [  640/  678]
Average Training Loss: 0.954119
Val Loss: 3.0373 | C-index: 0.4711

Epoch 3
-------------------------------
loss: 2.859660  [   64/  678]
loss: 2.740661  [  256/  678]
loss: 2.825313  [  448/  678]
loss: 2.449981  [  640/  678]
Average Training Loss: 0.988692
Val Loss: 2.9486 | C-index: 0.5896

Epoch 4
-------------------------------
loss: 2.259199  [   64/  678]
loss: 2.441487  [  256/  678]
loss: 2.203819  [  448/  678]
loss: 2.307622  [  640/  678]
Average Training Loss: 0.837466
Val Loss: 2.8989 | C-index: 0.5557

Epoch 5
-------------------------------
loss: 2.089181  [   64/  678]
loss: 2.285658  [  256/  678]
loss: 2.628445  [  448/  678]
loss: 1.509897  [  640/  678]
Average Training Loss: 0.773926
Val Loss: 3.0777 | C-index: 0.5378

Epoch 6
-------------------------------
loss: 1.562828  [   64/  678]
loss: 1.974557  [  256/  678]
loss: 1.651116  [  448/  678]
loss: 1.651483  [  640/  678]
Average Training Loss: 0.621817
Val Loss: 2.9379 | C-index: 0.6337

Epoch 7
-------------------------------
loss: 1.927721  [   64/  678]
loss: 1.437816  [  256/  678]
loss: 1.523435  [  448/  678]
loss: 0.653503  [  640/  678]
Average Training Loss: 0.503861
Val Loss: 3.1149 | C-index: 0.6027

Epoch 8
-------------------------------
loss: 0.658177  [   64/  678]
loss: 1.046067  [  256/  678]
loss: 1.095529  [  448/  678]
loss: 1.499491  [  640/  678]
Average Training Loss: 0.390842
Val Loss: 3.2897 | C-index: 0.6379

Epoch 9
-------------------------------
loss: 1.729272  [   64/  678]
loss: 0.830955  [  256/  678]
loss: 1.589116  [  448/  678]
loss: 1.350652  [  640/  678]
Average Training Loss: 0.500000
Val Loss: 3.4604 | C-index: 0.5491

Epoch 10
-------------------------------
loss: 1.188616  [   64/  678]
loss: 1.049478  [  256/  678]
loss: 1.796900  [  448/  678]
loss: 1.789176  [  640/  678]
Average Training Loss: 0.529470
Val Loss: 3.1987 | C-index: 0.6474

Epoch 11
-------------------------------
loss: 1.470050  [   64/  678]
loss: 1.301612  [  256/  678]
loss: 1.594137  [  448/  678]
loss: 0.934161  [  640/  678]
Average Training Loss: 0.481814
Val Loss: 3.3026 | C-index: 0.6164

Epoch 12
-------------------------------
loss: 1.170731  [   64/  678]
loss: 0.996774  [  256/  678]
loss: 1.244208  [  448/  678]
loss: 1.632687  [  640/  678]
Average Training Loss: 0.458582
Val Loss: 3.0241 | C-index: 0.6540

Epoch 13
-------------------------------
loss: 0.892304  [   64/  678]
loss: 1.234619  [  256/  678]
loss: 0.705826  [  448/  678]
loss: 1.025577  [  640/  678]
Average Training Loss: 0.350757
Val Loss: 3.3469 | C-index: 0.6528

Epoch 14
-------------------------------
loss: 1.529664  [   64/  678]
loss: 1.316092  [  256/  678]
loss: 1.726282  [  448/  678]
loss: 1.132766  [  640/  678]
Average Training Loss: 0.518619
Val Loss: 3.2333 | C-index: 0.6236

Epoch 15
-------------------------------
loss: 0.628053  [   64/  678]
loss: 1.547886  [  256/  678]
loss: 1.005020  [  448/  678]
loss: 0.841450  [  640/  678]
Average Training Loss: 0.365674
Val Loss: 3.2922 | C-index: 0.6045

Epoch 16
-------------------------------
loss: 0.604755  [   64/  678]
loss: 1.311851  [  256/  678]
loss: 0.447899  [  448/  678]
loss: 1.664316  [  640/  678]
Average Training Loss: 0.366256
Val Loss: 3.4683 | C-index: 0.6164

Epoch 17
-------------------------------
loss: 0.829843  [   64/  678]
loss: 1.115167  [  256/  678]
loss: 0.996364  [  448/  678]
loss: 1.742728  [  640/  678]
Average Training Loss: 0.425828
Val Loss: 3.2690 | C-index: 0.6278

Stopping early at Epoch 17 since no C-Index improvement after 5 epochs.
Done!
Best C-Index = 0.653960690887433 at Epoch 12

=========================================
FOLD 5/5
=========================================

Epoch 1
-------------------------------
loss: 2.726648  [   64/  678]
loss: 2.348091  [  256/  678]
loss: 3.466877  [  448/  678]
loss: 2.960285  [  640/  678]
Average Training Loss: 1.045627
Val Loss: 3.0629 | C-index: 0.5335

Epoch 2
-------------------------------
loss: 3.088470  [   64/  678]
loss: 2.662744  [  256/  678]
loss: 2.938769  [  448/  678]
loss: 2.311878  [  640/  678]
Average Training Loss: 1.000169
Val Loss: 3.0714 | C-index: 0.5118

Epoch 3
-------------------------------
loss: 2.046771  [   64/  678]
loss: 2.357961  [  256/  678]
loss: 2.475552  [  448/  678]
loss: 2.416337  [  640/  678]
Average Training Loss: 0.845147
Val Loss: 2.9850 | C-index: 0.5285

Epoch 4
-------------------------------
loss: 1.665806  [   64/  678]
loss: 2.401546  [  256/  678]
loss: 1.914519  [  448/  678]
loss: 1.726639  [  640/  678]
Average Training Loss: 0.700774
Val Loss: 3.0160 | C-index: 0.6020

Epoch 5
-------------------------------
loss: 1.963021  [   64/  678]
loss: 1.692497  [  256/  678]
loss: 2.021657  [  448/  678]
loss: 1.664900  [  640/  678]
Average Training Loss: 0.667461
Val Loss: 3.4420 | C-index: 0.5692

Epoch 6
-------------------------------
loss: 1.235292  [   64/  678]
loss: 1.612602  [  256/  678]
loss: 1.556274  [  448/  678]
loss: 1.457182  [  640/  678]
Average Training Loss: 0.532850
Val Loss: 3.6334 | C-index: 0.5956

Epoch 7
-------------------------------
loss: 0.837133  [   64/  678]
loss: 1.311199  [  256/  678]
loss: 1.326597  [  448/  678]
loss: 1.417363  [  640/  678]
Average Training Loss: 0.444754
Val Loss: 3.3961 | C-index: 0.6377

Epoch 8
-------------------------------
loss: 1.356839  [   64/  678]
loss: 1.371692  [  256/  678]
loss: 1.296819  [  448/  678]
loss: 1.546438  [  640/  678]
Average Training Loss: 0.506526
Val Loss: 3.8367 | C-index: 0.5581

Epoch 9
-------------------------------
loss: 0.942304  [   64/  678]
loss: 1.099605  [  256/  678]
loss: 0.757857  [  448/  678]
loss: 1.223430  [  640/  678]
Average Training Loss: 0.365745
Val Loss: 3.7989 | C-index: 0.6108

Epoch 10
-------------------------------
loss: 1.243958  [   64/  678]
loss: 1.040405  [  256/  678]
loss: 1.334683  [  448/  678]
loss: 2.099368  [  640/  678]
Average Training Loss: 0.519856
Val Loss: 3.5334 | C-index: 0.6381

Epoch 11
-------------------------------
loss: 1.527092  [   64/  678]
loss: 1.313316  [  256/  678]
loss: 1.154937  [  448/  678]
loss: 0.864942  [  640/  678]
Average Training Loss: 0.441844
Val Loss: 3.6374 | C-index: 0.6067

Epoch 12
-------------------------------
loss: 1.345472  [   64/  678]
loss: 0.551035  [  256/  678]
loss: 1.327789  [  448/  678]
loss: 2.062900  [  640/  678]
Average Training Loss: 0.480654
Val Loss: 3.6126 | C-index: 0.6631

Epoch 13
-------------------------------
loss: 0.797134  [   64/  678]
loss: 1.111592  [  256/  678]
loss: 1.527381  [  448/  678]
loss: 0.759458  [  640/  678]
Average Training Loss: 0.381415
Val Loss: 3.8148 | C-index: 0.6428

Epoch 14
-------------------------------
loss: 0.900507  [   64/  678]
loss: 1.010999  [  256/  678]
loss: 0.594249  [  448/  678]
loss: 2.345727  [  640/  678]
Average Training Loss: 0.441044
Val Loss: 3.5216 | C-index: 0.6437

Epoch 15
-------------------------------
loss: 0.808484  [   64/  678]
loss: 1.321572  [  256/  678]
loss: 1.116132  [  448/  678]
loss: 1.075259  [  640/  678]
Average Training Loss: 0.392859
Val Loss: 3.9929 | C-index: 0.6307

Epoch 16
-------------------------------
loss: 1.066087  [   64/  678]
loss: 1.347747  [  256/  678]
loss: 0.384370  [  448/  678]
loss: 0.924980  [  640/  678]
Average Training Loss: 0.338471
Val Loss: 3.7656 | C-index: 0.6622

Epoch 17
-------------------------------
loss: 0.610265  [   64/  678]
loss: 0.689445  [  256/  678]
loss: 1.132639  [  448/  678]
loss: 0.605132  [  640/  678]
Average Training Loss: 0.276135
Val Loss: 4.0950 | C-index: 0.6617

Stopping early at Epoch 17 since no C-Index improvement after 5 epochs.
Done!
Best C-Index = 0.6631189264229523 at Epoch 12

=========================================
CV training complete! Mean ± std C-index: 0.6561 ± 0.0057
Best epochs per fold: [4, 5, 8, 12, 12]

=========================================
Retraining model on full train+val for 8 epochs...
Epoch 1
-------------------------------
loss: 3.121334  [   64/  847]
loss: 3.132137  [  320/  847]
loss: 2.184545  [  576/  847]
loss: 2.776731  [  832/  847]
Average Training Loss: 0.801053
Val Loss: 2.7991 | C-index: 0.6259

Epoch 2
-------------------------------
loss: 2.874398  [   64/  847]
loss: 2.687867  [  320/  847]
loss: 3.312973  [  576/  847]
loss: 2.605595  [  832/  847]
Average Training Loss: 0.820060
Val Loss: 2.6856 | C-index: 0.7226

Epoch 3
-------------------------------
loss: 2.704562  [   64/  847]
loss: 3.175204  [  320/  847]
loss: 2.771143  [  576/  847]
loss: 2.739077  [  832/  847]
Average Training Loss: 0.813570
Val Loss: 2.3404 | C-index: 0.8428

Epoch 4
-------------------------------
loss: 2.789360  [   64/  847]
loss: 2.506027  [  320/  847]
loss: 2.552467  [  576/  847]
loss: 2.328079  [  832/  847]
Average Training Loss: 0.726852
Val Loss: 1.8963 | C-index: 0.8811

Epoch 5
-------------------------------
loss: 2.208930  [   64/  847]
loss: 2.032564  [  320/  847]
loss: 2.065209  [  576/  847]
loss: 2.004807  [  832/  847]
Average Training Loss: 0.593679
Val Loss: 1.4609 | C-index: 0.9476

Epoch 6
-------------------------------
loss: 1.743485  [   64/  847]
loss: 2.009704  [  320/  847]
loss: 1.185067  [  576/  847]
loss: 1.995763  [  832/  847]
Average Training Loss: 0.495287
Val Loss: 1.2483 | C-index: 0.9656

Epoch 7
-------------------------------
loss: 1.816720  [   64/  847]
loss: 1.903102  [  320/  847]
loss: 1.188048  [  576/  847]
loss: 1.808249  [  832/  847]
Average Training Loss: 0.479723
Val Loss: 1.2401 | C-index: 0.9638

Epoch 8
-------------------------------
loss: 0.837677  [   64/  847]
loss: 1.595142  [  320/  847]
loss: 2.333087  [  576/  847]
loss: 1.682730  [  832/  847]
Average Training Loss: 0.460617
Val Loss: 1.2849 | C-index: 0.9548

Done!
Best C-Index = 0.9655783468867581 at Epoch 6
FINAL TEST Average Loss: 2.6734
FINAL TEST C-index: 0.7256
Bootstrap 95% CI: [0.6307, 0.8189]
Top 10 activated pathways:
{'R-HSA-9841251': 0.06236431375145912, 'R-HSA-9680350': 0.04703599587082863, 'R-HSA-2024101': 0.043138302862644196, 'R-HSA-1227990': 0.04219618812203407, 'R-HSA-4608870': 0.04117212072014809, 'R-HSA-912631': 0.04091048240661621, 'R-HSA-198753': 0.03665924817323685, 'R-HSA-8849932': 0.036206964403390884, 'R-HSA-912526': 0.0359991118311882, 'R-HSA-9843743': 0.03568868339061737}
Results saved to /Users/evan/Documents/GitHub/HyBINN/experiments/runs/binn_gene/seed_6/results.json
