train_hybinn.py log started 2026-06-05 21:40:31.735978
=========================================
Model Active Branches: ['binn', 'clinical']
=========================================

=========================================
FOLD 1/5
=========================================

Epoch 1
-------------------------------
loss: 2.886917  [   64/  677]
loss: 2.767831  [  256/  677]
loss: 3.273006  [  448/  677]
loss: 3.007332  [  640/  677]
Average Training Loss: 1.085008
Val Loss: 2.7283 | C-index: 0.6532

Epoch 2
-------------------------------
loss: 2.920710  [   64/  677]
loss: 2.454401  [  256/  677]
loss: 2.805099  [  448/  677]
loss: 3.329854  [  640/  677]
Average Training Loss: 1.046369
Val Loss: 2.7244 | C-index: 0.6538

Epoch 3
-------------------------------
loss: 2.445308  [   64/  677]
loss: 2.993742  [  256/  677]
loss: 3.143725  [  448/  677]
loss: 3.202122  [  640/  677]
Average Training Loss: 1.071354
Val Loss: 2.7166 | C-index: 0.6214

Epoch 4
-------------------------------
loss: 3.423182  [   64/  677]
loss: 3.066648  [  256/  677]
loss: 3.005808  [  448/  677]
loss: 2.576662  [  640/  677]
Average Training Loss: 1.097482
Val Loss: 2.7011 | C-index: 0.6202

Epoch 5
-------------------------------
loss: 3.387309  [   64/  677]
loss: 2.974123  [  256/  677]
loss: 2.829010  [  448/  677]
loss: 3.027759  [  640/  677]
Average Training Loss: 1.110746
Val Loss: 2.6780 | C-index: 0.6618

Epoch 6
-------------------------------
loss: 2.736976  [   64/  677]
loss: 2.939087  [  256/  677]
loss: 3.105285  [  448/  677]
loss: 2.880015  [  640/  677]
Average Training Loss: 1.060124
Val Loss: 2.6264 | C-index: 0.7272

Epoch 7
-------------------------------
loss: 2.475100  [   64/  677]
loss: 2.848777  [  256/  677]
loss: 2.677466  [  448/  677]
loss: 2.240875  [  640/  677]
Average Training Loss: 0.931111
Val Loss: 2.6192 | C-index: 0.6578

Epoch 8
-------------------------------
loss: 2.737381  [   64/  677]
loss: 3.104345  [  256/  677]
loss: 2.438866  [  448/  677]
loss: 2.695718  [  640/  677]
Average Training Loss: 0.997846
Val Loss: 2.6153 | C-index: 0.7318

Epoch 9
-------------------------------
loss: 2.544216  [   64/  677]
loss: 2.689711  [  256/  677]
loss: 2.548909  [  448/  677]
loss: 2.702417  [  640/  677]
Average Training Loss: 0.953205
Val Loss: 2.6225 | C-index: 0.7116

Epoch 10
-------------------------------
loss: 2.391448  [   64/  677]
loss: 2.711893  [  256/  677]
loss: 2.438251  [  448/  677]
loss: 2.739151  [  640/  677]
Average Training Loss: 0.934613
Val Loss: 2.5929 | C-index: 0.7491

Epoch 11
-------------------------------
loss: 2.512558  [   64/  677]
loss: 2.462142  [  256/  677]
loss: 2.813381  [  448/  677]
loss: 2.580837  [  640/  677]
Average Training Loss: 0.942629
Val Loss: 2.6025 | C-index: 0.7451

Epoch 12
-------------------------------
loss: 2.205450  [   64/  677]
loss: 2.610583  [  256/  677]
loss: 2.742797  [  448/  677]
loss: 2.466300  [  640/  677]
Average Training Loss: 0.911375
Val Loss: 2.6293 | C-index: 0.7341

Epoch 13
-------------------------------
loss: 2.398745  [   64/  677]
loss: 2.451995  [  256/  677]
loss: 2.642049  [  448/  677]
loss: 3.003570  [  640/  677]
Average Training Loss: 0.954215
Val Loss: 2.6360 | C-index: 0.6948

Epoch 14
-------------------------------
loss: 2.402458  [   64/  677]
loss: 2.495619  [  256/  677]
loss: 2.441190  [  448/  677]
loss: 2.302236  [  640/  677]
Average Training Loss: 0.876500
Val Loss: 2.6365 | C-index: 0.7127

Epoch 15
-------------------------------
loss: 2.447574  [   64/  677]
loss: 2.562857  [  256/  677]
loss: 2.154239  [  448/  677]
loss: 2.496606  [  640/  677]
Average Training Loss: 0.878298
Val Loss: 2.6559 | C-index: 0.7046

Stopping early at Epoch 15 since no C-Index improvement after 5 epochs.
Done!
Best C-Index = 0.7491329479768786 at Epoch 10

=========================================
FOLD 2/5
=========================================

Epoch 1
-------------------------------
loss: 2.736389  [   64/  677]
loss: 3.128830  [  256/  677]
loss: 3.166734  [  448/  677]
loss: 3.029189  [  640/  677]
Average Training Loss: 1.096468
Val Loss: 2.4381 | C-index: 0.6918

Epoch 2
-------------------------------
loss: 3.359996  [   64/  677]
loss: 3.098733  [  256/  677]
loss: 3.169106  [  448/  677]
loss: 3.093594  [  640/  677]
Average Training Loss: 1.156494
Val Loss: 2.4360 | C-index: 0.6662

Epoch 3
-------------------------------
loss: 2.992122  [   64/  677]
loss: 3.120531  [  256/  677]
loss: 3.093122  [  448/  677]
loss: 2.856824  [  640/  677]
Average Training Loss: 1.096600
Val Loss: 2.4298 | C-index: 0.6469

Epoch 4
-------------------------------
loss: 3.298047  [   64/  677]
loss: 2.717103  [  256/  677]
loss: 3.296871  [  448/  677]
loss: 3.061183  [  640/  677]
Average Training Loss: 1.124837
Val Loss: 2.4145 | C-index: 0.6482

Epoch 5
-------------------------------
loss: 2.851548  [   64/  677]
loss: 3.020690  [  256/  677]
loss: 2.820578  [  448/  677]
loss: 3.009530  [  640/  677]
Average Training Loss: 1.063850
Val Loss: 2.3954 | C-index: 0.6503

Epoch 6
-------------------------------
loss: 2.994492  [   64/  677]
loss: 2.596908  [  256/  677]
loss: 2.886266  [  448/  677]
loss: 2.585107  [  640/  677]
Average Training Loss: 1.005707
Val Loss: 2.3431 | C-index: 0.7194

Epoch 7
-------------------------------
loss: 2.869592  [   64/  677]
loss: 2.606475  [  256/  677]
loss: 2.880743  [  448/  677]
loss: 2.839081  [  640/  677]
Average Training Loss: 1.017808
Val Loss: 2.3444 | C-index: 0.7450

Epoch 8
-------------------------------
loss: 3.204065  [   64/  677]
loss: 2.205985  [  256/  677]
loss: 2.745193  [  448/  677]
loss: 2.768552  [  640/  677]
Average Training Loss: 0.993072
Val Loss: 2.3325 | C-index: 0.7415

Epoch 9
-------------------------------
loss: 2.885795  [   64/  677]
loss: 2.699176  [  256/  677]
loss: 2.151982  [  448/  677]
loss: 2.754734  [  640/  677]
Average Training Loss: 0.953790
Val Loss: 2.3415 | C-index: 0.7249

Epoch 10
-------------------------------
loss: 2.663945  [   64/  677]
loss: 2.593155  [  256/  677]
loss: 2.852632  [  448/  677]
loss: 2.927372  [  640/  677]
Average Training Loss: 1.003373
Val Loss: 2.3010 | C-index: 0.7671

Epoch 11
-------------------------------
loss: 2.349877  [   64/  677]
loss: 2.431155  [  256/  677]
loss: 2.789172  [  448/  677]
loss: 2.831766  [  640/  677]
Average Training Loss: 0.945634
Val Loss: 2.3781 | C-index: 0.7229

Epoch 12
-------------------------------
loss: 2.772058  [   64/  677]
loss: 2.666289  [  256/  677]
loss: 2.572318  [  448/  677]
loss: 2.500389  [  640/  677]
Average Training Loss: 0.955550
Val Loss: 2.3211 | C-index: 0.7706

Epoch 13
-------------------------------
loss: 1.919184  [   64/  677]
loss: 2.665561  [  256/  677]
loss: 2.509370  [  448/  677]
loss: 1.877897  [  640/  677]
Average Training Loss: 0.815637
Val Loss: 2.3204 | C-index: 0.7595

Epoch 14
-------------------------------
loss: 2.298778  [   64/  677]
loss: 2.392807  [  256/  677]
loss: 2.425341  [  448/  677]
loss: 2.881035  [  640/  677]
Average Training Loss: 0.908905
Val Loss: 2.3435 | C-index: 0.7602

Epoch 15
-------------------------------
loss: 2.116027  [   64/  677]
loss: 2.264809  [  256/  677]
loss: 2.669436  [  448/  677]
loss: 2.218150  [  640/  677]
Average Training Loss: 0.842584
Val Loss: 2.3450 | C-index: 0.7512

Epoch 16
-------------------------------
loss: 2.592293  [   64/  677]
loss: 2.399798  [  256/  677]
loss: 2.133529  [  448/  677]
loss: 2.497011  [  640/  677]
Average Training Loss: 0.874785
Val Loss: 2.3540 | C-index: 0.7782

Epoch 17
-------------------------------
loss: 2.297828  [   64/  677]
loss: 2.321223  [  256/  677]
loss: 2.189508  [  448/  677]
loss: 2.193019  [  640/  677]
Average Training Loss: 0.818325
Val Loss: 2.2698 | C-index: 0.7892

Epoch 18
-------------------------------
loss: 2.033457  [   64/  677]
loss: 2.603578  [  256/  677]
loss: 2.090219  [  448/  677]
loss: 2.467580  [  640/  677]
Average Training Loss: 0.835894
Val Loss: 2.2996 | C-index: 0.7726

Epoch 19
-------------------------------
loss: 2.592776  [   64/  677]
loss: 2.321798  [  256/  677]
loss: 1.774487  [  448/  677]
loss: 2.704597  [  640/  677]
Average Training Loss: 0.853969
Val Loss: 2.2786 | C-index: 0.7906

Epoch 20
-------------------------------
loss: 1.436440  [   64/  677]
loss: 2.093616  [  256/  677]
loss: 2.436020  [  448/  677]
loss: 2.029984  [  640/  677]
Average Training Loss: 0.726915
Val Loss: 2.2320 | C-index: 0.7844

Epoch 21
-------------------------------
loss: 2.460068  [   64/  677]
loss: 2.336823  [  256/  677]
loss: 2.333956  [  448/  677]
loss: 2.285988  [  640/  677]
Average Training Loss: 0.856076
Val Loss: 2.3889 | C-index: 0.7678

Epoch 22
-------------------------------
loss: 2.259284  [   64/  677]
loss: 2.039781  [  256/  677]
loss: 2.264316  [  448/  677]
loss: 2.018243  [  640/  677]
Average Training Loss: 0.780148
Val Loss: 2.3957 | C-index: 0.7595

Epoch 23
-------------------------------
loss: 2.428309  [   64/  677]
loss: 2.238607  [  256/  677]
loss: 1.790723  [  448/  677]
loss: 2.222788  [  640/  677]
Average Training Loss: 0.789130
Val Loss: 2.3498 | C-index: 0.7685

Epoch 24
-------------------------------
loss: 1.964414  [   64/  677]
loss: 2.555087  [  256/  677]
loss: 2.298666  [  448/  677]
loss: 1.755425  [  640/  677]
Average Training Loss: 0.779417
Val Loss: 2.3399 | C-index: 0.7871

Stopping early at Epoch 24 since no C-Index improvement after 5 epochs.
Done!
Best C-Index = 0.7906012439530062 at Epoch 19

=========================================
FOLD 3/5
=========================================

Epoch 1
-------------------------------
loss: 2.929714  [   64/  678]
loss: 3.248624  [  256/  678]
loss: 2.940326  [  448/  678]
loss: 3.046400  [  640/  678]
Average Training Loss: 1.105915
Val Loss: 2.8373 | C-index: 0.6480

Epoch 2
-------------------------------
loss: 2.937471  [   64/  678]
loss: 2.845762  [  256/  678]
loss: 2.903534  [  448/  678]
loss: 2.896930  [  640/  678]
Average Training Loss: 1.053063
Val Loss: 2.8305 | C-index: 0.6638

Epoch 3
-------------------------------
loss: 3.545678  [   64/  678]
loss: 2.901496  [  256/  678]
loss: 2.960971  [  448/  678]
loss: 3.188851  [  640/  678]
Average Training Loss: 1.145181
Val Loss: 2.8169 | C-index: 0.6707

Epoch 4
-------------------------------
loss: 3.471086  [   64/  678]
loss: 2.771749  [  256/  678]
loss: 2.897458  [  448/  678]
loss: 2.749190  [  640/  678]
Average Training Loss: 1.080862
Val Loss: 2.7898 | C-index: 0.6772

Epoch 5
-------------------------------
loss: 2.631280  [   64/  678]
loss: 2.820985  [  256/  678]
loss: 2.958480  [  448/  678]
loss: 2.588093  [  640/  678]
Average Training Loss: 0.999894
Val Loss: 2.7659 | C-index: 0.6853

Epoch 6
-------------------------------
loss: 2.900559  [   64/  678]
loss: 2.918082  [  256/  678]
loss: 2.933748  [  448/  678]
loss: 2.736899  [  640/  678]
Average Training Loss: 1.044481
Val Loss: 2.7418 | C-index: 0.6911

Epoch 7
-------------------------------
loss: 2.461221  [   64/  678]
loss: 2.534683  [  256/  678]
loss: 2.048368  [  448/  678]
loss: 2.569990  [  640/  678]
Average Training Loss: 0.874024
Val Loss: 2.7243 | C-index: 0.6882

Epoch 8
-------------------------------
loss: 2.589547  [   64/  678]
loss: 2.504956  [  256/  678]
loss: 2.686797  [  448/  678]
loss: 2.274172  [  640/  678]
Average Training Loss: 0.914134
Val Loss: 2.7005 | C-index: 0.6964

Epoch 9
-------------------------------
loss: 2.572824  [   64/  678]
loss: 2.462327  [  256/  678]
loss: 2.090459  [  448/  678]
loss: 2.346981  [  640/  678]
Average Training Loss: 0.861145
Val Loss: 2.6923 | C-index: 0.6958

Epoch 10
-------------------------------
loss: 2.293342  [   64/  678]
loss: 2.651521  [  256/  678]
loss: 2.417790  [  448/  678]
loss: 2.427983  [  640/  678]
Average Training Loss: 0.890058
Val Loss: 2.6959 | C-index: 0.7092

Epoch 11
-------------------------------
loss: 2.273142  [   64/  678]
loss: 2.594269  [  256/  678]
loss: 2.434390  [  448/  678]
loss: 2.479954  [  640/  678]
Average Training Loss: 0.889250
Val Loss: 2.7221 | C-index: 0.6900

Epoch 12
-------------------------------
loss: 2.511763  [   64/  678]
loss: 2.187669  [  256/  678]
loss: 2.399238  [  448/  678]
loss: 2.580313  [  640/  678]
Average Training Loss: 0.879907
Val Loss: 2.7160 | C-index: 0.7028

Epoch 13
-------------------------------
loss: 2.575848  [   64/  678]
loss: 1.894974  [  256/  678]
loss: 1.976734  [  448/  678]
loss: 2.344793  [  640/  678]
Average Training Loss: 0.799304
Val Loss: 2.7177 | C-index: 0.6876

Epoch 14
-------------------------------
loss: 1.879188  [   64/  678]
loss: 2.528826  [  256/  678]
loss: 1.988447  [  448/  678]
loss: 2.584028  [  640/  678]
Average Training Loss: 0.816408
Val Loss: 2.7045 | C-index: 0.7110

Epoch 15
-------------------------------
loss: 2.163709  [   64/  678]
loss: 2.672645  [  256/  678]
loss: 2.562971  [  448/  678]
loss: 2.235433  [  640/  678]
Average Training Loss: 0.875887
Val Loss: 2.7227 | C-index: 0.6923

Epoch 16
-------------------------------
loss: 2.254337  [   64/  678]
loss: 2.115558  [  256/  678]
loss: 2.244656  [  448/  678]
loss: 2.281260  [  640/  678]
Average Training Loss: 0.808710
Val Loss: 2.7507 | C-index: 0.6824

Epoch 17
-------------------------------
loss: 2.104653  [   64/  678]
loss: 2.287698  [  256/  678]
loss: 2.012521  [  448/  678]
loss: 2.231854  [  640/  678]
Average Training Loss: 0.785157
Val Loss: 2.7504 | C-index: 0.6859

Epoch 18
-------------------------------
loss: 2.568696  [   64/  678]
loss: 2.075286  [  256/  678]
loss: 2.109966  [  448/  678]
loss: 1.977722  [  640/  678]
Average Training Loss: 0.793788
Val Loss: 2.6960 | C-index: 0.6900

Epoch 19
-------------------------------
loss: 2.283983  [   64/  678]
loss: 2.083333  [  256/  678]
loss: 2.244633  [  448/  678]
loss: 2.276974  [  640/  678]
Average Training Loss: 0.808084
Val Loss: 2.7647 | C-index: 0.6725

Stopping early at Epoch 19 since no C-Index improvement after 5 epochs.
Done!
Best C-Index = 0.710955710955711 at Epoch 14

=========================================
FOLD 4/5
=========================================

Epoch 1
-------------------------------
loss: 2.899355  [   64/  678]
loss: 3.571173  [  256/  678]
loss: 2.881063  [  448/  678]
loss: 2.815873  [  640/  678]
Average Training Loss: 1.106133
Val Loss: 2.6514 | C-index: 0.5517

Epoch 2
-------------------------------
loss: 2.805504  [   64/  678]
loss: 3.042061  [  256/  678]
loss: 3.578783  [  448/  678]
loss: 3.079080  [  640/  678]
Average Training Loss: 1.136857
Val Loss: 2.6484 | C-index: 0.6429

Epoch 3
-------------------------------
loss: 2.832264  [   64/  678]
loss: 3.186987  [  256/  678]
loss: 3.366166  [  448/  678]
loss: 2.823654  [  640/  678]
Average Training Loss: 1.109916
Val Loss: 2.6450 | C-index: 0.6501

Epoch 4
-------------------------------
loss: 2.772228  [   64/  678]
loss: 3.477866  [  256/  678]
loss: 3.016830  [  448/  678]
loss: 3.178954  [  640/  678]
Average Training Loss: 1.131444
Val Loss: 2.6238 | C-index: 0.6698

Epoch 5
-------------------------------
loss: 2.484526  [   64/  678]
loss: 2.898594  [  256/  678]
loss: 2.865360  [  448/  678]
loss: 2.440211  [  640/  678]
Average Training Loss: 0.971699
Val Loss: 2.5879 | C-index: 0.6786

Epoch 6
-------------------------------
loss: 2.926920  [   64/  678]
loss: 2.836011  [  256/  678]
loss: 3.063815  [  448/  678]
loss: 3.098434  [  640/  678]
Average Training Loss: 1.084107
Val Loss: 2.5564 | C-index: 0.7121

Epoch 7
-------------------------------
loss: 2.725852  [   64/  678]
loss: 2.764448  [  256/  678]
loss: 2.766726  [  448/  678]
loss: 2.145839  [  640/  678]
Average Training Loss: 0.945715
Val Loss: 2.5372 | C-index: 0.7230

Epoch 8
-------------------------------
loss: 2.457324  [   64/  678]
loss: 2.572139  [  256/  678]
loss: 2.592726  [  448/  678]
loss: 2.091217  [  640/  678]
Average Training Loss: 0.883037
Val Loss: 2.5266 | C-index: 0.7230

Epoch 9
-------------------------------
loss: 2.541413  [   64/  678]
loss: 2.563734  [  256/  678]
loss: 2.807901  [  448/  678]
loss: 2.319480  [  640/  678]
Average Training Loss: 0.930230
Val Loss: 2.5202 | C-index: 0.7362

Epoch 10
-------------------------------
loss: 2.554674  [   64/  678]
loss: 2.411619  [  256/  678]
loss: 2.580766  [  448/  678]
loss: 3.065835  [  640/  678]
Average Training Loss: 0.964809
Val Loss: 2.5161 | C-index: 0.7442

Epoch 11
-------------------------------
loss: 2.525649  [   64/  678]
loss: 2.457752  [  256/  678]
loss: 2.709379  [  448/  678]
loss: 2.531558  [  640/  678]
Average Training Loss: 0.929485
Val Loss: 2.5060 | C-index: 0.7566

Epoch 12
-------------------------------
loss: 2.318930  [   64/  678]
loss: 2.351312  [  256/  678]
loss: 2.346450  [  448/  678]
loss: 2.648546  [  640/  678]
Average Training Loss: 0.878658
Val Loss: 2.5202 | C-index: 0.7376

Epoch 13
-------------------------------
loss: 2.516718  [   64/  678]
loss: 2.615038  [  256/  678]
loss: 2.536051  [  448/  678]
loss: 2.468018  [  640/  678]
Average Training Loss: 0.921439
Val Loss: 2.5259 | C-index: 0.7478

Epoch 14
-------------------------------
loss: 1.353236  [   64/  678]
loss: 2.152686  [  256/  678]
loss: 2.348164  [  448/  678]
loss: 2.274716  [  640/  678]
Average Training Loss: 0.738982
Val Loss: 2.5200 | C-index: 0.7318

Epoch 15
-------------------------------
loss: 2.611281  [   64/  678]
loss: 2.378970  [  256/  678]
loss: 2.475045  [  448/  678]
loss: 2.197231  [  640/  678]
Average Training Loss: 0.878412
Val Loss: 2.5239 | C-index: 0.7179

Epoch 16
-------------------------------
loss: 2.274240  [   64/  678]
loss: 2.131212  [  256/  678]
loss: 2.525704  [  448/  678]
loss: 2.716913  [  640/  678]
Average Training Loss: 0.877097
Val Loss: 2.5559 | C-index: 0.7478

Stopping early at Epoch 16 since no C-Index improvement after 5 epochs.
Done!
Best C-Index = 0.7565597667638484 at Epoch 11

=========================================
FOLD 5/5
=========================================

Epoch 1
-------------------------------
loss: 2.488997  [   64/  678]
loss: 2.958808  [  256/  678]
loss: 3.234970  [  448/  678]
loss: 3.138731  [  640/  678]
Average Training Loss: 1.074682
Val Loss: 3.1171 | C-index: 0.5623

Epoch 2
-------------------------------
loss: 2.397400  [   64/  678]
loss: 2.659073  [  256/  678]
loss: 3.382267  [  448/  678]
loss: 3.188788  [  640/  678]
Average Training Loss: 1.057048
Val Loss: 3.1123 | C-index: 0.5599

Epoch 3
-------------------------------
loss: 2.887686  [   64/  678]
loss: 2.790829  [  256/  678]
loss: 2.879221  [  448/  678]
loss: 2.886946  [  640/  678]
Average Training Loss: 1.040426
Val Loss: 3.1043 | C-index: 0.5058

Epoch 4
-------------------------------
loss: 3.086071  [   64/  678]
loss: 2.473418  [  256/  678]
loss: 2.919008  [  448/  678]
loss: 2.128414  [  640/  678]
Average Training Loss: 0.964265
Val Loss: 3.0953 | C-index: 0.4803

Epoch 5
-------------------------------
loss: 2.692504  [   64/  678]
loss: 2.576854  [  256/  678]
loss: 2.548122  [  448/  678]
loss: 3.405128  [  640/  678]
Average Training Loss: 1.020237
Val Loss: 3.0725 | C-index: 0.5081

Epoch 6
-------------------------------
loss: 3.281293  [   64/  678]
loss: 2.515082  [  256/  678]
loss: 2.882967  [  448/  678]
loss: 2.791747  [  640/  678]
Average Training Loss: 1.042826
Val Loss: 2.9762 | C-index: 0.6802

Epoch 7
-------------------------------
loss: 2.799141  [   64/  678]
loss: 2.050595  [  256/  678]
loss: 2.888053  [  448/  678]
loss: 2.908691  [  640/  678]
Average Training Loss: 0.967862
Val Loss: 2.9135 | C-index: 0.7320

Epoch 8
-------------------------------
loss: 2.604418  [   64/  678]
loss: 2.110215  [  256/  678]
loss: 2.280206  [  448/  678]
loss: 2.680840  [  640/  678]
Average Training Loss: 0.879607
Val Loss: 2.8824 | C-index: 0.7263

Epoch 9
-------------------------------
loss: 2.707400  [   64/  678]
loss: 2.615686  [  256/  678]
loss: 1.963061  [  448/  678]
loss: 2.843751  [  640/  678]
Average Training Loss: 0.920900
Val Loss: 2.8793 | C-index: 0.7421

Epoch 10
-------------------------------
loss: 2.738733  [   64/  678]
loss: 1.752970  [  256/  678]
loss: 2.180085  [  448/  678]
loss: 2.982988  [  640/  678]
Average Training Loss: 0.877707
Val Loss: 2.8419 | C-index: 0.7958

Epoch 11
-------------------------------
loss: 2.190366  [   64/  678]
loss: 2.481404  [  256/  678]
loss: 2.614372  [  448/  678]
loss: 2.328321  [  640/  678]
Average Training Loss: 0.874042
Val Loss: 2.8306 | C-index: 0.7895

Epoch 12
-------------------------------
loss: 2.433858  [   64/  678]
loss: 2.537432  [  256/  678]
loss: 2.087200  [  448/  678]
loss: 2.468684  [  640/  678]
Average Training Loss: 0.866107
Val Loss: 2.8553 | C-index: 0.7891

Epoch 13
-------------------------------
loss: 2.516147  [   64/  678]
loss: 2.411510  [  256/  678]
loss: 2.523048  [  448/  678]
loss: 2.451699  [  640/  678]
Average Training Loss: 0.900219
Val Loss: 2.8657 | C-index: 0.7948

Epoch 14
-------------------------------
loss: 1.924690  [   64/  678]
loss: 2.669545  [  256/  678]
loss: 2.136199  [  448/  678]
loss: 2.521086  [  640/  678]
Average Training Loss: 0.841047
Val Loss: 2.8983 | C-index: 0.7876

Epoch 15
-------------------------------
loss: 2.446833  [   64/  678]
loss: 2.314825  [  256/  678]
loss: 2.151637  [  448/  678]
loss: 2.295298  [  640/  678]
Average Training Loss: 0.837145
Val Loss: 2.8876 | C-index: 0.7939

Stopping early at Epoch 15 since no C-Index improvement after 5 epochs.
Done!
Best C-Index = 0.7957813998082455 at Epoch 10

=========================================
CV training complete! Mean ± std C-index: 0.7606 ± 0.0308
Best epochs per fold: [10, 19, 14, 11, 10]

=========================================
Retraining model on full train+val for 13 epochs...
Epoch 1
-------------------------------
loss: 2.576779  [   64/  847]
loss: 2.768355  [  320/  847]
loss: 3.014971  [  576/  847]
loss: 3.029356  [  832/  847]
Average Training Loss: 0.813533
Val Loss: 2.8409 | C-index: 0.6758

Epoch 2
-------------------------------
loss: 3.081145  [   64/  847]
loss: 2.714028  [  320/  847]
loss: 2.625127  [  576/  847]
loss: 2.845647  [  832/  847]
Average Training Loss: 0.804711
Val Loss: 2.8823 | C-index: 0.6260

Epoch 3
-------------------------------
loss: 3.314230  [   64/  847]
loss: 2.243117  [  320/  847]
loss: 3.239635  [  576/  847]
loss: 2.626084  [  832/  847]
Average Training Loss: 0.815933
Val Loss: 2.7784 | C-index: 0.6345

Epoch 4
-------------------------------
loss: 3.109069  [   64/  847]
loss: 2.714740  [  320/  847]
loss: 2.342804  [  576/  847]
loss: 2.794330  [  832/  847]
Average Training Loss: 0.782924
Val Loss: 2.7195 | C-index: 0.6991

Epoch 5
-------------------------------
loss: 2.610566  [   64/  847]
loss: 2.413804  [  320/  847]
loss: 2.527596  [  576/  847]
loss: 3.356606  [  832/  847]
Average Training Loss: 0.779184
Val Loss: 2.6767 | C-index: 0.7863

Epoch 6
-------------------------------
loss: 3.168036  [   64/  847]
loss: 2.698519  [  320/  847]
loss: 2.588654  [  576/  847]
loss: 2.374365  [  832/  847]
Average Training Loss: 0.773541
Val Loss: 2.6118 | C-index: 0.8419

Epoch 7
-------------------------------
loss: 2.670809  [   64/  847]
loss: 2.832868  [  320/  847]
loss: 2.898417  [  576/  847]
loss: 2.968270  [  832/  847]
Average Training Loss: 0.812169
Val Loss: 2.5151 | C-index: 0.8771

Epoch 8
-------------------------------
loss: 2.642052  [   64/  847]
loss: 2.489449  [  320/  847]
loss: 2.318378  [  576/  847]
loss: 2.781762  [  832/  847]
Average Training Loss: 0.730832
Val Loss: 2.3846 | C-index: 0.9009

Epoch 9
-------------------------------
loss: 2.538488  [   64/  847]
loss: 2.388502  [  320/  847]
loss: 2.698794  [  576/  847]
loss: 2.290877  [  832/  847]
Average Training Loss: 0.708333
Val Loss: 2.3527 | C-index: 0.9134

Epoch 10
-------------------------------
loss: 2.543615  [   64/  847]
loss: 2.884214  [  320/  847]
loss: 1.941705  [  576/  847]
loss: 2.667032  [  832/  847]
Average Training Loss: 0.716898
Val Loss: 2.3375 | C-index: 0.9038

Epoch 11
-------------------------------
loss: 1.768609  [   64/  847]
loss: 1.686241  [  320/  847]
loss: 2.665521  [  576/  847]
loss: 1.853167  [  832/  847]
Average Training Loss: 0.569538
Val Loss: 2.2616 | C-index: 0.9204

Epoch 12
-------------------------------
loss: 2.691590  [   64/  847]
loss: 2.373581  [  320/  847]
loss: 2.477364  [  576/  847]
loss: 2.139497  [  832/  847]
Average Training Loss: 0.691574
Val Loss: 2.2357 | C-index: 0.9227

Epoch 13
-------------------------------
loss: 1.716462  [   64/  847]
loss: 2.326656  [  320/  847]
loss: 2.696038  [  576/  847]
loss: 2.545756  [  832/  847]
Average Training Loss: 0.663208
Val Loss: 2.2042 | C-index: 0.9277

Done!
Best C-Index = 0.9277074074954252 at Epoch 13
FINAL TEST Average Loss: 2.5845
FINAL TEST C-index: 0.6756
Bootstrap 95% CI: [0.5582, 0.7781]
Top 10 activated pathways:
{'R-HSA-9820960': 0.061455707997083664, 'R-HSA-1296059': 0.051814887672662735, 'R-HSA-9703465': 0.05018611252307892, 'R-HSA-5579029': 0.04988385736942291, 'R-HSA-167246': 0.04918917268514633, 'R-HSA-354192': 0.04850952699780464, 'R-HSA-9958790': 0.04539811238646507, 'R-HSA-5620924': 0.04505526274442673, 'R-HSA-912631': 0.044132474809885025, 'R-HSA-2173791': 0.043649546802043915}
Results saved to /Users/evan/Documents/GitHub/HyBINN/experiments/runs/binn_clinical/seed_8/results.json
