train_hybinn.py log started 2026-06-17 01:18:18.693466
=========================================
Model Active Branches: ['binn', 'clinical']
=========================================

=========================================
FOLD 1/5
=========================================

Epoch 1
-------------------------------
loss: 3.457960  [   64/  677]
loss: 3.171732  [  256/  677]
loss: 2.579668  [  448/  677]
loss: 3.179569  [  640/  677]
Average Training Loss: 1.126266
Val Loss: 2.7286 | C-index: 0.6185

Epoch 2
-------------------------------
loss: 2.442726  [   64/  677]
loss: 2.376705  [  256/  677]
loss: 3.033082  [  448/  677]
loss: 3.233524  [  640/  677]
Average Training Loss: 1.007822
Val Loss: 2.7265 | C-index: 0.6092

Epoch 3
-------------------------------
loss: 3.011671  [   64/  677]
loss: 3.148255  [  256/  677]
loss: 2.298839  [  448/  677]
loss: 3.024454  [  640/  677]
Average Training Loss: 1.043929
Val Loss: 2.7211 | C-index: 0.5948

Epoch 4
-------------------------------
loss: 2.933154  [   64/  677]
loss: 3.173705  [  256/  677]
loss: 3.066778  [  448/  677]
loss: 2.510931  [  640/  677]
Average Training Loss: 1.062233
Val Loss: 2.7047 | C-index: 0.5769

Epoch 5
-------------------------------
loss: 3.140559  [   64/  677]
loss: 2.788145  [  256/  677]
loss: 2.648286  [  448/  677]
loss: 2.715949  [  640/  677]
Average Training Loss: 1.026631
Val Loss: 2.6568 | C-index: 0.6451

Epoch 6
-------------------------------
loss: 3.117910  [   64/  677]
loss: 2.958550  [  256/  677]
loss: 3.080727  [  448/  677]
loss: 2.159555  [  640/  677]
Average Training Loss: 1.028795
Val Loss: 2.6064 | C-index: 0.6769

Epoch 7
-------------------------------
loss: 2.710781  [   64/  677]
loss: 2.887856  [  256/  677]
loss: 3.086554  [  448/  677]
loss: 2.642269  [  640/  677]
Average Training Loss: 1.029769
Val Loss: 2.6029 | C-index: 0.6809

Epoch 8
-------------------------------
loss: 2.546382  [   64/  677]
loss: 2.888893  [  256/  677]
loss: 2.800760  [  448/  677]
loss: 2.689446  [  640/  677]
Average Training Loss: 0.993226
Val Loss: 2.5896 | C-index: 0.7191

Epoch 9
-------------------------------
loss: 2.519446  [   64/  677]
loss: 2.043899  [  256/  677]
loss: 2.596656  [  448/  677]
loss: 3.186811  [  640/  677]
Average Training Loss: 0.940619
Val Loss: 2.5493 | C-index: 0.7434

Epoch 10
-------------------------------
loss: 2.368155  [   64/  677]
loss: 2.415630  [  256/  677]
loss: 3.014694  [  448/  677]
loss: 2.502961  [  640/  677]
Average Training Loss: 0.936495
Val Loss: 2.5793 | C-index: 0.6983

Epoch 11
-------------------------------
loss: 2.269765  [   64/  677]
loss: 2.641885  [  256/  677]
loss: 2.026361  [  448/  677]
loss: 2.578148  [  640/  677]
Average Training Loss: 0.865105
Val Loss: 2.5524 | C-index: 0.7416

Epoch 12
-------------------------------
loss: 2.192347  [   64/  677]
loss: 2.344180  [  256/  677]
loss: 2.127299  [  448/  677]
loss: 2.254553  [  640/  677]
Average Training Loss: 0.810762
Val Loss: 2.5964 | C-index: 0.7110

Epoch 13
-------------------------------
loss: 2.539399  [   64/  677]
loss: 2.117023  [  256/  677]
loss: 2.232873  [  448/  677]
loss: 2.445149  [  640/  677]
Average Training Loss: 0.848586
Val Loss: 2.5635 | C-index: 0.7283

Epoch 14
-------------------------------
loss: 2.227508  [   64/  677]
loss: 2.205166  [  256/  677]
loss: 2.336118  [  448/  677]
loss: 2.239616  [  640/  677]
Average Training Loss: 0.818946
Val Loss: 2.5740 | C-index: 0.7399

Stopping early at Epoch 14 since no C-Index improvement after 5 epochs.
Done!
Best C-Index = 0.7433526011560694 at Epoch 9

=========================================
FOLD 2/5
=========================================

Epoch 1
-------------------------------
loss: 2.872846  [   64/  677]
loss: 3.161072  [  256/  677]
loss: 2.907632  [  448/  677]
loss: 3.335732  [  640/  677]
Average Training Loss: 1.116117
Val Loss: 2.4389 | C-index: 0.6952

Epoch 2
-------------------------------
loss: 3.156417  [   64/  677]
loss: 3.064979  [  256/  677]
loss: 2.807426  [  448/  677]
loss: 2.796499  [  640/  677]
Average Training Loss: 1.075029
Val Loss: 2.4368 | C-index: 0.6082

Epoch 3
-------------------------------
loss: 3.042080  [   64/  677]
loss: 3.197512  [  256/  677]
loss: 2.876387  [  448/  677]
loss: 2.937968  [  640/  677]
Average Training Loss: 1.095813
Val Loss: 2.4324 | C-index: 0.5840

Epoch 4
-------------------------------
loss: 2.587558  [   64/  677]
loss: 2.979316  [  256/  677]
loss: 3.211200  [  448/  677]
loss: 3.181562  [  640/  677]
Average Training Loss: 1.087240
Val Loss: 2.4251 | C-index: 0.5736

Epoch 5
-------------------------------
loss: 3.230627  [   64/  677]
loss: 3.136524  [  256/  677]
loss: 2.812021  [  448/  677]
loss: 3.213873  [  640/  677]
Average Training Loss: 1.126640
Val Loss: 2.3990 | C-index: 0.6151

Epoch 6
-------------------------------
loss: 3.185789  [   64/  677]
loss: 3.001642  [  256/  677]
loss: 2.738873  [  448/  677]
loss: 2.511731  [  640/  677]
Average Training Loss: 1.039821
Val Loss: 2.3584 | C-index: 0.6862

Stopping early at Epoch 6 since no C-Index improvement after 5 epochs.
Done!
Best C-Index = 0.6952315134761575 at Epoch 1

=========================================
FOLD 3/5
=========================================

Epoch 1
-------------------------------
loss: 3.095131  [   64/  678]
loss: 3.191498  [  256/  678]
loss: 2.576360  [  448/  678]
loss: 2.614971  [  640/  678]
Average Training Loss: 1.043451
Val Loss: 2.8381 | C-index: 0.6503

Epoch 2
-------------------------------
loss: 3.387990  [   64/  678]
loss: 2.887497  [  256/  678]
loss: 3.001113  [  448/  678]
loss: 2.679029  [  640/  678]
Average Training Loss: 1.086875
Val Loss: 2.8331 | C-index: 0.6579

Epoch 3
-------------------------------
loss: 2.756490  [   64/  678]
loss: 3.018853  [  256/  678]
loss: 3.589478  [  448/  678]
loss: 3.074189  [  640/  678]
Average Training Loss: 1.130819
Val Loss: 2.8220 | C-index: 0.6142

Epoch 4
-------------------------------
loss: 3.158083  [   64/  678]
loss: 2.683273  [  256/  678]
loss: 2.585161  [  448/  678]
loss: 2.723665  [  640/  678]
Average Training Loss: 1.013653
Val Loss: 2.7995 | C-index: 0.6282

Epoch 5
-------------------------------
loss: 2.390306  [   64/  678]
loss: 2.959854  [  256/  678]
loss: 2.831221  [  448/  678]
loss: 2.314684  [  640/  678]
Average Training Loss: 0.954188
Val Loss: 2.7803 | C-index: 0.6469

Epoch 6
-------------------------------
loss: 2.164508  [   64/  678]
loss: 2.912323  [  256/  678]
loss: 2.642999  [  448/  678]
loss: 2.495048  [  640/  678]
Average Training Loss: 0.928625
Val Loss: 2.7522 | C-index: 0.6690

Epoch 7
-------------------------------
loss: 2.987895  [   64/  678]
loss: 2.555727  [  256/  678]
loss: 2.589561  [  448/  678]
loss: 2.384638  [  640/  678]
Average Training Loss: 0.956166
Val Loss: 2.7252 | C-index: 0.6871

Epoch 8
-------------------------------
loss: 2.759510  [   64/  678]
loss: 3.049920  [  256/  678]
loss: 2.183048  [  448/  678]
loss: 2.239695  [  640/  678]
Average Training Loss: 0.930198
Val Loss: 2.7200 | C-index: 0.6888

Epoch 9
-------------------------------
loss: 2.126687  [   64/  678]
loss: 2.225149  [  256/  678]
loss: 2.250623  [  448/  678]
loss: 2.639507  [  640/  678]
Average Training Loss: 0.840179
Val Loss: 2.7138 | C-index: 0.6841

Epoch 10
-------------------------------
loss: 2.386791  [   64/  678]
loss: 2.206190  [  256/  678]
loss: 2.459327  [  448/  678]
loss: 2.019051  [  640/  678]
Average Training Loss: 0.824669
Val Loss: 2.6995 | C-index: 0.6958

Epoch 11
-------------------------------
loss: 2.453699  [   64/  678]
loss: 2.508788  [  256/  678]
loss: 1.848346  [  448/  678]
loss: 2.731111  [  640/  678]
Average Training Loss: 0.867449
Val Loss: 2.7074 | C-index: 0.7086

Epoch 12
-------------------------------
loss: 2.186241  [   64/  678]
loss: 2.217452  [  256/  678]
loss: 2.589844  [  448/  678]
loss: 2.326120  [  640/  678]
Average Training Loss: 0.847242
Val Loss: 2.7131 | C-index: 0.6871

Epoch 13
-------------------------------
loss: 2.742549  [   64/  678]
loss: 2.491134  [  256/  678]
loss: 2.484470  [  448/  678]
loss: 2.157924  [  640/  678]
Average Training Loss: 0.897825
Val Loss: 2.7073 | C-index: 0.6987

Epoch 14
-------------------------------
loss: 2.423674  [   64/  678]
loss: 1.997087  [  256/  678]
loss: 2.237342  [  448/  678]
loss: 1.732177  [  640/  678]
Average Training Loss: 0.762753
Val Loss: 2.7061 | C-index: 0.7063

Epoch 15
-------------------------------
loss: 2.307743  [   64/  678]
loss: 2.275975  [  256/  678]
loss: 1.518479  [  448/  678]
loss: 2.108737  [  640/  678]
Average Training Loss: 0.746449
Val Loss: 2.7374 | C-index: 0.6812

Epoch 16
-------------------------------
loss: 2.171922  [   64/  678]
loss: 1.771564  [  256/  678]
loss: 2.265258  [  448/  678]
loss: 2.468344  [  640/  678]
Average Training Loss: 0.788826
Val Loss: 2.7516 | C-index: 0.6847

Stopping early at Epoch 16 since no C-Index improvement after 5 epochs.
Done!
Best C-Index = 0.7086247086247086 at Epoch 11

=========================================
FOLD 4/5
=========================================

Epoch 1
-------------------------------
loss: 2.785561  [   64/  678]
loss: 3.105070  [  256/  678]
loss: 3.429075  [  448/  678]
loss: 2.282536  [  640/  678]
Average Training Loss: 1.054749
Val Loss: 2.6507 | C-index: 0.6013

Epoch 2
-------------------------------
loss: 2.595405  [   64/  678]
loss: 3.083214  [  256/  678]
loss: 3.118067  [  448/  678]
loss: 2.826511  [  640/  678]
Average Training Loss: 1.056654
Val Loss: 2.6498 | C-index: 0.6137

Epoch 3
-------------------------------
loss: 3.019713  [   64/  678]
loss: 2.981110  [  256/  678]
loss: 3.405306  [  448/  678]
loss: 3.152646  [  640/  678]
Average Training Loss: 1.141707
Val Loss: 2.6440 | C-index: 0.6720

Epoch 4
-------------------------------
loss: 3.044440  [   64/  678]
loss: 3.331959  [  256/  678]
loss: 2.728634  [  448/  678]
loss: 2.718733  [  640/  678]
Average Training Loss: 1.074888
Val Loss: 2.6294 | C-index: 0.6625

Epoch 5
-------------------------------
loss: 2.941761  [   64/  678]
loss: 2.916431  [  256/  678]
loss: 2.600740  [  448/  678]
loss: 3.227665  [  640/  678]
Average Training Loss: 1.062418
Val Loss: 2.6021 | C-index: 0.6793

Epoch 6
-------------------------------
loss: 3.069070  [   64/  678]
loss: 3.175790  [  256/  678]
loss: 2.625486  [  448/  678]
loss: 3.192853  [  640/  678]
Average Training Loss: 1.096654
Val Loss: 2.5479 | C-index: 0.7063

Epoch 7
-------------------------------
loss: 2.657140  [   64/  678]
loss: 2.862273  [  256/  678]
loss: 2.562914  [  448/  678]
loss: 2.332367  [  640/  678]
Average Training Loss: 0.946790
Val Loss: 2.5192 | C-index: 0.7187

Epoch 8
-------------------------------
loss: 3.209655  [   64/  678]
loss: 2.722596  [  256/  678]
loss: 2.499998  [  448/  678]
loss: 2.854073  [  640/  678]
Average Training Loss: 1.026029
Val Loss: 2.5184 | C-index: 0.7434

Epoch 9
-------------------------------
loss: 2.452215  [   64/  678]
loss: 2.792491  [  256/  678]
loss: 2.763687  [  448/  678]
loss: 2.555925  [  640/  678]
Average Training Loss: 0.960393
Val Loss: 2.5497 | C-index: 0.7252

Epoch 10
-------------------------------
loss: 2.131256  [   64/  678]
loss: 2.454103  [  256/  678]
loss: 2.724087  [  448/  678]
loss: 2.258883  [  640/  678]
Average Training Loss: 0.869848
Val Loss: 2.5769 | C-index: 0.7238

Epoch 11
-------------------------------
loss: 2.809025  [   64/  678]
loss: 2.287604  [  256/  678]
loss: 2.929088  [  448/  678]
loss: 2.184147  [  640/  678]
Average Training Loss: 0.928169
Val Loss: 2.5430 | C-index: 0.7544

Epoch 12
-------------------------------
loss: 2.780041  [   64/  678]
loss: 2.052007  [  256/  678]
loss: 2.900661  [  448/  678]
loss: 2.429990  [  640/  678]
Average Training Loss: 0.923882
Val Loss: 2.5236 | C-index: 0.7675

Epoch 13
-------------------------------
loss: 2.501966  [   64/  678]
loss: 2.282691  [  256/  678]
loss: 2.515717  [  448/  678]
loss: 2.442129  [  640/  678]
Average Training Loss: 0.885682
Val Loss: 2.5519 | C-index: 0.7456

Epoch 14
-------------------------------
loss: 2.601452  [   64/  678]
loss: 1.777154  [  256/  678]
loss: 2.173020  [  448/  678]
loss: 2.796817  [  640/  678]
Average Training Loss: 0.849858
Val Loss: 2.5053 | C-index: 0.7690

Epoch 15
-------------------------------
loss: 1.943371  [   64/  678]
loss: 2.352784  [  256/  678]
loss: 2.382725  [  448/  678]
loss: 1.764266  [  640/  678]
Average Training Loss: 0.767559
Val Loss: 2.5248 | C-index: 0.7835

Epoch 16
-------------------------------
loss: 2.076627  [   64/  678]
loss: 2.199287  [  256/  678]
loss: 2.497712  [  448/  678]
loss: 2.610578  [  640/  678]
Average Training Loss: 0.853110
Val Loss: 2.5284 | C-index: 0.7420

Epoch 17
-------------------------------
loss: 2.015732  [   64/  678]
loss: 2.087515  [  256/  678]
loss: 2.037678  [  448/  678]
loss: 2.197499  [  640/  678]
Average Training Loss: 0.758039
Val Loss: 2.5142 | C-index: 0.7500

Epoch 18
-------------------------------
loss: 2.651094  [   64/  678]
loss: 2.176912  [  256/  678]
loss: 2.293912  [  448/  678]
loss: 1.737103  [  640/  678]
Average Training Loss: 0.805366
Val Loss: 2.4992 | C-index: 0.7828

Epoch 19
-------------------------------
loss: 2.563936  [   64/  678]
loss: 2.208807  [  256/  678]
loss: 2.452184  [  448/  678]
loss: 2.619559  [  640/  678]
Average Training Loss: 0.894953
Val Loss: 2.5186 | C-index: 0.7770

Epoch 20
-------------------------------
loss: 2.279374  [   64/  678]
loss: 1.821316  [  256/  678]
loss: 2.690363  [  448/  678]
loss: 2.751633  [  640/  678]
Average Training Loss: 0.867517
Val Loss: 2.5334 | C-index: 0.7340

Stopping early at Epoch 20 since no C-Index improvement after 5 epochs.
Done!
Best C-Index = 0.7835276967930029 at Epoch 15

=========================================
FOLD 5/5
=========================================

Epoch 1
-------------------------------
loss: 2.938168  [   64/  678]
loss: 2.622188  [  256/  678]
loss: 3.140431  [  448/  678]
loss: 2.737441  [  640/  678]
Average Training Loss: 1.039839
Val Loss: 3.1148 | C-index: 0.6505

Epoch 2
-------------------------------
loss: 3.333622  [   64/  678]
loss: 2.546685  [  256/  678]
loss: 3.610438  [  448/  678]
loss: 2.446887  [  640/  678]
Average Training Loss: 1.085239
Val Loss: 3.1079 | C-index: 0.6280

Epoch 3
-------------------------------
loss: 2.786855  [   64/  678]
loss: 2.922833  [  256/  678]
loss: 2.698074  [  448/  678]
loss: 2.971634  [  640/  678]
Average Training Loss: 1.034491
Val Loss: 3.0940 | C-index: 0.5853

Epoch 4
-------------------------------
loss: 3.054766  [   64/  678]
loss: 2.459282  [  256/  678]
loss: 3.127635  [  448/  678]
loss: 2.794477  [  640/  678]
Average Training Loss: 1.039651
Val Loss: 3.0824 | C-index: 0.5153

Epoch 5
-------------------------------
loss: 3.111139  [   64/  678]
loss: 2.683054  [  256/  678]
loss: 3.009481  [  448/  678]
loss: 2.312160  [  640/  678]
Average Training Loss: 1.010530
Val Loss: 3.0317 | C-index: 0.6069

Epoch 6
-------------------------------
loss: 2.099680  [   64/  678]
loss: 2.764177  [  256/  678]
loss: 2.736551  [  448/  678]
loss: 2.686427  [  640/  678]
Average Training Loss: 0.935167
Val Loss: 2.9898 | C-index: 0.6294

Stopping early at Epoch 6 since no C-Index improvement after 5 epochs.
Done!
Best C-Index = 0.6505273250239694 at Epoch 1

=========================================
CV training complete! Mean ± std C-index: 0.7163 ± 0.0449
Best epochs per fold: [9, 1, 11, 15, 1]

=========================================
Retraining model on full train+val for 7 epochs...
Epoch 1
-------------------------------
loss: 2.638345  [   64/  847]
loss: 2.285144  [  320/  847]
loss: 3.065038  [  576/  847]
loss: 2.522131  [  832/  847]
Average Training Loss: 0.750761
Val Loss: 2.7952 | C-index: 0.6761

Epoch 2
-------------------------------
loss: 2.543006  [   64/  847]
loss: 2.965792  [  320/  847]
loss: 3.057910  [  576/  847]
loss: 3.034473  [  832/  847]
Average Training Loss: 0.828656
Val Loss: 2.8031 | C-index: 0.7202

Epoch 3
-------------------------------
loss: 2.772031  [   64/  847]
loss: 2.858289  [  320/  847]
loss: 3.176073  [  576/  847]
loss: 2.572254  [  832/  847]
Average Training Loss: 0.812760
Val Loss: 2.8083 | C-index: 0.7038

Epoch 4
-------------------------------
loss: 2.848315  [   64/  847]
loss: 3.488691  [  320/  847]
loss: 3.012173  [  576/  847]
loss: 2.677869  [  832/  847]
Average Training Loss: 0.859075
Val Loss: 2.8138 | C-index: 0.7330

Epoch 5
-------------------------------
loss: 3.064114  [   64/  847]
loss: 2.920809  [  320/  847]
loss: 3.032171  [  576/  847]
loss: 2.812835  [  832/  847]
Average Training Loss: 0.844995
Val Loss: 2.6015 | C-index: 0.8224

Epoch 6
-------------------------------
loss: 3.292029  [   64/  847]
loss: 2.903159  [  320/  847]
loss: 2.597842  [  576/  847]
loss: 2.627725  [  832/  847]
Average Training Loss: 0.815768
Val Loss: 2.5980 | C-index: 0.8333

Epoch 7
-------------------------------
loss: 2.521755  [   64/  847]
loss: 2.525173  [  320/  847]
loss: 2.642101  [  576/  847]
loss: 2.723196  [  832/  847]
Average Training Loss: 0.743730
Val Loss: 2.4224 | C-index: 0.8576

Done!
Best C-Index = 0.8576011787352361 at Epoch 7
FINAL TEST Average Loss: 2.6676
FINAL TEST C-index: 0.6840
Bootstrap 95% CI: [0.5745, 0.7834]
Top 10 activated pathways:
{'R-HSA-168325': 0.053461942821741104, 'R-HSA-2022928': 0.051850058138370514, 'R-HSA-9932444': 0.046299953013658524, 'R-HSA-3560783': 0.045774996280670166, 'R-HSA-167238': 0.045628760010004044, 'R-HSA-5656169': 0.04441555216908455, 'R-HSA-5621480': 0.04355457052588463, 'R-HSA-452723': 0.04231516644358635, 'R-HSA-9753281': 0.042077094316482544, 'R-HSA-5619107': 0.04171018674969673}
Results saved to /Users/evan/Documents/GitHub/HyBINN/experiments/runs/binn_clinical/seed_8/results.json
