train_hybinn.py log started 2026-06-17 01:04:56.156589
=========================================
Model Active Branches: ['gene']
=========================================

=========================================
FOLD 1/5
=========================================

Epoch 1
-------------------------------
loss: 2.609030  [   64/  677]
loss: 3.144470  [  256/  677]
loss: 2.902532  [  448/  677]
loss: 2.537605  [  640/  677]
Average Training Loss: 1.017603
Val Loss: 3.0357 | C-index: 0.5718

Epoch 2
-------------------------------
loss: 2.777516  [   64/  677]
loss: 2.775763  [  256/  677]
loss: 2.942638  [  448/  677]
loss: 2.878950  [  640/  677]
Average Training Loss: 1.034079
Val Loss: 2.9627 | C-index: 0.6302

Epoch 3
-------------------------------
loss: 2.568920  [   64/  677]
loss: 2.989838  [  256/  677]
loss: 1.909899  [  448/  677]
loss: 2.926216  [  640/  677]
Average Training Loss: 0.944988
Val Loss: 2.9520 | C-index: 0.6704

Epoch 4
-------------------------------
loss: 2.223789  [   64/  677]
loss: 2.269009  [  256/  677]
loss: 2.141930  [  448/  677]
loss: 2.048025  [  640/  677]
Average Training Loss: 0.789341
Val Loss: 3.0732 | C-index: 0.6292

Epoch 5
-------------------------------
loss: 0.951719  [   64/  677]
loss: 1.530984  [  256/  677]
loss: 2.096801  [  448/  677]
loss: 2.166257  [  640/  677]
Average Training Loss: 0.613251
Val Loss: 2.8740 | C-index: 0.7036

Epoch 6
-------------------------------
loss: 1.960550  [   64/  677]
loss: 2.149782  [  256/  677]
loss: 1.107760  [  448/  677]
loss: 1.579063  [  640/  677]
Average Training Loss: 0.617923
Val Loss: 3.2119 | C-index: 0.6924

Epoch 7
-------------------------------
loss: 1.036885  [   64/  677]
loss: 1.789012  [  256/  677]
loss: 1.768214  [  448/  677]
loss: 1.306521  [  640/  677]
Average Training Loss: 0.536421
Val Loss: 3.4052 | C-index: 0.6061

Epoch 8
-------------------------------
loss: 0.884713  [   64/  677]
loss: 1.092432  [  256/  677]
loss: 1.681221  [  448/  677]
loss: 1.038222  [  640/  677]
Average Training Loss: 0.426963
Val Loss: 3.4079 | C-index: 0.6806

Epoch 9
-------------------------------
loss: 1.358443  [   64/  677]
loss: 1.185764  [  256/  677]
loss: 0.862812  [  448/  677]
loss: 1.262755  [  640/  677]
Average Training Loss: 0.424525
Val Loss: 3.0999 | C-index: 0.7283

Epoch 10
-------------------------------
loss: 0.903084  [   64/  677]
loss: 0.182882  [  256/  677]
loss: 1.043147  [  448/  677]
loss: 1.538577  [  640/  677]
Average Training Loss: 0.333426
Val Loss: 3.3615 | C-index: 0.6683

Epoch 11
-------------------------------
loss: 1.381205  [   64/  677]
loss: 1.027074  [  256/  677]
loss: 1.347040  [  448/  677]
loss: 1.390236  [  640/  677]
Average Training Loss: 0.467778
Val Loss: 3.6447 | C-index: 0.6822

Epoch 12
-------------------------------
loss: 0.946664  [   64/  677]
loss: 1.287762  [  256/  677]
loss: 0.781810  [  448/  677]
loss: 1.014895  [  640/  677]
Average Training Loss: 0.366466
Val Loss: 3.9925 | C-index: 0.6088

Epoch 13
-------------------------------
loss: 1.051412  [   64/  677]
loss: 0.623750  [  256/  677]
loss: 1.006823  [  448/  677]
loss: 1.355360  [  640/  677]
Average Training Loss: 0.367031
Val Loss: 3.4386 | C-index: 0.6501

Epoch 14
-------------------------------
loss: 1.312978  [   64/  677]
loss: 0.735538  [  256/  677]
loss: 1.444438  [  448/  677]
loss: 1.588100  [  640/  677]
Average Training Loss: 0.461914
Val Loss: 3.8076 | C-index: 0.6785

Stopping early at Epoch 14 since no C-Index improvement after 5 epochs.
Done!
Best C-Index = 0.7282958199356914 at Epoch 9

=========================================
FOLD 2/5
=========================================

Epoch 1
-------------------------------
loss: 2.767909  [   64/  677]
loss: 3.030976  [  256/  677]
loss: 2.745790  [  448/  677]
loss: 2.832507  [  640/  677]
Average Training Loss: 1.034289
Val Loss: 2.8593 | C-index: 0.5709

Epoch 2
-------------------------------
loss: 2.841379  [   64/  677]
loss: 2.832113  [  256/  677]
loss: 2.389220  [  448/  677]
loss: 2.956451  [  640/  677]
Average Training Loss: 1.001742
Val Loss: 2.9618 | C-index: 0.5571

Epoch 3
-------------------------------
loss: 3.030318  [   64/  677]
loss: 3.195015  [  256/  677]
loss: 2.207529  [  448/  677]
loss: 2.827808  [  640/  677]
Average Training Loss: 1.023697
Val Loss: 3.0520 | C-index: 0.5754

Epoch 4
-------------------------------
loss: 2.716418  [   64/  677]
loss: 2.506230  [  256/  677]
loss: 1.755168  [  448/  677]
loss: 2.111308  [  640/  677]
Average Training Loss: 0.826284
Val Loss: 2.8522 | C-index: 0.6466

Epoch 5
-------------------------------
loss: 1.737043  [   64/  677]
loss: 1.811461  [  256/  677]
loss: 1.835755  [  448/  677]
loss: 1.942179  [  640/  677]
Average Training Loss: 0.666040
Val Loss: 3.1786 | C-index: 0.5777

Epoch 6
-------------------------------
loss: 0.883075  [   64/  677]
loss: 1.202998  [  256/  677]
loss: 1.334021  [  448/  677]
loss: 1.613556  [  640/  677]
Average Training Loss: 0.457605
Val Loss: 3.0485 | C-index: 0.7286

Epoch 7
-------------------------------
loss: 1.527157  [   64/  677]
loss: 1.600095  [  256/  677]
loss: 2.114781  [  448/  677]
loss: 0.840121  [  640/  677]
Average Training Loss: 0.552923
Val Loss: 3.7569 | C-index: 0.5875

Epoch 8
-------------------------------
loss: 1.772810  [   64/  677]
loss: 1.730056  [  256/  677]
loss: 1.546707  [  448/  677]
loss: 1.242711  [  640/  677]
Average Training Loss: 0.572026
Val Loss: 2.7927 | C-index: 0.6575

Epoch 9
-------------------------------
loss: 2.062020  [   64/  677]
loss: 1.474176  [  256/  677]
loss: 1.807611  [  448/  677]
loss: 1.326221  [  640/  677]
Average Training Loss: 0.606366
Val Loss: 3.4682 | C-index: 0.6213

Epoch 10
-------------------------------
loss: 1.512323  [   64/  677]
loss: 1.000277  [  256/  677]
loss: 0.970524  [  448/  677]
loss: 1.658896  [  640/  677]
Average Training Loss: 0.467456
Val Loss: 3.1018 | C-index: 0.6655

Epoch 11
-------------------------------
loss: 1.144566  [   64/  677]
loss: 0.726393  [  256/  677]
loss: 0.676833  [  448/  677]
loss: 0.978756  [  640/  677]
Average Training Loss: 0.320595
Val Loss: 3.2214 | C-index: 0.6873

Stopping early at Epoch 11 since no C-Index improvement after 5 epochs.
Done!
Best C-Index = 0.7286288009179576 at Epoch 6

=========================================
FOLD 3/5
=========================================

Epoch 1
-------------------------------
loss: 2.915517  [   64/  678]
loss: 2.954234  [  256/  678]
loss: 2.746227  [  448/  678]
loss: 3.180003  [  640/  678]
Average Training Loss: 1.072362
Val Loss: 3.0207 | C-index: 0.4638

Epoch 2
-------------------------------
loss: 2.504545  [   64/  678]
loss: 2.821754  [  256/  678]
loss: 2.308034  [  448/  678]
loss: 2.824463  [  640/  678]
Average Training Loss: 0.950800
Val Loss: 2.9599 | C-index: 0.4889

Epoch 3
-------------------------------
loss: 2.538928  [   64/  678]
loss: 2.751933  [  256/  678]
loss: 2.034535  [  448/  678]
loss: 2.583092  [  640/  678]
Average Training Loss: 0.900772
Val Loss: 2.8521 | C-index: 0.6865

Epoch 4
-------------------------------
loss: 2.535786  [   64/  678]
loss: 2.076355  [  256/  678]
loss: 2.081845  [  448/  678]
loss: 2.600823  [  640/  678]
Average Training Loss: 0.844983
Val Loss: 2.8232 | C-index: 0.6882

Epoch 5
-------------------------------
loss: 1.474494  [   64/  678]
loss: 2.084436  [  256/  678]
loss: 1.842158  [  448/  678]
loss: 1.812679  [  640/  678]
Average Training Loss: 0.655797
Val Loss: 3.0398 | C-index: 0.6086

Epoch 6
-------------------------------
loss: 1.259338  [   64/  678]
loss: 2.080627  [  256/  678]
loss: 1.608795  [  448/  678]
loss: 1.605704  [  640/  678]
Average Training Loss: 0.595860
Val Loss: 3.3125 | C-index: 0.5924

Epoch 7
-------------------------------
loss: 1.506027  [   64/  678]
loss: 1.936375  [  256/  678]
loss: 1.384481  [  448/  678]
loss: 1.176101  [  640/  678]
Average Training Loss: 0.545726
Val Loss: 3.1251 | C-index: 0.6225

Epoch 8
-------------------------------
loss: 1.509690  [   64/  678]
loss: 0.826787  [  256/  678]
loss: 1.596009  [  448/  678]
loss: 0.548375  [  640/  678]
Average Training Loss: 0.407351
Val Loss: 3.0228 | C-index: 0.6587

Epoch 9
-------------------------------
loss: 1.554826  [   64/  678]
loss: 1.401621  [  256/  678]
loss: 0.602761  [  448/  678]
loss: 1.463470  [  640/  678]
Average Training Loss: 0.456607
Val Loss: 2.9223 | C-index: 0.6960

Epoch 10
-------------------------------
loss: 1.210543  [   64/  678]
loss: 1.608286  [  256/  678]
loss: 0.681494  [  448/  678]
loss: 1.000642  [  640/  678]
Average Training Loss: 0.409179
Val Loss: 2.6652 | C-index: 0.7494

Epoch 11
-------------------------------
loss: 1.049194  [   64/  678]
loss: 1.264429  [  256/  678]
loss: 1.587781  [  448/  678]
loss: 1.649097  [  640/  678]
Average Training Loss: 0.504591
Val Loss: 3.4474 | C-index: 0.6147

Epoch 12
-------------------------------
loss: 0.556404  [   64/  678]
loss: 0.492490  [  256/  678]
loss: 0.846132  [  448/  678]
loss: 1.173619  [  640/  678]
Average Training Loss: 0.278968
Val Loss: 3.1017 | C-index: 0.6687

Epoch 13
-------------------------------
loss: 1.780521  [   64/  678]
loss: 1.545979  [  256/  678]
loss: 1.285305  [  448/  678]
loss: 1.681068  [  640/  678]
Average Training Loss: 0.572079
Val Loss: 3.1654 | C-index: 0.6709

Epoch 14
-------------------------------
loss: 0.840378  [   64/  678]
loss: 1.112384  [  256/  678]
loss: 0.856023  [  448/  678]
loss: 0.532264  [  640/  678]
Average Training Loss: 0.303732
Val Loss: 3.6285 | C-index: 0.5718

Epoch 15
-------------------------------
loss: 1.003545  [   64/  678]
loss: 1.131800  [  256/  678]
loss: 1.214531  [  448/  678]
loss: 2.584110  [  640/  678]
Average Training Loss: 0.539453
Val Loss: 2.8752 | C-index: 0.7372

Stopping early at Epoch 15 since no C-Index improvement after 5 epochs.
Done!
Best C-Index = 0.7494432071269488 at Epoch 10

=========================================
FOLD 4/5
=========================================

Epoch 1
-------------------------------
loss: 2.948346  [   64/  678]
loss: 3.263545  [  256/  678]
loss: 2.281497  [  448/  678]
loss: 3.262962  [  640/  678]
Average Training Loss: 1.068759
Val Loss: 2.5027 | C-index: 0.5092

Epoch 2
-------------------------------
loss: 2.511080  [   64/  678]
loss: 3.215748  [  256/  678]
loss: 3.693953  [  448/  678]
loss: 2.782483  [  640/  678]
Average Training Loss: 1.109388
Val Loss: 2.5143 | C-index: 0.5364

Epoch 3
-------------------------------
loss: 3.039580  [   64/  678]
loss: 2.571973  [  256/  678]
loss: 2.357553  [  448/  678]
loss: 2.873591  [  640/  678]
Average Training Loss: 0.985700
Val Loss: 2.3912 | C-index: 0.6254

Epoch 4
-------------------------------
loss: 2.741265  [   64/  678]
loss: 2.009122  [  256/  678]
loss: 2.308423  [  448/  678]
loss: 2.377256  [  640/  678]
Average Training Loss: 0.857824
Val Loss: 2.3921 | C-index: 0.6023

Epoch 5
-------------------------------
loss: 1.452749  [   64/  678]
loss: 2.047513  [  256/  678]
loss: 1.541220  [  448/  678]
loss: 1.631605  [  640/  678]
Average Training Loss: 0.606644
Val Loss: 2.4450 | C-index: 0.6390

Epoch 6
-------------------------------
loss: 2.132705  [   64/  678]
loss: 1.368523  [  256/  678]
loss: 2.465314  [  448/  678]
loss: 1.320452  [  640/  678]
Average Training Loss: 0.662454
Val Loss: 2.5833 | C-index: 0.6186

Epoch 7
-------------------------------
loss: 1.219575  [   64/  678]
loss: 1.735200  [  256/  678]
loss: 1.888040  [  448/  678]
loss: 1.907335  [  640/  678]
Average Training Loss: 0.613650
Val Loss: 2.8982 | C-index: 0.6207

Epoch 8
-------------------------------
loss: 2.011101  [   64/  678]
loss: 1.875915  [  256/  678]
loss: 1.153208  [  448/  678]
loss: 1.767762  [  640/  678]
Average Training Loss: 0.618908
Val Loss: 2.3850 | C-index: 0.6050

Epoch 9
-------------------------------
loss: 1.433463  [   64/  678]
loss: 1.626052  [  256/  678]
loss: 1.774681  [  448/  678]
loss: 1.202286  [  640/  678]
Average Training Loss: 0.548771
Val Loss: 2.9692 | C-index: 0.5976

Epoch 10
-------------------------------
loss: 1.204818  [   64/  678]
loss: 1.098894  [  256/  678]
loss: 1.557529  [  448/  678]
loss: 1.131360  [  640/  678]
Average Training Loss: 0.453873
Val Loss: 2.7584 | C-index: 0.6540

Epoch 11
-------------------------------
loss: 1.843045  [   64/  678]
loss: 0.990008  [  256/  678]
loss: 1.424598  [  448/  678]
loss: 1.481646  [  640/  678]
Average Training Loss: 0.521754
Val Loss: 2.5927 | C-index: 0.6234

Epoch 12
-------------------------------
loss: 0.593970  [   64/  678]
loss: 1.334468  [  256/  678]
loss: 1.116514  [  448/  678]
loss: 0.901350  [  640/  678]
Average Training Loss: 0.358755
Val Loss: 2.4197 | C-index: 0.6445

Epoch 13
-------------------------------
loss: 1.203273  [   64/  678]
loss: 1.128220  [  256/  678]
loss: 1.332997  [  448/  678]
loss: 1.419119  [  640/  678]
Average Training Loss: 0.462146
Val Loss: 2.4498 | C-index: 0.6383

Epoch 14
-------------------------------
loss: 0.976282  [   64/  678]
loss: 0.593280  [  256/  678]
loss: 1.276028  [  448/  678]
loss: 1.257377  [  640/  678]
Average Training Loss: 0.372997
Val Loss: 2.3993 | C-index: 0.7124

Epoch 15
-------------------------------
loss: 1.105605  [   64/  678]
loss: 1.437809  [  256/  678]
loss: 1.483354  [  448/  678]
loss: 0.941959  [  640/  678]
Average Training Loss: 0.451702
Val Loss: 2.8012 | C-index: 0.6064

Epoch 16
-------------------------------
loss: 1.495970  [   64/  678]
loss: 1.134583  [  256/  678]
loss: 1.248767  [  448/  678]
loss: 1.052290  [  640/  678]
Average Training Loss: 0.448328
Val Loss: 2.7323 | C-index: 0.5874

Epoch 17
-------------------------------
loss: 1.572634  [   64/  678]
loss: 1.218099  [  256/  678]
loss: 1.415875  [  448/  678]
loss: 1.053256  [  640/  678]
Average Training Loss: 0.478169
Val Loss: 2.8335 | C-index: 0.5846

Epoch 18
-------------------------------
loss: 0.982635  [   64/  678]
loss: 0.772779  [  256/  678]
loss: 2.742231  [  448/  678]
loss: 0.799488  [  640/  678]
Average Training Loss: 0.481558
Val Loss: 2.2837 | C-index: 0.6479

Epoch 19
-------------------------------
loss: 0.846769  [   64/  678]
loss: 1.074946  [  256/  678]
loss: 1.776989  [  448/  678]
loss: 0.615010  [  640/  678]
Average Training Loss: 0.392156
Val Loss: 2.5564 | C-index: 0.6934

Stopping early at Epoch 19 since no C-Index improvement after 5 epochs.
Done!
Best C-Index = 0.7124405166553365 at Epoch 14

=========================================
FOLD 5/5
=========================================

Epoch 1
-------------------------------
loss: 3.085545  [   64/  678]
loss: 2.845274  [  256/  678]
loss: 3.338414  [  448/  678]
loss: 2.720148  [  640/  678]
Average Training Loss: 1.089944
Val Loss: 2.5632 | C-index: 0.5312

Epoch 2
-------------------------------
loss: 2.891246  [   64/  678]
loss: 2.906930  [  256/  678]
loss: 2.370373  [  448/  678]
loss: 2.768509  [  640/  678]
Average Training Loss: 0.994278
Val Loss: 2.4868 | C-index: 0.5917

Epoch 3
-------------------------------
loss: 2.451826  [   64/  678]
loss: 3.202421  [  256/  678]
loss: 2.765115  [  448/  678]
loss: 2.816435  [  640/  678]
Average Training Loss: 1.021436
Val Loss: 2.4190 | C-index: 0.6209

Epoch 4
-------------------------------
loss: 2.176150  [   64/  678]
loss: 1.846831  [  256/  678]
loss: 2.214856  [  448/  678]
loss: 2.330296  [  640/  678]
Average Training Loss: 0.778921
Val Loss: 2.3761 | C-index: 0.6712

Epoch 5
-------------------------------
loss: 1.629157  [   64/  678]
loss: 1.148918  [  256/  678]
loss: 1.540223  [  448/  678]
loss: 2.691782  [  640/  678]
Average Training Loss: 0.637280
Val Loss: 2.7545 | C-index: 0.5883

Epoch 6
-------------------------------
loss: 1.892327  [   64/  678]
loss: 1.513750  [  256/  678]
loss: 2.246177  [  448/  678]
loss: 2.205988  [  640/  678]
Average Training Loss: 0.714386
Val Loss: 2.4022 | C-index: 0.6202

Epoch 7
-------------------------------
loss: 1.431352  [   64/  678]
loss: 1.382617  [  256/  678]
loss: 1.722050  [  448/  678]
loss: 1.558876  [  640/  678]
Average Training Loss: 0.554081
Val Loss: 2.5642 | C-index: 0.6644

Epoch 8
-------------------------------
loss: 1.274399  [   64/  678]
loss: 1.495548  [  256/  678]
loss: 1.593593  [  448/  678]
loss: 1.802174  [  640/  678]
Average Training Loss: 0.560520
Val Loss: 2.3818 | C-index: 0.6712

Epoch 9
-------------------------------
loss: 1.264949  [   64/  678]
loss: 1.066403  [  256/  678]
loss: 0.733476  [  448/  678]
loss: 1.386413  [  640/  678]
Average Training Loss: 0.404658
Val Loss: 2.8203 | C-index: 0.7031

Epoch 10
-------------------------------
loss: 0.585379  [   64/  678]
loss: 1.310526  [  256/  678]
loss: 0.691802  [  448/  678]
loss: 1.525425  [  640/  678]
Average Training Loss: 0.373921
Val Loss: 3.1043 | C-index: 0.6135

Epoch 11
-------------------------------
loss: 0.691930  [   64/  678]
loss: 1.434111  [  256/  678]
loss: 1.050767  [  448/  678]
loss: 1.091495  [  640/  678]
Average Training Loss: 0.388028
Val Loss: 2.8291 | C-index: 0.6739

Epoch 12
-------------------------------
loss: 1.555634  [   64/  678]
loss: 2.301788  [  256/  678]
loss: 1.534503  [  448/  678]
loss: 1.484029  [  640/  678]
Average Training Loss: 0.625087
Val Loss: 2.7145 | C-index: 0.6664

Epoch 13
-------------------------------
loss: 1.277400  [   64/  678]
loss: 1.609392  [  256/  678]
loss: 1.343910  [  448/  678]
loss: 1.260586  [  640/  678]
Average Training Loss: 0.499208
Val Loss: 2.4875 | C-index: 0.6651

Epoch 14
-------------------------------
loss: 0.923907  [   64/  678]
loss: 1.116790  [  256/  678]
loss: 1.315874  [  448/  678]
loss: 1.112556  [  640/  678]
Average Training Loss: 0.406284
Val Loss: 2.3573 | C-index: 0.6012

Stopping early at Epoch 14 since no C-Index improvement after 5 epochs.
Done!
Best C-Index = 0.703125 at Epoch 9

=========================================
CV training complete! Mean ± std C-index: 0.7244 ± 0.0158
Best epochs per fold: [9, 6, 10, 14, 9]

=========================================
Retraining model on full train+val for 10 epochs...
Epoch 1
-------------------------------
loss: 2.939935  [   64/  847]
loss: 2.920086  [  320/  847]
loss: 3.081234  [  576/  847]
loss: 2.841224  [  832/  847]
Average Training Loss: 0.841606
Val Loss: 2.8193 | C-index: 0.7203

Epoch 2
-------------------------------
loss: 3.072104  [   64/  847]
loss: 2.946700  [  320/  847]
loss: 3.252949  [  576/  847]
loss: 3.197255  [  832/  847]
Average Training Loss: 0.890643
Val Loss: 2.6166 | C-index: 0.7787

Epoch 3
-------------------------------
loss: 2.272122  [   64/  847]
loss: 2.738588  [  320/  847]
loss: 2.645149  [  576/  847]
loss: 2.804697  [  832/  847]
Average Training Loss: 0.747183
Val Loss: 2.2382 | C-index: 0.8770

Epoch 4
-------------------------------
loss: 2.622414  [   64/  847]
loss: 2.352822  [  320/  847]
loss: 2.740875  [  576/  847]
loss: 2.292936  [  832/  847]
Average Training Loss: 0.714932
Val Loss: 1.6809 | C-index: 0.9284

Epoch 5
-------------------------------
loss: 1.626611  [   64/  847]
loss: 1.925513  [  320/  847]
loss: 1.910507  [  576/  847]
loss: 2.164968  [  832/  847]
Average Training Loss: 0.544828
Val Loss: 1.5671 | C-index: 0.9443

Epoch 6
-------------------------------
loss: 1.360061  [   64/  847]
loss: 1.153680  [  320/  847]
loss: 1.998662  [  576/  847]
loss: 1.601149  [  832/  847]
Average Training Loss: 0.436682
Val Loss: 1.7648 | C-index: 0.9150

Epoch 7
-------------------------------
loss: 1.677740  [   64/  847]
loss: 2.249248  [  320/  847]
loss: 1.499918  [  576/  847]
loss: 1.866234  [  832/  847]
Average Training Loss: 0.520938
Val Loss: 1.4507 | C-index: 0.9609

Epoch 8
-------------------------------
loss: 1.545857  [   64/  847]
loss: 1.810158  [  320/  847]
loss: 1.071184  [  576/  847]
loss: 1.856069  [  832/  847]
Average Training Loss: 0.448805
Val Loss: 1.1281 | C-index: 0.9698

Epoch 9
-------------------------------
loss: 1.518261  [   64/  847]
loss: 1.425501  [  320/  847]
loss: 0.723750  [  576/  847]
loss: 2.088696  [  832/  847]
Average Training Loss: 0.411158
Val Loss: 1.3566 | C-index: 0.9608

Epoch 10
-------------------------------
loss: 1.429450  [   64/  847]
loss: 1.908202  [  320/  847]
loss: 0.893243  [  576/  847]
loss: 1.402483  [  832/  847]
Average Training Loss: 0.402384
Val Loss: 1.3317 | C-index: 0.9579

Done!
Best C-Index = 0.9697518651824661 at Epoch 8
FINAL TEST Average Loss: 2.8747
FINAL TEST C-index: 0.6267
Bootstrap 95% CI: [0.5063, 0.7464]
Results saved to /Users/evan/Documents/GitHub/HyBINN/experiments/runs/gene/seed_7/results.json
