train_hybinn.py log started 2026-06-17 01:16:35.586592
=========================================
Model Active Branches: ['binn', 'clinical']
=========================================

=========================================
FOLD 1/5
=========================================

Epoch 1
-------------------------------
loss: 3.001852  [   64/  677]
loss: 2.419989  [  256/  677]
loss: 3.133700  [  448/  677]
loss: 3.068308  [  640/  677]
Average Training Loss: 1.056714
Val Loss: 3.0720 | C-index: 0.5226

Epoch 2
-------------------------------
loss: 2.845934  [   64/  677]
loss: 2.760161  [  256/  677]
loss: 3.442619  [  448/  677]
loss: 3.188292  [  640/  677]
Average Training Loss: 1.112455
Val Loss: 3.0696 | C-index: 0.4680

Epoch 3
-------------------------------
loss: 2.643605  [   64/  677]
loss: 2.938892  [  256/  677]
loss: 2.785745  [  448/  677]
loss: 2.930424  [  640/  677]
Average Training Loss: 1.027151
Val Loss: 3.0578 | C-index: 0.5012

Epoch 4
-------------------------------
loss: 2.474205  [   64/  677]
loss: 3.123686  [  256/  677]
loss: 2.902308  [  448/  677]
loss: 2.554432  [  640/  677]
Average Training Loss: 1.004966
Val Loss: 3.0478 | C-index: 0.4908

Epoch 5
-------------------------------
loss: 2.958995  [   64/  677]
loss: 2.944146  [  256/  677]
loss: 2.707905  [  448/  677]
loss: 2.400073  [  640/  677]
Average Training Loss: 1.001011
Val Loss: 3.0236 | C-index: 0.5270

Epoch 6
-------------------------------
loss: 3.039094  [   64/  677]
loss: 2.793533  [  256/  677]
loss: 2.737109  [  448/  677]
loss: 2.679013  [  640/  677]
Average Training Loss: 1.022614
Val Loss: 2.9419 | C-index: 0.6496

Epoch 7
-------------------------------
loss: 2.695912  [   64/  677]
loss: 2.898057  [  256/  677]
loss: 2.949935  [  448/  677]
loss: 2.635296  [  640/  677]
Average Training Loss: 1.016291
Val Loss: 2.9033 | C-index: 0.6958

Epoch 8
-------------------------------
loss: 2.509410  [   64/  677]
loss: 2.611465  [  256/  677]
loss: 3.004030  [  448/  677]
loss: 2.216188  [  640/  677]
Average Training Loss: 0.940099
Val Loss: 2.9128 | C-index: 0.7117

Epoch 9
-------------------------------
loss: 2.932388  [   64/  677]
loss: 2.493704  [  256/  677]
loss: 2.681894  [  448/  677]
loss: 2.335650  [  640/  677]
Average Training Loss: 0.949421
Val Loss: 2.9072 | C-index: 0.6873

Epoch 10
-------------------------------
loss: 2.603296  [   64/  677]
loss: 2.546827  [  256/  677]
loss: 2.494917  [  448/  677]
loss: 2.386424  [  640/  677]
Average Training Loss: 0.911951
Val Loss: 2.8947 | C-index: 0.6903

Epoch 11
-------------------------------
loss: 2.174371  [   64/  677]
loss: 2.601577  [  256/  677]
loss: 2.545277  [  448/  677]
loss: 2.549834  [  640/  677]
Average Training Loss: 0.897369
Val Loss: 2.8886 | C-index: 0.7325

Epoch 12
-------------------------------
loss: 2.225483  [   64/  677]
loss: 2.410798  [  256/  677]
loss: 2.650665  [  448/  677]
loss: 2.396492  [  640/  677]
Average Training Loss: 0.880312
Val Loss: 2.8540 | C-index: 0.7533

Epoch 13
-------------------------------
loss: 2.091811  [   64/  677]
loss: 2.262894  [  256/  677]
loss: 2.454354  [  448/  677]
loss: 2.243161  [  640/  677]
Average Training Loss: 0.822929
Val Loss: 2.8861 | C-index: 0.7221

Epoch 14
-------------------------------
loss: 2.517890  [   64/  677]
loss: 2.015345  [  256/  677]
loss: 2.756209  [  448/  677]
loss: 2.465845  [  640/  677]
Average Training Loss: 0.886844
Val Loss: 2.8422 | C-index: 0.7449

Epoch 15
-------------------------------
loss: 1.999668  [   64/  677]
loss: 2.498335  [  256/  677]
loss: 2.552188  [  448/  677]
loss: 2.143242  [  640/  677]
Average Training Loss: 0.835767
Val Loss: 2.8649 | C-index: 0.7543

Epoch 16
-------------------------------
loss: 2.192604  [   64/  677]
loss: 2.380748  [  256/  677]
loss: 2.472006  [  448/  677]
loss: 2.050420  [  640/  677]
Average Training Loss: 0.826889
Val Loss: 2.9448 | C-index: 0.6933

Epoch 17
-------------------------------
loss: 2.190262  [   64/  677]
loss: 2.302138  [  256/  677]
loss: 2.164396  [  448/  677]
loss: 2.068212  [  640/  677]
Average Training Loss: 0.793182
Val Loss: 2.9069 | C-index: 0.7062

Epoch 18
-------------------------------
loss: 2.409426  [   64/  677]
loss: 2.071236  [  256/  677]
loss: 2.141148  [  448/  677]
loss: 2.012307  [  640/  677]
Average Training Loss: 0.784920
Val Loss: 2.8612 | C-index: 0.7489

Epoch 19
-------------------------------
loss: 2.447832  [   64/  677]
loss: 2.315956  [  256/  677]
loss: 2.127404  [  448/  677]
loss: 1.950029  [  640/  677]
Average Training Loss: 0.803747
Val Loss: 2.9297 | C-index: 0.7261

Epoch 20
-------------------------------
loss: 2.152026  [   64/  677]
loss: 1.840995  [  256/  677]
loss: 2.465417  [  448/  677]
loss: 2.052293  [  640/  677]
Average Training Loss: 0.773703
Val Loss: 2.8756 | C-index: 0.7553

Epoch 21
-------------------------------
loss: 2.295056  [   64/  677]
loss: 2.331147  [  256/  677]
loss: 2.116727  [  448/  677]
loss: 1.844914  [  640/  677]
Average Training Loss: 0.780713
Val Loss: 2.8508 | C-index: 0.7653

Epoch 22
-------------------------------
loss: 2.050339  [   64/  677]
loss: 2.104274  [  256/  677]
loss: 2.183457  [  448/  677]
loss: 1.924464  [  640/  677]
Average Training Loss: 0.751139
Val Loss: 2.8900 | C-index: 0.7340

Epoch 23
-------------------------------
loss: 2.373169  [   64/  677]
loss: 1.612783  [  256/  677]
loss: 2.167141  [  448/  677]
loss: 1.532344  [  640/  677]
Average Training Loss: 0.698676
Val Loss: 2.8506 | C-index: 0.7380

Epoch 24
-------------------------------
loss: 2.280109  [   64/  677]
loss: 0.897910  [  256/  677]
loss: 2.313998  [  448/  677]
loss: 2.067309  [  640/  677]
Average Training Loss: 0.687211
Val Loss: 2.8320 | C-index: 0.7543

Epoch 25
-------------------------------
loss: 1.959242  [   64/  677]
loss: 2.039822  [  256/  677]
loss: 2.335152  [  448/  677]
loss: 2.202672  [  640/  677]
Average Training Loss: 0.776081
Val Loss: 2.9062 | C-index: 0.6854

Epoch 26
-------------------------------
loss: 2.369212  [   64/  677]
loss: 2.338473  [  256/  677]
loss: 2.151038  [  448/  677]
loss: 1.974792  [  640/  677]
Average Training Loss: 0.803047
Val Loss: 2.7866 | C-index: 0.7563

Stopping early at Epoch 26 since no C-Index improvement after 5 epochs.
Done!
Best C-Index = 0.7652605459057072 at Epoch 21

=========================================
FOLD 2/5
=========================================

Epoch 1
-------------------------------
loss: 2.826226  [   64/  677]
loss: 3.324021  [  256/  677]
loss: 2.543462  [  448/  677]
loss: 3.019132  [  640/  677]
Average Training Loss: 1.064804
Val Loss: 2.6264 | C-index: 0.5904

Epoch 2
-------------------------------
loss: 2.778122  [   64/  677]
loss: 2.864810  [  256/  677]
loss: 2.993937  [  448/  677]
loss: 3.179359  [  640/  677]
Average Training Loss: 1.074203
Val Loss: 2.6203 | C-index: 0.5801

Epoch 3
-------------------------------
loss: 3.277569  [   64/  677]
loss: 3.114670  [  256/  677]
loss: 3.148646  [  448/  677]
loss: 2.921249  [  640/  677]
Average Training Loss: 1.132921
Val Loss: 2.6089 | C-index: 0.5568

Epoch 4
-------------------------------
loss: 3.618582  [   64/  677]
loss: 3.106837  [  256/  677]
loss: 2.955378  [  448/  677]
loss: 2.648690  [  640/  677]
Average Training Loss: 1.120862
Val Loss: 2.5886 | C-index: 0.5921

Epoch 5
-------------------------------
loss: 3.159279  [   64/  677]
loss: 1.758471  [  256/  677]
loss: 2.895112  [  448/  677]
loss: 2.732023  [  640/  677]
Average Training Loss: 0.958626
Val Loss: 2.5651 | C-index: 0.6144

Epoch 6
-------------------------------
loss: 3.078056  [   64/  677]
loss: 2.700547  [  256/  677]
loss: 2.869305  [  448/  677]
loss: 2.719432  [  640/  677]
Average Training Loss: 1.033395
Val Loss: 2.5793 | C-index: 0.6309

Epoch 7
-------------------------------
loss: 2.998830  [   64/  677]
loss: 3.180998  [  256/  677]
loss: 2.655078  [  448/  677]
loss: 2.824210  [  640/  677]
Average Training Loss: 1.059920
Val Loss: 2.6101 | C-index: 0.6378

Epoch 8
-------------------------------
loss: 2.461082  [   64/  677]
loss: 2.756033  [  256/  677]
loss: 2.869366  [  448/  677]
loss: 2.712239  [  640/  677]
Average Training Loss: 0.981702
Val Loss: 2.6532 | C-index: 0.6589

Epoch 9
-------------------------------
loss: 3.010483  [   64/  677]
loss: 2.743701  [  256/  677]
loss: 2.469736  [  448/  677]
loss: 2.687994  [  640/  677]
Average Training Loss: 0.991992
Val Loss: 2.6143 | C-index: 0.6577

Epoch 10
-------------------------------
loss: 2.865712  [   64/  677]
loss: 2.338955  [  256/  677]
loss: 2.784816  [  448/  677]
loss: 2.506869  [  640/  677]
Average Training Loss: 0.954214
Val Loss: 2.6533 | C-index: 0.6577

Epoch 11
-------------------------------
loss: 2.551705  [   64/  677]
loss: 2.289519  [  256/  677]
loss: 2.456116  [  448/  677]
loss: 2.427480  [  640/  677]
Average Training Loss: 0.884075
Val Loss: 2.6339 | C-index: 0.6549

Epoch 12
-------------------------------
loss: 2.578075  [   64/  677]
loss: 2.607557  [  256/  677]
loss: 2.324177  [  448/  677]
loss: 2.425018  [  640/  677]
Average Training Loss: 0.903166
Val Loss: 2.6277 | C-index: 0.6458

Epoch 13
-------------------------------
loss: 2.220040  [   64/  677]
loss: 2.305681  [  256/  677]
loss: 2.535060  [  448/  677]
loss: 2.015060  [  640/  677]
Average Training Loss: 0.825076
Val Loss: 2.6353 | C-index: 0.6891

Epoch 14
-------------------------------
loss: 2.669055  [   64/  677]
loss: 2.357527  [  256/  677]
loss: 1.838834  [  448/  677]
loss: 2.019763  [  640/  677]
Average Training Loss: 0.807744
Val Loss: 2.6522 | C-index: 0.6788

Epoch 15
-------------------------------
loss: 2.534668  [   64/  677]
loss: 2.532020  [  256/  677]
loss: 2.431426  [  448/  677]
loss: 2.205435  [  640/  677]
Average Training Loss: 0.882141
Val Loss: 2.6430 | C-index: 0.6600

Epoch 16
-------------------------------
loss: 2.838057  [   64/  677]
loss: 2.310276  [  256/  677]
loss: 2.307403  [  448/  677]
loss: 2.062253  [  640/  677]
Average Training Loss: 0.865272
Val Loss: 2.6081 | C-index: 0.6851

Epoch 17
-------------------------------
loss: 2.326498  [   64/  677]
loss: 2.224522  [  256/  677]
loss: 2.850791  [  448/  677]
loss: 2.396176  [  640/  677]
Average Training Loss: 0.890726
Val Loss: 2.5748 | C-index: 0.6920

Epoch 18
-------------------------------
loss: 2.393550  [   64/  677]
loss: 2.291905  [  256/  677]
loss: 2.116556  [  448/  677]
loss: 2.560668  [  640/  677]
Average Training Loss: 0.851153
Val Loss: 2.5622 | C-index: 0.6800

Epoch 19
-------------------------------
loss: 2.211712  [   64/  677]
loss: 2.353362  [  256/  677]
loss: 2.425369  [  448/  677]
loss: 1.940781  [  640/  677]
Average Training Loss: 0.811929
Val Loss: 2.5997 | C-index: 0.6788

Epoch 20
-------------------------------
loss: 2.483599  [   64/  677]
loss: 2.092959  [  256/  677]
loss: 2.224789  [  448/  677]
loss: 2.025416  [  640/  677]
Average Training Loss: 0.802433
Val Loss: 2.6062 | C-index: 0.6805

Epoch 21
-------------------------------
loss: 1.713016  [   64/  677]
loss: 2.214953  [  256/  677]
loss: 2.026232  [  448/  677]
loss: 2.428869  [  640/  677]
Average Training Loss: 0.762097
Val Loss: 2.6618 | C-index: 0.6902

Epoch 22
-------------------------------
loss: 2.316868  [   64/  677]
loss: 2.072362  [  256/  677]
loss: 2.334279  [  448/  677]
loss: 2.261322  [  640/  677]
Average Training Loss: 0.816803
Val Loss: 2.6541 | C-index: 0.6435

Stopping early at Epoch 22 since no C-Index improvement after 5 epochs.
Done!
Best C-Index = 0.6919566457501426 at Epoch 17

=========================================
FOLD 3/5
=========================================

Epoch 1
-------------------------------
loss: 2.996909  [   64/  678]
loss: 2.819640  [  256/  678]
loss: 2.789591  [  448/  678]
loss: 2.574193  [  640/  678]
Average Training Loss: 1.016394
Val Loss: 3.0326 | C-index: 0.5372

Epoch 2
-------------------------------
loss: 3.085086  [   64/  678]
loss: 3.271247  [  256/  678]
loss: 2.465704  [  448/  678]
loss: 2.890684  [  640/  678]
Average Training Loss: 1.064793
Val Loss: 3.0312 | C-index: 0.5529

Epoch 3
-------------------------------
loss: 3.113280  [   64/  678]
loss: 2.996163  [  256/  678]
loss: 2.901801  [  448/  678]
loss: 2.810615  [  640/  678]
Average Training Loss: 1.074715
Val Loss: 3.0334 | C-index: 0.5393

Epoch 4
-------------------------------
loss: 2.940212  [   64/  678]
loss: 3.483646  [  256/  678]
loss: 2.769757  [  448/  678]
loss: 2.106615  [  640/  678]
Average Training Loss: 1.027294
Val Loss: 3.0479 | C-index: 0.5535

Epoch 5
-------------------------------
loss: 3.032287  [   64/  678]
loss: 2.996510  [  256/  678]
loss: 2.299680  [  448/  678]
loss: 2.663237  [  640/  678]
Average Training Loss: 0.999247
Val Loss: 3.0550 | C-index: 0.5592

Epoch 6
-------------------------------
loss: 2.884828  [   64/  678]
loss: 2.849419  [  256/  678]
loss: 2.647830  [  448/  678]
loss: 2.113626  [  640/  678]
Average Training Loss: 0.954155
Val Loss: 3.0343 | C-index: 0.5786

Epoch 7
-------------------------------
loss: 2.713370  [   64/  678]
loss: 2.331116  [  256/  678]
loss: 3.526508  [  448/  678]
loss: 2.326763  [  640/  678]
Average Training Loss: 0.990705
Val Loss: 2.9953 | C-index: 0.5991

Epoch 8
-------------------------------
loss: 2.813380  [   64/  678]
loss: 2.706881  [  256/  678]
loss: 2.506743  [  448/  678]
loss: 2.565712  [  640/  678]
Average Training Loss: 0.962974
Val Loss: 2.9561 | C-index: 0.6331

Epoch 9
-------------------------------
loss: 2.590658  [   64/  678]
loss: 2.598654  [  256/  678]
loss: 2.612539  [  448/  678]
loss: 2.510216  [  640/  678]
Average Training Loss: 0.937461
Val Loss: 2.9783 | C-index: 0.6310

Epoch 10
-------------------------------
loss: 2.515258  [   64/  678]
loss: 2.364255  [  256/  678]
loss: 2.554274  [  448/  678]
loss: 2.390785  [  640/  678]
Average Training Loss: 0.893143
Val Loss: 2.9593 | C-index: 0.6316

Epoch 11
-------------------------------
loss: 2.417971  [   64/  678]
loss: 2.255370  [  256/  678]
loss: 2.372615  [  448/  678]
loss: 2.340722  [  640/  678]
Average Training Loss: 0.853334
Val Loss: 2.9405 | C-index: 0.6509

Epoch 12
-------------------------------
loss: 2.171319  [   64/  678]
loss: 1.862624  [  256/  678]
loss: 2.635597  [  448/  678]
loss: 2.448655  [  640/  678]
Average Training Loss: 0.828927
Val Loss: 2.9860 | C-index: 0.6137

Epoch 13
-------------------------------
loss: 1.971868  [   64/  678]
loss: 2.683199  [  256/  678]
loss: 2.332555  [  448/  678]
loss: 2.601712  [  640/  678]
Average Training Loss: 0.871758
Val Loss: 2.9450 | C-index: 0.6289

Epoch 14
-------------------------------
loss: 2.694519  [   64/  678]
loss: 2.310727  [  256/  678]
loss: 1.966807  [  448/  678]
loss: 1.993310  [  640/  678]
Average Training Loss: 0.815033
Val Loss: 2.9109 | C-index: 0.6656

Epoch 15
-------------------------------
loss: 2.216450  [   64/  678]
loss: 1.282745  [  256/  678]
loss: 2.478447  [  448/  678]
loss: 1.763036  [  640/  678]
Average Training Loss: 0.703698
Val Loss: 2.9120 | C-index: 0.6635

Epoch 16
-------------------------------
loss: 2.670076  [   64/  678]
loss: 2.269615  [  256/  678]
loss: 1.481082  [  448/  678]
loss: 2.063419  [  640/  678]
Average Training Loss: 0.771290
Val Loss: 2.9165 | C-index: 0.6782

Epoch 17
-------------------------------
loss: 2.274363  [   64/  678]
loss: 2.525277  [  256/  678]
loss: 2.345627  [  448/  678]
loss: 2.179277  [  640/  678]
Average Training Loss: 0.847686
Val Loss: 2.8639 | C-index: 0.7002

Epoch 18
-------------------------------
loss: 2.029723  [   64/  678]
loss: 2.445575  [  256/  678]
loss: 2.351640  [  448/  678]
loss: 2.491360  [  640/  678]
Average Training Loss: 0.847118
Val Loss: 2.9057 | C-index: 0.7034

Epoch 19
-------------------------------
loss: 2.425346  [   64/  678]
loss: 2.257603  [  256/  678]
loss: 2.359852  [  448/  678]
loss: 2.796447  [  640/  678]
Average Training Loss: 0.894477
Val Loss: 2.8759 | C-index: 0.6944

Epoch 20
-------------------------------
loss: 2.254881  [   64/  678]
loss: 1.903028  [  256/  678]
loss: 2.553613  [  448/  678]
loss: 1.714859  [  640/  678]
Average Training Loss: 0.766035
Val Loss: 2.9195 | C-index: 0.6829

Epoch 21
-------------------------------
loss: 1.617286  [   64/  678]
loss: 1.987399  [  256/  678]
loss: 2.767101  [  448/  678]
loss: 1.824879  [  640/  678]
Average Training Loss: 0.745151
Val Loss: 2.8781 | C-index: 0.7044

Epoch 22
-------------------------------
loss: 2.015621  [   64/  678]
loss: 2.494329  [  256/  678]
loss: 2.227340  [  448/  678]
loss: 2.230084  [  640/  678]
Average Training Loss: 0.815216
Val Loss: 2.8713 | C-index: 0.7180

Epoch 23
-------------------------------
loss: 2.663945  [   64/  678]
loss: 2.184202  [  256/  678]
loss: 2.117167  [  448/  678]
loss: 2.160643  [  640/  678]
Average Training Loss: 0.829632
Val Loss: 2.8969 | C-index: 0.7091

Epoch 24
-------------------------------
loss: 2.279418  [   64/  678]
loss: 2.014073  [  256/  678]
loss: 1.931836  [  448/  678]
loss: 2.376150  [  640/  678]
Average Training Loss: 0.781952
Val Loss: 2.8651 | C-index: 0.6981

Epoch 25
-------------------------------
loss: 1.947112  [   64/  678]
loss: 2.180888  [  256/  678]
loss: 2.598612  [  448/  678]
loss: 1.781507  [  640/  678]
Average Training Loss: 0.773465
Val Loss: 2.9182 | C-index: 0.6929

Epoch 26
-------------------------------
loss: 1.716648  [   64/  678]
loss: 2.071853  [  256/  678]
loss: 2.321082  [  448/  678]
loss: 1.953542  [  640/  678]
Average Training Loss: 0.733011
Val Loss: 2.9097 | C-index: 0.6813

Epoch 27
-------------------------------
loss: 2.314594  [   64/  678]
loss: 2.334892  [  256/  678]
loss: 2.450011  [  448/  678]
loss: 2.220554  [  640/  678]
Average Training Loss: 0.847277
Val Loss: 2.8690 | C-index: 0.7206

Epoch 28
-------------------------------
loss: 2.375219  [   64/  678]
loss: 2.112239  [  256/  678]
loss: 2.372974  [  448/  678]
loss: 1.423821  [  640/  678]
Average Training Loss: 0.753114
Val Loss: 2.9024 | C-index: 0.7034

Epoch 29
-------------------------------
loss: 2.724913  [   64/  678]
loss: 2.205373  [  256/  678]
loss: 1.998614  [  448/  678]
loss: 2.336243  [  640/  678]
Average Training Loss: 0.842286
Val Loss: 2.9007 | C-index: 0.6824

Epoch 30
-------------------------------
loss: 2.278831  [   64/  678]
loss: 2.294624  [  256/  678]
loss: 2.209273  [  448/  678]
loss: 2.226340  [  640/  678]
Average Training Loss: 0.819006
Val Loss: 2.9299 | C-index: 0.6536

Epoch 31
-------------------------------
loss: 1.945698  [   64/  678]
loss: 2.179092  [  256/  678]
loss: 2.286556  [  448/  678]
loss: 1.711785  [  640/  678]
Average Training Loss: 0.738466
Val Loss: 2.8937 | C-index: 0.6845

Epoch 32
-------------------------------
loss: 2.161119  [   64/  678]
loss: 2.232359  [  256/  678]
loss: 2.063208  [  448/  678]
loss: 1.907199  [  640/  678]
Average Training Loss: 0.760353
Val Loss: 2.8713 | C-index: 0.7023

Stopping early at Epoch 32 since no C-Index improvement after 5 epochs.
Done!
Best C-Index = 0.7206498951781971 at Epoch 27

=========================================
FOLD 4/5
=========================================

Epoch 1
-------------------------------
loss: 2.678821  [   64/  678]
loss: 3.178909  [  256/  678]
loss: 3.310266  [  448/  678]
loss: 3.186824  [  640/  678]
Average Training Loss: 1.123165
Val Loss: 2.2870 | C-index: 0.8379

Epoch 2
-------------------------------
loss: 3.354935  [   64/  678]
loss: 3.075018  [  256/  678]
loss: 3.672933  [  448/  678]
loss: 3.368875  [  640/  678]
Average Training Loss: 1.224706
Val Loss: 2.2822 | C-index: 0.7926

Epoch 3
-------------------------------
loss: 2.836449  [   64/  678]
loss: 3.322524  [  256/  678]
loss: 3.170042  [  448/  678]
loss: 3.340827  [  640/  678]
Average Training Loss: 1.151804
Val Loss: 2.2681 | C-index: 0.7790

Epoch 4
-------------------------------
loss: 3.375941  [   64/  678]
loss: 3.182811  [  256/  678]
loss: 2.740684  [  448/  678]
loss: 3.421886  [  640/  678]
Average Training Loss: 1.156484
Val Loss: 2.2247 | C-index: 0.7418

Epoch 5
-------------------------------
loss: 2.492646  [   64/  678]
loss: 2.940321  [  256/  678]
loss: 2.964121  [  448/  678]
loss: 3.330755  [  640/  678]
Average Training Loss: 1.066168
Val Loss: 2.1517 | C-index: 0.7391

Epoch 6
-------------------------------
loss: 2.628675  [   64/  678]
loss: 3.107046  [  256/  678]
loss: 2.791087  [  448/  678]
loss: 2.683307  [  640/  678]
Average Training Loss: 1.019101
Val Loss: 2.1261 | C-index: 0.7563

Stopping early at Epoch 6 since no C-Index improvement after 5 epochs.
Done!
Best C-Index = 0.8378623188405797 at Epoch 1

=========================================
FOLD 5/5
=========================================

Epoch 1
-------------------------------
loss: 2.402085  [   64/  678]
loss: 3.514562  [  256/  678]
loss: 2.327364  [  448/  678]
loss: 2.623757  [  640/  678]
Average Training Loss: 0.987979
Val Loss: 2.8995 | C-index: 0.7073

Epoch 2
-------------------------------
loss: 2.832012  [   64/  678]
loss: 2.854279  [  256/  678]
loss: 3.445461  [  448/  678]
loss: 2.795137  [  640/  678]
Average Training Loss: 1.084263
Val Loss: 2.8942 | C-index: 0.6667

Epoch 3
-------------------------------
loss: 2.512224  [   64/  678]
loss: 3.270320  [  256/  678]
loss: 2.932855  [  448/  678]
loss: 2.785495  [  640/  678]
Average Training Loss: 1.045536
Val Loss: 2.8816 | C-index: 0.6296

Epoch 4
-------------------------------
loss: 2.536593  [   64/  678]
loss: 2.574154  [  256/  678]
loss: 3.369886  [  448/  678]
loss: 2.662570  [  640/  678]
Average Training Loss: 1.013018
Val Loss: 2.8599 | C-index: 0.6111

Epoch 5
-------------------------------
loss: 3.006200  [   64/  678]
loss: 2.741029  [  256/  678]
loss: 3.258017  [  448/  678]
loss: 3.073598  [  640/  678]
Average Training Loss: 1.098077
Val Loss: 2.8558 | C-index: 0.5998

Epoch 6
-------------------------------
loss: 2.976815  [   64/  678]
loss: 3.052810  [  256/  678]
loss: 1.799151  [  448/  678]
loss: 3.130972  [  640/  678]
Average Training Loss: 0.996341
Val Loss: 2.8461 | C-index: 0.6314

Stopping early at Epoch 6 since no C-Index improvement after 5 epochs.
Done!
Best C-Index = 0.7072879330943848 at Epoch 1

=========================================
CV training complete! Mean ± std C-index: 0.7446 ± 0.0527
Best epochs per fold: [21, 17, 27, 1, 1]

=========================================
Retraining model on full train+val for 13 epochs...
Epoch 1
-------------------------------
loss: 2.713684  [   64/  847]
loss: 3.052176  [  320/  847]
loss: 3.507535  [  576/  847]
loss: 3.321898  [  832/  847]
Average Training Loss: 0.899664
Val Loss: 2.8246 | C-index: 0.7436

Epoch 2
-------------------------------
loss: 3.167754  [   64/  847]
loss: 3.225853  [  320/  847]
loss: 2.141010  [  576/  847]
loss: 2.598425  [  832/  847]
Average Training Loss: 0.795217
Val Loss: 2.8392 | C-index: 0.7448

Epoch 3
-------------------------------
loss: 3.109931  [   64/  847]
loss: 2.874457  [  320/  847]
loss: 3.130695  [  576/  847]
loss: 2.548605  [  832/  847]
Average Training Loss: 0.833121
Val Loss: 2.8963 | C-index: 0.7467

Epoch 4
-------------------------------
loss: 3.045306  [   64/  847]
loss: 2.602562  [  320/  847]
loss: 3.061854  [  576/  847]
loss: 2.868495  [  832/  847]
Average Training Loss: 0.827016
Val Loss: 2.7938 | C-index: 0.7512

Epoch 5
-------------------------------
loss: 2.601037  [   64/  847]
loss: 2.999393  [  320/  847]
loss: 3.398448  [  576/  847]
loss: 2.774855  [  832/  847]
Average Training Loss: 0.840981
Val Loss: 2.6258 | C-index: 0.8079

Epoch 6
-------------------------------
loss: 3.190088  [   64/  847]
loss: 2.617882  [  320/  847]
loss: 2.646390  [  576/  847]
loss: 2.809983  [  832/  847]
Average Training Loss: 0.804596
Val Loss: 2.5370 | C-index: 0.8490

Epoch 7
-------------------------------
loss: 2.912822  [   64/  847]
loss: 2.784572  [  320/  847]
loss: 2.433945  [  576/  847]
loss: 2.695429  [  832/  847]
Average Training Loss: 0.773341
Val Loss: 2.5472 | C-index: 0.8780

Epoch 8
-------------------------------
loss: 2.118397  [   64/  847]
loss: 2.202663  [  320/  847]
loss: 2.466987  [  576/  847]
loss: 2.537869  [  832/  847]
Average Training Loss: 0.666137
Val Loss: 2.4601 | C-index: 0.8911

Epoch 9
-------------------------------
loss: 2.344154  [   64/  847]
loss: 2.323629  [  320/  847]
loss: 2.775190  [  576/  847]
loss: 2.174812  [  832/  847]
Average Training Loss: 0.686985
Val Loss: 2.3242 | C-index: 0.9000

Epoch 10
-------------------------------
loss: 2.810002  [   64/  847]
loss: 2.311310  [  320/  847]
loss: 1.873602  [  576/  847]
loss: 2.298921  [  832/  847]
Average Training Loss: 0.663845
Val Loss: 2.3967 | C-index: 0.9009

Epoch 11
-------------------------------
loss: 1.106736  [   64/  847]
loss: 3.196121  [  320/  847]
loss: 2.542450  [  576/  847]
loss: 2.860460  [  832/  847]
Average Training Loss: 0.693269
Val Loss: 2.3517 | C-index: 0.9173

Epoch 12
-------------------------------
loss: 2.424539  [   64/  847]
loss: 2.404997  [  320/  847]
loss: 2.704336  [  576/  847]
loss: 2.588472  [  832/  847]
Average Training Loss: 0.723025
Val Loss: 2.2409 | C-index: 0.9233

Epoch 13
-------------------------------
loss: 2.277051  [   64/  847]
loss: 2.169819  [  320/  847]
loss: 2.520483  [  576/  847]
loss: 2.332370  [  832/  847]
Average Training Loss: 0.664266
Val Loss: 2.2981 | C-index: 0.9255

Done!
Best C-Index = 0.9255279123359826 at Epoch 13
FINAL TEST Average Loss: 2.3774
FINAL TEST C-index: 0.6829
Bootstrap 95% CI: [0.5726, 0.7888]
Top 10 activated pathways:
{'R-HSA-8940973': 0.06916029006242752, 'R-HSA-4608870': 0.0650428831577301, 'R-HSA-5627117': 0.057709433138370514, 'R-HSA-71403': 0.0554635152220726, 'R-HSA-5693554': 0.05539058893918991, 'R-HSA-380972': 0.05509499832987785, 'R-HSA-5693568': 0.053440749645233154, 'R-HSA-622312': 0.05170181021094322, 'R-HSA-445144': 0.050609007477760315, 'R-HSA-392518': 0.04981265589594841}
Results saved to /Users/evan/Documents/GitHub/HyBINN/experiments/runs/binn_clinical/seed_3/results.json
