train_hybinn.py log started 2026-06-17 01:28:31.125164
=========================================
Model Active Branches: ['binn', 'gene', 'clinical']
=========================================

=========================================
FOLD 1/5
=========================================

Epoch 1
-------------------------------
loss: 2.536683  [   64/  677]
loss: 3.577794  [  256/  677]
loss: 2.528945  [  448/  677]
loss: 2.642894  [  640/  677]
Average Training Loss: 1.026029
Val Loss: 2.5692 | C-index: 0.5220

Epoch 2
-------------------------------
loss: 2.741891  [   64/  677]
loss: 2.807629  [  256/  677]
loss: 3.126326  [  448/  677]
loss: 2.482100  [  640/  677]
Average Training Loss: 1.014359
Val Loss: 2.5194 | C-index: 0.6662

Epoch 3
-------------------------------
loss: 3.067957  [   64/  677]
loss: 2.780463  [  256/  677]
loss: 3.423867  [  448/  677]
loss: 2.872570  [  640/  677]
Average Training Loss: 1.104078
Val Loss: 2.4479 | C-index: 0.7757

Epoch 4
-------------------------------
loss: 2.526253  [   64/  677]
loss: 1.931897  [  256/  677]
loss: 2.687943  [  448/  677]
loss: 2.223411  [  640/  677]
Average Training Loss: 0.851773
Val Loss: 2.4347 | C-index: 0.7684

Epoch 5
-------------------------------
loss: 2.616284  [   64/  677]
loss: 2.560700  [  256/  677]
loss: 1.919866  [  448/  677]
loss: 1.891625  [  640/  677]
Average Training Loss: 0.817134
Val Loss: 2.5223 | C-index: 0.7437

Epoch 6
-------------------------------
loss: 2.018043  [   64/  677]
loss: 2.130113  [  256/  677]
loss: 1.879926  [  448/  677]
loss: 1.832453  [  640/  677]
Average Training Loss: 0.714594
Val Loss: 2.5790 | C-index: 0.6589

Epoch 7
-------------------------------
loss: 1.554842  [   64/  677]
loss: 2.002265  [  256/  677]
loss: 1.522462  [  448/  677]
loss: 1.389637  [  640/  677]
Average Training Loss: 0.588110
Val Loss: 2.6042 | C-index: 0.7750

Epoch 8
-------------------------------
loss: 1.741220  [   64/  677]
loss: 1.220833  [  256/  677]
loss: 1.403416  [  448/  677]
loss: 1.695026  [  640/  677]
Average Training Loss: 0.550954
Val Loss: 2.7604 | C-index: 0.7223

Stopping early at Epoch 8 since no C-Index improvement after 5 epochs.
Done!
Best C-Index = 0.7757009345794392 at Epoch 3

=========================================
FOLD 2/5
=========================================

Epoch 1
-------------------------------
loss: 2.814701  [   64/  677]
loss: 2.993532  [  256/  677]
loss: 2.749112  [  448/  677]
loss: 2.954155  [  640/  677]
Average Training Loss: 1.046500
Val Loss: 2.7903 | C-index: 0.4604

Epoch 2
-------------------------------
loss: 3.274714  [   64/  677]
loss: 1.841184  [  256/  677]
loss: 3.186038  [  448/  677]
loss: 2.478220  [  640/  677]
Average Training Loss: 0.980014
Val Loss: 2.8109 | C-index: 0.4699

Epoch 3
-------------------------------
loss: 2.362787  [   64/  677]
loss: 2.684515  [  256/  677]
loss: 2.999229  [  448/  677]
loss: 2.680992  [  640/  677]
Average Training Loss: 0.975229
Val Loss: 2.8029 | C-index: 0.4587

Epoch 4
-------------------------------
loss: 2.656448  [   64/  677]
loss: 2.425883  [  256/  677]
loss: 1.843266  [  448/  677]
loss: 2.665711  [  640/  677]
Average Training Loss: 0.871937
Val Loss: 2.8591 | C-index: 0.4687

Epoch 5
-------------------------------
loss: 2.224402  [   64/  677]
loss: 2.022817  [  256/  677]
loss: 2.112605  [  448/  677]
loss: 1.818302  [  640/  677]
Average Training Loss: 0.743466
Val Loss: 3.0703 | C-index: 0.5035

Epoch 6
-------------------------------
loss: 1.797857  [   64/  677]
loss: 1.570012  [  256/  677]
loss: 1.349068  [  448/  677]
loss: 1.630203  [  640/  677]
Average Training Loss: 0.577013
Val Loss: 2.9329 | C-index: 0.6021

Epoch 7
-------------------------------
loss: 0.595147  [   64/  677]
loss: 1.809695  [  256/  677]
loss: 1.751659  [  448/  677]
loss: 1.731271  [  640/  677]
Average Training Loss: 0.535252
Val Loss: 3.1153 | C-index: 0.5360

Epoch 8
-------------------------------
loss: 1.285639  [   64/  677]
loss: 1.466440  [  256/  677]
loss: 1.190927  [  448/  677]
loss: 1.912894  [  640/  677]
Average Training Loss: 0.532354
Val Loss: 3.3759 | C-index: 0.4823

Epoch 9
-------------------------------
loss: 1.393614  [   64/  677]
loss: 1.304162  [  256/  677]
loss: 1.066216  [  448/  677]
loss: 2.120172  [  640/  677]
Average Training Loss: 0.534924
Val Loss: 3.2502 | C-index: 0.5148

Epoch 10
-------------------------------
loss: 1.272514  [   64/  677]
loss: 0.898798  [  256/  677]
loss: 0.482282  [  448/  677]
loss: 2.157802  [  640/  677]
Average Training Loss: 0.437400
Val Loss: 3.1402 | C-index: 0.5673

Epoch 11
-------------------------------
loss: 1.686401  [   64/  677]
loss: 0.952612  [  256/  677]
loss: 1.371203  [  448/  677]
loss: 1.947223  [  640/  677]
Average Training Loss: 0.541585
Val Loss: 3.6098 | C-index: 0.4658

Stopping early at Epoch 11 since no C-Index improvement after 5 epochs.
Done!
Best C-Index = 0.602125147579693 at Epoch 6

=========================================
FOLD 3/5
=========================================

Epoch 1
-------------------------------
loss: 2.764103  [   64/  678]
loss: 2.766150  [  256/  678]
loss: 3.482332  [  448/  678]
loss: 2.167964  [  640/  678]
Average Training Loss: 1.016414
Val Loss: 2.8891 | C-index: 0.4714

Epoch 2
-------------------------------
loss: 2.935663  [   64/  678]
loss: 3.005004  [  256/  678]
loss: 2.955606  [  448/  678]
loss: 2.467443  [  640/  678]
Average Training Loss: 1.033065
Val Loss: 2.8755 | C-index: 0.5097

Epoch 3
-------------------------------
loss: 3.154582  [   64/  678]
loss: 2.850966  [  256/  678]
loss: 1.960020  [  448/  678]
loss: 3.052711  [  640/  678]
Average Training Loss: 1.001662
Val Loss: 2.8486 | C-index: 0.5625

Epoch 4
-------------------------------
loss: 2.762727  [   64/  678]
loss: 2.900566  [  256/  678]
loss: 2.573808  [  448/  678]
loss: 2.984797  [  640/  678]
Average Training Loss: 1.020173
Val Loss: 2.8971 | C-index: 0.5560

Epoch 5
-------------------------------
loss: 2.159675  [   64/  678]
loss: 2.379058  [  256/  678]
loss: 2.531785  [  448/  678]
loss: 2.080555  [  640/  678]
Average Training Loss: 0.831916
Val Loss: 2.6541 | C-index: 0.6638

Epoch 6
-------------------------------
loss: 1.872644  [   64/  678]
loss: 1.525522  [  256/  678]
loss: 1.762284  [  448/  678]
loss: 1.612851  [  640/  678]
Average Training Loss: 0.615755
Val Loss: 2.7218 | C-index: 0.6471

Epoch 7
-------------------------------
loss: 1.241823  [   64/  678]
loss: 1.251319  [  256/  678]
loss: 2.404367  [  448/  678]
loss: 1.671895  [  640/  678]
Average Training Loss: 0.597219
Val Loss: 2.8184 | C-index: 0.5986

Epoch 8
-------------------------------
loss: 1.320238  [   64/  678]
loss: 1.647547  [  256/  678]
loss: 1.943619  [  448/  678]
loss: 1.346640  [  640/  678]
Average Training Loss: 0.568913
Val Loss: 3.2092 | C-index: 0.5964

Epoch 9
-------------------------------
loss: 1.261465  [   64/  678]
loss: 1.508051  [  256/  678]
loss: 1.017002  [  448/  678]
loss: 1.157022  [  640/  678]
Average Training Loss: 0.449413
Val Loss: 2.7303 | C-index: 0.6040

Epoch 10
-------------------------------
loss: 1.579696  [   64/  678]
loss: 1.194764  [  256/  678]
loss: 1.479040  [  448/  678]
loss: 0.833227  [  640/  678]
Average Training Loss: 0.462430
Val Loss: 2.5862 | C-index: 0.7074

Epoch 11
-------------------------------
loss: 1.214286  [   64/  678]
loss: 1.493213  [  256/  678]
loss: 1.053263  [  448/  678]
loss: 1.877606  [  640/  678]
Average Training Loss: 0.512579
Val Loss: 2.8723 | C-index: 0.6228

Epoch 12
-------------------------------
loss: 1.945018  [   64/  678]
loss: 0.479539  [  256/  678]
loss: 1.415326  [  448/  678]
loss: 1.028086  [  640/  678]
Average Training Loss: 0.442543
Val Loss: 2.9230 | C-index: 0.6325

Epoch 13
-------------------------------
loss: 1.114061  [   64/  678]
loss: 0.595830  [  256/  678]
loss: 0.792885  [  448/  678]
loss: 1.173854  [  640/  678]
Average Training Loss: 0.334239
Val Loss: 3.0246 | C-index: 0.6659

Epoch 14
-------------------------------
loss: 1.239434  [   64/  678]
loss: 0.500521  [  256/  678]
loss: 0.731161  [  448/  678]
loss: 1.890743  [  640/  678]
Average Training Loss: 0.396533
Val Loss: 3.1649 | C-index: 0.6530

Epoch 15
-------------------------------
loss: 1.545132  [   64/  678]
loss: 0.746841  [  256/  678]
loss: 1.302330  [  448/  678]
loss: 1.256713  [  640/  678]
Average Training Loss: 0.441001
Val Loss: 2.7703 | C-index: 0.6638

Stopping early at Epoch 15 since no C-Index improvement after 5 epochs.
Done!
Best C-Index = 0.7074353448275862 at Epoch 10

=========================================
FOLD 4/5
=========================================

Epoch 1
-------------------------------
loss: 2.845637  [   64/  678]
loss: 3.130592  [  256/  678]
loss: 2.921896  [  448/  678]
loss: 2.714113  [  640/  678]
Average Training Loss: 1.055658
Val Loss: 2.7719 | C-index: 0.6166

Epoch 2
-------------------------------
loss: 3.013815  [   64/  678]
loss: 2.734633  [  256/  678]
loss: 3.273534  [  448/  678]
loss: 3.149192  [  640/  678]
Average Training Loss: 1.106470
Val Loss: 2.7447 | C-index: 0.6434

Epoch 3
-------------------------------
loss: 3.097667  [   64/  678]
loss: 2.601351  [  256/  678]
loss: 3.043578  [  448/  678]
loss: 2.946722  [  640/  678]
Average Training Loss: 1.062665
Val Loss: 2.7327 | C-index: 0.6350

Epoch 4
-------------------------------
loss: 3.211538  [   64/  678]
loss: 2.763412  [  256/  678]
loss: 2.295608  [  448/  678]
loss: 2.950706  [  640/  678]
Average Training Loss: 1.020115
Val Loss: 2.7285 | C-index: 0.6004

Epoch 5
-------------------------------
loss: 2.035243  [   64/  678]
loss: 2.276397  [  256/  678]
loss: 2.212473  [  448/  678]
loss: 2.069669  [  640/  678]
Average Training Loss: 0.781253
Val Loss: 2.8185 | C-index: 0.6829

Epoch 6
-------------------------------
loss: 1.774781  [   64/  678]
loss: 1.997549  [  256/  678]
loss: 2.182156  [  448/  678]
loss: 1.840614  [  640/  678]
Average Training Loss: 0.708645
Val Loss: 2.9530 | C-index: 0.6596

Epoch 7
-------------------------------
loss: 2.098890  [   64/  678]
loss: 1.698606  [  256/  678]
loss: 2.253447  [  448/  678]
loss: 1.470883  [  640/  678]
Average Training Loss: 0.683802
Val Loss: 2.8086 | C-index: 0.6970

Epoch 8
-------------------------------
loss: 1.377622  [   64/  678]
loss: 1.252861  [  256/  678]
loss: 1.396630  [  448/  678]
loss: 2.216185  [  640/  678]
Average Training Loss: 0.567572
Val Loss: 2.9813 | C-index: 0.6223

Epoch 9
-------------------------------
loss: 1.229226  [   64/  678]
loss: 1.545977  [  256/  678]
loss: 1.375399  [  448/  678]
loss: 1.525542  [  640/  678]
Average Training Loss: 0.516013
Val Loss: 3.0059 | C-index: 0.7385

Epoch 10
-------------------------------
loss: 1.163903  [   64/  678]
loss: 1.515701  [  256/  678]
loss: 1.458311  [  448/  678]
loss: 1.197853  [  640/  678]
Average Training Loss: 0.485070
Val Loss: 3.1166 | C-index: 0.6737

Epoch 11
-------------------------------
loss: 1.372960  [   64/  678]
loss: 1.378707  [  256/  678]
loss: 0.213253  [  448/  678]
loss: 1.750688  [  640/  678]
Average Training Loss: 0.428692
Val Loss: 3.0495 | C-index: 0.7216

Epoch 12
-------------------------------
loss: 1.432399  [   64/  678]
loss: 1.687433  [  256/  678]
loss: 0.939366  [  448/  678]
loss: 1.696946  [  640/  678]
Average Training Loss: 0.523286
Val Loss: 2.8659 | C-index: 0.6751

Epoch 13
-------------------------------
loss: 1.613999  [   64/  678]
loss: 1.019787  [  256/  678]
loss: 1.734445  [  448/  678]
loss: 1.278382  [  640/  678]
Average Training Loss: 0.513328
Val Loss: 2.9985 | C-index: 0.6603

Epoch 14
-------------------------------
loss: 0.659486  [   64/  678]
loss: 0.366708  [  256/  678]
loss: 1.089942  [  448/  678]
loss: 0.642026  [  640/  678]
Average Training Loss: 0.250742
Val Loss: 2.7830 | C-index: 0.7139

Stopping early at Epoch 14 since no C-Index improvement after 5 epochs.
Done!
Best C-Index = 0.7385482734319944 at Epoch 9

=========================================
FOLD 5/5
=========================================

Epoch 1
-------------------------------
loss: 3.468477  [   64/  678]
loss: 2.869345  [  256/  678]
loss: 3.000894  [  448/  678]
loss: 3.023580  [  640/  678]
Average Training Loss: 1.123845
Val Loss: 2.9178 | C-index: 0.7031

Epoch 2
-------------------------------
loss: 3.255292  [   64/  678]
loss: 2.756283  [  256/  678]
loss: 3.003712  [  448/  678]
loss: 2.845231  [  640/  678]
Average Training Loss: 1.078229
Val Loss: 2.9006 | C-index: 0.6719

Epoch 3
-------------------------------
loss: 2.765095  [   64/  678]
loss: 2.916977  [  256/  678]
loss: 2.677426  [  448/  678]
loss: 2.955170  [  640/  678]
Average Training Loss: 1.028606
Val Loss: 2.8197 | C-index: 0.7603

Epoch 4
-------------------------------
loss: 1.686887  [   64/  678]
loss: 2.283053  [  256/  678]
loss: 2.620335  [  448/  678]
loss: 2.994039  [  640/  678]
Average Training Loss: 0.871301
Val Loss: 2.7227 | C-index: 0.7672

Epoch 5
-------------------------------
loss: 2.168224  [   64/  678]
loss: 2.261108  [  256/  678]
loss: 1.859690  [  448/  678]
loss: 2.080303  [  640/  678]
Average Training Loss: 0.760848
Val Loss: 3.0782 | C-index: 0.6268

Epoch 6
-------------------------------
loss: 1.519421  [   64/  678]
loss: 1.864725  [  256/  678]
loss: 1.948839  [  448/  678]
loss: 0.417505  [  640/  678]
Average Training Loss: 0.522772
Val Loss: 3.0716 | C-index: 0.6395

Epoch 7
-------------------------------
loss: 1.696692  [   64/  678]
loss: 1.516153  [  256/  678]
loss: 1.647161  [  448/  678]
loss: 1.182389  [  640/  678]
Average Training Loss: 0.549309
Val Loss: 3.4002 | C-index: 0.6170

Epoch 8
-------------------------------
loss: 1.706501  [   64/  678]
loss: 1.617505  [  256/  678]
loss: 1.605187  [  448/  678]
loss: 1.783475  [  640/  678]
Average Training Loss: 0.610243
Val Loss: 3.3853 | C-index: 0.6817

Epoch 9
-------------------------------
loss: 1.534426  [   64/  678]
loss: 1.405195  [  256/  678]
loss: 1.410406  [  448/  678]
loss: 1.297785  [  640/  678]
Average Training Loss: 0.513437
Val Loss: 3.1764 | C-index: 0.6967

Stopping early at Epoch 9 since no C-Index improvement after 5 epochs.
Done!
Best C-Index = 0.7671865973425765 at Epoch 4

=========================================
CV training complete! Mean ± std C-index: 0.7182 ± 0.0628
Best epochs per fold: [3, 6, 10, 9, 4]

=========================================
Retraining model on full train+val for 6 epochs...
Epoch 1
-------------------------------
loss: 2.946039  [   64/  847]
loss: 3.223801  [  320/  847]
loss: 3.007076  [  576/  847]
loss: 2.954748  [  832/  847]
Average Training Loss: 0.866547
Val Loss: 2.8217 | C-index: 0.6322

Epoch 2
-------------------------------
loss: 2.870199  [   64/  847]
loss: 3.056353  [  320/  847]
loss: 2.839087  [  576/  847]
loss: 2.922795  [  832/  847]
Average Training Loss: 0.834888
Val Loss: 2.7194 | C-index: 0.7531

Epoch 3
-------------------------------
loss: 3.186017  [   64/  847]
loss: 2.776295  [  320/  847]
loss: 2.974430  [  576/  847]
loss: 2.576247  [  832/  847]
Average Training Loss: 0.822356
Val Loss: 2.4810 | C-index: 0.8523

Epoch 4
-------------------------------
loss: 2.714706  [   64/  847]
loss: 2.974129  [  320/  847]
loss: 2.372747  [  576/  847]
loss: 2.645027  [  832/  847]
Average Training Loss: 0.764758
Val Loss: 2.1488 | C-index: 0.9053

Epoch 5
-------------------------------
loss: 2.408531  [   64/  847]
loss: 2.773799  [  320/  847]
loss: 1.696414  [  576/  847]
loss: 1.642533  [  832/  847]
Average Training Loss: 0.608663
Val Loss: 1.6765 | C-index: 0.9392

Epoch 6
-------------------------------
loss: 1.667937  [   64/  847]
loss: 2.067663  [  320/  847]
loss: 1.989818  [  576/  847]
loss: 1.844665  [  832/  847]
Average Training Loss: 0.540720
Val Loss: 1.4936 | C-index: 0.9537

Done!
Best C-Index = 0.953656472863532 at Epoch 6
FINAL TEST Average Loss: 2.7277
FINAL TEST C-index: 0.6534
Bootstrap 95% CI: [0.5109, 0.7755]
Top 10 activated pathways:
{'R-HSA-5260271': 0.03774293139576912, 'R-HSA-379724': 0.03520047664642334, 'R-HSA-5218921': 0.035194531083106995, 'R-HSA-6804758': 0.03519422933459282, 'R-HSA-114508': 0.0350179485976696, 'R-HSA-5339562': 0.03216248005628586, 'R-HSA-399955': 0.031771764159202576, 'R-HSA-380108': 0.0312795452773571, 'R-HSA-210993': 0.03105263039469719, 'R-HSA-438066': 0.030703498050570488}
Results saved to /Users/evan/Documents/GitHub/HyBINN/experiments/runs/full_hybinn/seed_5/results.json
