train_hybinn.py log started 2026-06-05 22:47:59.572864
=========================================
Model Active Branches: ['gene', 'clinical']
=========================================

=========================================
FOLD 1/5
=========================================

Epoch 1
-------------------------------
loss: 3.029081  [   64/  677]
loss: 3.439409  [  256/  677]
loss: 3.088098  [  448/  677]
loss: 2.700741  [  640/  677]
Average Training Loss: 1.114303
Val Loss: 3.0159 | C-index: 0.5825

Epoch 2
-------------------------------
loss: 3.041603  [   64/  677]
loss: 2.913808  [  256/  677]
loss: 3.168873  [  448/  677]
loss: 2.466811  [  640/  677]
Average Training Loss: 1.053736
Val Loss: 2.9976 | C-index: 0.5906

Epoch 3
-------------------------------
loss: 2.579447  [   64/  677]
loss: 2.887410  [  256/  677]
loss: 2.518581  [  448/  677]
loss: 2.510796  [  640/  677]
Average Training Loss: 0.954203
Val Loss: 2.9994 | C-index: 0.6559

Epoch 4
-------------------------------
loss: 2.885367  [   64/  677]
loss: 2.029060  [  256/  677]
loss: 2.684078  [  448/  677]
loss: 2.246100  [  640/  677]
Average Training Loss: 0.894964
Val Loss: 2.9444 | C-index: 0.7069

Epoch 5
-------------------------------
loss: 1.547291  [   64/  677]
loss: 1.831220  [  256/  677]
loss: 2.246102  [  448/  677]
loss: 1.471524  [  640/  677]
Average Training Loss: 0.645103
Val Loss: 3.1135 | C-index: 0.6088

Epoch 6
-------------------------------
loss: 1.507329  [   64/  677]
loss: 1.903494  [  256/  677]
loss: 1.490382  [  448/  677]
loss: 1.606702  [  640/  677]
Average Training Loss: 0.591628
Val Loss: 3.1262 | C-index: 0.6693

Epoch 7
-------------------------------
loss: 1.359739  [   64/  677]
loss: 1.397099  [  256/  677]
loss: 1.171642  [  448/  677]
loss: 1.333950  [  640/  677]
Average Training Loss: 0.478403
Val Loss: 3.3000 | C-index: 0.6977

Epoch 8
-------------------------------
loss: 1.200334  [   64/  677]
loss: 1.148386  [  256/  677]
loss: 1.840373  [  448/  677]
loss: 1.413512  [  640/  677]
Average Training Loss: 0.509328
Val Loss: 3.3007 | C-index: 0.6683

Epoch 9
-------------------------------
loss: 1.187018  [   64/  677]
loss: 1.100245  [  256/  677]
loss: 1.336009  [  448/  677]
loss: 1.123850  [  640/  677]
Average Training Loss: 0.431557
Val Loss: 3.1357 | C-index: 0.6935

Stopping early at Epoch 9 since no C-Index improvement after 5 epochs.
Done!
Best C-Index = 0.7068595927116827 at Epoch 4

=========================================
FOLD 2/5
=========================================

Epoch 1
-------------------------------
loss: 3.064401  [   64/  677]
loss: 2.982146  [  256/  677]
loss: 3.108891  [  448/  677]
loss: 2.926180  [  640/  677]
Average Training Loss: 1.098329
Val Loss: 2.9242 | C-index: 0.5313

Epoch 2
-------------------------------
loss: 3.351088  [   64/  677]
loss: 3.025599  [  256/  677]
loss: 2.532958  [  448/  677]
loss: 2.875515  [  640/  677]
Average Training Loss: 1.071378
Val Loss: 2.8990 | C-index: 0.5783

Epoch 3
-------------------------------
loss: 2.857165  [   64/  677]
loss: 2.538346  [  256/  677]
loss: 2.737116  [  448/  677]
loss: 2.573325  [  640/  677]
Average Training Loss: 0.973268
Val Loss: 2.8500 | C-index: 0.6317

Epoch 4
-------------------------------
loss: 2.159733  [   64/  677]
loss: 2.463386  [  256/  677]
loss: 2.505872  [  448/  677]
loss: 2.245127  [  640/  677]
Average Training Loss: 0.852193
Val Loss: 2.8379 | C-index: 0.6150

Epoch 5
-------------------------------
loss: 1.652908  [   64/  677]
loss: 1.641442  [  256/  677]
loss: 1.787922  [  448/  677]
loss: 1.822927  [  640/  677]
Average Training Loss: 0.627745
Val Loss: 3.2067 | C-index: 0.5789

Epoch 6
-------------------------------
loss: 2.043369  [   64/  677]
loss: 1.550699  [  256/  677]
loss: 1.101155  [  448/  677]
loss: 1.651202  [  640/  677]
Average Training Loss: 0.576948
Val Loss: 2.8725 | C-index: 0.6575

Epoch 7
-------------------------------
loss: 1.557987  [   64/  677]
loss: 1.408862  [  256/  677]
loss: 1.618948  [  448/  677]
loss: 1.312973  [  640/  677]
Average Training Loss: 0.536252
Val Loss: 2.7481 | C-index: 0.6971

Epoch 8
-------------------------------
loss: 1.131370  [   64/  677]
loss: 2.827438  [  256/  677]
loss: 1.344318  [  448/  677]
loss: 1.427465  [  640/  677]
Average Training Loss: 0.611872
Val Loss: 3.5668 | C-index: 0.5863

Epoch 9
-------------------------------
loss: 1.476804  [   64/  677]
loss: 2.912368  [  256/  677]
loss: 1.967824  [  448/  677]
loss: 1.467008  [  640/  677]
Average Training Loss: 0.711273
Val Loss: 2.7436 | C-index: 0.6845

Epoch 10
-------------------------------
loss: 1.680110  [   64/  677]
loss: 2.009652  [  256/  677]
loss: 1.855164  [  448/  677]
loss: 1.975916  [  640/  677]
Average Training Loss: 0.683713
Val Loss: 2.9664 | C-index: 0.6586

Epoch 11
-------------------------------
loss: 1.558654  [   64/  677]
loss: 1.314435  [  256/  677]
loss: 1.584926  [  448/  677]
loss: 1.310612  [  640/  677]
Average Training Loss: 0.524421
Val Loss: 2.9408 | C-index: 0.6483

Epoch 12
-------------------------------
loss: 1.491026  [   64/  677]
loss: 1.282300  [  256/  677]
loss: 0.995883  [  448/  677]
loss: 1.096245  [  640/  677]
Average Training Loss: 0.442314
Val Loss: 3.2606 | C-index: 0.6351

Stopping early at Epoch 12 since no C-Index improvement after 5 epochs.
Done!
Best C-Index = 0.6970740103270223 at Epoch 7

=========================================
FOLD 3/5
=========================================

Epoch 1
-------------------------------
loss: 2.734913  [   64/  678]
loss: 2.963700  [  256/  678]
loss: 3.039447  [  448/  678]
loss: 3.045913  [  640/  678]
Average Training Loss: 1.071270
Val Loss: 2.9310 | C-index: 0.5139

Epoch 2
-------------------------------
loss: 2.967349  [   64/  678]
loss: 3.231502  [  256/  678]
loss: 2.798278  [  448/  678]
loss: 2.594623  [  640/  678]
Average Training Loss: 1.053796
Val Loss: 2.9181 | C-index: 0.5651

Epoch 3
-------------------------------
loss: 3.000998  [   64/  678]
loss: 2.503242  [  256/  678]
loss: 2.411745  [  448/  678]
loss: 3.079833  [  640/  678]
Average Training Loss: 0.999620
Val Loss: 2.8312 | C-index: 0.6604

Epoch 4
-------------------------------
loss: 2.442874  [   64/  678]
loss: 2.729917  [  256/  678]
loss: 2.252288  [  448/  678]
loss: 0.917132  [  640/  678]
Average Training Loss: 0.758383
Val Loss: 2.7739 | C-index: 0.6938

Epoch 5
-------------------------------
loss: 1.582129  [   64/  678]
loss: 2.104766  [  256/  678]
loss: 2.172904  [  448/  678]
loss: 1.652764  [  640/  678]
Average Training Loss: 0.682960
Val Loss: 2.8002 | C-index: 0.6531

Epoch 6
-------------------------------
loss: 0.936744  [   64/  678]
loss: 1.329182  [  256/  678]
loss: 2.557837  [  448/  678]
loss: 1.228186  [  640/  678]
Average Training Loss: 0.550177
Val Loss: 3.2014 | C-index: 0.5601

Epoch 7
-------------------------------
loss: 1.768441  [   64/  678]
loss: 1.523194  [  256/  678]
loss: 1.770293  [  448/  678]
loss: 2.205681  [  640/  678]
Average Training Loss: 0.660692
Val Loss: 3.0095 | C-index: 0.6576

Epoch 8
-------------------------------
loss: 1.716351  [   64/  678]
loss: 1.489835  [  256/  678]
loss: 1.067066  [  448/  678]
loss: 1.323553  [  640/  678]
Average Training Loss: 0.508800
Val Loss: 2.9731 | C-index: 0.6576

Epoch 9
-------------------------------
loss: 0.614493  [   64/  678]
loss: 1.090581  [  256/  678]
loss: 1.227190  [  448/  678]
loss: 1.558379  [  640/  678]
Average Training Loss: 0.408240
Val Loss: 2.9650 | C-index: 0.6971

Epoch 10
-------------------------------
loss: 1.965673  [   64/  678]
loss: 1.139137  [  256/  678]
loss: 2.000516  [  448/  678]
loss: 1.490281  [  640/  678]
Average Training Loss: 0.599601
Val Loss: 2.9228 | C-index: 0.7350

Epoch 11
-------------------------------
loss: 1.770349  [   64/  678]
loss: 1.046592  [  256/  678]
loss: 1.542050  [  448/  678]
loss: 1.199862  [  640/  678]
Average Training Loss: 0.505350
Val Loss: 3.2231 | C-index: 0.6175

Epoch 12
-------------------------------
loss: 0.954982  [   64/  678]
loss: 1.507936  [  256/  678]
loss: 1.919290  [  448/  678]
loss: 1.346818  [  640/  678]
Average Training Loss: 0.520821
Val Loss: 3.0626 | C-index: 0.6503

Epoch 13
-------------------------------
loss: 0.627509  [   64/  678]
loss: 1.242700  [  256/  678]
loss: 1.496628  [  448/  678]
loss: 1.231001  [  640/  678]
Average Training Loss: 0.417985
Val Loss: 3.3725 | C-index: 0.5690

Epoch 14
-------------------------------
loss: 0.145039  [   64/  678]
loss: 1.478027  [  256/  678]
loss: 1.302056  [  448/  678]
loss: 1.107319  [  640/  678]
Average Training Loss: 0.366586
Val Loss: 3.1383 | C-index: 0.6704

Epoch 15
-------------------------------
loss: 0.921628  [   64/  678]
loss: 0.440610  [  256/  678]
loss: 1.073995  [  448/  678]
loss: 1.544196  [  640/  678]
Average Training Loss: 0.361857
Val Loss: 2.9264 | C-index: 0.7344

Stopping early at Epoch 15 since no C-Index improvement after 5 epochs.
Done!
Best C-Index = 0.734966592427617 at Epoch 10

=========================================
FOLD 4/5
=========================================

Epoch 1
-------------------------------
loss: 3.197126  [   64/  678]
loss: 2.755297  [  256/  678]
loss: 2.371496  [  448/  678]
loss: 3.157920  [  640/  678]
Average Training Loss: 1.043804
Val Loss: 2.4932 | C-index: 0.5370

Epoch 2
-------------------------------
loss: 3.350687  [   64/  678]
loss: 2.775198  [  256/  678]
loss: 3.219635  [  448/  678]
loss: 2.974120  [  640/  678]
Average Training Loss: 1.119967
Val Loss: 2.5478 | C-index: 0.5248

Epoch 3
-------------------------------
loss: 2.433424  [   64/  678]
loss: 2.612581  [  256/  678]
loss: 2.821523  [  448/  678]
loss: 2.927583  [  640/  678]
Average Training Loss: 0.981374
Val Loss: 2.3587 | C-index: 0.6315

Epoch 4
-------------------------------
loss: 2.580031  [   64/  678]
loss: 2.123398  [  256/  678]
loss: 2.800689  [  448/  678]
loss: 2.269663  [  640/  678]
Average Training Loss: 0.888525
Val Loss: 2.4177 | C-index: 0.6438

Epoch 5
-------------------------------
loss: 2.108902  [   64/  678]
loss: 1.750040  [  256/  678]
loss: 1.661232  [  448/  678]
loss: 2.121113  [  640/  678]
Average Training Loss: 0.694663
Val Loss: 2.5400 | C-index: 0.5853

Epoch 6
-------------------------------
loss: 1.805720  [   64/  678]
loss: 1.336132  [  256/  678]
loss: 1.694034  [  448/  678]
loss: 1.070495  [  640/  678]
Average Training Loss: 0.536944
Val Loss: 2.5173 | C-index: 0.6179

Epoch 7
-------------------------------
loss: 1.338324  [   64/  678]
loss: 1.294093  [  256/  678]
loss: 1.448179  [  448/  678]
loss: 1.916477  [  640/  678]
Average Training Loss: 0.545188
Val Loss: 2.4733 | C-index: 0.6356

Epoch 8
-------------------------------
loss: 1.118645  [   64/  678]
loss: 1.633512  [  256/  678]
loss: 1.105913  [  448/  678]
loss: 1.330469  [  640/  678]
Average Training Loss: 0.471685
Val Loss: 2.6509 | C-index: 0.5799

Epoch 9
-------------------------------
loss: 1.215980  [   64/  678]
loss: 1.426132  [  256/  678]
loss: 1.129070  [  448/  678]
loss: 1.024959  [  640/  678]
Average Training Loss: 0.436013
Val Loss: 2.3976 | C-index: 0.6077

Stopping early at Epoch 9 since no C-Index improvement after 5 epochs.
Done!
Best C-Index = 0.6437797416723318 at Epoch 4

=========================================
FOLD 5/5
=========================================

Epoch 1
-------------------------------
loss: 2.419798  [   64/  678]
loss: 3.065171  [  256/  678]
loss: 3.480852  [  448/  678]
loss: 3.004411  [  640/  678]
Average Training Loss: 1.088203
Val Loss: 2.5908 | C-index: 0.5428

Epoch 2
-------------------------------
loss: 3.113728  [   64/  678]
loss: 3.159432  [  256/  678]
loss: 2.684897  [  448/  678]
loss: 3.005221  [  640/  678]
Average Training Loss: 1.087571
Val Loss: 2.5245 | C-index: 0.5951

Epoch 3
-------------------------------
loss: 2.782969  [   64/  678]
loss: 2.513789  [  256/  678]
loss: 2.666520  [  448/  678]
loss: 2.893758  [  640/  678]
Average Training Loss: 0.987003
Val Loss: 2.4445 | C-index: 0.6135

Epoch 4
-------------------------------
loss: 2.511981  [   64/  678]
loss: 2.240675  [  256/  678]
loss: 2.368347  [  448/  678]
loss: 2.104583  [  640/  678]
Average Training Loss: 0.838690
Val Loss: 2.3515 | C-index: 0.7133

Epoch 5
-------------------------------
loss: 1.697099  [   64/  678]
loss: 2.425990  [  256/  678]
loss: 2.175203  [  448/  678]
loss: 1.559935  [  640/  678]
Average Training Loss: 0.714384
Val Loss: 2.4524 | C-index: 0.6440

Epoch 6
-------------------------------
loss: 2.100834  [   64/  678]
loss: 1.250106  [  256/  678]
loss: 1.748013  [  448/  678]
loss: 2.039231  [  640/  678]
Average Training Loss: 0.648926
Val Loss: 2.6000 | C-index: 0.6549

Epoch 7
-------------------------------
loss: 1.462901  [   64/  678]
loss: 1.362986  [  256/  678]
loss: 2.398751  [  448/  678]
loss: 1.851080  [  640/  678]
Average Training Loss: 0.643247
Val Loss: 2.5958 | C-index: 0.6073

Epoch 8
-------------------------------
loss: 0.870240  [   64/  678]
loss: 1.249464  [  256/  678]
loss: 1.650769  [  448/  678]
loss: 1.341268  [  640/  678]
Average Training Loss: 0.464704
Val Loss: 2.5191 | C-index: 0.6447

Epoch 9
-------------------------------
loss: 1.174018  [   64/  678]
loss: 1.438114  [  256/  678]
loss: 2.487071  [  448/  678]
loss: 1.096562  [  640/  678]
Average Training Loss: 0.563251
Val Loss: 2.7563 | C-index: 0.6406

Stopping early at Epoch 9 since no C-Index improvement after 5 epochs.
Done!
Best C-Index = 0.7133152173913043 at Epoch 4

=========================================
CV training complete! Mean ± std C-index: 0.6992 ± 0.0304
Best epochs per fold: [4, 7, 10, 4, 4]

=========================================
Retraining model on full train+val for 6 epochs...
Epoch 1
-------------------------------
loss: 2.698858  [   64/  847]
loss: 2.835253  [  320/  847]
loss: 3.250621  [  576/  847]
loss: 3.218581  [  832/  847]
Average Training Loss: 0.857380
Val Loss: 2.8372 | C-index: 0.7253

Epoch 2
-------------------------------
loss: 2.673601  [   64/  847]
loss: 3.179080  [  320/  847]
loss: 2.982869  [  576/  847]
loss: 2.975281  [  832/  847]
Average Training Loss: 0.843631
Val Loss: 2.6653 | C-index: 0.7987

Epoch 3
-------------------------------
loss: 3.087684  [   64/  847]
loss: 2.568119  [  320/  847]
loss: 2.731143  [  576/  847]
loss: 2.522658  [  832/  847]
Average Training Loss: 0.779257
Val Loss: 2.2077 | C-index: 0.8863

Epoch 4
-------------------------------
loss: 2.165033  [   64/  847]
loss: 1.936881  [  320/  847]
loss: 2.445937  [  576/  847]
loss: 2.481304  [  832/  847]
Average Training Loss: 0.644940
Val Loss: 1.7792 | C-index: 0.9197

Epoch 5
-------------------------------
loss: 2.038741  [   64/  847]
loss: 2.417191  [  320/  847]
loss: 1.912062  [  576/  847]
loss: 1.443741  [  832/  847]
Average Training Loss: 0.557981
Val Loss: 1.5592 | C-index: 0.9330

Epoch 6
-------------------------------
loss: 1.704927  [   64/  847]
loss: 2.243580  [  320/  847]
loss: 1.590092  [  576/  847]
loss: 1.678089  [  832/  847]
Average Training Loss: 0.515478
Val Loss: 1.3515 | C-index: 0.9506

Done!
Best C-Index = 0.9505875622720663 at Epoch 6
FINAL TEST Average Loss: 2.4793
FINAL TEST C-index: 0.6366
Bootstrap 95% CI: [0.5087, 0.7684]
Results saved to /Users/evan/Documents/GitHub/HyBINN/experiments/runs/gene_clinical/seed_7/results.json
