train_hybinn.py log started 2026-06-05 21:42:39.351385
=========================================
Model Active Branches: ['binn', 'gene', 'clinical']
=========================================

=========================================
FOLD 1/5
=========================================

Epoch 1
-------------------------------
loss: 2.883238  [   64/  677]
loss: 3.287299  [  256/  677]
loss: 2.605921  [  448/  677]
loss: 2.811372  [  640/  677]
Average Training Loss: 1.053439
Val Loss: 3.0607 | C-index: 0.5718

Epoch 2
-------------------------------
loss: 2.854762  [   64/  677]
loss: 3.104679  [  256/  677]
loss: 2.878162  [  448/  677]
loss: 2.870173  [  640/  677]
Average Training Loss: 1.064343
Val Loss: 3.0657 | C-index: 0.5567

Epoch 3
-------------------------------
loss: 2.552336  [   64/  677]
loss: 2.573694  [  256/  677]
loss: 2.774897  [  448/  677]
loss: 2.587136  [  640/  677]
Average Training Loss: 0.953460
Val Loss: 3.0310 | C-index: 0.5558

Epoch 4
-------------------------------
loss: 2.106964  [   64/  677]
loss: 2.390252  [  256/  677]
loss: 2.165131  [  448/  677]
loss: 2.835732  [  640/  677]
Average Training Loss: 0.863462
Val Loss: 2.9651 | C-index: 0.6045

Epoch 5
-------------------------------
loss: 2.102201  [   64/  677]
loss: 2.118742  [  256/  677]
loss: 1.685214  [  448/  677]
loss: 2.226346  [  640/  677]
Average Training Loss: 0.739318
Val Loss: 3.0960 | C-index: 0.4910

Epoch 6
-------------------------------
loss: 0.855780  [   64/  677]
loss: 1.704378  [  256/  677]
loss: 1.295129  [  448/  677]
loss: 1.555392  [  640/  677]
Average Training Loss: 0.491880
Val Loss: 3.2029 | C-index: 0.6342

Epoch 7
-------------------------------
loss: 1.441565  [   64/  677]
loss: 1.573751  [  256/  677]
loss: 1.559218  [  448/  677]
loss: 1.456177  [  640/  677]
Average Training Loss: 0.548246
Val Loss: 2.9805 | C-index: 0.6152

Epoch 8
-------------------------------
loss: 1.293010  [   64/  677]
loss: 1.348177  [  256/  677]
loss: 2.086069  [  448/  677]
loss: 2.032378  [  640/  677]
Average Training Loss: 0.614512
Val Loss: 3.3773 | C-index: 0.5412

Epoch 9
-------------------------------
loss: 0.678921  [   64/  677]
loss: 1.136335  [  256/  677]
loss: 1.288975  [  448/  677]
loss: 1.278559  [  640/  677]
Average Training Loss: 0.398436
Val Loss: 3.0049 | C-index: 0.6415

Epoch 10
-------------------------------
loss: 1.594461  [   64/  677]
loss: 0.828062  [  256/  677]
loss: 1.370795  [  448/  677]
loss: 1.162079  [  640/  677]
Average Training Loss: 0.450491
Val Loss: 2.9774 | C-index: 0.6142

Epoch 11
-------------------------------
loss: 1.336363  [   64/  677]
loss: 1.151546  [  256/  677]
loss: 1.126996  [  448/  677]
loss: 1.205405  [  640/  677]
Average Training Loss: 0.438210
Val Loss: 3.1892 | C-index: 0.5972

Epoch 12
-------------------------------
loss: 1.082690  [   64/  677]
loss: 1.559862  [  256/  677]
loss: 0.335051  [  448/  677]
loss: 1.143066  [  640/  677]
Average Training Loss: 0.374606
Val Loss: 3.3879 | C-index: 0.6132

Epoch 13
-------------------------------
loss: 1.152018  [   64/  677]
loss: 1.105557  [  256/  677]
loss: 1.326163  [  448/  677]
loss: 0.705333  [  640/  677]
Average Training Loss: 0.389916
Val Loss: 3.3095 | C-index: 0.6157

Epoch 14
-------------------------------
loss: 1.117553  [   64/  677]
loss: 0.849406  [  256/  677]
loss: 1.146492  [  448/  677]
loss: 0.764106  [  640/  677]
Average Training Loss: 0.352505
Val Loss: 3.4116 | C-index: 0.6006

Stopping early at Epoch 14 since no C-Index improvement after 5 epochs.
Done!
Best C-Index = 0.6415002435460302 at Epoch 9

=========================================
FOLD 2/5
=========================================

Epoch 1
-------------------------------
loss: 2.852331  [   64/  677]
loss: 2.667553  [  256/  677]
loss: 3.073557  [  448/  677]
loss: 2.441708  [  640/  677]
Average Training Loss: 1.003195
Val Loss: 2.6041 | C-index: 0.3854

Epoch 2
-------------------------------
loss: 2.784556  [   64/  677]
loss: 2.905836  [  256/  677]
loss: 2.865698  [  448/  677]
loss: 2.941101  [  640/  677]
Average Training Loss: 1.045199
Val Loss: 2.6280 | C-index: 0.3678

Epoch 3
-------------------------------
loss: 2.433525  [   64/  677]
loss: 2.892054  [  256/  677]
loss: 2.973650  [  448/  677]
loss: 2.517190  [  640/  677]
Average Training Loss: 0.983311
Val Loss: 2.6354 | C-index: 0.4773

Epoch 4
-------------------------------
loss: 2.296533  [   64/  677]
loss: 2.404929  [  256/  677]
loss: 2.386845  [  448/  677]
loss: 2.506067  [  640/  677]
Average Training Loss: 0.872216
Val Loss: 2.6724 | C-index: 0.4895

Epoch 5
-------------------------------
loss: 2.450531  [   64/  677]
loss: 1.659346  [  256/  677]
loss: 2.110997  [  448/  677]
loss: 2.307106  [  640/  677]
Average Training Loss: 0.775271
Val Loss: 2.8689 | C-index: 0.5504

Epoch 6
-------------------------------
loss: 1.907541  [   64/  677]
loss: 1.694055  [  256/  677]
loss: 1.853822  [  448/  677]
loss: 2.005517  [  640/  677]
Average Training Loss: 0.678267
Val Loss: 3.2279 | C-index: 0.4537

Epoch 7
-------------------------------
loss: 1.281583  [   64/  677]
loss: 1.143120  [  256/  677]
loss: 1.784011  [  448/  677]
loss: 1.744890  [  640/  677]
Average Training Loss: 0.541237
Val Loss: 3.0102 | C-index: 0.5774

Epoch 8
-------------------------------
loss: 1.567738  [   64/  677]
loss: 1.340299  [  256/  677]
loss: 1.584378  [  448/  677]
loss: 1.105598  [  640/  677]
Average Training Loss: 0.508910
Val Loss: 3.8160 | C-index: 0.5193

Epoch 9
-------------------------------
loss: 1.330615  [   64/  677]
loss: 1.267035  [  256/  677]
loss: 1.009187  [  448/  677]
loss: 1.206314  [  640/  677]
Average Training Loss: 0.437559
Val Loss: 2.9981 | C-index: 0.5477

Epoch 10
-------------------------------
loss: 0.788749  [   64/  677]
loss: 1.485463  [  256/  677]
loss: 1.284661  [  448/  677]
loss: 1.363382  [  640/  677]
Average Training Loss: 0.447478
Val Loss: 3.1921 | C-index: 0.4990

Epoch 11
-------------------------------
loss: 1.317461  [   64/  677]
loss: 1.435422  [  256/  677]
loss: 1.641406  [  448/  677]
loss: 1.600274  [  640/  677]
Average Training Loss: 0.544960
Val Loss: 3.2280 | C-index: 0.5308

Epoch 12
-------------------------------
loss: 0.948325  [   64/  677]
loss: 1.444878  [  256/  677]
loss: 1.541801  [  448/  677]
loss: 1.489161  [  640/  677]
Average Training Loss: 0.493106
Val Loss: 3.0679 | C-index: 0.5808

Epoch 13
-------------------------------
loss: 0.932241  [   64/  677]
loss: 1.146561  [  256/  677]
loss: 1.315525  [  448/  677]
loss: 0.606617  [  640/  677]
Average Training Loss: 0.363722
Val Loss: 3.5208 | C-index: 0.4963

Epoch 14
-------------------------------
loss: 1.786000  [   64/  677]
loss: 0.774900  [  256/  677]
loss: 1.947900  [  448/  677]
loss: 1.247724  [  640/  677]
Average Training Loss: 0.523320
Val Loss: 3.4383 | C-index: 0.5808

Epoch 15
-------------------------------
loss: 1.250096  [   64/  677]
loss: 1.266182  [  256/  677]
loss: 0.991498  [  448/  677]
loss: 0.594782  [  640/  677]
Average Training Loss: 0.372960
Val Loss: 3.2538 | C-index: 0.4895

Epoch 16
-------------------------------
loss: 1.264736  [   64/  677]
loss: 0.867559  [  256/  677]
loss: 0.757387  [  448/  677]
loss: 0.849699  [  640/  677]
Average Training Loss: 0.339944
Val Loss: 3.2985 | C-index: 0.6288

Epoch 17
-------------------------------
loss: 0.912297  [   64/  677]
loss: 0.867003  [  256/  677]
loss: 0.713707  [  448/  677]
loss: 1.771769  [  640/  677]
Average Training Loss: 0.387707
Val Loss: 3.3863 | C-index: 0.4956

Epoch 18
-------------------------------
loss: 1.170586  [   64/  677]
loss: 1.090519  [  256/  677]
loss: 1.265433  [  448/  677]
loss: 0.911000  [  640/  677]
Average Training Loss: 0.403412
Val Loss: 3.7438 | C-index: 0.5362

Epoch 19
-------------------------------
loss: 0.585597  [   64/  677]
loss: 0.863099  [  256/  677]
loss: 1.579654  [  448/  677]
loss: 0.921477  [  640/  677]
Average Training Loss: 0.359075
Val Loss: 3.5273 | C-index: 0.5923

Epoch 20
-------------------------------
loss: 0.822608  [   64/  677]
loss: 1.045434  [  256/  677]
loss: 0.851310  [  448/  677]
loss: 1.733835  [  640/  677]
Average Training Loss: 0.404835
Val Loss: 3.9293 | C-index: 0.4091

Epoch 21
-------------------------------
loss: 0.508291  [   64/  677]
loss: 0.293725  [  256/  677]
loss: 0.837614  [  448/  677]
loss: 0.748510  [  640/  677]
Average Training Loss: 0.217104
Val Loss: 3.4163 | C-index: 0.5747

Stopping early at Epoch 21 since no C-Index improvement after 5 epochs.
Done!
Best C-Index = 0.6288032454361054 at Epoch 16

=========================================
FOLD 3/5
=========================================

Epoch 1
-------------------------------
loss: 2.541752  [   64/  678]
loss: 2.879068  [  256/  678]
loss: 3.340220  [  448/  678]
loss: 3.073565  [  640/  678]
Average Training Loss: 1.075873
Val Loss: 2.7976 | C-index: 0.5176

Epoch 2
-------------------------------
loss: 3.169973  [   64/  678]
loss: 3.064614  [  256/  678]
loss: 2.642132  [  448/  678]
loss: 2.956803  [  640/  678]
Average Training Loss: 1.075775
Val Loss: 2.7647 | C-index: 0.5965

Epoch 3
-------------------------------
loss: 3.128659  [   64/  678]
loss: 2.719712  [  256/  678]
loss: 2.770237  [  448/  678]
loss: 2.941639  [  640/  678]
Average Training Loss: 1.050932
Val Loss: 2.7551 | C-index: 0.6183

Epoch 4
-------------------------------
loss: 1.426187  [   64/  678]
loss: 2.243639  [  256/  678]
loss: 2.122204  [  448/  678]
loss: 2.759132  [  640/  678]
Average Training Loss: 0.777378
Val Loss: 2.7203 | C-index: 0.5908

Epoch 5
-------------------------------
loss: 2.066965  [   64/  678]
loss: 2.252126  [  256/  678]
loss: 1.841000  [  448/  678]
loss: 2.885530  [  640/  678]
Average Training Loss: 0.822329
Val Loss: 2.7384 | C-index: 0.6466

Epoch 6
-------------------------------
loss: 2.177269  [   64/  678]
loss: 1.668893  [  256/  678]
loss: 1.796733  [  448/  678]
loss: 1.481422  [  640/  678]
Average Training Loss: 0.647665
Val Loss: 2.9329 | C-index: 0.5529

Epoch 7
-------------------------------
loss: 1.879277  [   64/  678]
loss: 1.328881  [  256/  678]
loss: 1.625765  [  448/  678]
loss: 1.809459  [  640/  678]
Average Training Loss: 0.603944
Val Loss: 2.8117 | C-index: 0.5863

Epoch 8
-------------------------------
loss: 1.281826  [   64/  678]
loss: 1.124148  [  256/  678]
loss: 1.539642  [  448/  678]
loss: 1.428239  [  640/  678]
Average Training Loss: 0.488532
Val Loss: 3.2047 | C-index: 0.4747

Epoch 9
-------------------------------
loss: 1.458781  [   64/  678]
loss: 1.500834  [  256/  678]
loss: 1.064485  [  448/  678]
loss: 0.938877  [  640/  678]
Average Training Loss: 0.451180
Val Loss: 3.3161 | C-index: 0.6434

Epoch 10
-------------------------------
loss: 1.527674  [   64/  678]
loss: 1.485052  [  256/  678]
loss: 1.204542  [  448/  678]
loss: 1.369240  [  640/  678]
Average Training Loss: 0.507864
Val Loss: 2.9829 | C-index: 0.5933

Stopping early at Epoch 10 since no C-Index improvement after 5 epochs.
Done!
Best C-Index = 0.6465683130211675 at Epoch 5

=========================================
FOLD 4/5
=========================================

Epoch 1
-------------------------------
loss: 2.256927  [   64/  678]
loss: 3.123286  [  256/  678]
loss: 2.791857  [  448/  678]
loss: 2.680645  [  640/  678]
Average Training Loss: 0.986610
Val Loss: 2.7504 | C-index: 0.5798

Epoch 2
-------------------------------
loss: 2.707183  [   64/  678]
loss: 2.516549  [  256/  678]
loss: 3.264246  [  448/  678]
loss: 3.143267  [  640/  678]
Average Training Loss: 1.057386
Val Loss: 2.7340 | C-index: 0.5798

Epoch 3
-------------------------------
loss: 2.996346  [   64/  678]
loss: 2.742667  [  256/  678]
loss: 3.146765  [  448/  678]
loss: 2.636834  [  640/  678]
Average Training Loss: 1.047510
Val Loss: 2.7483 | C-index: 0.5268

Epoch 4
-------------------------------
loss: 2.440826  [   64/  678]
loss: 2.526968  [  256/  678]
loss: 2.613354  [  448/  678]
loss: 2.553868  [  640/  678]
Average Training Loss: 0.921365
Val Loss: 2.7330 | C-index: 0.5927

Epoch 5
-------------------------------
loss: 2.127647  [   64/  678]
loss: 1.830498  [  256/  678]
loss: 2.626657  [  448/  678]
loss: 1.717564  [  640/  678]
Average Training Loss: 0.754761
Val Loss: 2.7404 | C-index: 0.6191

Epoch 6
-------------------------------
loss: 1.916535  [   64/  678]
loss: 2.099531  [  256/  678]
loss: 2.208796  [  448/  678]
loss: 0.841714  [  640/  678]
Average Training Loss: 0.642416
Val Loss: 3.3001 | C-index: 0.6307

Epoch 7
-------------------------------
loss: 1.851459  [   64/  678]
loss: 1.505765  [  256/  678]
loss: 1.647084  [  448/  678]
loss: 1.208529  [  640/  678]
Average Training Loss: 0.564803
Val Loss: 3.4192 | C-index: 0.5967

Epoch 8
-------------------------------
loss: 1.475095  [   64/  678]
loss: 1.525356  [  256/  678]
loss: 1.157597  [  448/  678]
loss: 1.597229  [  640/  678]
Average Training Loss: 0.523207
Val Loss: 2.7016 | C-index: 0.6640

Epoch 9
-------------------------------
loss: 1.054078  [   64/  678]
loss: 1.627812  [  256/  678]
loss: 1.983608  [  448/  678]
loss: 0.732620  [  640/  678]
Average Training Loss: 0.490738
Val Loss: 2.8412 | C-index: 0.6870

Epoch 10
-------------------------------
loss: 1.779506  [   64/  678]
loss: 1.064222  [  256/  678]
loss: 1.270640  [  448/  678]
loss: 2.292081  [  640/  678]
Average Training Loss: 0.582404
Val Loss: 3.1400 | C-index: 0.6667

Epoch 11
-------------------------------
loss: 1.502605  [   64/  678]
loss: 1.404838  [  256/  678]
loss: 0.957383  [  448/  678]
loss: 2.226650  [  640/  678]
Average Training Loss: 0.553771
Val Loss: 2.8363 | C-index: 0.6728

Epoch 12
-------------------------------
loss: 0.936795  [   64/  678]
loss: 1.418452  [  256/  678]
loss: 0.847018  [  448/  678]
loss: 1.127126  [  640/  678]
Average Training Loss: 0.393581
Val Loss: 2.8839 | C-index: 0.6354

Epoch 13
-------------------------------
loss: 1.195686  [   64/  678]
loss: 1.954211  [  256/  678]
loss: 0.975658  [  448/  678]
loss: 1.581908  [  640/  678]
Average Training Loss: 0.518860
Val Loss: 3.3445 | C-index: 0.5587

Epoch 14
-------------------------------
loss: 1.466284  [   64/  678]
loss: 1.257624  [  256/  678]
loss: 1.234297  [  448/  678]
loss: 1.310860  [  640/  678]
Average Training Loss: 0.479006
Val Loss: 2.9678 | C-index: 0.6022

Stopping early at Epoch 14 since no C-Index improvement after 5 epochs.
Done!
Best C-Index = 0.6870332654446707 at Epoch 9

=========================================
FOLD 5/5
=========================================

Epoch 1
-------------------------------
loss: 3.248483  [   64/  678]
loss: 2.569826  [  256/  678]
loss: 3.241133  [  448/  678]
loss: 2.521484  [  640/  678]
Average Training Loss: 1.052811
Val Loss: 2.7902 | C-index: 0.6260

Epoch 2
-------------------------------
loss: 2.470403  [   64/  678]
loss: 2.493877  [  256/  678]
loss: 2.810711  [  448/  678]
loss: 2.973161  [  640/  678]
Average Training Loss: 0.977105
Val Loss: 2.7561 | C-index: 0.6854

Epoch 3
-------------------------------
loss: 2.916398  [   64/  678]
loss: 2.689969  [  256/  678]
loss: 2.959728  [  448/  678]
loss: 2.920116  [  640/  678]
Average Training Loss: 1.044201
Val Loss: 2.6887 | C-index: 0.7552

Epoch 4
-------------------------------
loss: 2.968801  [   64/  678]
loss: 2.417349  [  256/  678]
loss: 2.939682  [  448/  678]
loss: 2.723607  [  640/  678]
Average Training Loss: 1.004494
Val Loss: 2.6349 | C-index: 0.7366

Epoch 5
-------------------------------
loss: 2.504750  [   64/  678]
loss: 2.502544  [  256/  678]
loss: 2.429042  [  448/  678]
loss: 2.529413  [  640/  678]
Average Training Loss: 0.905977
Val Loss: 2.9417 | C-index: 0.6216

Epoch 6
-------------------------------
loss: 2.152607  [   64/  678]
loss: 1.366050  [  256/  678]
loss: 1.444383  [  448/  678]
loss: 2.279775  [  640/  678]
Average Training Loss: 0.658438
Val Loss: 2.7419 | C-index: 0.6565

Epoch 7
-------------------------------
loss: 1.723707  [   64/  678]
loss: 1.502343  [  256/  678]
loss: 1.480541  [  448/  678]
loss: 1.691719  [  640/  678]
Average Training Loss: 0.581665
Val Loss: 3.0514 | C-index: 0.5943

Epoch 8
-------------------------------
loss: 0.902926  [   64/  678]
loss: 1.788587  [  256/  678]
loss: 1.551417  [  448/  678]
loss: 1.568652  [  640/  678]
Average Training Loss: 0.528326
Val Loss: 3.0127 | C-index: 0.6805

Stopping early at Epoch 8 since no C-Index improvement after 5 epochs.
Done!
Best C-Index = 0.7551799345692476 at Epoch 3

=========================================
CV training complete! Mean ± std C-index: 0.6718 ± 0.0460
Best epochs per fold: [9, 16, 5, 9, 3]

=========================================
Retraining model on full train+val for 8 epochs...
Epoch 1
-------------------------------
loss: 3.178446  [   64/  847]
loss: 3.225338  [  320/  847]
loss: 3.126998  [  576/  847]
loss: 2.785265  [  832/  847]
Average Training Loss: 0.879718
Val Loss: 2.7798 | C-index: 0.6272

Epoch 2
-------------------------------
loss: 2.338997  [   64/  847]
loss: 2.959135  [  320/  847]
loss: 2.904120  [  576/  847]
loss: 3.010382  [  832/  847]
Average Training Loss: 0.800902
Val Loss: 2.7704 | C-index: 0.7290

Epoch 3
-------------------------------
loss: 2.551713  [   64/  847]
loss: 3.174353  [  320/  847]
loss: 3.037243  [  576/  847]
loss: 2.902644  [  832/  847]
Average Training Loss: 0.833282
Val Loss: 2.4444 | C-index: 0.8616

Epoch 4
-------------------------------
loss: 2.588588  [   64/  847]
loss: 2.179029  [  320/  847]
loss: 2.184777  [  576/  847]
loss: 2.533773  [  832/  847]
Average Training Loss: 0.677583
Val Loss: 1.9420 | C-index: 0.9086

Epoch 5
-------------------------------
loss: 2.329701  [   64/  847]
loss: 2.337216  [  320/  847]
loss: 1.742505  [  576/  847]
loss: 1.623995  [  832/  847]
Average Training Loss: 0.573816
Val Loss: 1.6543 | C-index: 0.9417

Epoch 6
-------------------------------
loss: 2.259709  [   64/  847]
loss: 1.745753  [  320/  847]
loss: 1.758800  [  576/  847]
loss: 1.612826  [  832/  847]
Average Training Loss: 0.526935
Val Loss: 1.6245 | C-index: 0.9229

Epoch 7
-------------------------------
loss: 1.839826  [   64/  847]
loss: 1.862826  [  320/  847]
loss: 2.403579  [  576/  847]
loss: 1.623593  [  832/  847]
Average Training Loss: 0.552130
Val Loss: 1.3970 | C-index: 0.9526

Epoch 8
-------------------------------
loss: 1.774846  [   64/  847]
loss: 1.575177  [  320/  847]
loss: 0.791677  [  576/  847]
loss: 1.649287  [  832/  847]
Average Training Loss: 0.413642
Val Loss: 1.3960 | C-index: 0.9624

Done!
Best C-Index = 0.9624090541632982 at Epoch 8
FINAL TEST Average Loss: 2.5306
FINAL TEST C-index: 0.6099
Bootstrap 95% CI: [0.4813, 0.7417]
Top 10 activated pathways:
{'R-HSA-749476': 0.04780731722712517, 'R-HSA-9830364': 0.04567061737179756, 'R-HSA-3371568': 0.044186897575855255, 'R-HSA-9031628': 0.04226481541991234, 'R-HSA-1296041': 0.040891628712415695, 'R-HSA-9704646': 0.04072292894124985, 'R-HSA-109704': 0.039459019899368286, 'R-HSA-9931953': 0.03764770179986954, 'R-HSA-416572': 0.03609241545200348, 'R-HSA-1912420': 0.034942034631967545}
Results saved to /Users/evan/Documents/GitHub/HyBINN/experiments/runs/full_hybinn/seed_1/results.json
