train_hybinn.py log started 2026-06-05 22:09:17.809826
=========================================
Model Active Branches: ['binn', 'gene', 'clinical']
=========================================

=========================================
FOLD 1/5
=========================================

Epoch 1
-------------------------------
loss: 2.975688  [   64/  677]
loss: 3.029257  [  256/  677]
loss: 2.646054  [  448/  677]
loss: 2.863139  [  640/  677]
Average Training Loss: 1.046740
Val Loss: 3.0904 | C-index: 0.4189

Epoch 2
-------------------------------
loss: 3.138415  [   64/  677]
loss: 3.196442  [  256/  677]
loss: 2.704538  [  448/  677]
loss: 2.733129  [  640/  677]
Average Training Loss: 1.070229
Val Loss: 3.0518 | C-index: 0.4764

Epoch 3
-------------------------------
loss: 2.835744  [   64/  677]
loss: 3.315445  [  256/  677]
loss: 2.312816  [  448/  677]
loss: 2.657637  [  640/  677]
Average Training Loss: 1.011058
Val Loss: 2.9769 | C-index: 0.6452

Epoch 4
-------------------------------
loss: 2.997715  [   64/  677]
loss: 2.634514  [  256/  677]
loss: 2.242455  [  448/  677]
loss: 2.332769  [  640/  677]
Average Training Loss: 0.927950
Val Loss: 2.9592 | C-index: 0.6561

Epoch 5
-------------------------------
loss: 2.188107  [   64/  677]
loss: 2.384001  [  256/  677]
loss: 2.029989  [  448/  677]
loss: 1.978554  [  640/  677]
Average Training Loss: 0.780059
Val Loss: 3.1714 | C-index: 0.5409

Epoch 6
-------------------------------
loss: 1.764311  [   64/  677]
loss: 1.875376  [  256/  677]
loss: 1.781955  [  448/  677]
loss: 1.146933  [  640/  677]
Average Training Loss: 0.597143
Val Loss: 3.0440 | C-index: 0.7231

Epoch 7
-------------------------------
loss: 1.390237  [   64/  677]
loss: 1.071130  [  256/  677]
loss: 2.119546  [  448/  677]
loss: 1.999409  [  640/  677]
Average Training Loss: 0.598211
Val Loss: 3.1833 | C-index: 0.5980

Epoch 8
-------------------------------
loss: 1.298033  [   64/  677]
loss: 1.704555  [  256/  677]
loss: 1.796401  [  448/  677]
loss: 2.116555  [  640/  677]
Average Training Loss: 0.628686
Val Loss: 2.7744 | C-index: 0.7672

Epoch 9
-------------------------------
loss: 1.940238  [   64/  677]
loss: 1.182206  [  256/  677]
loss: 0.862957  [  448/  677]
loss: 1.632106  [  640/  677]
Average Training Loss: 0.510682
Val Loss: 3.3562 | C-index: 0.6397

Epoch 10
-------------------------------
loss: 0.951449  [   64/  677]
loss: 0.704280  [  256/  677]
loss: 1.723994  [  448/  677]
loss: 1.027443  [  640/  677]
Average Training Loss: 0.400651
Val Loss: 2.9114 | C-index: 0.7072

Epoch 11
-------------------------------
loss: 0.835746  [   64/  677]
loss: 0.672640  [  256/  677]
loss: 1.384515  [  448/  677]
loss: 2.033533  [  640/  677]
Average Training Loss: 0.447858
Val Loss: 3.2802 | C-index: 0.6571

Epoch 12
-------------------------------
loss: 1.240214  [   64/  677]
loss: 1.636563  [  256/  677]
loss: 1.474521  [  448/  677]
loss: 1.350077  [  640/  677]
Average Training Loss: 0.518307
Val Loss: 3.2649 | C-index: 0.6834

Epoch 13
-------------------------------
loss: 1.213529  [   64/  677]
loss: 1.548932  [  256/  677]
loss: 0.956392  [  448/  677]
loss: 1.699445  [  640/  677]
Average Training Loss: 0.492573
Val Loss: 3.0469 | C-index: 0.6849

Stopping early at Epoch 13 since no C-Index improvement after 5 epochs.
Done!
Best C-Index = 0.7672456575682383 at Epoch 8

=========================================
FOLD 2/5
=========================================

Epoch 1
-------------------------------
loss: 3.172749  [   64/  677]
loss: 2.874761  [  256/  677]
loss: 2.937376  [  448/  677]
loss: 3.185986  [  640/  677]
Average Training Loss: 1.106443
Val Loss: 2.6128 | C-index: 0.5859

Epoch 2
-------------------------------
loss: 3.473344  [   64/  677]
loss: 2.771833  [  256/  677]
loss: 3.372869  [  448/  677]
loss: 3.443099  [  640/  677]
Average Training Loss: 1.187377
Val Loss: 2.5939 | C-index: 0.5807

Epoch 3
-------------------------------
loss: 2.931566  [   64/  677]
loss: 2.902658  [  256/  677]
loss: 2.691961  [  448/  677]
loss: 2.681779  [  640/  677]
Average Training Loss: 1.018906
Val Loss: 2.5704 | C-index: 0.6013

Epoch 4
-------------------------------
loss: 2.656433  [   64/  677]
loss: 2.988690  [  256/  677]
loss: 2.715157  [  448/  677]
loss: 2.432852  [  640/  677]
Average Training Loss: 0.981194
Val Loss: 2.5204 | C-index: 0.6800

Epoch 5
-------------------------------
loss: 2.765599  [   64/  677]
loss: 2.393408  [  256/  677]
loss: 2.275924  [  448/  677]
loss: 2.396808  [  640/  677]
Average Training Loss: 0.893794
Val Loss: 2.5058 | C-index: 0.6851

Epoch 6
-------------------------------
loss: 2.393583  [   64/  677]
loss: 1.557400  [  256/  677]
loss: 1.448626  [  448/  677]
loss: 2.145993  [  640/  677]
Average Training Loss: 0.685964
Val Loss: 2.7451 | C-index: 0.6087

Epoch 7
-------------------------------
loss: 1.516775  [   64/  677]
loss: 1.352247  [  256/  677]
loss: 1.453825  [  448/  677]
loss: 1.056392  [  640/  677]
Average Training Loss: 0.489022
Val Loss: 2.9261 | C-index: 0.6423

Epoch 8
-------------------------------
loss: 1.782952  [   64/  677]
loss: 1.859437  [  256/  677]
loss: 1.309628  [  448/  677]
loss: 1.129255  [  640/  677]
Average Training Loss: 0.552843
Val Loss: 3.0782 | C-index: 0.6018

Epoch 9
-------------------------------
loss: 1.105063  [   64/  677]
loss: 0.974692  [  256/  677]
loss: 1.865480  [  448/  677]
loss: 1.330404  [  640/  677]
Average Training Loss: 0.479604
Val Loss: 2.6925 | C-index: 0.6594

Epoch 10
-------------------------------
loss: 1.143151  [   64/  677]
loss: 1.016803  [  256/  677]
loss: 1.762697  [  448/  677]
loss: 1.492969  [  640/  677]
Average Training Loss: 0.492329
Val Loss: 3.1953 | C-index: 0.6526

Stopping early at Epoch 10 since no C-Index improvement after 5 epochs.
Done!
Best C-Index = 0.6851112378779236 at Epoch 5

=========================================
FOLD 3/5
=========================================

Epoch 1
-------------------------------
loss: 2.842274  [   64/  678]
loss: 2.979318  [  256/  678]
loss: 3.118079  [  448/  678]
loss: 3.039280  [  640/  678]
Average Training Loss: 1.088996
Val Loss: 3.0364 | C-index: 0.5776

Epoch 2
-------------------------------
loss: 2.662285  [   64/  678]
loss: 2.994898  [  256/  678]
loss: 3.274176  [  448/  678]
loss: 2.825609  [  640/  678]
Average Training Loss: 1.068815
Val Loss: 3.0551 | C-index: 0.5451

Epoch 3
-------------------------------
loss: 2.854209  [   64/  678]
loss: 2.551723  [  256/  678]
loss: 3.164898  [  448/  678]
loss: 2.598852  [  640/  678]
Average Training Loss: 1.015426
Val Loss: 3.0563 | C-index: 0.5723

Epoch 4
-------------------------------
loss: 2.335297  [   64/  678]
loss: 2.773757  [  256/  678]
loss: 2.714823  [  448/  678]
loss: 2.089787  [  640/  678]
Average Training Loss: 0.901242
Val Loss: 3.1539 | C-index: 0.5849

Epoch 5
-------------------------------
loss: 1.586001  [   64/  678]
loss: 1.866128  [  256/  678]
loss: 2.077374  [  448/  678]
loss: 2.072445  [  640/  678]
Average Training Loss: 0.691086
Val Loss: 3.0618 | C-index: 0.6405

Epoch 6
-------------------------------
loss: 1.001430  [   64/  678]
loss: 1.854504  [  256/  678]
loss: 2.098665  [  448/  678]
loss: 2.241362  [  640/  678]
Average Training Loss: 0.654178
Val Loss: 3.2880 | C-index: 0.5697

Epoch 7
-------------------------------
loss: 1.531827  [   64/  678]
loss: 1.753906  [  256/  678]
loss: 1.686807  [  448/  678]
loss: 1.305160  [  640/  678]
Average Training Loss: 0.570700
Val Loss: 3.3910 | C-index: 0.6001

Epoch 8
-------------------------------
loss: 1.734158  [   64/  678]
loss: 1.578985  [  256/  678]
loss: 1.933719  [  448/  678]
loss: 0.893249  [  640/  678]
Average Training Loss: 0.558192
Val Loss: 3.3498 | C-index: 0.6069

Epoch 9
-------------------------------
loss: 1.006167  [   64/  678]
loss: 1.432125  [  256/  678]
loss: 1.493029  [  448/  678]
loss: 1.491135  [  640/  678]
Average Training Loss: 0.492950
Val Loss: 3.8095 | C-index: 0.5692

Epoch 10
-------------------------------
loss: 0.939899  [   64/  678]
loss: 1.722937  [  256/  678]
loss: 1.553432  [  448/  678]
loss: 0.747494  [  640/  678]
Average Training Loss: 0.451251
Val Loss: 3.5270 | C-index: 0.6069

Stopping early at Epoch 10 since no C-Index improvement after 5 epochs.
Done!
Best C-Index = 0.640461215932914 at Epoch 5

=========================================
FOLD 4/5
=========================================

Epoch 1
-------------------------------
loss: 3.163887  [   64/  678]
loss: 3.387338  [  256/  678]
loss: 3.250659  [  448/  678]
loss: 3.199553  [  640/  678]
Average Training Loss: 1.181949
Val Loss: 2.2559 | C-index: 0.7382

Epoch 2
-------------------------------
loss: 3.528004  [   64/  678]
loss: 3.107054  [  256/  678]
loss: 3.224667  [  448/  678]
loss: 2.682906  [  640/  678]
Average Training Loss: 1.140239
Val Loss: 2.2333 | C-index: 0.7219

Epoch 3
-------------------------------
loss: 2.679259  [   64/  678]
loss: 2.907983  [  256/  678]
loss: 2.938225  [  448/  678]
loss: 2.719709  [  640/  678]
Average Training Loss: 1.022289
Val Loss: 2.1976 | C-index: 0.6947

Epoch 4
-------------------------------
loss: 2.902512  [   64/  678]
loss: 3.080733  [  256/  678]
loss: 2.484752  [  448/  678]
loss: 2.714410  [  640/  678]
Average Training Loss: 1.016582
Val Loss: 2.1367 | C-index: 0.6902

Epoch 5
-------------------------------
loss: 2.488894  [   64/  678]
loss: 2.576214  [  256/  678]
loss: 1.999276  [  448/  678]
loss: 2.173826  [  640/  678]
Average Training Loss: 0.839837
Val Loss: 2.3509 | C-index: 0.6449

Epoch 6
-------------------------------
loss: 1.877906  [   64/  678]
loss: 1.986637  [  256/  678]
loss: 1.933957  [  448/  678]
loss: 1.763866  [  640/  678]
Average Training Loss: 0.687488
Val Loss: 2.3816 | C-index: 0.7527

Epoch 7
-------------------------------
loss: 1.973547  [   64/  678]
loss: 1.495083  [  256/  678]
loss: 2.018290  [  448/  678]
loss: 1.505605  [  640/  678]
Average Training Loss: 0.635684
Val Loss: 2.5377 | C-index: 0.6005

Epoch 8
-------------------------------
loss: 1.484370  [   64/  678]
loss: 1.058987  [  256/  678]
loss: 1.541196  [  448/  678]
loss: 1.345778  [  640/  678]
Average Training Loss: 0.493666
Val Loss: 2.5324 | C-index: 0.5870

Epoch 9
-------------------------------
loss: 1.106525  [   64/  678]
loss: 1.459661  [  256/  678]
loss: 1.687309  [  448/  678]
loss: 1.241909  [  640/  678]
Average Training Loss: 0.499582
Val Loss: 2.4771 | C-index: 0.6784

Epoch 10
-------------------------------
loss: 1.139086  [   64/  678]
loss: 1.874578  [  256/  678]
loss: 1.383010  [  448/  678]
loss: 2.085652  [  640/  678]
Average Training Loss: 0.589302
Val Loss: 2.7686 | C-index: 0.6105

Epoch 11
-------------------------------
loss: 1.369256  [   64/  678]
loss: 1.358884  [  256/  678]
loss: 1.496725  [  448/  678]
loss: 2.196927  [  640/  678]
Average Training Loss: 0.583799
Val Loss: 2.3632 | C-index: 0.7129

Stopping early at Epoch 11 since no C-Index improvement after 5 epochs.
Done!
Best C-Index = 0.7527173913043478 at Epoch 6

=========================================
FOLD 5/5
=========================================

Epoch 1
-------------------------------
loss: 3.477692  [   64/  678]
loss: 3.050731  [  256/  678]
loss: 2.600871  [  448/  678]
loss: 2.853099  [  640/  678]
Average Training Loss: 1.089308
Val Loss: 2.8723 | C-index: 0.5890

Epoch 2
-------------------------------
loss: 2.890864  [   64/  678]
loss: 2.587033  [  256/  678]
loss: 2.193728  [  448/  678]
loss: 2.925886  [  640/  678]
Average Training Loss: 0.963410
Val Loss: 2.8579 | C-index: 0.5723

Epoch 3
-------------------------------
loss: 3.305087  [   64/  678]
loss: 3.184222  [  256/  678]
loss: 2.543361  [  448/  678]
loss: 2.130080  [  640/  678]
Average Training Loss: 1.014796
Val Loss: 2.7966 | C-index: 0.6655

Epoch 4
-------------------------------
loss: 2.577686  [   64/  678]
loss: 2.683252  [  256/  678]
loss: 2.270095  [  448/  678]
loss: 2.442947  [  640/  678]
Average Training Loss: 0.906726
Val Loss: 2.8959 | C-index: 0.6010

Epoch 5
-------------------------------
loss: 1.720111  [   64/  678]
loss: 1.787272  [  256/  678]
loss: 2.300894  [  448/  678]
loss: 2.281854  [  640/  678]
Average Training Loss: 0.735466
Val Loss: 2.9095 | C-index: 0.6559

Epoch 6
-------------------------------
loss: 1.522103  [   64/  678]
loss: 1.616167  [  256/  678]
loss: 1.781148  [  448/  678]
loss: 1.408169  [  640/  678]
Average Training Loss: 0.575235
Val Loss: 3.1720 | C-index: 0.5848

Epoch 7
-------------------------------
loss: 2.087189  [   64/  678]
loss: 1.214835  [  256/  678]
loss: 1.432631  [  448/  678]
loss: 1.582840  [  640/  678]
Average Training Loss: 0.574318
Val Loss: 2.6602 | C-index: 0.6523

Epoch 8
-------------------------------
loss: 1.370196  [   64/  678]
loss: 1.534340  [  256/  678]
loss: 0.575403  [  448/  678]
loss: 1.989670  [  640/  678]
Average Training Loss: 0.497237
Val Loss: 3.2238 | C-index: 0.6135

Stopping early at Epoch 8 since no C-Index improvement after 5 epochs.
Done!
Best C-Index = 0.6654719235364397 at Epoch 3

=========================================
CV training complete! Mean ± std C-index: 0.7022 ± 0.0495
Best epochs per fold: [8, 5, 5, 6, 3]

=========================================
Retraining model on full train+val for 5 epochs...
Epoch 1
-------------------------------
loss: 2.846689  [   64/  847]
loss: 2.197007  [  320/  847]
loss: 3.192294  [  576/  847]
loss: 2.918198  [  832/  847]
Average Training Loss: 0.796728
Val Loss: 2.8793 | C-index: 0.6306

Epoch 2
-------------------------------
loss: 3.444319  [   64/  847]
loss: 2.845945  [  320/  847]
loss: 3.159131  [  576/  847]
loss: 2.863577  [  832/  847]
Average Training Loss: 0.879498
Val Loss: 2.8604 | C-index: 0.7450

Epoch 3
-------------------------------
loss: 2.244230  [   64/  847]
loss: 3.150527  [  320/  847]
loss: 2.972366  [  576/  847]
loss: 2.921672  [  832/  847]
Average Training Loss: 0.806343
Val Loss: 2.5553 | C-index: 0.8219

Epoch 4
-------------------------------
loss: 2.581587  [   64/  847]
loss: 2.361917  [  320/  847]
loss: 2.471334  [  576/  847]
loss: 2.426332  [  832/  847]
Average Training Loss: 0.702941
Val Loss: 2.1651 | C-index: 0.8879

Epoch 5
-------------------------------
loss: 2.153855  [   64/  847]
loss: 2.337029  [  320/  847]
loss: 1.743559  [  576/  847]
loss: 2.622765  [  832/  847]
Average Training Loss: 0.632658
Val Loss: 1.8722 | C-index: 0.8999

Done!
Best C-Index = 0.8999200489112543 at Epoch 5
FINAL TEST Average Loss: 2.3617
FINAL TEST C-index: 0.6752
Bootstrap 95% CI: [0.5341, 0.8040]
Top 10 activated pathways:
{'R-HSA-390471': 0.0447407066822052, 'R-HSA-456926': 0.042494673281908035, 'R-HSA-9661069': 0.036617428064346313, 'R-HSA-380108': 0.03339126333594322, 'R-HSA-392451': 0.03186716139316559, 'R-HSA-5673000': 0.03160262852907181, 'R-HSA-4085377': 0.031137529760599136, 'R-HSA-3928664': 0.030492709949612617, 'R-HSA-418217': 0.028883615508675575, 'R-HSA-1614635': 0.028150435537099838}
Results saved to /Users/evan/Documents/GitHub/HyBINN/experiments/runs/full_hybinn/seed_3/results.json
