train_hybinn.py log started 2026-06-17 01:07:39.829186
=========================================
Model Active Branches: ['clinical']
=========================================

=========================================
FOLD 1/5
=========================================

Epoch 1
-------------------------------
loss: 2.668619  [   64/  677]
loss: 3.337401  [  256/  677]
loss: 2.877135  [  448/  677]
loss: 3.209023  [  640/  677]
Average Training Loss: 1.099289
Val Loss: 2.5734 | C-index: 0.5534

Epoch 2
-------------------------------
loss: 3.285463  [   64/  677]
loss: 3.230872  [  256/  677]
loss: 2.536874  [  448/  677]
loss: 2.622930  [  640/  677]
Average Training Loss: 1.061467
Val Loss: 2.5710 | C-index: 0.5447

Epoch 3
-------------------------------
loss: 3.008765  [   64/  677]
loss: 2.956861  [  256/  677]
loss: 3.239648  [  448/  677]
loss: 2.897529  [  640/  677]
Average Training Loss: 1.100255
Val Loss: 2.5683 | C-index: 0.5247

Epoch 4
-------------------------------
loss: 2.848977  [   64/  677]
loss: 2.999178  [  256/  677]
loss: 3.064447  [  448/  677]
loss: 3.032958  [  640/  677]
Average Training Loss: 1.085960
Val Loss: 2.5658 | C-index: 0.5000

Epoch 5
-------------------------------
loss: 3.108316  [   64/  677]
loss: 2.615819  [  256/  677]
loss: 2.886025  [  448/  677]
loss: 2.648143  [  640/  677]
Average Training Loss: 1.023482
Val Loss: 2.5609 | C-index: 0.5274

Epoch 6
-------------------------------
loss: 3.216870  [   64/  677]
loss: 2.593908  [  256/  677]
loss: 3.091593  [  448/  677]
loss: 3.324167  [  640/  677]
Average Training Loss: 1.111503
Val Loss: 2.5563 | C-index: 0.5247

Stopping early at Epoch 6 since no C-Index improvement after 5 epochs.
Done!
Best C-Index = 0.5534045393858478 at Epoch 1

=========================================
FOLD 2/5
=========================================

Epoch 1
-------------------------------
loss: 2.987879  [   64/  677]
loss: 2.958221  [  256/  677]
loss: 2.472456  [  448/  677]
loss: 3.203553  [  640/  677]
Average Training Loss: 1.056555
Val Loss: 2.7783 | C-index: 0.6458

Epoch 2
-------------------------------
loss: 2.511754  [   64/  677]
loss: 3.230429  [  256/  677]
loss: 3.463692  [  448/  677]
loss: 3.167738  [  640/  677]
Average Training Loss: 1.124874
Val Loss: 2.7773 | C-index: 0.6104

Epoch 3
-------------------------------
loss: 2.824312  [   64/  677]
loss: 3.330684  [  256/  677]
loss: 2.579100  [  448/  677]
loss: 1.968963  [  640/  677]
Average Training Loss: 0.973005
Val Loss: 2.7759 | C-index: 0.6216

Epoch 4
-------------------------------
loss: 3.025463  [   64/  677]
loss: 3.422480  [  256/  677]
loss: 2.912843  [  448/  677]
loss: 3.130741  [  640/  677]
Average Training Loss: 1.135593
Val Loss: 2.7757 | C-index: 0.5797

Epoch 5
-------------------------------
loss: 3.103742  [   64/  677]
loss: 3.263625  [  256/  677]
loss: 2.887281  [  448/  677]
loss: 1.981768  [  640/  677]
Average Training Loss: 1.021492
Val Loss: 2.7733 | C-index: 0.5490

Epoch 6
-------------------------------
loss: 2.856553  [   64/  677]
loss: 3.084925  [  256/  677]
loss: 3.079456  [  448/  677]
loss: 3.269058  [  640/  677]
Average Training Loss: 1.117272
Val Loss: 2.7550 | C-index: 0.6570

Epoch 7
-------------------------------
loss: 3.677310  [   64/  677]
loss: 2.591702  [  256/  677]
loss: 3.084064  [  448/  677]
loss: 2.664938  [  640/  677]
Average Training Loss: 1.092547
Val Loss: 2.7401 | C-index: 0.6730

Epoch 8
-------------------------------
loss: 2.380662  [   64/  677]
loss: 2.868085  [  256/  677]
loss: 2.640385  [  448/  677]
loss: 3.008504  [  640/  677]
Average Training Loss: 0.990694
Val Loss: 2.7212 | C-index: 0.6741

Epoch 9
-------------------------------
loss: 2.885169  [   64/  677]
loss: 3.085604  [  256/  677]
loss: 2.901290  [  448/  677]
loss: 2.829367  [  640/  677]
Average Training Loss: 1.063766
Val Loss: 2.7102 | C-index: 0.6688

Epoch 10
-------------------------------
loss: 2.926788  [   64/  677]
loss: 3.028629  [  256/  677]
loss: 2.255472  [  448/  677]
loss: 2.297992  [  640/  677]
Average Training Loss: 0.955353
Val Loss: 2.7038 | C-index: 0.6629

Epoch 11
-------------------------------
loss: 3.008186  [   64/  677]
loss: 2.523254  [  256/  677]
loss: 3.188691  [  448/  677]
loss: 2.794947  [  640/  677]
Average Training Loss: 1.046825
Val Loss: 2.6978 | C-index: 0.6629

Epoch 12
-------------------------------
loss: 2.924182  [   64/  677]
loss: 2.932024  [  256/  677]
loss: 3.155802  [  448/  677]
loss: 2.733361  [  640/  677]
Average Training Loss: 1.067761
Val Loss: 2.6862 | C-index: 0.6700

Epoch 13
-------------------------------
loss: 2.880309  [   64/  677]
loss: 2.969635  [  256/  677]
loss: 2.592076  [  448/  677]
loss: 2.863592  [  640/  677]
Average Training Loss: 1.027783
Val Loss: 2.6773 | C-index: 0.6789

Epoch 14
-------------------------------
loss: 2.730945  [   64/  677]
loss: 3.108069  [  256/  677]
loss: 2.726357  [  448/  677]
loss: 2.698334  [  640/  677]
Average Training Loss: 1.023973
Val Loss: 2.6650 | C-index: 0.6818

Epoch 15
-------------------------------
loss: 3.245228  [   64/  677]
loss: 2.820469  [  256/  677]
loss: 2.650689  [  448/  677]
loss: 2.803194  [  640/  677]
Average Training Loss: 1.047234
Val Loss: 2.6685 | C-index: 0.6800

Epoch 16
-------------------------------
loss: 2.528156  [   64/  677]
loss: 2.687135  [  256/  677]
loss: 3.114777  [  448/  677]
loss: 2.440390  [  640/  677]
Average Training Loss: 0.979133
Val Loss: 2.6778 | C-index: 0.6842

Epoch 17
-------------------------------
loss: 2.458171  [   64/  677]
loss: 2.834258  [  256/  677]
loss: 2.874421  [  448/  677]
loss: 3.256223  [  640/  677]
Average Training Loss: 1.038461
Val Loss: 2.6607 | C-index: 0.6830

Epoch 18
-------------------------------
loss: 2.505764  [   64/  677]
loss: 2.798772  [  256/  677]
loss: 2.875020  [  448/  677]
loss: 3.058343  [  640/  677]
Average Training Loss: 1.021627
Val Loss: 2.6613 | C-index: 0.6836

Epoch 19
-------------------------------
loss: 2.864756  [   64/  677]
loss: 3.276317  [  256/  677]
loss: 2.995516  [  448/  677]
loss: 2.556896  [  640/  677]
Average Training Loss: 1.063044
Val Loss: 2.6647 | C-index: 0.6865

Epoch 20
-------------------------------
loss: 2.481165  [   64/  677]
loss: 2.767166  [  256/  677]
loss: 2.708860  [  448/  677]
loss: 3.465087  [  640/  677]
Average Training Loss: 1.038389
Val Loss: 2.6563 | C-index: 0.6901

Epoch 21
-------------------------------
loss: 2.237690  [   64/  677]
loss: 3.178950  [  256/  677]
loss: 1.968180  [  448/  677]
loss: 2.861510  [  640/  677]
Average Training Loss: 0.931485
Val Loss: 2.6637 | C-index: 0.6795

Epoch 22
-------------------------------
loss: 2.921205  [   64/  677]
loss: 2.656709  [  256/  677]
loss: 2.266451  [  448/  677]
loss: 2.722145  [  640/  677]
Average Training Loss: 0.960592
Val Loss: 2.6676 | C-index: 0.6877

Epoch 23
-------------------------------
loss: 2.419870  [   64/  677]
loss: 2.465370  [  256/  677]
loss: 2.494213  [  448/  677]
loss: 2.876234  [  640/  677]
Average Training Loss: 0.932335
Val Loss: 2.6523 | C-index: 0.6942

Epoch 24
-------------------------------
loss: 2.972516  [   64/  677]
loss: 2.845974  [  256/  677]
loss: 2.962351  [  448/  677]
loss: 2.372683  [  640/  677]
Average Training Loss: 1.013957
Val Loss: 2.6562 | C-index: 0.6972

Epoch 25
-------------------------------
loss: 3.139400  [   64/  677]
loss: 2.372631  [  256/  677]
loss: 2.985038  [  448/  677]
loss: 2.431662  [  640/  677]
Average Training Loss: 0.993521
Val Loss: 2.6448 | C-index: 0.7107

Epoch 26
-------------------------------
loss: 1.972749  [   64/  677]
loss: 2.209864  [  256/  677]
loss: 3.153308  [  448/  677]
loss: 2.616397  [  640/  677]
Average Training Loss: 0.904756
Val Loss: 2.6716 | C-index: 0.7037

Epoch 27
-------------------------------
loss: 2.460743  [   64/  677]
loss: 2.582516  [  256/  677]
loss: 2.567967  [  448/  677]
loss: 2.709560  [  640/  677]
Average Training Loss: 0.938253
Val Loss: 2.6583 | C-index: 0.7220

Epoch 28
-------------------------------
loss: 2.459282  [   64/  677]
loss: 3.036297  [  256/  677]
loss: 2.987053  [  448/  677]
loss: 2.598877  [  640/  677]
Average Training Loss: 1.007410
Val Loss: 2.6823 | C-index: 0.6800

Epoch 29
-------------------------------
loss: 2.837592  [   64/  677]
loss: 2.673016  [  256/  677]
loss: 2.486531  [  448/  677]
loss: 2.550776  [  640/  677]
Average Training Loss: 0.958901
Val Loss: 2.6846 | C-index: 0.6913

Epoch 30
-------------------------------
loss: 3.044755  [   64/  677]
loss: 3.183921  [  256/  677]
loss: 2.684118  [  448/  677]
loss: 2.258864  [  640/  677]
Average Training Loss: 1.015605
Val Loss: 2.6744 | C-index: 0.6960

Epoch 31
-------------------------------
loss: 2.882745  [   64/  677]
loss: 2.476228  [  256/  677]
loss: 2.599037  [  448/  677]
loss: 2.810442  [  640/  677]
Average Training Loss: 0.978950
Val Loss: 2.6566 | C-index: 0.7025

Epoch 32
-------------------------------
loss: 2.998476  [   64/  677]
loss: 2.411205  [  256/  677]
loss: 2.679599  [  448/  677]
loss: 2.622691  [  640/  677]
Average Training Loss: 0.973816
Val Loss: 2.6283 | C-index: 0.7048

Stopping early at Epoch 32 since no C-Index improvement after 5 epochs.
Done!
Best C-Index = 0.7219598583234947 at Epoch 27

=========================================
FOLD 3/5
=========================================

Epoch 1
-------------------------------
loss: 2.716806  [   64/  678]
loss: 2.860730  [  256/  678]
loss: 2.232725  [  448/  678]
loss: 2.439112  [  640/  678]
Average Training Loss: 0.931761
Val Loss: 2.8538 | C-index: 0.7651

Epoch 2
-------------------------------
loss: 3.000005  [   64/  678]
loss: 2.685953  [  256/  678]
loss: 3.252835  [  448/  678]
loss: 2.675430  [  640/  678]
Average Training Loss: 1.055838
Val Loss: 2.8441 | C-index: 0.7683

Epoch 3
-------------------------------
loss: 2.322240  [   64/  678]
loss: 3.396327  [  256/  678]
loss: 2.615743  [  448/  678]
loss: 3.386108  [  640/  678]
Average Training Loss: 1.065493
Val Loss: 2.8310 | C-index: 0.7802

Epoch 4
-------------------------------
loss: 2.909837  [   64/  678]
loss: 2.647107  [  256/  678]
loss: 3.044245  [  448/  678]
loss: 3.306469  [  640/  678]
Average Training Loss: 1.082514
Val Loss: 2.8215 | C-index: 0.7926

Epoch 5
-------------------------------
loss: 3.054394  [   64/  678]
loss: 2.530005  [  256/  678]
loss: 3.007573  [  448/  678]
loss: 2.976712  [  640/  678]
Average Training Loss: 1.051699
Val Loss: 2.8064 | C-index: 0.8066

Epoch 6
-------------------------------
loss: 2.897715  [   64/  678]
loss: 2.678966  [  256/  678]
loss: 2.698891  [  448/  678]
loss: 2.719010  [  640/  678]
Average Training Loss: 0.999507
Val Loss: 2.7947 | C-index: 0.8217

Epoch 7
-------------------------------
loss: 2.621441  [   64/  678]
loss: 3.337896  [  256/  678]
loss: 2.603814  [  448/  678]
loss: 2.722610  [  640/  678]
Average Training Loss: 1.025978
Val Loss: 2.7747 | C-index: 0.8287

Epoch 8
-------------------------------
loss: 2.957529  [   64/  678]
loss: 2.629017  [  256/  678]
loss: 3.108386  [  448/  678]
loss: 2.901612  [  640/  678]
Average Training Loss: 1.054231
Val Loss: 2.7523 | C-index: 0.8087

Epoch 9
-------------------------------
loss: 3.086105  [   64/  678]
loss: 2.769132  [  256/  678]
loss: 3.149930  [  448/  678]
loss: 2.642185  [  640/  678]
Average Training Loss: 1.058850
Val Loss: 2.7330 | C-index: 0.8141

Epoch 10
-------------------------------
loss: 2.616946  [   64/  678]
loss: 3.547000  [  256/  678]
loss: 3.260067  [  448/  678]
loss: 2.724954  [  640/  678]
Average Training Loss: 1.104452
Val Loss: 2.7240 | C-index: 0.8173

Epoch 11
-------------------------------
loss: 2.900507  [   64/  678]
loss: 2.710878  [  256/  678]
loss: 2.770678  [  448/  678]
loss: 3.604480  [  640/  678]
Average Training Loss: 1.089686
Val Loss: 2.6742 | C-index: 0.8270

Epoch 12
-------------------------------
loss: 2.288882  [   64/  678]
loss: 3.527372  [  256/  678]
loss: 2.025886  [  448/  678]
loss: 3.025662  [  640/  678]
Average Training Loss: 0.987982
Val Loss: 2.6530 | C-index: 0.8173

Stopping early at Epoch 12 since no C-Index improvement after 5 epochs.
Done!
Best C-Index = 0.8286637931034483 at Epoch 7

=========================================
FOLD 4/5
=========================================

Epoch 1
-------------------------------
loss: 2.703887  [   64/  678]
loss: 3.339544  [  256/  678]
loss: 2.298993  [  448/  678]
loss: 2.753723  [  640/  678]
Average Training Loss: 1.008741
Val Loss: 2.7824 | C-index: 0.6047

Epoch 2
-------------------------------
loss: 3.047221  [   64/  678]
loss: 3.150043  [  256/  678]
loss: 2.669329  [  448/  678]
loss: 3.033171  [  640/  678]
Average Training Loss: 1.081797
Val Loss: 2.7782 | C-index: 0.5962

Epoch 3
-------------------------------
loss: 3.089075  [   64/  678]
loss: 2.797577  [  256/  678]
loss: 3.237026  [  448/  678]
loss: 3.015841  [  640/  678]
Average Training Loss: 1.103593
Val Loss: 2.7747 | C-index: 0.6018

Epoch 4
-------------------------------
loss: 3.014601  [   64/  678]
loss: 2.915691  [  256/  678]
loss: 2.648944  [  448/  678]
loss: 3.153633  [  640/  678]
Average Training Loss: 1.066624
Val Loss: 2.7690 | C-index: 0.6011

Epoch 5
-------------------------------
loss: 2.860145  [   64/  678]
loss: 2.938223  [  256/  678]
loss: 3.253984  [  448/  678]
loss: 2.685077  [  640/  678]
Average Training Loss: 1.067039
Val Loss: 2.7659 | C-index: 0.5983

Epoch 6
-------------------------------
loss: 2.645230  [   64/  678]
loss: 2.932795  [  256/  678]
loss: 3.182255  [  448/  678]
loss: 2.751473  [  640/  678]
Average Training Loss: 1.046523
Val Loss: 2.7601 | C-index: 0.5969

Stopping early at Epoch 6 since no C-Index improvement after 5 epochs.
Done!
Best C-Index = 0.6046511627906976 at Epoch 1

=========================================
FOLD 5/5
=========================================

Epoch 1
-------------------------------
loss: 3.388920  [   64/  678]
loss: 2.939214  [  256/  678]
loss: 2.999896  [  448/  678]
loss: 2.778632  [  640/  678]
Average Training Loss: 1.100606
Val Loss: 2.9343 | C-index: 0.7022

Epoch 2
-------------------------------
loss: 3.105994  [   64/  678]
loss: 2.667687  [  256/  678]
loss: 2.880325  [  448/  678]
loss: 2.504498  [  640/  678]
Average Training Loss: 1.014409
Val Loss: 2.9286 | C-index: 0.6976

Epoch 3
-------------------------------
loss: 2.818133  [   64/  678]
loss: 2.672055  [  256/  678]
loss: 2.995680  [  448/  678]
loss: 3.021897  [  640/  678]
Average Training Loss: 1.046160
Val Loss: 2.9207 | C-index: 0.7051

Epoch 4
-------------------------------
loss: 3.113285  [   64/  678]
loss: 3.171076  [  256/  678]
loss: 2.537505  [  448/  678]
loss: 2.912853  [  640/  678]
Average Training Loss: 1.066793
Val Loss: 2.9092 | C-index: 0.7005

Epoch 5
-------------------------------
loss: 2.671487  [   64/  678]
loss: 2.803581  [  256/  678]
loss: 3.239883  [  448/  678]
loss: 2.210648  [  640/  678]
Average Training Loss: 0.993236
Val Loss: 2.8893 | C-index: 0.6993

Epoch 6
-------------------------------
loss: 2.974281  [   64/  678]
loss: 2.689981  [  256/  678]
loss: 2.847979  [  448/  678]
loss: 2.965305  [  640/  678]
Average Training Loss: 1.043413
Val Loss: 2.8714 | C-index: 0.6947

Epoch 7
-------------------------------
loss: 2.383141  [   64/  678]
loss: 2.742877  [  256/  678]
loss: 2.346245  [  448/  678]
loss: 2.690447  [  640/  678]
Average Training Loss: 0.923883
Val Loss: 2.8637 | C-index: 0.6860

Epoch 8
-------------------------------
loss: 2.672294  [   64/  678]
loss: 2.500439  [  256/  678]
loss: 3.087711  [  448/  678]
loss: 3.029989  [  640/  678]
Average Training Loss: 1.026403
Val Loss: 2.8534 | C-index: 0.6924

Stopping early at Epoch 8 since no C-Index improvement after 5 epochs.
Done!
Best C-Index = 0.7050837666088966 at Epoch 3

=========================================
CV training complete! Mean ± std C-index: 0.6828 ± 0.0961
Best epochs per fold: [1, 27, 7, 1, 3]

=========================================
Retraining model on full train+val for 8 epochs...
Epoch 1
-------------------------------
loss: 3.267516  [   64/  847]
loss: 2.980842  [  320/  847]
loss: 3.083130  [  576/  847]
loss: 2.797189  [  832/  847]
Average Training Loss: 0.866334
Val Loss: 2.8849 | C-index: 0.5917

Epoch 2
-------------------------------
loss: 3.010846  [   64/  847]
loss: 1.968508  [  320/  847]
loss: 3.107982  [  576/  847]
loss: 2.488488  [  832/  847]
Average Training Loss: 0.755416
Val Loss: 2.8490 | C-index: 0.6640

Epoch 3
-------------------------------
loss: 2.969512  [   64/  847]
loss: 3.210884  [  320/  847]
loss: 2.561827  [  576/  847]
loss: 2.918490  [  832/  847]
Average Training Loss: 0.832908
Val Loss: 2.7979 | C-index: 0.6678

Epoch 4
-------------------------------
loss: 3.192567  [   64/  847]
loss: 3.209418  [  320/  847]
loss: 2.917310  [  576/  847]
loss: 2.897035  [  832/  847]
Average Training Loss: 0.872595
Val Loss: 2.7852 | C-index: 0.6735

Epoch 5
-------------------------------
loss: 3.107515  [   64/  847]
loss: 2.237994  [  320/  847]
loss: 2.976348  [  576/  847]
loss: 3.026473  [  832/  847]
Average Training Loss: 0.810595
Val Loss: 2.7899 | C-index: 0.6847

Epoch 6
-------------------------------
loss: 3.079833  [   64/  847]
loss: 2.789153  [  320/  847]
loss: 2.859660  [  576/  847]
loss: 2.651222  [  832/  847]
Average Training Loss: 0.812848
Val Loss: 2.8243 | C-index: 0.6913

Epoch 7
-------------------------------
loss: 2.824059  [   64/  847]
loss: 2.422826  [  320/  847]
loss: 2.845989  [  576/  847]
loss: 2.955031  [  832/  847]
Average Training Loss: 0.789136
Val Loss: 2.7506 | C-index: 0.7010

Epoch 8
-------------------------------
loss: 2.829618  [   64/  847]
loss: 3.216971  [  320/  847]
loss: 2.791780  [  576/  847]
loss: 2.708885  [  832/  847]
Average Training Loss: 0.824804
Val Loss: 2.8611 | C-index: 0.7029

Done!
Best C-Index = 0.7029130907772271 at Epoch 8
FINAL TEST Average Loss: 2.6162
FINAL TEST C-index: 0.7043
Bootstrap 95% CI: [0.5649, 0.8099]
Results saved to /Users/evan/Documents/GitHub/HyBINN/experiments/runs/clinical/seed_5/results.json
