train_hybinn.py log started 2026-06-17 01:08:00.225532
=========================================
Model Active Branches: ['clinical']
=========================================

=========================================
FOLD 1/5
=========================================

Epoch 1
-------------------------------
loss: 2.989943  [   64/  677]
loss: 2.638375  [  256/  677]
loss: 3.230641  [  448/  677]
loss: 3.022830  [  640/  677]
Average Training Loss: 1.080163
Val Loss: 3.0209 | C-index: 0.6066

Epoch 2
-------------------------------
loss: 3.292047  [   64/  677]
loss: 2.934999  [  256/  677]
loss: 3.333158  [  448/  677]
loss: 3.216087  [  640/  677]
Average Training Loss: 1.161481
Val Loss: 3.0067 | C-index: 0.6420

Epoch 3
-------------------------------
loss: 2.681060  [   64/  677]
loss: 2.680968  [  256/  677]
loss: 2.279043  [  448/  677]
loss: 2.744220  [  640/  677]
Average Training Loss: 0.944117
Val Loss: 2.9933 | C-index: 0.6302

Epoch 4
-------------------------------
loss: 2.778230  [   64/  677]
loss: 2.865851  [  256/  677]
loss: 3.497208  [  448/  677]
loss: 2.430605  [  640/  677]
Average Training Loss: 1.051990
Val Loss: 2.9831 | C-index: 0.6790

Epoch 5
-------------------------------
loss: 2.722958  [   64/  677]
loss: 3.072255  [  256/  677]
loss: 2.694707  [  448/  677]
loss: 3.182234  [  640/  677]
Average Training Loss: 1.061105
Val Loss: 2.9759 | C-index: 0.6841

Epoch 6
-------------------------------
loss: 2.808604  [   64/  677]
loss: 2.837154  [  256/  677]
loss: 3.064935  [  448/  677]
loss: 3.137970  [  640/  677]
Average Training Loss: 1.077151
Val Loss: 2.9638 | C-index: 0.7047

Epoch 7
-------------------------------
loss: 1.817765  [   64/  677]
loss: 3.263919  [  256/  677]
loss: 2.492482  [  448/  677]
loss: 2.999388  [  640/  677]
Average Training Loss: 0.961232
Val Loss: 2.9405 | C-index: 0.6972

Epoch 8
-------------------------------
loss: 3.485798  [   64/  677]
loss: 3.277822  [  256/  677]
loss: 2.954959  [  448/  677]
loss: 2.766469  [  640/  677]
Average Training Loss: 1.135004
Val Loss: 2.9312 | C-index: 0.6951

Epoch 9
-------------------------------
loss: 2.671780  [   64/  677]
loss: 2.964137  [  256/  677]
loss: 2.587367  [  448/  677]
loss: 3.224206  [  640/  677]
Average Training Loss: 1.040681
Val Loss: 2.9170 | C-index: 0.7095

Epoch 10
-------------------------------
loss: 3.351066  [   64/  677]
loss: 2.800431  [  256/  677]
loss: 2.827203  [  448/  677]
loss: 2.843616  [  640/  677]
Average Training Loss: 1.074756
Val Loss: 2.9334 | C-index: 0.6951

Epoch 11
-------------------------------
loss: 2.823510  [   64/  677]
loss: 2.699273  [  256/  677]
loss: 3.036937  [  448/  677]
loss: 3.963237  [  640/  677]
Average Training Loss: 1.138451
Val Loss: 2.9176 | C-index: 0.7074

Epoch 12
-------------------------------
loss: 3.202604  [   64/  677]
loss: 3.163273  [  256/  677]
loss: 2.987591  [  448/  677]
loss: 2.830470  [  640/  677]
Average Training Loss: 1.107631
Val Loss: 2.9151 | C-index: 0.7079

Epoch 13
-------------------------------
loss: 2.373718  [   64/  677]
loss: 3.034100  [  256/  677]
loss: 2.752461  [  448/  677]
loss: 2.943321  [  640/  677]
Average Training Loss: 1.009418
Val Loss: 2.8976 | C-index: 0.7053

Epoch 14
-------------------------------
loss: 3.124283  [   64/  677]
loss: 3.202467  [  256/  677]
loss: 2.545728  [  448/  677]
loss: 2.496845  [  640/  677]
Average Training Loss: 1.033575
Val Loss: 2.9159 | C-index: 0.7044

Stopping early at Epoch 14 since no C-Index improvement after 5 epochs.
Done!
Best C-Index = 0.7095391211146839 at Epoch 9

=========================================
FOLD 2/5
=========================================

Epoch 1
-------------------------------
loss: 2.630094  [   64/  677]
loss: 3.473965  [  256/  677]
loss: 2.465194  [  448/  677]
loss: 3.208965  [  640/  677]
Average Training Loss: 1.070747
Val Loss: 2.9038 | C-index: 0.5909

Epoch 2
-------------------------------
loss: 2.887248  [   64/  677]
loss: 2.941222  [  256/  677]
loss: 2.854214  [  448/  677]
loss: 2.319475  [  640/  677]
Average Training Loss: 1.000196
Val Loss: 2.8980 | C-index: 0.6001

Epoch 3
-------------------------------
loss: 2.544529  [   64/  677]
loss: 2.998650  [  256/  677]
loss: 2.622132  [  448/  677]
loss: 2.848487  [  640/  677]
Average Training Loss: 1.001254
Val Loss: 2.8928 | C-index: 0.6013

Epoch 4
-------------------------------
loss: 3.646521  [   64/  677]
loss: 3.034050  [  256/  677]
loss: 2.743602  [  448/  677]
loss: 2.974834  [  640/  677]
Average Training Loss: 1.127182
Val Loss: 2.8891 | C-index: 0.6150

Epoch 5
-------------------------------
loss: 3.006083  [   64/  677]
loss: 3.087844  [  256/  677]
loss: 2.786400  [  448/  677]
loss: 2.944242  [  640/  677]
Average Training Loss: 1.074961
Val Loss: 2.8866 | C-index: 0.6291

Epoch 6
-------------------------------
loss: 2.633089  [   64/  677]
loss: 2.798019  [  256/  677]
loss: 2.778300  [  448/  677]
loss: 2.968658  [  640/  677]
Average Training Loss: 1.016188
Val Loss: 2.8867 | C-index: 0.6228

Epoch 7
-------------------------------
loss: 2.724623  [   64/  677]
loss: 3.091947  [  256/  677]
loss: 3.197822  [  448/  677]
loss: 3.016747  [  640/  677]
Average Training Loss: 1.093740
Val Loss: 2.8834 | C-index: 0.5967

Epoch 8
-------------------------------
loss: 2.683121  [   64/  677]
loss: 2.499640  [  256/  677]
loss: 3.413717  [  448/  677]
loss: 2.191792  [  640/  677]
Average Training Loss: 0.980752
Val Loss: 2.8843 | C-index: 0.5878

Epoch 9
-------------------------------
loss: 3.071284  [   64/  677]
loss: 2.724158  [  256/  677]
loss: 2.550613  [  448/  677]
loss: 2.609867  [  640/  677]
Average Training Loss: 0.995993
Val Loss: 2.8813 | C-index: 0.5869

Epoch 10
-------------------------------
loss: 3.040912  [   64/  677]
loss: 2.770542  [  256/  677]
loss: 2.607316  [  448/  677]
loss: 2.851674  [  640/  677]
Average Training Loss: 1.024586
Val Loss: 2.8830 | C-index: 0.5872

Stopping early at Epoch 10 since no C-Index improvement after 5 epochs.
Done!
Best C-Index = 0.6290877796901894 at Epoch 5

=========================================
FOLD 3/5
=========================================

Epoch 1
-------------------------------
loss: 2.049277  [   64/  678]
loss: 2.974599  [  256/  678]
loss: 2.960086  [  448/  678]
loss: 2.977326  [  640/  678]
Average Training Loss: 0.996481
Val Loss: 2.9263 | C-index: 0.7316

Epoch 2
-------------------------------
loss: 3.257954  [   64/  678]
loss: 3.532814  [  256/  678]
loss: 3.217864  [  448/  678]
loss: 2.263861  [  640/  678]
Average Training Loss: 1.115681
Val Loss: 2.9163 | C-index: 0.7400

Epoch 3
-------------------------------
loss: 3.432948  [   64/  678]
loss: 2.648919  [  256/  678]
loss: 3.407340  [  448/  678]
loss: 2.681775  [  640/  678]
Average Training Loss: 1.106453
Val Loss: 2.9037 | C-index: 0.7522

Epoch 4
-------------------------------
loss: 2.954077  [   64/  678]
loss: 2.755583  [  256/  678]
loss: 3.244933  [  448/  678]
loss: 2.384844  [  640/  678]
Average Training Loss: 1.030858
Val Loss: 2.8895 | C-index: 0.7528

Epoch 5
-------------------------------
loss: 3.458674  [   64/  678]
loss: 2.290648  [  256/  678]
loss: 2.993069  [  448/  678]
loss: 2.785614  [  640/  678]
Average Training Loss: 1.048000
Val Loss: 2.8777 | C-index: 0.7545

Epoch 6
-------------------------------
loss: 2.802361  [   64/  678]
loss: 2.688236  [  256/  678]
loss: 3.112397  [  448/  678]
loss: 3.252041  [  640/  678]
Average Training Loss: 1.077730
Val Loss: 2.8674 | C-index: 0.7500

Epoch 7
-------------------------------
loss: 3.030271  [   64/  678]
loss: 2.323609  [  256/  678]
loss: 3.568252  [  448/  678]
loss: 2.724230  [  640/  678]
Average Training Loss: 1.058760
Val Loss: 2.8554 | C-index: 0.7522

Epoch 8
-------------------------------
loss: 3.234147  [   64/  678]
loss: 3.150465  [  256/  678]
loss: 3.185496  [  448/  678]
loss: 2.244834  [  640/  678]
Average Training Loss: 1.074086
Val Loss: 2.8450 | C-index: 0.7578

Epoch 9
-------------------------------
loss: 2.490879  [   64/  678]
loss: 2.397183  [  256/  678]
loss: 2.913266  [  448/  678]
loss: 3.205069  [  640/  678]
Average Training Loss: 1.000582
Val Loss: 2.8401 | C-index: 0.7567

Epoch 10
-------------------------------
loss: 2.845858  [   64/  678]
loss: 3.178753  [  256/  678]
loss: 2.934659  [  448/  678]
loss: 2.789283  [  640/  678]
Average Training Loss: 1.068050
Val Loss: 2.8307 | C-index: 0.7533

Epoch 11
-------------------------------
loss: 2.394148  [   64/  678]
loss: 2.891784  [  256/  678]
loss: 2.581639  [  448/  678]
loss: 2.591129  [  640/  678]
Average Training Loss: 0.950791
Val Loss: 2.8005 | C-index: 0.7717

Epoch 12
-------------------------------
loss: 3.330511  [   64/  678]
loss: 2.578292  [  256/  678]
loss: 2.451772  [  448/  678]
loss: 2.089295  [  640/  678]
Average Training Loss: 0.949988
Val Loss: 2.7701 | C-index: 0.7751

Epoch 13
-------------------------------
loss: 2.757455  [   64/  678]
loss: 2.630310  [  256/  678]
loss: 3.140828  [  448/  678]
loss: 2.253847  [  640/  678]
Average Training Loss: 0.980222
Val Loss: 2.7774 | C-index: 0.7717

Epoch 14
-------------------------------
loss: 2.742570  [   64/  678]
loss: 2.920236  [  256/  678]
loss: 2.741574  [  448/  678]
loss: 2.663543  [  640/  678]
Average Training Loss: 1.006175
Val Loss: 2.7555 | C-index: 0.7751

Epoch 15
-------------------------------
loss: 2.845530  [   64/  678]
loss: 2.404860  [  256/  678]
loss: 3.167845  [  448/  678]
loss: 2.657198  [  640/  678]
Average Training Loss: 1.006858
Val Loss: 2.7373 | C-index: 0.7739

Epoch 16
-------------------------------
loss: 3.018775  [   64/  678]
loss: 3.087221  [  256/  678]
loss: 2.844394  [  448/  678]
loss: 2.635674  [  640/  678]
Average Training Loss: 1.053279
Val Loss: 2.7296 | C-index: 0.7812

Epoch 17
-------------------------------
loss: 2.935922  [   64/  678]
loss: 2.535971  [  256/  678]
loss: 2.874348  [  448/  678]
loss: 3.262856  [  640/  678]
Average Training Loss: 1.055372
Val Loss: 2.7317 | C-index: 0.7790

Epoch 18
-------------------------------
loss: 2.833480  [   64/  678]
loss: 2.572423  [  256/  678]
loss: 2.987406  [  448/  678]
loss: 3.128445  [  640/  678]
Average Training Loss: 1.047432
Val Loss: 2.7224 | C-index: 0.7845

Epoch 19
-------------------------------
loss: 2.781653  [   64/  678]
loss: 3.363073  [  256/  678]
loss: 2.691834  [  448/  678]
loss: 1.967425  [  640/  678]
Average Training Loss: 0.982180
Val Loss: 2.7081 | C-index: 0.7923

Epoch 20
-------------------------------
loss: 2.898303  [   64/  678]
loss: 2.961337  [  256/  678]
loss: 2.532208  [  448/  678]
loss: 3.094319  [  640/  678]
Average Training Loss: 1.044197
Val Loss: 2.6905 | C-index: 0.7968

Epoch 21
-------------------------------
loss: 2.475901  [   64/  678]
loss: 2.718507  [  256/  678]
loss: 2.744985  [  448/  678]
loss: 3.107928  [  640/  678]
Average Training Loss: 1.004302
Val Loss: 2.6513 | C-index: 0.8135

Epoch 22
-------------------------------
loss: 2.690590  [   64/  678]
loss: 2.878110  [  256/  678]
loss: 3.010812  [  448/  678]
loss: 2.312311  [  640/  678]
Average Training Loss: 0.990166
Val Loss: 2.6297 | C-index: 0.8151

Epoch 23
-------------------------------
loss: 3.049699  [   64/  678]
loss: 2.646944  [  256/  678]
loss: 2.884569  [  448/  678]
loss: 1.751590  [  640/  678]
Average Training Loss: 0.939346
Val Loss: 2.6480 | C-index: 0.8135

Epoch 24
-------------------------------
loss: 2.680775  [   64/  678]
loss: 3.076467  [  256/  678]
loss: 2.557710  [  448/  678]
loss: 2.697768  [  640/  678]
Average Training Loss: 1.001156
Val Loss: 2.6827 | C-index: 0.8023

Epoch 25
-------------------------------
loss: 3.209471  [   64/  678]
loss: 3.289729  [  256/  678]
loss: 2.591331  [  448/  678]
loss: 2.656178  [  640/  678]
Average Training Loss: 1.067883
Val Loss: 2.7224 | C-index: 0.7762

Epoch 26
-------------------------------
loss: 2.550826  [   64/  678]
loss: 3.349082  [  256/  678]
loss: 3.212433  [  448/  678]
loss: 2.259035  [  640/  678]
Average Training Loss: 1.033761
Val Loss: 2.5814 | C-index: 0.8318

Epoch 27
-------------------------------
loss: 2.494353  [   64/  678]
loss: 2.398661  [  256/  678]
loss: 3.125968  [  448/  678]
loss: 2.917474  [  640/  678]
Average Training Loss: 0.994223
Val Loss: 2.5708 | C-index: 0.8291

Epoch 28
-------------------------------
loss: 2.086993  [   64/  678]
loss: 2.472224  [  256/  678]
loss: 2.933042  [  448/  678]
loss: 2.922885  [  640/  678]
Average Training Loss: 0.946831
Val Loss: 2.5619 | C-index: 0.8252

Epoch 29
-------------------------------
loss: 2.696303  [   64/  678]
loss: 3.239970  [  256/  678]
loss: 2.879035  [  448/  678]
loss: 2.745624  [  640/  678]
Average Training Loss: 1.050994
Val Loss: 2.5364 | C-index: 0.8118

Epoch 30
-------------------------------
loss: 2.717076  [   64/  678]
loss: 2.300800  [  256/  678]
loss: 3.241762  [  448/  678]
loss: 2.694677  [  640/  678]
Average Training Loss: 0.995847
Val Loss: 2.5899 | C-index: 0.8174

Epoch 31
-------------------------------
loss: 3.006852  [   64/  678]
loss: 2.923147  [  256/  678]
loss: 1.866812  [  448/  678]
loss: 2.664506  [  640/  678]
Average Training Loss: 0.951029
Val Loss: 2.5897 | C-index: 0.8146

Stopping early at Epoch 31 since no C-Index improvement after 5 epochs.
Done!
Best C-Index = 0.8318485523385301 at Epoch 26

=========================================
FOLD 4/5
=========================================

Epoch 1
-------------------------------
loss: 2.670321  [   64/  678]
loss: 2.658029  [  256/  678]
loss: 3.390826  [  448/  678]
loss: 2.968170  [  640/  678]
Average Training Loss: 1.062486
Val Loss: 2.5024 | C-index: 0.6268

Epoch 2
-------------------------------
loss: 3.413027  [   64/  678]
loss: 3.022762  [  256/  678]
loss: 2.604401  [  448/  678]
loss: 2.514916  [  640/  678]
Average Training Loss: 1.050464
Val Loss: 2.4989 | C-index: 0.6268

Epoch 3
-------------------------------
loss: 2.594246  [   64/  678]
loss: 3.340286  [  256/  678]
loss: 2.660652  [  448/  678]
loss: 2.904350  [  640/  678]
Average Training Loss: 1.045412
Val Loss: 2.4925 | C-index: 0.6173

Epoch 4
-------------------------------
loss: 2.995533  [   64/  678]
loss: 2.703611  [  256/  678]
loss: 3.632187  [  448/  678]
loss: 3.456769  [  640/  678]
Average Training Loss: 1.162555
Val Loss: 2.4832 | C-index: 0.6479

Epoch 5
-------------------------------
loss: 3.445097  [   64/  678]
loss: 2.990601  [  256/  678]
loss: 2.876698  [  448/  678]
loss: 3.255382  [  640/  678]
Average Training Loss: 1.142525
Val Loss: 2.4769 | C-index: 0.6445

Epoch 6
-------------------------------
loss: 3.130981  [   64/  678]
loss: 2.827144  [  256/  678]
loss: 2.906201  [  448/  678]
loss: 3.194031  [  640/  678]
Average Training Loss: 1.096214
Val Loss: 2.4711 | C-index: 0.6730

Epoch 7
-------------------------------
loss: 2.367340  [   64/  678]
loss: 2.375824  [  256/  678]
loss: 3.300108  [  448/  678]
loss: 3.078719  [  640/  678]
Average Training Loss: 1.011090
Val Loss: 2.4690 | C-index: 0.6628

Epoch 8
-------------------------------
loss: 2.910955  [   64/  678]
loss: 3.162706  [  256/  678]
loss: 2.558047  [  448/  678]
loss: 2.330679  [  640/  678]
Average Training Loss: 0.996581
Val Loss: 2.4607 | C-index: 0.6730

Epoch 9
-------------------------------
loss: 3.058454  [   64/  678]
loss: 2.797908  [  256/  678]
loss: 3.039682  [  448/  678]
loss: 3.908007  [  640/  678]
Average Training Loss: 1.164005
Val Loss: 2.4565 | C-index: 0.6676

Epoch 10
-------------------------------
loss: 3.084144  [   64/  678]
loss: 2.457719  [  256/  678]
loss: 2.742591  [  448/  678]
loss: 3.329337  [  640/  678]
Average Training Loss: 1.055799
Val Loss: 2.4534 | C-index: 0.6458

Epoch 11
-------------------------------
loss: 2.585862  [   64/  678]
loss: 2.882164  [  256/  678]
loss: 2.419937  [  448/  678]
loss: 2.940473  [  640/  678]
Average Training Loss: 0.984403
Val Loss: 2.4431 | C-index: 0.6499

Stopping early at Epoch 11 since no C-Index improvement after 5 epochs.
Done!
Best C-Index = 0.6730115567641061 at Epoch 6

=========================================
FOLD 5/5
=========================================

Epoch 1
-------------------------------
loss: 3.228766  [   64/  678]
loss: 2.802055  [  256/  678]
loss: 2.843034  [  448/  678]
loss: 2.816467  [  640/  678]
Average Training Loss: 1.062757
Val Loss: 2.6073 | C-index: 0.6437

Epoch 2
-------------------------------
loss: 2.856875  [   64/  678]
loss: 3.211962  [  256/  678]
loss: 3.523405  [  448/  678]
loss: 2.850991  [  640/  678]
Average Training Loss: 1.131203
Val Loss: 2.6020 | C-index: 0.5988

Epoch 3
-------------------------------
loss: 3.139112  [   64/  678]
loss: 3.017186  [  256/  678]
loss: 2.572544  [  448/  678]
loss: 3.080754  [  640/  678]
Average Training Loss: 1.073600
Val Loss: 2.5982 | C-index: 0.5683

Epoch 4
-------------------------------
loss: 2.710025  [   64/  678]
loss: 3.308800  [  256/  678]
loss: 3.132520  [  448/  678]
loss: 3.188722  [  640/  678]
Average Training Loss: 1.121824
Val Loss: 2.5903 | C-index: 0.5819

Epoch 5
-------------------------------
loss: 2.670926  [   64/  678]
loss: 3.104676  [  256/  678]
loss: 2.932591  [  448/  678]
loss: 2.646539  [  640/  678]
Average Training Loss: 1.032248
Val Loss: 2.5878 | C-index: 0.5730

Epoch 6
-------------------------------
loss: 2.958312  [   64/  678]
loss: 2.947363  [  256/  678]
loss: 3.556297  [  448/  678]
loss: 3.031776  [  640/  678]
Average Training Loss: 1.135795
Val Loss: 2.5855 | C-index: 0.5737

Stopping early at Epoch 6 since no C-Index improvement after 5 epochs.
Done!
Best C-Index = 0.6436820652173914 at Epoch 1

=========================================
CV training complete! Mean ± std C-index: 0.6974 ± 0.0726
Best epochs per fold: [9, 5, 26, 6, 1]

=========================================
Retraining model on full train+val for 9 epochs...
Epoch 1
-------------------------------
loss: 2.489817  [   64/  847]
loss: 2.594837  [  320/  847]
loss: 3.021724  [  576/  847]
loss: 2.760422  [  832/  847]
Average Training Loss: 0.776200
Val Loss: 2.9664 | C-index: 0.6360

Epoch 2
-------------------------------
loss: 2.452403  [   64/  847]
loss: 2.868122  [  320/  847]
loss: 2.945564  [  576/  847]
loss: 3.210549  [  832/  847]
Average Training Loss: 0.819760
Val Loss: 2.8643 | C-index: 0.6545

Epoch 3
-------------------------------
loss: 2.470603  [   64/  847]
loss: 2.686856  [  320/  847]
loss: 2.927927  [  576/  847]
loss: 3.169631  [  832/  847]
Average Training Loss: 0.803930
Val Loss: 2.8200 | C-index: 0.6643

Epoch 4
-------------------------------
loss: 3.254827  [   64/  847]
loss: 2.790533  [  320/  847]
loss: 2.728285  [  576/  847]
loss: 2.832858  [  832/  847]
Average Training Loss: 0.829036
Val Loss: 2.8504 | C-index: 0.6646

Epoch 5
-------------------------------
loss: 3.259375  [   64/  847]
loss: 2.663651  [  320/  847]
loss: 2.948061  [  576/  847]
loss: 2.919729  [  832/  847]
Average Training Loss: 0.842201
Val Loss: 2.8941 | C-index: 0.6657

Epoch 6
-------------------------------
loss: 2.684914  [   64/  847]
loss: 3.157604  [  320/  847]
loss: 3.143626  [  576/  847]
loss: 2.637731  [  832/  847]
Average Training Loss: 0.830277
Val Loss: 2.8922 | C-index: 0.6710

Epoch 7
-------------------------------
loss: 3.093296  [   64/  847]
loss: 2.954960  [  320/  847]
loss: 2.986870  [  576/  847]
loss: 2.534199  [  832/  847]
Average Training Loss: 0.826380
Val Loss: 2.7939 | C-index: 0.6750

Epoch 8
-------------------------------
loss: 3.202732  [   64/  847]
loss: 2.805535  [  320/  847]
loss: 2.766290  [  576/  847]
loss: 2.695150  [  832/  847]
Average Training Loss: 0.819265
Val Loss: 2.8214 | C-index: 0.6755

Epoch 9
-------------------------------
loss: 2.275823  [   64/  847]
loss: 3.089898  [  320/  847]
loss: 2.274590  [  576/  847]
loss: 3.150231  [  832/  847]
Average Training Loss: 0.770753
Val Loss: 2.7964 | C-index: 0.6756

Done!
Best C-Index = 0.6755535956904155 at Epoch 9
FINAL TEST Average Loss: 2.3606
FINAL TEST C-index: 0.6677
Bootstrap 95% CI: [0.5203, 0.7943]
Results saved to /Users/evan/Documents/GitHub/HyBINN/experiments/runs/clinical/seed_7/results.json
