train_hybinn.py log started 2026-06-05 22:37:55.093329
=========================================
Model Active Branches: ['binn', 'gene']
=========================================

=========================================
FOLD 1/5
=========================================

Epoch 1
-------------------------------
loss: 2.314394  [   64/  677]
loss: 2.831707  [  256/  677]
loss: 2.966134  [  448/  677]
loss: 2.705311  [  640/  677]
Average Training Loss: 0.983413
Val Loss: 2.7485 | C-index: 0.4314

Epoch 2
-------------------------------
loss: 2.496351  [   64/  677]
loss: 2.669695  [  256/  677]
loss: 2.967988  [  448/  677]
loss: 3.372508  [  640/  677]
Average Training Loss: 1.046049
Val Loss: 2.7988 | C-index: 0.3675

Epoch 3
-------------------------------
loss: 2.907288  [   64/  677]
loss: 2.904646  [  256/  677]
loss: 3.190235  [  448/  677]
loss: 2.754631  [  640/  677]
Average Training Loss: 1.068800
Val Loss: 2.7536 | C-index: 0.4818

Epoch 4
-------------------------------
loss: 2.608485  [   64/  677]
loss: 2.081218  [  256/  677]
loss: 2.232076  [  448/  677]
loss: 2.707048  [  640/  677]
Average Training Loss: 0.875348
Val Loss: 2.6116 | C-index: 0.6717

Epoch 5
-------------------------------
loss: 1.970271  [   64/  677]
loss: 1.741874  [  256/  677]
loss: 1.993065  [  448/  677]
loss: 1.712092  [  640/  677]
Average Training Loss: 0.674300
Val Loss: 2.6098 | C-index: 0.7367

Epoch 6
-------------------------------
loss: 1.965480  [   64/  677]
loss: 1.713529  [  256/  677]
loss: 1.947885  [  448/  677]
loss: 1.292197  [  640/  677]
Average Training Loss: 0.629008
Val Loss: 3.3545 | C-index: 0.5714

Epoch 7
-------------------------------
loss: 1.661248  [   64/  677]
loss: 1.522868  [  256/  677]
loss: 0.870606  [  448/  677]
loss: 1.487061  [  640/  677]
Average Training Loss: 0.503798
Val Loss: 2.8917 | C-index: 0.5944

Epoch 8
-------------------------------
loss: 1.666827  [   64/  677]
loss: 1.482103  [  256/  677]
loss: 1.140572  [  448/  677]
loss: 1.427682  [  640/  677]
Average Training Loss: 0.519744
Val Loss: 3.0403 | C-index: 0.6846

Epoch 9
-------------------------------
loss: 1.336732  [   64/  677]
loss: 0.860829  [  256/  677]
loss: 2.462845  [  448/  677]
loss: 0.881573  [  640/  677]
Average Training Loss: 0.503816
Val Loss: 3.1471 | C-index: 0.6571

Epoch 10
-------------------------------
loss: 0.919405  [   64/  677]
loss: 0.956773  [  256/  677]
loss: 0.861487  [  448/  677]
loss: 0.956735  [  640/  677]
Average Training Loss: 0.335854
Val Loss: 3.3678 | C-index: 0.6527

Stopping early at Epoch 10 since no C-Index improvement after 5 epochs.
Done!
Best C-Index = 0.7366946778711485 at Epoch 5

=========================================
FOLD 2/5
=========================================

Epoch 1
-------------------------------
loss: 3.117379  [   64/  677]
loss: 2.324797  [  256/  677]
loss: 2.782533  [  448/  677]
loss: 2.674657  [  640/  677]
Average Training Loss: 0.990851
Val Loss: 2.8911 | C-index: 0.5443

Epoch 2
-------------------------------
loss: 2.087045  [   64/  677]
loss: 2.743483  [  256/  677]
loss: 3.289338  [  448/  677]
loss: 2.532038  [  640/  677]
Average Training Loss: 0.968355
Val Loss: 2.8693 | C-index: 0.6579

Epoch 3
-------------------------------
loss: 2.915664  [   64/  677]
loss: 2.809139  [  256/  677]
loss: 2.711364  [  448/  677]
loss: 2.553881  [  640/  677]
Average Training Loss: 0.999095
Val Loss: 2.8703 | C-index: 0.7109

Epoch 4
-------------------------------
loss: 2.898000  [   64/  677]
loss: 2.491768  [  256/  677]
loss: 2.169608  [  448/  677]
loss: 2.579087  [  640/  677]
Average Training Loss: 0.921678
Val Loss: 3.0386 | C-index: 0.6859

Epoch 5
-------------------------------
loss: 1.816876  [   64/  677]
loss: 1.689044  [  256/  677]
loss: 1.888031  [  448/  677]
loss: 1.931561  [  640/  677]
Average Training Loss: 0.665956
Val Loss: 3.4119 | C-index: 0.6681

Epoch 6
-------------------------------
loss: 1.780695  [   64/  677]
loss: 1.341354  [  256/  677]
loss: 1.886847  [  448/  677]
loss: 1.759960  [  640/  677]
Average Training Loss: 0.615351
Val Loss: 3.8303 | C-index: 0.6014

Epoch 7
-------------------------------
loss: 1.246139  [   64/  677]
loss: 2.075795  [  256/  677]
loss: 1.476049  [  448/  677]
loss: 2.639158  [  640/  677]
Average Training Loss: 0.676104
Val Loss: 3.3592 | C-index: 0.7347

Epoch 8
-------------------------------
loss: 0.748499  [   64/  677]
loss: 1.834870  [  256/  677]
loss: 1.415456  [  448/  677]
loss: 1.230237  [  640/  677]
Average Training Loss: 0.475369
Val Loss: 3.7514 | C-index: 0.6633

Epoch 9
-------------------------------
loss: 1.646914  [   64/  677]
loss: 1.538140  [  256/  677]
loss: 1.340691  [  448/  677]
loss: 0.577159  [  640/  677]
Average Training Loss: 0.463900
Val Loss: 4.5809 | C-index: 0.6127

Epoch 10
-------------------------------
loss: 1.041060  [   64/  677]
loss: 0.974826  [  256/  677]
loss: 2.035110  [  448/  677]
loss: 1.064420  [  640/  677]
Average Training Loss: 0.465038
Val Loss: 4.0751 | C-index: 0.6704

Epoch 11
-------------------------------
loss: 1.394963  [   64/  677]
loss: 0.538788  [  256/  677]
loss: 0.321886  [  448/  677]
loss: 1.025362  [  640/  677]
Average Training Loss: 0.298273
Val Loss: 4.1141 | C-index: 0.6609

Epoch 12
-------------------------------
loss: 1.436158  [   64/  677]
loss: 1.116770  [  256/  677]
loss: 1.552439  [  448/  677]
loss: 1.053304  [  640/  677]
Average Training Loss: 0.468970
Val Loss: 4.7212 | C-index: 0.6597

Stopping early at Epoch 12 since no C-Index improvement after 5 epochs.
Done!
Best C-Index = 0.734681737061273 at Epoch 7

=========================================
FOLD 3/5
=========================================

Epoch 1
-------------------------------
loss: 2.896571  [   64/  678]
loss: 3.228257  [  256/  678]
loss: 3.315869  [  448/  678]
loss: 2.779597  [  640/  678]
Average Training Loss: 1.110936
Val Loss: 2.4054 | C-index: 0.4400

Epoch 2
-------------------------------
loss: 2.670852  [   64/  678]
loss: 3.004560  [  256/  678]
loss: 3.342259  [  448/  678]
loss: 3.037778  [  640/  678]
Average Training Loss: 1.095950
Val Loss: 2.3806 | C-index: 0.5668

Epoch 3
-------------------------------
loss: 2.771576  [   64/  678]
loss: 2.641354  [  256/  678]
loss: 3.169222  [  448/  678]
loss: 2.857490  [  640/  678]
Average Training Loss: 1.039967
Val Loss: 2.3275 | C-index: 0.6979

Epoch 4
-------------------------------
loss: 2.003244  [   64/  678]
loss: 2.698799  [  256/  678]
loss: 2.613551  [  448/  678]
loss: 2.743566  [  640/  678]
Average Training Loss: 0.914469
Val Loss: 2.3987 | C-index: 0.6579

Epoch 5
-------------------------------
loss: 2.449725  [   64/  678]
loss: 2.373505  [  256/  678]
loss: 2.024397  [  448/  678]
loss: 1.729033  [  640/  678]
Average Training Loss: 0.779696
Val Loss: 2.5410 | C-index: 0.5940

Epoch 6
-------------------------------
loss: 2.001704  [   64/  678]
loss: 2.160378  [  256/  678]
loss: 1.430405  [  448/  678]
loss: 0.797644  [  640/  678]
Average Training Loss: 0.580921
Val Loss: 2.5190 | C-index: 0.6604

Epoch 7
-------------------------------
loss: 1.803262  [   64/  678]
loss: 2.688025  [  256/  678]
loss: 1.986247  [  448/  678]
loss: 1.674381  [  640/  678]
Average Training Loss: 0.741083
Val Loss: 2.8670 | C-index: 0.5779

Epoch 8
-------------------------------
loss: 1.926615  [   64/  678]
loss: 1.252334  [  256/  678]
loss: 1.762450  [  448/  678]
loss: 2.001539  [  640/  678]
Average Training Loss: 0.631176
Val Loss: 3.0323 | C-index: 0.5421

Stopping early at Epoch 8 since no C-Index improvement after 5 epochs.
Done!
Best C-Index = 0.6978723404255319 at Epoch 3

=========================================
FOLD 4/5
=========================================

Epoch 1
-------------------------------
loss: 2.791764  [   64/  678]
loss: 3.306879  [  256/  678]
loss: 3.239990  [  448/  678]
loss: 3.022997  [  640/  678]
Average Training Loss: 1.123785
Val Loss: 2.8320 | C-index: 0.6006

Epoch 2
-------------------------------
loss: 1.999098  [   64/  678]
loss: 2.647659  [  256/  678]
loss: 2.825225  [  448/  678]
loss: 3.124780  [  640/  678]
Average Training Loss: 0.963342
Val Loss: 2.8393 | C-index: 0.5412

Epoch 3
-------------------------------
loss: 2.616290  [   64/  678]
loss: 2.834965  [  256/  678]
loss: 2.928145  [  448/  678]
loss: 2.775647  [  640/  678]
Average Training Loss: 1.014095
Val Loss: 2.8562 | C-index: 0.5245

Epoch 4
-------------------------------
loss: 1.931332  [   64/  678]
loss: 2.272315  [  256/  678]
loss: 2.434444  [  448/  678]
loss: 3.028727  [  640/  678]
Average Training Loss: 0.878802
Val Loss: 2.7886 | C-index: 0.6198

Epoch 5
-------------------------------
loss: 1.735890  [   64/  678]
loss: 2.058753  [  256/  678]
loss: 1.987376  [  448/  678]
loss: 1.991214  [  640/  678]
Average Training Loss: 0.706658
Val Loss: 3.2350 | C-index: 0.5307

Epoch 6
-------------------------------
loss: 1.877517  [   64/  678]
loss: 1.050661  [  256/  678]
loss: 1.397708  [  448/  678]
loss: 1.820887  [  640/  678]
Average Training Loss: 0.558798
Val Loss: 3.3595 | C-index: 0.5158

Epoch 7
-------------------------------
loss: 1.392224  [   64/  678]
loss: 1.716080  [  256/  678]
loss: 1.052175  [  448/  678]
loss: 1.430853  [  640/  678]
Average Training Loss: 0.508303
Val Loss: 3.2559 | C-index: 0.5734

Epoch 8
-------------------------------
loss: 0.648884  [   64/  678]
loss: 1.614466  [  256/  678]
loss: 2.066905  [  448/  678]
loss: 0.952752  [  640/  678]
Average Training Loss: 0.480273
Val Loss: 2.9950 | C-index: 0.6279

Epoch 9
-------------------------------
loss: 1.571492  [   64/  678]
loss: 1.374022  [  256/  678]
loss: 2.997698  [  448/  678]
loss: 1.077052  [  640/  678]
Average Training Loss: 0.638206
Val Loss: 3.9865 | C-index: 0.5443

Epoch 10
-------------------------------
loss: 1.286826  [   64/  678]
loss: 0.735895  [  256/  678]
loss: 1.398241  [  448/  678]
loss: 1.596426  [  640/  678]
Average Training Loss: 0.456126
Val Loss: 3.0284 | C-index: 0.6229

Epoch 11
-------------------------------
loss: 0.662254  [   64/  678]
loss: 1.437616  [  256/  678]
loss: 1.454645  [  448/  678]
loss: 1.044499  [  640/  678]
Average Training Loss: 0.418092
Val Loss: 3.2748 | C-index: 0.6235

Epoch 12
-------------------------------
loss: 1.561497  [   64/  678]
loss: 0.994326  [  256/  678]
loss: 1.137706  [  448/  678]
loss: 1.430248  [  640/  678]
Average Training Loss: 0.465798
Val Loss: 3.2665 | C-index: 0.5703

Epoch 13
-------------------------------
loss: 0.739513  [   64/  678]
loss: 2.179293  [  256/  678]
loss: 1.497549  [  448/  678]
loss: 0.786650  [  640/  678]
Average Training Loss: 0.473000
Val Loss: 3.5625 | C-index: 0.6130

Stopping early at Epoch 13 since no C-Index improvement after 5 epochs.
Done!
Best C-Index = 0.6278637770897832 at Epoch 8

=========================================
FOLD 5/5
=========================================

Epoch 1
-------------------------------
loss: 2.853457  [   64/  678]
loss: 3.394679  [  256/  678]
loss: 2.610682  [  448/  678]
loss: 2.215597  [  640/  678]
Average Training Loss: 1.006765
Val Loss: 2.7688 | C-index: 0.6579

Epoch 2
-------------------------------
loss: 3.077151  [   64/  678]
loss: 2.880456  [  256/  678]
loss: 2.618344  [  448/  678]
loss: 2.541086  [  640/  678]
Average Training Loss: 1.010640
Val Loss: 2.7432 | C-index: 0.6643

Epoch 3
-------------------------------
loss: 3.107869  [   64/  678]
loss: 2.493135  [  256/  678]
loss: 3.346656  [  448/  678]
loss: 2.615035  [  640/  678]
Average Training Loss: 1.051154
Val Loss: 2.7044 | C-index: 0.6847

Epoch 4
-------------------------------
loss: 2.689615  [   64/  678]
loss: 2.336920  [  256/  678]
loss: 2.572028  [  448/  678]
loss: 2.996665  [  640/  678]
Average Training Loss: 0.963203
Val Loss: 2.6704 | C-index: 0.6694

Epoch 5
-------------------------------
loss: 1.888682  [   64/  678]
loss: 2.124431  [  256/  678]
loss: 1.752949  [  448/  678]
loss: 1.710160  [  640/  678]
Average Training Loss: 0.679656
Val Loss: 2.6400 | C-index: 0.6694

Epoch 6
-------------------------------
loss: 1.322039  [   64/  678]
loss: 1.998555  [  256/  678]
loss: 1.697202  [  448/  678]
loss: 1.681967  [  640/  678]
Average Training Loss: 0.609069
Val Loss: 3.1000 | C-index: 0.5769

Epoch 7
-------------------------------
loss: 2.471746  [   64/  678]
loss: 1.680309  [  256/  678]
loss: 0.817533  [  448/  678]
loss: 1.566941  [  640/  678]
Average Training Loss: 0.594230
Val Loss: 2.9790 | C-index: 0.5788

Epoch 8
-------------------------------
loss: 1.046158  [   64/  678]
loss: 1.760896  [  256/  678]
loss: 1.644325  [  448/  678]
loss: 1.556508  [  640/  678]
Average Training Loss: 0.546172
Val Loss: 3.3128 | C-index: 0.5801

Stopping early at Epoch 8 since no C-Index improvement after 5 epochs.
Done!
Best C-Index = 0.6847479259731972 at Epoch 3

=========================================
CV training complete! Mean ± std C-index: 0.6964 ± 0.0398
Best epochs per fold: [5, 7, 3, 8, 3]

=========================================
Retraining model on full train+val for 5 epochs...
Epoch 1
-------------------------------
loss: 3.016477  [   64/  847]
loss: 2.716178  [  320/  847]
loss: 3.013320  [  576/  847]
loss: 3.193207  [  832/  847]
Average Training Loss: 0.852799
Val Loss: 2.7084 | C-index: 0.6838

Epoch 2
-------------------------------
loss: 3.327943  [   64/  847]
loss: 2.803480  [  320/  847]
loss: 2.973102  [  576/  847]
loss: 2.674824  [  832/  847]
Average Training Loss: 0.841382
Val Loss: 2.7074 | C-index: 0.7703

Epoch 3
-------------------------------
loss: 2.499727  [   64/  847]
loss: 2.937503  [  320/  847]
loss: 2.450287  [  576/  847]
loss: 2.694726  [  832/  847]
Average Training Loss: 0.755875
Val Loss: 2.2858 | C-index: 0.8722

Epoch 4
-------------------------------
loss: 1.349446  [   64/  847]
loss: 2.449951  [  320/  847]
loss: 2.087542  [  576/  847]
loss: 1.605172  [  832/  847]
Average Training Loss: 0.535151
Val Loss: 1.8090 | C-index: 0.9275

Epoch 5
-------------------------------
loss: 2.083208  [   64/  847]
loss: 1.516101  [  320/  847]
loss: 2.222721  [  576/  847]
loss: 1.652042  [  832/  847]
Average Training Loss: 0.533862
Val Loss: 1.3354 | C-index: 0.9496

Done!
Best C-Index = 0.9495785595316206 at Epoch 5
FINAL TEST Average Loss: 2.7110
FINAL TEST C-index: 0.7007
Bootstrap 95% CI: [0.6019, 0.7800]
Top 10 activated pathways:
{'R-HSA-389960': 0.04899144172668457, 'R-HSA-9958863': 0.043722301721572876, 'R-HSA-5083635': 0.03756976127624512, 'R-HSA-170670': 0.03700265660881996, 'R-HSA-5656169': 0.03286021202802658, 'R-HSA-3371568': 0.032378703355789185, 'R-HSA-9615933': 0.030532656237483025, 'R-HSA-5357769': 0.029187723994255066, 'R-HSA-71403': 0.028793472796678543, 'R-HSA-2022854': 0.0284405704587698}
Results saved to /Users/evan/Documents/GitHub/HyBINN/experiments/runs/binn_gene/seed_0/results.json
