train_hybinn.py log started 2026-06-05 22:36:53.909826
=========================================
Model Active Branches: ['gene']
=========================================

=========================================
FOLD 1/5
=========================================

Epoch 1
-------------------------------
loss: 2.756286  [   64/  677]
loss: 2.933186  [  256/  677]
loss: 3.299788  [  448/  677]
loss: 3.552078  [  640/  677]
Average Training Loss: 1.140122
Val Loss: 2.7278 | C-index: 0.5942

Epoch 2
-------------------------------
loss: 3.192223  [   64/  677]
loss: 3.080260  [  256/  677]
loss: 3.097086  [  448/  677]
loss: 2.639727  [  640/  677]
Average Training Loss: 1.091754
Val Loss: 2.6379 | C-index: 0.6699

Epoch 3
-------------------------------
loss: 2.856453  [   64/  677]
loss: 3.243060  [  256/  677]
loss: 2.382472  [  448/  677]
loss: 3.218189  [  640/  677]
Average Training Loss: 1.063652
Val Loss: 2.5561 | C-index: 0.6566

Epoch 4
-------------------------------
loss: 2.580455  [   64/  677]
loss: 2.541437  [  256/  677]
loss: 2.469894  [  448/  677]
loss: 2.200782  [  640/  677]
Average Training Loss: 0.890233
Val Loss: 2.5645 | C-index: 0.7289

Epoch 5
-------------------------------
loss: 2.242920  [   64/  677]
loss: 2.414659  [  256/  677]
loss: 2.656924  [  448/  677]
loss: 1.916221  [  640/  677]
Average Training Loss: 0.839157
Val Loss: 2.6966 | C-index: 0.6711

Epoch 6
-------------------------------
loss: 2.192687  [   64/  677]
loss: 1.849243  [  256/  677]
loss: 0.555425  [  448/  677]
loss: 1.528043  [  640/  677]
Average Training Loss: 0.556854
Val Loss: 2.7478 | C-index: 0.6740

Epoch 7
-------------------------------
loss: 0.896669  [   64/  677]
loss: 1.244405  [  256/  677]
loss: 1.715580  [  448/  677]
loss: 1.621369  [  640/  677]
Average Training Loss: 0.498002
Val Loss: 2.8278 | C-index: 0.6410

Epoch 8
-------------------------------
loss: 1.402909  [   64/  677]
loss: 0.919629  [  256/  677]
loss: 0.797146  [  448/  677]
loss: 1.442546  [  640/  677]
Average Training Loss: 0.414748
Val Loss: 2.5085 | C-index: 0.7156

Epoch 9
-------------------------------
loss: 1.337022  [   64/  677]
loss: 1.203988  [  256/  677]
loss: 0.763210  [  448/  677]
loss: 2.503570  [  640/  677]
Average Training Loss: 0.527981
Val Loss: 2.7579 | C-index: 0.6451

Stopping early at Epoch 9 since no C-Index improvement after 5 epochs.
Done!
Best C-Index = 0.7289017341040462 at Epoch 4

=========================================
FOLD 2/5
=========================================

Epoch 1
-------------------------------
loss: 3.128772  [   64/  677]
loss: 3.405702  [  256/  677]
loss: 2.988998  [  448/  677]
loss: 3.311479  [  640/  677]
Average Training Loss: 1.166814
Val Loss: 2.4197 | C-index: 0.5729

Epoch 2
-------------------------------
loss: 2.592657  [   64/  677]
loss: 3.686909  [  256/  677]
loss: 2.995031  [  448/  677]
loss: 2.927540  [  640/  677]
Average Training Loss: 1.109285
Val Loss: 2.4285 | C-index: 0.5605

Epoch 3
-------------------------------
loss: 2.827600  [   64/  677]
loss: 2.693136  [  256/  677]
loss: 2.927701  [  448/  677]
loss: 2.959472  [  640/  677]
Average Training Loss: 1.037083
Val Loss: 2.4167 | C-index: 0.6261

Epoch 4
-------------------------------
loss: 2.605172  [   64/  677]
loss: 2.253675  [  256/  677]
loss: 1.855476  [  448/  677]
loss: 2.577380  [  640/  677]
Average Training Loss: 0.844700
Val Loss: 2.4102 | C-index: 0.5881

Epoch 5
-------------------------------
loss: 1.736519  [   64/  677]
loss: 1.455870  [  256/  677]
loss: 1.428647  [  448/  677]
loss: 1.810946  [  640/  677]
Average Training Loss: 0.584726
Val Loss: 2.6804 | C-index: 0.6206

Epoch 6
-------------------------------
loss: 1.182713  [   64/  677]
loss: 1.505607  [  256/  677]
loss: 1.591802  [  448/  677]
loss: 1.775861  [  640/  677]
Average Training Loss: 0.550544
Val Loss: 2.8502 | C-index: 0.6538

Epoch 7
-------------------------------
loss: 1.410701  [   64/  677]
loss: 1.552086  [  256/  677]
loss: 2.881958  [  448/  677]
loss: 1.748212  [  640/  677]
Average Training Loss: 0.690269
Val Loss: 2.8281 | C-index: 0.5764

Epoch 8
-------------------------------
loss: 1.460673  [   64/  677]
loss: 1.082245  [  256/  677]
loss: 1.671604  [  448/  677]
loss: 1.502912  [  640/  677]
Average Training Loss: 0.519767
Val Loss: 2.7753 | C-index: 0.6006

Epoch 9
-------------------------------
loss: 1.210346  [   64/  677]
loss: 0.937688  [  256/  677]
loss: 0.939852  [  448/  677]
loss: 1.239520  [  640/  677]
Average Training Loss: 0.393400
Val Loss: 3.0774 | C-index: 0.6164

Epoch 10
-------------------------------
loss: 0.962454  [   64/  677]
loss: 0.631501  [  256/  677]
loss: 0.968827  [  448/  677]
loss: 1.150510  [  640/  677]
Average Training Loss: 0.337572
Val Loss: 3.0330 | C-index: 0.5750

Epoch 11
-------------------------------
loss: 1.003485  [   64/  677]
loss: 0.753849  [  256/  677]
loss: 1.524037  [  448/  677]
loss: 1.358128  [  640/  677]
Average Training Loss: 0.421773
Val Loss: 2.8332 | C-index: 0.6220

Stopping early at Epoch 11 since no C-Index improvement after 5 epochs.
Done!
Best C-Index = 0.6537664132688321 at Epoch 6

=========================================
FOLD 3/5
=========================================

Epoch 1
-------------------------------
loss: 2.906217  [   64/  678]
loss: 2.886979  [  256/  678]
loss: 2.703961  [  448/  678]
loss: 3.019096  [  640/  678]
Average Training Loss: 1.046932
Val Loss: 2.7836 | C-index: 0.6678

Epoch 2
-------------------------------
loss: 2.911570  [   64/  678]
loss: 2.367397  [  256/  678]
loss: 2.684694  [  448/  678]
loss: 3.254831  [  640/  678]
Average Training Loss: 1.019863
Val Loss: 2.7702 | C-index: 0.6946

Epoch 3
-------------------------------
loss: 2.416376  [   64/  678]
loss: 2.117248  [  256/  678]
loss: 2.817171  [  448/  678]
loss: 2.580175  [  640/  678]
Average Training Loss: 0.902815
Val Loss: 2.8451 | C-index: 0.6585

Epoch 4
-------------------------------
loss: 2.123873  [   64/  678]
loss: 2.154727  [  256/  678]
loss: 2.940040  [  448/  678]
loss: 1.678663  [  640/  678]
Average Training Loss: 0.808846
Val Loss: 2.8211 | C-index: 0.6882

Epoch 5
-------------------------------
loss: 2.097337  [   64/  678]
loss: 1.807495  [  256/  678]
loss: 1.575310  [  448/  678]
loss: 1.806807  [  640/  678]
Average Training Loss: 0.662450
Val Loss: 2.9385 | C-index: 0.7133

Epoch 6
-------------------------------
loss: 2.090662  [   64/  678]
loss: 1.282490  [  256/  678]
loss: 2.245296  [  448/  678]
loss: 1.615555  [  640/  678]
Average Training Loss: 0.657637
Val Loss: 3.0047 | C-index: 0.6678

Epoch 7
-------------------------------
loss: 1.366592  [   64/  678]
loss: 1.981908  [  256/  678]
loss: 1.736078  [  448/  678]
loss: 2.195007  [  640/  678]
Average Training Loss: 0.661781
Val Loss: 2.6559 | C-index: 0.7587

Epoch 8
-------------------------------
loss: 1.400976  [   64/  678]
loss: 1.453788  [  256/  678]
loss: 1.662578  [  448/  678]
loss: 2.094177  [  640/  678]
Average Training Loss: 0.601047
Val Loss: 2.7414 | C-index: 0.7331

Epoch 9
-------------------------------
loss: 1.449950  [   64/  678]
loss: 1.165264  [  256/  678]
loss: 1.426387  [  448/  678]
loss: 1.717913  [  640/  678]
Average Training Loss: 0.523592
Val Loss: 3.8685 | C-index: 0.6859

Epoch 10
-------------------------------
loss: 1.997611  [   64/  678]
loss: 1.261761  [  256/  678]
loss: 0.817200  [  448/  678]
loss: 1.057225  [  640/  678]
Average Training Loss: 0.466709
Val Loss: 3.0300 | C-index: 0.7098

Epoch 11
-------------------------------
loss: 1.154204  [   64/  678]
loss: 1.015679  [  256/  678]
loss: 1.930428  [  448/  678]
loss: 1.858011  [  640/  678]
Average Training Loss: 0.541666
Val Loss: 3.2401 | C-index: 0.7063

Epoch 12
-------------------------------
loss: 1.224659  [   64/  678]
loss: 0.684708  [  256/  678]
loss: 1.427721  [  448/  678]
loss: 1.502939  [  640/  678]
Average Training Loss: 0.440002
Val Loss: 2.9962 | C-index: 0.7209

Stopping early at Epoch 12 since no C-Index improvement after 5 epochs.
Done!
Best C-Index = 0.7587412587412588 at Epoch 7

=========================================
FOLD 4/5
=========================================

Epoch 1
-------------------------------
loss: 2.756956  [   64/  678]
loss: 3.332464  [  256/  678]
loss: 2.967644  [  448/  678]
loss: 2.810654  [  640/  678]
Average Training Loss: 1.078883
Val Loss: 2.6656 | C-index: 0.5190

Epoch 2
-------------------------------
loss: 3.491817  [   64/  678]
loss: 3.029465  [  256/  678]
loss: 2.399982  [  448/  678]
loss: 3.198427  [  640/  678]
Average Training Loss: 1.101790
Val Loss: 2.6504 | C-index: 0.6115

Epoch 3
-------------------------------
loss: 3.268382  [   64/  678]
loss: 2.592798  [  256/  678]
loss: 2.773501  [  448/  678]
loss: 3.024364  [  640/  678]
Average Training Loss: 1.059913
Val Loss: 2.6009 | C-index: 0.6582

Epoch 4
-------------------------------
loss: 2.542943  [   64/  678]
loss: 2.506211  [  256/  678]
loss: 3.030372  [  448/  678]
loss: 2.137583  [  640/  678]
Average Training Loss: 0.928828
Val Loss: 2.6365 | C-index: 0.6603

Epoch 5
-------------------------------
loss: 2.704811  [   64/  678]
loss: 2.191414  [  256/  678]
loss: 2.039285  [  448/  678]
loss: 1.818737  [  640/  678]
Average Training Loss: 0.795841
Val Loss: 2.8334 | C-index: 0.6961

Epoch 6
-------------------------------
loss: 2.031549  [   64/  678]
loss: 1.972279  [  256/  678]
loss: 1.183223  [  448/  678]
loss: 1.689698  [  640/  678]
Average Training Loss: 0.625159
Val Loss: 2.4910 | C-index: 0.7340

Epoch 7
-------------------------------
loss: 1.252585  [   64/  678]
loss: 1.627252  [  256/  678]
loss: 2.143848  [  448/  678]
loss: 1.693144  [  640/  678]
Average Training Loss: 0.610621
Val Loss: 2.9428 | C-index: 0.6458

Epoch 8
-------------------------------
loss: 2.126142  [   64/  678]
loss: 1.239170  [  256/  678]
loss: 1.260534  [  448/  678]
loss: 1.742048  [  640/  678]
Average Training Loss: 0.578899
Val Loss: 2.9330 | C-index: 0.6735

Epoch 9
-------------------------------
loss: 1.197121  [   64/  678]
loss: 1.681379  [  256/  678]
loss: 2.137570  [  448/  678]
loss: 1.450931  [  640/  678]
Average Training Loss: 0.587909
Val Loss: 2.6425 | C-index: 0.7544

Epoch 10
-------------------------------
loss: 1.717946  [   64/  678]
loss: 0.868954  [  256/  678]
loss: 1.165061  [  448/  678]
loss: 1.489602  [  640/  678]
Average Training Loss: 0.476506
Val Loss: 2.7653 | C-index: 0.6706

Epoch 11
-------------------------------
loss: 0.908948  [   64/  678]
loss: 2.063917  [  256/  678]
loss: 1.740305  [  448/  678]
loss: 0.893163  [  640/  678]
Average Training Loss: 0.509667
Val Loss: 3.0954 | C-index: 0.6800

Epoch 12
-------------------------------
loss: 0.895348  [   64/  678]
loss: 1.293822  [  256/  678]
loss: 1.493484  [  448/  678]
loss: 1.188019  [  640/  678]
Average Training Loss: 0.442789
Val Loss: 2.8396 | C-index: 0.7201

Epoch 13
-------------------------------
loss: 0.784318  [   64/  678]
loss: 0.982683  [  256/  678]
loss: 0.937394  [  448/  678]
loss: 1.509912  [  640/  678]
Average Training Loss: 0.383119
Val Loss: 2.9261 | C-index: 0.7434

Epoch 14
-------------------------------
loss: 1.263442  [   64/  678]
loss: 1.141576  [  256/  678]
loss: 1.149274  [  448/  678]
loss: 1.605744  [  640/  678]
Average Training Loss: 0.469094
Val Loss: 3.0890 | C-index: 0.7500

Stopping early at Epoch 14 since no C-Index improvement after 5 epochs.
Done!
Best C-Index = 0.7543731778425656 at Epoch 9

=========================================
FOLD 5/5
=========================================

Epoch 1
-------------------------------
loss: 2.839152  [   64/  678]
loss: 3.002208  [  256/  678]
loss: 2.906455  [  448/  678]
loss: 3.237160  [  640/  678]
Average Training Loss: 1.089543
Val Loss: 3.1136 | C-index: 0.4871

Epoch 2
-------------------------------
loss: 3.160510  [   64/  678]
loss: 3.091496  [  256/  678]
loss: 2.376620  [  448/  678]
loss: 2.191106  [  640/  678]
Average Training Loss: 0.983612
Val Loss: 3.0561 | C-index: 0.5101

Epoch 3
-------------------------------
loss: 3.207620  [   64/  678]
loss: 2.483428  [  256/  678]
loss: 2.655001  [  448/  678]
loss: 2.705707  [  640/  678]
Average Training Loss: 1.004705
Val Loss: 2.9783 | C-index: 0.5753

Epoch 4
-------------------------------
loss: 2.191084  [   64/  678]
loss: 1.953737  [  256/  678]
loss: 2.308441  [  448/  678]
loss: 2.134374  [  640/  678]
Average Training Loss: 0.780694
Val Loss: 2.7526 | C-index: 0.7550

Epoch 5
-------------------------------
loss: 1.130481  [   64/  678]
loss: 1.557754  [  256/  678]
loss: 2.606497  [  448/  678]
loss: 2.602850  [  640/  678]
Average Training Loss: 0.717962
Val Loss: 2.9279 | C-index: 0.6908

Epoch 6
-------------------------------
loss: 1.456068  [   64/  678]
loss: 1.160340  [  256/  678]
loss: 2.011846  [  448/  678]
loss: 1.921831  [  640/  678]
Average Training Loss: 0.595462
Val Loss: 2.7592 | C-index: 0.7627

Epoch 7
-------------------------------
loss: 1.660537  [   64/  678]
loss: 1.979004  [  256/  678]
loss: 1.643294  [  448/  678]
loss: 1.468925  [  640/  678]
Average Training Loss: 0.613796
Val Loss: 3.2399 | C-index: 0.5777

Epoch 8
-------------------------------
loss: 2.299387  [   64/  678]
loss: 1.877420  [  256/  678]
loss: 2.360001  [  448/  678]
loss: 1.264407  [  640/  678]
Average Training Loss: 0.709201
Val Loss: 2.9449 | C-index: 0.7454

Epoch 9
-------------------------------
loss: 0.821311  [   64/  678]
loss: 2.153798  [  256/  678]
loss: 1.384015  [  448/  678]
loss: 1.470723  [  640/  678]
Average Training Loss: 0.529986
Val Loss: 2.9567 | C-index: 0.6908

Epoch 10
-------------------------------
loss: 1.617897  [   64/  678]
loss: 1.276715  [  256/  678]
loss: 1.200356  [  448/  678]
loss: 1.466768  [  640/  678]
Average Training Loss: 0.505612
Val Loss: 2.8711 | C-index: 0.6850

Epoch 11
-------------------------------
loss: 1.133533  [   64/  678]
loss: 1.705729  [  256/  678]
loss: 1.148399  [  448/  678]
loss: 1.075460  [  640/  678]
Average Training Loss: 0.460284
Val Loss: 3.0467 | C-index: 0.6419

Stopping early at Epoch 11 since no C-Index improvement after 5 epochs.
Done!
Best C-Index = 0.7627037392138063 at Epoch 6

=========================================
CV training complete! Mean ± std C-index: 0.7317 ± 0.0407
Best epochs per fold: [4, 6, 7, 9, 6]

=========================================
Retraining model on full train+val for 6 epochs...
Epoch 1
-------------------------------
loss: 3.071599  [   64/  847]
loss: 2.600614  [  320/  847]
loss: 3.126305  [  576/  847]
loss: 2.617929  [  832/  847]
Average Training Loss: 0.815460
Val Loss: 2.7152 | C-index: 0.6718

Epoch 2
-------------------------------
loss: 2.684411  [   64/  847]
loss: 3.031654  [  320/  847]
loss: 2.861462  [  576/  847]
loss: 2.803184  [  832/  847]
Average Training Loss: 0.812908
Val Loss: 2.6556 | C-index: 0.8042

Epoch 3
-------------------------------
loss: 2.755532  [   64/  847]
loss: 2.887165  [  320/  847]
loss: 2.730800  [  576/  847]
loss: 2.190591  [  832/  847]
Average Training Loss: 0.754578
Val Loss: 2.2214 | C-index: 0.8881

Epoch 4
-------------------------------
loss: 2.308935  [   64/  847]
loss: 1.911879  [  320/  847]
loss: 2.001133  [  576/  847]
loss: 3.074760  [  832/  847]
Average Training Loss: 0.664050
Val Loss: 1.7407 | C-index: 0.9119

Epoch 5
-------------------------------
loss: 1.950373  [   64/  847]
loss: 2.013715  [  320/  847]
loss: 1.512460  [  576/  847]
loss: 1.950639  [  832/  847]
Average Training Loss: 0.530513
Val Loss: 1.4316 | C-index: 0.9535

Epoch 6
-------------------------------
loss: 1.718838  [   64/  847]
loss: 1.560613  [  320/  847]
loss: 2.014517  [  576/  847]
loss: 1.335976  [  832/  847]
Average Training Loss: 0.473568
Val Loss: 1.2458 | C-index: 0.9582

Done!
Best C-Index = 0.9581976758002805 at Epoch 6
FINAL TEST Average Loss: 2.7075
FINAL TEST C-index: 0.6444
Bootstrap 95% CI: [0.5013, 0.7627]
Results saved to /Users/evan/Documents/GitHub/HyBINN/experiments/runs/gene_only/seed_8/results.json
