train_hybinn.py log started 2026-06-17 01:13:31.681028
=========================================
Model Active Branches: ['binn', 'gene']
=========================================

=========================================
FOLD 1/5
=========================================

Epoch 1
-------------------------------
loss: 2.628076  [   64/  677]
loss: 2.866175  [  256/  677]
loss: 2.965675  [  448/  677]
loss: 3.117689  [  640/  677]
Average Training Loss: 1.052510
Val Loss: 3.0369 | C-index: 0.5488

Epoch 2
-------------------------------
loss: 2.512676  [   64/  677]
loss: 2.821432  [  256/  677]
loss: 2.968853  [  448/  677]
loss: 2.756069  [  640/  677]
Average Training Loss: 1.005366
Val Loss: 3.0120 | C-index: 0.5847

Epoch 3
-------------------------------
loss: 3.115406  [   64/  677]
loss: 2.637511  [  256/  677]
loss: 2.262660  [  448/  677]
loss: 2.766862  [  640/  677]
Average Training Loss: 0.980222
Val Loss: 2.9905 | C-index: 0.6677

Epoch 4
-------------------------------
loss: 2.926751  [   64/  677]
loss: 2.410066  [  256/  677]
loss: 2.489594  [  448/  677]
loss: 2.033625  [  640/  677]
Average Training Loss: 0.896367
Val Loss: 2.8615 | C-index: 0.7197

Epoch 5
-------------------------------
loss: 1.866564  [   64/  677]
loss: 1.406431  [  256/  677]
loss: 1.970748  [  448/  677]
loss: 1.893219  [  640/  677]
Average Training Loss: 0.648815
Val Loss: 3.0584 | C-index: 0.6892

Epoch 6
-------------------------------
loss: 1.972092  [   64/  677]
loss: 2.279192  [  256/  677]
loss: 1.864359  [  448/  677]
loss: 1.763590  [  640/  677]
Average Training Loss: 0.716294
Val Loss: 3.2794 | C-index: 0.6704

Epoch 7
-------------------------------
loss: 1.675695  [   64/  677]
loss: 2.177054  [  256/  677]
loss: 2.550745  [  448/  677]
loss: 1.343565  [  640/  677]
Average Training Loss: 0.704278
Val Loss: 3.1131 | C-index: 0.7020

Epoch 8
-------------------------------
loss: 0.732093  [   64/  677]
loss: 1.565029  [  256/  677]
loss: 2.205049  [  448/  677]
loss: 2.023001  [  640/  677]
Average Training Loss: 0.593198
Val Loss: 3.7057 | C-index: 0.5825

Epoch 9
-------------------------------
loss: 1.629133  [   64/  677]
loss: 1.473291  [  256/  677]
loss: 1.174306  [  448/  677]
loss: 1.661448  [  640/  677]
Average Training Loss: 0.539834
Val Loss: 3.6343 | C-index: 0.6506

Stopping early at Epoch 9 since no C-Index improvement after 5 epochs.
Done!
Best C-Index = 0.7197213290460879 at Epoch 4

=========================================
FOLD 2/5
=========================================

Epoch 1
-------------------------------
loss: 2.768315  [   64/  677]
loss: 3.140529  [  256/  677]
loss: 3.019935  [  448/  677]
loss: 2.942724  [  640/  677]
Average Training Loss: 1.079228
Val Loss: 2.9044 | C-index: 0.5450

Epoch 2
-------------------------------
loss: 3.340421  [   64/  677]
loss: 3.110078  [  256/  677]
loss: 2.429549  [  448/  677]
loss: 3.189521  [  640/  677]
Average Training Loss: 1.097233
Val Loss: 2.9039 | C-index: 0.5754

Epoch 3
-------------------------------
loss: 3.046414  [   64/  677]
loss: 2.518843  [  256/  677]
loss: 2.513984  [  448/  677]
loss: 2.805831  [  640/  677]
Average Training Loss: 0.989552
Val Loss: 2.9359 | C-index: 0.5783

Epoch 4
-------------------------------
loss: 2.102825  [   64/  677]
loss: 1.649831  [  256/  677]
loss: 2.214681  [  448/  677]
loss: 2.185862  [  640/  677]
Average Training Loss: 0.741200
Val Loss: 3.1890 | C-index: 0.6145

Epoch 5
-------------------------------
loss: 1.446652  [   64/  677]
loss: 2.189242  [  256/  677]
loss: 2.514560  [  448/  677]
loss: 2.114196  [  640/  677]
Average Training Loss: 0.751332
Val Loss: 2.7098 | C-index: 0.6512

Epoch 6
-------------------------------
loss: 2.066715  [   64/  677]
loss: 2.171161  [  256/  677]
loss: 1.765762  [  448/  677]
loss: 2.155387  [  640/  677]
Average Training Loss: 0.741730
Val Loss: 3.2127 | C-index: 0.6322

Epoch 7
-------------------------------
loss: 1.113717  [   64/  677]
loss: 1.639775  [  256/  677]
loss: 1.705545  [  448/  677]
loss: 1.719687  [  640/  677]
Average Training Loss: 0.561702
Val Loss: 3.4916 | C-index: 0.6127

Epoch 8
-------------------------------
loss: 2.046256  [   64/  677]
loss: 1.929772  [  256/  677]
loss: 1.320457  [  448/  677]
loss: 1.646287  [  640/  677]
Average Training Loss: 0.631161
Val Loss: 2.8172 | C-index: 0.7154

Epoch 9
-------------------------------
loss: 0.414608  [   64/  677]
loss: 1.427489  [  256/  677]
loss: 1.336311  [  448/  677]
loss: 1.724809  [  640/  677]
Average Training Loss: 0.445747
Val Loss: 3.2160 | C-index: 0.6472

Epoch 10
-------------------------------
loss: 1.295870  [   64/  677]
loss: 1.444242  [  256/  677]
loss: 0.948916  [  448/  677]
loss: 1.562502  [  640/  677]
Average Training Loss: 0.477412
Val Loss: 2.7448 | C-index: 0.6965

Epoch 11
-------------------------------
loss: 1.512522  [   64/  677]
loss: 1.170364  [  256/  677]
loss: 1.510431  [  448/  677]
loss: 1.286317  [  640/  677]
Average Training Loss: 0.498149
Val Loss: 3.4556 | C-index: 0.5978

Epoch 12
-------------------------------
loss: 0.922057  [   64/  677]
loss: 1.598218  [  256/  677]
loss: 0.626100  [  448/  677]
loss: 1.192612  [  640/  677]
Average Training Loss: 0.394453
Val Loss: 3.2063 | C-index: 0.6621

Epoch 13
-------------------------------
loss: 1.213778  [   64/  677]
loss: 0.462231  [  256/  677]
loss: 1.369836  [  448/  677]
loss: 1.228102  [  640/  677]
Average Training Loss: 0.388541
Val Loss: 3.4742 | C-index: 0.6208

Stopping early at Epoch 13 since no C-Index improvement after 5 epochs.
Done!
Best C-Index = 0.7154331612162937 at Epoch 8

=========================================
FOLD 3/5
=========================================

Epoch 1
-------------------------------
loss: 3.374044  [   64/  678]
loss: 2.811979  [  256/  678]
loss: 3.157747  [  448/  678]
loss: 2.528109  [  640/  678]
Average Training Loss: 1.079262
Val Loss: 2.9949 | C-index: 0.4226

Epoch 2
-------------------------------
loss: 3.030648  [   64/  678]
loss: 2.819737  [  256/  678]
loss: 2.837942  [  448/  678]
loss: 3.003447  [  640/  678]
Average Training Loss: 1.062889
Val Loss: 2.9581 | C-index: 0.4889

Epoch 3
-------------------------------
loss: 2.269796  [   64/  678]
loss: 3.101660  [  256/  678]
loss: 3.024746  [  448/  678]
loss: 2.791418  [  640/  678]
Average Training Loss: 1.017056
Val Loss: 2.8769 | C-index: 0.6203

Epoch 4
-------------------------------
loss: 2.639544  [   64/  678]
loss: 2.538467  [  256/  678]
loss: 2.662179  [  448/  678]
loss: 2.070548  [  640/  678]
Average Training Loss: 0.900976
Val Loss: 2.7952 | C-index: 0.6826

Epoch 5
-------------------------------
loss: 2.258476  [   64/  678]
loss: 2.031808  [  256/  678]
loss: 2.176708  [  448/  678]
loss: 1.842144  [  640/  678]
Average Training Loss: 0.755376
Val Loss: 2.6521 | C-index: 0.7149

Epoch 6
-------------------------------
loss: 1.792197  [   64/  678]
loss: 1.652818  [  256/  678]
loss: 1.594516  [  448/  678]
loss: 1.594491  [  640/  678]
Average Training Loss: 0.603093
Val Loss: 2.9746 | C-index: 0.6231

Epoch 7
-------------------------------
loss: 1.661239  [   64/  678]
loss: 2.163547  [  256/  678]
loss: 1.560169  [  448/  678]
loss: 1.086324  [  640/  678]
Average Training Loss: 0.588298
Val Loss: 2.9393 | C-index: 0.6431

Epoch 8
-------------------------------
loss: 1.621045  [   64/  678]
loss: 2.409934  [  256/  678]
loss: 1.607714  [  448/  678]
loss: 1.082981  [  640/  678]
Average Training Loss: 0.611061
Val Loss: 3.0633 | C-index: 0.6548

Epoch 9
-------------------------------
loss: 0.840104  [   64/  678]
loss: 1.571929  [  256/  678]
loss: 0.999698  [  448/  678]
loss: 1.388792  [  640/  678]
Average Training Loss: 0.436411
Val Loss: 3.0428 | C-index: 0.6459

Epoch 10
-------------------------------
loss: 1.003892  [   64/  678]
loss: 0.924342  [  256/  678]
loss: 3.221902  [  448/  678]
loss: 1.437448  [  640/  678]
Average Training Loss: 0.598871
Val Loss: 3.1264 | C-index: 0.6492

Stopping early at Epoch 10 since no C-Index improvement after 5 epochs.
Done!
Best C-Index = 0.7149220489977728 at Epoch 5

=========================================
FOLD 4/5
=========================================

Epoch 1
-------------------------------
loss: 3.227171  [   64/  678]
loss: 2.799269  [  256/  678]
loss: 3.036571  [  448/  678]
loss: 3.018077  [  640/  678]
Average Training Loss: 1.098281
Val Loss: 2.5015 | C-index: 0.4922

Epoch 2
-------------------------------
loss: 3.006324  [   64/  678]
loss: 2.746811  [  256/  678]
loss: 2.598805  [  448/  678]
loss: 3.078620  [  640/  678]
Average Training Loss: 1.039142
Val Loss: 2.5086 | C-index: 0.5670

Epoch 3
-------------------------------
loss: 2.843278  [   64/  678]
loss: 2.844999  [  256/  678]
loss: 2.570363  [  448/  678]
loss: 2.932360  [  640/  678]
Average Training Loss: 1.017364
Val Loss: 2.4692 | C-index: 0.5826

Epoch 4
-------------------------------
loss: 2.517316  [   64/  678]
loss: 2.307255  [  256/  678]
loss: 2.433841  [  448/  678]
loss: 2.192563  [  640/  678]
Average Training Loss: 0.859180
Val Loss: 2.3164 | C-index: 0.5697

Epoch 5
-------------------------------
loss: 2.044240  [   64/  678]
loss: 2.594120  [  256/  678]
loss: 2.193419  [  448/  678]
loss: 2.029658  [  640/  678]
Average Training Loss: 0.805585
Val Loss: 2.3416 | C-index: 0.6533

Epoch 6
-------------------------------
loss: 1.481397  [   64/  678]
loss: 1.435915  [  256/  678]
loss: 2.371656  [  448/  678]
loss: 1.660936  [  640/  678]
Average Training Loss: 0.631809
Val Loss: 2.6196 | C-index: 0.6200

Epoch 7
-------------------------------
loss: 1.839597  [   64/  678]
loss: 1.377566  [  256/  678]
loss: 1.078705  [  448/  678]
loss: 1.969091  [  640/  678]
Average Training Loss: 0.569542
Val Loss: 2.7021 | C-index: 0.7172

Epoch 8
-------------------------------
loss: 1.552913  [   64/  678]
loss: 1.664880  [  256/  678]
loss: 1.990953  [  448/  678]
loss: 1.591890  [  640/  678]
Average Training Loss: 0.618240
Val Loss: 2.3633 | C-index: 0.6057

Epoch 9
-------------------------------
loss: 1.496057  [   64/  678]
loss: 1.255546  [  256/  678]
loss: 1.358403  [  448/  678]
loss: 1.664599  [  640/  678]
Average Training Loss: 0.524964
Val Loss: 2.7209 | C-index: 0.6785

Epoch 10
-------------------------------
loss: 0.690260  [   64/  678]
loss: 1.149420  [  256/  678]
loss: 1.473512  [  448/  678]
loss: 1.695752  [  640/  678]
Average Training Loss: 0.455359
Val Loss: 2.6990 | C-index: 0.6084

Epoch 11
-------------------------------
loss: 1.016235  [   64/  678]
loss: 1.875477  [  256/  678]
loss: 1.261040  [  448/  678]
loss: 1.150977  [  640/  678]
Average Training Loss: 0.482157
Val Loss: 2.6667 | C-index: 0.6098

Epoch 12
-------------------------------
loss: 1.571365  [   64/  678]
loss: 0.783911  [  256/  678]
loss: 1.130827  [  448/  678]
loss: 1.057742  [  640/  678]
Average Training Loss: 0.413077
Val Loss: 2.5105 | C-index: 0.6098

Stopping early at Epoch 12 since no C-Index improvement after 5 epochs.
Done!
Best C-Index = 0.717199184228416 at Epoch 7

=========================================
FOLD 5/5
=========================================

Epoch 1
-------------------------------
loss: 3.215850  [   64/  678]
loss: 2.642334  [  256/  678]
loss: 3.323110  [  448/  678]
loss: 2.751514  [  640/  678]
Average Training Loss: 1.084801
Val Loss: 2.5771 | C-index: 0.5523

Epoch 2
-------------------------------
loss: 2.588658  [   64/  678]
loss: 3.266925  [  256/  678]
loss: 3.103386  [  448/  678]
loss: 2.779452  [  640/  678]
Average Training Loss: 1.067129
Val Loss: 2.4951 | C-index: 0.5917

Epoch 3
-------------------------------
loss: 2.444592  [   64/  678]
loss: 2.461226  [  256/  678]
loss: 2.968585  [  448/  678]
loss: 2.230412  [  640/  678]
Average Training Loss: 0.918620
Val Loss: 2.3840 | C-index: 0.6413

Epoch 4
-------------------------------
loss: 2.223261  [   64/  678]
loss: 2.290119  [  256/  678]
loss: 2.366448  [  448/  678]
loss: 2.696870  [  640/  678]
Average Training Loss: 0.870609
Val Loss: 2.2426 | C-index: 0.6929

Epoch 5
-------------------------------
loss: 1.837544  [   64/  678]
loss: 2.127080  [  256/  678]
loss: 1.524076  [  448/  678]
loss: 1.808313  [  640/  678]
Average Training Loss: 0.663365
Val Loss: 2.2455 | C-index: 0.6637

Epoch 6
-------------------------------
loss: 1.094502  [   64/  678]
loss: 1.375000  [  256/  678]
loss: 1.584727  [  448/  678]
loss: 1.738881  [  640/  678]
Average Training Loss: 0.526646
Val Loss: 2.5181 | C-index: 0.6352

Epoch 7
-------------------------------
loss: 1.731741  [   64/  678]
loss: 2.049803  [  256/  678]
loss: 1.656530  [  448/  678]
loss: 1.550225  [  640/  678]
Average Training Loss: 0.635300
Val Loss: 2.8787 | C-index: 0.6393

Epoch 8
-------------------------------
loss: 1.815351  [   64/  678]
loss: 1.293138  [  256/  678]
loss: 1.555620  [  448/  678]
loss: 0.876112  [  640/  678]
Average Training Loss: 0.503656
Val Loss: 2.6260 | C-index: 0.6807

Epoch 9
-------------------------------
loss: 1.656221  [   64/  678]
loss: 1.152880  [  256/  678]
loss: 0.975610  [  448/  678]
loss: 0.966108  [  640/  678]
Average Training Loss: 0.431893
Val Loss: 2.4603 | C-index: 0.6393

Stopping early at Epoch 9 since no C-Index improvement after 5 epochs.
Done!
Best C-Index = 0.6929347826086957 at Epoch 4

=========================================
CV training complete! Mean ± std C-index: 0.7120 ± 0.0097
Best epochs per fold: [4, 8, 5, 7, 4]

=========================================
Retraining model on full train+val for 6 epochs...
Epoch 1
-------------------------------
loss: 2.462008  [   64/  847]
loss: 2.859656  [  320/  847]
loss: 3.335309  [  576/  847]
loss: 3.382763  [  832/  847]
Average Training Loss: 0.859981
Val Loss: 2.7643 | C-index: 0.7073

Epoch 2
-------------------------------
loss: 3.393535  [   64/  847]
loss: 2.626642  [  320/  847]
loss: 3.265671  [  576/  847]
loss: 2.666240  [  832/  847]
Average Training Loss: 0.853721
Val Loss: 2.5662 | C-index: 0.7880

Epoch 3
-------------------------------
loss: 2.745039  [   64/  847]
loss: 2.791591  [  320/  847]
loss: 2.679533  [  576/  847]
loss: 2.579690  [  832/  847]
Average Training Loss: 0.771132
Val Loss: 2.2104 | C-index: 0.8847

Epoch 4
-------------------------------
loss: 2.093872  [   64/  847]
loss: 2.175908  [  320/  847]
loss: 2.224703  [  576/  847]
loss: 2.244927  [  832/  847]
Average Training Loss: 0.624244
Val Loss: 1.8231 | C-index: 0.9341

Epoch 5
-------------------------------
loss: 2.169244  [   64/  847]
loss: 2.263573  [  320/  847]
loss: 1.688226  [  576/  847]
loss: 2.214989  [  832/  847]
Average Training Loss: 0.595431
Val Loss: 1.5960 | C-index: 0.9335

Epoch 6
-------------------------------
loss: 1.910211  [   64/  847]
loss: 1.637936  [  320/  847]
loss: 1.870299  [  576/  847]
loss: 2.030954  [  832/  847]
Average Training Loss: 0.532100
Val Loss: 1.4306 | C-index: 0.9458

Done!
Best C-Index = 0.9457726503468167 at Epoch 6
FINAL TEST Average Loss: 2.6401
FINAL TEST C-index: 0.5677
Bootstrap 95% CI: [0.4299, 0.7049]
Top 10 activated pathways:
{'R-HSA-9749641': 0.04633694142103195, 'R-HSA-5387390': 0.04185008257627487, 'R-HSA-5223345': 0.040482696145772934, 'R-HSA-9701192': 0.039817679673433304, 'R-HSA-194068': 0.03803727775812149, 'R-HSA-5625886': 0.03749439865350723, 'R-HSA-4641258': 0.03616873547434807, 'R-HSA-9938206': 0.032716963440179825, 'R-HSA-418217': 0.031619638204574585, 'R-HSA-9640148': 0.0314670167863369}
Results saved to /Users/evan/Documents/GitHub/HyBINN/experiments/runs/binn_gene/seed_7/results.json
