train_hybinn.py log started 2026-06-05 22:40:14.221290
=========================================
Model Active Branches: ['binn', 'gene']
=========================================

=========================================
FOLD 1/5
=========================================

Epoch 1
-------------------------------
loss: 3.359166  [   64/  677]
loss: 3.340916  [  256/  677]
loss: 2.472324  [  448/  677]
loss: 2.857568  [  640/  677]
Average Training Loss: 1.093634
Val Loss: 2.5561 | C-index: 0.5604

Epoch 2
-------------------------------
loss: 2.829022  [   64/  677]
loss: 2.933058  [  256/  677]
loss: 2.970408  [  448/  677]
loss: 2.693916  [  640/  677]
Average Training Loss: 1.038764
Val Loss: 2.5763 | C-index: 0.5381

Epoch 3
-------------------------------
loss: 3.154291  [   64/  677]
loss: 2.803907  [  256/  677]
loss: 2.941921  [  448/  677]
loss: 2.828852  [  640/  677]
Average Training Loss: 1.066270
Val Loss: 2.6090 | C-index: 0.4950

Epoch 4
-------------------------------
loss: 2.304833  [   64/  677]
loss: 2.424671  [  256/  677]
loss: 3.025907  [  448/  677]
loss: 2.152641  [  640/  677]
Average Training Loss: 0.900732
Val Loss: 2.8634 | C-index: 0.4473

Epoch 5
-------------------------------
loss: 2.433690  [   64/  677]
loss: 2.183540  [  256/  677]
loss: 1.823947  [  448/  677]
loss: 2.610806  [  640/  677]
Average Training Loss: 0.822908
Val Loss: 2.7498 | C-index: 0.4819

Epoch 6
-------------------------------
loss: 2.120869  [   64/  677]
loss: 1.522205  [  256/  677]
loss: 2.068984  [  448/  677]
loss: 1.822015  [  640/  677]
Average Training Loss: 0.684916
Val Loss: 2.9806 | C-index: 0.5081

Stopping early at Epoch 6 since no C-Index improvement after 5 epochs.
Done!
Best C-Index = 0.5604311008468053 at Epoch 1

=========================================
FOLD 2/5
=========================================

Epoch 1
-------------------------------
loss: 2.169091  [   64/  677]
loss: 3.159660  [  256/  677]
loss: 2.756557  [  448/  677]
loss: 2.912974  [  640/  677]
Average Training Loss: 0.999844
Val Loss: 2.8754 | C-index: 0.5306

Epoch 2
-------------------------------
loss: 3.171094  [   64/  677]
loss: 2.982728  [  256/  677]
loss: 3.054451  [  448/  677]
loss: 2.429443  [  640/  677]
Average Training Loss: 1.057974
Val Loss: 2.8439 | C-index: 0.5705

Epoch 3
-------------------------------
loss: 2.147334  [   64/  677]
loss: 2.990994  [  256/  677]
loss: 2.600784  [  448/  677]
loss: 2.979769  [  640/  677]
Average Training Loss: 0.974444
Val Loss: 2.8124 | C-index: 0.6878

Epoch 4
-------------------------------
loss: 2.688845  [   64/  677]
loss: 2.203871  [  256/  677]
loss: 2.625241  [  448/  677]
loss: 2.098682  [  640/  677]
Average Training Loss: 0.874240
Val Loss: 2.8010 | C-index: 0.6777

Epoch 5
-------------------------------
loss: 2.408200  [   64/  677]
loss: 1.103272  [  256/  677]
loss: 1.507829  [  448/  677]
loss: 1.481651  [  640/  677]
Average Training Loss: 0.590996
Val Loss: 2.7951 | C-index: 0.6693

Epoch 6
-------------------------------
loss: 2.082987  [   64/  677]
loss: 1.429616  [  256/  677]
loss: 1.462394  [  448/  677]
loss: 1.761613  [  640/  677]
Average Training Loss: 0.612419
Val Loss: 2.8287 | C-index: 0.7136

Epoch 7
-------------------------------
loss: 1.052094  [   64/  677]
loss: 1.550024  [  256/  677]
loss: 1.187710  [  448/  677]
loss: 1.796764  [  640/  677]
Average Training Loss: 0.507872
Val Loss: 2.9840 | C-index: 0.6322

Epoch 8
-------------------------------
loss: 1.151393  [   64/  677]
loss: 1.628043  [  256/  677]
loss: 1.333277  [  448/  677]
loss: 1.707649  [  640/  677]
Average Training Loss: 0.529124
Val Loss: 2.9177 | C-index: 0.6491

Epoch 9
-------------------------------
loss: 1.535452  [   64/  677]
loss: 1.286605  [  256/  677]
loss: 1.773055  [  448/  677]
loss: 0.770977  [  640/  677]
Average Training Loss: 0.487826
Val Loss: 3.1495 | C-index: 0.6631

Epoch 10
-------------------------------
loss: 0.882119  [   64/  677]
loss: 1.553824  [  256/  677]
loss: 1.630290  [  448/  677]
loss: 0.483315  [  640/  677]
Average Training Loss: 0.413595
Val Loss: 3.2907 | C-index: 0.7047

Epoch 11
-------------------------------
loss: 1.096386  [   64/  677]
loss: 0.900485  [  256/  677]
loss: 1.494940  [  448/  677]
loss: 2.313970  [  640/  677]
Average Training Loss: 0.527798
Val Loss: 3.2283 | C-index: 0.6873

Stopping early at Epoch 11 since no C-Index improvement after 5 epochs.
Done!
Best C-Index = 0.7136440202133633 at Epoch 6

=========================================
FOLD 3/5
=========================================

Epoch 1
-------------------------------
loss: 2.839105  [   64/  678]
loss: 2.667945  [  256/  678]
loss: 2.998604  [  448/  678]
loss: 2.553200  [  640/  678]
Average Training Loss: 1.005350
Val Loss: 2.7869 | C-index: 0.5203

Epoch 2
-------------------------------
loss: 3.260983  [   64/  678]
loss: 2.760364  [  256/  678]
loss: 3.276431  [  448/  678]
loss: 2.653019  [  640/  678]
Average Training Loss: 1.086436
Val Loss: 2.7744 | C-index: 0.5272

Epoch 3
-------------------------------
loss: 2.888716  [   64/  678]
loss: 3.058259  [  256/  678]
loss: 2.690722  [  448/  678]
loss: 2.682767  [  640/  678]
Average Training Loss: 1.029133
Val Loss: 2.7821 | C-index: 0.6483

Epoch 4
-------------------------------
loss: 2.567084  [   64/  678]
loss: 2.317287  [  256/  678]
loss: 2.404373  [  448/  678]
loss: 2.091113  [  640/  678]
Average Training Loss: 0.852714
Val Loss: 2.8296 | C-index: 0.5994

Epoch 5
-------------------------------
loss: 2.643361  [   64/  678]
loss: 1.792188  [  256/  678]
loss: 2.750777  [  448/  678]
loss: 1.962600  [  640/  678]
Average Training Loss: 0.831721
Val Loss: 2.9237 | C-index: 0.6139

Epoch 6
-------------------------------
loss: 1.364599  [   64/  678]
loss: 1.565143  [  256/  678]
loss: 1.256557  [  448/  678]
loss: 2.515342  [  640/  678]
Average Training Loss: 0.609240
Val Loss: 3.4225 | C-index: 0.5134

Epoch 7
-------------------------------
loss: 1.934133  [   64/  678]
loss: 2.032210  [  256/  678]
loss: 1.503948  [  448/  678]
loss: 1.579126  [  640/  678]
Average Training Loss: 0.640856
Val Loss: 3.7019 | C-index: 0.5699

Epoch 8
-------------------------------
loss: 1.251562  [   64/  678]
loss: 0.918294  [  256/  678]
loss: 1.702085  [  448/  678]
loss: 1.733227  [  640/  678]
Average Training Loss: 0.509561
Val Loss: 3.2106 | C-index: 0.6717

Epoch 9
-------------------------------
loss: 1.872458  [   64/  678]
loss: 1.691169  [  256/  678]
loss: 1.207330  [  448/  678]
loss: 1.036237  [  640/  678]
Average Training Loss: 0.527927
Val Loss: 3.5374 | C-index: 0.5843

Epoch 10
-------------------------------
loss: 1.509129  [   64/  678]
loss: 1.714812  [  256/  678]
loss: 1.224934  [  448/  678]
loss: 0.898719  [  640/  678]
Average Training Loss: 0.486145
Val Loss: 3.4685 | C-index: 0.6036

Epoch 11
-------------------------------
loss: 1.387263  [   64/  678]
loss: 1.450852  [  256/  678]
loss: 1.533222  [  448/  678]
loss: 1.444687  [  640/  678]
Average Training Loss: 0.528729
Val Loss: 3.5588 | C-index: 0.6187

Epoch 12
-------------------------------
loss: 0.861146  [   64/  678]
loss: 1.255231  [  256/  678]
loss: 1.002545  [  448/  678]
loss: 1.115816  [  640/  678]
Average Training Loss: 0.384976
Val Loss: 3.2719 | C-index: 0.6022

Epoch 13
-------------------------------
loss: 0.448757  [   64/  678]
loss: 0.959612  [  256/  678]
loss: 0.955203  [  448/  678]
loss: 1.113688  [  640/  678]
Average Training Loss: 0.316115
Val Loss: 3.5708 | C-index: 0.6600

Stopping early at Epoch 13 since no C-Index improvement after 5 epochs.
Done!
Best C-Index = 0.6717136958017894 at Epoch 8

=========================================
FOLD 4/5
=========================================

Epoch 1
-------------------------------
loss: 2.973644  [   64/  678]
loss: 3.014370  [  256/  678]
loss: 3.504930  [  448/  678]
loss: 2.949899  [  640/  678]
Average Training Loss: 1.131168
Val Loss: 2.8652 | C-index: 0.4730

Epoch 2
-------------------------------
loss: 2.872387  [   64/  678]
loss: 2.689757  [  256/  678]
loss: 2.614252  [  448/  678]
loss: 3.062255  [  640/  678]
Average Training Loss: 1.021696
Val Loss: 2.8959 | C-index: 0.4823

Epoch 3
-------------------------------
loss: 2.903761  [   64/  678]
loss: 2.820136  [  256/  678]
loss: 2.648619  [  448/  678]
loss: 2.891105  [  640/  678]
Average Training Loss: 1.023966
Val Loss: 2.8760 | C-index: 0.5252

Epoch 4
-------------------------------
loss: 2.197905  [   64/  678]
loss: 2.702283  [  256/  678]
loss: 2.464879  [  448/  678]
loss: 2.313543  [  640/  678]
Average Training Loss: 0.879874
Val Loss: 2.8809 | C-index: 0.5414

Epoch 5
-------------------------------
loss: 2.063567  [   64/  678]
loss: 1.894286  [  256/  678]
loss: 2.269593  [  448/  678]
loss: 2.249899  [  640/  678]
Average Training Loss: 0.770668
Val Loss: 2.7446 | C-index: 0.6754

Epoch 6
-------------------------------
loss: 1.957997  [   64/  678]
loss: 1.829694  [  256/  678]
loss: 1.897701  [  448/  678]
loss: 1.583180  [  640/  678]
Average Training Loss: 0.660779
Val Loss: 3.1581 | C-index: 0.5009

Epoch 7
-------------------------------
loss: 0.958372  [   64/  678]
loss: 1.284111  [  256/  678]
loss: 1.231996  [  448/  678]
loss: 1.415078  [  640/  678]
Average Training Loss: 0.444505
Val Loss: 3.1696 | C-index: 0.5849

Epoch 8
-------------------------------
loss: 1.610888  [   64/  678]
loss: 1.014577  [  256/  678]
loss: 1.084802  [  448/  678]
loss: 0.724976  [  640/  678]
Average Training Loss: 0.403204
Val Loss: 3.4863 | C-index: 0.5472

Epoch 9
-------------------------------
loss: 1.185001  [   64/  678]
loss: 1.051366  [  256/  678]
loss: 0.759341  [  448/  678]
loss: 0.917689  [  640/  678]
Average Training Loss: 0.355763
Val Loss: 3.3016 | C-index: 0.5414

Epoch 10
-------------------------------
loss: 1.769880  [   64/  678]
loss: 0.957257  [  256/  678]
loss: 1.365437  [  448/  678]
loss: 1.060781  [  640/  678]
Average Training Loss: 0.468487
Val Loss: 3.3629 | C-index: 0.5832

Stopping early at Epoch 10 since no C-Index improvement after 5 epochs.
Done!
Best C-Index = 0.6753623188405797 at Epoch 5

=========================================
FOLD 5/5
=========================================

Epoch 1
-------------------------------
loss: 2.892481  [   64/  678]
loss: 2.902407  [  256/  678]
loss: 2.907256  [  448/  678]
loss: 2.797096  [  640/  678]
Average Training Loss: 1.045385
Val Loss: 2.8206 | C-index: 0.5255

Epoch 2
-------------------------------
loss: 2.895569  [   64/  678]
loss: 3.338877  [  256/  678]
loss: 2.898940  [  448/  678]
loss: 3.095531  [  640/  678]
Average Training Loss: 1.111720
Val Loss: 2.8174 | C-index: 0.5878

Epoch 3
-------------------------------
loss: 2.631267  [   64/  678]
loss: 3.000386  [  256/  678]
loss: 2.377478  [  448/  678]
loss: 3.052175  [  640/  678]
Average Training Loss: 1.005573
Val Loss: 2.7826 | C-index: 0.6181

Epoch 4
-------------------------------
loss: 3.208991  [   64/  678]
loss: 2.609623  [  256/  678]
loss: 2.442013  [  448/  678]
loss: 2.547163  [  640/  678]
Average Training Loss: 0.982526
Val Loss: 2.8005 | C-index: 0.6074

Epoch 5
-------------------------------
loss: 2.187927  [   64/  678]
loss: 2.120593  [  256/  678]
loss: 2.520619  [  448/  678]
loss: 1.843630  [  640/  678]
Average Training Loss: 0.788434
Val Loss: 3.0708 | C-index: 0.6035

Epoch 6
-------------------------------
loss: 1.639020  [   64/  678]
loss: 1.068537  [  256/  678]
loss: 0.874504  [  448/  678]
loss: 2.191259  [  640/  678]
Average Training Loss: 0.524847
Val Loss: 3.0779 | C-index: 0.6220

Epoch 7
-------------------------------
loss: 2.292958  [   64/  678]
loss: 1.508773  [  256/  678]
loss: 1.694265  [  448/  678]
loss: 1.432618  [  640/  678]
Average Training Loss: 0.629874
Val Loss: 3.0559 | C-index: 0.6181

Epoch 8
-------------------------------
loss: 1.573072  [   64/  678]
loss: 1.404098  [  256/  678]
loss: 1.223349  [  448/  678]
loss: 1.591146  [  640/  678]
Average Training Loss: 0.526515
Val Loss: 3.2605 | C-index: 0.6035

Epoch 9
-------------------------------
loss: 1.270096  [   64/  678]
loss: 1.659939  [  256/  678]
loss: 1.334866  [  448/  678]
loss: 1.426918  [  640/  678]
Average Training Loss: 0.517438
Val Loss: 3.3270 | C-index: 0.6119

Epoch 10
-------------------------------
loss: 0.773415  [   64/  678]
loss: 1.357646  [  256/  678]
loss: 1.546722  [  448/  678]
loss: 1.247677  [  640/  678]
Average Training Loss: 0.447769
Val Loss: 3.1238 | C-index: 0.6377

Epoch 11
-------------------------------
loss: 1.089939  [   64/  678]
loss: 1.721610  [  256/  678]
loss: 1.576244  [  448/  678]
loss: 0.938717  [  640/  678]
Average Training Loss: 0.484228
Val Loss: 3.9655 | C-index: 0.5485

Epoch 12
-------------------------------
loss: 0.895320  [   64/  678]
loss: 1.746460  [  256/  678]
loss: 1.699000  [  448/  678]
loss: 1.095932  [  640/  678]
Average Training Loss: 0.494247
Val Loss: 2.8974 | C-index: 0.6455

Epoch 13
-------------------------------
loss: 1.173502  [   64/  678]
loss: 0.874798  [  256/  678]
loss: 1.087029  [  448/  678]
loss: 0.763618  [  640/  678]
Average Training Loss: 0.354450
Val Loss: 3.5927 | C-index: 0.6192

Epoch 14
-------------------------------
loss: 1.317464  [   64/  678]
loss: 1.150176  [  256/  678]
loss: 1.217591  [  448/  678]
loss: 1.085736  [  640/  678]
Average Training Loss: 0.433724
Val Loss: 3.4833 | C-index: 0.6282

Epoch 15
-------------------------------
loss: 0.671544  [   64/  678]
loss: 0.796158  [  256/  678]
loss: 0.497026  [  448/  678]
loss: 1.116821  [  640/  678]
Average Training Loss: 0.280141
Val Loss: 3.6872 | C-index: 0.6444

Epoch 16
-------------------------------
loss: 1.110932  [   64/  678]
loss: 1.163531  [  256/  678]
loss: 0.993550  [  448/  678]
loss: 0.874778  [  640/  678]
Average Training Loss: 0.376617
Val Loss: 3.3215 | C-index: 0.6820

Epoch 17
-------------------------------
loss: 1.129609  [   64/  678]
loss: 1.072674  [  256/  678]
loss: 1.428911  [  448/  678]
loss: 1.342958  [  640/  678]
Average Training Loss: 0.452196
Val Loss: 3.8780 | C-index: 0.6579

Epoch 18
-------------------------------
loss: 0.647580  [   64/  678]
loss: 1.032367  [  256/  678]
loss: 0.705639  [  448/  678]
loss: 1.009563  [  640/  678]
Average Training Loss: 0.308650
Val Loss: 3.6516 | C-index: 0.6422

Epoch 19
-------------------------------
loss: 1.966455  [   64/  678]
loss: 0.986334  [  256/  678]
loss: 1.339364  [  448/  678]
loss: 1.264223  [  640/  678]
Average Training Loss: 0.505125
Val Loss: 3.2986 | C-index: 0.6635

Epoch 20
-------------------------------
loss: 1.011028  [   64/  678]
loss: 0.821210  [  256/  678]
loss: 0.868035  [  448/  678]
loss: 1.419912  [  640/  678]
Average Training Loss: 0.374562
Val Loss: 3.7259 | C-index: 0.6366

Epoch 21
-------------------------------
loss: 1.105179  [   64/  678]
loss: 1.126050  [  256/  678]
loss: 1.070108  [  448/  678]
loss: 1.142167  [  640/  678]
Average Training Loss: 0.403955
Val Loss: 4.3950 | C-index: 0.5822

Stopping early at Epoch 21 since no C-Index improvement after 5 epochs.
Done!
Best C-Index = 0.6819966348850253 at Epoch 16

=========================================
CV training complete! Mean ± std C-index: 0.6606 ± 0.0522
Best epochs per fold: [1, 6, 8, 5, 16]

=========================================
Retraining model on full train+val for 7 epochs...
Epoch 1
-------------------------------
loss: 2.696568  [   64/  847]
loss: 3.263511  [  320/  847]
loss: 2.579845  [  576/  847]
loss: 3.543852  [  832/  847]
Average Training Loss: 0.863127
Val Loss: 2.7828 | C-index: 0.6640

Epoch 2
-------------------------------
loss: 2.848936  [   64/  847]
loss: 2.731736  [  320/  847]
loss: 2.959378  [  576/  847]
loss: 2.740266  [  832/  847]
Average Training Loss: 0.805737
Val Loss: 2.7178 | C-index: 0.7601

Epoch 3
-------------------------------
loss: 2.585856  [   64/  847]
loss: 2.934134  [  320/  847]
loss: 2.675643  [  576/  847]
loss: 3.035445  [  832/  847]
Average Training Loss: 0.802220
Val Loss: 2.4088 | C-index: 0.8295

Epoch 4
-------------------------------
loss: 2.044836  [   64/  847]
loss: 2.490127  [  320/  847]
loss: 2.575606  [  576/  847]
loss: 2.285026  [  832/  847]
Average Training Loss: 0.671114
Val Loss: 1.9630 | C-index: 0.8987

Epoch 5
-------------------------------
loss: 2.287678  [   64/  847]
loss: 1.873599  [  320/  847]
loss: 2.208330  [  576/  847]
loss: 1.949307  [  832/  847]
Average Training Loss: 0.594208
Val Loss: 1.5449 | C-index: 0.9437

Epoch 6
-------------------------------
loss: 2.166356  [   64/  847]
loss: 1.598356  [  320/  847]
loss: 1.737938  [  576/  847]
loss: 2.313573  [  832/  847]
Average Training Loss: 0.558302
Val Loss: 1.4437 | C-index: 0.9407

Epoch 7
-------------------------------
loss: 1.583013  [   64/  847]
loss: 1.394477  [  320/  847]
loss: 1.561250  [  576/  847]
loss: 1.648242  [  832/  847]
Average Training Loss: 0.441927
Val Loss: 1.4472 | C-index: 0.9501

Done!
Best C-Index = 0.9501336144548775 at Epoch 7
FINAL TEST Average Loss: 2.9343
FINAL TEST C-index: 0.6585
Bootstrap 95% CI: [0.5755, 0.7375]
Top 10 activated pathways:
{'R-HSA-180746': 0.04444529861211777, 'R-HSA-420029': 0.04246686398983002, 'R-HSA-977068': 0.042253535240888596, 'R-HSA-416700': 0.040066517889499664, 'R-HSA-901042': 0.0391688346862793, 'R-HSA-181429': 0.03814934194087982, 'R-HSA-450408': 0.03763095661997795, 'R-HSA-5621480': 0.037247903645038605, 'R-HSA-380108': 0.0357358455657959, 'R-HSA-76009': 0.03555512800812721}
Results saved to /Users/evan/Documents/GitHub/HyBINN/experiments/runs/binn_gene/seed_4/results.json
