train_hybinn.py log started 2026-06-05 22:39:06.849850
=========================================
Model Active Branches: ['binn', 'gene']
=========================================

=========================================
FOLD 1/5
=========================================

Epoch 1
-------------------------------
loss: 2.953967  [   64/  677]
loss: 3.044521  [  256/  677]
loss: 3.105577  [  448/  677]
loss: 3.049249  [  640/  677]
Average Training Loss: 1.104847
Val Loss: 3.1012 | C-index: 0.4900

Epoch 2
-------------------------------
loss: 2.726734  [   64/  677]
loss: 2.640548  [  256/  677]
loss: 2.733993  [  448/  677]
loss: 3.510429  [  640/  677]
Average Training Loss: 1.055609
Val Loss: 3.0556 | C-index: 0.6135

Epoch 3
-------------------------------
loss: 2.944887  [   64/  677]
loss: 2.617908  [  256/  677]
loss: 2.680108  [  448/  677]
loss: 2.896442  [  640/  677]
Average Training Loss: 1.012668
Val Loss: 3.0177 | C-index: 0.6135

Epoch 4
-------------------------------
loss: 2.823386  [   64/  677]
loss: 2.564167  [  256/  677]
loss: 2.840608  [  448/  677]
loss: 2.474634  [  640/  677]
Average Training Loss: 0.972981
Val Loss: 2.9871 | C-index: 0.6642

Epoch 5
-------------------------------
loss: 2.452307  [   64/  677]
loss: 1.864079  [  256/  677]
loss: 1.924851  [  448/  677]
loss: 2.331273  [  640/  677]
Average Training Loss: 0.779319
Val Loss: 2.8067 | C-index: 0.7243

Epoch 6
-------------------------------
loss: 1.954979  [   64/  677]
loss: 1.228906  [  256/  677]
loss: 1.656527  [  448/  677]
loss: 1.562784  [  640/  677]
Average Training Loss: 0.582109
Val Loss: 2.8520 | C-index: 0.7174

Epoch 7
-------------------------------
loss: 1.470781  [   64/  677]
loss: 1.738226  [  256/  677]
loss: 0.973095  [  448/  677]
loss: 1.364950  [  640/  677]
Average Training Loss: 0.504277
Val Loss: 3.0980 | C-index: 0.6115

Epoch 8
-------------------------------
loss: 1.620934  [   64/  677]
loss: 1.710501  [  256/  677]
loss: 1.461779  [  448/  677]
loss: 1.238348  [  640/  677]
Average Training Loss: 0.548324
Val Loss: 2.9818 | C-index: 0.6896

Epoch 9
-------------------------------
loss: 0.758792  [   64/  677]
loss: 1.710832  [  256/  677]
loss: 1.392478  [  448/  677]
loss: 2.006027  [  640/  677]
Average Training Loss: 0.533466
Val Loss: 2.9901 | C-index: 0.7179

Epoch 10
-------------------------------
loss: 2.085323  [   64/  677]
loss: 1.934335  [  256/  677]
loss: 1.734983  [  448/  677]
loss: 0.534264  [  640/  677]
Average Training Loss: 0.571719
Val Loss: 3.2620 | C-index: 0.6540

Stopping early at Epoch 10 since no C-Index improvement after 5 epochs.
Done!
Best C-Index = 0.7242557345046364 at Epoch 5

=========================================
FOLD 2/5
=========================================

Epoch 1
-------------------------------
loss: 2.299964  [   64/  677]
loss: 2.913250  [  256/  677]
loss: 3.220110  [  448/  677]
loss: 3.668656  [  640/  677]
Average Training Loss: 1.100180
Val Loss: 2.9723 | C-index: 0.6885

Epoch 2
-------------------------------
loss: 2.793079  [   64/  677]
loss: 3.051960  [  256/  677]
loss: 2.841119  [  448/  677]
loss: 2.902675  [  640/  677]
Average Training Loss: 1.053530
Val Loss: 2.9296 | C-index: 0.7378

Epoch 3
-------------------------------
loss: 2.985131  [   64/  677]
loss: 2.925052  [  256/  677]
loss: 2.694168  [  448/  677]
loss: 2.948229  [  640/  677]
Average Training Loss: 1.050235
Val Loss: 2.8410 | C-index: 0.7494

Epoch 4
-------------------------------
loss: 2.478242  [   64/  677]
loss: 2.388863  [  256/  677]
loss: 2.518542  [  448/  677]
loss: 2.348213  [  640/  677]
Average Training Loss: 0.884896
Val Loss: 2.8181 | C-index: 0.6818

Epoch 5
-------------------------------
loss: 2.914346  [   64/  677]
loss: 2.147046  [  256/  677]
loss: 1.956291  [  448/  677]
loss: 2.261764  [  640/  677]
Average Training Loss: 0.843586
Val Loss: 3.1014 | C-index: 0.6741

Epoch 6
-------------------------------
loss: 1.855191  [   64/  677]
loss: 2.058720  [  256/  677]
loss: 2.035420  [  448/  677]
loss: 1.626132  [  640/  677]
Average Training Loss: 0.688679
Val Loss: 3.4025 | C-index: 0.5161

Epoch 7
-------------------------------
loss: 2.200932  [   64/  677]
loss: 2.169359  [  256/  677]
loss: 1.088005  [  448/  677]
loss: 1.510687  [  640/  677]
Average Training Loss: 0.633544
Val Loss: 2.8502 | C-index: 0.6735

Epoch 8
-------------------------------
loss: 1.426092  [   64/  677]
loss: 1.059340  [  256/  677]
loss: 1.268278  [  448/  677]
loss: 2.126564  [  640/  677]
Average Training Loss: 0.534570
Val Loss: 3.1099 | C-index: 0.6347

Stopping early at Epoch 8 since no C-Index improvement after 5 epochs.
Done!
Best C-Index = 0.7494456762749445 at Epoch 3

=========================================
FOLD 3/5
=========================================

Epoch 1
-------------------------------
loss: 3.034568  [   64/  678]
loss: 3.257032  [  256/  678]
loss: 3.751690  [  448/  678]
loss: 3.181963  [  640/  678]
Average Training Loss: 1.202296
Val Loss: 2.3710 | C-index: 0.7113

Epoch 2
-------------------------------
loss: 3.070800  [   64/  678]
loss: 2.758064  [  256/  678]
loss: 3.460871  [  448/  678]
loss: 3.018945  [  640/  678]
Average Training Loss: 1.118971
Val Loss: 2.3256 | C-index: 0.7532

Epoch 3
-------------------------------
loss: 3.016157  [   64/  678]
loss: 3.329291  [  256/  678]
loss: 2.730073  [  448/  678]
loss: 2.060007  [  640/  678]
Average Training Loss: 1.012321
Val Loss: 2.2443 | C-index: 0.7669

Epoch 4
-------------------------------
loss: 3.054744  [   64/  678]
loss: 2.186838  [  256/  678]
loss: 2.576753  [  448/  678]
loss: 1.740832  [  640/  678]
Average Training Loss: 0.869015
Val Loss: 2.2534 | C-index: 0.7161

Epoch 5
-------------------------------
loss: 2.103381  [   64/  678]
loss: 1.532125  [  256/  678]
loss: 2.115967  [  448/  678]
loss: 2.707633  [  640/  678]
Average Training Loss: 0.769010
Val Loss: 2.6265 | C-index: 0.6613

Epoch 6
-------------------------------
loss: 1.035770  [   64/  678]
loss: 1.862001  [  256/  678]
loss: 1.858413  [  448/  678]
loss: 2.256377  [  640/  678]
Average Training Loss: 0.637506
Val Loss: 2.6129 | C-index: 0.6806

Epoch 7
-------------------------------
loss: 1.479938  [   64/  678]
loss: 1.584486  [  256/  678]
loss: 2.189000  [  448/  678]
loss: 1.593345  [  640/  678]
Average Training Loss: 0.622434
Val Loss: 2.5396 | C-index: 0.6573

Epoch 8
-------------------------------
loss: 1.739710  [   64/  678]
loss: 1.847775  [  256/  678]
loss: 1.698983  [  448/  678]
loss: 1.364567  [  640/  678]
Average Training Loss: 0.604640
Val Loss: 2.7130 | C-index: 0.6726

Stopping early at Epoch 8 since no C-Index improvement after 5 epochs.
Done!
Best C-Index = 0.7669354838709678 at Epoch 3

=========================================
FOLD 4/5
=========================================

Epoch 1
-------------------------------
loss: 3.050950  [   64/  678]
loss: 2.456416  [  256/  678]
loss: 3.015081  [  448/  678]
loss: 3.259839  [  640/  678]
Average Training Loss: 1.071117
Val Loss: 3.2000 | C-index: 0.4327

Epoch 2
-------------------------------
loss: 2.759379  [   64/  678]
loss: 2.798786  [  256/  678]
loss: 2.849916  [  448/  678]
loss: 2.778595  [  640/  678]
Average Training Loss: 1.016971
Val Loss: 3.2665 | C-index: 0.4440

Epoch 3
-------------------------------
loss: 2.833604  [   64/  678]
loss: 2.965342  [  256/  678]
loss: 2.035435  [  448/  678]
loss: 2.169334  [  640/  678]
Average Training Loss: 0.909429
Val Loss: 3.2773 | C-index: 0.5199

Epoch 4
-------------------------------
loss: 2.337952  [   64/  678]
loss: 2.204770  [  256/  678]
loss: 2.429749  [  448/  678]
loss: 2.128746  [  640/  678]
Average Training Loss: 0.827383
Val Loss: 3.4340 | C-index: 0.5974

Epoch 5
-------------------------------
loss: 1.457384  [   64/  678]
loss: 2.078669  [  256/  678]
loss: 2.225947  [  448/  678]
loss: 1.943795  [  640/  678]
Average Training Loss: 0.700527
Val Loss: 3.8931 | C-index: 0.5328

Epoch 6
-------------------------------
loss: 1.796713  [   64/  678]
loss: 1.609662  [  256/  678]
loss: 1.456567  [  448/  678]
loss: 1.729537  [  640/  678]
Average Training Loss: 0.599316
Val Loss: 3.5796 | C-index: 0.6270

Epoch 7
-------------------------------
loss: 1.049470  [   64/  678]
loss: 1.510839  [  256/  678]
loss: 1.175008  [  448/  678]
loss: 1.326374  [  640/  678]
Average Training Loss: 0.460154
Val Loss: 3.8336 | C-index: 0.5474

Epoch 8
-------------------------------
loss: 1.408927  [   64/  678]
loss: 1.804384  [  256/  678]
loss: 1.757753  [  448/  678]
loss: 1.489297  [  640/  678]
Average Training Loss: 0.587306
Val Loss: 3.8699 | C-index: 0.5468

Epoch 9
-------------------------------
loss: 2.013591  [   64/  678]
loss: 1.406651  [  256/  678]
loss: 1.658354  [  448/  678]
loss: 2.011023  [  640/  678]
Average Training Loss: 0.644511
Val Loss: 4.0245 | C-index: 0.6168

Epoch 10
-------------------------------
loss: 1.106665  [   64/  678]
loss: 1.377882  [  256/  678]
loss: 0.777389  [  448/  678]
loss: 1.644971  [  640/  678]
Average Training Loss: 0.446082
Val Loss: 4.0112 | C-index: 0.5877

Epoch 11
-------------------------------
loss: 0.999223  [   64/  678]
loss: 0.720145  [  256/  678]
loss: 1.831241  [  448/  678]
loss: 1.300968  [  640/  678]
Average Training Loss: 0.441052
Val Loss: 3.6414 | C-index: 0.5888

Stopping early at Epoch 11 since no C-Index improvement after 5 epochs.
Done!
Best C-Index = 0.6270182992465017 at Epoch 6

=========================================
FOLD 5/5
=========================================

Epoch 1
-------------------------------
loss: 2.810848  [   64/  678]
loss: 2.735179  [  256/  678]
loss: 3.314341  [  448/  678]
loss: 3.218424  [  640/  678]
Average Training Loss: 1.098072
Val Loss: 2.5650 | C-index: 0.4014

Epoch 2
-------------------------------
loss: 2.498726  [   64/  678]
loss: 3.101309  [  256/  678]
loss: 3.253178  [  448/  678]
loss: 2.392941  [  640/  678]
Average Training Loss: 1.022378
Val Loss: 2.5782 | C-index: 0.3836

Epoch 3
-------------------------------
loss: 3.050232  [   64/  678]
loss: 1.925641  [  256/  678]
loss: 2.799628  [  448/  678]
loss: 2.259046  [  640/  678]
Average Training Loss: 0.912232
Val Loss: 2.5754 | C-index: 0.4219

Epoch 4
-------------------------------
loss: 2.239379  [   64/  678]
loss: 2.409229  [  256/  678]
loss: 2.287381  [  448/  678]
loss: 2.359154  [  640/  678]
Average Training Loss: 0.845013
Val Loss: 2.6683 | C-index: 0.5199

Epoch 5
-------------------------------
loss: 1.481194  [   64/  678]
loss: 1.583854  [  256/  678]
loss: 2.456061  [  448/  678]
loss: 1.367381  [  640/  678]
Average Training Loss: 0.626226
Val Loss: 2.8225 | C-index: 0.5411

Epoch 6
-------------------------------
loss: 1.469455  [   64/  678]
loss: 1.224697  [  256/  678]
loss: 1.890918  [  448/  678]
loss: 1.435031  [  640/  678]
Average Training Loss: 0.547282
Val Loss: 3.2360 | C-index: 0.4397

Epoch 7
-------------------------------
loss: 1.148766  [   64/  678]
loss: 1.541353  [  256/  678]
loss: 2.270285  [  448/  678]
loss: 2.209259  [  640/  678]
Average Training Loss: 0.651788
Val Loss: 3.1144 | C-index: 0.5247

Epoch 8
-------------------------------
loss: 1.336271  [   64/  678]
loss: 2.156683  [  256/  678]
loss: 1.058046  [  448/  678]
loss: 1.544158  [  640/  678]
Average Training Loss: 0.554105
Val Loss: 3.0154 | C-index: 0.4616

Epoch 9
-------------------------------
loss: 1.017222  [   64/  678]
loss: 1.865886  [  256/  678]
loss: 1.964571  [  448/  678]
loss: 1.074269  [  640/  678]
Average Training Loss: 0.538359
Val Loss: 3.2098 | C-index: 0.4712

Epoch 10
-------------------------------
loss: 1.408789  [   64/  678]
loss: 1.145038  [  256/  678]
loss: 1.599461  [  448/  678]
loss: 1.604749  [  640/  678]
Average Training Loss: 0.523458
Val Loss: 3.0199 | C-index: 0.5144

Stopping early at Epoch 10 since no C-Index improvement after 5 epochs.
Done!
Best C-Index = 0.541095890410959 at Epoch 5

=========================================
CV training complete! Mean ± std C-index: 0.6818 ± 0.0854
Best epochs per fold: [5, 3, 3, 6, 5]

=========================================
Retraining model on full train+val for 4 epochs...
Epoch 1
-------------------------------
loss: 3.057560  [   64/  847]
loss: 3.097150  [  320/  847]
loss: 3.172298  [  576/  847]
loss: 3.486528  [  832/  847]
Average Training Loss: 0.915253
Val Loss: 2.7833 | C-index: 0.6080

Epoch 2
-------------------------------
loss: 2.576687  [   64/  847]
loss: 2.737074  [  320/  847]
loss: 2.961089  [  576/  847]
loss: 3.258636  [  832/  847]
Average Training Loss: 0.823820
Val Loss: 2.6189 | C-index: 0.7631

Epoch 3
-------------------------------
loss: 2.507445  [   64/  847]
loss: 2.689309  [  320/  847]
loss: 2.411244  [  576/  847]
loss: 2.857052  [  832/  847]
Average Training Loss: 0.747504
Val Loss: 2.3621 | C-index: 0.8213

Epoch 4
-------------------------------
loss: 2.386094  [   64/  847]
loss: 2.703086  [  320/  847]
loss: 1.868690  [  576/  847]
loss: 2.413454  [  832/  847]
Average Training Loss: 0.669380
Val Loss: 2.0700 | C-index: 0.8568

Done!
Best C-Index = 0.8567966355406658 at Epoch 4
FINAL TEST Average Loss: 2.6290
FINAL TEST C-index: 0.6613
Bootstrap 95% CI: [0.5098, 0.7934]
Top 10 activated pathways:
{'R-HSA-8956319': 0.04792625084519386, 'R-HSA-5654732': 0.041746266186237335, 'R-HSA-69205': 0.033779412508010864, 'R-HSA-9675126': 0.03313321992754936, 'R-HSA-9820841': 0.0328085795044899, 'R-HSA-2514856': 0.032365478575229645, 'R-HSA-1482788': 0.0322776734828949, 'R-HSA-9735869': 0.03202097490429878, 'R-HSA-5668599': 0.03134685754776001, 'R-HSA-390918': 0.030677305534482002}
Results saved to /Users/evan/Documents/GitHub/HyBINN/experiments/runs/binn_gene/seed_2/results.json
