train_hybinn.py log started 2026-06-05 22:44:29.450519
=========================================
Model Active Branches: ['gene', 'clinical']
=========================================

=========================================
FOLD 1/5
=========================================

Epoch 1
-------------------------------
loss: 3.143790  [   64/  677]
loss: 2.734499  [  256/  677]
loss: 2.318226  [  448/  677]
loss: 3.201431  [  640/  677]
Average Training Loss: 1.036177
Val Loss: 2.7662 | C-index: 0.3815

Epoch 2
-------------------------------
loss: 2.848744  [   64/  677]
loss: 2.678879  [  256/  677]
loss: 2.462518  [  448/  677]
loss: 2.927459  [  640/  677]
Average Training Loss: 0.992509
Val Loss: 2.7584 | C-index: 0.4308

Epoch 3
-------------------------------
loss: 2.448221  [   64/  677]
loss: 2.468169  [  256/  677]
loss: 2.762566  [  448/  677]
loss: 2.566362  [  640/  677]
Average Training Loss: 0.931393
Val Loss: 2.6425 | C-index: 0.6269

Epoch 4
-------------------------------
loss: 2.579024  [   64/  677]
loss: 2.501587  [  256/  677]
loss: 1.891971  [  448/  677]
loss: 2.173240  [  640/  677]
Average Training Loss: 0.831438
Val Loss: 2.6454 | C-index: 0.5434

Epoch 5
-------------------------------
loss: 2.050837  [   64/  677]
loss: 1.995636  [  256/  677]
loss: 1.788921  [  448/  677]
loss: 2.129686  [  640/  677]
Average Training Loss: 0.724098
Val Loss: 2.9054 | C-index: 0.5389

Epoch 6
-------------------------------
loss: 1.433495  [   64/  677]
loss: 1.546809  [  256/  677]
loss: 2.027891  [  448/  677]
loss: 1.809978  [  640/  677]
Average Training Loss: 0.619834
Val Loss: 2.6257 | C-index: 0.7204

Epoch 7
-------------------------------
loss: 1.384207  [   64/  677]
loss: 1.381778  [  256/  677]
loss: 1.754510  [  448/  677]
loss: 2.361623  [  640/  677]
Average Training Loss: 0.625647
Val Loss: 3.5083 | C-index: 0.5916

Epoch 8
-------------------------------
loss: 1.202312  [   64/  677]
loss: 1.444161  [  256/  677]
loss: 0.824295  [  448/  677]
loss: 1.167561  [  640/  677]
Average Training Loss: 0.421666
Val Loss: 2.7170 | C-index: 0.6555

Epoch 9
-------------------------------
loss: 1.303261  [   64/  677]
loss: 1.160351  [  256/  677]
loss: 1.038293  [  448/  677]
loss: 0.921506  [  640/  677]
Average Training Loss: 0.402128
Val Loss: 3.0603 | C-index: 0.6275

Epoch 10
-------------------------------
loss: 1.519401  [   64/  677]
loss: 1.559714  [  256/  677]
loss: 3.203426  [  448/  677]
loss: 0.709545  [  640/  677]
Average Training Loss: 0.635644
Val Loss: 3.0618 | C-index: 0.7238

Epoch 11
-------------------------------
loss: 0.784658  [   64/  677]
loss: 1.263652  [  256/  677]
loss: 1.004177  [  448/  677]
loss: 1.393468  [  640/  677]
Average Training Loss: 0.404178
Val Loss: 3.2255 | C-index: 0.5922

Epoch 12
-------------------------------
loss: 1.146752  [   64/  677]
loss: 1.205051  [  256/  677]
loss: 0.441855  [  448/  677]
loss: 1.222678  [  640/  677]
Average Training Loss: 0.365121
Val Loss: 2.6415 | C-index: 0.7188

Epoch 13
-------------------------------
loss: 0.777038  [   64/  677]
loss: 1.035519  [  256/  677]
loss: 0.915431  [  448/  677]
loss: 1.132436  [  640/  677]
Average Training Loss: 0.350948
Val Loss: 3.4406 | C-index: 0.6067

Epoch 14
-------------------------------
loss: 1.262516  [   64/  677]
loss: 1.250638  [  256/  677]
loss: 0.567340  [  448/  677]
loss: 0.963704  [  640/  677]
Average Training Loss: 0.367654
Val Loss: 3.1535 | C-index: 0.6818

Epoch 15
-------------------------------
loss: 1.340194  [   64/  677]
loss: 1.639300  [  256/  677]
loss: 0.947677  [  448/  677]
loss: 0.863072  [  640/  677]
Average Training Loss: 0.435477
Val Loss: 3.0771 | C-index: 0.6207

Stopping early at Epoch 15 since no C-Index improvement after 5 epochs.
Done!
Best C-Index = 0.7238095238095238 at Epoch 10

=========================================
FOLD 2/5
=========================================

Epoch 1
-------------------------------
loss: 2.764352  [   64/  677]
loss: 2.832104  [  256/  677]
loss: 2.680345  [  448/  677]
loss: 2.694217  [  640/  677]
Average Training Loss: 0.997365
Val Loss: 2.8894 | C-index: 0.5544

Epoch 2
-------------------------------
loss: 2.653422  [   64/  677]
loss: 2.909348  [  256/  677]
loss: 2.893001  [  448/  677]
loss: 2.863284  [  640/  677]
Average Training Loss: 1.029005
Val Loss: 2.8952 | C-index: 0.6169

Epoch 3
-------------------------------
loss: 2.867931  [   64/  677]
loss: 2.695306  [  256/  677]
loss: 2.438847  [  448/  677]
loss: 2.498800  [  640/  677]
Average Training Loss: 0.954626
Val Loss: 2.9198 | C-index: 0.6919

Epoch 4
-------------------------------
loss: 2.602387  [   64/  677]
loss: 1.848546  [  256/  677]
loss: 2.567772  [  448/  677]
loss: 1.771533  [  640/  677]
Average Training Loss: 0.799112
Val Loss: 3.0912 | C-index: 0.7246

Epoch 5
-------------------------------
loss: 2.333637  [   64/  677]
loss: 1.949282  [  256/  677]
loss: 1.634153  [  448/  677]
loss: 2.418282  [  640/  677]
Average Training Loss: 0.757759
Val Loss: 3.0623 | C-index: 0.6984

Epoch 6
-------------------------------
loss: 1.836190  [   64/  677]
loss: 1.175024  [  256/  677]
loss: 1.929207  [  448/  677]
loss: 1.798593  [  640/  677]
Average Training Loss: 0.612638
Val Loss: 4.0925 | C-index: 0.6115

Epoch 7
-------------------------------
loss: 2.052969  [   64/  677]
loss: 1.036720  [  256/  677]
loss: 1.350554  [  448/  677]
loss: 1.997938  [  640/  677]
Average Training Loss: 0.585289
Val Loss: 3.5083 | C-index: 0.7145

Epoch 8
-------------------------------
loss: 1.571143  [   64/  677]
loss: 1.265980  [  256/  677]
loss: 1.111934  [  448/  677]
loss: 1.085241  [  640/  677]
Average Training Loss: 0.457664
Val Loss: 4.3608 | C-index: 0.6603

Epoch 9
-------------------------------
loss: 1.071712  [   64/  677]
loss: 1.608215  [  256/  677]
loss: 1.326105  [  448/  677]
loss: 1.711487  [  640/  677]
Average Training Loss: 0.519775
Val Loss: 3.9638 | C-index: 0.6252

Stopping early at Epoch 9 since no C-Index improvement after 5 epochs.
Done!
Best C-Index = 0.7245687091017252 at Epoch 4

=========================================
FOLD 3/5
=========================================

Epoch 1
-------------------------------
loss: 3.376132  [   64/  678]
loss: 2.839177  [  256/  678]
loss: 2.682424  [  448/  678]
loss: 3.079354  [  640/  678]
Average Training Loss: 1.088826
Val Loss: 2.4058 | C-index: 0.4349

Epoch 2
-------------------------------
loss: 2.490532  [   64/  678]
loss: 3.290428  [  256/  678]
loss: 2.805781  [  448/  678]
loss: 3.227359  [  640/  678]
Average Training Loss: 1.074009
Val Loss: 2.3685 | C-index: 0.6170

Epoch 3
-------------------------------
loss: 2.761024  [   64/  678]
loss: 2.708445  [  256/  678]
loss: 2.699867  [  448/  678]
loss: 2.723820  [  640/  678]
Average Training Loss: 0.990287
Val Loss: 2.3708 | C-index: 0.5966

Epoch 4
-------------------------------
loss: 1.573185  [   64/  678]
loss: 2.908249  [  256/  678]
loss: 2.305386  [  448/  678]
loss: 2.244275  [  640/  678]
Average Training Loss: 0.821009
Val Loss: 2.4736 | C-index: 0.6383

Epoch 5
-------------------------------
loss: 1.978640  [   64/  678]
loss: 2.165614  [  256/  678]
loss: 2.343407  [  448/  678]
loss: 2.085354  [  640/  678]
Average Training Loss: 0.779365
Val Loss: 2.7683 | C-index: 0.5821

Epoch 6
-------------------------------
loss: 1.271368  [   64/  678]
loss: 1.618620  [  256/  678]
loss: 1.838985  [  448/  678]
loss: 1.880452  [  640/  678]
Average Training Loss: 0.600857
Val Loss: 2.4657 | C-index: 0.6119

Epoch 7
-------------------------------
loss: 1.369439  [   64/  678]
loss: 1.780694  [  256/  678]
loss: 1.485311  [  448/  678]
loss: 2.243420  [  640/  678]
Average Training Loss: 0.625351
Val Loss: 2.6456 | C-index: 0.6306

Epoch 8
-------------------------------
loss: 1.324156  [   64/  678]
loss: 0.939671  [  256/  678]
loss: 1.823620  [  448/  678]
loss: 2.056800  [  640/  678]
Average Training Loss: 0.558568
Val Loss: 2.3399 | C-index: 0.7677

Epoch 9
-------------------------------
loss: 1.707127  [   64/  678]
loss: 1.603732  [  256/  678]
loss: 1.398178  [  448/  678]
loss: 1.905737  [  640/  678]
Average Training Loss: 0.601343
Val Loss: 2.9473 | C-index: 0.6426

Epoch 10
-------------------------------
loss: 1.600883  [   64/  678]
loss: 1.353147  [  256/  678]
loss: 1.422820  [  448/  678]
loss: 0.843590  [  640/  678]
Average Training Loss: 0.474585
Val Loss: 2.8506 | C-index: 0.7166

Epoch 11
-------------------------------
loss: 1.019990  [   64/  678]
loss: 2.133126  [  256/  678]
loss: 1.332250  [  448/  678]
loss: 0.469591  [  640/  678]
Average Training Loss: 0.450451
Val Loss: 3.0544 | C-index: 0.6111

Epoch 12
-------------------------------
loss: 1.228930  [   64/  678]
loss: 2.200265  [  256/  678]
loss: 1.183767  [  448/  678]
loss: 1.350354  [  640/  678]
Average Training Loss: 0.542120
Val Loss: 2.9249 | C-index: 0.6826

Epoch 13
-------------------------------
loss: 1.116996  [   64/  678]
loss: 1.533469  [  256/  678]
loss: 1.901989  [  448/  678]
loss: 0.394180  [  640/  678]
Average Training Loss: 0.449694
Val Loss: 3.1066 | C-index: 0.6774

Stopping early at Epoch 13 since no C-Index improvement after 5 epochs.
Done!
Best C-Index = 0.7676595744680851 at Epoch 8

=========================================
FOLD 4/5
=========================================

Epoch 1
-------------------------------
loss: 2.497945  [   64/  678]
loss: 2.722715  [  256/  678]
loss: 2.972921  [  448/  678]
loss: 2.777645  [  640/  678]
Average Training Loss: 0.997384
Val Loss: 2.8386 | C-index: 0.5430

Epoch 2
-------------------------------
loss: 3.180101  [   64/  678]
loss: 2.396399  [  256/  678]
loss: 2.977056  [  448/  678]
loss: 2.638457  [  640/  678]
Average Training Loss: 1.017456
Val Loss: 2.8194 | C-index: 0.5771

Epoch 3
-------------------------------
loss: 2.768256  [   64/  678]
loss: 2.559384  [  256/  678]
loss: 2.774114  [  448/  678]
loss: 2.433835  [  640/  678]
Average Training Loss: 0.957781
Val Loss: 2.8049 | C-index: 0.5591

Epoch 4
-------------------------------
loss: 2.409820  [   64/  678]
loss: 2.571762  [  256/  678]
loss: 2.485564  [  448/  678]
loss: 2.000809  [  640/  678]
Average Training Loss: 0.860723
Val Loss: 2.8687 | C-index: 0.5523

Epoch 5
-------------------------------
loss: 2.113410  [   64/  678]
loss: 1.814781  [  256/  678]
loss: 1.505985  [  448/  678]
loss: 1.515796  [  640/  678]
Average Training Loss: 0.631816
Val Loss: 3.2033 | C-index: 0.5207

Epoch 6
-------------------------------
loss: 1.713828  [   64/  678]
loss: 1.707847  [  256/  678]
loss: 1.760706  [  448/  678]
loss: 1.012231  [  640/  678]
Average Training Loss: 0.563147
Val Loss: 3.3455 | C-index: 0.5715

Epoch 7
-------------------------------
loss: 1.191526  [   64/  678]
loss: 2.165442  [  256/  678]
loss: 1.649745  [  448/  678]
loss: 1.405514  [  640/  678]
Average Training Loss: 0.582930
Val Loss: 3.7209 | C-index: 0.5226

Stopping early at Epoch 7 since no C-Index improvement after 5 epochs.
Done!
Best C-Index = 0.5770897832817338 at Epoch 2

=========================================
FOLD 5/5
=========================================

Epoch 1
-------------------------------
loss: 3.091323  [   64/  678]
loss: 3.099309  [  256/  678]
loss: 3.155286  [  448/  678]
loss: 2.847148  [  640/  678]
Average Training Loss: 1.108460
Val Loss: 2.7743 | C-index: 0.6905

Epoch 2
-------------------------------
loss: 2.446360  [   64/  678]
loss: 2.962620  [  256/  678]
loss: 3.278031  [  448/  678]
loss: 2.926314  [  640/  678]
Average Training Loss: 1.055757
Val Loss: 2.7446 | C-index: 0.7026

Epoch 3
-------------------------------
loss: 2.630922  [   64/  678]
loss: 2.678499  [  256/  678]
loss: 2.908848  [  448/  678]
loss: 2.448745  [  640/  678]
Average Training Loss: 0.969728
Val Loss: 2.7211 | C-index: 0.6924

Epoch 4
-------------------------------
loss: 2.616359  [   64/  678]
loss: 1.494308  [  256/  678]
loss: 2.422322  [  448/  678]
loss: 2.765947  [  640/  678]
Average Training Loss: 0.845358
Val Loss: 2.6449 | C-index: 0.6784

Epoch 5
-------------------------------
loss: 2.247090  [   64/  678]
loss: 2.256648  [  256/  678]
loss: 1.762483  [  448/  678]
loss: 2.515193  [  640/  678]
Average Training Loss: 0.798310
Val Loss: 2.6180 | C-index: 0.6662

Epoch 6
-------------------------------
loss: 1.830121  [   64/  678]
loss: 1.718197  [  256/  678]
loss: 1.911144  [  448/  678]
loss: 2.104783  [  640/  678]
Average Training Loss: 0.687659
Val Loss: 2.7946 | C-index: 0.6433

Epoch 7
-------------------------------
loss: 1.415167  [   64/  678]
loss: 1.356828  [  256/  678]
loss: 1.526786  [  448/  678]
loss: 1.732570  [  640/  678]
Average Training Loss: 0.548305
Val Loss: 2.7748 | C-index: 0.6248

Stopping early at Epoch 7 since no C-Index improvement after 5 epochs.
Done!
Best C-Index = 0.7026164645820038 at Epoch 2

=========================================
CV training complete! Mean ± std C-index: 0.6991 ± 0.0646
Best epochs per fold: [10, 4, 8, 2, 2]

=========================================
Retraining model on full train+val for 5 epochs...
Epoch 1
-------------------------------
loss: 2.721158  [   64/  847]
loss: 2.322511  [  320/  847]
loss: 3.257153  [  576/  847]
loss: 3.091439  [  832/  847]
Average Training Loss: 0.813733
Val Loss: 2.7777 | C-index: 0.6286

Epoch 2
-------------------------------
loss: 2.739278  [   64/  847]
loss: 3.241280  [  320/  847]
loss: 2.597432  [  576/  847]
loss: 2.598699  [  832/  847]
Average Training Loss: 0.798335
Val Loss: 2.5967 | C-index: 0.7769

Epoch 3
-------------------------------
loss: 2.866766  [   64/  847]
loss: 2.571080  [  320/  847]
loss: 2.925370  [  576/  847]
loss: 2.251941  [  832/  847]
Average Training Loss: 0.758226
Val Loss: 2.3495 | C-index: 0.8412

Epoch 4
-------------------------------
loss: 2.674389  [   64/  847]
loss: 2.157940  [  320/  847]
loss: 1.681913  [  576/  847]
loss: 1.997325  [  832/  847]
Average Training Loss: 0.607969
Val Loss: 1.8810 | C-index: 0.9000

Epoch 5
-------------------------------
loss: 2.295921  [   64/  847]
loss: 2.139321  [  320/  847]
loss: 2.526309  [  576/  847]
loss: 2.004622  [  832/  847]
Average Training Loss: 0.640441
Val Loss: 1.7291 | C-index: 0.9374

Done!
Best C-Index = 0.9374400646040478 at Epoch 5
FINAL TEST Average Loss: 3.2379
FINAL TEST C-index: 0.5381
Bootstrap 95% CI: [0.4172, 0.6464]
Results saved to /Users/evan/Documents/GitHub/HyBINN/experiments/runs/gene_clinical/seed_0/results.json
