train_hybinn.py log started 2026-06-05 22:34:45.116516
=========================================
Model Active Branches: ['gene']
=========================================

=========================================
FOLD 1/5
=========================================

Epoch 1
-------------------------------
loss: 3.571997  [   64/  677]
loss: 3.628875  [  256/  677]
loss: 2.550832  [  448/  677]
loss: 3.288862  [  640/  677]
Average Training Loss: 1.185506
Val Loss: 2.5763 | C-index: 0.5127

Epoch 2
-------------------------------
loss: 2.999722  [   64/  677]
loss: 2.891549  [  256/  677]
loss: 2.941569  [  448/  677]
loss: 2.989102  [  640/  677]
Average Training Loss: 1.074722
Val Loss: 2.6311 | C-index: 0.5242

Epoch 3
-------------------------------
loss: 2.581944  [   64/  677]
loss: 2.883221  [  256/  677]
loss: 2.627784  [  448/  677]
loss: 2.333423  [  640/  677]
Average Training Loss: 0.947852
Val Loss: 2.7263 | C-index: 0.4349

Epoch 4
-------------------------------
loss: 2.429269  [   64/  677]
loss: 1.839154  [  256/  677]
loss: 1.924172  [  448/  677]
loss: 2.172230  [  640/  677]
Average Training Loss: 0.760439
Val Loss: 2.9574 | C-index: 0.4911

Epoch 5
-------------------------------
loss: 2.097463  [   64/  677]
loss: 2.110863  [  256/  677]
loss: 1.656800  [  448/  677]
loss: 2.311259  [  640/  677]
Average Training Loss: 0.743308
Val Loss: 3.2457 | C-index: 0.3995

Epoch 6
-------------------------------
loss: 1.986068  [   64/  677]
loss: 1.632527  [  256/  677]
loss: 0.841280  [  448/  677]
loss: 2.335327  [  640/  677]
Average Training Loss: 0.617746
Val Loss: 3.2632 | C-index: 0.4665

Epoch 7
-------------------------------
loss: 1.082474  [   64/  677]
loss: 1.306119  [  256/  677]
loss: 2.459765  [  448/  677]
loss: 1.784417  [  640/  677]
Average Training Loss: 0.602980
Val Loss: 3.9212 | C-index: 0.4211

Stopping early at Epoch 7 since no C-Index improvement after 5 epochs.
Done!
Best C-Index = 0.5242494226327945 at Epoch 2

=========================================
FOLD 2/5
=========================================

Epoch 1
-------------------------------
loss: 3.381740  [   64/  677]
loss: 2.294451  [  256/  677]
loss: 3.024501  [  448/  677]
loss: 3.015185  [  640/  677]
Average Training Loss: 1.065080
Val Loss: 2.8555 | C-index: 0.5789

Epoch 2
-------------------------------
loss: 2.745891  [   64/  677]
loss: 3.242502  [  256/  677]
loss: 3.072807  [  448/  677]
loss: 2.428100  [  640/  677]
Average Training Loss: 1.044482
Val Loss: 2.8393 | C-index: 0.6058

Epoch 3
-------------------------------
loss: 2.528030  [   64/  677]
loss: 2.439032  [  256/  677]
loss: 2.503628  [  448/  677]
loss: 3.433029  [  640/  677]
Average Training Loss: 0.991247
Val Loss: 2.8122 | C-index: 0.6620

Epoch 4
-------------------------------
loss: 2.594366  [   64/  677]
loss: 2.476904  [  256/  677]
loss: 2.115155  [  448/  677]
loss: 2.253399  [  640/  677]
Average Training Loss: 0.858166
Val Loss: 2.9439 | C-index: 0.6496

Epoch 5
-------------------------------
loss: 1.929459  [   64/  677]
loss: 2.278000  [  256/  677]
loss: 1.852789  [  448/  677]
loss: 2.285689  [  640/  677]
Average Training Loss: 0.758722
Val Loss: 3.0771 | C-index: 0.6350

Epoch 6
-------------------------------
loss: 2.022631  [   64/  677]
loss: 2.195844  [  256/  677]
loss: 2.060178  [  448/  677]
loss: 1.587340  [  640/  677]
Average Training Loss: 0.715090
Val Loss: 3.1104 | C-index: 0.6328

Epoch 7
-------------------------------
loss: 1.641940  [   64/  677]
loss: 1.976995  [  256/  677]
loss: 1.818786  [  448/  677]
loss: 1.774228  [  640/  677]
Average Training Loss: 0.655632
Val Loss: 3.0735 | C-index: 0.6249

Epoch 8
-------------------------------
loss: 1.049676  [   64/  677]
loss: 0.641681  [  256/  677]
loss: 1.810846  [  448/  677]
loss: 1.522594  [  640/  677]
Average Training Loss: 0.456800
Val Loss: 3.1748 | C-index: 0.6794

Epoch 9
-------------------------------
loss: 1.161036  [   64/  677]
loss: 1.716689  [  256/  677]
loss: 1.566387  [  448/  677]
loss: 1.438626  [  640/  677]
Average Training Loss: 0.534794
Val Loss: 2.9750 | C-index: 0.6962

Epoch 10
-------------------------------
loss: 1.630085  [   64/  677]
loss: 1.102257  [  256/  677]
loss: 0.690512  [  448/  677]
loss: 2.127634  [  640/  677]
Average Training Loss: 0.504590
Val Loss: 3.0997 | C-index: 0.6289

Epoch 11
-------------------------------
loss: 1.378108  [   64/  677]
loss: 1.079820  [  256/  677]
loss: 1.187027  [  448/  677]
loss: 1.141450  [  640/  677]
Average Training Loss: 0.435128
Val Loss: 3.1407 | C-index: 0.6485

Epoch 12
-------------------------------
loss: 1.190443  [   64/  677]
loss: 1.187424  [  256/  677]
loss: 0.824492  [  448/  677]
loss: 0.885853  [  640/  677]
Average Training Loss: 0.371656
Val Loss: 3.2915 | C-index: 0.6597

Epoch 13
-------------------------------
loss: 0.561629  [   64/  677]
loss: 1.638852  [  256/  677]
loss: 1.716394  [  448/  677]
loss: 0.789721  [  640/  677]
Average Training Loss: 0.427872
Val Loss: 3.6285 | C-index: 0.6637

Epoch 14
-------------------------------
loss: 1.068225  [   64/  677]
loss: 1.135452  [  256/  677]
loss: 0.992505  [  448/  677]
loss: 1.800869  [  640/  677]
Average Training Loss: 0.454277
Val Loss: 3.6453 | C-index: 0.6227

Stopping early at Epoch 14 since no C-Index improvement after 5 epochs.
Done!
Best C-Index = 0.6962380685008422 at Epoch 9

=========================================
FOLD 3/5
=========================================

Epoch 1
-------------------------------
loss: 2.804964  [   64/  678]
loss: 3.065051  [  256/  678]
loss: 2.878078  [  448/  678]
loss: 3.278679  [  640/  678]
Average Training Loss: 1.093343
Val Loss: 2.7949 | C-index: 0.4776

Epoch 2
-------------------------------
loss: 3.667862  [   64/  678]
loss: 2.939444  [  256/  678]
loss: 2.838881  [  448/  678]
loss: 2.638262  [  640/  678]
Average Training Loss: 1.098586
Val Loss: 2.7370 | C-index: 0.5905

Epoch 3
-------------------------------
loss: 2.970356  [   64/  678]
loss: 2.568423  [  256/  678]
loss: 2.148125  [  448/  678]
loss: 2.513046  [  640/  678]
Average Training Loss: 0.927268
Val Loss: 2.7327 | C-index: 0.6421

Epoch 4
-------------------------------
loss: 1.878279  [   64/  678]
loss: 1.434634  [  256/  678]
loss: 2.311525  [  448/  678]
loss: 2.354914  [  640/  678]
Average Training Loss: 0.725396
Val Loss: 2.8000 | C-index: 0.6779

Epoch 5
-------------------------------
loss: 1.882930  [   64/  678]
loss: 1.314716  [  256/  678]
loss: 2.073509  [  448/  678]
loss: 1.939047  [  640/  678]
Average Training Loss: 0.655473
Val Loss: 2.9134 | C-index: 0.6937

Epoch 6
-------------------------------
loss: 1.941457  [   64/  678]
loss: 1.920298  [  256/  678]
loss: 1.480868  [  448/  678]
loss: 2.127748  [  640/  678]
Average Training Loss: 0.679125
Val Loss: 3.4309 | C-index: 0.5554

Epoch 7
-------------------------------
loss: 1.353920  [   64/  678]
loss: 2.365921  [  256/  678]
loss: 1.958537  [  448/  678]
loss: 1.774328  [  640/  678]
Average Training Loss: 0.677519
Val Loss: 3.3853 | C-index: 0.6717

Epoch 8
-------------------------------
loss: 2.023037  [   64/  678]
loss: 1.747390  [  256/  678]
loss: 1.720072  [  448/  678]
loss: 1.484228  [  640/  678]
Average Training Loss: 0.634066
Val Loss: 2.9110 | C-index: 0.6917

Epoch 9
-------------------------------
loss: 1.504138  [   64/  678]
loss: 1.658754  [  256/  678]
loss: 1.709745  [  448/  678]
loss: 1.108963  [  640/  678]
Average Training Loss: 0.543782
Val Loss: 3.3304 | C-index: 0.5072

Epoch 10
-------------------------------
loss: 1.068588  [   64/  678]
loss: 1.104566  [  256/  678]
loss: 1.569690  [  448/  678]
loss: 1.062677  [  640/  678]
Average Training Loss: 0.436866
Val Loss: 3.3719 | C-index: 0.5912

Stopping early at Epoch 10 since no C-Index improvement after 5 epochs.
Done!
Best C-Index = 0.6937370956641431 at Epoch 5

=========================================
FOLD 4/5
=========================================

Epoch 1
-------------------------------
loss: 3.250628  [   64/  678]
loss: 2.720550  [  256/  678]
loss: 2.872575  [  448/  678]
loss: 2.817365  [  640/  678]
Average Training Loss: 1.060102
Val Loss: 2.8949 | C-index: 0.4754

Epoch 2
-------------------------------
loss: 3.047186  [   64/  678]
loss: 2.940295  [  256/  678]
loss: 3.346844  [  448/  678]
loss: 2.137069  [  640/  678]
Average Training Loss: 1.042854
Val Loss: 2.9518 | C-index: 0.4609

Epoch 3
-------------------------------
loss: 3.148989  [   64/  678]
loss: 2.542320  [  256/  678]
loss: 2.616268  [  448/  678]
loss: 2.984957  [  640/  678]
Average Training Loss: 1.026594
Val Loss: 2.9715 | C-index: 0.4957

Epoch 4
-------------------------------
loss: 2.497084  [   64/  678]
loss: 2.058605  [  256/  678]
loss: 2.046077  [  448/  678]
loss: 2.735946  [  640/  678]
Average Training Loss: 0.848883
Val Loss: 2.9685 | C-index: 0.5258

Epoch 5
-------------------------------
loss: 1.785909  [   64/  678]
loss: 1.727594  [  256/  678]
loss: 2.004505  [  448/  678]
loss: 1.582401  [  640/  678]
Average Training Loss: 0.645492
Val Loss: 2.9180 | C-index: 0.6029

Epoch 6
-------------------------------
loss: 1.541807  [   64/  678]
loss: 1.813549  [  256/  678]
loss: 2.454120  [  448/  678]
loss: 1.086144  [  640/  678]
Average Training Loss: 0.626875
Val Loss: 3.2932 | C-index: 0.5635

Epoch 7
-------------------------------
loss: 1.450407  [   64/  678]
loss: 0.889221  [  256/  678]
loss: 2.123277  [  448/  678]
loss: 1.248480  [  640/  678]
Average Training Loss: 0.519217
Val Loss: 3.1208 | C-index: 0.6214

Epoch 8
-------------------------------
loss: 1.196994  [   64/  678]
loss: 1.561905  [  256/  678]
loss: 1.522433  [  448/  678]
loss: 1.572475  [  640/  678]
Average Training Loss: 0.532164
Val Loss: 3.6186 | C-index: 0.4423

Epoch 9
-------------------------------
loss: 1.378272  [   64/  678]
loss: 2.516570  [  256/  678]
loss: 1.560191  [  448/  678]
loss: 1.240360  [  640/  678]
Average Training Loss: 0.608672
Val Loss: 3.1952 | C-index: 0.6029

Epoch 10
-------------------------------
loss: 2.027038  [   64/  678]
loss: 1.348733  [  256/  678]
loss: 0.872056  [  448/  678]
loss: 1.288691  [  640/  678]
Average Training Loss: 0.503320
Val Loss: 3.0837 | C-index: 0.6017

Epoch 11
-------------------------------
loss: 0.795055  [   64/  678]
loss: 0.725407  [  256/  678]
loss: 0.933943  [  448/  678]
loss: 1.621787  [  640/  678]
Average Training Loss: 0.370563
Val Loss: 3.2459 | C-index: 0.6122

Epoch 12
-------------------------------
loss: 1.260988  [   64/  678]
loss: 1.267898  [  256/  678]
loss: 1.682957  [  448/  678]
loss: 1.796935  [  640/  678]
Average Training Loss: 0.546252
Val Loss: 3.7046 | C-index: 0.5762

Stopping early at Epoch 12 since no C-Index improvement after 5 epochs.
Done!
Best C-Index = 0.6214492753623189 at Epoch 7

=========================================
FOLD 5/5
=========================================

Epoch 1
-------------------------------
loss: 3.244057  [   64/  678]
loss: 2.989852  [  256/  678]
loss: 3.445326  [  448/  678]
loss: 2.732791  [  640/  678]
Average Training Loss: 1.128366
Val Loss: 2.8278 | C-index: 0.5709

Epoch 2
-------------------------------
loss: 3.065223  [   64/  678]
loss: 2.157253  [  256/  678]
loss: 3.325462  [  448/  678]
loss: 3.182517  [  640/  678]
Average Training Loss: 1.066405
Val Loss: 2.8431 | C-index: 0.5962

Epoch 3
-------------------------------
loss: 2.688712  [   64/  678]
loss: 2.580034  [  256/  678]
loss: 2.717939  [  448/  678]
loss: 3.141969  [  640/  678]
Average Training Loss: 1.011696
Val Loss: 2.7840 | C-index: 0.6192

Epoch 4
-------------------------------
loss: 2.609429  [   64/  678]
loss: 2.387466  [  256/  678]
loss: 1.754461  [  448/  678]
loss: 2.329270  [  640/  678]
Average Training Loss: 0.825512
Val Loss: 2.9019 | C-index: 0.5850

Epoch 5
-------------------------------
loss: 1.868740  [   64/  678]
loss: 1.885419  [  256/  678]
loss: 1.612583  [  448/  678]
loss: 1.608860  [  640/  678]
Average Training Loss: 0.634146
Val Loss: 2.9325 | C-index: 0.5838

Epoch 6
-------------------------------
loss: 1.792789  [   64/  678]
loss: 1.873427  [  256/  678]
loss: 1.838768  [  448/  678]
loss: 1.654008  [  640/  678]
Average Training Loss: 0.650817
Val Loss: 3.0819 | C-index: 0.5693

Epoch 7
-------------------------------
loss: 1.040105  [   64/  678]
loss: 1.092914  [  256/  678]
loss: 1.303955  [  448/  678]
loss: 1.610748  [  640/  678]
Average Training Loss: 0.458884
Val Loss: 3.8000 | C-index: 0.5799

Epoch 8
-------------------------------
loss: 1.675579  [   64/  678]
loss: 1.071831  [  256/  678]
loss: 1.839953  [  448/  678]
loss: 1.917944  [  640/  678]
Average Training Loss: 0.591391
Val Loss: 3.6283 | C-index: 0.6113

Stopping early at Epoch 8 since no C-Index improvement after 5 epochs.
Done!
Best C-Index = 0.6191811553561414 at Epoch 3

=========================================
CV training complete! Mean ± std C-index: 0.6310 ± 0.0630
Best epochs per fold: [2, 9, 5, 7, 3]

=========================================
Retraining model on full train+val for 5 epochs...
Epoch 1
-------------------------------
loss: 3.032422  [   64/  847]
loss: 2.733451  [  320/  847]
loss: 2.394978  [  576/  847]
loss: 3.033001  [  832/  847]
Average Training Loss: 0.799561
Val Loss: 2.7275 | C-index: 0.6894

Epoch 2
-------------------------------
loss: 2.501771  [   64/  847]
loss: 2.580960  [  320/  847]
loss: 2.818414  [  576/  847]
loss: 3.082059  [  832/  847]
Average Training Loss: 0.784515
Val Loss: 2.5134 | C-index: 0.7767

Epoch 3
-------------------------------
loss: 2.228526  [   64/  847]
loss: 2.477158  [  320/  847]
loss: 2.636162  [  576/  847]
loss: 2.327259  [  832/  847]
Average Training Loss: 0.690650
Val Loss: 2.1123 | C-index: 0.8866

Epoch 4
-------------------------------
loss: 2.569742  [   64/  847]
loss: 2.112195  [  320/  847]
loss: 2.184367  [  576/  847]
loss: 2.607287  [  832/  847]
Average Training Loss: 0.676685
Val Loss: 1.8034 | C-index: 0.9173

Epoch 5
-------------------------------
loss: 2.212118  [   64/  847]
loss: 1.930233  [  320/  847]
loss: 2.408469  [  576/  847]
loss: 1.541073  [  832/  847]
Average Training Loss: 0.577992
Val Loss: 1.4513 | C-index: 0.9302

Done!
Best C-Index = 0.930177253671333 at Epoch 5
FINAL TEST Average Loss: 2.5623
FINAL TEST C-index: 0.7646
Bootstrap 95% CI: [0.6828, 0.8386]
Results saved to /Users/evan/Documents/GitHub/HyBINN/experiments/runs/gene_only/seed_4/results.json
