train_hybinn.py log started 2026-06-17 01:20:42.076332
=========================================
Model Active Branches: ['gene', 'clinical']
=========================================

=========================================
FOLD 1/5
=========================================

Epoch 1
-------------------------------
loss: 2.496340  [   64/  677]
loss: 2.577581  [  256/  677]
loss: 3.093338  [  448/  677]
loss: 2.786380  [  640/  677]
Average Training Loss: 0.995785
Val Loss: 3.0846 | C-index: 0.4397

Epoch 2
-------------------------------
loss: 3.376175  [   64/  677]
loss: 2.950159  [  256/  677]
loss: 2.958801  [  448/  677]
loss: 2.822477  [  640/  677]
Average Training Loss: 1.100692
Val Loss: 3.0322 | C-index: 0.4978

Epoch 3
-------------------------------
loss: 2.969787  [   64/  677]
loss: 2.849663  [  256/  677]
loss: 2.735260  [  448/  677]
loss: 3.438271  [  640/  677]
Average Training Loss: 1.090271
Val Loss: 2.9262 | C-index: 0.6576

Epoch 4
-------------------------------
loss: 2.431664  [   64/  677]
loss: 2.902670  [  256/  677]
loss: 2.332170  [  448/  677]
loss: 2.110956  [  640/  677]
Average Training Loss: 0.888860
Val Loss: 2.9527 | C-index: 0.6754

Epoch 5
-------------------------------
loss: 2.604790  [   64/  677]
loss: 2.072419  [  256/  677]
loss: 2.589280  [  448/  677]
loss: 1.939906  [  640/  677]
Average Training Loss: 0.836945
Val Loss: 2.7887 | C-index: 0.7325

Epoch 6
-------------------------------
loss: 1.648861  [   64/  677]
loss: 2.175167  [  256/  677]
loss: 1.981866  [  448/  677]
loss: 1.627340  [  640/  677]
Average Training Loss: 0.675749
Val Loss: 3.1714 | C-index: 0.5638

Epoch 7
-------------------------------
loss: 1.635251  [   64/  677]
loss: 1.500364  [  256/  677]
loss: 1.345456  [  448/  677]
loss: 1.548020  [  640/  677]
Average Training Loss: 0.548099
Val Loss: 3.3357 | C-index: 0.6055

Epoch 8
-------------------------------
loss: 1.029686  [   64/  677]
loss: 1.326519  [  256/  677]
loss: 0.650076  [  448/  677]
loss: 1.254843  [  640/  677]
Average Training Loss: 0.387375
Val Loss: 3.0635 | C-index: 0.7424

Epoch 9
-------------------------------
loss: 1.283155  [   64/  677]
loss: 1.125722  [  256/  677]
loss: 0.763166  [  448/  677]
loss: 1.023520  [  640/  677]
Average Training Loss: 0.381415
Val Loss: 3.6654 | C-index: 0.5687

Epoch 10
-------------------------------
loss: 1.071226  [   64/  677]
loss: 1.842242  [  256/  677]
loss: 1.830250  [  448/  677]
loss: 1.421163  [  640/  677]
Average Training Loss: 0.560444
Val Loss: 3.0486 | C-index: 0.7067

Epoch 11
-------------------------------
loss: 1.265572  [   64/  677]
loss: 1.757327  [  256/  677]
loss: 1.009688  [  448/  677]
loss: 1.356066  [  640/  677]
Average Training Loss: 0.489878
Val Loss: 3.1720 | C-index: 0.6854

Epoch 12
-------------------------------
loss: 1.932999  [   64/  677]
loss: 1.381672  [  256/  677]
loss: 1.166810  [  448/  677]
loss: 1.485698  [  640/  677]
Average Training Loss: 0.542471
Val Loss: 2.9836 | C-index: 0.6873

Epoch 13
-------------------------------
loss: 1.082539  [   64/  677]
loss: 0.908102  [  256/  677]
loss: 1.661420  [  448/  677]
loss: 1.151013  [  640/  677]
Average Training Loss: 0.436643
Val Loss: 3.1080 | C-index: 0.6382

Stopping early at Epoch 13 since no C-Index improvement after 5 epochs.
Done!
Best C-Index = 0.7424317617866005 at Epoch 8

=========================================
FOLD 2/5
=========================================

Epoch 1
-------------------------------
loss: 3.470785  [   64/  677]
loss: 2.895692  [  256/  677]
loss: 3.492391  [  448/  677]
loss: 2.705237  [  640/  677]
Average Training Loss: 1.142191
Val Loss: 2.5990 | C-index: 0.5317

Epoch 2
-------------------------------
loss: 2.666862  [   64/  677]
loss: 2.019780  [  256/  677]
loss: 3.245833  [  448/  677]
loss: 2.833691  [  640/  677]
Average Training Loss: 0.978742
Val Loss: 2.5827 | C-index: 0.5699

Epoch 3
-------------------------------
loss: 3.424920  [   64/  677]
loss: 2.923766  [  256/  677]
loss: 2.711742  [  448/  677]
loss: 2.722380  [  640/  677]
Average Training Loss: 1.071164
Val Loss: 2.5465 | C-index: 0.6127

Epoch 4
-------------------------------
loss: 2.146916  [   64/  677]
loss: 2.833005  [  256/  677]
loss: 2.305872  [  448/  677]
loss: 2.490995  [  640/  677]
Average Training Loss: 0.888799
Val Loss: 2.5394 | C-index: 0.6332

Epoch 5
-------------------------------
loss: 1.772135  [   64/  677]
loss: 2.265363  [  256/  677]
loss: 2.596985  [  448/  677]
loss: 2.098212  [  640/  677]
Average Training Loss: 0.793881
Val Loss: 2.5598 | C-index: 0.6532

Epoch 6
-------------------------------
loss: 2.050359  [   64/  677]
loss: 1.683966  [  256/  677]
loss: 2.100307  [  448/  677]
loss: 2.106046  [  640/  677]
Average Training Loss: 0.721880
Val Loss: 3.2138 | C-index: 0.6303

Epoch 7
-------------------------------
loss: 2.052799  [   64/  677]
loss: 1.224561  [  256/  677]
loss: 1.707892  [  448/  677]
loss: 2.008962  [  640/  677]
Average Training Loss: 0.635838
Val Loss: 3.1758 | C-index: 0.6178

Epoch 8
-------------------------------
loss: 1.879759  [   64/  677]
loss: 1.405417  [  256/  677]
loss: 2.230430  [  448/  677]
loss: 1.419987  [  640/  677]
Average Training Loss: 0.630508
Val Loss: 3.1783 | C-index: 0.6549

Epoch 9
-------------------------------
loss: 1.081040  [   64/  677]
loss: 1.265843  [  256/  677]
loss: 1.651613  [  448/  677]
loss: 1.715316  [  640/  677]
Average Training Loss: 0.519437
Val Loss: 3.2334 | C-index: 0.6395

Epoch 10
-------------------------------
loss: 1.482448  [   64/  677]
loss: 1.097841  [  256/  677]
loss: 0.859127  [  448/  677]
loss: 1.486230  [  640/  677]
Average Training Loss: 0.447786
Val Loss: 3.3674 | C-index: 0.6982

Epoch 11
-------------------------------
loss: 1.482033  [   64/  677]
loss: 1.217409  [  256/  677]
loss: 1.629726  [  448/  677]
loss: 1.078377  [  640/  677]
Average Training Loss: 0.491595
Val Loss: 3.2961 | C-index: 0.6663

Epoch 12
-------------------------------
loss: 0.923650  [   64/  677]
loss: 0.877878  [  256/  677]
loss: 1.967436  [  448/  677]
loss: 0.836869  [  640/  677]
Average Training Loss: 0.418712
Val Loss: 3.4691 | C-index: 0.6805

Epoch 13
-------------------------------
loss: 1.056363  [   64/  677]
loss: 2.028125  [  256/  677]
loss: 0.303106  [  448/  677]
loss: 1.796522  [  640/  677]
Average Training Loss: 0.471283
Val Loss: 3.0387 | C-index: 0.6834

Epoch 14
-------------------------------
loss: 0.578172  [   64/  677]
loss: 1.492991  [  256/  677]
loss: 1.078067  [  448/  677]
loss: 1.302818  [  640/  677]
Average Training Loss: 0.404732
Val Loss: 3.3196 | C-index: 0.6663

Epoch 15
-------------------------------
loss: 2.023637  [   64/  677]
loss: 1.044703  [  256/  677]
loss: 0.612234  [  448/  677]
loss: 2.840793  [  640/  677]
Average Training Loss: 0.592852
Val Loss: 3.1818 | C-index: 0.6349

Stopping early at Epoch 15 since no C-Index improvement after 5 epochs.
Done!
Best C-Index = 0.6982316029663435 at Epoch 10

=========================================
FOLD 3/5
=========================================

Epoch 1
-------------------------------
loss: 2.707329  [   64/  678]
loss: 2.939391  [  256/  678]
loss: 2.943475  [  448/  678]
loss: 3.230422  [  640/  678]
Average Training Loss: 1.074602
Val Loss: 3.0381 | C-index: 0.5524

Epoch 2
-------------------------------
loss: 3.368632  [   64/  678]
loss: 2.881238  [  256/  678]
loss: 3.099277  [  448/  678]
loss: 3.394583  [  640/  678]
Average Training Loss: 1.158521
Val Loss: 3.0605 | C-index: 0.5618

Epoch 3
-------------------------------
loss: 3.006881  [   64/  678]
loss: 2.681955  [  256/  678]
loss: 3.087997  [  448/  678]
loss: 3.152555  [  640/  678]
Average Training Loss: 1.084490
Val Loss: 3.0579 | C-index: 0.5922

Epoch 4
-------------------------------
loss: 2.432382  [   64/  678]
loss: 2.313163  [  256/  678]
loss: 2.722124  [  448/  678]
loss: 1.911509  [  640/  678]
Average Training Loss: 0.852653
Val Loss: 3.1328 | C-index: 0.5755

Epoch 5
-------------------------------
loss: 2.139558  [   64/  678]
loss: 1.991328  [  256/  678]
loss: 2.131940  [  448/  678]
loss: 1.361911  [  640/  678]
Average Training Loss: 0.693158
Val Loss: 3.3031 | C-index: 0.6017

Epoch 6
-------------------------------
loss: 1.810327  [   64/  678]
loss: 1.452160  [  256/  678]
loss: 1.630938  [  448/  678]
loss: 1.502803  [  640/  678]
Average Training Loss: 0.581475
Val Loss: 3.5582 | C-index: 0.5849

Epoch 7
-------------------------------
loss: 1.956973  [   64/  678]
loss: 1.480736  [  256/  678]
loss: 1.729017  [  448/  678]
loss: 1.510637  [  640/  678]
Average Training Loss: 0.607033
Val Loss: 3.6134 | C-index: 0.6017

Epoch 8
-------------------------------
loss: 1.480811  [   64/  678]
loss: 1.182894  [  256/  678]
loss: 1.203770  [  448/  678]
loss: 1.220408  [  640/  678]
Average Training Loss: 0.462535
Val Loss: 3.6993 | C-index: 0.5917

Epoch 9
-------------------------------
loss: 1.686468  [   64/  678]
loss: 0.668677  [  256/  678]
loss: 1.164914  [  448/  678]
loss: 2.037699  [  640/  678]
Average Training Loss: 0.505251
Val Loss: 4.0220 | C-index: 0.5802

Epoch 10
-------------------------------
loss: 1.881781  [   64/  678]
loss: 0.813259  [  256/  678]
loss: 1.276060  [  448/  678]
loss: 1.395164  [  640/  678]
Average Training Loss: 0.487842
Val Loss: 3.6510 | C-index: 0.5702

Stopping early at Epoch 10 since no C-Index improvement after 5 epochs.
Done!
Best C-Index = 0.6016771488469602 at Epoch 5

=========================================
FOLD 4/5
=========================================

Epoch 1
-------------------------------
loss: 3.085413  [   64/  678]
loss: 2.806978  [  256/  678]
loss: 3.021372  [  448/  678]
loss: 2.963784  [  640/  678]
Average Training Loss: 1.079777
Val Loss: 2.2096 | C-index: 0.7672

Epoch 2
-------------------------------
loss: 3.059306  [   64/  678]
loss: 3.143358  [  256/  678]
loss: 3.137884  [  448/  678]
loss: 3.363971  [  640/  678]
Average Training Loss: 1.154956
Val Loss: 2.2015 | C-index: 0.7536

Epoch 3
-------------------------------
loss: 2.751037  [   64/  678]
loss: 2.534489  [  256/  678]
loss: 3.251537  [  448/  678]
loss: 2.996860  [  640/  678]
Average Training Loss: 1.048538
Val Loss: 2.1844 | C-index: 0.7074

Epoch 4
-------------------------------
loss: 2.807167  [   64/  678]
loss: 3.058965  [  256/  678]
loss: 2.761054  [  448/  678]
loss: 2.539775  [  640/  678]
Average Training Loss: 1.015178
Val Loss: 2.1389 | C-index: 0.6966

Epoch 5
-------------------------------
loss: 2.324726  [   64/  678]
loss: 2.018658  [  256/  678]
loss: 2.431700  [  448/  678]
loss: 2.147045  [  640/  678]
Average Training Loss: 0.811103
Val Loss: 2.0775 | C-index: 0.7120

Epoch 6
-------------------------------
loss: 1.951920  [   64/  678]
loss: 2.290362  [  256/  678]
loss: 1.691382  [  448/  678]
loss: 1.895082  [  640/  678]
Average Training Loss: 0.711704
Val Loss: 2.7728 | C-index: 0.5743

Stopping early at Epoch 6 since no C-Index improvement after 5 epochs.
Done!
Best C-Index = 0.7672101449275363 at Epoch 1

=========================================
FOLD 5/5
=========================================

Epoch 1
-------------------------------
loss: 1.884832  [   64/  678]
loss: 3.452630  [  256/  678]
loss: 2.625752  [  448/  678]
loss: 2.641997  [  640/  678]
Average Training Loss: 0.964110
Val Loss: 2.8730 | C-index: 0.6171

Epoch 2
-------------------------------
loss: 2.665246  [   64/  678]
loss: 2.778452  [  256/  678]
loss: 2.933421  [  448/  678]
loss: 2.763268  [  640/  678]
Average Training Loss: 1.012762
Val Loss: 2.8366 | C-index: 0.5932

Epoch 3
-------------------------------
loss: 2.547254  [   64/  678]
loss: 2.785110  [  256/  678]
loss: 3.018882  [  448/  678]
loss: 2.891461  [  640/  678]
Average Training Loss: 1.022064
Val Loss: 2.8539 | C-index: 0.6607

Epoch 4
-------------------------------
loss: 2.724890  [   64/  678]
loss: 2.571769  [  256/  678]
loss: 1.801644  [  448/  678]
loss: 2.300052  [  640/  678]
Average Training Loss: 0.854396
Val Loss: 2.9687 | C-index: 0.6057

Epoch 5
-------------------------------
loss: 1.457074  [   64/  678]
loss: 1.529329  [  256/  678]
loss: 2.000094  [  448/  678]
loss: 2.327427  [  640/  678]
Average Training Loss: 0.664902
Val Loss: 2.9101 | C-index: 0.6177

Epoch 6
-------------------------------
loss: 1.698296  [   64/  678]
loss: 1.632501  [  256/  678]
loss: 1.787986  [  448/  678]
loss: 1.329092  [  640/  678]
Average Training Loss: 0.586170
Val Loss: 2.8066 | C-index: 0.6595

Epoch 7
-------------------------------
loss: 1.195496  [   64/  678]
loss: 1.217203  [  256/  678]
loss: 1.260632  [  448/  678]
loss: 1.806009  [  640/  678]
Average Training Loss: 0.498122
Val Loss: 3.6893 | C-index: 0.6726

Epoch 8
-------------------------------
loss: 1.270858  [   64/  678]
loss: 1.960888  [  256/  678]
loss: 1.373420  [  448/  678]
loss: 1.156214  [  640/  678]
Average Training Loss: 0.523762
Val Loss: 3.3285 | C-index: 0.6583

Epoch 9
-------------------------------
loss: 1.080502  [   64/  678]
loss: 1.997701  [  256/  678]
loss: 1.648659  [  448/  678]
loss: 1.548102  [  640/  678]
Average Training Loss: 0.570451
Val Loss: 3.1112 | C-index: 0.6541

Epoch 10
-------------------------------
loss: 1.628855  [   64/  678]
loss: 2.310439  [  256/  678]
loss: 1.202361  [  448/  678]
loss: 1.215556  [  640/  678]
Average Training Loss: 0.577928
Val Loss: 3.7553 | C-index: 0.6553

Epoch 11
-------------------------------
loss: 1.650460  [   64/  678]
loss: 0.779042  [  256/  678]
loss: 1.222392  [  448/  678]
loss: 1.077844  [  640/  678]
Average Training Loss: 0.429976
Val Loss: 3.1072 | C-index: 0.5759

Epoch 12
-------------------------------
loss: 1.044424  [   64/  678]
loss: 1.078883  [  256/  678]
loss: 1.121849  [  448/  678]
loss: 1.235538  [  640/  678]
Average Training Loss: 0.407336
Val Loss: 3.4717 | C-index: 0.6756

Epoch 13
-------------------------------
loss: 0.789026  [   64/  678]
loss: 1.399983  [  256/  678]
loss: 0.810205  [  448/  678]
loss: 1.343726  [  640/  678]
Average Training Loss: 0.394813
Val Loss: 3.4825 | C-index: 0.6183

Epoch 14
-------------------------------
loss: 1.002608  [   64/  678]
loss: 0.858313  [  256/  678]
loss: 1.141275  [  448/  678]
loss: 1.685516  [  640/  678]
Average Training Loss: 0.426156
Val Loss: 3.6005 | C-index: 0.5914

Epoch 15
-------------------------------
loss: 1.372941  [   64/  678]
loss: 0.952488  [  256/  678]
loss: 0.989374  [  448/  678]
loss: 0.973613  [  640/  678]
Average Training Loss: 0.389856
Val Loss: 3.5170 | C-index: 0.6697

Epoch 16
-------------------------------
loss: 0.988427  [   64/  678]
loss: 0.637251  [  256/  678]
loss: 2.207080  [  448/  678]
loss: 1.335184  [  640/  678]
Average Training Loss: 0.469813
Val Loss: 3.5596 | C-index: 0.6649

Epoch 17
-------------------------------
loss: 0.869807  [   64/  678]
loss: 0.901975  [  256/  678]
loss: 0.791723  [  448/  678]
loss: 1.418987  [  640/  678]
Average Training Loss: 0.362045
Val Loss: 3.2720 | C-index: 0.6726

Stopping early at Epoch 17 since no C-Index improvement after 5 epochs.
Done!
Best C-Index = 0.6756272401433692 at Epoch 12

=========================================
CV training complete! Mean ± std C-index: 0.6970 ± 0.0575
Best epochs per fold: [8, 10, 5, 1, 12]

=========================================
Retraining model on full train+val for 7 epochs...
Epoch 1
-------------------------------
loss: 2.528030  [   64/  847]
loss: 2.986898  [  320/  847]
loss: 3.010982  [  576/  847]
loss: 3.345984  [  832/  847]
Average Training Loss: 0.847992
Val Loss: 2.8529 | C-index: 0.6775

Epoch 2
-------------------------------
loss: 3.056791  [   64/  847]
loss: 3.276971  [  320/  847]
loss: 2.521825  [  576/  847]
loss: 2.775534  [  832/  847]
Average Training Loss: 0.830794
Val Loss: 2.6918 | C-index: 0.7821

Epoch 3
-------------------------------
loss: 3.107536  [   64/  847]
loss: 2.595162  [  320/  847]
loss: 2.689739  [  576/  847]
loss: 2.872048  [  832/  847]
Average Training Loss: 0.804606
Val Loss: 2.3530 | C-index: 0.8668

Epoch 4
-------------------------------
loss: 2.332494  [   64/  847]
loss: 2.115621  [  320/  847]
loss: 2.579471  [  576/  847]
loss: 2.330362  [  832/  847]
Average Training Loss: 0.668425
Val Loss: 1.7666 | C-index: 0.9293

Epoch 5
-------------------------------
loss: 2.229792  [   64/  847]
loss: 2.007870  [  320/  847]
loss: 1.640303  [  576/  847]
loss: 1.925906  [  832/  847]
Average Training Loss: 0.557419
Val Loss: 1.5788 | C-index: 0.9460

Epoch 6
-------------------------------
loss: 1.613168  [   64/  847]
loss: 2.346292  [  320/  847]
loss: 1.663666  [  576/  847]
loss: 1.271733  [  832/  847]
Average Training Loss: 0.492490
Val Loss: 1.3987 | C-index: 0.9521

Epoch 7
-------------------------------
loss: 1.884410  [   64/  847]
loss: 1.924758  [  320/  847]
loss: 1.258044  [  576/  847]
loss: 1.422328  [  832/  847]
Average Training Loss: 0.463539
Val Loss: 1.4175 | C-index: 0.9429

Done!
Best C-Index = 0.9520528617786765 at Epoch 6
FINAL TEST Average Loss: 2.8429
FINAL TEST C-index: 0.6037
Bootstrap 95% CI: [0.4693, 0.7442]
Results saved to /Users/evan/Documents/GitHub/HyBINN/experiments/runs/gene_clinical/seed_3/results.json
