train_hybinn.py log started 2026-06-05 21:41:11.296593
=========================================
Model Active Branches: ['binn', 'clinical']
=========================================

=========================================
FOLD 1/5
=========================================

Epoch 1
-------------------------------
loss: 2.681962  [   64/  677]
loss: 2.802528  [  256/  677]
loss: 2.502190  [  448/  677]
loss: 2.975134  [  640/  677]
Average Training Loss: 0.996529
Val Loss: 2.7526 | C-index: 0.4917

Epoch 2
-------------------------------
loss: 3.231773  [   64/  677]
loss: 3.063698  [  256/  677]
loss: 3.182404  [  448/  677]
loss: 2.801300  [  640/  677]
Average Training Loss: 1.116289
Val Loss: 2.7523 | C-index: 0.4838

Epoch 3
-------------------------------
loss: 2.391557  [   64/  677]
loss: 3.112973  [  256/  677]
loss: 3.097358  [  448/  677]
loss: 3.361457  [  640/  677]
Average Training Loss: 1.087577
Val Loss: 2.7483 | C-index: 0.5076

Epoch 4
-------------------------------
loss: 3.228130  [   64/  677]
loss: 2.688976  [  256/  677]
loss: 2.909988  [  448/  677]
loss: 3.157732  [  640/  677]
Average Training Loss: 1.089530
Val Loss: 2.7305 | C-index: 0.5559

Epoch 5
-------------------------------
loss: 2.648877  [   64/  677]
loss: 2.742353  [  256/  677]
loss: 2.303628  [  448/  677]
loss: 3.424372  [  640/  677]
Average Training Loss: 1.010839
Val Loss: 2.7107 | C-index: 0.5705

Epoch 6
-------------------------------
loss: 2.647352  [   64/  677]
loss: 2.749890  [  256/  677]
loss: 2.766407  [  448/  677]
loss: 2.755035  [  640/  677]
Average Training Loss: 0.992608
Val Loss: 2.6547 | C-index: 0.6433

Epoch 7
-------------------------------
loss: 2.957847  [   64/  677]
loss: 2.648321  [  256/  677]
loss: 2.894274  [  448/  677]
loss: 2.391082  [  640/  677]
Average Training Loss: 0.990139
Val Loss: 2.6053 | C-index: 0.6949

Epoch 8
-------------------------------
loss: 2.257736  [   64/  677]
loss: 2.631565  [  256/  677]
loss: 2.764548  [  448/  677]
loss: 2.694965  [  640/  677]
Average Training Loss: 0.940801
Val Loss: 2.5936 | C-index: 0.6777

Epoch 9
-------------------------------
loss: 2.938714  [   64/  677]
loss: 2.066711  [  256/  677]
loss: 2.136461  [  448/  677]
loss: 2.286008  [  640/  677]
Average Training Loss: 0.857081
Val Loss: 2.5676 | C-index: 0.7174

Epoch 10
-------------------------------
loss: 2.241777  [   64/  677]
loss: 2.354359  [  256/  677]
loss: 2.234141  [  448/  677]
loss: 2.783267  [  640/  677]
Average Training Loss: 0.873958
Val Loss: 2.5571 | C-index: 0.7392

Epoch 11
-------------------------------
loss: 2.620275  [   64/  677]
loss: 2.804526  [  256/  677]
loss: 2.756986  [  448/  677]
loss: 2.281299  [  640/  677]
Average Training Loss: 0.951190
Val Loss: 2.6221 | C-index: 0.6645

Epoch 12
-------------------------------
loss: 2.149422  [   64/  677]
loss: 2.425245  [  256/  677]
loss: 2.558154  [  448/  677]
loss: 2.681014  [  640/  677]
Average Training Loss: 0.892167
Val Loss: 2.5951 | C-index: 0.7280

Epoch 13
-------------------------------
loss: 2.395864  [   64/  677]
loss: 2.687621  [  256/  677]
loss: 2.408523  [  448/  677]
loss: 2.670453  [  640/  677]
Average Training Loss: 0.923860
Val Loss: 2.6158 | C-index: 0.6770

Epoch 14
-------------------------------
loss: 2.889214  [   64/  677]
loss: 2.259721  [  256/  677]
loss: 2.456068  [  448/  677]
loss: 2.474462  [  640/  677]
Average Training Loss: 0.916315
Val Loss: 2.6337 | C-index: 0.7293

Epoch 15
-------------------------------
loss: 2.234639  [   64/  677]
loss: 2.302448  [  256/  677]
loss: 2.375358  [  448/  677]
loss: 2.761583  [  640/  677]
Average Training Loss: 0.879457
Val Loss: 2.5968 | C-index: 0.7379

Stopping early at Epoch 15 since no C-Index improvement after 5 epochs.
Done!
Best C-Index = 0.7392455327597618 at Epoch 10

=========================================
FOLD 2/5
=========================================

Epoch 1
-------------------------------
loss: 2.663349  [   64/  677]
loss: 2.805210  [  256/  677]
loss: 2.786981  [  448/  677]
loss: 2.982424  [  640/  677]
Average Training Loss: 1.021633
Val Loss: 2.8640 | C-index: 0.5332

Epoch 2
-------------------------------
loss: 3.270561  [   64/  677]
loss: 3.477294  [  256/  677]
loss: 3.054988  [  448/  677]
loss: 2.834918  [  640/  677]
Average Training Loss: 1.148887
Val Loss: 2.8626 | C-index: 0.5318

Epoch 3
-------------------------------
loss: 2.974888  [   64/  677]
loss: 2.691438  [  256/  677]
loss: 3.153273  [  448/  677]
loss: 2.841753  [  640/  677]
Average Training Loss: 1.060123
Val Loss: 2.8448 | C-index: 0.6082

Epoch 4
-------------------------------
loss: 2.864839  [   64/  677]
loss: 3.058572  [  256/  677]
loss: 3.169194  [  448/  677]
loss: 2.970927  [  640/  677]
Average Training Loss: 1.096685
Val Loss: 2.7976 | C-index: 0.6430

Epoch 5
-------------------------------
loss: 3.021794  [   64/  677]
loss: 3.221941  [  256/  677]
loss: 2.661122  [  448/  677]
loss: 2.649078  [  640/  677]
Average Training Loss: 1.050358
Val Loss: 2.7668 | C-index: 0.6631

Epoch 6
-------------------------------
loss: 2.606518  [   64/  677]
loss: 2.733468  [  256/  677]
loss: 3.041854  [  448/  677]
loss: 3.005866  [  640/  677]
Average Training Loss: 1.035246
Val Loss: 2.7484 | C-index: 0.6544

Epoch 7
-------------------------------
loss: 2.928676  [   64/  677]
loss: 2.317587  [  256/  677]
loss: 3.006458  [  448/  677]
loss: 2.523430  [  640/  677]
Average Training Loss: 0.979650
Val Loss: 2.7718 | C-index: 0.6490

Epoch 8
-------------------------------
loss: 2.837903  [   64/  677]
loss: 2.546767  [  256/  677]
loss: 2.686166  [  448/  677]
loss: 2.441479  [  640/  677]
Average Training Loss: 0.955665
Val Loss: 2.7181 | C-index: 0.6825

Epoch 9
-------------------------------
loss: 2.472616  [   64/  677]
loss: 2.633081  [  256/  677]
loss: 2.537076  [  448/  677]
loss: 2.709971  [  640/  677]
Average Training Loss: 0.941159
Val Loss: 2.6688 | C-index: 0.7261

Epoch 10
-------------------------------
loss: 2.228629  [   64/  677]
loss: 2.528896  [  256/  677]
loss: 2.546032  [  448/  677]
loss: 2.678270  [  640/  677]
Average Training Loss: 0.907439
Val Loss: 2.6794 | C-index: 0.7214

Epoch 11
-------------------------------
loss: 2.589024  [   64/  677]
loss: 2.851795  [  256/  677]
loss: 2.817740  [  448/  677]
loss: 2.496461  [  640/  677]
Average Training Loss: 0.977729
Val Loss: 2.6144 | C-index: 0.7361

Epoch 12
-------------------------------
loss: 2.326663  [   64/  677]
loss: 2.672066  [  256/  677]
loss: 2.574139  [  448/  677]
loss: 2.039841  [  640/  677]
Average Training Loss: 0.873883
Val Loss: 2.6265 | C-index: 0.7428

Epoch 13
-------------------------------
loss: 2.718828  [   64/  677]
loss: 2.702171  [  256/  677]
loss: 2.653922  [  448/  677]
loss: 2.382517  [  640/  677]
Average Training Loss: 0.950676
Val Loss: 2.6235 | C-index: 0.7495

Epoch 14
-------------------------------
loss: 2.525479  [   64/  677]
loss: 2.307078  [  256/  677]
loss: 2.499697  [  448/  677]
loss: 2.353397  [  640/  677]
Average Training Loss: 0.880514
Val Loss: 2.6726 | C-index: 0.6993

Epoch 15
-------------------------------
loss: 1.927471  [   64/  677]
loss: 2.447465  [  256/  677]
loss: 2.563756  [  448/  677]
loss: 2.330960  [  640/  677]
Average Training Loss: 0.842696
Val Loss: 2.5810 | C-index: 0.7448

Epoch 16
-------------------------------
loss: 2.438722  [   64/  677]
loss: 2.380865  [  256/  677]
loss: 2.040002  [  448/  677]
loss: 2.719900  [  640/  677]
Average Training Loss: 0.870863
Val Loss: 2.5488 | C-index: 0.7589

Epoch 17
-------------------------------
loss: 2.360792  [   64/  677]
loss: 2.742588  [  256/  677]
loss: 2.788108  [  448/  677]
loss: 2.252795  [  640/  677]
Average Training Loss: 0.922208
Val Loss: 2.5651 | C-index: 0.7515

Epoch 18
-------------------------------
loss: 2.119336  [   64/  677]
loss: 2.907305  [  256/  677]
loss: 2.386193  [  448/  677]
loss: 1.944485  [  640/  677]
Average Training Loss: 0.850665
Val Loss: 2.5539 | C-index: 0.7508

Epoch 19
-------------------------------
loss: 2.093504  [   64/  677]
loss: 1.343685  [  256/  677]
loss: 2.552529  [  448/  677]
loss: 2.731066  [  640/  677]
Average Training Loss: 0.792799
Val Loss: 2.5578 | C-index: 0.7388

Epoch 20
-------------------------------
loss: 2.228831  [   64/  677]
loss: 1.823867  [  256/  677]
loss: 2.297223  [  448/  677]
loss: 2.586212  [  640/  677]
Average Training Loss: 0.812376
Val Loss: 2.5297 | C-index: 0.7696

Epoch 21
-------------------------------
loss: 1.546978  [   64/  677]
loss: 2.471002  [  256/  677]
loss: 1.909917  [  448/  677]
loss: 2.429432  [  640/  677]
Average Training Loss: 0.759757
Val Loss: 2.5392 | C-index: 0.7595

Epoch 22
-------------------------------
loss: 2.339648  [   64/  677]
loss: 1.995579  [  256/  677]
loss: 1.920049  [  448/  677]
loss: 2.132721  [  640/  677]
Average Training Loss: 0.762545
Val Loss: 2.5865 | C-index: 0.7401

Epoch 23
-------------------------------
loss: 2.169960  [   64/  677]
loss: 2.067384  [  256/  677]
loss: 2.453667  [  448/  677]
loss: 2.184345  [  640/  677]
Average Training Loss: 0.806851
Val Loss: 2.5675 | C-index: 0.7448

Epoch 24
-------------------------------
loss: 2.171530  [   64/  677]
loss: 2.256870  [  256/  677]
loss: 2.267805  [  448/  677]
loss: 2.411067  [  640/  677]
Average Training Loss: 0.827934
Val Loss: 2.6130 | C-index: 0.7194

Epoch 25
-------------------------------
loss: 2.400030  [   64/  677]
loss: 2.170812  [  256/  677]
loss: 2.044740  [  448/  677]
loss: 2.542428  [  640/  677]
Average Training Loss: 0.832546
Val Loss: 2.5081 | C-index: 0.7602

Stopping early at Epoch 25 since no C-Index improvement after 5 epochs.
Done!
Best C-Index = 0.769591426657736 at Epoch 20

=========================================
FOLD 3/5
=========================================

Epoch 1
-------------------------------
loss: 2.422982  [   64/  678]
loss: 2.874533  [  256/  678]
loss: 2.903119  [  448/  678]
loss: 2.981002  [  640/  678]
Average Training Loss: 1.016512
Val Loss: 3.3879 | C-index: 0.7541

Epoch 2
-------------------------------
loss: 3.001436  [   64/  678]
loss: 2.390163  [  256/  678]
loss: 2.368925  [  448/  678]
loss: 3.780220  [  640/  678]
Average Training Loss: 1.049158
Val Loss: 3.3806 | C-index: 0.7248

Epoch 3
-------------------------------
loss: 2.528906  [   64/  678]
loss: 2.365063  [  256/  678]
loss: 2.739312  [  448/  678]
loss: 3.328017  [  640/  678]
Average Training Loss: 0.996482
Val Loss: 3.3580 | C-index: 0.7118

Epoch 4
-------------------------------
loss: 2.607927  [   64/  678]
loss: 2.904576  [  256/  678]
loss: 3.094872  [  448/  678]
loss: 2.882422  [  640/  678]
Average Training Loss: 1.044527
Val Loss: 3.3024 | C-index: 0.7081

Epoch 5
-------------------------------
loss: 2.757155  [   64/  678]
loss: 2.736849  [  256/  678]
loss: 2.509974  [  448/  678]
loss: 2.342125  [  640/  678]
Average Training Loss: 0.940555
Val Loss: 3.2302 | C-index: 0.7067

Epoch 6
-------------------------------
loss: 2.606854  [   64/  678]
loss: 2.781852  [  256/  678]
loss: 2.448592  [  448/  678]
loss: 2.362031  [  640/  678]
Average Training Loss: 0.927212
Val Loss: 3.2111 | C-index: 0.7030

Stopping early at Epoch 6 since no C-Index improvement after 5 epochs.
Done!
Best C-Index = 0.7540603248259861 at Epoch 1

=========================================
FOLD 4/5
=========================================

Epoch 1
-------------------------------
loss: 3.485222  [   64/  678]
loss: 3.076225  [  256/  678]
loss: 2.944959  [  448/  678]
loss: 3.188891  [  640/  678]
Average Training Loss: 1.154118
Val Loss: 2.5192 | C-index: 0.6427

Epoch 2
-------------------------------
loss: 2.961328  [   64/  678]
loss: 3.485596  [  256/  678]
loss: 2.507780  [  448/  678]
loss: 2.665929  [  640/  678]
Average Training Loss: 1.056421
Val Loss: 2.5148 | C-index: 0.5821

Epoch 3
-------------------------------
loss: 3.101099  [   64/  678]
loss: 3.392152  [  256/  678]
loss: 2.575491  [  448/  678]
loss: 3.009348  [  640/  678]
Average Training Loss: 1.098008
Val Loss: 2.5097 | C-index: 0.5670

Epoch 4
-------------------------------
loss: 2.565867  [   64/  678]
loss: 3.156644  [  256/  678]
loss: 2.762558  [  448/  678]
loss: 3.091304  [  640/  678]
Average Training Loss: 1.052398
Val Loss: 2.4907 | C-index: 0.5853

Epoch 5
-------------------------------
loss: 3.085006  [   64/  678]
loss: 3.032697  [  256/  678]
loss: 3.004868  [  448/  678]
loss: 3.490184  [  640/  678]
Average Training Loss: 1.146614
Val Loss: 2.4548 | C-index: 0.6212

Epoch 6
-------------------------------
loss: 2.893137  [   64/  678]
loss: 2.559736  [  256/  678]
loss: 3.105433  [  448/  678]
loss: 3.057625  [  640/  678]
Average Training Loss: 1.055994
Val Loss: 2.3918 | C-index: 0.6627

Epoch 7
-------------------------------
loss: 2.771753  [   64/  678]
loss: 2.962017  [  256/  678]
loss: 3.057116  [  448/  678]
loss: 2.994352  [  640/  678]
Average Training Loss: 1.071385
Val Loss: 2.3445 | C-index: 0.6810

Epoch 8
-------------------------------
loss: 2.427080  [   64/  678]
loss: 2.998113  [  256/  678]
loss: 2.621523  [  448/  678]
loss: 2.134583  [  640/  678]
Average Training Loss: 0.925573
Val Loss: 2.3607 | C-index: 0.6475

Epoch 9
-------------------------------
loss: 2.417954  [   64/  678]
loss: 2.587352  [  256/  678]
loss: 2.750448  [  448/  678]
loss: 2.757668  [  640/  678]
Average Training Loss: 0.955766
Val Loss: 2.3608 | C-index: 0.6212

Epoch 10
-------------------------------
loss: 2.837422  [   64/  678]
loss: 2.607669  [  256/  678]
loss: 2.705826  [  448/  678]
loss: 2.730121  [  640/  678]
Average Training Loss: 0.989185
Val Loss: 2.3606 | C-index: 0.6316

Epoch 11
-------------------------------
loss: 2.533162  [   64/  678]
loss: 2.340818  [  256/  678]
loss: 2.017916  [  448/  678]
loss: 2.363258  [  640/  678]
Average Training Loss: 0.841378
Val Loss: 2.3466 | C-index: 0.6340

Epoch 12
-------------------------------
loss: 2.152376  [   64/  678]
loss: 2.445400  [  256/  678]
loss: 2.414750  [  448/  678]
loss: 3.034154  [  640/  678]
Average Training Loss: 0.913335
Val Loss: 2.3508 | C-index: 0.6324

Stopping early at Epoch 12 since no C-Index improvement after 5 epochs.
Done!
Best C-Index = 0.6810207336523126 at Epoch 7

=========================================
FOLD 5/5
=========================================

Epoch 1
-------------------------------
loss: 2.564223  [   64/  678]
loss: 2.849782  [  256/  678]
loss: 2.798598  [  448/  678]
loss: 2.876780  [  640/  678]
Average Training Loss: 1.008126
Val Loss: 3.0648 | C-index: 0.6533

Epoch 2
-------------------------------
loss: 3.261651  [   64/  678]
loss: 2.476334  [  256/  678]
loss: 2.260322  [  448/  678]
loss: 3.615081  [  640/  678]
Average Training Loss: 1.055763
Val Loss: 3.0588 | C-index: 0.6792

Epoch 3
-------------------------------
loss: 2.954916  [   64/  678]
loss: 3.325079  [  256/  678]
loss: 2.905250  [  448/  678]
loss: 3.157401  [  640/  678]
Average Training Loss: 1.122059
Val Loss: 3.0458 | C-index: 0.6953

Epoch 4
-------------------------------
loss: 2.755725  [   64/  678]
loss: 2.838696  [  256/  678]
loss: 2.542795  [  448/  678]
loss: 3.539148  [  640/  678]
Average Training Loss: 1.061488
Val Loss: 3.0286 | C-index: 0.6616

Epoch 5
-------------------------------
loss: 3.348140  [   64/  678]
loss: 2.961849  [  256/  678]
loss: 2.702807  [  448/  678]
loss: 3.103844  [  640/  678]
Average Training Loss: 1.101513
Val Loss: 3.0007 | C-index: 0.6743

Epoch 6
-------------------------------
loss: 2.987121  [   64/  678]
loss: 2.498998  [  256/  678]
loss: 3.087600  [  448/  678]
loss: 2.648425  [  640/  678]
Average Training Loss: 1.020195
Val Loss: 3.0025 | C-index: 0.6787

Epoch 7
-------------------------------
loss: 2.578601  [   64/  678]
loss: 2.797666  [  256/  678]
loss: 2.699754  [  448/  678]
loss: 2.483694  [  640/  678]
Average Training Loss: 0.959974
Val Loss: 2.9779 | C-index: 0.7265

Epoch 8
-------------------------------
loss: 1.542646  [   64/  678]
loss: 2.692138  [  256/  678]
loss: 2.326487  [  448/  678]
loss: 2.986493  [  640/  678]
Average Training Loss: 0.867979
Val Loss: 2.9866 | C-index: 0.6938

Epoch 9
-------------------------------
loss: 2.023736  [   64/  678]
loss: 2.293396  [  256/  678]
loss: 2.714354  [  448/  678]
loss: 2.411186  [  640/  678]
Average Training Loss: 0.858425
Val Loss: 2.9455 | C-index: 0.7123

Epoch 10
-------------------------------
loss: 2.273748  [   64/  678]
loss: 2.693719  [  256/  678]
loss: 2.823057  [  448/  678]
loss: 2.532984  [  640/  678]
Average Training Loss: 0.938501
Val Loss: 2.9378 | C-index: 0.7275

Epoch 11
-------------------------------
loss: 2.255254  [   64/  678]
loss: 2.651716  [  256/  678]
loss: 2.458762  [  448/  678]
loss: 2.677031  [  640/  678]
Average Training Loss: 0.912978
Val Loss: 2.9665 | C-index: 0.7192

Epoch 12
-------------------------------
loss: 2.415370  [   64/  678]
loss: 2.091772  [  256/  678]
loss: 2.441756  [  448/  678]
loss: 2.675696  [  640/  678]
Average Training Loss: 0.874963
Val Loss: 2.9211 | C-index: 0.7396

Epoch 13
-------------------------------
loss: 2.402471  [   64/  678]
loss: 2.315197  [  256/  678]
loss: 2.874329  [  448/  678]
loss: 2.449701  [  640/  678]
Average Training Loss: 0.912882
Val Loss: 2.9757 | C-index: 0.7172

Epoch 14
-------------------------------
loss: 2.355935  [   64/  678]
loss: 1.803502  [  256/  678]
loss: 2.639430  [  448/  678]
loss: 2.435477  [  640/  678]
Average Training Loss: 0.839486
Val Loss: 2.9938 | C-index: 0.7094

Epoch 15
-------------------------------
loss: 2.397369  [   64/  678]
loss: 2.232070  [  256/  678]
loss: 2.333482  [  448/  678]
loss: 2.221182  [  640/  678]
Average Training Loss: 0.834918
Val Loss: 2.9702 | C-index: 0.7182

Epoch 16
-------------------------------
loss: 2.211010  [   64/  678]
loss: 2.092498  [  256/  678]
loss: 2.427426  [  448/  678]
loss: 2.509456  [  640/  678]
Average Training Loss: 0.840035
Val Loss: 3.0267 | C-index: 0.6933

Epoch 17
-------------------------------
loss: 2.127671  [   64/  678]
loss: 2.420312  [  256/  678]
loss: 2.670969  [  448/  678]
loss: 2.086325  [  640/  678]
Average Training Loss: 0.845934
Val Loss: 2.9781 | C-index: 0.7104

Stopping early at Epoch 17 since no C-Index improvement after 5 epochs.
Done!
Best C-Index = 0.7396392003900536 at Epoch 12

=========================================
CV training complete! Mean ± std C-index: 0.7367 ± 0.0300
Best epochs per fold: [10, 20, 1, 7, 12]

=========================================
Retraining model on full train+val for 10 epochs...
Epoch 1
-------------------------------
loss: 2.897524  [   64/  847]
loss: 2.864222  [  320/  847]
loss: 2.565137  [  576/  847]
loss: 3.012409  [  832/  847]
Average Training Loss: 0.809950
Val Loss: 2.8605 | C-index: 0.7049

Epoch 2
-------------------------------
loss: 3.035119  [   64/  847]
loss: 2.860638  [  320/  847]
loss: 3.494661  [  576/  847]
loss: 2.877855  [  832/  847]
Average Training Loss: 0.876305
Val Loss: 2.8281 | C-index: 0.7172

Epoch 3
-------------------------------
loss: 2.715719  [   64/  847]
loss: 2.813859  [  320/  847]
loss: 3.054075  [  576/  847]
loss: 2.444176  [  832/  847]
Average Training Loss: 0.787702
Val Loss: 2.8805 | C-index: 0.7025

Epoch 4
-------------------------------
loss: 2.570784  [   64/  847]
loss: 2.703520  [  320/  847]
loss: 2.771675  [  576/  847]
loss: 2.724005  [  832/  847]
Average Training Loss: 0.769285
Val Loss: 2.7455 | C-index: 0.7343

Epoch 5
-------------------------------
loss: 3.135799  [   64/  847]
loss: 2.434079  [  320/  847]
loss: 3.125430  [  576/  847]
loss: 2.530321  [  832/  847]
Average Training Loss: 0.801831
Val Loss: 2.6349 | C-index: 0.8023

Epoch 6
-------------------------------
loss: 2.400670  [   64/  847]
loss: 3.042445  [  320/  847]
loss: 2.856437  [  576/  847]
loss: 3.311583  [  832/  847]
Average Training Loss: 0.829367
Val Loss: 2.5341 | C-index: 0.8511

Epoch 7
-------------------------------
loss: 2.990150  [   64/  847]
loss: 2.698861  [  320/  847]
loss: 2.338702  [  576/  847]
loss: 2.741982  [  832/  847]
Average Training Loss: 0.769264
Val Loss: 2.5039 | C-index: 0.8684

Epoch 8
-------------------------------
loss: 2.791279  [   64/  847]
loss: 2.855121  [  320/  847]
loss: 2.754521  [  576/  847]
loss: 2.667844  [  832/  847]
Average Training Loss: 0.790626
Val Loss: 2.4569 | C-index: 0.8905

Epoch 9
-------------------------------
loss: 1.961985  [   64/  847]
loss: 2.354705  [  320/  847]
loss: 2.501495  [  576/  847]
loss: 2.381843  [  832/  847]
Average Training Loss: 0.657145
Val Loss: 2.4091 | C-index: 0.8921

Epoch 10
-------------------------------
loss: 2.886133  [   64/  847]
loss: 2.279263  [  320/  847]
loss: 2.241937  [  576/  847]
loss: 2.578448  [  832/  847]
Average Training Loss: 0.713270
Val Loss: 2.3017 | C-index: 0.9120

Done!
Best C-Index = 0.9119704118163067 at Epoch 10
FINAL TEST Average Loss: 2.4324
FINAL TEST C-index: 0.6338
Bootstrap 95% CI: [0.5012, 0.7688]
Top 10 activated pathways:
{'R-HSA-8956321': 0.06644982099533081, 'R-HSA-5603041': 0.05095953494310379, 'R-HSA-9696270': 0.04970858618617058, 'R-HSA-4420332': 0.04906769096851349, 'R-HSA-1369062': 0.04636051505804062, 'R-HSA-9680350': 0.04429268464446068, 'R-HSA-8978934': 0.04369869455695152, 'R-HSA-77289': 0.042365893721580505, 'R-HSA-622312': 0.042255330830812454, 'R-HSA-9927432': 0.042240362614393234}
Results saved to /Users/evan/Documents/GitHub/HyBINN/experiments/runs/binn_clinical/seed_9/results.json
