train_hybinn.py log started 2026-06-05 22:45:31.901967
=========================================
Model Active Branches: ['gene', 'clinical']
=========================================

=========================================
FOLD 1/5
=========================================

Epoch 1
-------------------------------
loss: 3.035566  [   64/  677]
loss: 2.969097  [  256/  677]
loss: 3.300365  [  448/  677]
loss: 2.910982  [  640/  677]
Average Training Loss: 1.110546
Val Loss: 3.0895 | C-index: 0.5281

Epoch 2
-------------------------------
loss: 3.257035  [   64/  677]
loss: 3.133627  [  256/  677]
loss: 3.220630  [  448/  677]
loss: 2.630959  [  640/  677]
Average Training Loss: 1.112932
Val Loss: 3.0812 | C-index: 0.4846

Epoch 3
-------------------------------
loss: 2.775873  [   64/  677]
loss: 3.298318  [  256/  677]
loss: 2.523307  [  448/  677]
loss: 2.854523  [  640/  677]
Average Training Loss: 1.041093
Val Loss: 2.9911 | C-index: 0.6779

Epoch 4
-------------------------------
loss: 2.661273  [   64/  677]
loss: 2.230692  [  256/  677]
loss: 2.519565  [  448/  677]
loss: 2.407141  [  640/  677]
Average Training Loss: 0.892606
Val Loss: 3.0011 | C-index: 0.6340

Epoch 5
-------------------------------
loss: 2.487043  [   64/  677]
loss: 2.380994  [  256/  677]
loss: 1.979485  [  448/  677]
loss: 1.731402  [  640/  677]
Average Training Loss: 0.779902
Val Loss: 3.0020 | C-index: 0.7111

Epoch 6
-------------------------------
loss: 1.918626  [   64/  677]
loss: 1.228428  [  256/  677]
loss: 1.820893  [  448/  677]
loss: 1.927361  [  640/  677]
Average Training Loss: 0.626846
Val Loss: 3.0092 | C-index: 0.6813

Epoch 7
-------------------------------
loss: 1.501423  [   64/  677]
loss: 1.455569  [  256/  677]
loss: 2.295641  [  448/  677]
loss: 3.157453  [  640/  677]
Average Training Loss: 0.764553
Val Loss: 2.9504 | C-index: 0.7091

Epoch 8
-------------------------------
loss: 1.799507  [   64/  677]
loss: 1.093062  [  256/  677]
loss: 1.945862  [  448/  677]
loss: 1.589355  [  640/  677]
Average Training Loss: 0.584344
Val Loss: 2.9695 | C-index: 0.6667

Epoch 9
-------------------------------
loss: 1.717795  [   64/  677]
loss: 1.326427  [  256/  677]
loss: 1.636526  [  448/  677]
loss: 1.515638  [  640/  677]
Average Training Loss: 0.563308
Val Loss: 3.1976 | C-index: 0.6384

Epoch 10
-------------------------------
loss: 1.563703  [   64/  677]
loss: 1.055503  [  256/  677]
loss: 1.370442  [  448/  677]
loss: 1.307936  [  640/  677]
Average Training Loss: 0.481599
Val Loss: 3.0776 | C-index: 0.6842

Stopping early at Epoch 10 since no C-Index improvement after 5 epochs.
Done!
Best C-Index = 0.7110785749145925 at Epoch 5

=========================================
FOLD 2/5
=========================================

Epoch 1
-------------------------------
loss: 2.695605  [   64/  677]
loss: 3.124289  [  256/  677]
loss: 2.852535  [  448/  677]
loss: 2.680063  [  640/  677]
Average Training Loss: 1.032045
Val Loss: 2.9957 | C-index: 0.5793

Epoch 2
-------------------------------
loss: 3.199647  [   64/  677]
loss: 3.292482  [  256/  677]
loss: 2.826274  [  448/  677]
loss: 2.713712  [  640/  677]
Average Training Loss: 1.093829
Val Loss: 2.9588 | C-index: 0.6458

Epoch 3
-------------------------------
loss: 2.538241  [   64/  677]
loss: 2.887227  [  256/  677]
loss: 3.302517  [  448/  677]
loss: 2.422179  [  640/  677]
Average Training Loss: 1.013651
Val Loss: 2.8913 | C-index: 0.7356

Epoch 4
-------------------------------
loss: 2.029295  [   64/  677]
loss: 2.170950  [  256/  677]
loss: 2.867095  [  448/  677]
loss: 2.370914  [  640/  677]
Average Training Loss: 0.858023
Val Loss: 2.8947 | C-index: 0.6286

Epoch 5
-------------------------------
loss: 2.141925  [   64/  677]
loss: 2.607183  [  256/  677]
loss: 1.165677  [  448/  677]
loss: 1.988736  [  640/  677]
Average Training Loss: 0.718502
Val Loss: 3.2899 | C-index: 0.6286

Epoch 6
-------------------------------
loss: 2.321933  [   64/  677]
loss: 2.406416  [  256/  677]
loss: 1.767182  [  448/  677]
loss: 2.333048  [  640/  677]
Average Training Loss: 0.802598
Val Loss: 2.8925 | C-index: 0.6541

Epoch 7
-------------------------------
loss: 1.841537  [   64/  677]
loss: 2.019425  [  256/  677]
loss: 1.234494  [  448/  677]
loss: 1.912464  [  640/  677]
Average Training Loss: 0.637084
Val Loss: 3.1025 | C-index: 0.6280

Epoch 8
-------------------------------
loss: 1.606390  [   64/  677]
loss: 2.196464  [  256/  677]
loss: 1.684396  [  448/  677]
loss: 1.241637  [  640/  677]
Average Training Loss: 0.611717
Val Loss: 3.1358 | C-index: 0.6269

Stopping early at Epoch 8 since no C-Index improvement after 5 epochs.
Done!
Best C-Index = 0.7355875831485588 at Epoch 3

=========================================
FOLD 3/5
=========================================

Epoch 1
-------------------------------
loss: 2.955689  [   64/  678]
loss: 3.459937  [  256/  678]
loss: 2.916419  [  448/  678]
loss: 2.963733  [  640/  678]
Average Training Loss: 1.117798
Val Loss: 2.3756 | C-index: 0.6782

Epoch 2
-------------------------------
loss: 3.098258  [   64/  678]
loss: 3.579400  [  256/  678]
loss: 2.707335  [  448/  678]
loss: 3.000158  [  640/  678]
Average Training Loss: 1.125923
Val Loss: 2.3431 | C-index: 0.7435

Epoch 3
-------------------------------
loss: 3.017908  [   64/  678]
loss: 2.994455  [  256/  678]
loss: 3.063173  [  448/  678]
loss: 2.529667  [  640/  678]
Average Training Loss: 1.055018
Val Loss: 2.3034 | C-index: 0.7290

Epoch 4
-------------------------------
loss: 2.802456  [   64/  678]
loss: 2.131814  [  256/  678]
loss: 2.730941  [  448/  678]
loss: 2.857702  [  640/  678]
Average Training Loss: 0.956628
Val Loss: 2.2698 | C-index: 0.7016

Epoch 5
-------------------------------
loss: 2.593607  [   64/  678]
loss: 2.652073  [  256/  678]
loss: 2.024317  [  448/  678]
loss: 2.325651  [  640/  678]
Average Training Loss: 0.872332
Val Loss: 2.4210 | C-index: 0.6968

Epoch 6
-------------------------------
loss: 2.417571  [   64/  678]
loss: 1.962783  [  256/  678]
loss: 1.525069  [  448/  678]
loss: 1.842297  [  640/  678]
Average Training Loss: 0.704338
Val Loss: 2.6706 | C-index: 0.6516

Epoch 7
-------------------------------
loss: 1.578810  [   64/  678]
loss: 1.577285  [  256/  678]
loss: 0.891956  [  448/  678]
loss: 1.728056  [  640/  678]
Average Training Loss: 0.525101
Val Loss: 2.4176 | C-index: 0.6766

Stopping early at Epoch 7 since no C-Index improvement after 5 epochs.
Done!
Best C-Index = 0.7435483870967742 at Epoch 2

=========================================
FOLD 4/5
=========================================

Epoch 1
-------------------------------
loss: 2.845978  [   64/  678]
loss: 2.701263  [  256/  678]
loss: 2.711438  [  448/  678]
loss: 2.748294  [  640/  678]
Average Training Loss: 1.000634
Val Loss: 3.2115 | C-index: 0.4290

Epoch 2
-------------------------------
loss: 3.005303  [   64/  678]
loss: 2.823631  [  256/  678]
loss: 2.968496  [  448/  678]
loss: 2.710932  [  640/  678]
Average Training Loss: 1.046215
Val Loss: 3.2817 | C-index: 0.4327

Epoch 3
-------------------------------
loss: 2.784247  [   64/  678]
loss: 2.711383  [  256/  678]
loss: 2.450741  [  448/  678]
loss: 2.748716  [  640/  678]
Average Training Loss: 0.972281
Val Loss: 3.3328 | C-index: 0.4925

Epoch 4
-------------------------------
loss: 2.506987  [   64/  678]
loss: 2.122987  [  256/  678]
loss: 2.291633  [  448/  678]
loss: 2.142250  [  640/  678]
Average Training Loss: 0.823987
Val Loss: 3.4718 | C-index: 0.4672

Epoch 5
-------------------------------
loss: 1.732070  [   64/  678]
loss: 1.765200  [  256/  678]
loss: 1.665213  [  448/  678]
loss: 2.344404  [  640/  678]
Average Training Loss: 0.682444
Val Loss: 3.5105 | C-index: 0.5361

Epoch 6
-------------------------------
loss: 1.284617  [   64/  678]
loss: 2.142944  [  256/  678]
loss: 1.127172  [  448/  678]
loss: 1.321846  [  640/  678]
Average Training Loss: 0.534234
Val Loss: 3.8518 | C-index: 0.5183

Epoch 7
-------------------------------
loss: 2.110403  [   64/  678]
loss: 1.601141  [  256/  678]
loss: 1.403855  [  448/  678]
loss: 1.262106  [  640/  678]
Average Training Loss: 0.579773
Val Loss: 3.8831 | C-index: 0.4844

Epoch 8
-------------------------------
loss: 1.483719  [   64/  678]
loss: 2.114825  [  256/  678]
loss: 1.471632  [  448/  678]
loss: 1.483316  [  640/  678]
Average Training Loss: 0.595772
Val Loss: 3.8123 | C-index: 0.5996

Epoch 9
-------------------------------
loss: 1.283538  [   64/  678]
loss: 1.059129  [  256/  678]
loss: 2.042104  [  448/  678]
loss: 1.227746  [  640/  678]
Average Training Loss: 0.510229
Val Loss: 4.1917 | C-index: 0.5231

Epoch 10
-------------------------------
loss: 1.204538  [   64/  678]
loss: 2.215057  [  256/  678]
loss: 1.411431  [  448/  678]
loss: 1.932189  [  640/  678]
Average Training Loss: 0.614838
Val Loss: 3.8796 | C-index: 0.6512

Epoch 11
-------------------------------
loss: 1.679199  [   64/  678]
loss: 1.731883  [  256/  678]
loss: 1.330804  [  448/  678]
loss: 1.525633  [  640/  678]
Average Training Loss: 0.569774
Val Loss: 4.2677 | C-index: 0.4978

Epoch 12
-------------------------------
loss: 1.304691  [   64/  678]
loss: 0.549168  [  256/  678]
loss: 1.174948  [  448/  678]
loss: 1.232069  [  640/  678]
Average Training Loss: 0.387352
Val Loss: 4.2014 | C-index: 0.5280

Epoch 13
-------------------------------
loss: 0.550956  [   64/  678]
loss: 0.834670  [  256/  678]
loss: 1.084348  [  448/  678]
loss: 0.970309  [  640/  678]
Average Training Loss: 0.312753
Val Loss: 4.3020 | C-index: 0.5915

Epoch 14
-------------------------------
loss: 0.662698  [   64/  678]
loss: 1.573275  [  256/  678]
loss: 1.290636  [  448/  678]
loss: 1.366393  [  640/  678]
Average Training Loss: 0.444818
Val Loss: 4.0597 | C-index: 0.5554

Epoch 15
-------------------------------
loss: 1.535957  [   64/  678]
loss: 0.898690  [  256/  678]
loss: 0.829470  [  448/  678]
loss: 0.850951  [  640/  678]
Average Training Loss: 0.374097
Val Loss: 4.1110 | C-index: 0.6103

Stopping early at Epoch 15 since no C-Index improvement after 5 epochs.
Done!
Best C-Index = 0.6512378902045209 at Epoch 10

=========================================
FOLD 5/5
=========================================

Epoch 1
-------------------------------
loss: 2.894059  [   64/  678]
loss: 3.435541  [  256/  678]
loss: 3.584898  [  448/  678]
loss: 2.773390  [  640/  678]
Average Training Loss: 1.153444
Val Loss: 2.5750 | C-index: 0.4288

Epoch 2
-------------------------------
loss: 3.116656  [   64/  678]
loss: 3.191298  [  256/  678]
loss: 2.689076  [  448/  678]
loss: 3.298894  [  640/  678]
Average Training Loss: 1.117811
Val Loss: 2.5749 | C-index: 0.3973

Epoch 3
-------------------------------
loss: 2.415291  [   64/  678]
loss: 2.218829  [  256/  678]
loss: 3.114998  [  448/  678]
loss: 2.932305  [  640/  678]
Average Training Loss: 0.971038
Val Loss: 2.6146 | C-index: 0.4253

Epoch 4
-------------------------------
loss: 2.655907  [   64/  678]
loss: 2.504283  [  256/  678]
loss: 1.778666  [  448/  678]
loss: 1.977140  [  640/  678]
Average Training Loss: 0.810545
Val Loss: 2.5180 | C-index: 0.5329

Epoch 5
-------------------------------
loss: 1.870104  [   64/  678]
loss: 1.832250  [  256/  678]
loss: 1.748534  [  448/  678]
loss: 1.897844  [  640/  678]
Average Training Loss: 0.668066
Val Loss: 2.8884 | C-index: 0.4733

Epoch 6
-------------------------------
loss: 1.592627  [   64/  678]
loss: 1.456022  [  256/  678]
loss: 2.002097  [  448/  678]
loss: 2.949543  [  640/  678]
Average Training Loss: 0.727299
Val Loss: 3.0770 | C-index: 0.4993

Epoch 7
-------------------------------
loss: 1.959027  [   64/  678]
loss: 1.801045  [  256/  678]
loss: 2.480772  [  448/  678]
loss: 1.396283  [  640/  678]
Average Training Loss: 0.694284
Val Loss: 3.2310 | C-index: 0.4370

Epoch 8
-------------------------------
loss: 1.477067  [   64/  678]
loss: 1.685836  [  256/  678]
loss: 1.830300  [  448/  678]
loss: 3.122743  [  640/  678]
Average Training Loss: 0.737813
Val Loss: 3.1381 | C-index: 0.4562

Epoch 9
-------------------------------
loss: 1.111281  [   64/  678]
loss: 1.170604  [  256/  678]
loss: 1.731799  [  448/  678]
loss: 1.209397  [  640/  678]
Average Training Loss: 0.474826
Val Loss: 3.0910 | C-index: 0.4959

Stopping early at Epoch 9 since no C-Index improvement after 5 epochs.
Done!
Best C-Index = 0.5328767123287671 at Epoch 4

=========================================
CV training complete! Mean ± std C-index: 0.6749 ± 0.0780
Best epochs per fold: [5, 3, 2, 10, 4]

=========================================
Retraining model on full train+val for 5 epochs...
Epoch 1
-------------------------------
loss: 2.949331  [   64/  847]
loss: 3.479887  [  320/  847]
loss: 3.273895  [  576/  847]
loss: 2.676495  [  832/  847]
Average Training Loss: 0.884258
Val Loss: 2.7727 | C-index: 0.6457

Epoch 2
-------------------------------
loss: 3.199317  [   64/  847]
loss: 2.586299  [  320/  847]
loss: 2.732230  [  576/  847]
loss: 3.321175  [  832/  847]
Average Training Loss: 0.845644
Val Loss: 2.7422 | C-index: 0.7551

Epoch 3
-------------------------------
loss: 2.697644  [   64/  847]
loss: 2.130177  [  320/  847]
loss: 2.727638  [  576/  847]
loss: 2.841744  [  832/  847]
Average Training Loss: 0.742657
Val Loss: 2.4004 | C-index: 0.8589

Epoch 4
-------------------------------
loss: 2.315325  [   64/  847]
loss: 2.668535  [  320/  847]
loss: 2.373931  [  576/  847]
loss: 2.312046  [  832/  847]
Average Training Loss: 0.690703
Val Loss: 1.8981 | C-index: 0.9158

Epoch 5
-------------------------------
loss: 2.059883  [   64/  847]
loss: 2.162900  [  320/  847]
loss: 2.175975  [  576/  847]
loss: 1.945320  [  832/  847]
Average Training Loss: 0.596006
Val Loss: 1.5193 | C-index: 0.9421

Done!
Best C-Index = 0.942143654810274 at Epoch 5
FINAL TEST Average Loss: 2.7794
FINAL TEST C-index: 0.6792
Bootstrap 95% CI: [0.5624, 0.7883]
Results saved to /Users/evan/Documents/GitHub/HyBINN/experiments/runs/gene_clinical/seed_2/results.json
