train_hybinn.py log started 2026-06-05 22:31:27.758489
=========================================
Model Active Branches: ['binn', 'gene', 'clinical']
=========================================

=========================================
FOLD 1/5
=========================================

Epoch 1
-------------------------------
loss: 3.038142  [   64/  677]
loss: 2.721435  [  256/  677]
loss: 3.352589  [  448/  677]
loss: 2.959373  [  640/  677]
Average Training Loss: 1.097413
Val Loss: 2.7426 | C-index: 0.5592

Epoch 2
-------------------------------
loss: 2.754304  [   64/  677]
loss: 3.199939  [  256/  677]
loss: 3.333523  [  448/  677]
loss: 3.024085  [  640/  677]
Average Training Loss: 1.119259
Val Loss: 2.7347 | C-index: 0.5844

Epoch 3
-------------------------------
loss: 2.903275  [   64/  677]
loss: 2.463466  [  256/  677]
loss: 3.133880  [  448/  677]
loss: 2.336028  [  640/  677]
Average Training Loss: 0.985150
Val Loss: 2.6805 | C-index: 0.6539

Epoch 4
-------------------------------
loss: 2.048355  [   64/  677]
loss: 2.734082  [  256/  677]
loss: 2.582275  [  448/  677]
loss: 2.397280  [  640/  677]
Average Training Loss: 0.887454
Val Loss: 2.5847 | C-index: 0.7028

Epoch 5
-------------------------------
loss: 1.915566  [   64/  677]
loss: 1.989762  [  256/  677]
loss: 1.862577  [  448/  677]
loss: 2.028956  [  640/  677]
Average Training Loss: 0.708806
Val Loss: 2.6575 | C-index: 0.6592

Epoch 6
-------------------------------
loss: 1.978548  [   64/  677]
loss: 1.586945  [  256/  677]
loss: 1.782674  [  448/  677]
loss: 1.737413  [  640/  677]
Average Training Loss: 0.644144
Val Loss: 2.9828 | C-index: 0.5665

Epoch 7
-------------------------------
loss: 1.753023  [   64/  677]
loss: 1.375295  [  256/  677]
loss: 1.188031  [  448/  677]
loss: 0.808983  [  640/  677]
Average Training Loss: 0.465939
Val Loss: 2.7341 | C-index: 0.6592

Epoch 8
-------------------------------
loss: 1.512773  [   64/  677]
loss: 1.450279  [  256/  677]
loss: 1.468973  [  448/  677]
loss: 1.629256  [  640/  677]
Average Training Loss: 0.551026
Val Loss: 2.6999 | C-index: 0.6757

Epoch 9
-------------------------------
loss: 1.246401  [   64/  677]
loss: 1.329165  [  256/  677]
loss: 2.208047  [  448/  677]
loss: 1.485146  [  640/  677]
Average Training Loss: 0.569887
Val Loss: 3.0941 | C-index: 0.6208

Stopping early at Epoch 9 since no C-Index improvement after 5 epochs.
Done!
Best C-Index = 0.7028457974851092 at Epoch 4

=========================================
FOLD 2/5
=========================================

Epoch 1
-------------------------------
loss: 3.102102  [   64/  677]
loss: 3.032306  [  256/  677]
loss: 2.984467  [  448/  677]
loss: 3.295730  [  640/  677]
Average Training Loss: 1.128600
Val Loss: 2.8616 | C-index: 0.5928

Epoch 2
-------------------------------
loss: 2.655709  [   64/  677]
loss: 2.976553  [  256/  677]
loss: 3.021549  [  448/  677]
loss: 2.982548  [  640/  677]
Average Training Loss: 1.057851
Val Loss: 2.8485 | C-index: 0.6129

Epoch 3
-------------------------------
loss: 2.486062  [   64/  677]
loss: 2.552267  [  256/  677]
loss: 2.508389  [  448/  677]
loss: 3.355115  [  640/  677]
Average Training Loss: 0.991076
Val Loss: 2.7812 | C-index: 0.6785

Epoch 4
-------------------------------
loss: 2.160490  [   64/  677]
loss: 2.593499  [  256/  677]
loss: 2.180561  [  448/  677]
loss: 3.016188  [  640/  677]
Average Training Loss: 0.904613
Val Loss: 2.6435 | C-index: 0.7267

Epoch 5
-------------------------------
loss: 2.580770  [   64/  677]
loss: 1.388488  [  256/  677]
loss: 1.808006  [  448/  677]
loss: 2.244899  [  640/  677]
Average Training Loss: 0.729288
Val Loss: 2.6085 | C-index: 0.7240

Epoch 6
-------------------------------
loss: 1.448639  [   64/  677]
loss: 2.077143  [  256/  677]
loss: 2.063058  [  448/  677]
loss: 1.535966  [  640/  677]
Average Training Loss: 0.647710
Val Loss: 2.7866 | C-index: 0.6510

Epoch 7
-------------------------------
loss: 1.057623  [   64/  677]
loss: 1.215887  [  256/  677]
loss: 0.931709  [  448/  677]
loss: 0.825046  [  640/  677]
Average Training Loss: 0.366388
Val Loss: 3.2422 | C-index: 0.6236

Epoch 8
-------------------------------
loss: 1.447522  [   64/  677]
loss: 1.284763  [  256/  677]
loss: 1.712957  [  448/  677]
loss: 1.370487  [  640/  677]
Average Training Loss: 0.528703
Val Loss: 2.9784 | C-index: 0.7723

Epoch 9
-------------------------------
loss: 1.159628  [   64/  677]
loss: 0.609409  [  256/  677]
loss: 1.626264  [  448/  677]
loss: 1.446899  [  640/  677]
Average Training Loss: 0.440200
Val Loss: 3.3851 | C-index: 0.6336

Epoch 10
-------------------------------
loss: 2.051277  [   64/  677]
loss: 0.791194  [  256/  677]
loss: 0.837999  [  448/  677]
loss: 1.453623  [  640/  677]
Average Training Loss: 0.466736
Val Loss: 3.0437 | C-index: 0.7247

Epoch 11
-------------------------------
loss: 1.458483  [   64/  677]
loss: 1.288919  [  256/  677]
loss: 0.986091  [  448/  677]
loss: 1.269384  [  640/  677]
Average Training Loss: 0.454807
Val Loss: 3.1351 | C-index: 0.7207

Epoch 12
-------------------------------
loss: 0.906892  [   64/  677]
loss: 1.456996  [  256/  677]
loss: 1.817497  [  448/  677]
loss: 1.031555  [  640/  677]
Average Training Loss: 0.473904
Val Loss: 2.9368 | C-index: 0.7113

Epoch 13
-------------------------------
loss: 0.992935  [   64/  677]
loss: 1.031546  [  256/  677]
loss: 1.181125  [  448/  677]
loss: 1.380631  [  640/  677]
Average Training Loss: 0.416931
Val Loss: 2.6844 | C-index: 0.7508

Stopping early at Epoch 13 since no C-Index improvement after 5 epochs.
Done!
Best C-Index = 0.7722705961152043 at Epoch 8

=========================================
FOLD 3/5
=========================================

Epoch 1
-------------------------------
loss: 2.587062  [   64/  678]
loss: 2.874129  [  256/  678]
loss: 2.924235  [  448/  678]
loss: 2.866724  [  640/  678]
Average Training Loss: 1.022923
Val Loss: 3.3918 | C-index: 0.6223

Epoch 2
-------------------------------
loss: 2.992704  [   64/  678]
loss: 2.943099  [  256/  678]
loss: 3.064728  [  448/  678]
loss: 2.660005  [  640/  678]
Average Training Loss: 1.060049
Val Loss: 3.3495 | C-index: 0.6483

Epoch 3
-------------------------------
loss: 2.485728  [   64/  678]
loss: 1.970486  [  256/  678]
loss: 3.040166  [  448/  678]
loss: 2.734402  [  640/  678]
Average Training Loss: 0.930071
Val Loss: 3.2821 | C-index: 0.6914

Epoch 4
-------------------------------
loss: 2.394948  [   64/  678]
loss: 1.980946  [  256/  678]
loss: 2.277684  [  448/  678]
loss: 2.152900  [  640/  678]
Average Training Loss: 0.800589
Val Loss: 3.4457 | C-index: 0.6487

Epoch 5
-------------------------------
loss: 1.819589  [   64/  678]
loss: 2.227754  [  256/  678]
loss: 1.328489  [  448/  678]
loss: 1.687063  [  640/  678]
Average Training Loss: 0.642081
Val Loss: 3.4691 | C-index: 0.6905

Epoch 6
-------------------------------
loss: 1.455516  [   64/  678]
loss: 1.468866  [  256/  678]
loss: 1.602235  [  448/  678]
loss: 1.564161  [  640/  678]
Average Training Loss: 0.553707
Val Loss: 3.7979 | C-index: 0.6659

Epoch 7
-------------------------------
loss: 1.698499  [   64/  678]
loss: 1.178436  [  256/  678]
loss: 1.423144  [  448/  678]
loss: 1.235640  [  640/  678]
Average Training Loss: 0.503247
Val Loss: 3.8645 | C-index: 0.6729

Epoch 8
-------------------------------
loss: 1.040328  [   64/  678]
loss: 0.970292  [  256/  678]
loss: 2.141631  [  448/  678]
loss: 1.021041  [  640/  678]
Average Training Loss: 0.470299
Val Loss: 3.7930 | C-index: 0.6835

Stopping early at Epoch 8 since no C-Index improvement after 5 epochs.
Done!
Best C-Index = 0.691415313225058 at Epoch 3

=========================================
FOLD 4/5
=========================================

Epoch 1
-------------------------------
loss: 3.202823  [   64/  678]
loss: 3.455128  [  256/  678]
loss: 2.637614  [  448/  678]
loss: 2.974640  [  640/  678]
Average Training Loss: 1.115473
Val Loss: 2.5220 | C-index: 0.5263

Epoch 2
-------------------------------
loss: 3.201092  [   64/  678]
loss: 3.001307  [  256/  678]
loss: 3.023308  [  448/  678]
loss: 3.233754  [  640/  678]
Average Training Loss: 1.132678
Val Loss: 2.4850 | C-index: 0.5957

Epoch 3
-------------------------------
loss: 3.275714  [   64/  678]
loss: 2.706673  [  256/  678]
loss: 2.918559  [  448/  678]
loss: 2.954647  [  640/  678]
Average Training Loss: 1.077781
Val Loss: 2.4716 | C-index: 0.5526

Epoch 4
-------------------------------
loss: 2.357410  [   64/  678]
loss: 2.298966  [  256/  678]
loss: 2.213548  [  448/  678]
loss: 2.621414  [  640/  678]
Average Training Loss: 0.862849
Val Loss: 2.5426 | C-index: 0.5431

Epoch 5
-------------------------------
loss: 1.901111  [   64/  678]
loss: 2.775594  [  256/  678]
loss: 2.209534  [  448/  678]
loss: 1.812920  [  640/  678]
Average Training Loss: 0.790833
Val Loss: 2.7940 | C-index: 0.5431

Epoch 6
-------------------------------
loss: 2.112148  [   64/  678]
loss: 2.239461  [  256/  678]
loss: 1.495339  [  448/  678]
loss: 1.562529  [  640/  678]
Average Training Loss: 0.673589
Val Loss: 2.4937 | C-index: 0.5917

Epoch 7
-------------------------------
loss: 1.799924  [   64/  678]
loss: 1.916165  [  256/  678]
loss: 1.503271  [  448/  678]
loss: 1.560523  [  640/  678]
Average Training Loss: 0.616353
Val Loss: 2.7283 | C-index: 0.5678

Stopping early at Epoch 7 since no C-Index improvement after 5 epochs.
Done!
Best C-Index = 0.5956937799043063 at Epoch 2

=========================================
FOLD 5/5
=========================================

Epoch 1
-------------------------------
loss: 2.872796  [   64/  678]
loss: 2.207825  [  256/  678]
loss: 3.243659  [  448/  678]
loss: 2.379606  [  640/  678]
Average Training Loss: 0.973081
Val Loss: 3.0515 | C-index: 0.6143

Epoch 2
-------------------------------
loss: 2.502176  [   64/  678]
loss: 2.897658  [  256/  678]
loss: 3.115749  [  448/  678]
loss: 3.220724  [  640/  678]
Average Training Loss: 1.066937
Val Loss: 3.0386 | C-index: 0.6177

Epoch 3
-------------------------------
loss: 3.058835  [   64/  678]
loss: 2.527744  [  256/  678]
loss: 3.008975  [  448/  678]
loss: 2.856840  [  640/  678]
Average Training Loss: 1.041127
Val Loss: 3.0680 | C-index: 0.6582

Epoch 4
-------------------------------
loss: 2.293329  [   64/  678]
loss: 2.617778  [  256/  678]
loss: 2.150275  [  448/  678]
loss: 2.364340  [  640/  678]
Average Training Loss: 0.856884
Val Loss: 2.9586 | C-index: 0.6636

Epoch 5
-------------------------------
loss: 2.089550  [   64/  678]
loss: 2.267806  [  256/  678]
loss: 2.074569  [  448/  678]
loss: 2.205680  [  640/  678]
Average Training Loss: 0.785237
Val Loss: 3.0507 | C-index: 0.6982

Epoch 6
-------------------------------
loss: 1.703341  [   64/  678]
loss: 1.290884  [  256/  678]
loss: 1.761002  [  448/  678]
loss: 0.952705  [  640/  678]
Average Training Loss: 0.518903
Val Loss: 3.2967 | C-index: 0.6368

Epoch 7
-------------------------------
loss: 1.169249  [   64/  678]
loss: 1.285791  [  256/  678]
loss: 1.082863  [  448/  678]
loss: 1.129042  [  640/  678]
Average Training Loss: 0.424268
Val Loss: 3.6333 | C-index: 0.6860

Epoch 8
-------------------------------
loss: 1.518974  [   64/  678]
loss: 1.747426  [  256/  678]
loss: 1.430411  [  448/  678]
loss: 1.315103  [  640/  678]
Average Training Loss: 0.546538
Val Loss: 3.8019 | C-index: 0.6914

Epoch 9
-------------------------------
loss: 1.319927  [   64/  678]
loss: 1.798669  [  256/  678]
loss: 1.190521  [  448/  678]
loss: 1.667912  [  640/  678]
Average Training Loss: 0.543366
Val Loss: 3.7591 | C-index: 0.6699

Epoch 10
-------------------------------
loss: 1.224298  [   64/  678]
loss: 0.815476  [  256/  678]
loss: 1.406116  [  448/  678]
loss: 1.435027  [  640/  678]
Average Training Loss: 0.443720
Val Loss: 3.4100 | C-index: 0.6972

Stopping early at Epoch 10 since no C-Index improvement after 5 epochs.
Done!
Best C-Index = 0.6981960019502682 at Epoch 5

=========================================
CV training complete! Mean ± std C-index: 0.6921 ± 0.0563
Best epochs per fold: [4, 8, 3, 2, 5]

=========================================
Retraining model on full train+val for 4 epochs...
Epoch 1
-------------------------------
loss: 2.623821  [   64/  847]
loss: 3.029878  [  320/  847]
loss: 2.442254  [  576/  847]
loss: 2.960436  [  832/  847]
Average Training Loss: 0.789742
Val Loss: 2.7538 | C-index: 0.7465

Epoch 2
-------------------------------
loss: 3.191343  [   64/  847]
loss: 2.903911  [  320/  847]
loss: 3.231203  [  576/  847]
loss: 2.577867  [  832/  847]
Average Training Loss: 0.850309
Val Loss: 2.6924 | C-index: 0.7974

Epoch 3
-------------------------------
loss: 2.119919  [   64/  847]
loss: 3.220883  [  320/  847]
loss: 2.585194  [  576/  847]
loss: 2.107213  [  832/  847]
Average Training Loss: 0.716658
Val Loss: 2.3147 | C-index: 0.8900

Epoch 4
-------------------------------
loss: 1.876096  [   64/  847]
loss: 2.441671  [  320/  847]
loss: 2.515497  [  576/  847]
loss: 2.134387  [  832/  847]
Average Training Loss: 0.640546
Val Loss: 1.7171 | C-index: 0.9352

Done!
Best C-Index = 0.9352284312098438 at Epoch 4
FINAL TEST Average Loss: 2.6721
FINAL TEST C-index: 0.4927
Bootstrap 95% CI: [0.3610, 0.6315]
Top 10 activated pathways:
{'R-HSA-1296072': 0.03573198989033699, 'R-HSA-9013407': 0.03423550724983215, 'R-HSA-5627123': 0.02996964566409588, 'R-HSA-9927418': 0.02593894861638546, 'R-HSA-380972': 0.025823423638939857, 'R-HSA-202040': 0.024804340675473213, 'R-HSA-2514859': 0.02472461760044098, 'R-HSA-389960': 0.023973636329174042, 'R-HSA-5693568': 0.02303093485534191, 'R-HSA-8849932': 0.02296261303126812}
Results saved to /Users/evan/Documents/GitHub/HyBINN/experiments/runs/full_hybinn/seed_9/results.json
