train_hybinn.py log started 2026-06-17 01:08:22.091168
=========================================
Model Active Branches: ['clinical']
=========================================

=========================================
FOLD 1/5
=========================================

Epoch 1
-------------------------------
loss: 3.063123  [   64/  677]
loss: 3.168410  [  256/  677]
loss: 2.682937  [  448/  677]
loss: 3.155172  [  640/  677]
Average Training Loss: 1.097240
Val Loss: 2.7483 | C-index: 0.6056

Epoch 2
-------------------------------
loss: 2.964387  [   64/  677]
loss: 2.741328  [  256/  677]
loss: 2.735793  [  448/  677]
loss: 3.446671  [  640/  677]
Average Training Loss: 1.080744
Val Loss: 2.7466 | C-index: 0.5874

Epoch 3
-------------------------------
loss: 2.784660  [   64/  677]
loss: 3.086564  [  256/  677]
loss: 2.594568  [  448/  677]
loss: 2.870348  [  640/  677]
Average Training Loss: 1.030558
Val Loss: 2.7453 | C-index: 0.6049

Epoch 4
-------------------------------
loss: 3.625252  [   64/  677]
loss: 3.388440  [  256/  677]
loss: 2.860841  [  448/  677]
loss: 3.054302  [  640/  677]
Average Training Loss: 1.175349
Val Loss: 2.7422 | C-index: 0.6267

Epoch 5
-------------------------------
loss: 2.874158  [   64/  677]
loss: 2.760065  [  256/  677]
loss: 3.132935  [  448/  677]
loss: 2.619930  [  640/  677]
Average Training Loss: 1.035190
Val Loss: 2.7383 | C-index: 0.6396

Epoch 6
-------------------------------
loss: 3.499947  [   64/  677]
loss: 2.675097  [  256/  677]
loss: 3.600016  [  448/  677]
loss: 2.566927  [  640/  677]
Average Training Loss: 1.121999
Val Loss: 2.7341 | C-index: 0.6519

Epoch 7
-------------------------------
loss: 3.460567  [   64/  677]
loss: 3.082180  [  256/  677]
loss: 2.726477  [  448/  677]
loss: 3.196065  [  640/  677]
Average Training Loss: 1.133208
Val Loss: 2.7263 | C-index: 0.6552

Epoch 8
-------------------------------
loss: 2.775738  [   64/  677]
loss: 3.384213  [  256/  677]
loss: 2.391537  [  448/  677]
loss: 2.944387  [  640/  677]
Average Training Loss: 1.045080
Val Loss: 2.7158 | C-index: 0.6519

Epoch 9
-------------------------------
loss: 3.062217  [   64/  677]
loss: 2.605697  [  256/  677]
loss: 2.832762  [  448/  677]
loss: 2.830198  [  640/  677]
Average Training Loss: 1.030079
Val Loss: 2.7043 | C-index: 0.6565

Epoch 10
-------------------------------
loss: 3.027111  [   64/  677]
loss: 2.920517  [  256/  677]
loss: 2.669632  [  448/  677]
loss: 2.952657  [  640/  677]
Average Training Loss: 1.051811
Val Loss: 2.6791 | C-index: 0.6744

Epoch 11
-------------------------------
loss: 2.950149  [   64/  677]
loss: 2.558113  [  256/  677]
loss: 2.829156  [  448/  677]
loss: 3.126576  [  640/  677]
Average Training Loss: 1.042181
Val Loss: 2.6853 | C-index: 0.6942

Epoch 12
-------------------------------
loss: 2.471404  [   64/  677]
loss: 2.940028  [  256/  677]
loss: 2.758660  [  448/  677]
loss: 3.445307  [  640/  677]
Average Training Loss: 1.055945
Val Loss: 2.7008 | C-index: 0.6850

Epoch 13
-------------------------------
loss: 2.959145  [   64/  677]
loss: 3.114860  [  256/  677]
loss: 2.910157  [  448/  677]
loss: 2.744288  [  640/  677]
Average Training Loss: 1.066223
Val Loss: 2.6944 | C-index: 0.6840

Epoch 14
-------------------------------
loss: 3.285297  [   64/  677]
loss: 2.222158  [  256/  677]
loss: 2.922541  [  448/  677]
loss: 2.392661  [  640/  677]
Average Training Loss: 0.983878
Val Loss: 2.6865 | C-index: 0.6797

Epoch 15
-------------------------------
loss: 2.724097  [   64/  677]
loss: 2.541475  [  256/  677]
loss: 2.236278  [  448/  677]
loss: 3.037334  [  640/  677]
Average Training Loss: 0.958108
Val Loss: 2.6695 | C-index: 0.6909

Epoch 16
-------------------------------
loss: 2.685457  [   64/  677]
loss: 2.965809  [  256/  677]
loss: 2.938249  [  448/  677]
loss: 3.047616  [  640/  677]
Average Training Loss: 1.057921
Val Loss: 2.6538 | C-index: 0.7366

Epoch 17
-------------------------------
loss: 3.036000  [   64/  677]
loss: 2.239015  [  256/  677]
loss: 2.714624  [  448/  677]
loss: 3.191434  [  640/  677]
Average Training Loss: 1.016461
Val Loss: 2.6393 | C-index: 0.7485

Epoch 18
-------------------------------
loss: 2.752878  [   64/  677]
loss: 3.205327  [  256/  677]
loss: 2.755769  [  448/  677]
loss: 2.430615  [  640/  677]
Average Training Loss: 1.013144
Val Loss: 2.6480 | C-index: 0.6810

Epoch 19
-------------------------------
loss: 2.734437  [   64/  677]
loss: 2.784454  [  256/  677]
loss: 2.546833  [  448/  677]
loss: 2.792443  [  640/  677]
Average Training Loss: 0.987106
Val Loss: 2.6501 | C-index: 0.6645

Epoch 20
-------------------------------
loss: 3.265038  [   64/  677]
loss: 2.462713  [  256/  677]
loss: 2.184052  [  448/  677]
loss: 3.114364  [  640/  677]
Average Training Loss: 1.002379
Val Loss: 2.6503 | C-index: 0.6777

Epoch 21
-------------------------------
loss: 2.564337  [   64/  677]
loss: 2.694559  [  256/  677]
loss: 2.650179  [  448/  677]
loss: 3.147383  [  640/  677]
Average Training Loss: 1.005133
Val Loss: 2.6341 | C-index: 0.7214

Epoch 22
-------------------------------
loss: 2.913157  [   64/  677]
loss: 2.688026  [  256/  677]
loss: 2.937892  [  448/  677]
loss: 2.911233  [  640/  677]
Average Training Loss: 1.040937
Val Loss: 2.6750 | C-index: 0.6853

Stopping early at Epoch 22 since no C-Index improvement after 5 epochs.
Done!
Best C-Index = 0.7485109199205824 at Epoch 17

=========================================
FOLD 2/5
=========================================

Epoch 1
-------------------------------
loss: 3.143511  [   64/  677]
loss: 2.379405  [  256/  677]
loss: 3.548922  [  448/  677]
loss: 3.029539  [  640/  677]
Average Training Loss: 1.100125
Val Loss: 2.8567 | C-index: 0.6778

Epoch 2
-------------------------------
loss: 2.997854  [   64/  677]
loss: 2.527005  [  256/  677]
loss: 3.246825  [  448/  677]
loss: 3.101000  [  640/  677]
Average Training Loss: 1.079335
Val Loss: 2.8537 | C-index: 0.6899

Epoch 3
-------------------------------
loss: 2.871015  [   64/  677]
loss: 3.566032  [  256/  677]
loss: 2.637874  [  448/  677]
loss: 3.066500  [  640/  677]
Average Training Loss: 1.103766
Val Loss: 2.8507 | C-index: 0.6805

Epoch 4
-------------------------------
loss: 3.215213  [   64/  677]
loss: 2.605008  [  256/  677]
loss: 3.280331  [  448/  677]
loss: 2.924757  [  640/  677]
Average Training Loss: 1.093210
Val Loss: 2.8461 | C-index: 0.6785

Epoch 5
-------------------------------
loss: 2.992055  [   64/  677]
loss: 3.145603  [  256/  677]
loss: 3.280253  [  448/  677]
loss: 2.742588  [  640/  677]
Average Training Loss: 1.105500
Val Loss: 2.8370 | C-index: 0.6644

Epoch 6
-------------------------------
loss: 2.918077  [   64/  677]
loss: 3.288910  [  256/  677]
loss: 3.247703  [  448/  677]
loss: 3.136620  [  640/  677]
Average Training Loss: 1.144664
Val Loss: 2.8334 | C-index: 0.6571

Epoch 7
-------------------------------
loss: 2.504822  [   64/  677]
loss: 3.036381  [  256/  677]
loss: 2.825307  [  448/  677]
loss: 2.907371  [  640/  677]
Average Training Loss: 1.024898
Val Loss: 2.8086 | C-index: 0.6611

Stopping early at Epoch 7 since no C-Index improvement after 5 epochs.
Done!
Best C-Index = 0.6898861352980576 at Epoch 2

=========================================
FOLD 3/5
=========================================

Epoch 1
-------------------------------
loss: 2.673365  [   64/  678]
loss: 3.229017  [  256/  678]
loss: 3.096690  [  448/  678]
loss: 3.070280  [  640/  678]
Average Training Loss: 1.097214
Val Loss: 3.3875 | C-index: 0.6107

Epoch 2
-------------------------------
loss: 3.252602  [   64/  678]
loss: 2.474775  [  256/  678]
loss: 2.732577  [  448/  678]
loss: 3.036063  [  640/  678]
Average Training Loss: 1.045092
Val Loss: 3.3790 | C-index: 0.6144

Epoch 3
-------------------------------
loss: 2.628502  [   64/  678]
loss: 2.695931  [  256/  678]
loss: 3.572138  [  448/  678]
loss: 3.375475  [  640/  678]
Average Training Loss: 1.115641
Val Loss: 3.3672 | C-index: 0.6102

Epoch 4
-------------------------------
loss: 2.947388  [   64/  678]
loss: 3.122548  [  256/  678]
loss: 2.261151  [  448/  678]
loss: 2.418814  [  640/  678]
Average Training Loss: 0.977264
Val Loss: 3.3499 | C-index: 0.6158

Epoch 5
-------------------------------
loss: 2.605193  [   64/  678]
loss: 2.716170  [  256/  678]
loss: 2.999376  [  448/  678]
loss: 3.243386  [  640/  678]
Average Training Loss: 1.051284
Val Loss: 3.3401 | C-index: 0.6121

Epoch 6
-------------------------------
loss: 2.964518  [   64/  678]
loss: 3.271033  [  256/  678]
loss: 2.792305  [  448/  678]
loss: 2.737970  [  640/  678]
Average Training Loss: 1.069621
Val Loss: 3.3288 | C-index: 0.6176

Epoch 7
-------------------------------
loss: 3.081876  [   64/  678]
loss: 2.916209  [  256/  678]
loss: 3.202078  [  448/  678]
loss: 2.459136  [  640/  678]
Average Training Loss: 1.059936
Val Loss: 3.3045 | C-index: 0.6325

Epoch 8
-------------------------------
loss: 2.748366  [   64/  678]
loss: 2.741964  [  256/  678]
loss: 2.646067  [  448/  678]
loss: 3.274098  [  640/  678]
Average Training Loss: 1.037318
Val Loss: 3.2830 | C-index: 0.6371

Epoch 9
-------------------------------
loss: 2.934088  [   64/  678]
loss: 2.835746  [  256/  678]
loss: 2.752620  [  448/  678]
loss: 2.552655  [  640/  678]
Average Training Loss: 1.006828
Val Loss: 3.2585 | C-index: 0.6478

Epoch 10
-------------------------------
loss: 3.006873  [   64/  678]
loss: 3.050919  [  256/  678]
loss: 2.291055  [  448/  678]
loss: 3.128752  [  640/  678]
Average Training Loss: 1.043418
Val Loss: 3.2272 | C-index: 0.6599

Epoch 11
-------------------------------
loss: 2.659172  [   64/  678]
loss: 2.973322  [  256/  678]
loss: 2.704392  [  448/  678]
loss: 2.770942  [  640/  678]
Average Training Loss: 1.009803
Val Loss: 3.1995 | C-index: 0.6548

Epoch 12
-------------------------------
loss: 2.707061  [   64/  678]
loss: 2.451462  [  256/  678]
loss: 2.760587  [  448/  678]
loss: 2.950878  [  640/  678]
Average Training Loss: 0.988181
Val Loss: 3.2032 | C-index: 0.6524

Epoch 13
-------------------------------
loss: 2.688903  [   64/  678]
loss: 2.596258  [  256/  678]
loss: 2.969896  [  448/  678]
loss: 2.674607  [  640/  678]
Average Training Loss: 0.993606
Val Loss: 3.1911 | C-index: 0.6455

Epoch 14
-------------------------------
loss: 2.964585  [   64/  678]
loss: 3.188439  [  256/  678]
loss: 2.494966  [  448/  678]
loss: 2.578461  [  640/  678]
Average Training Loss: 1.020586
Val Loss: 3.1642 | C-index: 0.6492

Epoch 15
-------------------------------
loss: 2.469710  [   64/  678]
loss: 2.987915  [  256/  678]
loss: 2.786602  [  448/  678]
loss: 2.386672  [  640/  678]
Average Training Loss: 0.966445
Val Loss: 3.1468 | C-index: 0.6631

Epoch 16
-------------------------------
loss: 2.849118  [   64/  678]
loss: 2.401570  [  256/  678]
loss: 3.016719  [  448/  678]
loss: 2.944584  [  640/  678]
Average Training Loss: 1.019272
Val Loss: 3.1155 | C-index: 0.6650

Epoch 17
-------------------------------
loss: 2.803026  [   64/  678]
loss: 2.134737  [  256/  678]
loss: 2.688470  [  448/  678]
loss: 2.888693  [  640/  678]
Average Training Loss: 0.955902
Val Loss: 3.0497 | C-index: 0.6724

Epoch 18
-------------------------------
loss: 2.815836  [   64/  678]
loss: 2.741034  [  256/  678]
loss: 2.330659  [  448/  678]
loss: 3.220614  [  640/  678]
Average Training Loss: 1.009831
Val Loss: 3.0366 | C-index: 0.6840

Epoch 19
-------------------------------
loss: 2.804925  [   64/  678]
loss: 2.451495  [  256/  678]
loss: 2.346878  [  448/  678]
loss: 2.811950  [  640/  678]
Average Training Loss: 0.946841
Val Loss: 3.0428 | C-index: 0.6733

Epoch 20
-------------------------------
loss: 2.633940  [   64/  678]
loss: 3.053630  [  256/  678]
loss: 2.628612  [  448/  678]
loss: 2.120046  [  640/  678]
Average Training Loss: 0.948748
Val Loss: 3.0300 | C-index: 0.6701

Epoch 21
-------------------------------
loss: 3.393305  [   64/  678]
loss: 2.416185  [  256/  678]
loss: 2.198085  [  448/  678]
loss: 2.690978  [  640/  678]
Average Training Loss: 0.972596
Val Loss: 3.0269 | C-index: 0.6733

Epoch 22
-------------------------------
loss: 2.307337  [   64/  678]
loss: 2.594004  [  256/  678]
loss: 2.392948  [  448/  678]
loss: 2.870733  [  640/  678]
Average Training Loss: 0.924093
Val Loss: 3.0655 | C-index: 0.6594

Epoch 23
-------------------------------
loss: 2.472086  [   64/  678]
loss: 2.843347  [  256/  678]
loss: 2.501815  [  448/  678]
loss: 2.280111  [  640/  678]
Average Training Loss: 0.917942
Val Loss: 3.0088 | C-index: 0.6928

Epoch 24
-------------------------------
loss: 2.286424  [   64/  678]
loss: 2.598208  [  256/  678]
loss: 2.754344  [  448/  678]
loss: 2.754465  [  640/  678]
Average Training Loss: 0.944858
Val Loss: 3.0681 | C-index: 0.6840

Epoch 25
-------------------------------
loss: 2.313345  [   64/  678]
loss: 2.771337  [  256/  678]
loss: 1.957189  [  448/  678]
loss: 2.789977  [  640/  678]
Average Training Loss: 0.893804
Val Loss: 2.9720 | C-index: 0.7021

Epoch 26
-------------------------------
loss: 2.976324  [   64/  678]
loss: 2.284952  [  256/  678]
loss: 2.755434  [  448/  678]
loss: 2.770863  [  640/  678]
Average Training Loss: 0.980688
Val Loss: 2.9710 | C-index: 0.6891

Epoch 27
-------------------------------
loss: 3.451028  [   64/  678]
loss: 2.835553  [  256/  678]
loss: 2.454993  [  448/  678]
loss: 2.415858  [  640/  678]
Average Training Loss: 1.014312
Val Loss: 3.0250 | C-index: 0.6659

Epoch 28
-------------------------------
loss: 2.783611  [   64/  678]
loss: 3.119577  [  256/  678]
loss: 2.080153  [  448/  678]
loss: 2.970961  [  640/  678]
Average Training Loss: 0.995846
Val Loss: 2.9965 | C-index: 0.6789

Epoch 29
-------------------------------
loss: 2.775218  [   64/  678]
loss: 2.631874  [  256/  678]
loss: 3.092180  [  448/  678]
loss: 2.572906  [  640/  678]
Average Training Loss: 1.006562
Val Loss: 2.9201 | C-index: 0.7049

Epoch 30
-------------------------------
loss: 2.715043  [   64/  678]
loss: 2.607563  [  256/  678]
loss: 2.314164  [  448/  678]
loss: 2.644606  [  640/  678]
Average Training Loss: 0.934671
Val Loss: 3.0246 | C-index: 0.6589

Epoch 31
-------------------------------
loss: 2.717711  [   64/  678]
loss: 2.423232  [  256/  678]
loss: 2.466853  [  448/  678]
loss: 2.551534  [  640/  678]
Average Training Loss: 0.923575
Val Loss: 3.0594 | C-index: 0.6606

Epoch 32
-------------------------------
loss: 2.595426  [   64/  678]
loss: 2.176827  [  256/  678]
loss: 2.313874  [  448/  678]
loss: 3.686249  [  640/  678]
Average Training Loss: 0.979307
Val Loss: 3.0810 | C-index: 0.6696

Epoch 33
-------------------------------
loss: 2.381238  [   64/  678]
loss: 2.779994  [  256/  678]
loss: 2.629272  [  448/  678]
loss: 2.684162  [  640/  678]
Average Training Loss: 0.952242
Val Loss: 3.0250 | C-index: 0.7021

Epoch 34
-------------------------------
loss: 2.640594  [   64/  678]
loss: 3.065066  [  256/  678]
loss: 2.895746  [  448/  678]
loss: 2.460052  [  640/  678]
Average Training Loss: 1.005587
Val Loss: 3.0518 | C-index: 0.6965

Stopping early at Epoch 34 since no C-Index improvement after 5 epochs.
Done!
Best C-Index = 0.7048723897911833 at Epoch 29

=========================================
FOLD 4/5
=========================================

Epoch 1
-------------------------------
loss: 3.477950  [   64/  678]
loss: 2.891445  [  256/  678]
loss: 3.163851  [  448/  678]
loss: 3.577399  [  640/  678]
Average Training Loss: 1.191877
Val Loss: 2.5215 | C-index: 0.6830

Epoch 2
-------------------------------
loss: 3.123654  [   64/  678]
loss: 3.402760  [  256/  678]
loss: 3.176729  [  448/  678]
loss: 3.311495  [  640/  678]
Average Training Loss: 1.183149
Val Loss: 2.5181 | C-index: 0.6719

Epoch 3
-------------------------------
loss: 3.265674  [   64/  678]
loss: 3.162855  [  256/  678]
loss: 2.978635  [  448/  678]
loss: 3.399780  [  640/  678]
Average Training Loss: 1.164268
Val Loss: 2.5135 | C-index: 0.7093

Epoch 4
-------------------------------
loss: 3.379801  [   64/  678]
loss: 3.144578  [  256/  678]
loss: 2.864395  [  448/  678]
loss: 2.771985  [  640/  678]
Average Training Loss: 1.105523
Val Loss: 2.5092 | C-index: 0.7061

Epoch 5
-------------------------------
loss: 3.390059  [   64/  678]
loss: 2.438641  [  256/  678]
loss: 2.638823  [  448/  678]
loss: 3.413411  [  640/  678]
Average Training Loss: 1.080085
Val Loss: 2.5038 | C-index: 0.7221

Epoch 6
-------------------------------
loss: 2.534793  [   64/  678]
loss: 2.469275  [  256/  678]
loss: 3.119011  [  448/  678]
loss: 3.173881  [  640/  678]
Average Training Loss: 1.026996
Val Loss: 2.4978 | C-index: 0.7173

Epoch 7
-------------------------------
loss: 3.282198  [   64/  678]
loss: 2.783765  [  256/  678]
loss: 3.039553  [  448/  678]
loss: 3.326464  [  640/  678]
Average Training Loss: 1.130180
Val Loss: 2.4905 | C-index: 0.7325

Epoch 8
-------------------------------
loss: 3.089731  [   64/  678]
loss: 2.569478  [  256/  678]
loss: 2.811179  [  448/  678]
loss: 2.921659  [  640/  678]
Average Training Loss: 1.035641
Val Loss: 2.4877 | C-index: 0.7388

Epoch 9
-------------------------------
loss: 3.253386  [   64/  678]
loss: 2.818710  [  256/  678]
loss: 3.104515  [  448/  678]
loss: 3.262937  [  640/  678]
Average Training Loss: 1.130868
Val Loss: 2.4794 | C-index: 0.7420

Epoch 10
-------------------------------
loss: 2.399921  [   64/  678]
loss: 3.203304  [  256/  678]
loss: 3.052868  [  448/  678]
loss: 2.719303  [  640/  678]
Average Training Loss: 1.034127
Val Loss: 2.4687 | C-index: 0.7556

Epoch 11
-------------------------------
loss: 2.784846  [   64/  678]
loss: 3.134414  [  256/  678]
loss: 2.953107  [  448/  678]
loss: 3.334822  [  640/  678]
Average Training Loss: 1.109744
Val Loss: 2.4614 | C-index: 0.7500

Epoch 12
-------------------------------
loss: 3.256954  [   64/  678]
loss: 3.169062  [  256/  678]
loss: 2.629297  [  448/  678]
loss: 2.978453  [  640/  678]
Average Training Loss: 1.093979
Val Loss: 2.4608 | C-index: 0.7436

Epoch 13
-------------------------------
loss: 2.722839  [   64/  678]
loss: 2.882179  [  256/  678]
loss: 3.283901  [  448/  678]
loss: 2.905735  [  640/  678]
Average Training Loss: 1.072241
Val Loss: 2.4546 | C-index: 0.7436

Epoch 14
-------------------------------
loss: 3.066535  [   64/  678]
loss: 2.912560  [  256/  678]
loss: 3.206820  [  448/  678]
loss: 3.082246  [  640/  678]
Average Training Loss: 1.115287
Val Loss: 2.4375 | C-index: 0.7380

Epoch 15
-------------------------------
loss: 2.804048  [   64/  678]
loss: 3.542006  [  256/  678]
loss: 3.217621  [  448/  678]
loss: 2.763225  [  640/  678]
Average Training Loss: 1.120627
Val Loss: 2.4075 | C-index: 0.7532

Stopping early at Epoch 15 since no C-Index improvement after 5 epochs.
Done!
Best C-Index = 0.7555821371610846 at Epoch 10

=========================================
FOLD 5/5
=========================================

Epoch 1
-------------------------------
loss: 2.624715  [   64/  678]
loss: 2.466974  [  256/  678]
loss: 2.956750  [  448/  678]
loss: 3.507174  [  640/  678]
Average Training Loss: 1.050510
Val Loss: 3.0648 | C-index: 0.5819

Epoch 2
-------------------------------
loss: 1.736995  [   64/  678]
loss: 3.090166  [  256/  678]
loss: 3.478646  [  448/  678]
loss: 2.966206  [  640/  678]
Average Training Loss: 1.024728
Val Loss: 3.0612 | C-index: 0.6370

Epoch 3
-------------------------------
loss: 2.818375  [   64/  678]
loss: 2.686939  [  256/  678]
loss: 2.950478  [  448/  678]
loss: 3.101927  [  640/  678]
Average Training Loss: 1.050702
Val Loss: 3.0572 | C-index: 0.6511

Epoch 4
-------------------------------
loss: 2.361148  [   64/  678]
loss: 2.826457  [  256/  678]
loss: 3.318732  [  448/  678]
loss: 3.327113  [  640/  678]
Average Training Loss: 1.075768
Val Loss: 3.0516 | C-index: 0.6697

Epoch 5
-------------------------------
loss: 2.456435  [   64/  678]
loss: 2.974772  [  256/  678]
loss: 3.068326  [  448/  678]
loss: 2.801241  [  640/  678]
Average Training Loss: 1.027343
Val Loss: 3.0458 | C-index: 0.6745

Epoch 6
-------------------------------
loss: 3.551513  [   64/  678]
loss: 3.463843  [  256/  678]
loss: 3.286779  [  448/  678]
loss: 2.490556  [  640/  678]
Average Training Loss: 1.162972
Val Loss: 3.0364 | C-index: 0.6755

Epoch 7
-------------------------------
loss: 2.630294  [   64/  678]
loss: 2.630270  [  256/  678]
loss: 3.018084  [  448/  678]
loss: 2.930680  [  640/  678]
Average Training Loss: 1.019030
Val Loss: 3.0293 | C-index: 0.6760

Epoch 8
-------------------------------
loss: 3.235464  [   64/  678]
loss: 2.660090  [  256/  678]
loss: 3.007465  [  448/  678]
loss: 2.914246  [  640/  678]
Average Training Loss: 1.074297
Val Loss: 3.0196 | C-index: 0.6848

Epoch 9
-------------------------------
loss: 3.024122  [   64/  678]
loss: 2.847818  [  256/  678]
loss: 2.615467  [  448/  678]
loss: 3.018800  [  640/  678]
Average Training Loss: 1.046019
Val Loss: 3.0085 | C-index: 0.6921

Epoch 10
-------------------------------
loss: 1.602647  [   64/  678]
loss: 3.153687  [  256/  678]
loss: 2.651291  [  448/  678]
loss: 2.460850  [  640/  678]
Average Training Loss: 0.897134
Val Loss: 3.0016 | C-index: 0.6936

Epoch 11
-------------------------------
loss: 2.943299  [   64/  678]
loss: 3.041552  [  256/  678]
loss: 2.908459  [  448/  678]
loss: 2.488991  [  640/  678]
Average Training Loss: 1.034755
Val Loss: 2.9870 | C-index: 0.7121

Epoch 12
-------------------------------
loss: 3.087172  [   64/  678]
loss: 2.107355  [  256/  678]
loss: 2.700983  [  448/  678]
loss: 2.421118  [  640/  678]
Average Training Loss: 0.937875
Val Loss: 2.9696 | C-index: 0.7184

Epoch 13
-------------------------------
loss: 3.376908  [   64/  678]
loss: 2.589745  [  256/  678]
loss: 2.968112  [  448/  678]
loss: 2.834158  [  640/  678]
Average Training Loss: 1.069902
Val Loss: 2.9541 | C-index: 0.7267

Epoch 14
-------------------------------
loss: 2.554416  [   64/  678]
loss: 2.461103  [  256/  678]
loss: 2.988129  [  448/  678]
loss: 3.037250  [  640/  678]
Average Training Loss: 1.003718
Val Loss: 2.9300 | C-index: 0.7199

Epoch 15
-------------------------------
loss: 2.818809  [   64/  678]
loss: 2.959481  [  256/  678]
loss: 2.950110  [  448/  678]
loss: 3.020172  [  640/  678]
Average Training Loss: 1.068052
Val Loss: 2.9142 | C-index: 0.7316

Epoch 16
-------------------------------
loss: 3.074684  [   64/  678]
loss: 2.376050  [  256/  678]
loss: 2.519344  [  448/  678]
loss: 2.847829  [  640/  678]
Average Training Loss: 0.983446
Val Loss: 2.8982 | C-index: 0.7389

Epoch 17
-------------------------------
loss: 2.419557  [   64/  678]
loss: 2.419009  [  256/  678]
loss: 2.650272  [  448/  678]
loss: 3.312469  [  640/  678]
Average Training Loss: 0.981937
Val Loss: 2.8928 | C-index: 0.7345

Epoch 18
-------------------------------
loss: 2.794665  [   64/  678]
loss: 3.104051  [  256/  678]
loss: 2.772256  [  448/  678]
loss: 2.524533  [  640/  678]
Average Training Loss: 1.017773
Val Loss: 2.8971 | C-index: 0.7311

Epoch 19
-------------------------------
loss: 3.002489  [   64/  678]
loss: 2.823457  [  256/  678]
loss: 2.699942  [  448/  678]
loss: 2.620845  [  640/  678]
Average Training Loss: 1.013339
Val Loss: 2.8918 | C-index: 0.7360

Epoch 20
-------------------------------
loss: 2.858971  [   64/  678]
loss: 2.786897  [  256/  678]
loss: 1.940471  [  448/  678]
loss: 2.422042  [  640/  678]
Average Training Loss: 0.909853
Val Loss: 2.8892 | C-index: 0.7428

Epoch 21
-------------------------------
loss: 2.148720  [   64/  678]
loss: 2.609848  [  256/  678]
loss: 2.889113  [  448/  678]
loss: 2.593603  [  640/  678]
Average Training Loss: 0.931026
Val Loss: 2.8905 | C-index: 0.7413

Epoch 22
-------------------------------
loss: 2.480987  [   64/  678]
loss: 2.600917  [  256/  678]
loss: 2.225455  [  448/  678]
loss: 2.274471  [  640/  678]
Average Training Loss: 0.871075
Val Loss: 2.8834 | C-index: 0.7433

Epoch 23
-------------------------------
loss: 2.405796  [   64/  678]
loss: 3.277070  [  256/  678]
loss: 2.581767  [  448/  678]
loss: 3.231447  [  640/  678]
Average Training Loss: 1.045098
Val Loss: 2.8859 | C-index: 0.7540

Epoch 24
-------------------------------
loss: 2.282096  [   64/  678]
loss: 3.553009  [  256/  678]
loss: 2.090028  [  448/  678]
loss: 2.677458  [  640/  678]
Average Training Loss: 0.963872
Val Loss: 2.8924 | C-index: 0.7467

Epoch 25
-------------------------------
loss: 2.625559  [   64/  678]
loss: 2.974643  [  256/  678]
loss: 2.515270  [  448/  678]
loss: 2.514160  [  640/  678]
Average Training Loss: 0.966330
Val Loss: 2.8981 | C-index: 0.7409

Epoch 26
-------------------------------
loss: 2.929937  [   64/  678]
loss: 2.769831  [  256/  678]
loss: 2.352169  [  448/  678]
loss: 2.903966  [  640/  678]
Average Training Loss: 0.995991
Val Loss: 2.8902 | C-index: 0.7457

Epoch 27
-------------------------------
loss: 2.839322  [   64/  678]
loss: 2.504505  [  256/  678]
loss: 2.497990  [  448/  678]
loss: 2.831519  [  640/  678]
Average Training Loss: 0.970303
Val Loss: 2.8753 | C-index: 0.7511

Epoch 28
-------------------------------
loss: 3.015075  [   64/  678]
loss: 3.008206  [  256/  678]
loss: 2.428825  [  448/  678]
loss: 2.420586  [  640/  678]
Average Training Loss: 0.988427
Val Loss: 2.8613 | C-index: 0.7716

Epoch 29
-------------------------------
loss: 2.908738  [   64/  678]
loss: 2.926334  [  256/  678]
loss: 2.049853  [  448/  678]
loss: 2.324100  [  640/  678]
Average Training Loss: 0.928093
Val Loss: 2.8703 | C-index: 0.7691

Epoch 30
-------------------------------
loss: 3.029203  [   64/  678]
loss: 3.039860  [  256/  678]
loss: 2.491636  [  448/  678]
loss: 2.685232  [  640/  678]
Average Training Loss: 1.022357
Val Loss: 2.8783 | C-index: 0.7628

Epoch 31
-------------------------------
loss: 2.780740  [   64/  678]
loss: 2.331937  [  256/  678]
loss: 2.456858  [  448/  678]
loss: 2.512199  [  640/  678]
Average Training Loss: 0.916521
Val Loss: 2.8716 | C-index: 0.7691

Epoch 32
-------------------------------
loss: 2.670568  [   64/  678]
loss: 2.730218  [  256/  678]
loss: 3.067701  [  448/  678]
loss: 3.358298  [  640/  678]
Average Training Loss: 1.075162
Val Loss: 2.8787 | C-index: 0.7569

Epoch 33
-------------------------------
loss: 1.625680  [   64/  678]
loss: 2.532505  [  256/  678]
loss: 2.557110  [  448/  678]
loss: 2.930364  [  640/  678]
Average Training Loss: 0.876878
Val Loss: 2.8837 | C-index: 0.7521

Stopping early at Epoch 33 since no C-Index improvement after 5 epochs.
Done!
Best C-Index = 0.7715748415407119 at Epoch 28

=========================================
CV training complete! Mean ± std C-index: 0.7341 ± 0.0312
Best epochs per fold: [17, 2, 29, 10, 28]

=========================================
Retraining model on full train+val for 17 epochs...
Epoch 1
-------------------------------
loss: 3.391805  [   64/  847]
loss: 3.062149  [  320/  847]
loss: 2.591337  [  576/  847]
loss: 2.876875  [  832/  847]
Average Training Loss: 0.851583
Val Loss: 2.8930 | C-index: 0.6945

Epoch 2
-------------------------------
loss: 2.549341  [   64/  847]
loss: 3.135106  [  320/  847]
loss: 2.781064  [  576/  847]
loss: 3.243432  [  832/  847]
Average Training Loss: 0.836353
Val Loss: 2.8558 | C-index: 0.6967

Epoch 3
-------------------------------
loss: 3.336021  [   64/  847]
loss: 2.581944  [  320/  847]
loss: 3.388751  [  576/  847]
loss: 2.846600  [  832/  847]
Average Training Loss: 0.868094
Val Loss: 2.8842 | C-index: 0.7049

Epoch 4
-------------------------------
loss: 2.670341  [   64/  847]
loss: 3.219439  [  320/  847]
loss: 2.601510  [  576/  847]
loss: 3.059754  [  832/  847]
Average Training Loss: 0.825075
Val Loss: 2.8611 | C-index: 0.7053

Epoch 5
-------------------------------
loss: 2.759942  [   64/  847]
loss: 3.139272  [  320/  847]
loss: 3.242052  [  576/  847]
loss: 3.073530  [  832/  847]
Average Training Loss: 0.872485
Val Loss: 2.8148 | C-index: 0.6939

Epoch 6
-------------------------------
loss: 3.053268  [   64/  847]
loss: 3.146296  [  320/  847]
loss: 3.096464  [  576/  847]
loss: 2.745917  [  832/  847]
Average Training Loss: 0.860139
Val Loss: 2.8264 | C-index: 0.6978

Epoch 7
-------------------------------
loss: 2.875228  [   64/  847]
loss: 2.683510  [  320/  847]
loss: 3.017540  [  576/  847]
loss: 2.772878  [  832/  847]
Average Training Loss: 0.810654
Val Loss: 2.8620 | C-index: 0.7003

Epoch 8
-------------------------------
loss: 2.916182  [   64/  847]
loss: 2.641981  [  320/  847]
loss: 2.806713  [  576/  847]
loss: 3.084349  [  832/  847]
Average Training Loss: 0.817802
Val Loss: 2.8829 | C-index: 0.6973

Epoch 9
-------------------------------
loss: 2.505675  [   64/  847]
loss: 2.640591  [  320/  847]
loss: 2.912850  [  576/  847]
loss: 3.155317  [  832/  847]
Average Training Loss: 0.801031
Val Loss: 2.8147 | C-index: 0.6953

Epoch 10
-------------------------------
loss: 2.630119  [   64/  847]
loss: 3.085034  [  320/  847]
loss: 2.815004  [  576/  847]
loss: 3.286902  [  832/  847]
Average Training Loss: 0.844076
Val Loss: 2.8842 | C-index: 0.7013

Epoch 11
-------------------------------
loss: 3.096252  [   64/  847]
loss: 3.140511  [  320/  847]
loss: 2.724581  [  576/  847]
loss: 2.669229  [  832/  847]
Average Training Loss: 0.830755
Val Loss: 2.8315 | C-index: 0.7012

Epoch 12
-------------------------------
loss: 3.253913  [   64/  847]
loss: 2.533374  [  320/  847]
loss: 2.862197  [  576/  847]
loss: 2.728982  [  832/  847]
Average Training Loss: 0.812748
Val Loss: 2.7741 | C-index: 0.7077

Epoch 13
-------------------------------
loss: 2.968791  [   64/  847]
loss: 3.060288  [  320/  847]
loss: 2.873888  [  576/  847]
loss: 2.561347  [  832/  847]
Average Training Loss: 0.818880
Val Loss: 2.8046 | C-index: 0.7040

Epoch 14
-------------------------------
loss: 2.739122  [   64/  847]
loss: 1.875223  [  320/  847]
loss: 2.787984  [  576/  847]
loss: 3.198305  [  832/  847]
Average Training Loss: 0.757188
Val Loss: 2.6983 | C-index: 0.7135

Epoch 15
-------------------------------
loss: 2.642870  [   64/  847]
loss: 2.958106  [  320/  847]
loss: 3.178095  [  576/  847]
loss: 2.807325  [  832/  847]
Average Training Loss: 0.827600
Val Loss: 2.7538 | C-index: 0.7168

Epoch 16
-------------------------------
loss: 2.318779  [   64/  847]
loss: 3.030151  [  320/  847]
loss: 2.900842  [  576/  847]
loss: 2.797024  [  832/  847]
Average Training Loss: 0.789057
Val Loss: 2.7738 | C-index: 0.7152

Epoch 17
-------------------------------
loss: 3.221675  [   64/  847]
loss: 3.817045  [  320/  847]
loss: 2.741649  [  576/  847]
loss: 3.112104  [  832/  847]
Average Training Loss: 0.920891
Val Loss: 2.7074 | C-index: 0.7217

Done!
Best C-Index = 0.7216742928945684 at Epoch 17
FINAL TEST Average Loss: 2.4258
FINAL TEST C-index: 0.6263
Bootstrap 95% CI: [0.4562, 0.7749]
Results saved to /Users/evan/Documents/GitHub/HyBINN/experiments/runs/clinical/seed_9/results.json
