train_hybinn.py log started 2026-06-05 21:36:47.395665
=========================================
Model Active Branches: ['binn', 'clinical']
=========================================

=========================================
FOLD 1/5
=========================================

Epoch 1
-------------------------------
loss: 2.660597  [   64/  677]
loss: 2.968280  [  256/  677]
loss: 3.067560  [  448/  677]
loss: 3.260854  [  640/  677]
Average Training Loss: 1.087026
Val Loss: 3.0651 | C-index: 0.7302

Epoch 2
-------------------------------
loss: 2.802665  [   64/  677]
loss: 2.607401  [  256/  677]
loss: 3.062134  [  448/  677]
loss: 3.095230  [  640/  677]
Average Training Loss: 1.051585
Val Loss: 3.0592 | C-index: 0.6892

Epoch 3
-------------------------------
loss: 2.667282  [   64/  677]
loss: 2.295371  [  256/  677]
loss: 2.899036  [  448/  677]
loss: 2.806989  [  640/  677]
Average Training Loss: 0.969880
Val Loss: 3.0464 | C-index: 0.6736

Epoch 4
-------------------------------
loss: 2.611603  [   64/  677]
loss: 2.603493  [  256/  677]
loss: 2.968418  [  448/  677]
loss: 3.029409  [  640/  677]
Average Training Loss: 1.019357
Val Loss: 3.0235 | C-index: 0.6254

Epoch 5
-------------------------------
loss: 3.207503  [   64/  677]
loss: 3.120046  [  256/  677]
loss: 2.445733  [  448/  677]
loss: 3.232054  [  640/  677]
Average Training Loss: 1.091394
Val Loss: 3.0030 | C-index: 0.6366

Epoch 6
-------------------------------
loss: 2.707998  [   64/  677]
loss: 3.096992  [  256/  677]
loss: 2.220517  [  448/  677]
loss: 2.508330  [  640/  677]
Average Training Loss: 0.957621
Val Loss: 2.9969 | C-index: 0.6220

Stopping early at Epoch 6 since no C-Index improvement after 5 epochs.
Done!
Best C-Index = 0.7301509985387238 at Epoch 1

=========================================
FOLD 2/5
=========================================

Epoch 1
-------------------------------
loss: 2.875610  [   64/  677]
loss: 3.268299  [  256/  677]
loss: 3.140470  [  448/  677]
loss: 3.176354  [  640/  677]
Average Training Loss: 1.132794
Val Loss: 2.5777 | C-index: 0.3901

Epoch 2
-------------------------------
loss: 3.206874  [   64/  677]
loss: 3.068606  [  256/  677]
loss: 2.403693  [  448/  677]
loss: 3.155069  [  640/  677]
Average Training Loss: 1.075840
Val Loss: 2.5778 | C-index: 0.3793

Epoch 3
-------------------------------
loss: 1.276144  [   64/  677]
loss: 3.256087  [  256/  677]
loss: 2.933361  [  448/  677]
loss: 2.768833  [  640/  677]
Average Training Loss: 0.930402
Val Loss: 2.5854 | C-index: 0.3692

Epoch 4
-------------------------------
loss: 3.144715  [   64/  677]
loss: 2.556050  [  256/  677]
loss: 3.150314  [  448/  677]
loss: 2.771106  [  640/  677]
Average Training Loss: 1.056562
Val Loss: 2.6075 | C-index: 0.3976

Epoch 5
-------------------------------
loss: 3.097850  [   64/  677]
loss: 3.197788  [  256/  677]
loss: 2.858296  [  448/  677]
loss: 2.605278  [  640/  677]
Average Training Loss: 1.069019
Val Loss: 2.5970 | C-index: 0.4679

Epoch 6
-------------------------------
loss: 3.081677  [   64/  677]
loss: 2.622864  [  256/  677]
loss: 2.778093  [  448/  677]
loss: 2.987871  [  640/  677]
Average Training Loss: 1.042773
Val Loss: 2.5476 | C-index: 0.5936

Epoch 7
-------------------------------
loss: 2.953468  [   64/  677]
loss: 3.366807  [  256/  677]
loss: 2.764251  [  448/  677]
loss: 2.560134  [  640/  677]
Average Training Loss: 1.058605
Val Loss: 2.6000 | C-index: 0.6099

Epoch 8
-------------------------------
loss: 2.703589  [   64/  677]
loss: 2.912033  [  256/  677]
loss: 2.193475  [  448/  677]
loss: 2.446127  [  640/  677]
Average Training Loss: 0.932293
Val Loss: 2.6265 | C-index: 0.6275

Epoch 9
-------------------------------
loss: 2.803842  [   64/  677]
loss: 2.322179  [  256/  677]
loss: 2.549888  [  448/  677]
loss: 2.309493  [  640/  677]
Average Training Loss: 0.907764
Val Loss: 2.5934 | C-index: 0.6295

Epoch 10
-------------------------------
loss: 2.067804  [   64/  677]
loss: 2.353592  [  256/  677]
loss: 2.725364  [  448/  677]
loss: 2.862699  [  640/  677]
Average Training Loss: 0.909951
Val Loss: 2.5636 | C-index: 0.6728

Epoch 11
-------------------------------
loss: 2.427203  [   64/  677]
loss: 2.281889  [  256/  677]
loss: 2.813628  [  448/  677]
loss: 2.543376  [  640/  677]
Average Training Loss: 0.915100
Val Loss: 2.5943 | C-index: 0.6579

Epoch 12
-------------------------------
loss: 2.250932  [   64/  677]
loss: 2.702555  [  256/  677]
loss: 2.371331  [  448/  677]
loss: 2.225075  [  640/  677]
Average Training Loss: 0.868172
Val Loss: 2.5727 | C-index: 0.6599

Epoch 13
-------------------------------
loss: 2.314407  [   64/  677]
loss: 2.341896  [  256/  677]
loss: 2.364702  [  448/  677]
loss: 2.211960  [  640/  677]
Average Training Loss: 0.839361
Val Loss: 2.5246 | C-index: 0.7153

Epoch 14
-------------------------------
loss: 1.846777  [   64/  677]
loss: 2.310456  [  256/  677]
loss: 2.531978  [  448/  677]
loss: 2.121902  [  640/  677]
Average Training Loss: 0.801010
Val Loss: 2.5434 | C-index: 0.6930

Epoch 15
-------------------------------
loss: 2.303257  [   64/  677]
loss: 2.451892  [  256/  677]
loss: 2.837210  [  448/  677]
loss: 1.952716  [  640/  677]
Average Training Loss: 0.867734
Val Loss: 2.5290 | C-index: 0.7181

Epoch 16
-------------------------------
loss: 2.680981  [   64/  677]
loss: 2.362773  [  256/  677]
loss: 2.418854  [  448/  677]
loss: 2.427892  [  640/  677]
Average Training Loss: 0.899136
Val Loss: 2.5442 | C-index: 0.7302

Epoch 17
-------------------------------
loss: 2.004357  [   64/  677]
loss: 2.449481  [  256/  677]
loss: 2.430248  [  448/  677]
loss: 2.729537  [  640/  677]
Average Training Loss: 0.873966
Val Loss: 2.5247 | C-index: 0.7275

Epoch 18
-------------------------------
loss: 2.408894  [   64/  677]
loss: 2.127426  [  256/  677]
loss: 1.902828  [  448/  677]
loss: 2.442287  [  640/  677]
Average Training Loss: 0.807403
Val Loss: 2.5308 | C-index: 0.7316

Epoch 19
-------------------------------
loss: 2.234319  [   64/  677]
loss: 2.411167  [  256/  677]
loss: 1.970257  [  448/  677]
loss: 2.330429  [  640/  677]
Average Training Loss: 0.813288
Val Loss: 2.5234 | C-index: 0.7417

Epoch 20
-------------------------------
loss: 2.507545  [   64/  677]
loss: 2.500541  [  256/  677]
loss: 2.065634  [  448/  677]
loss: 2.265303  [  640/  677]
Average Training Loss: 0.849002
Val Loss: 2.5109 | C-index: 0.7390

Epoch 21
-------------------------------
loss: 2.466429  [   64/  677]
loss: 2.384563  [  256/  677]
loss: 2.234777  [  448/  677]
loss: 1.561310  [  640/  677]
Average Training Loss: 0.786098
Val Loss: 2.5064 | C-index: 0.7410

Epoch 22
-------------------------------
loss: 2.330296  [   64/  677]
loss: 2.191282  [  256/  677]
loss: 2.195503  [  448/  677]
loss: 2.208661  [  640/  677]
Average Training Loss: 0.811431
Val Loss: 2.4868 | C-index: 0.7444

Epoch 23
-------------------------------
loss: 2.016909  [   64/  677]
loss: 2.073604  [  256/  677]
loss: 2.415949  [  448/  677]
loss: 2.262553  [  640/  677]
Average Training Loss: 0.797183
Val Loss: 2.4942 | C-index: 0.7478

Epoch 24
-------------------------------
loss: 2.085318  [   64/  677]
loss: 2.007636  [  256/  677]
loss: 2.300953  [  448/  677]
loss: 2.054912  [  640/  677]
Average Training Loss: 0.768074
Val Loss: 2.5148 | C-index: 0.7492

Epoch 25
-------------------------------
loss: 2.262647  [   64/  677]
loss: 2.366534  [  256/  677]
loss: 1.951920  [  448/  677]
loss: 2.476052  [  640/  677]
Average Training Loss: 0.823378
Val Loss: 2.5148 | C-index: 0.7444

Epoch 26
-------------------------------
loss: 1.972854  [   64/  677]
loss: 2.256232  [  256/  677]
loss: 2.533183  [  448/  677]
loss: 2.194091  [  640/  677]
Average Training Loss: 0.814215
Val Loss: 2.5016 | C-index: 0.7444

Epoch 27
-------------------------------
loss: 2.461358  [   64/  677]
loss: 2.041446  [  256/  677]
loss: 2.032166  [  448/  677]
loss: 2.528946  [  640/  677]
Average Training Loss: 0.823992
Val Loss: 2.5437 | C-index: 0.7343

Epoch 28
-------------------------------
loss: 2.671758  [   64/  677]
loss: 2.012374  [  256/  677]
loss: 2.189559  [  448/  677]
loss: 2.092113  [  640/  677]
Average Training Loss: 0.815073
Val Loss: 2.4340 | C-index: 0.7972

Epoch 29
-------------------------------
loss: 2.349617  [   64/  677]
loss: 1.520647  [  256/  677]
loss: 2.424289  [  448/  677]
loss: 2.218733  [  640/  677]
Average Training Loss: 0.773935
Val Loss: 2.4797 | C-index: 0.7742

Epoch 30
-------------------------------
loss: 2.135459  [   64/  677]
loss: 1.860516  [  256/  677]
loss: 2.097113  [  448/  677]
loss: 2.279467  [  640/  677]
Average Training Loss: 0.761141
Val Loss: 2.5000 | C-index: 0.7529

Epoch 31
-------------------------------
loss: 2.520320  [   64/  677]
loss: 2.340123  [  256/  677]
loss: 2.231825  [  448/  677]
loss: 2.260360  [  640/  677]
Average Training Loss: 0.850239
Val Loss: 2.5524 | C-index: 0.7279

Epoch 32
-------------------------------
loss: 2.298302  [   64/  677]
loss: 2.047150  [  256/  677]
loss: 2.271575  [  448/  677]
loss: 1.727006  [  640/  677]
Average Training Loss: 0.758548
Val Loss: 2.4269 | C-index: 0.7809

Epoch 33
-------------------------------
loss: 2.054076  [   64/  677]
loss: 1.918994  [  256/  677]
loss: 2.048763  [  448/  677]
loss: 2.275109  [  640/  677]
Average Training Loss: 0.754267
Val Loss: 2.4544 | C-index: 0.7762

Stopping early at Epoch 33 since no C-Index improvement after 5 epochs.
Done!
Best C-Index = 0.7971602434077079 at Epoch 28

=========================================
FOLD 3/5
=========================================

Epoch 1
-------------------------------
loss: 2.906515  [   64/  678]
loss: 2.922533  [  256/  678]
loss: 2.473805  [  448/  678]
loss: 3.073750  [  640/  678]
Average Training Loss: 1.034237
Val Loss: 2.7921 | C-index: 0.6677

Epoch 2
-------------------------------
loss: 3.135578  [   64/  678]
loss: 3.365482  [  256/  678]
loss: 3.201835  [  448/  678]
loss: 2.749840  [  640/  678]
Average Training Loss: 1.132067
Val Loss: 2.7877 | C-index: 0.6876

Epoch 3
-------------------------------
loss: 3.799870  [   64/  678]
loss: 2.731407  [  256/  678]
loss: 3.418788  [  448/  678]
loss: 3.015813  [  640/  678]
Average Training Loss: 1.178716
Val Loss: 2.7783 | C-index: 0.6440

Epoch 4
-------------------------------
loss: 3.008000  [   64/  678]
loss: 2.277942  [  256/  678]
loss: 2.941823  [  448/  678]
loss: 2.926937  [  640/  678]
Average Training Loss: 1.014064
Val Loss: 2.7454 | C-index: 0.6523

Epoch 5
-------------------------------
loss: 3.191643  [   64/  678]
loss: 3.172076  [  256/  678]
loss: 3.140036  [  448/  678]
loss: 2.828984  [  640/  678]
Average Training Loss: 1.121158
Val Loss: 2.7220 | C-index: 0.6562

Epoch 6
-------------------------------
loss: 2.500200  [   64/  678]
loss: 2.705783  [  256/  678]
loss: 3.126756  [  448/  678]
loss: 2.786646  [  640/  678]
Average Training Loss: 1.010853
Val Loss: 2.6902 | C-index: 0.6665

Epoch 7
-------------------------------
loss: 2.875156  [   64/  678]
loss: 2.583210  [  256/  678]
loss: 3.276154  [  448/  678]
loss: 2.514045  [  640/  678]
Average Training Loss: 1.022597
Val Loss: 2.6911 | C-index: 0.6414

Stopping early at Epoch 7 since no C-Index improvement after 5 epochs.
Done!
Best C-Index = 0.6876202694034638 at Epoch 2

=========================================
FOLD 4/5
=========================================

Epoch 1
-------------------------------
loss: 3.551420  [   64/  678]
loss: 3.433245  [  256/  678]
loss: 2.339225  [  448/  678]
loss: 3.339493  [  640/  678]
Average Training Loss: 1.151217
Val Loss: 2.7563 | C-index: 0.6307

Epoch 2
-------------------------------
loss: 3.720286  [   64/  678]
loss: 3.523008  [  256/  678]
loss: 2.692922  [  448/  678]
loss: 3.197188  [  640/  678]
Average Training Loss: 1.193946
Val Loss: 2.7515 | C-index: 0.6395

Epoch 3
-------------------------------
loss: 2.507827  [   64/  678]
loss: 2.930712  [  256/  678]
loss: 2.827894  [  448/  678]
loss: 3.042268  [  640/  678]
Average Training Loss: 1.028064
Val Loss: 2.7433 | C-index: 0.5947

Epoch 4
-------------------------------
loss: 3.376164  [   64/  678]
loss: 2.687937  [  256/  678]
loss: 2.991049  [  448/  678]
loss: 2.900260  [  640/  678]
Average Training Loss: 1.086855
Val Loss: 2.7227 | C-index: 0.6049

Epoch 5
-------------------------------
loss: 2.915288  [   64/  678]
loss: 2.759045  [  256/  678]
loss: 3.056097  [  448/  678]
loss: 2.978780  [  640/  678]
Average Training Loss: 1.064474
Val Loss: 2.7289 | C-index: 0.5648

Epoch 6
-------------------------------
loss: 2.828882  [   64/  678]
loss: 3.330030  [  256/  678]
loss: 2.572549  [  448/  678]
loss: 2.996933  [  640/  678]
Average Training Loss: 1.066218
Val Loss: 2.7206 | C-index: 0.5533

Epoch 7
-------------------------------
loss: 2.756895  [   64/  678]
loss: 2.851653  [  256/  678]
loss: 2.787511  [  448/  678]
loss: 2.805794  [  640/  678]
Average Training Loss: 1.018350
Val Loss: 2.7318 | C-index: 0.5451

Stopping early at Epoch 7 since no C-Index improvement after 5 epochs.
Done!
Best C-Index = 0.639511201629328 at Epoch 2

=========================================
FOLD 5/5
=========================================

Epoch 1
-------------------------------
loss: 2.938427  [   64/  678]
loss: 2.903531  [  256/  678]
loss: 3.030048  [  448/  678]
loss: 2.604527  [  640/  678]
Average Training Loss: 1.043321
Val Loss: 2.7995 | C-index: 0.6581

Epoch 2
-------------------------------
loss: 2.429584  [   64/  678]
loss: 2.738900  [  256/  678]
loss: 2.771410  [  448/  678]
loss: 3.331261  [  640/  678]
Average Training Loss: 1.024650
Val Loss: 2.7965 | C-index: 0.6379

Epoch 3
-------------------------------
loss: 2.954728  [   64/  678]
loss: 2.669853  [  256/  678]
loss: 3.225146  [  448/  678]
loss: 2.980121  [  640/  678]
Average Training Loss: 1.075441
Val Loss: 2.7842 | C-index: 0.6434

Epoch 4
-------------------------------
loss: 2.607820  [   64/  678]
loss: 2.648358  [  256/  678]
loss: 2.914971  [  448/  678]
loss: 1.463251  [  640/  678]
Average Training Loss: 0.875855
Val Loss: 2.7679 | C-index: 0.6483

Epoch 5
-------------------------------
loss: 2.974467  [   64/  678]
loss: 2.864582  [  256/  678]
loss: 2.667150  [  448/  678]
loss: 3.252301  [  640/  678]
Average Training Loss: 1.068955
Val Loss: 2.7504 | C-index: 0.6559

Epoch 6
-------------------------------
loss: 2.927551  [   64/  678]
loss: 2.770483  [  256/  678]
loss: 3.229140  [  448/  678]
loss: 2.896914  [  640/  678]
Average Training Loss: 1.074917
Val Loss: 2.7546 | C-index: 0.6450

Stopping early at Epoch 6 since no C-Index improvement after 5 epochs.
Done!
Best C-Index = 0.6581243184296619 at Epoch 1

=========================================
CV training complete! Mean ± std C-index: 0.7025 ± 0.0564
Best epochs per fold: [1, 28, 2, 2, 1]

=========================================
Retraining model on full train+val for 7 epochs...
Epoch 1
-------------------------------
loss: 2.942656  [   64/  847]
loss: 2.963951  [  320/  847]
loss: 2.396451  [  576/  847]
loss: 3.519600  [  832/  847]
Average Training Loss: 0.844476
Val Loss: 2.9202 | C-index: 0.6449

Epoch 2
-------------------------------
loss: 2.889603  [   64/  847]
loss: 3.694932  [  320/  847]
loss: 2.871242  [  576/  847]
loss: 2.724469  [  832/  847]
Average Training Loss: 0.870018
Val Loss: 2.8358 | C-index: 0.6469

Epoch 3
-------------------------------
loss: 3.212259  [   64/  847]
loss: 3.493326  [  320/  847]
loss: 3.111311  [  576/  847]
loss: 3.137735  [  832/  847]
Average Training Loss: 0.925331
Val Loss: 2.7507 | C-index: 0.6386

Epoch 4
-------------------------------
loss: 2.137256  [   64/  847]
loss: 2.792071  [  320/  847]
loss: 2.376583  [  576/  847]
loss: 3.104699  [  832/  847]
Average Training Loss: 0.743615
Val Loss: 2.7501 | C-index: 0.6951

Epoch 5
-------------------------------
loss: 2.500827  [   64/  847]
loss: 3.356193  [  320/  847]
loss: 2.890663  [  576/  847]
loss: 2.399096  [  832/  847]
Average Training Loss: 0.796198
Val Loss: 2.7002 | C-index: 0.7499

Epoch 6
-------------------------------
loss: 2.964902  [   64/  847]
loss: 2.350534  [  320/  847]
loss: 2.439649  [  576/  847]
loss: 2.640327  [  832/  847]
Average Training Loss: 0.742529
Val Loss: 2.4751 | C-index: 0.8223

Epoch 7
-------------------------------
loss: 2.618026  [   64/  847]
loss: 2.528231  [  320/  847]
loss: 2.760592  [  576/  847]
loss: 1.745425  [  832/  847]
Average Training Loss: 0.689448
Val Loss: 2.5339 | C-index: 0.8550

Done!
Best C-Index = 0.854985971753293 at Epoch 7
FINAL TEST Average Loss: 2.3851
FINAL TEST C-index: 0.6741
Bootstrap 95% CI: [0.5732, 0.7744]
Top 10 activated pathways:
{'R-HSA-399955': 0.06950431317090988, 'R-HSA-9614657': 0.051244497299194336, 'R-HSA-4641265': 0.049799054861068726, 'R-HSA-9013507': 0.049469973891973495, 'R-HSA-2979096': 0.0479544922709465, 'R-HSA-8862803': 0.04469531774520874, 'R-HSA-1660661': 0.044575035572052, 'R-HSA-181430': 0.03829534724354744, 'R-HSA-5675482': 0.035591743886470795, 'R-HSA-977068': 0.035125069320201874}
Results saved to /Users/evan/Documents/GitHub/HyBINN/experiments/runs/binn_clinical/seed_1/results.json
