train_hybinn.py log started 2026-06-17 01:07:17.262598
=========================================
Model Active Branches: ['clinical']
=========================================

=========================================
FOLD 1/5
=========================================

Epoch 1
-------------------------------
loss: 3.319577  [   64/  677]
loss: 2.873236  [  256/  677]
loss: 3.047043  [  448/  677]
loss: 2.828447  [  640/  677]
Average Training Loss: 1.097119
Val Loss: 3.0707 | C-index: 0.6318

Epoch 2
-------------------------------
loss: 3.117034  [   64/  677]
loss: 2.512418  [  256/  677]
loss: 3.216432  [  448/  677]
loss: 2.853291  [  640/  677]
Average Training Loss: 1.063561
Val Loss: 3.0678 | C-index: 0.6253

Epoch 3
-------------------------------
loss: 3.008589  [   64/  677]
loss: 2.841660  [  256/  677]
loss: 2.684416  [  448/  677]
loss: 2.697638  [  640/  677]
Average Training Loss: 1.021118
Val Loss: 3.0644 | C-index: 0.6283

Epoch 4
-------------------------------
loss: 2.818507  [   64/  677]
loss: 2.623660  [  256/  677]
loss: 2.664440  [  448/  677]
loss: 2.802196  [  640/  677]
Average Training Loss: 0.991709
Val Loss: 3.0571 | C-index: 0.6283

Epoch 5
-------------------------------
loss: 3.102922  [   64/  677]
loss: 3.285619  [  256/  677]
loss: 2.607487  [  448/  677]
loss: 3.177275  [  640/  677]
Average Training Loss: 1.106664
Val Loss: 3.0457 | C-index: 0.6362

Epoch 6
-------------------------------
loss: 2.617054  [   64/  677]
loss: 2.590848  [  256/  677]
loss: 2.695902  [  448/  677]
loss: 2.983355  [  640/  677]
Average Training Loss: 0.989742
Val Loss: 3.0364 | C-index: 0.6372

Epoch 7
-------------------------------
loss: 2.881730  [   64/  677]
loss: 2.872959  [  256/  677]
loss: 2.957975  [  448/  677]
loss: 2.337600  [  640/  677]
Average Training Loss: 1.004569
Val Loss: 3.0320 | C-index: 0.6452

Epoch 8
-------------------------------
loss: 2.536983  [   64/  677]
loss: 3.182895  [  256/  677]
loss: 2.956237  [  448/  677]
loss: 3.060285  [  640/  677]
Average Training Loss: 1.066945
Val Loss: 3.0206 | C-index: 0.6491

Epoch 9
-------------------------------
loss: 2.318605  [   64/  677]
loss: 3.016028  [  256/  677]
loss: 2.689250  [  448/  677]
loss: 3.021791  [  640/  677]
Average Training Loss: 1.004152
Val Loss: 3.0052 | C-index: 0.6581

Epoch 10
-------------------------------
loss: 2.741907  [   64/  677]
loss: 2.245842  [  256/  677]
loss: 3.571371  [  448/  677]
loss: 2.403598  [  640/  677]
Average Training Loss: 0.996611
Val Loss: 2.9952 | C-index: 0.6576

Epoch 11
-------------------------------
loss: 3.274060  [   64/  677]
loss: 2.590959  [  256/  677]
loss: 3.131489  [  448/  677]
loss: 2.607309  [  640/  677]
Average Training Loss: 1.054893
Val Loss: 2.9806 | C-index: 0.6665

Epoch 12
-------------------------------
loss: 2.863998  [   64/  677]
loss: 2.933471  [  256/  677]
loss: 2.852783  [  448/  677]
loss: 2.623013  [  640/  677]
Average Training Loss: 1.024842
Val Loss: 2.9752 | C-index: 0.6754

Epoch 13
-------------------------------
loss: 2.629578  [   64/  677]
loss: 3.140110  [  256/  677]
loss: 2.724311  [  448/  677]
loss: 2.894892  [  640/  677]
Average Training Loss: 1.035354
Val Loss: 2.9667 | C-index: 0.6705

Epoch 14
-------------------------------
loss: 2.601581  [   64/  677]
loss: 2.930167  [  256/  677]
loss: 3.112975  [  448/  677]
loss: 3.118106  [  640/  677]
Average Training Loss: 1.069348
Val Loss: 2.9601 | C-index: 0.6789

Epoch 15
-------------------------------
loss: 2.449383  [   64/  677]
loss: 2.662848  [  256/  677]
loss: 2.775211  [  448/  677]
loss: 2.870888  [  640/  677]
Average Training Loss: 0.978030
Val Loss: 2.9466 | C-index: 0.6769

Epoch 16
-------------------------------
loss: 2.570324  [   64/  677]
loss: 2.400459  [  256/  677]
loss: 2.247041  [  448/  677]
loss: 3.263487  [  640/  677]
Average Training Loss: 0.952846
Val Loss: 2.9301 | C-index: 0.6784

Epoch 17
-------------------------------
loss: 3.053959  [   64/  677]
loss: 2.845659  [  256/  677]
loss: 2.595312  [  448/  677]
loss: 2.527053  [  640/  677]
Average Training Loss: 1.001999
Val Loss: 2.9213 | C-index: 0.6814

Epoch 18
-------------------------------
loss: 2.492532  [   64/  677]
loss: 2.218319  [  256/  677]
loss: 2.486835  [  448/  677]
loss: 3.044286  [  640/  677]
Average Training Loss: 0.931088
Val Loss: 2.9253 | C-index: 0.6873

Epoch 19
-------------------------------
loss: 2.274567  [   64/  677]
loss: 2.661954  [  256/  677]
loss: 2.270241  [  448/  677]
loss: 2.689205  [  640/  677]
Average Training Loss: 0.899633
Val Loss: 2.9150 | C-index: 0.6868

Epoch 20
-------------------------------
loss: 2.295540  [   64/  677]
loss: 2.867196  [  256/  677]
loss: 2.930008  [  448/  677]
loss: 3.015929  [  640/  677]
Average Training Loss: 1.009879
Val Loss: 2.9113 | C-index: 0.6988

Epoch 21
-------------------------------
loss: 2.747300  [   64/  677]
loss: 2.600097  [  256/  677]
loss: 2.835715  [  448/  677]
loss: 2.609497  [  640/  677]
Average Training Loss: 0.981146
Val Loss: 2.9055 | C-index: 0.7042

Epoch 22
-------------------------------
loss: 3.233699  [   64/  677]
loss: 2.571609  [  256/  677]
loss: 2.505986  [  448/  677]
loss: 2.556675  [  640/  677]
Average Training Loss: 0.987997
Val Loss: 2.9052 | C-index: 0.7186

Epoch 23
-------------------------------
loss: 2.523784  [   64/  677]
loss: 2.670180  [  256/  677]
loss: 2.677008  [  448/  677]
loss: 2.241220  [  640/  677]
Average Training Loss: 0.919290
Val Loss: 2.9008 | C-index: 0.7181

Epoch 24
-------------------------------
loss: 2.603952  [   64/  677]
loss: 2.757360  [  256/  677]
loss: 2.754670  [  448/  677]
loss: 2.991071  [  640/  677]
Average Training Loss: 1.009732
Val Loss: 2.8958 | C-index: 0.7127

Epoch 25
-------------------------------
loss: 2.357828  [   64/  677]
loss: 2.885957  [  256/  677]
loss: 2.423401  [  448/  677]
loss: 3.193146  [  640/  677]
Average Training Loss: 0.987303
Val Loss: 2.8936 | C-index: 0.7087

Epoch 26
-------------------------------
loss: 2.997982  [   64/  677]
loss: 2.560300  [  256/  677]
loss: 2.524209  [  448/  677]
loss: 2.647449  [  640/  677]
Average Training Loss: 0.975449
Val Loss: 2.8976 | C-index: 0.7042

Epoch 27
-------------------------------
loss: 2.675696  [   64/  677]
loss: 1.724204  [  256/  677]
loss: 2.885235  [  448/  677]
loss: 3.006478  [  640/  677]
Average Training Loss: 0.935601
Val Loss: 2.8952 | C-index: 0.7171

Stopping early at Epoch 27 since no C-Index improvement after 5 epochs.
Done!
Best C-Index = 0.7186104218362283 at Epoch 22

=========================================
FOLD 2/5
=========================================

Epoch 1
-------------------------------
loss: 3.133147  [   64/  677]
loss: 3.240998  [  256/  677]
loss: 3.534490  [  448/  677]
loss: 2.981066  [  640/  677]
Average Training Loss: 1.171791
Val Loss: 2.6209 | C-index: 0.5402

Epoch 2
-------------------------------
loss: 2.967030  [   64/  677]
loss: 3.452845  [  256/  677]
loss: 3.057458  [  448/  677]
loss: 2.832013  [  640/  677]
Average Training Loss: 1.119031
Val Loss: 2.6109 | C-index: 0.5436

Epoch 3
-------------------------------
loss: 3.250389  [   64/  677]
loss: 2.615282  [  256/  677]
loss: 3.012034  [  448/  677]
loss: 2.620610  [  640/  677]
Average Training Loss: 1.045301
Val Loss: 2.5988 | C-index: 0.5836

Epoch 4
-------------------------------
loss: 2.452102  [   64/  677]
loss: 3.447037  [  256/  677]
loss: 2.536186  [  448/  677]
loss: 3.189114  [  640/  677]
Average Training Loss: 1.056767
Val Loss: 2.5831 | C-index: 0.5756

Epoch 5
-------------------------------
loss: 2.609246  [   64/  677]
loss: 3.501954  [  256/  677]
loss: 2.905623  [  448/  677]
loss: 3.051194  [  640/  677]
Average Training Loss: 1.097092
Val Loss: 2.5757 | C-index: 0.5990

Epoch 6
-------------------------------
loss: 2.287971  [   64/  677]
loss: 3.039515  [  256/  677]
loss: 2.966919  [  448/  677]
loss: 3.268032  [  640/  677]
Average Training Loss: 1.051131
Val Loss: 2.5762 | C-index: 0.6129

Epoch 7
-------------------------------
loss: 2.974231  [   64/  677]
loss: 2.974709  [  256/  677]
loss: 2.671410  [  448/  677]
loss: 3.220525  [  640/  677]
Average Training Loss: 1.076443
Val Loss: 2.5663 | C-index: 0.5944

Epoch 8
-------------------------------
loss: 2.608896  [   64/  677]
loss: 2.808074  [  256/  677]
loss: 2.875074  [  448/  677]
loss: 2.813279  [  640/  677]
Average Training Loss: 1.009575
Val Loss: 2.5628 | C-index: 0.6015

Epoch 9
-------------------------------
loss: 2.381799  [   64/  677]
loss: 3.031968  [  256/  677]
loss: 3.058048  [  448/  677]
loss: 3.002165  [  640/  677]
Average Training Loss: 1.043089
Val Loss: 2.5788 | C-index: 0.6112

Epoch 10
-------------------------------
loss: 2.389776  [   64/  677]
loss: 3.442528  [  256/  677]
loss: 3.232963  [  448/  677]
loss: 2.802161  [  640/  677]
Average Training Loss: 1.078857
Val Loss: 2.5900 | C-index: 0.6129

Epoch 11
-------------------------------
loss: 2.730386  [   64/  677]
loss: 2.528212  [  256/  677]
loss: 2.795637  [  448/  677]
loss: 2.998520  [  640/  677]
Average Training Loss: 1.004796
Val Loss: 2.5595 | C-index: 0.6646

Epoch 12
-------------------------------
loss: 3.488781  [   64/  677]
loss: 2.704934  [  256/  677]
loss: 2.494574  [  448/  677]
loss: 2.716975  [  640/  677]
Average Training Loss: 1.036842
Val Loss: 2.5409 | C-index: 0.6537

Epoch 13
-------------------------------
loss: 3.021647  [   64/  677]
loss: 2.882358  [  256/  677]
loss: 2.469623  [  448/  677]
loss: 2.726164  [  640/  677]
Average Training Loss: 1.009072
Val Loss: 2.5324 | C-index: 0.6503

Epoch 14
-------------------------------
loss: 2.451075  [   64/  677]
loss: 2.956386  [  256/  677]
loss: 2.650310  [  448/  677]
loss: 2.868241  [  640/  677]
Average Training Loss: 0.993274
Val Loss: 2.5355 | C-index: 0.6552

Epoch 15
-------------------------------
loss: 1.237033  [   64/  677]
loss: 2.889000  [  256/  677]
loss: 2.956295  [  448/  677]
loss: 2.893470  [  640/  677]
Average Training Loss: 0.906891
Val Loss: 2.5206 | C-index: 0.6438

Epoch 16
-------------------------------
loss: 2.942324  [   64/  677]
loss: 2.364286  [  256/  677]
loss: 3.023833  [  448/  677]
loss: 2.589051  [  640/  677]
Average Training Loss: 0.992681
Val Loss: 2.5120 | C-index: 0.6218

Stopping early at Epoch 16 since no C-Index improvement after 5 epochs.
Done!
Best C-Index = 0.6645750142612664 at Epoch 11

=========================================
FOLD 3/5
=========================================

Epoch 1
-------------------------------
loss: 2.879347  [   64/  678]
loss: 2.826919  [  256/  678]
loss: 2.806801  [  448/  678]
loss: 2.829648  [  640/  678]
Average Training Loss: 1.031156
Val Loss: 3.0279 | C-index: 0.7206

Epoch 2
-------------------------------
loss: 3.074383  [   64/  678]
loss: 3.028494  [  256/  678]
loss: 2.369431  [  448/  678]
loss: 2.682993  [  640/  678]
Average Training Loss: 1.014118
Val Loss: 3.0221 | C-index: 0.7259

Epoch 3
-------------------------------
loss: 1.940664  [   64/  678]
loss: 2.184673  [  256/  678]
loss: 3.037809  [  448/  678]
loss: 3.074204  [  640/  678]
Average Training Loss: 0.930668
Val Loss: 3.0167 | C-index: 0.7060

Epoch 4
-------------------------------
loss: 3.160419  [   64/  678]
loss: 2.787237  [  256/  678]
loss: 2.932682  [  448/  678]
loss: 2.748902  [  640/  678]
Average Training Loss: 1.057204
Val Loss: 3.0037 | C-index: 0.7217

Epoch 5
-------------------------------
loss: 3.475408  [   64/  678]
loss: 2.609446  [  256/  678]
loss: 3.093566  [  448/  678]
loss: 2.746220  [  640/  678]
Average Training Loss: 1.084058
Val Loss: 2.9912 | C-index: 0.7275

Epoch 6
-------------------------------
loss: 2.818354  [   64/  678]
loss: 2.806468  [  256/  678]
loss: 2.559963  [  448/  678]
loss: 2.863081  [  640/  678]
Average Training Loss: 1.004351
Val Loss: 2.9727 | C-index: 0.7107

Epoch 7
-------------------------------
loss: 2.898460  [   64/  678]
loss: 2.621415  [  256/  678]
loss: 2.684427  [  448/  678]
loss: 3.072278  [  640/  678]
Average Training Loss: 1.025144
Val Loss: 2.9449 | C-index: 0.7369

Epoch 8
-------------------------------
loss: 2.857037  [   64/  678]
loss: 2.632205  [  256/  678]
loss: 2.381224  [  448/  678]
loss: 2.691167  [  640/  678]
Average Training Loss: 0.960149
Val Loss: 2.9405 | C-index: 0.7206

Epoch 9
-------------------------------
loss: 2.735190  [   64/  678]
loss: 2.920897  [  256/  678]
loss: 2.503257  [  448/  678]
loss: 2.533782  [  640/  678]
Average Training Loss: 0.972102
Val Loss: 2.9147 | C-index: 0.7243

Epoch 10
-------------------------------
loss: 2.992724  [   64/  678]
loss: 2.768525  [  256/  678]
loss: 2.752923  [  448/  678]
loss: 3.102391  [  640/  678]
Average Training Loss: 1.056051
Val Loss: 2.8984 | C-index: 0.7348

Epoch 11
-------------------------------
loss: 2.385582  [   64/  678]
loss: 2.678755  [  256/  678]
loss: 3.104801  [  448/  678]
loss: 3.174649  [  640/  678]
Average Training Loss: 1.031253
Val Loss: 2.8685 | C-index: 0.7411

Epoch 12
-------------------------------
loss: 3.095614  [   64/  678]
loss: 2.431672  [  256/  678]
loss: 2.407859  [  448/  678]
loss: 3.128835  [  640/  678]
Average Training Loss: 1.005816
Val Loss: 2.8481 | C-index: 0.7385

Epoch 13
-------------------------------
loss: 2.732698  [   64/  678]
loss: 2.688268  [  256/  678]
loss: 2.640291  [  448/  678]
loss: 2.605546  [  640/  678]
Average Training Loss: 0.969709
Val Loss: 2.8595 | C-index: 0.7379

Epoch 14
-------------------------------
loss: 2.437119  [   64/  678]
loss: 2.590703  [  256/  678]
loss: 2.487121  [  448/  678]
loss: 3.226974  [  640/  678]
Average Training Loss: 0.976538
Val Loss: 2.8186 | C-index: 0.7406

Epoch 15
-------------------------------
loss: 2.949231  [   64/  678]
loss: 2.504499  [  256/  678]
loss: 2.938936  [  448/  678]
loss: 2.735533  [  640/  678]
Average Training Loss: 1.011654
Val Loss: 2.8089 | C-index: 0.7510

Epoch 16
-------------------------------
loss: 3.229319  [   64/  678]
loss: 2.674415  [  256/  678]
loss: 2.972712  [  448/  678]
loss: 3.355794  [  640/  678]
Average Training Loss: 1.112022
Val Loss: 2.8180 | C-index: 0.7573

Epoch 17
-------------------------------
loss: 2.994418  [   64/  678]
loss: 2.933299  [  256/  678]
loss: 2.567236  [  448/  678]
loss: 2.789233  [  640/  678]
Average Training Loss: 1.025835
Val Loss: 2.8099 | C-index: 0.7904

Epoch 18
-------------------------------
loss: 2.633889  [   64/  678]
loss: 3.159384  [  256/  678]
loss: 2.475751  [  448/  678]
loss: 2.413753  [  640/  678]
Average Training Loss: 0.971161
Val Loss: 2.8196 | C-index: 0.7867

Epoch 19
-------------------------------
loss: 2.684383  [   64/  678]
loss: 3.288840  [  256/  678]
loss: 3.275892  [  448/  678]
loss: 2.502442  [  640/  678]
Average Training Loss: 1.068323
Val Loss: 2.8515 | C-index: 0.7516

Epoch 20
-------------------------------
loss: 2.750223  [   64/  678]
loss: 2.634864  [  256/  678]
loss: 3.063327  [  448/  678]
loss: 2.332769  [  640/  678]
Average Training Loss: 0.980108
Val Loss: 2.8195 | C-index: 0.7505

Epoch 21
-------------------------------
loss: 2.902209  [   64/  678]
loss: 2.400753  [  256/  678]
loss: 3.466071  [  448/  678]
loss: 3.348682  [  640/  678]
Average Training Loss: 1.101610
Val Loss: 2.8179 | C-index: 0.7757

Epoch 22
-------------------------------
loss: 2.691562  [   64/  678]
loss: 2.637167  [  256/  678]
loss: 2.736424  [  448/  678]
loss: 2.536410  [  640/  678]
Average Training Loss: 0.963778
Val Loss: 2.8376 | C-index: 0.7631

Stopping early at Epoch 22 since no C-Index improvement after 5 epochs.
Done!
Best C-Index = 0.790356394129979 at Epoch 17

=========================================
FOLD 4/5
=========================================

Epoch 1
-------------------------------
loss: 3.429247  [   64/  678]
loss: 2.942186  [  256/  678]
loss: 2.964028  [  448/  678]
loss: 3.539510  [  640/  678]
Average Training Loss: 1.170452
Val Loss: 2.2875 | C-index: 0.6214

Epoch 2
-------------------------------
loss: 2.999677  [   64/  678]
loss: 2.766880  [  256/  678]
loss: 3.379750  [  448/  678]
loss: 3.627633  [  640/  678]
Average Training Loss: 1.161267
Val Loss: 2.2816 | C-index: 0.6848

Epoch 3
-------------------------------
loss: 3.065837  [   64/  678]
loss: 3.199295  [  256/  678]
loss: 3.112146  [  448/  678]
loss: 2.971886  [  640/  678]
Average Training Loss: 1.122651
Val Loss: 2.2749 | C-index: 0.7174

Epoch 4
-------------------------------
loss: 3.376821  [   64/  678]
loss: 2.623350  [  256/  678]
loss: 3.191030  [  448/  678]
loss: 3.211778  [  640/  678]
Average Training Loss: 1.127543
Val Loss: 2.2673 | C-index: 0.7074

Epoch 5
-------------------------------
loss: 3.161370  [   64/  678]
loss: 3.183345  [  256/  678]
loss: 3.462268  [  448/  678]
loss: 2.919511  [  640/  678]
Average Training Loss: 1.156954
Val Loss: 2.2601 | C-index: 0.7111

Epoch 6
-------------------------------
loss: 2.966721  [   64/  678]
loss: 3.369301  [  256/  678]
loss: 3.221797  [  448/  678]
loss: 2.754380  [  640/  678]
Average Training Loss: 1.119291
Val Loss: 2.2525 | C-index: 0.7283

Epoch 7
-------------------------------
loss: 3.044586  [   64/  678]
loss: 3.212893  [  256/  678]
loss: 3.256361  [  448/  678]
loss: 3.658774  [  640/  678]
Average Training Loss: 1.197510
Val Loss: 2.2448 | C-index: 0.7355

Epoch 8
-------------------------------
loss: 2.859305  [   64/  678]
loss: 3.144416  [  256/  678]
loss: 3.122380  [  448/  678]
loss: 3.707000  [  640/  678]
Average Training Loss: 1.166646
Val Loss: 2.2457 | C-index: 0.7545

Epoch 9
-------------------------------
loss: 3.160272  [   64/  678]
loss: 3.007868  [  256/  678]
loss: 3.318938  [  448/  678]
loss: 2.665791  [  640/  678]
Average Training Loss: 1.104806
Val Loss: 2.2375 | C-index: 0.7591

Epoch 10
-------------------------------
loss: 1.994542  [   64/  678]
loss: 3.457235  [  256/  678]
loss: 3.370215  [  448/  678]
loss: 2.967092  [  640/  678]
Average Training Loss: 1.071735
Val Loss: 2.2261 | C-index: 0.7717

Epoch 11
-------------------------------
loss: 3.277998  [   64/  678]
loss: 2.399920  [  256/  678]
loss: 3.322312  [  448/  678]
loss: 2.687748  [  640/  678]
Average Training Loss: 1.062543
Val Loss: 2.1753 | C-index: 0.7926

Epoch 12
-------------------------------
loss: 3.214633  [   64/  678]
loss: 3.284039  [  256/  678]
loss: 3.180908  [  448/  678]
loss: 3.169954  [  640/  678]
Average Training Loss: 1.168139
Val Loss: 2.1605 | C-index: 0.7998

Epoch 13
-------------------------------
loss: 3.301706  [   64/  678]
loss: 2.770600  [  256/  678]
loss: 3.192789  [  448/  678]
loss: 3.028069  [  640/  678]
Average Training Loss: 1.117560
Val Loss: 2.1338 | C-index: 0.7962

Epoch 14
-------------------------------
loss: 3.024613  [   64/  678]
loss: 2.920927  [  256/  678]
loss: 3.271593  [  448/  678]
loss: 3.022636  [  640/  678]
Average Training Loss: 1.112706
Val Loss: 2.1164 | C-index: 0.7971

Epoch 15
-------------------------------
loss: 3.272206  [   64/  678]
loss: 2.672683  [  256/  678]
loss: 3.003217  [  448/  678]
loss: 2.924576  [  640/  678]
Average Training Loss: 1.079335
Val Loss: 2.1047 | C-index: 0.7871

Epoch 16
-------------------------------
loss: 2.666200  [   64/  678]
loss: 2.601158  [  256/  678]
loss: 2.747191  [  448/  678]
loss: 2.962422  [  640/  678]
Average Training Loss: 0.997906
Val Loss: 2.1172 | C-index: 0.7772

Epoch 17
-------------------------------
loss: 3.357981  [   64/  678]
loss: 3.360666  [  256/  678]
loss: 3.053869  [  448/  678]
loss: 2.988582  [  640/  678]
Average Training Loss: 1.160100
Val Loss: 2.0501 | C-index: 0.7835

Stopping early at Epoch 17 since no C-Index improvement after 5 epochs.
Done!
Best C-Index = 0.7998188405797102 at Epoch 12

=========================================
FOLD 5/5
=========================================

Epoch 1
-------------------------------
loss: 3.192697  [   64/  678]
loss: 3.306179  [  256/  678]
loss: 2.851863  [  448/  678]
loss: 2.928235  [  640/  678]
Average Training Loss: 1.116270
Val Loss: 2.8991 | C-index: 0.6425

Epoch 2
-------------------------------
loss: 2.845399  [   64/  678]
loss: 3.325144  [  256/  678]
loss: 3.259733  [  448/  678]
loss: 2.895406  [  640/  678]
Average Training Loss: 1.120517
Val Loss: 2.8938 | C-index: 0.6980

Epoch 3
-------------------------------
loss: 3.306417  [   64/  678]
loss: 3.251475  [  256/  678]
loss: 2.715230  [  448/  678]
loss: 2.445063  [  640/  678]
Average Training Loss: 1.065290
Val Loss: 2.8885 | C-index: 0.7476

Epoch 4
-------------------------------
loss: 3.075063  [   64/  678]
loss: 2.558544  [  256/  678]
loss: 2.885489  [  448/  678]
loss: 2.957995  [  640/  678]
Average Training Loss: 1.043372
Val Loss: 2.8830 | C-index: 0.7476

Epoch 5
-------------------------------
loss: 3.202896  [   64/  678]
loss: 2.543409  [  256/  678]
loss: 2.733485  [  448/  678]
loss: 3.233314  [  640/  678]
Average Training Loss: 1.064828
Val Loss: 2.8771 | C-index: 0.7637

Epoch 6
-------------------------------
loss: 2.695442  [   64/  678]
loss: 2.967306  [  256/  678]
loss: 3.171545  [  448/  678]
loss: 2.354020  [  640/  678]
Average Training Loss: 1.017119
Val Loss: 2.8699 | C-index: 0.7649

Epoch 7
-------------------------------
loss: 3.032169  [   64/  678]
loss: 2.872063  [  256/  678]
loss: 3.308282  [  448/  678]
loss: 2.573749  [  640/  678]
Average Training Loss: 1.071478
Val Loss: 2.8594 | C-index: 0.7727

Epoch 8
-------------------------------
loss: 2.189231  [   64/  678]
loss: 3.179888  [  256/  678]
loss: 3.135158  [  448/  678]
loss: 3.231612  [  640/  678]
Average Training Loss: 1.066899
Val Loss: 2.8467 | C-index: 0.7667

Epoch 9
-------------------------------
loss: 3.136791  [   64/  678]
loss: 2.715016  [  256/  678]
loss: 2.718820  [  448/  678]
loss: 3.611457  [  640/  678]
Average Training Loss: 1.107462
Val Loss: 2.8357 | C-index: 0.7464

Epoch 10
-------------------------------
loss: 3.400542  [   64/  678]
loss: 2.944903  [  256/  678]
loss: 2.895986  [  448/  678]
loss: 3.183938  [  640/  678]
Average Training Loss: 1.129579
Val Loss: 2.8229 | C-index: 0.7398

Epoch 11
-------------------------------
loss: 2.532837  [   64/  678]
loss: 3.035271  [  256/  678]
loss: 3.170430  [  448/  678]
loss: 2.726008  [  640/  678]
Average Training Loss: 1.042231
Val Loss: 2.8142 | C-index: 0.7602

Epoch 12
-------------------------------
loss: 2.919723  [   64/  678]
loss: 3.341261  [  256/  678]
loss: 2.966756  [  448/  678]
loss: 3.083798  [  640/  678]
Average Training Loss: 1.119231
Val Loss: 2.8076 | C-index: 0.7655

Stopping early at Epoch 12 since no C-Index improvement after 5 epochs.
Done!
Best C-Index = 0.772700119474313 at Epoch 7

=========================================
CV training complete! Mean ± std C-index: 0.7492 ± 0.0508
Best epochs per fold: [22, 11, 17, 12, 7]

=========================================
Retraining model on full train+val for 14 epochs...
Epoch 1
-------------------------------
loss: 3.123994  [   64/  847]
loss: 2.988602  [  320/  847]
loss: 2.440193  [  576/  847]
loss: 3.518870  [  832/  847]
Average Training Loss: 0.862261
Val Loss: 2.9152 | C-index: 0.6615

Epoch 2
-------------------------------
loss: 2.790551  [   64/  847]
loss: 2.682811  [  320/  847]
loss: 2.592333  [  576/  847]
loss: 3.215256  [  832/  847]
Average Training Loss: 0.805782
Val Loss: 2.8227 | C-index: 0.6802

Epoch 3
-------------------------------
loss: 3.306263  [   64/  847]
loss: 3.365361  [  320/  847]
loss: 2.915314  [  576/  847]
loss: 1.905557  [  832/  847]
Average Training Loss: 0.820892
Val Loss: 2.8051 | C-index: 0.6979

Epoch 4
-------------------------------
loss: 3.025033  [   64/  847]
loss: 3.496458  [  320/  847]
loss: 2.405216  [  576/  847]
loss: 2.508779  [  832/  847]
Average Training Loss: 0.816820
Val Loss: 2.7955 | C-index: 0.6963

Epoch 5
-------------------------------
loss: 3.424310  [   64/  847]
loss: 2.987308  [  320/  847]
loss: 3.059740  [  576/  847]
loss: 2.355482  [  832/  847]
Average Training Loss: 0.844774
Val Loss: 2.7179 | C-index: 0.7032

Epoch 6
-------------------------------
loss: 2.945735  [   64/  847]
loss: 3.332935  [  320/  847]
loss: 2.651120  [  576/  847]
loss: 2.531054  [  832/  847]
Average Training Loss: 0.818632
Val Loss: 2.8070 | C-index: 0.6937

Epoch 7
-------------------------------
loss: 2.465445  [   64/  847]
loss: 2.878474  [  320/  847]
loss: 2.968135  [  576/  847]
loss: 2.873803  [  832/  847]
Average Training Loss: 0.798990
Val Loss: 2.7476 | C-index: 0.6843

Epoch 8
-------------------------------
loss: 3.241098  [   64/  847]
loss: 2.587482  [  320/  847]
loss: 2.835525  [  576/  847]
loss: 2.657901  [  832/  847]
Average Training Loss: 0.808715
Val Loss: 2.7814 | C-index: 0.6804

Epoch 9
-------------------------------
loss: 3.032038  [   64/  847]
loss: 3.195654  [  320/  847]
loss: 2.384666  [  576/  847]
loss: 2.771372  [  832/  847]
Average Training Loss: 0.813124
Val Loss: 2.7609 | C-index: 0.6927

Epoch 10
-------------------------------
loss: 2.802663  [   64/  847]
loss: 1.697267  [  320/  847]
loss: 3.147905  [  576/  847]
loss: 3.224337  [  832/  847]
Average Training Loss: 0.776584
Val Loss: 2.7414 | C-index: 0.6972

Epoch 11
-------------------------------
loss: 3.257943  [   64/  847]
loss: 3.376696  [  320/  847]
loss: 2.901678  [  576/  847]
loss: 2.712239  [  832/  847]
Average Training Loss: 0.874897
Val Loss: 2.8023 | C-index: 0.6972

Epoch 12
-------------------------------
loss: 2.793211  [   64/  847]
loss: 2.564973  [  320/  847]
loss: 2.981271  [  576/  847]
loss: 3.051708  [  832/  847]
Average Training Loss: 0.813654
Val Loss: 2.7318 | C-index: 0.6998

Epoch 13
-------------------------------
loss: 3.044819  [   64/  847]
loss: 2.810706  [  320/  847]
loss: 2.507934  [  576/  847]
loss: 2.422153  [  832/  847]
Average Training Loss: 0.770401
Val Loss: 2.6712 | C-index: 0.7117

Epoch 14
-------------------------------
loss: 3.187636  [   64/  847]
loss: 2.901382  [  320/  847]
loss: 2.012571  [  576/  847]
loss: 2.530374  [  832/  847]
Average Training Loss: 0.759426
Val Loss: 2.6451 | C-index: 0.7183

Done!
Best C-Index = 0.7183252598410385 at Epoch 14
FINAL TEST Average Loss: 2.3822
FINAL TEST C-index: 0.6943
Bootstrap 95% CI: [0.5763, 0.8041]
Results saved to /Users/evan/Documents/GitHub/HyBINN/experiments/runs/clinical/seed_3/results.json
