train_hybinn.py log started 2026-06-17 00:58:16.584597
=========================================
Model Active Branches: ['binn']
=========================================

=========================================
FOLD 1/5
=========================================

Epoch 1
-------------------------------
loss: 2.790842  [   64/  677]
loss: 2.866689  [  256/  677]
loss: 3.350654  [  448/  677]
loss: 2.947675  [  640/  677]
Average Training Loss: 1.086896
Val Loss: 3.0716 | C-index: 0.4586

Epoch 2
-------------------------------
loss: 3.481526  [   64/  677]
loss: 2.881312  [  256/  677]
loss: 3.028867  [  448/  677]
loss: 2.542523  [  640/  677]
Average Training Loss: 1.084930
Val Loss: 3.0667 | C-index: 0.4645

Epoch 3
-------------------------------
loss: 2.441545  [   64/  677]
loss: 2.626503  [  256/  677]
loss: 3.180492  [  448/  677]
loss: 2.855071  [  640/  677]
Average Training Loss: 1.009419
Val Loss: 3.0551 | C-index: 0.4764

Epoch 4
-------------------------------
loss: 3.188798  [   64/  677]
loss: 3.584234  [  256/  677]
loss: 2.435950  [  448/  677]
loss: 2.738096  [  640/  677]
Average Training Loss: 1.086098
Val Loss: 3.0386 | C-index: 0.4983

Epoch 5
-------------------------------
loss: 2.878735  [   64/  677]
loss: 3.078293  [  256/  677]
loss: 2.553591  [  448/  677]
loss: 2.319063  [  640/  677]
Average Training Loss: 0.984516
Val Loss: 2.9841 | C-index: 0.5663

Epoch 6
-------------------------------
loss: 2.445189  [   64/  677]
loss: 2.427608  [  256/  677]
loss: 2.912251  [  448/  677]
loss: 3.018930  [  640/  677]
Average Training Loss: 0.982180
Val Loss: 2.9019 | C-index: 0.6501

Epoch 7
-------------------------------
loss: 2.839031  [   64/  677]
loss: 2.869575  [  256/  677]
loss: 2.849986  [  448/  677]
loss: 2.736396  [  640/  677]
Average Training Loss: 1.026817
Val Loss: 2.8092 | C-index: 0.7266

Epoch 8
-------------------------------
loss: 2.074190  [   64/  677]
loss: 2.635899  [  256/  677]
loss: 2.449095  [  448/  677]
loss: 2.795696  [  640/  677]
Average Training Loss: 0.904989
Val Loss: 2.8914 | C-index: 0.6571

Epoch 9
-------------------------------
loss: 2.598465  [   64/  677]
loss: 2.116401  [  256/  677]
loss: 2.108486  [  448/  677]
loss: 2.641976  [  640/  677]
Average Training Loss: 0.860484
Val Loss: 2.9244 | C-index: 0.6615

Epoch 10
-------------------------------
loss: 2.523918  [   64/  677]
loss: 2.170013  [  256/  677]
loss: 2.027629  [  448/  677]
loss: 2.074943  [  640/  677]
Average Training Loss: 0.799682
Val Loss: 2.8097 | C-index: 0.7122

Epoch 11
-------------------------------
loss: 2.602490  [   64/  677]
loss: 2.494039  [  256/  677]
loss: 2.492954  [  448/  677]
loss: 2.490348  [  640/  677]
Average Training Loss: 0.916348
Val Loss: 2.8129 | C-index: 0.7087

Epoch 12
-------------------------------
loss: 2.081889  [   64/  677]
loss: 2.098001  [  256/  677]
loss: 2.068697  [  448/  677]
loss: 1.958883  [  640/  677]
Average Training Loss: 0.746134
Val Loss: 2.8623 | C-index: 0.7112

Stopping early at Epoch 12 since no C-Index improvement after 5 epochs.
Done!
Best C-Index = 0.7265508684863523 at Epoch 7

=========================================
FOLD 2/5
=========================================

Epoch 1
-------------------------------
loss: 2.898171  [   64/  677]
loss: 2.845202  [  256/  677]
loss: 2.529727  [  448/  677]
loss: 2.909896  [  640/  677]
Average Training Loss: 1.016636
Val Loss: 2.6268 | C-index: 0.5699

Epoch 2
-------------------------------
loss: 3.056128  [   64/  677]
loss: 2.800138  [  256/  677]
loss: 2.837522  [  448/  677]
loss: 2.372525  [  640/  677]
Average Training Loss: 1.006028
Val Loss: 2.6172 | C-index: 0.5573

Epoch 3
-------------------------------
loss: 3.505702  [   64/  677]
loss: 2.975504  [  256/  677]
loss: 2.929587  [  448/  677]
loss: 2.834469  [  640/  677]
Average Training Loss: 1.113206
Val Loss: 2.6048 | C-index: 0.5545

Epoch 4
-------------------------------
loss: 3.347380  [   64/  677]
loss: 3.002105  [  256/  677]
loss: 3.226768  [  448/  677]
loss: 2.669391  [  640/  677]
Average Training Loss: 1.113240
Val Loss: 2.5793 | C-index: 0.5750

Epoch 5
-------------------------------
loss: 3.032352  [   64/  677]
loss: 2.566545  [  256/  677]
loss: 2.383004  [  448/  677]
loss: 2.986887  [  640/  677]
Average Training Loss: 0.997163
Val Loss: 2.5708 | C-index: 0.6001

Epoch 6
-------------------------------
loss: 2.763256  [   64/  677]
loss: 2.174901  [  256/  677]
loss: 3.124798  [  448/  677]
loss: 3.025161  [  640/  677]
Average Training Loss: 1.008011
Val Loss: 2.5872 | C-index: 0.6144

Epoch 7
-------------------------------
loss: 2.388523  [   64/  677]
loss: 2.619117  [  256/  677]
loss: 2.680820  [  448/  677]
loss: 2.531403  [  640/  677]
Average Training Loss: 0.929078
Val Loss: 2.6001 | C-index: 0.6395

Epoch 8
-------------------------------
loss: 1.982618  [   64/  677]
loss: 2.898198  [  256/  677]
loss: 2.706260  [  448/  677]
loss: 2.283190  [  640/  677]
Average Training Loss: 0.897297
Val Loss: 2.6893 | C-index: 0.6452

Epoch 9
-------------------------------
loss: 2.597578  [   64/  677]
loss: 2.027231  [  256/  677]
loss: 2.806757  [  448/  677]
loss: 2.270105  [  640/  677]
Average Training Loss: 0.881970
Val Loss: 2.7272 | C-index: 0.6440

Epoch 10
-------------------------------
loss: 2.507885  [   64/  677]
loss: 2.531514  [  256/  677]
loss: 2.271764  [  448/  677]
loss: 2.296082  [  640/  677]
Average Training Loss: 0.873386
Val Loss: 2.6826 | C-index: 0.6532

Epoch 11
-------------------------------
loss: 1.997954  [   64/  677]
loss: 2.538187  [  256/  677]
loss: 2.445888  [  448/  677]
loss: 2.006745  [  640/  677]
Average Training Loss: 0.817161
Val Loss: 2.7602 | C-index: 0.6651

Epoch 12
-------------------------------
loss: 2.469448  [   64/  677]
loss: 2.165741  [  256/  677]
loss: 2.428967  [  448/  677]
loss: 2.362873  [  640/  677]
Average Training Loss: 0.857003
Val Loss: 2.7542 | C-index: 0.6651

Epoch 13
-------------------------------
loss: 2.400705  [   64/  677]
loss: 2.043716  [  256/  677]
loss: 2.052046  [  448/  677]
loss: 2.049487  [  640/  677]
Average Training Loss: 0.776905
Val Loss: 2.6974 | C-index: 0.6509

Epoch 14
-------------------------------
loss: 2.058825  [   64/  677]
loss: 1.944026  [  256/  677]
loss: 1.901613  [  448/  677]
loss: 1.795486  [  640/  677]
Average Training Loss: 0.699995
Val Loss: 2.7363 | C-index: 0.6583

Epoch 15
-------------------------------
loss: 2.117737  [   64/  677]
loss: 2.022773  [  256/  677]
loss: 2.417438  [  448/  677]
loss: 2.114261  [  640/  677]
Average Training Loss: 0.788383
Val Loss: 2.8623 | C-index: 0.6343

Epoch 16
-------------------------------
loss: 2.121788  [   64/  677]
loss: 2.414436  [  256/  677]
loss: 2.251161  [  448/  677]
loss: 1.671664  [  640/  677]
Average Training Loss: 0.769005
Val Loss: 2.7151 | C-index: 0.6452

Stopping early at Epoch 16 since no C-Index improvement after 5 epochs.
Done!
Best C-Index = 0.6651454649172847 at Epoch 11

=========================================
FOLD 3/5
=========================================

Epoch 1
-------------------------------
loss: 2.675618  [   64/  678]
loss: 2.815100  [  256/  678]
loss: 2.895268  [  448/  678]
loss: 2.964524  [  640/  678]
Average Training Loss: 1.031865
Val Loss: 3.0318 | C-index: 0.5335

Epoch 2
-------------------------------
loss: 2.600045  [   64/  678]
loss: 3.356497  [  256/  678]
loss: 2.432228  [  448/  678]
loss: 3.190168  [  640/  678]
Average Training Loss: 1.052631
Val Loss: 3.0308 | C-index: 0.5299

Epoch 3
-------------------------------
loss: 2.978144  [   64/  678]
loss: 2.946660  [  256/  678]
loss: 2.511749  [  448/  678]
loss: 2.928826  [  640/  678]
Average Training Loss: 1.033216
Val Loss: 3.0380 | C-index: 0.5351

Epoch 4
-------------------------------
loss: 2.656876  [   64/  678]
loss: 2.922985  [  256/  678]
loss: 2.723698  [  448/  678]
loss: 2.683134  [  640/  678]
Average Training Loss: 0.998790
Val Loss: 3.0712 | C-index: 0.5367

Epoch 5
-------------------------------
loss: 3.006413  [   64/  678]
loss: 2.861193  [  256/  678]
loss: 2.779261  [  448/  678]
loss: 2.530839  [  640/  678]
Average Training Loss: 1.016155
Val Loss: 3.1036 | C-index: 0.5393

Epoch 6
-------------------------------
loss: 2.493641  [   64/  678]
loss: 2.440392  [  256/  678]
loss: 2.446035  [  448/  678]
loss: 2.781130  [  640/  678]
Average Training Loss: 0.923745
Val Loss: 3.0821 | C-index: 0.5351

Epoch 7
-------------------------------
loss: 2.402087  [   64/  678]
loss: 2.608634  [  256/  678]
loss: 2.361579  [  448/  678]
loss: 2.040571  [  640/  678]
Average Training Loss: 0.855716
Val Loss: 3.0405 | C-index: 0.5503

Epoch 8
-------------------------------
loss: 2.517369  [   64/  678]
loss: 2.252303  [  256/  678]
loss: 2.580130  [  448/  678]
loss: 2.625178  [  640/  678]
Average Training Loss: 0.906816
Val Loss: 3.0241 | C-index: 0.5639

Epoch 9
-------------------------------
loss: 2.499118  [   64/  678]
loss: 2.214130  [  256/  678]
loss: 2.531124  [  448/  678]
loss: 1.970878  [  640/  678]
Average Training Loss: 0.837750
Val Loss: 3.0207 | C-index: 0.5854

Epoch 10
-------------------------------
loss: 2.273918  [   64/  678]
loss: 1.807838  [  256/  678]
loss: 2.698047  [  448/  678]
loss: 1.931327  [  640/  678]
Average Training Loss: 0.791921
Val Loss: 3.0420 | C-index: 0.6059

Epoch 11
-------------------------------
loss: 2.079249  [   64/  678]
loss: 2.735524  [  256/  678]
loss: 2.338397  [  448/  678]
loss: 2.351324  [  640/  678]
Average Training Loss: 0.864045
Val Loss: 3.0102 | C-index: 0.6006

Epoch 12
-------------------------------
loss: 2.160501  [   64/  678]
loss: 2.220160  [  256/  678]
loss: 1.965729  [  448/  678]
loss: 1.807078  [  640/  678]
Average Training Loss: 0.741224
Val Loss: 3.0172 | C-index: 0.5854

Epoch 13
-------------------------------
loss: 2.329542  [   64/  678]
loss: 1.743912  [  256/  678]
loss: 1.337725  [  448/  678]
loss: 2.052388  [  640/  678]
Average Training Loss: 0.678506
Val Loss: 3.0368 | C-index: 0.5922

Epoch 14
-------------------------------
loss: 2.209395  [   64/  678]
loss: 2.048494  [  256/  678]
loss: 1.999704  [  448/  678]
loss: 2.353288  [  640/  678]
Average Training Loss: 0.782807
Val Loss: 3.0064 | C-index: 0.5802

Epoch 15
-------------------------------
loss: 1.930001  [   64/  678]
loss: 2.304486  [  256/  678]
loss: 1.684827  [  448/  678]
loss: 1.541008  [  640/  678]
Average Training Loss: 0.678211
Val Loss: 3.0298 | C-index: 0.5514

Stopping early at Epoch 15 since no C-Index improvement after 5 epochs.
Done!
Best C-Index = 0.6058700209643606 at Epoch 10

=========================================
FOLD 4/5
=========================================

Epoch 1
-------------------------------
loss: 3.377698  [   64/  678]
loss: 3.148508  [  256/  678]
loss: 2.952075  [  448/  678]
loss: 3.228269  [  640/  678]
Average Training Loss: 1.155141
Val Loss: 2.2861 | C-index: 0.7083

Epoch 2
-------------------------------
loss: 2.662337  [   64/  678]
loss: 3.000932  [  256/  678]
loss: 3.139549  [  448/  678]
loss: 3.198967  [  640/  678]
Average Training Loss: 1.091071
Val Loss: 2.2792 | C-index: 0.6658

Epoch 3
-------------------------------
loss: 3.353321  [   64/  678]
loss: 3.062303  [  256/  678]
loss: 2.636047  [  448/  678]
loss: 3.037420  [  640/  678]
Average Training Loss: 1.099008
Val Loss: 2.2532 | C-index: 0.6830

Epoch 4
-------------------------------
loss: 3.064899  [   64/  678]
loss: 2.876256  [  256/  678]
loss: 3.013720  [  448/  678]
loss: 3.201402  [  640/  678]
Average Training Loss: 1.105116
Val Loss: 2.1947 | C-index: 0.7183

Epoch 5
-------------------------------
loss: 3.531640  [   64/  678]
loss: 2.948654  [  256/  678]
loss: 2.969301  [  448/  678]
loss: 2.819565  [  640/  678]
Average Training Loss: 1.115378
Val Loss: 2.1158 | C-index: 0.7437

Epoch 6
-------------------------------
loss: 2.325680  [   64/  678]
loss: 2.708736  [  256/  678]
loss: 3.017217  [  448/  678]
loss: 2.588354  [  640/  678]
Average Training Loss: 0.967271
Val Loss: 2.1031 | C-index: 0.7319

Epoch 7
-------------------------------
loss: 2.748498  [   64/  678]
loss: 2.679285  [  256/  678]
loss: 2.368215  [  448/  678]
loss: 3.014421  [  640/  678]
Average Training Loss: 0.982765
Val Loss: 2.1112 | C-index: 0.7165

Epoch 8
-------------------------------
loss: 2.712160  [   64/  678]
loss: 2.941062  [  256/  678]
loss: 2.637088  [  448/  678]
loss: 2.579075  [  640/  678]
Average Training Loss: 0.988126
Val Loss: 2.2012 | C-index: 0.6947

Epoch 9
-------------------------------
loss: 2.860577  [   64/  678]
loss: 2.807990  [  256/  678]
loss: 2.494724  [  448/  678]
loss: 2.236641  [  640/  678]
Average Training Loss: 0.945448
Val Loss: 2.2283 | C-index: 0.6893

Epoch 10
-------------------------------
loss: 2.069619  [   64/  678]
loss: 2.384825  [  256/  678]
loss: 2.489579  [  448/  678]
loss: 2.609285  [  640/  678]
Average Training Loss: 0.868483
Val Loss: 2.2601 | C-index: 0.6757

Stopping early at Epoch 10 since no C-Index improvement after 5 epochs.
Done!
Best C-Index = 0.7436594202898551 at Epoch 5

=========================================
FOLD 5/5
=========================================

Epoch 1
-------------------------------
loss: 3.017695  [   64/  678]
loss: 2.815037  [  256/  678]
loss: 3.184233  [  448/  678]
loss: 2.493959  [  640/  678]
Average Training Loss: 1.046448
Val Loss: 2.9017 | C-index: 0.6016

Epoch 2
-------------------------------
loss: 2.993575  [   64/  678]
loss: 2.266812  [  256/  678]
loss: 3.543416  [  448/  678]
loss: 2.871593  [  640/  678]
Average Training Loss: 1.061400
Val Loss: 2.8971 | C-index: 0.5693

Epoch 3
-------------------------------
loss: 2.538944  [   64/  678]
loss: 3.523799  [  256/  678]
loss: 2.549414  [  448/  678]
loss: 2.801532  [  640/  678]
Average Training Loss: 1.037608
Val Loss: 2.8863 | C-index: 0.5717

Epoch 4
-------------------------------
loss: 3.005132  [   64/  678]
loss: 2.702428  [  256/  678]
loss: 2.766240  [  448/  678]
loss: 2.985504  [  640/  678]
Average Training Loss: 1.041755
Val Loss: 2.8631 | C-index: 0.5956

Epoch 5
-------------------------------
loss: 3.132017  [   64/  678]
loss: 1.983534  [  256/  678]
loss: 3.051719  [  448/  678]
loss: 3.175267  [  640/  678]
Average Training Loss: 1.031140
Val Loss: 2.8453 | C-index: 0.6272

Epoch 6
-------------------------------
loss: 2.283571  [   64/  678]
loss: 2.658671  [  256/  678]
loss: 2.508646  [  448/  678]
loss: 2.404574  [  640/  678]
Average Training Loss: 0.895951
Val Loss: 2.8282 | C-index: 0.6487

Epoch 7
-------------------------------
loss: 2.238405  [   64/  678]
loss: 2.318661  [  256/  678]
loss: 2.336227  [  448/  678]
loss: 2.556552  [  640/  678]
Average Training Loss: 0.859077
Val Loss: 2.8677 | C-index: 0.6774

Epoch 8
-------------------------------
loss: 2.246269  [   64/  678]
loss: 2.196842  [  256/  678]
loss: 2.777330  [  448/  678]
loss: 2.525930  [  640/  678]
Average Training Loss: 0.886034
Val Loss: 2.9061 | C-index: 0.6428

Epoch 9
-------------------------------
loss: 2.343024  [   64/  678]
loss: 2.681101  [  256/  678]
loss: 2.582776  [  448/  678]
loss: 2.418049  [  640/  678]
Average Training Loss: 0.911359
Val Loss: 2.9539 | C-index: 0.6392

Epoch 10
-------------------------------
loss: 1.964570  [   64/  678]
loss: 2.626264  [  256/  678]
loss: 2.321774  [  448/  678]
loss: 2.142878  [  640/  678]
Average Training Loss: 0.823226
Val Loss: 2.9626 | C-index: 0.6004

Epoch 11
-------------------------------
loss: 2.307651  [   64/  678]
loss: 1.975127  [  256/  678]
loss: 2.260939  [  448/  678]
loss: 1.779531  [  640/  678]
Average Training Loss: 0.756659
Val Loss: 3.0292 | C-index: 0.5526

Epoch 12
-------------------------------
loss: 2.038192  [   64/  678]
loss: 2.036672  [  256/  678]
loss: 2.037227  [  448/  678]
loss: 2.175291  [  640/  678]
Average Training Loss: 0.753398
Val Loss: 3.0261 | C-index: 0.5783

Stopping early at Epoch 12 since no C-Index improvement after 5 epochs.
Done!
Best C-Index = 0.6774193548387096 at Epoch 7

=========================================
CV training complete! Mean ± std C-index: 0.6837 ± 0.0487
Best epochs per fold: [7, 11, 10, 5, 7]

=========================================
Retraining model on full train+val for 8 epochs...
Epoch 1
-------------------------------
loss: 3.512732  [   64/  847]
loss: 2.620653  [  320/  847]
loss: 3.215785  [  576/  847]
loss: 3.626740  [  832/  847]
Average Training Loss: 0.926851
Val Loss: 2.8990 | C-index: 0.6323

Epoch 2
-------------------------------
loss: 3.131858  [   64/  847]
loss: 3.173048  [  320/  847]
loss: 3.403092  [  576/  847]
loss: 2.812526  [  832/  847]
Average Training Loss: 0.894323
Val Loss: 2.9354 | C-index: 0.6759

Epoch 3
-------------------------------
loss: 3.074714  [   64/  847]
loss: 3.310156  [  320/  847]
loss: 2.888775  [  576/  847]
loss: 2.721481  [  832/  847]
Average Training Loss: 0.856795
Val Loss: 2.8857 | C-index: 0.6835

Epoch 4
-------------------------------
loss: 3.012923  [   64/  847]
loss: 2.867238  [  320/  847]
loss: 2.625598  [  576/  847]
loss: 3.184759  [  832/  847]
Average Training Loss: 0.835037
Val Loss: 2.6989 | C-index: 0.7266

Epoch 5
-------------------------------
loss: 2.220329  [   64/  847]
loss: 2.722004  [  320/  847]
loss: 2.399042  [  576/  847]
loss: 2.533252  [  832/  847]
Average Training Loss: 0.705330
Val Loss: 2.5610 | C-index: 0.7882

Epoch 6
-------------------------------
loss: 3.037254  [   64/  847]
loss: 2.612204  [  320/  847]
loss: 2.754549  [  576/  847]
loss: 2.167467  [  832/  847]
Average Training Loss: 0.755105
Val Loss: 2.4630 | C-index: 0.8337

Epoch 7
-------------------------------
loss: 3.065482  [   64/  847]
loss: 2.450370  [  320/  847]
loss: 2.421273  [  576/  847]
loss: 2.535773  [  832/  847]
Average Training Loss: 0.748064
Val Loss: 2.3072 | C-index: 0.8581

Epoch 8
-------------------------------
loss: 2.426049  [   64/  847]
loss: 2.383704  [  320/  847]
loss: 2.305437  [  576/  847]
loss: 2.673502  [  832/  847]
Average Training Loss: 0.699192
Val Loss: 2.2660 | C-index: 0.8912

Done!
Best C-Index = 0.8911724592014297 at Epoch 8
FINAL TEST Average Loss: 2.3600
FINAL TEST C-index: 0.6884
Bootstrap 95% CI: [0.5888, 0.7937]
Top 10 activated pathways:
{'R-HSA-9022692': 0.05688448250293732, 'R-HSA-9696270': 0.0516543835401535, 'R-HSA-2142691': 0.051582638174295425, 'R-HSA-77289': 0.050732824951410294, 'R-HSA-9772572': 0.05028967559337616, 'R-HSA-9932444': 0.04814973473548889, 'R-HSA-392851': 0.04622062295675278, 'R-HSA-159231': 0.04609556868672371, 'R-HSA-9709570': 0.04450036957859993, 'R-HSA-5083635': 0.044431231915950775}
Results saved to /Users/evan/Documents/GitHub/HyBINN/experiments/runs/binn/seed_3/results.json
