train_hybinn.py log started 2026-06-17 01:16:17.221922
=========================================
Model Active Branches: ['binn', 'clinical']
=========================================

=========================================
FOLD 1/5
=========================================

Epoch 1
-------------------------------
loss: 3.364039  [   64/  677]
loss: 2.992909  [  256/  677]
loss: 3.117918  [  448/  677]
loss: 2.698944  [  640/  677]
Average Training Loss: 1.106710
Val Loss: 3.1143 | C-index: 0.7125

Epoch 2
-------------------------------
loss: 2.473171  [   64/  677]
loss: 3.296188  [  256/  677]
loss: 3.248171  [  448/  677]
loss: 3.118711  [  640/  677]
Average Training Loss: 1.103295
Val Loss: 3.1097 | C-index: 0.7555

Epoch 3
-------------------------------
loss: 3.224945  [   64/  677]
loss: 3.056189  [  256/  677]
loss: 2.874755  [  448/  677]
loss: 2.821014  [  640/  677]
Average Training Loss: 1.088809
Val Loss: 3.0991 | C-index: 0.6989

Epoch 4
-------------------------------
loss: 3.041162  [   64/  677]
loss: 2.898403  [  256/  677]
loss: 3.425149  [  448/  677]
loss: 3.128333  [  640/  677]
Average Training Loss: 1.135732
Val Loss: 3.0766 | C-index: 0.6794

Epoch 5
-------------------------------
loss: 2.731237  [   64/  677]
loss: 3.078807  [  256/  677]
loss: 3.419845  [  448/  677]
loss: 2.420395  [  640/  677]
Average Training Loss: 1.059117
Val Loss: 3.0389 | C-index: 0.6769

Epoch 6
-------------------------------
loss: 2.414012  [   64/  677]
loss: 2.396265  [  256/  677]
loss: 3.282291  [  448/  677]
loss: 2.463346  [  640/  677]
Average Training Loss: 0.959629
Val Loss: 2.9987 | C-index: 0.6842

Epoch 7
-------------------------------
loss: 3.061119  [   64/  677]
loss: 2.417400  [  256/  677]
loss: 2.798702  [  448/  677]
loss: 2.735370  [  640/  677]
Average Training Loss: 1.001145
Val Loss: 2.9992 | C-index: 0.6881

Stopping early at Epoch 7 since no C-Index improvement after 5 epochs.
Done!
Best C-Index = 0.7554904831625183 at Epoch 2

=========================================
FOLD 2/5
=========================================

Epoch 1
-------------------------------
loss: 3.210395  [   64/  677]
loss: 3.072566  [  256/  677]
loss: 2.733452  [  448/  677]
loss: 2.716991  [  640/  677]
Average Training Loss: 1.066673
Val Loss: 3.0007 | C-index: 0.7528

Epoch 2
-------------------------------
loss: 2.207744  [   64/  677]
loss: 2.942904  [  256/  677]
loss: 3.280741  [  448/  677]
loss: 3.256178  [  640/  677]
Average Training Loss: 1.062506
Val Loss: 2.9970 | C-index: 0.7666

Epoch 3
-------------------------------
loss: 3.091074  [   64/  677]
loss: 3.095477  [  256/  677]
loss: 2.628100  [  448/  677]
loss: 2.779501  [  640/  677]
Average Training Loss: 1.054014
Val Loss: 2.9881 | C-index: 0.7539

Epoch 4
-------------------------------
loss: 3.376496  [   64/  677]
loss: 2.823526  [  256/  677]
loss: 2.955684  [  448/  677]
loss: 3.036535  [  640/  677]
Average Training Loss: 1.108386
Val Loss: 2.9597 | C-index: 0.7167

Epoch 5
-------------------------------
loss: 3.488614  [   64/  677]
loss: 3.112520  [  256/  677]
loss: 3.050808  [  448/  677]
loss: 2.506988  [  640/  677]
Average Training Loss: 1.105357
Val Loss: 2.9166 | C-index: 0.7300

Epoch 6
-------------------------------
loss: 3.123375  [   64/  677]
loss: 2.290174  [  256/  677]
loss: 2.507894  [  448/  677]
loss: 2.417892  [  640/  677]
Average Training Loss: 0.939940
Val Loss: 2.8754 | C-index: 0.7627

Epoch 7
-------------------------------
loss: 2.936981  [   64/  677]
loss: 3.029820  [  256/  677]
loss: 2.625314  [  448/  677]
loss: 2.542603  [  640/  677]
Average Training Loss: 1.012247
Val Loss: 2.8434 | C-index: 0.7627

Stopping early at Epoch 7 since no C-Index improvement after 5 epochs.
Done!
Best C-Index = 0.766629711751663 at Epoch 2

=========================================
FOLD 3/5
=========================================

Epoch 1
-------------------------------
loss: 3.104667  [   64/  678]
loss: 3.002123  [  256/  678]
loss: 3.639731  [  448/  678]
loss: 3.209669  [  640/  678]
Average Training Loss: 1.177835
Val Loss: 2.4202 | C-index: 0.6589

Epoch 2
-------------------------------
loss: 3.093183  [   64/  678]
loss: 3.409528  [  256/  678]
loss: 3.337017  [  448/  678]
loss: 1.902086  [  640/  678]
Average Training Loss: 1.067438
Val Loss: 2.4163 | C-index: 0.7484

Epoch 3
-------------------------------
loss: 3.048070  [   64/  678]
loss: 2.976752  [  256/  678]
loss: 3.781850  [  448/  678]
loss: 3.446496  [  640/  678]
Average Training Loss: 1.204834
Val Loss: 2.4021 | C-index: 0.7355

Epoch 4
-------------------------------
loss: 2.748021  [   64/  678]
loss: 2.969148  [  256/  678]
loss: 2.937981  [  448/  678]
loss: 2.722231  [  640/  678]
Average Training Loss: 1.034307
Val Loss: 2.3676 | C-index: 0.7355

Epoch 5
-------------------------------
loss: 2.862416  [   64/  678]
loss: 3.259264  [  256/  678]
loss: 2.668151  [  448/  678]
loss: 2.976247  [  640/  678]
Average Training Loss: 1.069643
Val Loss: 2.3202 | C-index: 0.7548

Epoch 6
-------------------------------
loss: 2.743093  [   64/  678]
loss: 2.737502  [  256/  678]
loss: 3.225404  [  448/  678]
loss: 2.984167  [  640/  678]
Average Training Loss: 1.062742
Val Loss: 2.3050 | C-index: 0.7371

Epoch 7
-------------------------------
loss: 2.270802  [   64/  678]
loss: 2.880738  [  256/  678]
loss: 2.883748  [  448/  678]
loss: 2.875578  [  640/  678]
Average Training Loss: 0.991897
Val Loss: 2.2897 | C-index: 0.7573

Epoch 8
-------------------------------
loss: 2.432070  [   64/  678]
loss: 2.334317  [  256/  678]
loss: 2.669698  [  448/  678]
loss: 2.191007  [  640/  678]
Average Training Loss: 0.875190
Val Loss: 2.2873 | C-index: 0.7419

Epoch 9
-------------------------------
loss: 2.657206  [   64/  678]
loss: 2.804457  [  256/  678]
loss: 2.609131  [  448/  678]
loss: 2.632518  [  640/  678]
Average Training Loss: 0.973028
Val Loss: 2.2638 | C-index: 0.7605

Epoch 10
-------------------------------
loss: 2.814497  [   64/  678]
loss: 2.763823  [  256/  678]
loss: 2.179867  [  448/  678]
loss: 2.576946  [  640/  678]
Average Training Loss: 0.939558
Val Loss: 2.2669 | C-index: 0.7476

Epoch 11
-------------------------------
loss: 2.553808  [   64/  678]
loss: 2.348466  [  256/  678]
loss: 2.614247  [  448/  678]
loss: 2.519518  [  640/  678]
Average Training Loss: 0.912367
Val Loss: 2.2356 | C-index: 0.7597

Epoch 12
-------------------------------
loss: 2.608446  [   64/  678]
loss: 2.435915  [  256/  678]
loss: 2.357782  [  448/  678]
loss: 2.591784  [  640/  678]
Average Training Loss: 0.908539
Val Loss: 2.2455 | C-index: 0.7540

Epoch 13
-------------------------------
loss: 2.167872  [   64/  678]
loss: 2.701940  [  256/  678]
loss: 2.403619  [  448/  678]
loss: 2.476151  [  640/  678]
Average Training Loss: 0.886326
Val Loss: 2.2274 | C-index: 0.7669

Epoch 14
-------------------------------
loss: 2.593736  [   64/  678]
loss: 2.461860  [  256/  678]
loss: 2.464871  [  448/  678]
loss: 2.118434  [  640/  678]
Average Training Loss: 0.876264
Val Loss: 2.2873 | C-index: 0.7645

Epoch 15
-------------------------------
loss: 2.274566  [   64/  678]
loss: 2.556142  [  256/  678]
loss: 2.472267  [  448/  678]
loss: 2.741850  [  640/  678]
Average Training Loss: 0.913166
Val Loss: 2.1937 | C-index: 0.7790

Epoch 16
-------------------------------
loss: 2.209249  [   64/  678]
loss: 2.202492  [  256/  678]
loss: 2.290182  [  448/  678]
loss: 2.412803  [  640/  678]
Average Training Loss: 0.828612
Val Loss: 2.1658 | C-index: 0.7766

Epoch 17
-------------------------------
loss: 2.605422  [   64/  678]
loss: 1.885627  [  256/  678]
loss: 2.428210  [  448/  678]
loss: 2.107144  [  640/  678]
Average Training Loss: 0.820582
Val Loss: 2.2111 | C-index: 0.7694

Epoch 18
-------------------------------
loss: 2.406127  [   64/  678]
loss: 2.416157  [  256/  678]
loss: 2.004993  [  448/  678]
loss: 2.335995  [  640/  678]
Average Training Loss: 0.833025
Val Loss: 2.1986 | C-index: 0.7823

Epoch 19
-------------------------------
loss: 2.200607  [   64/  678]
loss: 2.389842  [  256/  678]
loss: 1.913535  [  448/  678]
loss: 2.493375  [  640/  678]
Average Training Loss: 0.817942
Val Loss: 2.1617 | C-index: 0.7734

Epoch 20
-------------------------------
loss: 2.480239  [   64/  678]
loss: 2.286776  [  256/  678]
loss: 2.286875  [  448/  678]
loss: 2.663876  [  640/  678]
Average Training Loss: 0.883433
Val Loss: 2.1529 | C-index: 0.7629

Epoch 21
-------------------------------
loss: 1.640957  [   64/  678]
loss: 1.364777  [  256/  678]
loss: 2.151770  [  448/  678]
loss: 2.074698  [  640/  678]
Average Training Loss: 0.657473
Val Loss: 2.1418 | C-index: 0.7927

Epoch 22
-------------------------------
loss: 2.602431  [   64/  678]
loss: 2.197870  [  256/  678]
loss: 1.980560  [  448/  678]
loss: 2.359809  [  640/  678]
Average Training Loss: 0.830970
Val Loss: 2.2834 | C-index: 0.7339

Epoch 23
-------------------------------
loss: 2.582436  [   64/  678]
loss: 2.450096  [  256/  678]
loss: 2.319868  [  448/  678]
loss: 1.731743  [  640/  678]
Average Training Loss: 0.825831
Val Loss: 2.1527 | C-index: 0.7766

Epoch 24
-------------------------------
loss: 1.756834  [   64/  678]
loss: 1.951525  [  256/  678]
loss: 1.860817  [  448/  678]
loss: 2.420618  [  640/  678]
Average Training Loss: 0.726345
Val Loss: 2.1081 | C-index: 0.8081

Epoch 25
-------------------------------
loss: 2.163392  [   64/  678]
loss: 1.854594  [  256/  678]
loss: 2.227922  [  448/  678]
loss: 2.537150  [  640/  678]
Average Training Loss: 0.798460
Val Loss: 2.1425 | C-index: 0.7685

Epoch 26
-------------------------------
loss: 1.721688  [   64/  678]
loss: 2.457875  [  256/  678]
loss: 2.177543  [  448/  678]
loss: 2.231893  [  640/  678]
Average Training Loss: 0.780818
Val Loss: 2.1420 | C-index: 0.7629

Epoch 27
-------------------------------
loss: 1.477934  [   64/  678]
loss: 2.182199  [  256/  678]
loss: 2.354166  [  448/  678]
loss: 1.815818  [  640/  678]
Average Training Loss: 0.711829
Val Loss: 2.1488 | C-index: 0.7782

Epoch 28
-------------------------------
loss: 2.368652  [   64/  678]
loss: 1.359865  [  256/  678]
loss: 1.874484  [  448/  678]
loss: 1.999386  [  640/  678]
Average Training Loss: 0.691126
Val Loss: 2.1216 | C-index: 0.7387

Epoch 29
-------------------------------
loss: 2.322120  [   64/  678]
loss: 2.244619  [  256/  678]
loss: 2.251540  [  448/  678]
loss: 1.742753  [  640/  678]
Average Training Loss: 0.778276
Val Loss: 2.1125 | C-index: 0.7653

Stopping early at Epoch 29 since no C-Index improvement after 5 epochs.
Done!
Best C-Index = 0.8080645161290323 at Epoch 24

=========================================
FOLD 4/5
=========================================

Epoch 1
-------------------------------
loss: 3.048443  [   64/  678]
loss: 3.076310  [  256/  678]
loss: 2.990887  [  448/  678]
loss: 3.313447  [  640/  678]
Average Training Loss: 1.129917
Val Loss: 3.1419 | C-index: 0.6394

Epoch 2
-------------------------------
loss: 2.030951  [   64/  678]
loss: 2.850277  [  256/  678]
loss: 3.439239  [  448/  678]
loss: 2.520046  [  640/  678]
Average Training Loss: 0.985501
Val Loss: 3.1383 | C-index: 0.6238

Epoch 3
-------------------------------
loss: 2.933670  [   64/  678]
loss: 3.068511  [  256/  678]
loss: 3.146894  [  448/  678]
loss: 3.048343  [  640/  678]
Average Training Loss: 1.108856
Val Loss: 3.1364 | C-index: 0.5436

Epoch 4
-------------------------------
loss: 2.476433  [   64/  678]
loss: 2.576451  [  256/  678]
loss: 3.109708  [  448/  678]
loss: 3.063618  [  640/  678]
Average Training Loss: 1.020565
Val Loss: 3.1404 | C-index: 0.5264

Epoch 5
-------------------------------
loss: 2.653471  [   64/  678]
loss: 2.842597  [  256/  678]
loss: 2.854351  [  448/  678]
loss: 3.136797  [  640/  678]
Average Training Loss: 1.044292
Val Loss: 3.1520 | C-index: 0.5511

Epoch 6
-------------------------------
loss: 2.548542  [   64/  678]
loss: 3.117535  [  256/  678]
loss: 2.590559  [  448/  678]
loss: 3.238757  [  640/  678]
Average Training Loss: 1.045036
Val Loss: 3.1383 | C-index: 0.6098

Stopping early at Epoch 6 since no C-Index improvement after 5 epochs.
Done!
Best C-Index = 0.6393972012917115 at Epoch 1

=========================================
FOLD 5/5
=========================================

Epoch 1
-------------------------------
loss: 2.685012  [   64/  678]
loss: 3.425657  [  256/  678]
loss: 3.287753  [  448/  678]
loss: 3.477920  [  640/  678]
Average Training Loss: 1.170576
Val Loss: 2.5594 | C-index: 0.6233

Epoch 2
-------------------------------
loss: 2.952018  [   64/  678]
loss: 2.577827  [  256/  678]
loss: 2.955670  [  448/  678]
loss: 2.928197  [  640/  678]
Average Training Loss: 1.037610
Val Loss: 2.5550 | C-index: 0.5521

Epoch 3
-------------------------------
loss: 2.956824  [   64/  678]
loss: 3.116893  [  256/  678]
loss: 2.972275  [  448/  678]
loss: 3.102102  [  640/  678]
Average Training Loss: 1.104372
Val Loss: 2.5478 | C-index: 0.4815

Epoch 4
-------------------------------
loss: 3.137700  [   64/  678]
loss: 2.699826  [  256/  678]
loss: 3.351439  [  448/  678]
loss: 3.414183  [  640/  678]
Average Training Loss: 1.145741
Val Loss: 2.5166 | C-index: 0.4575

Epoch 5
-------------------------------
loss: 3.155989  [   64/  678]
loss: 3.043541  [  256/  678]
loss: 2.985366  [  448/  678]
loss: 2.700818  [  640/  678]
Average Training Loss: 1.080519
Val Loss: 2.5379 | C-index: 0.4644

Epoch 6
-------------------------------
loss: 3.379570  [   64/  678]
loss: 2.813325  [  256/  678]
loss: 2.728320  [  448/  678]
loss: 2.507557  [  640/  678]
Average Training Loss: 1.038979
Val Loss: 2.5405 | C-index: 0.4493

Stopping early at Epoch 6 since no C-Index improvement after 5 epochs.
Done!
Best C-Index = 0.6232876712328768 at Epoch 1

=========================================
CV training complete! Mean ± std C-index: 0.7186 ± 0.0735
Best epochs per fold: [2, 2, 24, 1, 1]

=========================================
Retraining model on full train+val for 6 epochs...
Epoch 1
-------------------------------
loss: 3.294764  [   64/  847]
loss: 3.101065  [  320/  847]
loss: 3.070691  [  576/  847]
loss: 2.838104  [  832/  847]
Average Training Loss: 0.878902
Val Loss: 2.8159 | C-index: 0.6657

Epoch 2
-------------------------------
loss: 3.019445  [   64/  847]
loss: 2.830101  [  320/  847]
loss: 3.123118  [  576/  847]
loss: 3.278356  [  832/  847]
Average Training Loss: 0.875073
Val Loss: 2.8529 | C-index: 0.7400

Epoch 3
-------------------------------
loss: 3.027689  [   64/  847]
loss: 2.914728  [  320/  847]
loss: 3.110288  [  576/  847]
loss: 3.108920  [  832/  847]
Average Training Loss: 0.868688
Val Loss: 2.7844 | C-index: 0.7130

Epoch 4
-------------------------------
loss: 2.965115  [   64/  847]
loss: 2.651305  [  320/  847]
loss: 2.955703  [  576/  847]
loss: 2.978098  [  832/  847]
Average Training Loss: 0.825016
Val Loss: 2.8053 | C-index: 0.7370

Epoch 5
-------------------------------
loss: 2.779219  [   64/  847]
loss: 2.800901  [  320/  847]
loss: 2.874624  [  576/  847]
loss: 2.785680  [  832/  847]
Average Training Loss: 0.802887
Val Loss: 2.6762 | C-index: 0.7893

Epoch 6
-------------------------------
loss: 2.700369  [   64/  847]
loss: 2.925217  [  320/  847]
loss: 2.802983  [  576/  847]
loss: 2.936832  [  832/  847]
Average Training Loss: 0.811814
Val Loss: 2.5498 | C-index: 0.8377

Done!
Best C-Index = 0.8377408701024069 at Epoch 6
FINAL TEST Average Loss: 2.5575
FINAL TEST C-index: 0.6674
Bootstrap 95% CI: [0.5374, 0.7834]
Top 10 activated pathways:
{'R-HSA-181429': 0.05632640793919563, 'R-HSA-418592': 0.05087011307477951, 'R-HSA-9843743': 0.04825954511761665, 'R-HSA-190861': 0.04567288979887962, 'R-HSA-1433559': 0.04389490559697151, 'R-HSA-202427': 0.04307123273611069, 'R-HSA-76071': 0.04264850914478302, 'R-HSA-5635838': 0.04216868430376053, 'R-HSA-9619483': 0.041870225220918655, 'R-HSA-168638': 0.040059465914964676}
Results saved to /Users/evan/Documents/GitHub/HyBINN/experiments/runs/binn_clinical/seed_2/results.json
