train_hybinn.py log started 2026-06-05 21:39:49.604839
=========================================
Model Active Branches: ['binn', 'clinical']
=========================================

=========================================
FOLD 1/5
=========================================

Epoch 1
-------------------------------
loss: 3.107556  [   64/  677]
loss: 3.014456  [  256/  677]
loss: 3.023945  [  448/  677]
loss: 3.474609  [  640/  677]
Average Training Loss: 1.147324
Val Loss: 3.0236 | C-index: 0.6442

Epoch 2
-------------------------------
loss: 3.083699  [   64/  677]
loss: 3.280324  [  256/  677]
loss: 2.959750  [  448/  677]
loss: 2.260250  [  640/  677]
Average Training Loss: 1.053093
Val Loss: 3.0196 | C-index: 0.6061

Epoch 3
-------------------------------
loss: 3.300362  [   64/  677]
loss: 2.070084  [  256/  677]
loss: 2.653094  [  448/  677]
loss: 3.420148  [  640/  677]
Average Training Loss: 1.040335
Val Loss: 3.0024 | C-index: 0.6040

Epoch 4
-------------------------------
loss: 3.107435  [   64/  677]
loss: 2.670862  [  256/  677]
loss: 2.543263  [  448/  677]
loss: 3.008783  [  640/  677]
Average Training Loss: 1.030031
Val Loss: 2.9670 | C-index: 0.6088

Epoch 5
-------------------------------
loss: 2.562151  [   64/  677]
loss: 2.956610  [  256/  677]
loss: 2.564811  [  448/  677]
loss: 2.792616  [  640/  677]
Average Training Loss: 0.988744
Val Loss: 2.9383 | C-index: 0.6302

Epoch 6
-------------------------------
loss: 2.708571  [   64/  677]
loss: 2.986660  [  256/  677]
loss: 2.640481  [  448/  677]
loss: 2.437796  [  640/  677]
Average Training Loss: 0.979410
Val Loss: 2.9082 | C-index: 0.7106

Epoch 7
-------------------------------
loss: 2.707938  [   64/  677]
loss: 2.935833  [  256/  677]
loss: 2.473198  [  448/  677]
loss: 2.490169  [  640/  677]
Average Training Loss: 0.964285
Val Loss: 2.9111 | C-index: 0.7288

Epoch 8
-------------------------------
loss: 2.418727  [   64/  677]
loss: 2.004906  [  256/  677]
loss: 2.600955  [  448/  677]
loss: 2.331972  [  640/  677]
Average Training Loss: 0.850596
Val Loss: 2.8563 | C-index: 0.7363

Epoch 9
-------------------------------
loss: 2.631603  [   64/  677]
loss: 2.498630  [  256/  677]
loss: 2.361447  [  448/  677]
loss: 2.445192  [  640/  677]
Average Training Loss: 0.903352
Val Loss: 2.8886 | C-index: 0.7492

Epoch 10
-------------------------------
loss: 2.548503  [   64/  677]
loss: 2.425952  [  256/  677]
loss: 2.278009  [  448/  677]
loss: 2.495450  [  640/  677]
Average Training Loss: 0.886174
Val Loss: 2.9007 | C-index: 0.7267

Epoch 11
-------------------------------
loss: 2.107942  [   64/  677]
loss: 2.284069  [  256/  677]
loss: 2.277511  [  448/  677]
loss: 2.402767  [  640/  677]
Average Training Loss: 0.824754
Val Loss: 2.9133 | C-index: 0.7497

Epoch 12
-------------------------------
loss: 2.686326  [   64/  677]
loss: 2.679832  [  256/  677]
loss: 2.406441  [  448/  677]
loss: 1.757667  [  640/  677]
Average Training Loss: 0.866388
Val Loss: 2.9646 | C-index: 0.7353

Epoch 13
-------------------------------
loss: 2.479853  [   64/  677]
loss: 2.358794  [  256/  677]
loss: 2.426527  [  448/  677]
loss: 2.383253  [  640/  677]
Average Training Loss: 0.877130
Val Loss: 2.9045 | C-index: 0.7540

Epoch 14
-------------------------------
loss: 2.159417  [   64/  677]
loss: 1.930380  [  256/  677]
loss: 2.333245  [  448/  677]
loss: 2.566839  [  640/  677]
Average Training Loss: 0.817262
Val Loss: 2.9342 | C-index: 0.7588

Epoch 15
-------------------------------
loss: 2.449782  [   64/  677]
loss: 1.790613  [  256/  677]
loss: 2.672382  [  448/  677]
loss: 2.344728  [  640/  677]
Average Training Loss: 0.841591
Val Loss: 2.9693 | C-index: 0.7578

Epoch 16
-------------------------------
loss: 1.912799  [   64/  677]
loss: 2.240124  [  256/  677]
loss: 2.540078  [  448/  677]
loss: 2.235316  [  640/  677]
Average Training Loss: 0.811665
Val Loss: 2.9365 | C-index: 0.7953

Epoch 17
-------------------------------
loss: 2.639951  [   64/  677]
loss: 2.218954  [  256/  677]
loss: 2.486601  [  448/  677]
loss: 1.749607  [  640/  677]
Average Training Loss: 0.826828
Val Loss: 2.9092 | C-index: 0.7937

Epoch 18
-------------------------------
loss: 2.354274  [   64/  677]
loss: 1.954016  [  256/  677]
loss: 2.280960  [  448/  677]
loss: 2.531889  [  640/  677]
Average Training Loss: 0.829195
Val Loss: 2.8827 | C-index: 0.7851

Epoch 19
-------------------------------
loss: 2.575234  [   64/  677]
loss: 2.062741  [  256/  677]
loss: 2.329319  [  448/  677]
loss: 2.021746  [  640/  677]
Average Training Loss: 0.817185
Val Loss: 2.7952 | C-index: 0.7921

Epoch 20
-------------------------------
loss: 1.955443  [   64/  677]
loss: 1.652657  [  256/  677]
loss: 2.494243  [  448/  677]
loss: 1.935945  [  640/  677]
Average Training Loss: 0.730753
Val Loss: 2.9236 | C-index: 0.7878

Epoch 21
-------------------------------
loss: 2.089725  [   64/  677]
loss: 2.377874  [  256/  677]
loss: 2.025424  [  448/  677]
loss: 2.139498  [  640/  677]
Average Training Loss: 0.784775
Val Loss: 2.8994 | C-index: 0.8006

Epoch 22
-------------------------------
loss: 2.110950  [   64/  677]
loss: 2.149255  [  256/  677]
loss: 2.038059  [  448/  677]
loss: 2.211862  [  640/  677]
Average Training Loss: 0.773648
Val Loss: 2.7955 | C-index: 0.8210

Epoch 23
-------------------------------
loss: 2.615280  [   64/  677]
loss: 2.256257  [  256/  677]
loss: 2.257590  [  448/  677]
loss: 2.041930  [  640/  677]
Average Training Loss: 0.833732
Val Loss: 2.8517 | C-index: 0.8108

Epoch 24
-------------------------------
loss: 2.381749  [   64/  677]
loss: 1.697820  [  256/  677]
loss: 1.970093  [  448/  677]
loss: 2.421270  [  640/  677]
Average Training Loss: 0.770085
Val Loss: 2.9193 | C-index: 0.7631

Epoch 25
-------------------------------
loss: 2.383751  [   64/  677]
loss: 2.474160  [  256/  677]
loss: 2.094048  [  448/  677]
loss: 1.725476  [  640/  677]
Average Training Loss: 0.788858
Val Loss: 2.9135 | C-index: 0.7947

Epoch 26
-------------------------------
loss: 2.341615  [   64/  677]
loss: 2.434925  [  256/  677]
loss: 2.056272  [  448/  677]
loss: 1.936875  [  640/  677]
Average Training Loss: 0.797244
Val Loss: 2.8866 | C-index: 0.7755

Epoch 27
-------------------------------
loss: 2.501508  [   64/  677]
loss: 2.390594  [  256/  677]
loss: 2.226146  [  448/  677]
loss: 2.114458  [  640/  677]
Average Training Loss: 0.839337
Val Loss: 2.9091 | C-index: 0.7760

Stopping early at Epoch 27 since no C-Index improvement after 5 epochs.
Done!
Best C-Index = 0.8210075026795284 at Epoch 22

=========================================
FOLD 2/5
=========================================

Epoch 1
-------------------------------
loss: 2.814467  [   64/  677]
loss: 3.008989  [  256/  677]
loss: 2.795163  [  448/  677]
loss: 2.819211  [  640/  677]
Average Training Loss: 1.039803
Val Loss: 2.9106 | C-index: 0.5468

Epoch 2
-------------------------------
loss: 2.972824  [   64/  677]
loss: 2.823523  [  256/  677]
loss: 2.786345  [  448/  677]
loss: 2.711381  [  640/  677]
Average Training Loss: 1.026734
Val Loss: 2.9071 | C-index: 0.5582

Epoch 3
-------------------------------
loss: 2.826972  [   64/  677]
loss: 3.081738  [  256/  677]
loss: 3.007247  [  448/  677]
loss: 2.661518  [  640/  677]
Average Training Loss: 1.052498
Val Loss: 2.8967 | C-index: 0.5651

Epoch 4
-------------------------------
loss: 3.026698  [   64/  677]
loss: 3.371384  [  256/  677]
loss: 2.567631  [  448/  677]
loss: 2.689185  [  640/  677]
Average Training Loss: 1.059536
Val Loss: 2.9053 | C-index: 0.5703

Epoch 5
-------------------------------
loss: 2.977845  [   64/  677]
loss: 2.867052  [  256/  677]
loss: 2.279404  [  448/  677]
loss: 2.648422  [  640/  677]
Average Training Loss: 0.979338
Val Loss: 2.9132 | C-index: 0.5892

Epoch 6
-------------------------------
loss: 2.765315  [   64/  677]
loss: 2.741342  [  256/  677]
loss: 2.871452  [  448/  677]
loss: 2.441409  [  640/  677]
Average Training Loss: 0.983593
Val Loss: 2.8690 | C-index: 0.6219

Epoch 7
-------------------------------
loss: 2.845852  [   64/  677]
loss: 2.830578  [  256/  677]
loss: 2.876614  [  448/  677]
loss: 2.814600  [  640/  677]
Average Training Loss: 1.033422
Val Loss: 2.8249 | C-index: 0.6770

Epoch 8
-------------------------------
loss: 2.666036  [   64/  677]
loss: 2.238205  [  256/  677]
loss: 2.554471  [  448/  677]
loss: 2.671893  [  640/  677]
Average Training Loss: 0.920964
Val Loss: 2.8160 | C-index: 0.6827

Epoch 9
-------------------------------
loss: 2.694381  [   64/  677]
loss: 2.742100  [  256/  677]
loss: 2.577415  [  448/  677]
loss: 2.184038  [  640/  677]
Average Training Loss: 0.927085
Val Loss: 2.7884 | C-index: 0.6908

Epoch 10
-------------------------------
loss: 3.070867  [   64/  677]
loss: 2.001998  [  256/  677]
loss: 2.651685  [  448/  677]
loss: 2.558170  [  640/  677]
Average Training Loss: 0.934793
Val Loss: 2.7580 | C-index: 0.7286

Epoch 11
-------------------------------
loss: 2.610591  [   64/  677]
loss: 2.535466  [  256/  677]
loss: 2.422165  [  448/  677]
loss: 2.726381  [  640/  677]
Average Training Loss: 0.935873
Val Loss: 2.7796 | C-index: 0.7131

Epoch 12
-------------------------------
loss: 2.691862  [   64/  677]
loss: 2.729891  [  256/  677]
loss: 2.001586  [  448/  677]
loss: 1.380502  [  640/  677]
Average Training Loss: 0.800349
Val Loss: 2.6598 | C-index: 0.7550

Epoch 13
-------------------------------
loss: 2.373985  [   64/  677]
loss: 2.128961  [  256/  677]
loss: 2.684953  [  448/  677]
loss: 2.784587  [  640/  677]
Average Training Loss: 0.906590
Val Loss: 2.7832 | C-index: 0.7085

Epoch 14
-------------------------------
loss: 2.538747  [   64/  677]
loss: 2.257169  [  256/  677]
loss: 2.837988  [  448/  677]
loss: 1.933859  [  640/  677]
Average Training Loss: 0.869797
Val Loss: 2.8227 | C-index: 0.6827

Epoch 15
-------------------------------
loss: 2.754725  [   64/  677]
loss: 2.579749  [  256/  677]
loss: 1.946040  [  448/  677]
loss: 2.401989  [  640/  677]
Average Training Loss: 0.880228
Val Loss: 2.7285 | C-index: 0.7022

Epoch 16
-------------------------------
loss: 2.391017  [   64/  677]
loss: 1.820088  [  256/  677]
loss: 2.228147  [  448/  677]
loss: 2.484546  [  640/  677]
Average Training Loss: 0.811254
Val Loss: 2.7638 | C-index: 0.6971

Epoch 17
-------------------------------
loss: 2.276906  [   64/  677]
loss: 2.485956  [  256/  677]
loss: 1.957657  [  448/  677]
loss: 2.518621  [  640/  677]
Average Training Loss: 0.839922
Val Loss: 2.7339 | C-index: 0.7103

Stopping early at Epoch 17 since no C-Index improvement after 5 epochs.
Done!
Best C-Index = 0.7550200803212851 at Epoch 12

=========================================
FOLD 3/5
=========================================

Epoch 1
-------------------------------
loss: 3.044919  [   64/  678]
loss: 2.755280  [  256/  678]
loss: 3.282169  [  448/  678]
loss: 2.628083  [  640/  678]
Average Training Loss: 1.064586
Val Loss: 2.9296 | C-index: 0.6765

Epoch 2
-------------------------------
loss: 3.061556  [   64/  678]
loss: 2.642258  [  256/  678]
loss: 2.990785  [  448/  678]
loss: 3.003631  [  640/  678]
Average Training Loss: 1.063475
Val Loss: 2.9253 | C-index: 0.6520

Epoch 3
-------------------------------
loss: 2.959504  [   64/  678]
loss: 2.995414  [  256/  678]
loss: 3.089935  [  448/  678]
loss: 3.224096  [  640/  678]
Average Training Loss: 1.115359
Val Loss: 2.9119 | C-index: 0.6086

Epoch 4
-------------------------------
loss: 1.973999  [   64/  678]
loss: 2.849759  [  256/  678]
loss: 2.908276  [  448/  678]
loss: 3.020112  [  640/  678]
Average Training Loss: 0.977468
Val Loss: 2.8918 | C-index: 0.5568

Epoch 5
-------------------------------
loss: 2.650053  [   64/  678]
loss: 3.102779  [  256/  678]
loss: 2.902360  [  448/  678]
loss: 2.779142  [  640/  678]
Average Training Loss: 1.039485
Val Loss: 2.8711 | C-index: 0.5724

Epoch 6
-------------------------------
loss: 2.785810  [   64/  678]
loss: 2.744164  [  256/  678]
loss: 3.158443  [  448/  678]
loss: 2.551591  [  640/  678]
Average Training Loss: 1.021819
Val Loss: 2.8223 | C-index: 0.6620

Stopping early at Epoch 6 since no C-Index improvement after 5 epochs.
Done!
Best C-Index = 0.6765033407572383 at Epoch 1

=========================================
FOLD 4/5
=========================================

Epoch 1
-------------------------------
loss: 3.442780  [   64/  678]
loss: 2.846510  [  256/  678]
loss: 2.907248  [  448/  678]
loss: 2.933489  [  640/  678]
Average Training Loss: 1.102730
Val Loss: 2.5032 | C-index: 0.5472

Epoch 2
-------------------------------
loss: 3.069298  [   64/  678]
loss: 3.095475  [  256/  678]
loss: 3.043415  [  448/  678]
loss: 1.886950  [  640/  678]
Average Training Loss: 1.008649
Val Loss: 2.5018 | C-index: 0.5581

Epoch 3
-------------------------------
loss: 3.176598  [   64/  678]
loss: 3.335515  [  256/  678]
loss: 2.819181  [  448/  678]
loss: 2.477224  [  640/  678]
Average Training Loss: 1.073502
Val Loss: 2.4992 | C-index: 0.5370

Epoch 4
-------------------------------
loss: 3.238605  [   64/  678]
loss: 3.449471  [  256/  678]
loss: 2.492207  [  448/  678]
loss: 2.837993  [  640/  678]
Average Training Loss: 1.092571
Val Loss: 2.4832 | C-index: 0.5214

Epoch 5
-------------------------------
loss: 2.546449  [   64/  678]
loss: 3.008253  [  256/  678]
loss: 2.785867  [  448/  678]
loss: 3.302532  [  640/  678]
Average Training Loss: 1.058464
Val Loss: 2.5062 | C-index: 0.5126

Epoch 6
-------------------------------
loss: 2.395177  [   64/  678]
loss: 2.813031  [  256/  678]
loss: 3.099870  [  448/  678]
loss: 3.271573  [  640/  678]
Average Training Loss: 1.052695
Val Loss: 2.4947 | C-index: 0.5568

Epoch 7
-------------------------------
loss: 2.839003  [   64/  678]
loss: 2.819221  [  256/  678]
loss: 2.511384  [  448/  678]
loss: 2.300332  [  640/  678]
Average Training Loss: 0.951813
Val Loss: 2.4917 | C-index: 0.5656

Epoch 8
-------------------------------
loss: 2.979195  [   64/  678]
loss: 2.472464  [  256/  678]
loss: 2.198476  [  448/  678]
loss: 2.856484  [  640/  678]
Average Training Loss: 0.955147
Val Loss: 2.4500 | C-index: 0.6091

Epoch 9
-------------------------------
loss: 2.825630  [   64/  678]
loss: 2.962886  [  256/  678]
loss: 2.645680  [  448/  678]
loss: 2.628707  [  640/  678]
Average Training Loss: 1.005718
Val Loss: 2.4246 | C-index: 0.6608

Epoch 10
-------------------------------
loss: 2.581049  [   64/  678]
loss: 2.572308  [  256/  678]
loss: 2.817141  [  448/  678]
loss: 2.655527  [  640/  678]
Average Training Loss: 0.966002
Val Loss: 2.4153 | C-index: 0.6785

Epoch 11
-------------------------------
loss: 2.529251  [   64/  678]
loss: 2.747631  [  256/  678]
loss: 2.801398  [  448/  678]
loss: 2.330108  [  640/  678]
Average Training Loss: 0.946217
Val Loss: 2.4072 | C-index: 0.6961

Epoch 12
-------------------------------
loss: 1.826247  [   64/  678]
loss: 2.860462  [  256/  678]
loss: 2.332738  [  448/  678]
loss: 2.499358  [  640/  678]
Average Training Loss: 0.865346
Val Loss: 2.4235 | C-index: 0.6730

Epoch 13
-------------------------------
loss: 2.138155  [   64/  678]
loss: 2.605757  [  256/  678]
loss: 1.910775  [  448/  678]
loss: 2.080068  [  640/  678]
Average Training Loss: 0.794069
Val Loss: 2.4367 | C-index: 0.6458

Epoch 14
-------------------------------
loss: 2.670103  [   64/  678]
loss: 2.256577  [  256/  678]
loss: 2.620848  [  448/  678]
loss: 2.002954  [  640/  678]
Average Training Loss: 0.868226
Val Loss: 2.4365 | C-index: 0.6832

Epoch 15
-------------------------------
loss: 2.519457  [   64/  678]
loss: 2.173249  [  256/  678]
loss: 2.249292  [  448/  678]
loss: 2.599122  [  640/  678]
Average Training Loss: 0.867375
Val Loss: 2.4578 | C-index: 0.6533

Epoch 16
-------------------------------
loss: 2.362460  [   64/  678]
loss: 2.190197  [  256/  678]
loss: 2.170474  [  448/  678]
loss: 2.528294  [  640/  678]
Average Training Loss: 0.841039
Val Loss: 2.4472 | C-index: 0.6832

Stopping early at Epoch 16 since no C-Index improvement after 5 epochs.
Done!
Best C-Index = 0.6961250849762066 at Epoch 11

=========================================
FOLD 5/5
=========================================

Epoch 1
-------------------------------
loss: 3.253446  [   64/  678]
loss: 2.625029  [  256/  678]
loss: 3.411079  [  448/  678]
loss: 2.714822  [  640/  678]
Average Training Loss: 1.091307
Val Loss: 2.6067 | C-index: 0.6202

Epoch 2
-------------------------------
loss: 3.119756  [   64/  678]
loss: 2.827759  [  256/  678]
loss: 3.230600  [  448/  678]
loss: 2.803430  [  640/  678]
Average Training Loss: 1.089231
Val Loss: 2.5991 | C-index: 0.6454

Epoch 3
-------------------------------
loss: 3.340267  [   64/  678]
loss: 2.952372  [  256/  678]
loss: 3.050314  [  448/  678]
loss: 2.597701  [  640/  678]
Average Training Loss: 1.085514
Val Loss: 2.5804 | C-index: 0.6155

Epoch 4
-------------------------------
loss: 2.870883  [   64/  678]
loss: 2.848785  [  256/  678]
loss: 2.583838  [  448/  678]
loss: 3.003021  [  640/  678]
Average Training Loss: 1.027866
Val Loss: 2.5466 | C-index: 0.5747

Epoch 5
-------------------------------
loss: 2.264581  [   64/  678]
loss: 3.241998  [  256/  678]
loss: 3.095107  [  448/  678]
loss: 2.866013  [  640/  678]
Average Training Loss: 1.042518
Val Loss: 2.5117 | C-index: 0.5700

Epoch 6
-------------------------------
loss: 2.705247  [   64/  678]
loss: 2.649600  [  256/  678]
loss: 3.168331  [  448/  678]
loss: 2.931902  [  640/  678]
Average Training Loss: 1.041371
Val Loss: 2.4651 | C-index: 0.5978

Epoch 7
-------------------------------
loss: 2.264034  [   64/  678]
loss: 3.174666  [  256/  678]
loss: 2.015687  [  448/  678]
loss: 2.395880  [  640/  678]
Average Training Loss: 0.895479
Val Loss: 2.4237 | C-index: 0.6576

Epoch 8
-------------------------------
loss: 2.138294  [   64/  678]
loss: 2.316913  [  256/  678]
loss: 2.648910  [  448/  678]
loss: 2.602972  [  640/  678]
Average Training Loss: 0.882463
Val Loss: 2.4064 | C-index: 0.6583

Epoch 9
-------------------------------
loss: 2.890824  [   64/  678]
loss: 2.698902  [  256/  678]
loss: 2.500414  [  448/  678]
loss: 2.804332  [  640/  678]
Average Training Loss: 0.990407
Val Loss: 2.4114 | C-index: 0.6535

Epoch 10
-------------------------------
loss: 2.359070  [   64/  678]
loss: 2.753453  [  256/  678]
loss: 2.786357  [  448/  678]
loss: 2.510387  [  640/  678]
Average Training Loss: 0.946297
Val Loss: 2.4116 | C-index: 0.6522

Epoch 11
-------------------------------
loss: 2.823793  [   64/  678]
loss: 1.896522  [  256/  678]
loss: 3.054401  [  448/  678]
loss: 2.692115  [  640/  678]
Average Training Loss: 0.951530
Val Loss: 2.4183 | C-index: 0.6583

Epoch 12
-------------------------------
loss: 2.629350  [   64/  678]
loss: 2.440095  [  256/  678]
loss: 2.737391  [  448/  678]
loss: 2.244428  [  640/  678]
Average Training Loss: 0.913751
Val Loss: 2.4321 | C-index: 0.6569

Epoch 13
-------------------------------
loss: 2.604253  [   64/  678]
loss: 2.450520  [  256/  678]
loss: 2.176280  [  448/  678]
loss: 1.696745  [  640/  678]
Average Training Loss: 0.811618
Val Loss: 2.4405 | C-index: 0.6338

Stopping early at Epoch 13 since no C-Index improvement after 5 epochs.
Done!
Best C-Index = 0.6582880434782609 at Epoch 8

=========================================
CV training complete! Mean ± std C-index: 0.7214 ± 0.0595
Best epochs per fold: [22, 12, 1, 11, 8]

=========================================
Retraining model on full train+val for 11 epochs...
Epoch 1
-------------------------------
loss: 2.959118  [   64/  847]
loss: 3.278642  [  320/  847]
loss: 2.760968  [  576/  847]
loss: 2.673748  [  832/  847]
Average Training Loss: 0.833748
Val Loss: 2.8999 | C-index: 0.6873

Epoch 2
-------------------------------
loss: 2.816405  [   64/  847]
loss: 3.212883  [  320/  847]
loss: 2.908643  [  576/  847]
loss: 3.097810  [  832/  847]
Average Training Loss: 0.859696
Val Loss: 2.8738 | C-index: 0.6995

Epoch 3
-------------------------------
loss: 2.818549  [   64/  847]
loss: 2.681601  [  320/  847]
loss: 3.468400  [  576/  847]
loss: 2.943620  [  832/  847]
Average Training Loss: 0.850869
Val Loss: 2.7667 | C-index: 0.7030

Epoch 4
-------------------------------
loss: 2.641860  [   64/  847]
loss: 3.162113  [  320/  847]
loss: 2.740829  [  576/  847]
loss: 3.312513  [  832/  847]
Average Training Loss: 0.846951
Val Loss: 2.7065 | C-index: 0.7134

Epoch 5
-------------------------------
loss: 2.815600  [   64/  847]
loss: 2.859850  [  320/  847]
loss: 2.915824  [  576/  847]
loss: 2.720936  [  832/  847]
Average Training Loss: 0.808015
Val Loss: 2.6759 | C-index: 0.7631

Epoch 6
-------------------------------
loss: 2.789032  [   64/  847]
loss: 2.918017  [  320/  847]
loss: 2.353020  [  576/  847]
loss: 2.743092  [  832/  847]
Average Training Loss: 0.771654
Val Loss: 2.5396 | C-index: 0.8480

Epoch 7
-------------------------------
loss: 2.519266  [   64/  847]
loss: 2.236728  [  320/  847]
loss: 3.226447  [  576/  847]
loss: 2.752887  [  832/  847]
Average Training Loss: 0.766809
Val Loss: 2.4983 | C-index: 0.8652

Epoch 8
-------------------------------
loss: 2.555723  [   64/  847]
loss: 2.696934  [  320/  847]
loss: 2.701095  [  576/  847]
loss: 2.827939  [  832/  847]
Average Training Loss: 0.770121
Val Loss: 2.3675 | C-index: 0.8873

Epoch 9
-------------------------------
loss: 2.404680  [   64/  847]
loss: 2.377425  [  320/  847]
loss: 2.339321  [  576/  847]
loss: 2.471064  [  832/  847]
Average Training Loss: 0.685178
Val Loss: 2.3849 | C-index: 0.8979

Epoch 10
-------------------------------
loss: 2.229145  [   64/  847]
loss: 2.678655  [  320/  847]
loss: 2.522497  [  576/  847]
loss: 2.622599  [  832/  847]
Average Training Loss: 0.718064
Val Loss: 2.4003 | C-index: 0.9143

Epoch 11
-------------------------------
loss: 2.645180  [   64/  847]
loss: 2.140512  [  320/  847]
loss: 2.373790  [  576/  847]
loss: 2.453796  [  832/  847]
Average Training Loss: 0.686663
Val Loss: 2.2187 | C-index: 0.9229

Done!
Best C-Index = 0.9229137368007055 at Epoch 11
FINAL TEST Average Loss: 2.3402
FINAL TEST C-index: 0.6830
Bootstrap 95% CI: [0.5566, 0.7969]
Top 10 activated pathways:
{'R-HSA-180292': 0.05913335457444191, 'R-HSA-77387': 0.0577327199280262, 'R-HSA-5693568': 0.05749763920903206, 'R-HSA-167238': 0.05315340310335159, 'R-HSA-76009': 0.05163124203681946, 'R-HSA-168274': 0.05018248036503792, 'R-HSA-111471': 0.049551624804735184, 'R-HSA-2243919': 0.04919525980949402, 'R-HSA-9024446': 0.04717014729976654, 'R-HSA-8982491': 0.04189569503068924}
Results saved to /Users/evan/Documents/GitHub/HyBINN/experiments/runs/binn_clinical/seed_7/results.json
