train_hybinn.py log started 2026-06-05 22:30:00.154414
=========================================
Model Active Branches: ['binn', 'gene', 'clinical']
=========================================

=========================================
FOLD 1/5
=========================================

Epoch 1
-------------------------------
loss: 2.730704  [   64/  677]
loss: 3.049634  [  256/  677]
loss: 2.614885  [  448/  677]
loss: 3.315329  [  640/  677]
Average Training Loss: 1.064596
Val Loss: 3.0225 | C-index: 0.5413

Epoch 2
-------------------------------
loss: 2.983323  [   64/  677]
loss: 2.246043  [  256/  677]
loss: 2.499899  [  448/  677]
loss: 2.924892  [  640/  677]
Average Training Loss: 0.968560
Val Loss: 3.0136 | C-index: 0.5498

Epoch 3
-------------------------------
loss: 2.834557  [   64/  677]
loss: 2.941025  [  256/  677]
loss: 2.279914  [  448/  677]
loss: 2.889428  [  640/  677]
Average Training Loss: 0.994993
Val Loss: 2.9777 | C-index: 0.6693

Epoch 4
-------------------------------
loss: 2.474523  [   64/  677]
loss: 2.611911  [  256/  677]
loss: 2.632966  [  448/  677]
loss: 2.631033  [  640/  677]
Average Training Loss: 0.940948
Val Loss: 2.9631 | C-index: 0.6988

Epoch 5
-------------------------------
loss: 2.276544  [   64/  677]
loss: 2.324848  [  256/  677]
loss: 2.119471  [  448/  677]
loss: 1.993133  [  640/  677]
Average Training Loss: 0.792181
Val Loss: 3.0145 | C-index: 0.7058

Epoch 6
-------------------------------
loss: 1.691437  [   64/  677]
loss: 2.014533  [  256/  677]
loss: 1.771949  [  448/  677]
loss: 1.862470  [  640/  677]
Average Training Loss: 0.667308
Val Loss: 3.1810 | C-index: 0.6549

Epoch 7
-------------------------------
loss: 1.461707  [   64/  677]
loss: 1.889504  [  256/  677]
loss: 1.685794  [  448/  677]
loss: 1.414668  [  640/  677]
Average Training Loss: 0.586516
Val Loss: 2.8647 | C-index: 0.7444

Epoch 8
-------------------------------
loss: 1.235776  [   64/  677]
loss: 1.903378  [  256/  677]
loss: 1.413792  [  448/  677]
loss: 1.189757  [  640/  677]
Average Training Loss: 0.522064
Val Loss: 2.9844 | C-index: 0.7267

Epoch 9
-------------------------------
loss: 1.722226  [   64/  677]
loss: 1.052095  [  256/  677]
loss: 1.590065  [  448/  677]
loss: 1.938045  [  640/  677]
Average Training Loss: 0.572948
Val Loss: 3.3690 | C-index: 0.6345

Epoch 10
-------------------------------
loss: 1.087254  [   64/  677]
loss: 1.226998  [  256/  677]
loss: 1.531764  [  448/  677]
loss: 1.239914  [  640/  677]
Average Training Loss: 0.462357
Val Loss: 3.5574 | C-index: 0.6265

Epoch 11
-------------------------------
loss: 1.494556  [   64/  677]
loss: 1.221275  [  256/  677]
loss: 1.015024  [  448/  677]
loss: 0.569249  [  640/  677]
Average Training Loss: 0.390919
Val Loss: 3.2380 | C-index: 0.6726

Epoch 12
-------------------------------
loss: 1.029185  [   64/  677]
loss: 1.130802  [  256/  677]
loss: 0.850552  [  448/  677]
loss: 1.023376  [  640/  677]
Average Training Loss: 0.366720
Val Loss: 3.2797 | C-index: 0.7015

Stopping early at Epoch 12 since no C-Index improvement after 5 epochs.
Done!
Best C-Index = 0.7443729903536977 at Epoch 7

=========================================
FOLD 2/5
=========================================

Epoch 1
-------------------------------
loss: 3.150571  [   64/  677]
loss: 2.600754  [  256/  677]
loss: 3.331353  [  448/  677]
loss: 2.406949  [  640/  677]
Average Training Loss: 1.044512
Val Loss: 2.9066 | C-index: 0.5628

Epoch 2
-------------------------------
loss: 2.857740  [   64/  677]
loss: 2.624566  [  256/  677]
loss: 2.826587  [  448/  677]
loss: 3.100695  [  640/  677]
Average Training Loss: 1.037235
Val Loss: 2.9152 | C-index: 0.5835

Epoch 3
-------------------------------
loss: 2.944888  [   64/  677]
loss: 2.216388  [  256/  677]
loss: 2.327301  [  448/  677]
loss: 2.429300  [  640/  677]
Average Training Loss: 0.901625
Val Loss: 2.9255 | C-index: 0.5726

Epoch 4
-------------------------------
loss: 2.691003  [   64/  677]
loss: 1.883428  [  256/  677]
loss: 2.492559  [  448/  677]
loss: 2.286245  [  640/  677]
Average Training Loss: 0.850294
Val Loss: 2.9811 | C-index: 0.5812

Epoch 5
-------------------------------
loss: 2.419570  [   64/  677]
loss: 1.923643  [  256/  677]
loss: 1.425645  [  448/  677]
loss: 2.365537  [  640/  677]
Average Training Loss: 0.739490
Val Loss: 2.9839 | C-index: 0.5944

Epoch 6
-------------------------------
loss: 1.729439  [   64/  677]
loss: 0.877274  [  256/  677]
loss: 1.528914  [  448/  677]
loss: 1.733805  [  640/  677]
Average Training Loss: 0.533585
Val Loss: 3.3156 | C-index: 0.5491

Epoch 7
-------------------------------
loss: 1.815753  [   64/  677]
loss: 1.733086  [  256/  677]
loss: 1.968846  [  448/  677]
loss: 1.630026  [  640/  677]
Average Training Loss: 0.649792
Val Loss: 2.9525 | C-index: 0.6517

Epoch 8
-------------------------------
loss: 1.569975  [   64/  677]
loss: 2.380466  [  256/  677]
loss: 1.803822  [  448/  677]
loss: 1.483873  [  640/  677]
Average Training Loss: 0.658012
Val Loss: 3.3290 | C-index: 0.6340

Epoch 9
-------------------------------
loss: 0.650417  [   64/  677]
loss: 1.407631  [  256/  677]
loss: 1.695360  [  448/  677]
loss: 1.295685  [  640/  677]
Average Training Loss: 0.459009
Val Loss: 3.1924 | C-index: 0.6632

Epoch 10
-------------------------------
loss: 0.969239  [   64/  677]
loss: 1.688763  [  256/  677]
loss: 1.361014  [  448/  677]
loss: 2.299144  [  640/  677]
Average Training Loss: 0.574378
Val Loss: 3.5816 | C-index: 0.6305

Epoch 11
-------------------------------
loss: 1.228937  [   64/  677]
loss: 1.553754  [  256/  677]
loss: 0.936303  [  448/  677]
loss: 1.028506  [  640/  677]
Average Training Loss: 0.431591
Val Loss: 2.8772 | C-index: 0.6609

Epoch 12
-------------------------------
loss: 1.102995  [   64/  677]
loss: 2.306896  [  256/  677]
loss: 0.961106  [  448/  677]
loss: 0.969407  [  640/  677]
Average Training Loss: 0.485491
Val Loss: 2.9345 | C-index: 0.6816

Epoch 13
-------------------------------
loss: 0.346809  [   64/  677]
loss: 1.074338  [  256/  677]
loss: 1.056098  [  448/  677]
loss: 1.044721  [  640/  677]
Average Training Loss: 0.320179
Val Loss: 2.8337 | C-index: 0.7057

Epoch 14
-------------------------------
loss: 1.552066  [   64/  677]
loss: 1.485100  [  256/  677]
loss: 1.243365  [  448/  677]
loss: 1.627653  [  640/  677]
Average Training Loss: 0.537108
Val Loss: 3.2789 | C-index: 0.6925

Epoch 15
-------------------------------
loss: 1.271097  [   64/  677]
loss: 0.725396  [  256/  677]
loss: 1.240924  [  448/  677]
loss: 0.753089  [  640/  677]
Average Training Loss: 0.362773
Val Loss: 2.9903 | C-index: 0.6919

Epoch 16
-------------------------------
loss: 0.962726  [   64/  677]
loss: 0.028417  [  256/  677]
loss: 0.887486  [  448/  677]
loss: 1.120101  [  640/  677]
Average Training Loss: 0.272612
Val Loss: 3.4061 | C-index: 0.6173

Epoch 17
-------------------------------
loss: 1.235023  [   64/  677]
loss: 1.960150  [  256/  677]
loss: 0.646653  [  448/  677]
loss: 1.809824  [  640/  677]
Average Training Loss: 0.513786
Val Loss: 3.0057 | C-index: 0.6701

Epoch 18
-------------------------------
loss: 1.335679  [   64/  677]
loss: 0.700532  [  256/  677]
loss: 0.710811  [  448/  677]
loss: 1.185502  [  640/  677]
Average Training Loss: 0.357502
Val Loss: 2.7541 | C-index: 0.7189

Epoch 19
-------------------------------
loss: 1.480850  [   64/  677]
loss: 0.850886  [  256/  677]
loss: 0.927910  [  448/  677]
loss: 0.654611  [  640/  677]
Average Training Loss: 0.355842
Val Loss: 3.2124 | C-index: 0.6558

Epoch 20
-------------------------------
loss: 0.509893  [   64/  677]
loss: 0.509075  [  256/  677]
loss: 1.051204  [  448/  677]
loss: 0.618559  [  640/  677]
Average Training Loss: 0.244430
Val Loss: 3.6658 | C-index: 0.6162

Epoch 21
-------------------------------
loss: 1.000970  [   64/  677]
loss: 0.458286  [  256/  677]
loss: 1.492752  [  448/  677]
loss: 0.731314  [  640/  677]
Average Training Loss: 0.334847
Val Loss: 3.2673 | C-index: 0.6299

Epoch 22
-------------------------------
loss: 1.195185  [   64/  677]
loss: 0.829692  [  256/  677]
loss: 1.328021  [  448/  677]
loss: 1.134857  [  640/  677]
Average Training Loss: 0.407978
Val Loss: 3.4748 | C-index: 0.6523

Epoch 23
-------------------------------
loss: 0.297420  [   64/  677]
loss: 1.024406  [  256/  677]
loss: 0.930148  [  448/  677]
loss: 0.753408  [  640/  677]
Average Training Loss: 0.273217
Val Loss: 3.1409 | C-index: 0.6535

Stopping early at Epoch 23 since no C-Index improvement after 5 epochs.
Done!
Best C-Index = 0.7188755020080321 at Epoch 18

=========================================
FOLD 3/5
=========================================

Epoch 1
-------------------------------
loss: 3.137254  [   64/  678]
loss: 3.241464  [  256/  678]
loss: 2.921560  [  448/  678]
loss: 2.981732  [  640/  678]
Average Training Loss: 1.116546
Val Loss: 2.9184 | C-index: 0.5329

Epoch 2
-------------------------------
loss: 2.798383  [   64/  678]
loss: 2.417140  [  256/  678]
loss: 3.133199  [  448/  678]
loss: 2.683785  [  640/  678]
Average Training Loss: 1.002955
Val Loss: 2.8859 | C-index: 0.6503

Epoch 3
-------------------------------
loss: 2.812879  [   64/  678]
loss: 2.338315  [  256/  678]
loss: 2.845024  [  448/  678]
loss: 3.287040  [  640/  678]
Average Training Loss: 1.025751
Val Loss: 2.8645 | C-index: 0.6481

Epoch 4
-------------------------------
loss: 2.894032  [   64/  678]
loss: 2.101050  [  256/  678]
loss: 2.352696  [  448/  678]
loss: 2.555170  [  640/  678]
Average Training Loss: 0.900268
Val Loss: 2.7458 | C-index: 0.7339

Epoch 5
-------------------------------
loss: 2.314710  [   64/  678]
loss: 1.860443  [  256/  678]
loss: 1.758720  [  448/  678]
loss: 1.898926  [  640/  678]
Average Training Loss: 0.712073
Val Loss: 2.8771 | C-index: 0.6498

Epoch 6
-------------------------------
loss: 1.529844  [   64/  678]
loss: 2.140714  [  256/  678]
loss: 2.013753  [  448/  678]
loss: 1.564830  [  640/  678]
Average Training Loss: 0.659013
Val Loss: 2.7235 | C-index: 0.7038

Epoch 7
-------------------------------
loss: 1.797260  [   64/  678]
loss: 1.820246  [  256/  678]
loss: 1.961845  [  448/  678]
loss: 1.089518  [  640/  678]
Average Training Loss: 0.606261
Val Loss: 2.8735 | C-index: 0.6559

Epoch 8
-------------------------------
loss: 1.619050  [   64/  678]
loss: 1.155783  [  256/  678]
loss: 1.932994  [  448/  678]
loss: 2.165469  [  640/  678]
Average Training Loss: 0.624845
Val Loss: 2.8876 | C-index: 0.6180

Epoch 9
-------------------------------
loss: 1.015924  [   64/  678]
loss: 1.689598  [  256/  678]
loss: 1.382831  [  448/  678]
loss: 1.127962  [  640/  678]
Average Training Loss: 0.474210
Val Loss: 3.1917 | C-index: 0.5596

Stopping early at Epoch 9 since no C-Index improvement after 5 epochs.
Done!
Best C-Index = 0.7338530066815144 at Epoch 4

=========================================
FOLD 4/5
=========================================

Epoch 1
-------------------------------
loss: 3.323943  [   64/  678]
loss: 3.313407  [  256/  678]
loss: 2.640147  [  448/  678]
loss: 3.180561  [  640/  678]
Average Training Loss: 1.132551
Val Loss: 2.4888 | C-index: 0.4895

Epoch 2
-------------------------------
loss: 2.985407  [   64/  678]
loss: 2.954500  [  256/  678]
loss: 3.415396  [  448/  678]
loss: 3.258198  [  640/  678]
Average Training Loss: 1.146682
Val Loss: 2.4522 | C-index: 0.5058

Epoch 3
-------------------------------
loss: 2.768770  [   64/  678]
loss: 2.258974  [  256/  678]
loss: 2.908043  [  448/  678]
loss: 2.372848  [  640/  678]
Average Training Loss: 0.937149
Val Loss: 2.3961 | C-index: 0.5772

Epoch 4
-------------------------------
loss: 2.852624  [   64/  678]
loss: 2.095619  [  256/  678]
loss: 2.125434  [  448/  678]
loss: 2.516274  [  640/  678]
Average Training Loss: 0.871814
Val Loss: 2.2948 | C-index: 0.6479

Epoch 5
-------------------------------
loss: 2.316171  [   64/  678]
loss: 2.475152  [  256/  678]
loss: 2.134304  [  448/  678]
loss: 2.044459  [  640/  678]
Average Training Loss: 0.815462
Val Loss: 2.3778 | C-index: 0.6071

Epoch 6
-------------------------------
loss: 1.971020  [   64/  678]
loss: 1.687757  [  256/  678]
loss: 1.492326  [  448/  678]
loss: 1.727696  [  640/  678]
Average Training Loss: 0.625345
Val Loss: 2.4115 | C-index: 0.5833

Epoch 7
-------------------------------
loss: 1.819330  [   64/  678]
loss: 1.771569  [  256/  678]
loss: 1.730128  [  448/  678]
loss: 1.935092  [  640/  678]
Average Training Loss: 0.659647
Val Loss: 2.6664 | C-index: 0.5901

Epoch 8
-------------------------------
loss: 2.330578  [   64/  678]
loss: 1.776967  [  256/  678]
loss: 2.199533  [  448/  678]
loss: 2.095982  [  640/  678]
Average Training Loss: 0.763915
Val Loss: 2.3577 | C-index: 0.6118

Epoch 9
-------------------------------
loss: 1.575159  [   64/  678]
loss: 1.089961  [  256/  678]
loss: 1.438140  [  448/  678]
loss: 1.485461  [  640/  678]
Average Training Loss: 0.508066
Val Loss: 2.4204 | C-index: 0.6111

Stopping early at Epoch 9 since no C-Index improvement after 5 epochs.
Done!
Best C-Index = 0.6478585995921142 at Epoch 4

=========================================
FOLD 5/5
=========================================

Epoch 1
-------------------------------
loss: 2.873414  [   64/  678]
loss: 2.998325  [  256/  678]
loss: 3.009916  [  448/  678]
loss: 2.698720  [  640/  678]
Average Training Loss: 1.052761
Val Loss: 2.5978 | C-index: 0.5408

Epoch 2
-------------------------------
loss: 2.701689  [   64/  678]
loss: 2.661049  [  256/  678]
loss: 3.343838  [  448/  678]
loss: 2.660174  [  640/  678]
Average Training Loss: 1.033341
Val Loss: 2.5689 | C-index: 0.5659

Epoch 3
-------------------------------
loss: 2.857876  [   64/  678]
loss: 3.129549  [  256/  678]
loss: 2.771534  [  448/  678]
loss: 3.008656  [  640/  678]
Average Training Loss: 1.069783
Val Loss: 2.5399 | C-index: 0.6012

Epoch 4
-------------------------------
loss: 3.045541  [   64/  678]
loss: 3.133769  [  256/  678]
loss: 2.641512  [  448/  678]
loss: 2.208694  [  640/  678]
Average Training Loss: 1.002683
Val Loss: 2.4268 | C-index: 0.6562

Epoch 5
-------------------------------
loss: 2.203762  [   64/  678]
loss: 1.811970  [  256/  678]
loss: 1.835637  [  448/  678]
loss: 2.442923  [  640/  678]
Average Training Loss: 0.754027
Val Loss: 2.4735 | C-index: 0.6821

Epoch 6
-------------------------------
loss: 2.334851  [   64/  678]
loss: 1.802192  [  256/  678]
loss: 1.892981  [  448/  678]
loss: 1.693131  [  640/  678]
Average Training Loss: 0.702105
Val Loss: 2.7079 | C-index: 0.6501

Epoch 7
-------------------------------
loss: 1.842091  [   64/  678]
loss: 1.516080  [  256/  678]
loss: 1.511562  [  448/  678]
loss: 1.656411  [  640/  678]
Average Training Loss: 0.593286
Val Loss: 2.1906 | C-index: 0.6671

Epoch 8
-------------------------------
loss: 1.730848  [   64/  678]
loss: 1.605929  [  256/  678]
loss: 1.137550  [  448/  678]
loss: 2.135798  [  640/  678]
Average Training Loss: 0.600921
Val Loss: 2.4215 | C-index: 0.6936

Epoch 9
-------------------------------
loss: 0.993868  [   64/  678]
loss: 0.845375  [  256/  678]
loss: 1.574360  [  448/  678]
loss: 2.417472  [  640/  678]
Average Training Loss: 0.530098
Val Loss: 2.5516 | C-index: 0.6596

Epoch 10
-------------------------------
loss: 1.429858  [   64/  678]
loss: 1.246641  [  256/  678]
loss: 2.337786  [  448/  678]
loss: 1.465297  [  640/  678]
Average Training Loss: 0.589053
Val Loss: 2.3175 | C-index: 0.6562

Epoch 11
-------------------------------
loss: 1.677733  [   64/  678]
loss: 1.230950  [  256/  678]
loss: 1.359497  [  448/  678]
loss: 1.431667  [  640/  678]
Average Training Loss: 0.518168
Val Loss: 3.0872 | C-index: 0.6766

Epoch 12
-------------------------------
loss: 1.379249  [   64/  678]
loss: 0.837147  [  256/  678]
loss: 1.202394  [  448/  678]
loss: 0.586710  [  640/  678]
Average Training Loss: 0.364136
Val Loss: 2.4207 | C-index: 0.6209

Epoch 13
-------------------------------
loss: 1.546544  [   64/  678]
loss: 1.243302  [  256/  678]
loss: 1.192020  [  448/  678]
loss: 0.842989  [  640/  678]
Average Training Loss: 0.438623
Val Loss: 2.4956 | C-index: 0.6461

Stopping early at Epoch 13 since no C-Index improvement after 5 epochs.
Done!
Best C-Index = 0.6936141304347826 at Epoch 8

=========================================
CV training complete! Mean ± std C-index: 0.7077 ± 0.0344
Best epochs per fold: [7, 18, 4, 4, 8]

=========================================
Retraining model on full train+val for 8 epochs...
Epoch 1
-------------------------------
loss: 3.035949  [   64/  847]
loss: 2.823065  [  320/  847]
loss: 3.594912  [  576/  847]
loss: 3.119720  [  832/  847]
Average Training Loss: 0.898117
Val Loss: 2.8503 | C-index: 0.6562

Epoch 2
-------------------------------
loss: 2.854473  [   64/  847]
loss: 2.736822  [  320/  847]
loss: 2.980269  [  576/  847]
loss: 2.745776  [  832/  847]
Average Training Loss: 0.808381
Val Loss: 2.7257 | C-index: 0.7736

Epoch 3
-------------------------------
loss: 2.504455  [   64/  847]
loss: 2.778685  [  320/  847]
loss: 2.737959  [  576/  847]
loss: 2.652486  [  832/  847]
Average Training Loss: 0.762399
Val Loss: 2.4585 | C-index: 0.8614

Epoch 4
-------------------------------
loss: 2.763382  [   64/  847]
loss: 2.773083  [  320/  847]
loss: 2.406110  [  576/  847]
loss: 2.481114  [  832/  847]
Average Training Loss: 0.744549
Val Loss: 2.0800 | C-index: 0.8914

Epoch 5
-------------------------------
loss: 2.186654  [   64/  847]
loss: 2.241668  [  320/  847]
loss: 2.017148  [  576/  847]
loss: 2.141901  [  832/  847]
Average Training Loss: 0.613384
Val Loss: 1.5824 | C-index: 0.9439

Epoch 6
-------------------------------
loss: 1.816870  [   64/  847]
loss: 1.797507  [  320/  847]
loss: 1.919441  [  576/  847]
loss: 1.967616  [  832/  847]
Average Training Loss: 0.535817
Val Loss: 1.4299 | C-index: 0.9568

Epoch 7
-------------------------------
loss: 1.490743  [   64/  847]
loss: 1.463531  [  320/  847]
loss: 1.309525  [  576/  847]
loss: 1.883808  [  832/  847]
Average Training Loss: 0.439115
Val Loss: 1.4560 | C-index: 0.9546

Epoch 8
-------------------------------
loss: 2.473259  [   64/  847]
loss: 1.081887  [  320/  847]
loss: 0.900587  [  576/  847]
loss: 0.984499  [  832/  847]
Average Training Loss: 0.388588
Val Loss: 1.1625 | C-index: 0.9657

Done!
Best C-Index = 0.9656997115820084 at Epoch 8
FINAL TEST Average Loss: 2.5455
FINAL TEST C-index: 0.6400
Bootstrap 95% CI: [0.5124, 0.7578]
Top 10 activated pathways:
{'R-HSA-5676590': 0.05157163739204407, 'R-HSA-179409': 0.046411361545324326, 'R-HSA-5334118': 0.04592456296086311, 'R-HSA-982772': 0.04293808713555336, 'R-HSA-9748787': 0.042673975229263306, 'R-HSA-9703648': 0.04255743324756622, 'R-HSA-997272': 0.04180338233709335, 'R-HSA-167152': 0.040905553847551346, 'R-HSA-69273': 0.03857051208615303, 'R-HSA-397795': 0.03834230452775955}
Results saved to /Users/evan/Documents/GitHub/HyBINN/experiments/runs/full_hybinn/seed_7/results.json
