train_hybinn.py log started 2026-06-05 22:43:54.989427
=========================================
Model Active Branches: ['binn', 'gene']
=========================================

=========================================
FOLD 1/5
=========================================

Epoch 1
-------------------------------
loss: 2.914134  [   64/  677]
loss: 3.232636  [  256/  677]
loss: 3.379879  [  448/  677]
loss: 2.749290  [  640/  677]
Average Training Loss: 1.115994
Val Loss: 2.7183 | C-index: 0.6069

Epoch 2
-------------------------------
loss: 2.583667  [   64/  677]
loss: 3.303307  [  256/  677]
loss: 2.555998  [  448/  677]
loss: 2.998786  [  640/  677]
Average Training Loss: 1.040160
Val Loss: 2.7228 | C-index: 0.6221

Epoch 3
-------------------------------
loss: 2.894603  [   64/  677]
loss: 3.175356  [  256/  677]
loss: 2.568861  [  448/  677]
loss: 2.711527  [  640/  677]
Average Training Loss: 1.031850
Val Loss: 2.6276 | C-index: 0.6473

Epoch 4
-------------------------------
loss: 2.418875  [   64/  677]
loss: 2.414416  [  256/  677]
loss: 2.618109  [  448/  677]
loss: 2.042432  [  640/  677]
Average Training Loss: 0.863076
Val Loss: 2.6356 | C-index: 0.6837

Epoch 5
-------------------------------
loss: 1.532975  [   64/  677]
loss: 1.729443  [  256/  677]
loss: 2.065466  [  448/  677]
loss: 1.873715  [  640/  677]
Average Training Loss: 0.654691
Val Loss: 2.5513 | C-index: 0.6757

Epoch 6
-------------------------------
loss: 1.535326  [   64/  677]
loss: 0.788235  [  256/  677]
loss: 1.824345  [  448/  677]
loss: 1.612230  [  640/  677]
Average Training Loss: 0.523649
Val Loss: 3.0901 | C-index: 0.5976

Epoch 7
-------------------------------
loss: 1.631040  [   64/  677]
loss: 1.479851  [  256/  677]
loss: 0.960681  [  448/  677]
loss: 1.718589  [  640/  677]
Average Training Loss: 0.526378
Val Loss: 3.5271 | C-index: 0.5983

Epoch 8
-------------------------------
loss: 1.530492  [   64/  677]
loss: 2.012370  [  256/  677]
loss: 1.743709  [  448/  677]
loss: 1.830559  [  640/  677]
Average Training Loss: 0.647012
Val Loss: 2.7629 | C-index: 0.6281

Epoch 9
-------------------------------
loss: 1.697641  [   64/  677]
loss: 1.296811  [  256/  677]
loss: 1.836735  [  448/  677]
loss: 1.761995  [  640/  677]
Average Training Loss: 0.599380
Val Loss: 2.8558 | C-index: 0.6592

Stopping early at Epoch 9 since no C-Index improvement after 5 epochs.
Done!
Best C-Index = 0.6836532097948379 at Epoch 4

=========================================
FOLD 2/5
=========================================

Epoch 1
-------------------------------
loss: 3.109350  [   64/  677]
loss: 3.456212  [  256/  677]
loss: 2.026022  [  448/  677]
loss: 2.928863  [  640/  677]
Average Training Loss: 1.047313
Val Loss: 2.8705 | C-index: 0.5459

Epoch 2
-------------------------------
loss: 3.026382  [   64/  677]
loss: 3.458434  [  256/  677]
loss: 2.578367  [  448/  677]
loss: 3.132462  [  640/  677]
Average Training Loss: 1.108695
Val Loss: 2.8077 | C-index: 0.6504

Epoch 3
-------------------------------
loss: 3.076272  [   64/  677]
loss: 3.211869  [  256/  677]
loss: 2.733031  [  448/  677]
loss: 2.778411  [  640/  677]
Average Training Loss: 1.072689
Val Loss: 2.7626 | C-index: 0.6638

Epoch 4
-------------------------------
loss: 2.861628  [   64/  677]
loss: 2.612819  [  256/  677]
loss: 2.271510  [  448/  677]
loss: 1.582052  [  640/  677]
Average Training Loss: 0.848001
Val Loss: 2.6677 | C-index: 0.7180

Epoch 5
-------------------------------
loss: 1.958061  [   64/  677]
loss: 2.030980  [  256/  677]
loss: 1.469865  [  448/  677]
loss: 2.479957  [  640/  677]
Average Training Loss: 0.721715
Val Loss: 2.9556 | C-index: 0.6410

Epoch 6
-------------------------------
loss: 1.851606  [   64/  677]
loss: 2.152420  [  256/  677]
loss: 1.512231  [  448/  677]
loss: 0.980633  [  640/  677]
Average Training Loss: 0.590626
Val Loss: 2.6459 | C-index: 0.7046

Epoch 7
-------------------------------
loss: 1.532145  [   64/  677]
loss: 1.813179  [  256/  677]
loss: 1.336985  [  448/  677]
loss: 1.325756  [  640/  677]
Average Training Loss: 0.546188
Val Loss: 3.0039 | C-index: 0.6397

Epoch 8
-------------------------------
loss: 2.212555  [   64/  677]
loss: 1.489146  [  256/  677]
loss: 0.895060  [  448/  677]
loss: 1.621793  [  640/  677]
Average Training Loss: 0.565323
Val Loss: 2.9421 | C-index: 0.6959

Epoch 9
-------------------------------
loss: 1.550119  [   64/  677]
loss: 1.317203  [  256/  677]
loss: 1.216456  [  448/  677]
loss: 1.692701  [  640/  677]
Average Training Loss: 0.525134
Val Loss: 2.5309 | C-index: 0.7917

Epoch 10
-------------------------------
loss: 1.087264  [   64/  677]
loss: 1.652716  [  256/  677]
loss: 1.208912  [  448/  677]
loss: 1.753948  [  640/  677]
Average Training Loss: 0.518440
Val Loss: 2.8802 | C-index: 0.7100

Epoch 11
-------------------------------
loss: 0.818367  [   64/  677]
loss: 1.743301  [  256/  677]
loss: 0.907444  [  448/  677]
loss: 1.435430  [  640/  677]
Average Training Loss: 0.445867
Val Loss: 2.9403 | C-index: 0.7267

Epoch 12
-------------------------------
loss: 1.532278  [   64/  677]
loss: 1.415209  [  256/  677]
loss: 0.682249  [  448/  677]
loss: 1.269417  [  640/  677]
Average Training Loss: 0.445378
Val Loss: 3.2151 | C-index: 0.7113

Epoch 13
-------------------------------
loss: 1.465250  [   64/  677]
loss: 1.240685  [  256/  677]
loss: 0.389393  [  448/  677]
loss: 0.879156  [  640/  677]
Average Training Loss: 0.361317
Val Loss: 3.1765 | C-index: 0.7361

Epoch 14
-------------------------------
loss: 1.041821  [   64/  677]
loss: 1.319371  [  256/  677]
loss: 0.827693  [  448/  677]
loss: 0.991585  [  640/  677]
Average Training Loss: 0.380043
Val Loss: 3.4409 | C-index: 0.6477

Stopping early at Epoch 14 since no C-Index improvement after 5 epochs.
Done!
Best C-Index = 0.7916945746818487 at Epoch 9

=========================================
FOLD 3/5
=========================================

Epoch 1
-------------------------------
loss: 2.928011  [   64/  678]
loss: 2.962344  [  256/  678]
loss: 2.988631  [  448/  678]
loss: 2.512148  [  640/  678]
Average Training Loss: 1.035558
Val Loss: 3.3524 | C-index: 0.6381

Epoch 2
-------------------------------
loss: 3.138980  [   64/  678]
loss: 3.012173  [  256/  678]
loss: 2.998937  [  448/  678]
loss: 2.457817  [  640/  678]
Average Training Loss: 1.055264
Val Loss: 3.3134 | C-index: 0.6566

Epoch 3
-------------------------------
loss: 2.213927  [   64/  678]
loss: 2.520034  [  256/  678]
loss: 2.854003  [  448/  678]
loss: 2.613076  [  640/  678]
Average Training Loss: 0.927367
Val Loss: 3.2503 | C-index: 0.7030

Epoch 4
-------------------------------
loss: 2.377108  [   64/  678]
loss: 2.496765  [  256/  678]
loss: 2.370376  [  448/  678]
loss: 2.316123  [  640/  678]
Average Training Loss: 0.869125
Val Loss: 3.3521 | C-index: 0.6729

Epoch 5
-------------------------------
loss: 2.376576  [   64/  678]
loss: 2.184333  [  256/  678]
loss: 1.921849  [  448/  678]
loss: 1.819777  [  640/  678]
Average Training Loss: 0.754776
Val Loss: 3.9829 | C-index: 0.6311

Epoch 6
-------------------------------
loss: 1.588757  [   64/  678]
loss: 1.611788  [  256/  678]
loss: 1.172142  [  448/  678]
loss: 1.355244  [  640/  678]
Average Training Loss: 0.520721
Val Loss: 3.7801 | C-index: 0.6399

Epoch 7
-------------------------------
loss: 1.688874  [   64/  678]
loss: 1.818956  [  256/  678]
loss: 1.568075  [  448/  678]
loss: 1.894451  [  640/  678]
Average Training Loss: 0.633669
Val Loss: 4.3423 | C-index: 0.5995

Epoch 8
-------------------------------
loss: 2.325612  [   64/  678]
loss: 1.862186  [  256/  678]
loss: 1.200104  [  448/  678]
loss: 1.378704  [  640/  678]
Average Training Loss: 0.615146
Val Loss: 4.3355 | C-index: 0.6251

Stopping early at Epoch 8 since no C-Index improvement after 5 epochs.
Done!
Best C-Index = 0.703016241299304 at Epoch 3

=========================================
FOLD 4/5
=========================================

Epoch 1
-------------------------------
loss: 3.011436  [   64/  678]
loss: 2.946779  [  256/  678]
loss: 3.182967  [  448/  678]
loss: 2.996346  [  640/  678]
Average Training Loss: 1.103412
Val Loss: 2.5485 | C-index: 0.5136

Epoch 2
-------------------------------
loss: 3.588280  [   64/  678]
loss: 2.621023  [  256/  678]
loss: 2.768468  [  448/  678]
loss: 3.414354  [  640/  678]
Average Training Loss: 1.126557
Val Loss: 2.5510 | C-index: 0.5104

Epoch 3
-------------------------------
loss: 3.568979  [   64/  678]
loss: 2.479864  [  256/  678]
loss: 2.997781  [  448/  678]
loss: 3.132477  [  640/  678]
Average Training Loss: 1.107191
Val Loss: 2.5421 | C-index: 0.5231

Epoch 4
-------------------------------
loss: 2.607152  [   64/  678]
loss: 2.140863  [  256/  678]
loss: 3.006091  [  448/  678]
loss: 2.365812  [  640/  678]
Average Training Loss: 0.919993
Val Loss: 2.4201 | C-index: 0.5518

Epoch 5
-------------------------------
loss: 2.451990  [   64/  678]
loss: 2.174409  [  256/  678]
loss: 1.736334  [  448/  678]
loss: 2.356449  [  640/  678]
Average Training Loss: 0.792653
Val Loss: 2.6446 | C-index: 0.5781

Epoch 6
-------------------------------
loss: 2.310543  [   64/  678]
loss: 1.248460  [  256/  678]
loss: 1.676656  [  448/  678]
loss: 1.756754  [  640/  678]
Average Training Loss: 0.635674
Val Loss: 3.0641 | C-index: 0.6124

Epoch 7
-------------------------------
loss: 1.714453  [   64/  678]
loss: 2.640126  [  256/  678]
loss: 1.547323  [  448/  678]
loss: 1.533869  [  640/  678]
Average Training Loss: 0.675979
Val Loss: 2.8731 | C-index: 0.5774

Epoch 8
-------------------------------
loss: 0.883520  [   64/  678]
loss: 1.635582  [  256/  678]
loss: 1.732752  [  448/  678]
loss: 1.494360  [  640/  678]
Average Training Loss: 0.522383
Val Loss: 2.8554 | C-index: 0.5478

Epoch 9
-------------------------------
loss: 1.207928  [   64/  678]
loss: 1.217926  [  256/  678]
loss: 0.781439  [  448/  678]
loss: 1.033360  [  640/  678]
Average Training Loss: 0.385514
Val Loss: 2.9904 | C-index: 0.5351

Epoch 10
-------------------------------
loss: 2.247796  [   64/  678]
loss: 1.563584  [  256/  678]
loss: 1.521024  [  448/  678]
loss: 1.247497  [  640/  678]
Average Training Loss: 0.598173
Val Loss: 3.0185 | C-index: 0.5598

Epoch 11
-------------------------------
loss: 1.364216  [   64/  678]
loss: 0.941223  [  256/  678]
loss: 1.077369  [  448/  678]
loss: 1.024510  [  640/  678]
Average Training Loss: 0.400665
Val Loss: 4.0318 | C-index: 0.4920

Stopping early at Epoch 11 since no C-Index improvement after 5 epochs.
Done!
Best C-Index = 0.6124401913875598 at Epoch 6

=========================================
FOLD 5/5
=========================================

Epoch 1
-------------------------------
loss: 2.451427  [   64/  678]
loss: 3.129434  [  256/  678]
loss: 2.912719  [  448/  678]
loss: 2.681203  [  640/  678]
Average Training Loss: 1.015889
Val Loss: 3.0480 | C-index: 0.6036

Epoch 2
-------------------------------
loss: 3.245622  [   64/  678]
loss: 3.146433  [  256/  678]
loss: 2.897346  [  448/  678]
loss: 3.215875  [  640/  678]
Average Training Loss: 1.136843
Val Loss: 3.0509 | C-index: 0.5987

Epoch 3
-------------------------------
loss: 2.859222  [   64/  678]
loss: 2.282731  [  256/  678]
loss: 2.928608  [  448/  678]
loss: 2.348739  [  640/  678]
Average Training Loss: 0.947209
Val Loss: 2.9946 | C-index: 0.6763

Epoch 4
-------------------------------
loss: 2.356897  [   64/  678]
loss: 2.125362  [  256/  678]
loss: 1.099979  [  448/  678]
loss: 2.404952  [  640/  678]
Average Training Loss: 0.726108
Val Loss: 3.1147 | C-index: 0.6909

Epoch 5
-------------------------------
loss: 1.523351  [   64/  678]
loss: 1.360473  [  256/  678]
loss: 2.174690  [  448/  678]
loss: 2.092710  [  640/  678]
Average Training Loss: 0.650111
Val Loss: 3.0258 | C-index: 0.6997

Epoch 6
-------------------------------
loss: 1.606357  [   64/  678]
loss: 1.247671  [  256/  678]
loss: 1.490092  [  448/  678]
loss: 1.957179  [  640/  678]
Average Training Loss: 0.572845
Val Loss: 3.4469 | C-index: 0.6767

Epoch 7
-------------------------------
loss: 1.654230  [   64/  678]
loss: 1.561346  [  256/  678]
loss: 1.403290  [  448/  678]
loss: 2.672418  [  640/  678]
Average Training Loss: 0.662844
Val Loss: 3.7371 | C-index: 0.6280

Epoch 8
-------------------------------
loss: 0.922388  [   64/  678]
loss: 1.662253  [  256/  678]
loss: 1.413472  [  448/  678]
loss: 1.474597  [  640/  678]
Average Training Loss: 0.497519
Val Loss: 3.4920 | C-index: 0.6080

Epoch 9
-------------------------------
loss: 0.982604  [   64/  678]
loss: 1.347112  [  256/  678]
loss: 1.272908  [  448/  678]
loss: 1.052588  [  640/  678]
Average Training Loss: 0.423201
Val Loss: 3.5162 | C-index: 0.6992

Epoch 10
-------------------------------
loss: 1.322418  [   64/  678]
loss: 2.081738  [  256/  678]
loss: 0.686059  [  448/  678]
loss: 1.326212  [  640/  678]
Average Training Loss: 0.492402
Val Loss: 3.4340 | C-index: 0.6343

Stopping early at Epoch 10 since no C-Index improvement after 5 epochs.
Done!
Best C-Index = 0.6996587030716723 at Epoch 5

=========================================
CV training complete! Mean ± std C-index: 0.6981 ± 0.0572
Best epochs per fold: [4, 9, 3, 6, 5]

=========================================
Retraining model on full train+val for 5 epochs...
Epoch 1
-------------------------------
loss: 2.741301  [   64/  847]
loss: 3.686551  [  320/  847]
loss: 3.099314  [  576/  847]
loss: 2.422097  [  832/  847]
Average Training Loss: 0.853519
Val Loss: 2.8415 | C-index: 0.7249

Epoch 2
-------------------------------
loss: 3.517798  [   64/  847]
loss: 2.815686  [  320/  847]
loss: 2.940928  [  576/  847]
loss: 2.942051  [  832/  847]
Average Training Loss: 0.872605
Val Loss: 2.6481 | C-index: 0.8064

Epoch 3
-------------------------------
loss: 2.264925  [   64/  847]
loss: 2.403882  [  320/  847]
loss: 3.089633  [  576/  847]
loss: 2.373677  [  832/  847]
Average Training Loss: 0.723723
Val Loss: 2.0813 | C-index: 0.9082

Epoch 4
-------------------------------
loss: 2.207487  [   64/  847]
loss: 2.509735  [  320/  847]
loss: 2.648861  [  576/  847]
loss: 2.485257  [  832/  847]
Average Training Loss: 0.703667
Val Loss: 1.7583 | C-index: 0.9277

Epoch 5
-------------------------------
loss: 1.352290  [   64/  847]
loss: 2.307568  [  320/  847]
loss: 2.177574  [  576/  847]
loss: 1.901083  [  832/  847]
Average Training Loss: 0.552751
Val Loss: 1.5276 | C-index: 0.9431

Done!
Best C-Index = 0.9430522297825933 at Epoch 5
FINAL TEST Average Loss: 2.8355
FINAL TEST C-index: 0.5544
Bootstrap 95% CI: [0.4020, 0.6957]
Top 10 activated pathways:
{'R-HSA-210991': 0.036465153098106384, 'R-HSA-389958': 0.03611079230904579, 'R-HSA-975576': 0.03575780987739563, 'R-HSA-5607761': 0.03561490401625633, 'R-HSA-9701192': 0.035128261893987656, 'R-HSA-163359': 0.03313031047582626, 'R-HSA-1566948': 0.03299718722701073, 'R-HSA-6803204': 0.03187750279903412, 'R-HSA-167169': 0.03174755722284317, 'R-HSA-8956319': 0.030917517840862274}
Results saved to /Users/evan/Documents/GitHub/HyBINN/experiments/runs/binn_gene/seed_9/results.json
