train_hybinn.py log started 2026-06-05 21:26:04.038399
=========================================
Model Active Branches: ['binn']
=========================================

=========================================
FOLD 1/5
=========================================

Epoch 1
-------------------------------
loss: 3.089389  [   64/  677]
loss: 3.547987  [  256/  677]
loss: 3.157482  [  448/  677]
loss: 2.497855  [  640/  677]
Average Training Loss: 1.117519
Val Loss: 3.0240 | C-index: 0.5113

Epoch 2
-------------------------------
loss: 3.380341  [   64/  677]
loss: 3.112779  [  256/  677]
loss: 2.882628  [  448/  677]
loss: 3.564744  [  640/  677]
Average Training Loss: 1.176408
Val Loss: 3.0194 | C-index: 0.5536

Epoch 3
-------------------------------
loss: 2.743415  [   64/  677]
loss: 2.688764  [  256/  677]
loss: 2.916979  [  448/  677]
loss: 3.168048  [  640/  677]
Average Training Loss: 1.047019
Val Loss: 2.9959 | C-index: 0.5761

Epoch 4
-------------------------------
loss: 2.934721  [   64/  677]
loss: 2.818332  [  256/  677]
loss: 2.942746  [  448/  677]
loss: 2.808746  [  640/  677]
Average Training Loss: 1.045868
Val Loss: 2.9639 | C-index: 0.6420

Epoch 5
-------------------------------
loss: 2.605591  [   64/  677]
loss: 3.450223  [  256/  677]
loss: 2.695025  [  448/  677]
loss: 2.756437  [  640/  677]
Average Training Loss: 1.046116
Val Loss: 2.9001 | C-index: 0.6527

Epoch 6
-------------------------------
loss: 2.717418  [   64/  677]
loss: 3.330981  [  256/  677]
loss: 2.317216  [  448/  677]
loss: 2.885447  [  640/  677]
Average Training Loss: 1.022824
Val Loss: 2.8865 | C-index: 0.6833

Epoch 7
-------------------------------
loss: 2.816395  [   64/  677]
loss: 2.410926  [  256/  677]
loss: 2.094101  [  448/  677]
loss: 2.984506  [  640/  677]
Average Training Loss: 0.936903
Val Loss: 2.8522 | C-index: 0.7176

Epoch 8
-------------------------------
loss: 2.133245  [   64/  677]
loss: 2.523528  [  256/  677]
loss: 2.481613  [  448/  677]
loss: 2.528358  [  640/  677]
Average Training Loss: 0.878795
Val Loss: 2.8789 | C-index: 0.6731

Epoch 9
-------------------------------
loss: 1.986277  [   64/  677]
loss: 2.407579  [  256/  677]
loss: 1.910818  [  448/  677]
loss: 2.562584  [  640/  677]
Average Training Loss: 0.806114
Val Loss: 2.8036 | C-index: 0.6940

Epoch 10
-------------------------------
loss: 2.175684  [   64/  677]
loss: 2.364372  [  256/  677]
loss: 2.263481  [  448/  677]
loss: 2.507689  [  640/  677]
Average Training Loss: 0.846475
Val Loss: 2.9209 | C-index: 0.6484

Epoch 11
-------------------------------
loss: 2.303879  [   64/  677]
loss: 2.234125  [  256/  677]
loss: 2.089432  [  448/  677]
loss: 1.932204  [  640/  677]
Average Training Loss: 0.778149
Val Loss: 2.8641 | C-index: 0.6704

Epoch 12
-------------------------------
loss: 1.837480  [   64/  677]
loss: 1.886582  [  256/  677]
loss: 2.229014  [  448/  677]
loss: 2.643065  [  640/  677]
Average Training Loss: 0.781467
Val Loss: 2.9500 | C-index: 0.6468

Stopping early at Epoch 12 since no C-Index improvement after 5 epochs.
Done!
Best C-Index = 0.717577706323687 at Epoch 7

=========================================
FOLD 2/5
=========================================

Epoch 1
-------------------------------
loss: 3.144225  [   64/  677]
loss: 2.068844  [  256/  677]
loss: 3.118418  [  448/  677]
loss: 2.388271  [  640/  677]
Average Training Loss: 0.974523
Val Loss: 2.9108 | C-index: 0.5433

Epoch 2
-------------------------------
loss: 2.270074  [   64/  677]
loss: 3.020201  [  256/  677]
loss: 2.754546  [  448/  677]
loss: 2.893238  [  640/  677]
Average Training Loss: 0.994369
Val Loss: 2.9051 | C-index: 0.5554

Epoch 3
-------------------------------
loss: 2.873021  [   64/  677]
loss: 2.814392  [  256/  677]
loss: 3.270364  [  448/  677]
loss: 2.652580  [  640/  677]
Average Training Loss: 1.055487
Val Loss: 2.8945 | C-index: 0.5582

Epoch 4
-------------------------------
loss: 3.085661  [   64/  677]
loss: 2.594671  [  256/  677]
loss: 2.907659  [  448/  677]
loss: 3.077243  [  640/  677]
Average Training Loss: 1.060476
Val Loss: 2.9267 | C-index: 0.5634

Epoch 5
-------------------------------
loss: 2.614438  [   64/  677]
loss: 2.736563  [  256/  677]
loss: 2.530733  [  448/  677]
loss: 2.680124  [  640/  677]
Average Training Loss: 0.960169
Val Loss: 2.9550 | C-index: 0.5795

Epoch 6
-------------------------------
loss: 3.098039  [   64/  677]
loss: 2.499397  [  256/  677]
loss: 2.456567  [  448/  677]
loss: 2.293394  [  640/  677]
Average Training Loss: 0.940672
Val Loss: 2.8949 | C-index: 0.6299

Epoch 7
-------------------------------
loss: 2.474247  [   64/  677]
loss: 2.014210  [  256/  677]
loss: 2.456315  [  448/  677]
loss: 2.864889  [  640/  677]
Average Training Loss: 0.891787
Val Loss: 2.8083 | C-index: 0.6873

Epoch 8
-------------------------------
loss: 2.491704  [   64/  677]
loss: 2.543020  [  256/  677]
loss: 2.763091  [  448/  677]
loss: 1.634999  [  640/  677]
Average Training Loss: 0.857529
Val Loss: 2.7343 | C-index: 0.7177

Epoch 9
-------------------------------
loss: 2.110246  [   64/  677]
loss: 2.410769  [  256/  677]
loss: 3.082131  [  448/  677]
loss: 2.493216  [  640/  677]
Average Training Loss: 0.917851
Val Loss: 2.8134 | C-index: 0.6867

Epoch 10
-------------------------------
loss: 2.401643  [   64/  677]
loss: 1.939849  [  256/  677]
loss: 2.124564  [  448/  677]
loss: 2.677144  [  640/  677]
Average Training Loss: 0.831200
Val Loss: 2.7147 | C-index: 0.7149

Epoch 11
-------------------------------
loss: 2.346910  [   64/  677]
loss: 1.993612  [  256/  677]
loss: 2.242844  [  448/  677]
loss: 2.081522  [  640/  677]
Average Training Loss: 0.787717
Val Loss: 2.7144 | C-index: 0.7338

Epoch 12
-------------------------------
loss: 2.462840  [   64/  677]
loss: 2.187830  [  256/  677]
loss: 2.054204  [  448/  677]
loss: 2.327557  [  640/  677]
Average Training Loss: 0.821130
Val Loss: 2.7053 | C-index: 0.7424

Epoch 13
-------------------------------
loss: 1.931033  [   64/  677]
loss: 2.233916  [  256/  677]
loss: 2.273960  [  448/  677]
loss: 2.158790  [  640/  677]
Average Training Loss: 0.781609
Val Loss: 2.7912 | C-index: 0.7217

Epoch 14
-------------------------------
loss: 2.072135  [   64/  677]
loss: 2.342611  [  256/  677]
loss: 1.843507  [  448/  677]
loss: 2.324009  [  640/  677]
Average Training Loss: 0.780206
Val Loss: 2.6640 | C-index: 0.7493

Epoch 15
-------------------------------
loss: 2.292643  [   64/  677]
loss: 2.106621  [  256/  677]
loss: 2.184978  [  448/  677]
loss: 2.251620  [  640/  677]
Average Training Loss: 0.803260
Val Loss: 2.6494 | C-index: 0.7567

Epoch 16
-------------------------------
loss: 1.622376  [   64/  677]
loss: 2.352329  [  256/  677]
loss: 2.284182  [  448/  677]
loss: 2.270701  [  640/  677]
Average Training Loss: 0.775417
Val Loss: 2.6803 | C-index: 0.7476

Epoch 17
-------------------------------
loss: 1.765895  [   64/  677]
loss: 2.319505  [  256/  677]
loss: 1.756182  [  448/  677]
loss: 2.321805  [  640/  677]
Average Training Loss: 0.742126
Val Loss: 2.6774 | C-index: 0.7550

Epoch 18
-------------------------------
loss: 2.428272  [   64/  677]
loss: 2.110231  [  256/  677]
loss: 2.215342  [  448/  677]
loss: 1.896398  [  640/  677]
Average Training Loss: 0.786386
Val Loss: 2.7198 | C-index: 0.7286

Epoch 19
-------------------------------
loss: 2.120317  [   64/  677]
loss: 1.610519  [  256/  677]
loss: 1.866396  [  448/  677]
loss: 2.057100  [  640/  677]
Average Training Loss: 0.695848
Val Loss: 2.7588 | C-index: 0.7309

Epoch 20
-------------------------------
loss: 1.924416  [   64/  677]
loss: 2.034978  [  256/  677]
loss: 1.976024  [  448/  677]
loss: 2.032143  [  640/  677]
Average Training Loss: 0.724324
Val Loss: 2.7360 | C-index: 0.7562

Stopping early at Epoch 20 since no C-Index improvement after 5 epochs.
Done!
Best C-Index = 0.7567412507171544 at Epoch 15

=========================================
FOLD 3/5
=========================================

Epoch 1
-------------------------------
loss: 2.789936  [   64/  678]
loss: 3.049090  [  256/  678]
loss: 2.828123  [  448/  678]
loss: 3.222149  [  640/  678]
Average Training Loss: 1.080845
Val Loss: 2.9294 | C-index: 0.5128

Epoch 2
-------------------------------
loss: 3.061815  [   64/  678]
loss: 3.266719  [  256/  678]
loss: 3.009710  [  448/  678]
loss: 2.248904  [  640/  678]
Average Training Loss: 1.053377
Val Loss: 2.9183 | C-index: 0.5278

Epoch 3
-------------------------------
loss: 2.598305  [   64/  678]
loss: 2.873617  [  256/  678]
loss: 2.756896  [  448/  678]
loss: 3.311909  [  640/  678]
Average Training Loss: 1.049157
Val Loss: 2.9104 | C-index: 0.5089

Epoch 4
-------------------------------
loss: 2.718734  [   64/  678]
loss: 3.098685  [  256/  678]
loss: 2.862323  [  448/  678]
loss: 2.707739  [  640/  678]
Average Training Loss: 1.035225
Val Loss: 2.8719 | C-index: 0.5457

Epoch 5
-------------------------------
loss: 2.671263  [   64/  678]
loss: 2.887067  [  256/  678]
loss: 2.578010  [  448/  678]
loss: 2.871542  [  640/  678]
Average Training Loss: 1.000717
Val Loss: 2.8638 | C-index: 0.5818

Epoch 6
-------------------------------
loss: 2.517933  [   64/  678]
loss: 2.378526  [  256/  678]
loss: 2.791755  [  448/  678]
loss: 2.804676  [  640/  678]
Average Training Loss: 0.953899
Val Loss: 2.7999 | C-index: 0.6386

Epoch 7
-------------------------------
loss: 2.445870  [   64/  678]
loss: 2.733982  [  256/  678]
loss: 2.747939  [  448/  678]
loss: 2.228180  [  640/  678]
Average Training Loss: 0.923270
Val Loss: 2.8609 | C-index: 0.5880

Epoch 8
-------------------------------
loss: 2.437134  [   64/  678]
loss: 2.343374  [  256/  678]
loss: 2.378724  [  448/  678]
loss: 2.361671  [  640/  678]
Average Training Loss: 0.865537
Val Loss: 2.7294 | C-index: 0.7055

Epoch 9
-------------------------------
loss: 1.482313  [   64/  678]
loss: 2.571617  [  256/  678]
loss: 2.694750  [  448/  678]
loss: 2.328570  [  640/  678]
Average Training Loss: 0.825204
Val Loss: 2.7124 | C-index: 0.7444

Epoch 10
-------------------------------
loss: 2.200621  [   64/  678]
loss: 1.972736  [  256/  678]
loss: 1.999064  [  448/  678]
loss: 2.169087  [  640/  678]
Average Training Loss: 0.758319
Val Loss: 2.7911 | C-index: 0.6826

Epoch 11
-------------------------------
loss: 1.837542  [   64/  678]
loss: 2.175065  [  256/  678]
loss: 2.566550  [  448/  678]
loss: 1.905465  [  640/  678]
Average Training Loss: 0.771329
Val Loss: 2.7923 | C-index: 0.6993

Epoch 12
-------------------------------
loss: 2.120001  [   64/  678]
loss: 2.377484  [  256/  678]
loss: 2.124204  [  448/  678]
loss: 2.220182  [  640/  678]
Average Training Loss: 0.803806
Val Loss: 2.7706 | C-index: 0.7222

Epoch 13
-------------------------------
loss: 1.789396  [   64/  678]
loss: 2.222644  [  256/  678]
loss: 2.070468  [  448/  678]
loss: 1.796872  [  640/  678]
Average Training Loss: 0.716307
Val Loss: 2.6662 | C-index: 0.7622

Epoch 14
-------------------------------
loss: 1.658095  [   64/  678]
loss: 1.332127  [  256/  678]
loss: 1.833307  [  448/  678]
loss: 2.058629  [  640/  678]
Average Training Loss: 0.625651
Val Loss: 2.7159 | C-index: 0.7355

Epoch 15
-------------------------------
loss: 2.195525  [   64/  678]
loss: 2.003609  [  256/  678]
loss: 2.206578  [  448/  678]
loss: 2.083948  [  640/  678]
Average Training Loss: 0.771787
Val Loss: 2.6334 | C-index: 0.7717

Epoch 16
-------------------------------
loss: 2.198634  [   64/  678]
loss: 1.959316  [  256/  678]
loss: 1.525310  [  448/  678]
loss: 1.957341  [  640/  678]
Average Training Loss: 0.694600
Val Loss: 2.7180 | C-index: 0.7188

Epoch 17
-------------------------------
loss: 1.925034  [   64/  678]
loss: 2.086229  [  256/  678]
loss: 2.140286  [  448/  678]
loss: 2.043472  [  640/  678]
Average Training Loss: 0.745002
Val Loss: 2.6730 | C-index: 0.7584

Epoch 18
-------------------------------
loss: 2.103549  [   64/  678]
loss: 1.932115  [  256/  678]
loss: 1.950641  [  448/  678]
loss: 1.938202  [  640/  678]
Average Training Loss: 0.720410
Val Loss: 2.6345 | C-index: 0.7762

Epoch 19
-------------------------------
loss: 1.882179  [   64/  678]
loss: 2.127522  [  256/  678]
loss: 1.943616  [  448/  678]
loss: 2.056617  [  640/  678]
Average Training Loss: 0.728176
Val Loss: 2.6921 | C-index: 0.7661

Epoch 20
-------------------------------
loss: 1.767492  [   64/  678]
loss: 1.935442  [  256/  678]
loss: 2.101959  [  448/  678]
loss: 2.053370  [  640/  678]
Average Training Loss: 0.714388
Val Loss: 2.7680 | C-index: 0.7166

Epoch 21
-------------------------------
loss: 1.819988  [   64/  678]
loss: 1.630200  [  256/  678]
loss: 1.883971  [  448/  678]
loss: 1.899525  [  640/  678]
Average Training Loss: 0.657608
Val Loss: 2.7525 | C-index: 0.7238

Epoch 22
-------------------------------
loss: 1.840700  [   64/  678]
loss: 2.251923  [  256/  678]
loss: 2.268591  [  448/  678]
loss: 1.467937  [  640/  678]
Average Training Loss: 0.711741
Val Loss: 2.6914 | C-index: 0.7372

Epoch 23
-------------------------------
loss: 2.176764  [   64/  678]
loss: 1.712938  [  256/  678]
loss: 1.875767  [  448/  678]
loss: 1.748699  [  640/  678]
Average Training Loss: 0.683106
Val Loss: 2.6654 | C-index: 0.7300

Stopping early at Epoch 23 since no C-Index improvement after 5 epochs.
Done!
Best C-Index = 0.7761692650334076 at Epoch 18

=========================================
FOLD 4/5
=========================================

Epoch 1
-------------------------------
loss: 3.062864  [   64/  678]
loss: 3.292759  [  256/  678]
loss: 2.790016  [  448/  678]
loss: 2.400321  [  640/  678]
Average Training Loss: 1.049633
Val Loss: 2.5023 | C-index: 0.4630

Epoch 2
-------------------------------
loss: 2.847917  [   64/  678]
loss: 2.698188  [  256/  678]
loss: 2.966503  [  448/  678]
loss: 3.218397  [  640/  678]
Average Training Loss: 1.066455
Val Loss: 2.4980 | C-index: 0.4310

Epoch 3
-------------------------------
loss: 2.974709  [   64/  678]
loss: 3.440715  [  256/  678]
loss: 3.053867  [  448/  678]
loss: 2.638340  [  640/  678]
Average Training Loss: 1.100694
Val Loss: 2.4965 | C-index: 0.4562

Epoch 4
-------------------------------
loss: 3.280997  [   64/  678]
loss: 2.747380  [  256/  678]
loss: 3.349432  [  448/  678]
loss: 3.066326  [  640/  678]
Average Training Loss: 1.131285
Val Loss: 2.5214 | C-index: 0.4772

Epoch 5
-------------------------------
loss: 2.827418  [   64/  678]
loss: 3.052308  [  256/  678]
loss: 2.484763  [  448/  678]
loss: 3.004769  [  640/  678]
Average Training Loss: 1.033569
Val Loss: 2.5145 | C-index: 0.5071

Epoch 6
-------------------------------
loss: 2.511055  [   64/  678]
loss: 2.527580  [  256/  678]
loss: 2.624648  [  448/  678]
loss: 2.733709  [  640/  678]
Average Training Loss: 0.945181
Val Loss: 2.5449 | C-index: 0.5173

Epoch 7
-------------------------------
loss: 1.995874  [   64/  678]
loss: 2.957155  [  256/  678]
loss: 2.657947  [  448/  678]
loss: 2.247189  [  640/  678]
Average Training Loss: 0.896197
Val Loss: 2.4552 | C-index: 0.5812

Epoch 8
-------------------------------
loss: 1.984822  [   64/  678]
loss: 2.465890  [  256/  678]
loss: 2.406528  [  448/  678]
loss: 2.143456  [  640/  678]
Average Training Loss: 0.818245
Val Loss: 2.3972 | C-index: 0.6336

Epoch 9
-------------------------------
loss: 2.450017  [   64/  678]
loss: 2.548569  [  256/  678]
loss: 2.789219  [  448/  678]
loss: 2.463820  [  640/  678]
Average Training Loss: 0.931966
Val Loss: 2.3964 | C-index: 0.6404

Epoch 10
-------------------------------
loss: 2.171210  [   64/  678]
loss: 2.634594  [  256/  678]
loss: 2.306746  [  448/  678]
loss: 2.004206  [  640/  678]
Average Training Loss: 0.828796
Val Loss: 2.4227 | C-index: 0.6281

Epoch 11
-------------------------------
loss: 1.821786  [   64/  678]
loss: 2.556724  [  256/  678]
loss: 1.870592  [  448/  678]
loss: 2.190776  [  640/  678]
Average Training Loss: 0.767262
Val Loss: 2.4473 | C-index: 0.6207

Epoch 12
-------------------------------
loss: 2.254380  [   64/  678]
loss: 1.869795  [  256/  678]
loss: 2.226678  [  448/  678]
loss: 2.186189  [  640/  678]
Average Training Loss: 0.776095
Val Loss: 2.4122 | C-index: 0.6356

Epoch 13
-------------------------------
loss: 1.904125  [   64/  678]
loss: 2.335688  [  256/  678]
loss: 2.385914  [  448/  678]
loss: 2.162475  [  640/  678]
Average Training Loss: 0.798927
Val Loss: 2.4319 | C-index: 0.6703

Epoch 14
-------------------------------
loss: 1.796776  [   64/  678]
loss: 2.185830  [  256/  678]
loss: 2.291698  [  448/  678]
loss: 2.240676  [  640/  678]
Average Training Loss: 0.774089
Val Loss: 2.4744 | C-index: 0.6118

Epoch 15
-------------------------------
loss: 2.444524  [   64/  678]
loss: 2.337878  [  256/  678]
loss: 2.176614  [  448/  678]
loss: 1.940439  [  640/  678]
Average Training Loss: 0.809041
Val Loss: 2.4547 | C-index: 0.6513

Epoch 16
-------------------------------
loss: 1.780589  [   64/  678]
loss: 1.976649  [  256/  678]
loss: 2.498951  [  448/  678]
loss: 1.904408  [  640/  678]
Average Training Loss: 0.741872
Val Loss: 2.4201 | C-index: 0.6907

Epoch 17
-------------------------------
loss: 2.352962  [   64/  678]
loss: 1.818032  [  256/  678]
loss: 1.817895  [  448/  678]
loss: 2.083402  [  640/  678]
Average Training Loss: 0.733845
Val Loss: 2.4640 | C-index: 0.6254

Epoch 18
-------------------------------
loss: 2.357724  [   64/  678]
loss: 1.848077  [  256/  678]
loss: 1.694016  [  448/  678]
loss: 2.263357  [  640/  678]
Average Training Loss: 0.742107
Val Loss: 2.4876 | C-index: 0.6145

Epoch 19
-------------------------------
loss: 2.212923  [   64/  678]
loss: 2.051929  [  256/  678]
loss: 2.029474  [  448/  678]
loss: 2.258525  [  640/  678]
Average Training Loss: 0.777532
Val Loss: 2.4730 | C-index: 0.6771

Epoch 20
-------------------------------
loss: 1.514009  [   64/  678]
loss: 2.384810  [  256/  678]
loss: 2.048092  [  448/  678]
loss: 2.041097  [  640/  678]
Average Training Loss: 0.726183
Val Loss: 2.4926 | C-index: 0.5982

Epoch 21
-------------------------------
loss: 1.968128  [   64/  678]
loss: 1.878422  [  256/  678]
loss: 2.004095  [  448/  678]
loss: 1.994666  [  640/  678]
Average Training Loss: 0.713210
Val Loss: 2.5046 | C-index: 0.6213

Stopping early at Epoch 21 since no C-Index improvement after 5 epochs.
Done!
Best C-Index = 0.69068660774983 at Epoch 16

=========================================
FOLD 5/5
=========================================

Epoch 1
-------------------------------
loss: 3.538684  [   64/  678]
loss: 3.058583  [  256/  678]
loss: 3.138080  [  448/  678]
loss: 2.918587  [  640/  678]
Average Training Loss: 1.150358
Val Loss: 2.6101 | C-index: 0.5143

Epoch 2
-------------------------------
loss: 2.953675  [   64/  678]
loss: 3.046977  [  256/  678]
loss: 2.251054  [  448/  678]
loss: 2.575527  [  640/  678]
Average Training Loss: 0.984294
Val Loss: 2.6061 | C-index: 0.5122

Epoch 3
-------------------------------
loss: 2.863570  [   64/  678]
loss: 2.995473  [  256/  678]
loss: 3.373621  [  448/  678]
loss: 2.911967  [  640/  678]
Average Training Loss: 1.104057
Val Loss: 2.5891 | C-index: 0.5170

Epoch 4
-------------------------------
loss: 2.805747  [   64/  678]
loss: 3.063112  [  256/  678]
loss: 3.074821  [  448/  678]
loss: 3.088280  [  640/  678]
Average Training Loss: 1.093814
Val Loss: 2.5700 | C-index: 0.5265

Epoch 5
-------------------------------
loss: 2.560320  [   64/  678]
loss: 2.410376  [  256/  678]
loss: 3.099739  [  448/  678]
loss: 2.601969  [  640/  678]
Average Training Loss: 0.970218
Val Loss: 2.5613 | C-index: 0.5319

Epoch 6
-------------------------------
loss: 3.165882  [   64/  678]
loss: 2.443263  [  256/  678]
loss: 2.050146  [  448/  678]
loss: 2.956821  [  640/  678]
Average Training Loss: 0.965101
Val Loss: 2.4716 | C-index: 0.5890

Epoch 7
-------------------------------
loss: 1.497537  [   64/  678]
loss: 2.978561  [  256/  678]
loss: 2.741163  [  448/  678]
loss: 2.221510  [  640/  678]
Average Training Loss: 0.858070
Val Loss: 2.4329 | C-index: 0.6223

Epoch 8
-------------------------------
loss: 2.764449  [   64/  678]
loss: 1.706584  [  256/  678]
loss: 2.837681  [  448/  678]
loss: 2.512546  [  640/  678]
Average Training Loss: 0.892842
Val Loss: 2.4041 | C-index: 0.6298

Epoch 9
-------------------------------
loss: 2.558397  [   64/  678]
loss: 2.306074  [  256/  678]
loss: 2.810351  [  448/  678]
loss: 2.024553  [  640/  678]
Average Training Loss: 0.881761
Val Loss: 2.4250 | C-index: 0.6250

Epoch 10
-------------------------------
loss: 2.247663  [   64/  678]
loss: 1.945261  [  256/  678]
loss: 2.151067  [  448/  678]
loss: 2.205092  [  640/  678]
Average Training Loss: 0.777189
Val Loss: 2.4284 | C-index: 0.6257

Epoch 11
-------------------------------
loss: 2.057871  [   64/  678]
loss: 2.318143  [  256/  678]
loss: 1.966318  [  448/  678]
loss: 2.107919  [  640/  678]
Average Training Loss: 0.768205
Val Loss: 2.4206 | C-index: 0.6529

Epoch 12
-------------------------------
loss: 1.793442  [   64/  678]
loss: 2.283640  [  256/  678]
loss: 2.265225  [  448/  678]
loss: 1.186488  [  640/  678]
Average Training Loss: 0.684436
Val Loss: 2.4415 | C-index: 0.6406

Epoch 13
-------------------------------
loss: 1.740395  [   64/  678]
loss: 1.894149  [  256/  678]
loss: 2.203854  [  448/  678]
loss: 2.344148  [  640/  678]
Average Training Loss: 0.743868
Val Loss: 2.4230 | C-index: 0.6454

Epoch 14
-------------------------------
loss: 2.018177  [   64/  678]
loss: 1.628819  [  256/  678]
loss: 2.061134  [  448/  678]
loss: 2.333296  [  640/  678]
Average Training Loss: 0.731039
Val Loss: 2.4462 | C-index: 0.6501

Epoch 15
-------------------------------
loss: 2.140858  [   64/  678]
loss: 1.915627  [  256/  678]
loss: 1.723097  [  448/  678]
loss: 2.301729  [  640/  678]
Average Training Loss: 0.734665
Val Loss: 2.4727 | C-index: 0.6216

Epoch 16
-------------------------------
loss: 1.796320  [   64/  678]
loss: 1.885185  [  256/  678]
loss: 2.336014  [  448/  678]
loss: 2.026311  [  640/  678]
Average Training Loss: 0.731257
Val Loss: 2.5415 | C-index: 0.6223

Stopping early at Epoch 16 since no C-Index improvement after 5 epochs.
Done!
Best C-Index = 0.6528532608695652 at Epoch 11

=========================================
CV training complete! Mean ± std C-index: 0.7188 ± 0.0444
Best epochs per fold: [7, 15, 18, 16, 11]

=========================================
Retraining model on full train+val for 13 epochs...
Epoch 1
-------------------------------
loss: 3.065710  [   64/  847]
loss: 3.148982  [  320/  847]
loss: 2.932621  [  576/  847]
loss: 2.806382  [  832/  847]
Average Training Loss: 0.853835
Val Loss: 2.8490 | C-index: 0.6129

Epoch 2
-------------------------------
loss: 2.709335  [   64/  847]
loss: 3.287865  [  320/  847]
loss: 3.401399  [  576/  847]
loss: 2.231807  [  832/  847]
Average Training Loss: 0.830743
Val Loss: 2.8498 | C-index: 0.6530

Epoch 3
-------------------------------
loss: 3.059907  [   64/  847]
loss: 3.217101  [  320/  847]
loss: 1.699033  [  576/  847]
loss: 2.929328  [  832/  847]
Average Training Loss: 0.778955
Val Loss: 2.7263 | C-index: 0.6719

Epoch 4
-------------------------------
loss: 3.093818  [   64/  847]
loss: 2.192561  [  320/  847]
loss: 2.898438  [  576/  847]
loss: 2.633837  [  832/  847]
Average Training Loss: 0.772761
Val Loss: 2.6722 | C-index: 0.7420

Epoch 5
-------------------------------
loss: 2.591055  [   64/  847]
loss: 3.048522  [  320/  847]
loss: 3.105783  [  576/  847]
loss: 2.657005  [  832/  847]
Average Training Loss: 0.814455
Val Loss: 2.5459 | C-index: 0.8152

Epoch 6
-------------------------------
loss: 2.624271  [   64/  847]
loss: 2.537944  [  320/  847]
loss: 2.711567  [  576/  847]
loss: 3.521566  [  832/  847]
Average Training Loss: 0.813953
Val Loss: 2.3503 | C-index: 0.8551

Epoch 7
-------------------------------
loss: 2.807614  [   64/  847]
loss: 2.510170  [  320/  847]
loss: 2.434336  [  576/  847]
loss: 2.823938  [  832/  847]
Average Training Loss: 0.755433
Val Loss: 2.2785 | C-index: 0.8682

Epoch 8
-------------------------------
loss: 1.433277  [   64/  847]
loss: 2.398671  [  320/  847]
loss: 2.632573  [  576/  847]
loss: 2.353606  [  832/  847]
Average Training Loss: 0.629866
Val Loss: 2.2230 | C-index: 0.8851

Epoch 9
-------------------------------
loss: 2.601371  [   64/  847]
loss: 2.341230  [  320/  847]
loss: 2.313634  [  576/  847]
loss: 1.926728  [  832/  847]
Average Training Loss: 0.655926
Val Loss: 2.1306 | C-index: 0.9134

Epoch 10
-------------------------------
loss: 2.085166  [   64/  847]
loss: 2.297704  [  320/  847]
loss: 2.219193  [  576/  847]
loss: 2.413753  [  832/  847]
Average Training Loss: 0.643987
Val Loss: 2.0277 | C-index: 0.9295

Epoch 11
-------------------------------
loss: 1.981155  [   64/  847]
loss: 1.982540  [  320/  847]
loss: 2.247284  [  576/  847]
loss: 2.208301  [  832/  847]
Average Training Loss: 0.601377
Val Loss: 2.0639 | C-index: 0.9301

Epoch 12
-------------------------------
loss: 2.100528  [   64/  847]
loss: 2.443002  [  320/  847]
loss: 2.339416  [  576/  847]
loss: 2.301641  [  832/  847]
Average Training Loss: 0.656042
Val Loss: 1.9014 | C-index: 0.9365

Epoch 13
-------------------------------
loss: 1.605426  [   64/  847]
loss: 1.738657  [  320/  847]
loss: 2.042164  [  576/  847]
loss: 2.609941  [  832/  847]
Average Training Loss: 0.571156
Val Loss: 1.9363 | C-index: 0.9359

Done!
Best C-Index = 0.9364526970657641 at Epoch 12
FINAL TEST Average Loss: 2.3943
FINAL TEST C-index: 0.5776
Bootstrap 95% CI: [0.4146, 0.7423]
Top 10 activated pathways:
{'R-HSA-9609523': 0.0765136256814003, 'R-HSA-9709570': 0.0734521672129631, 'R-HSA-392154': 0.055416662245988846, 'R-HSA-6803204': 0.05234616994857788, 'R-HSA-1369062': 0.052188120782375336, 'R-HSA-9834899': 0.0519278421998024, 'R-HSA-1638091': 0.05170191451907158, 'R-HSA-1855204': 0.05144336819648743, 'R-HSA-68962': 0.0508871003985405, 'R-HSA-438066': 0.04891614988446236}
Results saved to /Users/evan/Documents/GitHub/HyBINN/experiments/runs/binn_only/seed_7/results.json
