train_hybinn.py log started 2026-06-05 21:35:51.500790
=========================================
Model Active Branches: ['clinical']
=========================================

=========================================
FOLD 1/5
=========================================

Epoch 1
-------------------------------
loss: 3.227165  [   64/  677]
loss: 3.404369  [  256/  677]
loss: 2.824069  [  448/  677]
loss: 2.461339  [  640/  677]
Average Training Loss: 1.083358
Val Loss: 2.7491 | C-index: 0.6979

Epoch 2
-------------------------------
loss: 3.245318  [   64/  677]
loss: 3.500784  [  256/  677]
loss: 2.962884  [  448/  677]
loss: 2.739620  [  640/  677]
Average Training Loss: 1.131692
Val Loss: 2.7441 | C-index: 0.6966

Epoch 3
-------------------------------
loss: 3.094908  [   64/  677]
loss: 3.197234  [  256/  677]
loss: 2.937587  [  448/  677]
loss: 2.700305  [  640/  677]
Average Training Loss: 1.084548
Val Loss: 2.7388 | C-index: 0.6932

Epoch 4
-------------------------------
loss: 2.915420  [   64/  677]
loss: 3.241596  [  256/  677]
loss: 2.397527  [  448/  677]
loss: 3.049405  [  640/  677]
Average Training Loss: 1.054904
Val Loss: 2.7313 | C-index: 0.6985

Epoch 5
-------------------------------
loss: 2.875496  [   64/  677]
loss: 3.012461  [  256/  677]
loss: 3.370229  [  448/  677]
loss: 3.287917  [  640/  677]
Average Training Loss: 1.140555
Val Loss: 2.7276 | C-index: 0.7058

Epoch 6
-------------------------------
loss: 2.974136  [   64/  677]
loss: 2.690052  [  256/  677]
loss: 3.076443  [  448/  677]
loss: 2.291368  [  640/  677]
Average Training Loss: 1.002909
Val Loss: 2.7225 | C-index: 0.7105

Epoch 7
-------------------------------
loss: 2.406052  [   64/  677]
loss: 3.038878  [  256/  677]
loss: 3.441931  [  448/  677]
loss: 3.226209  [  640/  677]
Average Training Loss: 1.101188
Val Loss: 2.7190 | C-index: 0.6615

Epoch 8
-------------------------------
loss: 2.819371  [   64/  677]
loss: 2.898810  [  256/  677]
loss: 2.980715  [  448/  677]
loss: 3.228603  [  640/  677]
Average Training Loss: 1.084318
Val Loss: 2.7139 | C-index: 0.6602

Epoch 9
-------------------------------
loss: 3.016905  [   64/  677]
loss: 2.227501  [  256/  677]
loss: 3.474138  [  448/  677]
loss: 2.445677  [  640/  677]
Average Training Loss: 1.014929
Val Loss: 2.7089 | C-index: 0.6568

Epoch 10
-------------------------------
loss: 2.640276  [   64/  677]
loss: 2.844736  [  256/  677]
loss: 3.163980  [  448/  677]
loss: 2.378204  [  640/  677]
Average Training Loss: 1.002472
Val Loss: 2.7065 | C-index: 0.6562

Epoch 11
-------------------------------
loss: 3.201841  [   64/  677]
loss: 2.738198  [  256/  677]
loss: 2.563354  [  448/  677]
loss: 2.952730  [  640/  677]
Average Training Loss: 1.041466
Val Loss: 2.7049 | C-index: 0.6489

Stopping early at Epoch 11 since no C-Index improvement after 5 epochs.
Done!
Best C-Index = 0.7104566512243548 at Epoch 6

=========================================
FOLD 2/5
=========================================

Epoch 1
-------------------------------
loss: 2.964590  [   64/  677]
loss: 2.722956  [  256/  677]
loss: 1.699700  [  448/  677]
loss: 3.603678  [  640/  677]
Average Training Loss: 0.999175
Val Loss: 2.8628 | C-index: 0.5563

Epoch 2
-------------------------------
loss: 3.024586  [   64/  677]
loss: 2.581842  [  256/  677]
loss: 2.779698  [  448/  677]
loss: 3.525570  [  640/  677]
Average Training Loss: 1.082882
Val Loss: 2.8592 | C-index: 0.5368

Epoch 3
-------------------------------
loss: 3.368320  [   64/  677]
loss: 3.144575  [  256/  677]
loss: 2.715528  [  448/  677]
loss: 3.168391  [  640/  677]
Average Training Loss: 1.126983
Val Loss: 2.8546 | C-index: 0.5676

Epoch 4
-------------------------------
loss: 2.476720  [   64/  677]
loss: 3.113683  [  256/  677]
loss: 3.107189  [  448/  677]
loss: 3.383376  [  640/  677]
Average Training Loss: 1.098270
Val Loss: 2.8503 | C-index: 0.5656

Epoch 5
-------------------------------
loss: 2.735453  [   64/  677]
loss: 3.330425  [  256/  677]
loss: 2.948505  [  448/  677]
loss: 3.373453  [  640/  677]
Average Training Loss: 1.126167
Val Loss: 2.8465 | C-index: 0.5596

Epoch 6
-------------------------------
loss: 2.799128  [   64/  677]
loss: 2.750087  [  256/  677]
loss: 2.564070  [  448/  677]
loss: 2.485703  [  640/  677]
Average Training Loss: 0.963544
Val Loss: 2.8420 | C-index: 0.5596

Epoch 7
-------------------------------
loss: 2.598594  [   64/  677]
loss: 2.733281  [  256/  677]
loss: 3.301280  [  448/  677]
loss: 3.165195  [  640/  677]
Average Training Loss: 1.072577
Val Loss: 2.8386 | C-index: 0.5583

Epoch 8
-------------------------------
loss: 2.423356  [   64/  677]
loss: 3.058971  [  256/  677]
loss: 3.318218  [  448/  677]
loss: 2.854949  [  640/  677]
Average Training Loss: 1.059590
Val Loss: 2.8361 | C-index: 0.5583

Stopping early at Epoch 8 since no C-Index improvement after 5 epochs.
Done!
Best C-Index = 0.5676490288010717 at Epoch 3

=========================================
FOLD 3/5
=========================================

Epoch 1
-------------------------------
loss: 3.007256  [   64/  678]
loss: 2.985886  [  256/  678]
loss: 2.651468  [  448/  678]
loss: 2.689451  [  640/  678]
Average Training Loss: 1.030369
Val Loss: 3.3902 | C-index: 0.7132

Epoch 2
-------------------------------
loss: 2.474163  [   64/  678]
loss: 2.929224  [  256/  678]
loss: 2.897642  [  448/  678]
loss: 2.909555  [  640/  678]
Average Training Loss: 1.019144
Val Loss: 3.3817 | C-index: 0.7081

Epoch 3
-------------------------------
loss: 2.748542  [   64/  678]
loss: 3.311269  [  256/  678]
loss: 2.768733  [  448/  678]
loss: 3.108968  [  640/  678]
Average Training Loss: 1.085228
Val Loss: 3.3715 | C-index: 0.7095

Epoch 4
-------------------------------
loss: 2.896799  [   64/  678]
loss: 2.368268  [  256/  678]
loss: 2.913044  [  448/  678]
loss: 2.749236  [  640/  678]
Average Training Loss: 0.993395
Val Loss: 3.3624 | C-index: 0.7128

Epoch 5
-------------------------------
loss: 2.393337  [   64/  678]
loss: 3.405783  [  256/  678]
loss: 2.123065  [  448/  678]
loss: 2.938160  [  640/  678]
Average Training Loss: 0.987304
Val Loss: 3.3490 | C-index: 0.7211

Epoch 6
-------------------------------
loss: 2.372211  [   64/  678]
loss: 2.930603  [  256/  678]
loss: 3.053085  [  448/  678]
loss: 2.511739  [  640/  678]
Average Training Loss: 0.987967
Val Loss: 3.3360 | C-index: 0.7211

Epoch 7
-------------------------------
loss: 2.768945  [   64/  678]
loss: 3.038773  [  256/  678]
loss: 2.763574  [  448/  678]
loss: 3.332310  [  640/  678]
Average Training Loss: 1.082146
Val Loss: 3.3234 | C-index: 0.7169

Epoch 8
-------------------------------
loss: 2.536947  [   64/  678]
loss: 3.100849  [  256/  678]
loss: 2.682400  [  448/  678]
loss: 2.288476  [  640/  678]
Average Training Loss: 0.964425
Val Loss: 3.3112 | C-index: 0.7179

Epoch 9
-------------------------------
loss: 2.937911  [   64/  678]
loss: 1.957039  [  256/  678]
loss: 3.404201  [  448/  678]
loss: 2.578943  [  640/  678]
Average Training Loss: 0.988918
Val Loss: 3.2920 | C-index: 0.7183

Epoch 10
-------------------------------
loss: 2.485275  [   64/  678]
loss: 2.845760  [  256/  678]
loss: 2.907093  [  448/  678]
loss: 3.023281  [  640/  678]
Average Training Loss: 1.023765
Val Loss: 3.2843 | C-index: 0.7260

Epoch 11
-------------------------------
loss: 3.087001  [   64/  678]
loss: 2.793578  [  256/  678]
loss: 2.876343  [  448/  678]
loss: 3.105487  [  640/  678]
Average Training Loss: 1.078401
Val Loss: 3.2830 | C-index: 0.7329

Epoch 12
-------------------------------
loss: 3.301552  [   64/  678]
loss: 2.117071  [  256/  678]
loss: 2.709808  [  448/  678]
loss: 2.864419  [  640/  678]
Average Training Loss: 0.999350
Val Loss: 3.2594 | C-index: 0.7339

Epoch 13
-------------------------------
loss: 3.450965  [   64/  678]
loss: 3.027474  [  256/  678]
loss: 2.455055  [  448/  678]
loss: 2.610096  [  640/  678]
Average Training Loss: 1.049417
Val Loss: 3.2643 | C-index: 0.7295

Epoch 14
-------------------------------
loss: 2.864710  [   64/  678]
loss: 2.492926  [  256/  678]
loss: 2.248964  [  448/  678]
loss: 3.295392  [  640/  678]
Average Training Loss: 0.991090
Val Loss: 3.2299 | C-index: 0.7336

Epoch 15
-------------------------------
loss: 3.204807  [   64/  678]
loss: 2.670281  [  256/  678]
loss: 2.953307  [  448/  678]
loss: 2.577140  [  640/  678]
Average Training Loss: 1.036867
Val Loss: 3.2160 | C-index: 0.7346

Epoch 16
-------------------------------
loss: 3.132311  [   64/  678]
loss: 2.957922  [  256/  678]
loss: 2.578000  [  448/  678]
loss: 2.635587  [  640/  678]
Average Training Loss: 1.027620
Val Loss: 3.1689 | C-index: 0.7350

Epoch 17
-------------------------------
loss: 3.183376  [   64/  678]
loss: 2.633070  [  256/  678]
loss: 2.569409  [  448/  678]
loss: 2.926037  [  640/  678]
Average Training Loss: 1.028354
Val Loss: 3.1294 | C-index: 0.7327

Epoch 18
-------------------------------
loss: 2.936814  [   64/  678]
loss: 2.600518  [  256/  678]
loss: 2.480428  [  448/  678]
loss: 2.741892  [  640/  678]
Average Training Loss: 0.978150
Val Loss: 3.1481 | C-index: 0.7327

Epoch 19
-------------------------------
loss: 2.798406  [   64/  678]
loss: 3.020114  [  256/  678]
loss: 2.265651  [  448/  678]
loss: 2.455167  [  640/  678]
Average Training Loss: 0.958122
Val Loss: 3.1698 | C-index: 0.7378

Epoch 20
-------------------------------
loss: 3.262296  [   64/  678]
loss: 2.795550  [  256/  678]
loss: 2.677315  [  448/  678]
loss: 2.361104  [  640/  678]
Average Training Loss: 1.008751
Val Loss: 3.1333 | C-index: 0.7392

Epoch 21
-------------------------------
loss: 2.587009  [   64/  678]
loss: 2.973266  [  256/  678]
loss: 2.657368  [  448/  678]
loss: 2.112099  [  640/  678]
Average Training Loss: 0.939067
Val Loss: 3.0636 | C-index: 0.7323

Epoch 22
-------------------------------
loss: 2.873912  [   64/  678]
loss: 2.299315  [  256/  678]
loss: 2.973488  [  448/  678]
loss: 2.775614  [  640/  678]
Average Training Loss: 0.992939
Val Loss: 3.0364 | C-index: 0.7383

Epoch 23
-------------------------------
loss: 2.530740  [   64/  678]
loss: 2.587630  [  256/  678]
loss: 3.041839  [  448/  678]
loss: 2.929208  [  640/  678]
Average Training Loss: 1.008129
Val Loss: 3.0717 | C-index: 0.7434

Epoch 24
-------------------------------
loss: 3.796118  [   64/  678]
loss: 2.165781  [  256/  678]
loss: 2.079843  [  448/  678]
loss: 2.425313  [  640/  678]
Average Training Loss: 0.951550
Val Loss: 3.0809 | C-index: 0.7434

Epoch 25
-------------------------------
loss: 2.968266  [   64/  678]
loss: 2.285005  [  256/  678]
loss: 2.264632  [  448/  678]
loss: 2.778219  [  640/  678]
Average Training Loss: 0.936011
Val Loss: 3.0832 | C-index: 0.7434

Epoch 26
-------------------------------
loss: 3.138680  [   64/  678]
loss: 2.768795  [  256/  678]
loss: 2.703550  [  448/  678]
loss: 2.619225  [  640/  678]
Average Training Loss: 1.020932
Val Loss: 3.0948 | C-index: 0.7397

Epoch 27
-------------------------------
loss: 2.327914  [   64/  678]
loss: 3.086843  [  256/  678]
loss: 2.588303  [  448/  678]
loss: 3.013277  [  640/  678]
Average Training Loss: 1.001485
Val Loss: 3.1303 | C-index: 0.7378

Epoch 28
-------------------------------
loss: 2.833323  [   64/  678]
loss: 2.608967  [  256/  678]
loss: 2.513787  [  448/  678]
loss: 2.614446  [  640/  678]
Average Training Loss: 0.960957
Val Loss: 3.1204 | C-index: 0.7355

Stopping early at Epoch 28 since no C-Index improvement after 5 epochs.
Done!
Best C-Index = 0.7433874709976798 at Epoch 23

=========================================
FOLD 4/5
=========================================

Epoch 1
-------------------------------
loss: 3.068079  [   64/  678]
loss: 3.224718  [  256/  678]
loss: 2.839379  [  448/  678]
loss: 2.845882  [  640/  678]
Average Training Loss: 1.088914
Val Loss: 2.5186 | C-index: 0.6738

Epoch 2
-------------------------------
loss: 3.385851  [   64/  678]
loss: 2.721324  [  256/  678]
loss: 3.413280  [  448/  678]
loss: 3.385605  [  640/  678]
Average Training Loss: 1.173278
Val Loss: 2.5092 | C-index: 0.6675

Epoch 3
-------------------------------
loss: 3.137759  [   64/  678]
loss: 2.938393  [  256/  678]
loss: 3.096556  [  448/  678]
loss: 3.148216  [  640/  678]
Average Training Loss: 1.120084
Val Loss: 2.4969 | C-index: 0.6667

Epoch 4
-------------------------------
loss: 3.065368  [   64/  678]
loss: 2.858302  [  256/  678]
loss: 2.656370  [  448/  678]
loss: 2.968459  [  640/  678]
Average Training Loss: 1.049864
Val Loss: 2.4854 | C-index: 0.6683

Epoch 5
-------------------------------
loss: 3.409594  [   64/  678]
loss: 3.196394  [  256/  678]
loss: 2.421504  [  448/  678]
loss: 3.104618  [  640/  678]
Average Training Loss: 1.102919
Val Loss: 2.4727 | C-index: 0.6675

Epoch 6
-------------------------------
loss: 2.544489  [   64/  678]
loss: 2.755018  [  256/  678]
loss: 3.319121  [  448/  678]
loss: 3.300994  [  640/  678]
Average Training Loss: 1.083602
Val Loss: 2.4602 | C-index: 0.6675

Stopping early at Epoch 6 since no C-Index improvement after 5 epochs.
Done!
Best C-Index = 0.6738437001594896 at Epoch 1

=========================================
FOLD 5/5
=========================================

Epoch 1
-------------------------------
loss: 2.679192  [   64/  678]
loss: 3.119456  [  256/  678]
loss: 3.073453  [  448/  678]
loss: 3.525032  [  640/  678]
Average Training Loss: 1.127012
Val Loss: 3.0570 | C-index: 0.7338

Epoch 2
-------------------------------
loss: 2.326095  [   64/  678]
loss: 3.108373  [  256/  678]
loss: 3.124277  [  448/  678]
loss: 2.814165  [  640/  678]
Average Training Loss: 1.033901
Val Loss: 3.0456 | C-index: 0.7294

Epoch 3
-------------------------------
loss: 2.976523  [   64/  678]
loss: 2.785309  [  256/  678]
loss: 3.063536  [  448/  678]
loss: 2.807184  [  640/  678]
Average Training Loss: 1.057505
Val Loss: 3.0381 | C-index: 0.7338

Epoch 4
-------------------------------
loss: 3.443095  [   64/  678]
loss: 2.780935  [  256/  678]
loss: 2.921988  [  448/  678]
loss: 2.709832  [  640/  678]
Average Training Loss: 1.077805
Val Loss: 3.0276 | C-index: 0.7357

Epoch 5
-------------------------------
loss: 2.991507  [   64/  678]
loss: 2.910807  [  256/  678]
loss: 2.521011  [  448/  678]
loss: 3.002957  [  640/  678]
Average Training Loss: 1.038753
Val Loss: 3.0172 | C-index: 0.7328

Epoch 6
-------------------------------
loss: 3.056876  [   64/  678]
loss: 2.647844  [  256/  678]
loss: 2.542495  [  448/  678]
loss: 3.158510  [  640/  678]
Average Training Loss: 1.036884
Val Loss: 3.0033 | C-index: 0.7226

Epoch 7
-------------------------------
loss: 2.367116  [   64/  678]
loss: 2.948384  [  256/  678]
loss: 3.491854  [  448/  678]
loss: 2.995573  [  640/  678]
Average Training Loss: 1.072993
Val Loss: 2.9888 | C-index: 0.7216

Epoch 8
-------------------------------
loss: 2.125843  [   64/  678]
loss: 3.142746  [  256/  678]
loss: 3.196932  [  448/  678]
loss: 3.027887  [  640/  678]
Average Training Loss: 1.044855
Val Loss: 2.9817 | C-index: 0.7206

Epoch 9
-------------------------------
loss: 2.721299  [   64/  678]
loss: 3.225566  [  256/  678]
loss: 2.396505  [  448/  678]
loss: 3.044944  [  640/  678]
Average Training Loss: 1.035301
Val Loss: 2.9700 | C-index: 0.7206

Stopping early at Epoch 9 since no C-Index improvement after 5 epochs.
Done!
Best C-Index = 0.7357386640663092 at Epoch 4

=========================================
CV training complete! Mean ± std C-index: 0.6862 ± 0.0641
Best epochs per fold: [6, 3, 23, 1, 4]

=========================================
Retraining model on full train+val for 7 epochs...
Epoch 1
-------------------------------
loss: 2.934822  [   64/  847]
loss: 3.011903  [  320/  847]
loss: 3.716327  [  576/  847]
loss: 2.878913  [  832/  847]
Average Training Loss: 0.895855
Val Loss: 2.8680 | C-index: 0.5847

Epoch 2
-------------------------------
loss: 3.128970  [   64/  847]
loss: 2.668977  [  320/  847]
loss: 3.086789  [  576/  847]
loss: 3.436393  [  832/  847]
Average Training Loss: 0.880081
Val Loss: 2.8658 | C-index: 0.6130

Epoch 3
-------------------------------
loss: 3.268484  [   64/  847]
loss: 2.956236  [  320/  847]
loss: 2.634942  [  576/  847]
loss: 2.235947  [  832/  847]
Average Training Loss: 0.792544
Val Loss: 2.8691 | C-index: 0.6388

Epoch 4
-------------------------------
loss: 3.073332  [   64/  847]
loss: 3.124431  [  320/  847]
loss: 3.161369  [  576/  847]
loss: 2.751020  [  832/  847]
Average Training Loss: 0.865011
Val Loss: 2.8498 | C-index: 0.6316

Epoch 5
-------------------------------
loss: 3.225137  [   64/  847]
loss: 2.519537  [  320/  847]
loss: 3.003796  [  576/  847]
loss: 3.318250  [  832/  847]
Average Training Loss: 0.861909
Val Loss: 2.8862 | C-index: 0.6352

Epoch 6
-------------------------------
loss: 3.057901  [   64/  847]
loss: 3.377978  [  320/  847]
loss: 2.854746  [  576/  847]
loss: 2.941932  [  832/  847]
Average Training Loss: 0.873754
Val Loss: 2.9059 | C-index: 0.6247

Epoch 7
-------------------------------
loss: 2.840019  [   64/  847]
loss: 2.484568  [  320/  847]
loss: 3.123413  [  576/  847]
loss: 2.532472  [  832/  847]
Average Training Loss: 0.784320
Val Loss: 2.8227 | C-index: 0.6434

Done!
Best C-Index = 0.6434125986865502 at Epoch 7
FINAL TEST Average Loss: 2.4866
FINAL TEST C-index: 0.6229
Bootstrap 95% CI: [0.4945, 0.7536]
Results saved to /Users/evan/Documents/GitHub/HyBINN/experiments/runs/clinical_only/seed_9/results.json
