train_hybinn.py log started 2026-06-05 22:42:25.786736
=========================================
Model Active Branches: ['binn', 'gene']
=========================================

=========================================
FOLD 1/5
=========================================

Epoch 1
-------------------------------
loss: 2.627505  [   64/  677]
loss: 2.860191  [  256/  677]
loss: 2.966521  [  448/  677]
loss: 3.110570  [  640/  677]
Average Training Loss: 1.051344
Val Loss: 3.0428 | C-index: 0.5477

Epoch 2
-------------------------------
loss: 2.528248  [   64/  677]
loss: 2.822522  [  256/  677]
loss: 2.957593  [  448/  677]
loss: 2.751982  [  640/  677]
Average Training Loss: 1.005486
Val Loss: 3.0162 | C-index: 0.5643

Epoch 3
-------------------------------
loss: 3.123590  [   64/  677]
loss: 2.661656  [  256/  677]
loss: 2.314703  [  448/  677]
loss: 2.844284  [  640/  677]
Average Training Loss: 0.994930
Val Loss: 3.0136 | C-index: 0.6388

Epoch 4
-------------------------------
loss: 2.965064  [   64/  677]
loss: 2.453733  [  256/  677]
loss: 2.544990  [  448/  677]
loss: 2.107978  [  640/  677]
Average Training Loss: 0.915615
Val Loss: 2.8458 | C-index: 0.7160

Epoch 5
-------------------------------
loss: 1.785309  [   64/  677]
loss: 1.584445  [  256/  677]
loss: 1.877143  [  448/  677]
loss: 1.807889  [  640/  677]
Average Training Loss: 0.641344
Val Loss: 3.0159 | C-index: 0.7138

Epoch 6
-------------------------------
loss: 1.787391  [   64/  677]
loss: 2.158316  [  256/  677]
loss: 1.720010  [  448/  677]
loss: 1.846470  [  640/  677]
Average Training Loss: 0.682926
Val Loss: 3.1975 | C-index: 0.6999

Epoch 7
-------------------------------
loss: 1.502347  [   64/  677]
loss: 2.073764  [  256/  677]
loss: 2.271660  [  448/  677]
loss: 1.586224  [  640/  677]
Average Training Loss: 0.675818
Val Loss: 2.9442 | C-index: 0.7090

Epoch 8
-------------------------------
loss: 0.719111  [   64/  677]
loss: 1.725286  [  256/  677]
loss: 1.799729  [  448/  677]
loss: 1.847249  [  640/  677]
Average Training Loss: 0.553761
Val Loss: 3.4664 | C-index: 0.6297

Epoch 9
-------------------------------
loss: 1.791580  [   64/  677]
loss: 1.343272  [  256/  677]
loss: 1.343218  [  448/  677]
loss: 1.269033  [  640/  677]
Average Training Loss: 0.522464
Val Loss: 3.5703 | C-index: 0.6651

Stopping early at Epoch 9 since no C-Index improvement after 5 epochs.
Done!
Best C-Index = 0.7159699892818864 at Epoch 4

=========================================
FOLD 2/5
=========================================

Epoch 1
-------------------------------
loss: 2.767759  [   64/  677]
loss: 3.161209  [  256/  677]
loss: 3.026723  [  448/  677]
loss: 2.942457  [  640/  677]
Average Training Loss: 1.081650
Val Loss: 2.9034 | C-index: 0.5548

Epoch 2
-------------------------------
loss: 3.366104  [   64/  677]
loss: 3.089838  [  256/  677]
loss: 2.450091  [  448/  677]
loss: 3.259602  [  640/  677]
Average Training Loss: 1.105967
Val Loss: 2.8928 | C-index: 0.5731

Epoch 3
-------------------------------
loss: 3.073288  [   64/  677]
loss: 2.510976  [  256/  677]
loss: 2.551756  [  448/  677]
loss: 2.773962  [  640/  677]
Average Training Loss: 0.991817
Val Loss: 2.9443 | C-index: 0.5783

Epoch 4
-------------------------------
loss: 2.143835  [   64/  677]
loss: 1.829026  [  256/  677]
loss: 2.377451  [  448/  677]
loss: 2.244145  [  640/  677]
Average Training Loss: 0.781314
Val Loss: 3.0070 | C-index: 0.6236

Epoch 5
-------------------------------
loss: 1.423504  [   64/  677]
loss: 2.067705  [  256/  677]
loss: 2.404008  [  448/  677]
loss: 2.002914  [  640/  677]
Average Training Loss: 0.718012
Val Loss: 2.7909 | C-index: 0.6288

Epoch 6
-------------------------------
loss: 1.785058  [   64/  677]
loss: 1.933186  [  256/  677]
loss: 1.873602  [  448/  677]
loss: 2.055380  [  640/  677]
Average Training Loss: 0.695202
Val Loss: 3.4061 | C-index: 0.6133

Epoch 7
-------------------------------
loss: 1.328659  [   64/  677]
loss: 1.961274  [  256/  677]
loss: 1.226253  [  448/  677]
loss: 1.483642  [  640/  677]
Average Training Loss: 0.545439
Val Loss: 3.2702 | C-index: 0.5978

Epoch 8
-------------------------------
loss: 1.703508  [   64/  677]
loss: 1.823467  [  256/  677]
loss: 1.633493  [  448/  677]
loss: 1.449688  [  640/  677]
Average Training Loss: 0.600923
Val Loss: 3.0941 | C-index: 0.6862

Epoch 9
-------------------------------
loss: 0.642937  [   64/  677]
loss: 1.402178  [  256/  677]
loss: 1.110142  [  448/  677]
loss: 2.013943  [  640/  677]
Average Training Loss: 0.469927
Val Loss: 2.9177 | C-index: 0.6936

Epoch 10
-------------------------------
loss: 1.552393  [   64/  677]
loss: 1.267896  [  256/  677]
loss: 0.885681  [  448/  677]
loss: 1.747886  [  640/  677]
Average Training Loss: 0.495805
Val Loss: 3.4535 | C-index: 0.6145

Epoch 11
-------------------------------
loss: 1.320706  [   64/  677]
loss: 0.839796  [  256/  677]
loss: 1.412680  [  448/  677]
loss: 1.977683  [  640/  677]
Average Training Loss: 0.504624
Val Loss: 2.9107 | C-index: 0.6776

Epoch 12
-------------------------------
loss: 0.764927  [   64/  677]
loss: 1.456451  [  256/  677]
loss: 0.525706  [  448/  677]
loss: 0.888339  [  640/  677]
Average Training Loss: 0.330493
Val Loss: 3.4359 | C-index: 0.6443

Epoch 13
-------------------------------
loss: 0.992937  [   64/  677]
loss: 0.337916  [  256/  677]
loss: 1.070726  [  448/  677]
loss: 1.173456  [  640/  677]
Average Training Loss: 0.325003
Val Loss: 3.2212 | C-index: 0.6655

Epoch 14
-------------------------------
loss: 0.703182  [   64/  677]
loss: 1.191369  [  256/  677]
loss: 0.370651  [  448/  677]
loss: 1.209420  [  640/  677]
Average Training Loss: 0.315875
Val Loss: 3.5361 | C-index: 0.7091

Epoch 15
-------------------------------
loss: 1.497808  [   64/  677]
loss: 0.478956  [  256/  677]
loss: 1.253060  [  448/  677]
loss: 1.752301  [  640/  677]
Average Training Loss: 0.452920
Val Loss: 3.1981 | C-index: 0.6707

Epoch 16
-------------------------------
loss: 0.431492  [   64/  677]
loss: 1.501479  [  256/  677]
loss: 1.281406  [  448/  677]
loss: 0.767891  [  640/  677]
Average Training Loss: 0.362024
Val Loss: 3.2639 | C-index: 0.6873

Epoch 17
-------------------------------
loss: 1.307134  [   64/  677]
loss: 1.120590  [  256/  677]
loss: 1.051731  [  448/  677]
loss: 1.003934  [  640/  677]
Average Training Loss: 0.407581
Val Loss: 2.9184 | C-index: 0.6976

Epoch 18
-------------------------------
loss: 1.043425  [   64/  677]
loss: 1.179161  [  256/  677]
loss: 0.836088  [  448/  677]
loss: 1.315237  [  640/  677]
Average Training Loss: 0.397628
Val Loss: 3.4215 | C-index: 0.6586

Epoch 19
-------------------------------
loss: 0.839289  [   64/  677]
loss: 0.855643  [  256/  677]
loss: 0.973132  [  448/  677]
loss: 0.897813  [  640/  677]
Average Training Loss: 0.324171
Val Loss: 3.2951 | C-index: 0.7240

Epoch 20
-------------------------------
loss: 0.758715  [   64/  677]
loss: 0.567200  [  256/  677]
loss: 1.194121  [  448/  677]
loss: 1.248736  [  640/  677]
Average Training Loss: 0.342616
Val Loss: 4.3361 | C-index: 0.6638

Epoch 21
-------------------------------
loss: 0.698954  [   64/  677]
loss: 1.419080  [  256/  677]
loss: 1.197250  [  448/  677]
loss: 1.241081  [  640/  677]
Average Training Loss: 0.414215
Val Loss: 3.4030 | C-index: 0.6649

Epoch 22
-------------------------------
loss: 1.250796  [   64/  677]
loss: 1.099597  [  256/  677]
loss: 0.661627  [  448/  677]
loss: 0.689349  [  640/  677]
Average Training Loss: 0.336488
Val Loss: 3.3874 | C-index: 0.6902

Epoch 23
-------------------------------
loss: 0.935133  [   64/  677]
loss: 1.463800  [  256/  677]
loss: 1.295015  [  448/  677]
loss: 1.201635  [  640/  677]
Average Training Loss: 0.445053
Val Loss: 3.5633 | C-index: 0.6954

Epoch 24
-------------------------------
loss: 0.613845  [   64/  677]
loss: 1.280924  [  256/  677]
loss: 1.930167  [  448/  677]
loss: 0.712920  [  640/  677]
Average Training Loss: 0.412532
Val Loss: 2.9505 | C-index: 0.7303

Epoch 25
-------------------------------
loss: 1.309159  [   64/  677]
loss: 0.520214  [  256/  677]
loss: 0.824118  [  448/  677]
loss: 1.487643  [  640/  677]
Average Training Loss: 0.376467
Val Loss: 3.6861 | C-index: 0.6575

Epoch 26
-------------------------------
loss: 0.608002  [   64/  677]
loss: 0.996530  [  256/  677]
loss: 0.604414  [  448/  677]
loss: 0.982543  [  640/  677]
Average Training Loss: 0.290135
Val Loss: 3.2310 | C-index: 0.7189

Epoch 27
-------------------------------
loss: 0.737450  [   64/  677]
loss: 0.945928  [  256/  677]
loss: 1.336992  [  448/  677]
loss: 1.129323  [  640/  677]
Average Training Loss: 0.377245
Val Loss: 3.4080 | C-index: 0.7154

Epoch 28
-------------------------------
loss: 0.677936  [   64/  677]
loss: 0.560080  [  256/  677]
loss: 0.504265  [  448/  677]
loss: 0.828198  [  640/  677]
Average Training Loss: 0.233680
Val Loss: 3.3888 | C-index: 0.6747

Epoch 29
-------------------------------
loss: 1.060690  [   64/  677]
loss: 1.087402  [  256/  677]
loss: 1.312043  [  448/  677]
loss: 0.571248  [  640/  677]
Average Training Loss: 0.366489
Val Loss: 4.2205 | C-index: 0.6489

Stopping early at Epoch 29 since no C-Index improvement after 5 epochs.
Done!
Best C-Index = 0.7303499713138267 at Epoch 24

=========================================
FOLD 3/5
=========================================

Epoch 1
-------------------------------
loss: 2.937298  [   64/  678]
loss: 2.618180  [  256/  678]
loss: 3.367916  [  448/  678]
loss: 2.890733  [  640/  678]
Average Training Loss: 1.074011
Val Loss: 2.9609 | C-index: 0.4872

Epoch 2
-------------------------------
loss: 2.588249  [   64/  678]
loss: 3.467361  [  256/  678]
loss: 2.985355  [  448/  678]
loss: 2.350909  [  640/  678]
Average Training Loss: 1.035625
Val Loss: 2.9328 | C-index: 0.5290

Epoch 3
-------------------------------
loss: 2.179017  [   64/  678]
loss: 2.919065  [  256/  678]
loss: 2.386662  [  448/  678]
loss: 3.183795  [  640/  678]
Average Training Loss: 0.969867
Val Loss: 2.9001 | C-index: 0.5746

Epoch 4
-------------------------------
loss: 2.193786  [   64/  678]
loss: 2.133925  [  256/  678]
loss: 2.788490  [  448/  678]
loss: 2.354088  [  640/  678]
Average Training Loss: 0.860935
Val Loss: 2.8054 | C-index: 0.6854

Epoch 5
-------------------------------
loss: 1.609711  [   64/  678]
loss: 1.745233  [  256/  678]
loss: 2.306032  [  448/  678]
loss: 2.193761  [  640/  678]
Average Training Loss: 0.714067
Val Loss: 2.7289 | C-index: 0.7105

Epoch 6
-------------------------------
loss: 1.724922  [   64/  678]
loss: 1.903754  [  256/  678]
loss: 1.866236  [  448/  678]
loss: 1.676158  [  640/  678]
Average Training Loss: 0.651916
Val Loss: 3.3092 | C-index: 0.5395

Epoch 7
-------------------------------
loss: 1.554359  [   64/  678]
loss: 1.103563  [  256/  678]
loss: 2.688881  [  448/  678]
loss: 1.652127  [  640/  678]
Average Training Loss: 0.636266
Val Loss: 3.0933 | C-index: 0.6520

Epoch 8
-------------------------------
loss: 1.889696  [   64/  678]
loss: 1.073673  [  256/  678]
loss: 1.485351  [  448/  678]
loss: 1.991573  [  640/  678]
Average Training Loss: 0.585481
Val Loss: 2.9932 | C-index: 0.6609

Epoch 9
-------------------------------
loss: 1.256598  [   64/  678]
loss: 1.876573  [  256/  678]
loss: 1.879608  [  448/  678]
loss: 1.327901  [  640/  678]
Average Training Loss: 0.576425
Val Loss: 2.7956 | C-index: 0.7205

Epoch 10
-------------------------------
loss: 1.172322  [   64/  678]
loss: 2.144430  [  256/  678]
loss: 1.070957  [  448/  678]
loss: 1.171958  [  640/  678]
Average Training Loss: 0.505424
Val Loss: 3.2488 | C-index: 0.5752

Epoch 11
-------------------------------
loss: 1.914536  [   64/  678]
loss: 0.928695  [  256/  678]
loss: 1.225816  [  448/  678]
loss: 1.020155  [  640/  678]
Average Training Loss: 0.462655
Val Loss: 2.9248 | C-index: 0.6592

Epoch 12
-------------------------------
loss: 1.118395  [   64/  678]
loss: 0.998983  [  256/  678]
loss: 1.119588  [  448/  678]
loss: 0.948520  [  640/  678]
Average Training Loss: 0.380499
Val Loss: 3.0140 | C-index: 0.6492

Epoch 13
-------------------------------
loss: 0.891059  [   64/  678]
loss: 1.313786  [  256/  678]
loss: 1.544520  [  448/  678]
loss: 0.662969  [  640/  678]
Average Training Loss: 0.401121
Val Loss: 2.7406 | C-index: 0.7372

Epoch 14
-------------------------------
loss: 1.159586  [   64/  678]
loss: 0.470478  [  256/  678]
loss: 1.355024  [  448/  678]
loss: 0.979889  [  640/  678]
Average Training Loss: 0.360453
Val Loss: 3.2945 | C-index: 0.6247

Epoch 15
-------------------------------
loss: 0.926215  [   64/  678]
loss: 1.306961  [  256/  678]
loss: 0.942991  [  448/  678]
loss: 0.962360  [  640/  678]
Average Training Loss: 0.376230
Val Loss: 2.8210 | C-index: 0.7160

Epoch 16
-------------------------------
loss: 1.345924  [   64/  678]
loss: 1.135226  [  256/  678]
loss: 1.199637  [  448/  678]
loss: 1.212574  [  640/  678]
Average Training Loss: 0.444851
Val Loss: 3.1861 | C-index: 0.6175

Epoch 17
-------------------------------
loss: 1.177587  [   64/  678]
loss: 1.262954  [  256/  678]
loss: 1.299811  [  448/  678]
loss: 1.257183  [  640/  678]
Average Training Loss: 0.454321
Val Loss: 2.9652 | C-index: 0.6982

Epoch 18
-------------------------------
loss: 1.660686  [   64/  678]
loss: 1.186324  [  256/  678]
loss: 1.488857  [  448/  678]
loss: 0.871507  [  640/  678]
Average Training Loss: 0.473398
Val Loss: 3.2123 | C-index: 0.6570

Stopping early at Epoch 18 since no C-Index improvement after 5 epochs.
Done!
Best C-Index = 0.7371937639198218 at Epoch 13

=========================================
FOLD 4/5
=========================================

Epoch 1
-------------------------------
loss: 2.870915  [   64/  678]
loss: 2.932532  [  256/  678]
loss: 3.070554  [  448/  678]
loss: 3.124792  [  640/  678]
Average Training Loss: 1.090799
Val Loss: 2.4889 | C-index: 0.5323

Epoch 2
-------------------------------
loss: 3.185406  [   64/  678]
loss: 2.722203  [  256/  678]
loss: 3.203965  [  448/  678]
loss: 2.976706  [  640/  678]
Average Training Loss: 1.098935
Val Loss: 2.5231 | C-index: 0.5003

Epoch 3
-------------------------------
loss: 3.063442  [   64/  678]
loss: 3.013775  [  256/  678]
loss: 2.735917  [  448/  678]
loss: 2.797433  [  640/  678]
Average Training Loss: 1.055506
Val Loss: 2.4298 | C-index: 0.5846

Epoch 4
-------------------------------
loss: 2.640036  [   64/  678]
loss: 2.573788  [  256/  678]
loss: 2.478984  [  448/  678]
loss: 2.119335  [  640/  678]
Average Training Loss: 0.892013
Val Loss: 2.3103 | C-index: 0.5846

Epoch 5
-------------------------------
loss: 2.076634  [   64/  678]
loss: 2.094896  [  256/  678]
loss: 2.122707  [  448/  678]
loss: 2.125227  [  640/  678]
Average Training Loss: 0.765406
Val Loss: 2.4772 | C-index: 0.6703

Epoch 6
-------------------------------
loss: 1.790434  [   64/  678]
loss: 1.195268  [  256/  678]
loss: 1.256557  [  448/  678]
loss: 2.293890  [  640/  678]
Average Training Loss: 0.594195
Val Loss: 2.7095 | C-index: 0.5976

Epoch 7
-------------------------------
loss: 1.607979  [   64/  678]
loss: 1.667405  [  256/  678]
loss: 1.913418  [  448/  678]
loss: 1.419149  [  640/  678]
Average Training Loss: 0.600723
Val Loss: 2.4595 | C-index: 0.5765

Epoch 8
-------------------------------
loss: 1.616300  [   64/  678]
loss: 1.004116  [  256/  678]
loss: 1.709499  [  448/  678]
loss: 1.680135  [  640/  678]
Average Training Loss: 0.546368
Val Loss: 2.5812 | C-index: 0.6927

Epoch 9
-------------------------------
loss: 1.506461  [   64/  678]
loss: 1.359366  [  256/  678]
loss: 1.877159  [  448/  678]
loss: 1.615761  [  640/  678]
Average Training Loss: 0.578068
Val Loss: 2.4639 | C-index: 0.5826

Epoch 10
-------------------------------
loss: 1.559305  [   64/  678]
loss: 1.408995  [  256/  678]
loss: 1.333727  [  448/  678]
loss: 1.596255  [  640/  678]
Average Training Loss: 0.536208
Val Loss: 2.3561 | C-index: 0.7111

Epoch 11
-------------------------------
loss: 1.922236  [   64/  678]
loss: 1.283891  [  256/  678]
loss: 1.365851  [  448/  678]
loss: 1.404574  [  640/  678]
Average Training Loss: 0.543323
Val Loss: 2.3487 | C-index: 0.6649

Epoch 12
-------------------------------
loss: 1.108185  [   64/  678]
loss: 1.566355  [  256/  678]
loss: 1.310682  [  448/  678]
loss: 1.319273  [  640/  678]
Average Training Loss: 0.482227
Val Loss: 2.6792 | C-index: 0.6010

Epoch 13
-------------------------------
loss: 0.970623  [   64/  678]
loss: 1.111847  [  256/  678]
loss: 1.773922  [  448/  678]
loss: 1.433995  [  640/  678]
Average Training Loss: 0.480944
Val Loss: 2.8858 | C-index: 0.5874

Epoch 14
-------------------------------
loss: 1.115933  [   64/  678]
loss: 1.995964  [  256/  678]
loss: 1.139883  [  448/  678]
loss: 2.253105  [  640/  678]
Average Training Loss: 0.591353
Val Loss: 2.6023 | C-index: 0.6540

Epoch 15
-------------------------------
loss: 0.596052  [   64/  678]
loss: 1.623303  [  256/  678]
loss: 1.319043  [  448/  678]
loss: 1.467683  [  640/  678]
Average Training Loss: 0.455098
Val Loss: 2.6434 | C-index: 0.6540

Stopping early at Epoch 15 since no C-Index improvement after 5 epochs.
Done!
Best C-Index = 0.7110808973487424 at Epoch 10

=========================================
FOLD 5/5
=========================================

Epoch 1
-------------------------------
loss: 3.227984  [   64/  678]
loss: 2.656583  [  256/  678]
loss: 3.271650  [  448/  678]
loss: 3.368397  [  640/  678]
Average Training Loss: 1.138601
Val Loss: 2.5972 | C-index: 0.5462

Epoch 2
-------------------------------
loss: 3.108893  [   64/  678]
loss: 2.868117  [  256/  678]
loss: 2.756422  [  448/  678]
loss: 3.175284  [  640/  678]
Average Training Loss: 1.082611
Val Loss: 2.5653 | C-index: 0.5788

Epoch 3
-------------------------------
loss: 2.704252  [   64/  678]
loss: 3.051091  [  256/  678]
loss: 2.193237  [  448/  678]
loss: 2.778639  [  640/  678]
Average Training Loss: 0.975202
Val Loss: 2.4868 | C-index: 0.6128

Epoch 4
-------------------------------
loss: 2.453779  [   64/  678]
loss: 2.214747  [  256/  678]
loss: 2.257303  [  448/  678]
loss: 2.447137  [  640/  678]
Average Training Loss: 0.852088
Val Loss: 2.4333 | C-index: 0.6556

Epoch 5
-------------------------------
loss: 2.152878  [   64/  678]
loss: 1.669723  [  256/  678]
loss: 2.255318  [  448/  678]
loss: 2.325363  [  640/  678]
Average Training Loss: 0.763935
Val Loss: 2.4324 | C-index: 0.6576

Epoch 6
-------------------------------
loss: 2.040771  [   64/  678]
loss: 1.440193  [  256/  678]
loss: 1.482816  [  448/  678]
loss: 1.050261  [  640/  678]
Average Training Loss: 0.546731
Val Loss: 2.2561 | C-index: 0.7086

Epoch 7
-------------------------------
loss: 1.255083  [   64/  678]
loss: 1.726087  [  256/  678]
loss: 1.247622  [  448/  678]
loss: 1.918827  [  640/  678]
Average Training Loss: 0.558874
Val Loss: 2.4890 | C-index: 0.7140

Epoch 8
-------------------------------
loss: 1.635793  [   64/  678]
loss: 1.562008  [  256/  678]
loss: 1.222693  [  448/  678]
loss: 1.466058  [  640/  678]
Average Training Loss: 0.535141
Val Loss: 2.4232 | C-index: 0.6365

Epoch 9
-------------------------------
loss: 1.621416  [   64/  678]
loss: 3.285393  [  256/  678]
loss: 0.858942  [  448/  678]
loss: 1.827775  [  640/  678]
Average Training Loss: 0.690321
Val Loss: 2.6941 | C-index: 0.6814

Epoch 10
-------------------------------
loss: 0.993429  [   64/  678]
loss: 0.779275  [  256/  678]
loss: 1.623737  [  448/  678]
loss: 1.267118  [  640/  678]
Average Training Loss: 0.423960
Val Loss: 2.6147 | C-index: 0.6250

Epoch 11
-------------------------------
loss: 1.467739  [   64/  678]
loss: 0.736599  [  256/  678]
loss: 1.516285  [  448/  678]
loss: 1.336028  [  640/  678]
Average Training Loss: 0.459696
Val Loss: 2.6835 | C-index: 0.6427

Epoch 12
-------------------------------
loss: 1.066422  [   64/  678]
loss: 1.133505  [  256/  678]
loss: 1.269724  [  448/  678]
loss: 1.352994  [  640/  678]
Average Training Loss: 0.438422
Val Loss: 2.5105 | C-index: 0.6658

Stopping early at Epoch 12 since no C-Index improvement after 5 epochs.
Done!
Best C-Index = 0.7139945652173914 at Epoch 7

=========================================
CV training complete! Mean ± std C-index: 0.7217 ± 0.0102
Best epochs per fold: [4, 24, 13, 10, 7]

=========================================
Retraining model on full train+val for 12 epochs...
Epoch 1
-------------------------------
loss: 3.491431  [   64/  847]
loss: 3.201404  [  320/  847]
loss: 2.986244  [  576/  847]
loss: 2.695751  [  832/  847]
Average Training Loss: 0.883916
Val Loss: 2.8065 | C-index: 0.6190

Epoch 2
-------------------------------
loss: 3.064730  [   64/  847]
loss: 2.894670  [  320/  847]
loss: 2.903363  [  576/  847]
loss: 2.355399  [  832/  847]
Average Training Loss: 0.801297
Val Loss: 2.6283 | C-index: 0.7623

Epoch 3
-------------------------------
loss: 2.920567  [   64/  847]
loss: 2.701120  [  320/  847]
loss: 2.845015  [  576/  847]
loss: 2.543142  [  832/  847]
Average Training Loss: 0.786417
Val Loss: 2.4381 | C-index: 0.8573

Epoch 4
-------------------------------
loss: 2.426363  [   64/  847]
loss: 2.441329  [  320/  847]
loss: 2.336851  [  576/  847]
loss: 2.400810  [  832/  847]
Average Training Loss: 0.686097
Val Loss: 1.7997 | C-index: 0.9311

Epoch 5
-------------------------------
loss: 0.869258  [   64/  847]
loss: 2.551771  [  320/  847]
loss: 2.295292  [  576/  847]
loss: 1.289285  [  832/  847]
Average Training Loss: 0.500400
Val Loss: 1.5276 | C-index: 0.9427

Epoch 6
-------------------------------
loss: 1.383119  [   64/  847]
loss: 2.024418  [  320/  847]
loss: 2.143809  [  576/  847]
loss: 1.643764  [  832/  847]
Average Training Loss: 0.513936
Val Loss: 1.6299 | C-index: 0.9222

Epoch 7
-------------------------------
loss: 1.597693  [   64/  847]
loss: 1.975863  [  320/  847]
loss: 1.401832  [  576/  847]
loss: 1.791605  [  832/  847]
Average Training Loss: 0.483357
Val Loss: 1.3193 | C-index: 0.9565

Epoch 8
-------------------------------
loss: 2.362679  [   64/  847]
loss: 1.889503  [  320/  847]
loss: 1.308724  [  576/  847]
loss: 1.763664  [  832/  847]
Average Training Loss: 0.523184
Val Loss: 1.2839 | C-index: 0.9638

Epoch 9
-------------------------------
loss: 1.226706  [   64/  847]
loss: 1.645730  [  320/  847]
loss: 0.705731  [  576/  847]
loss: 1.783322  [  832/  847]
Average Training Loss: 0.382963
Val Loss: 1.2829 | C-index: 0.9653

Epoch 10
-------------------------------
loss: 1.968514  [   64/  847]
loss: 1.186704  [  320/  847]
loss: 1.496770  [  576/  847]
loss: 1.574980  [  832/  847]
Average Training Loss: 0.444783
Val Loss: 1.0874 | C-index: 0.9703

Epoch 11
-------------------------------
loss: 2.129641  [   64/  847]
loss: 1.507744  [  320/  847]
loss: 1.558634  [  576/  847]
loss: 2.168289  [  832/  847]
Average Training Loss: 0.526022
Val Loss: 1.0741 | C-index: 0.9668

Epoch 12
-------------------------------
loss: 0.753011  [   64/  847]
loss: 1.422632  [  320/  847]
loss: 1.490356  [  576/  847]
loss: 1.516697  [  832/  847]
Average Training Loss: 0.370193
Val Loss: 1.0405 | C-index: 0.9744

Done!
Best C-Index = 0.9744475961194671 at Epoch 12
FINAL TEST Average Loss: 2.8312
FINAL TEST C-index: 0.5927
Bootstrap 95% CI: [0.4509, 0.7405]
Top 10 activated pathways:
{'R-HSA-9735869': 0.10435916483402252, 'R-HSA-210500': 0.06399795413017273, 'R-HSA-9843743': 0.05511142686009407, 'R-HSA-3238698': 0.05399502441287041, 'R-HSA-451326': 0.05202817916870117, 'R-HSA-9825892': 0.05130394920706749, 'R-HSA-2559585': 0.04812432825565338, 'R-HSA-997272': 0.047424931079149246, 'R-HSA-5620922': 0.04513046517968178, 'R-HSA-399997': 0.04409267008304596}
Results saved to /Users/evan/Documents/GitHub/HyBINN/experiments/runs/binn_gene/seed_7/results.json
