train_hybinn.py log started 2026-06-17 01:12:40.646761
=========================================
Model Active Branches: ['binn', 'gene']
=========================================

=========================================
FOLD 1/5
=========================================

Epoch 1
-------------------------------
loss: 2.735882  [   64/  677]
loss: 3.027625  [  256/  677]
loss: 3.459772  [  448/  677]
loss: 3.280719  [  640/  677]
Average Training Loss: 1.136727
Val Loss: 2.7122 | C-index: 0.5204

Epoch 2
-------------------------------
loss: 3.071676  [   64/  677]
loss: 2.848063  [  256/  677]
loss: 3.386919  [  448/  677]
loss: 2.496044  [  640/  677]
Average Training Loss: 1.072973
Val Loss: 2.6852 | C-index: 0.5571

Epoch 3
-------------------------------
loss: 3.041593  [   64/  677]
loss: 2.937412  [  256/  677]
loss: 2.829293  [  448/  677]
loss: 2.727141  [  640/  677]
Average Training Loss: 1.048676
Val Loss: 2.6260 | C-index: 0.6318

Epoch 4
-------------------------------
loss: 2.634780  [   64/  677]
loss: 2.909010  [  256/  677]
loss: 2.285880  [  448/  677]
loss: 2.065234  [  640/  677]
Average Training Loss: 0.899537
Val Loss: 2.5609 | C-index: 0.6359

Epoch 5
-------------------------------
loss: 2.086865  [   64/  677]
loss: 1.867597  [  256/  677]
loss: 1.388520  [  448/  677]
loss: 1.897386  [  640/  677]
Average Training Loss: 0.658215
Val Loss: 2.6878 | C-index: 0.6135

Epoch 6
-------------------------------
loss: 1.889472  [   64/  677]
loss: 1.809171  [  256/  677]
loss: 1.806275  [  448/  677]
loss: 1.903285  [  640/  677]
Average Training Loss: 0.673473
Val Loss: 2.7022 | C-index: 0.6019

Epoch 7
-------------------------------
loss: 1.797434  [   64/  677]
loss: 1.480908  [  256/  677]
loss: 1.821652  [  448/  677]
loss: 1.797585  [  640/  677]
Average Training Loss: 0.627053
Val Loss: 2.9667 | C-index: 0.5774

Epoch 8
-------------------------------
loss: 1.496739  [   64/  677]
loss: 1.243001  [  256/  677]
loss: 1.864665  [  448/  677]
loss: 1.539358  [  640/  677]
Average Training Loss: 0.558524
Val Loss: 2.7448 | C-index: 0.6501

Epoch 9
-------------------------------
loss: 1.816310  [   64/  677]
loss: 1.903104  [  256/  677]
loss: 1.127421  [  448/  677]
loss: 1.283641  [  640/  677]
Average Training Loss: 0.557316
Val Loss: 2.7109 | C-index: 0.6162

Epoch 10
-------------------------------
loss: 1.544197  [   64/  677]
loss: 1.473186  [  256/  677]
loss: 0.899731  [  448/  677]
loss: 1.515205  [  640/  677]
Average Training Loss: 0.493847
Val Loss: 2.7644 | C-index: 0.6977

Epoch 11
-------------------------------
loss: 1.154799  [   64/  677]
loss: 1.482027  [  256/  677]
loss: 1.143882  [  448/  677]
loss: 1.276329  [  640/  677]
Average Training Loss: 0.459731
Val Loss: 3.0201 | C-index: 0.5659

Epoch 12
-------------------------------
loss: 1.686242  [   64/  677]
loss: 1.643272  [  256/  677]
loss: 1.406765  [  448/  677]
loss: 1.306039  [  640/  677]
Average Training Loss: 0.549302
Val Loss: 2.8278 | C-index: 0.6155

Epoch 13
-------------------------------
loss: 0.643282  [   64/  677]
loss: 1.488309  [  256/  677]
loss: 0.649761  [  448/  677]
loss: 1.526305  [  640/  677]
Average Training Loss: 0.391605
Val Loss: 2.7955 | C-index: 0.6569

Epoch 14
-------------------------------
loss: 1.362441  [   64/  677]
loss: 1.078301  [  256/  677]
loss: 0.964117  [  448/  677]
loss: 1.095742  [  640/  677]
Average Training Loss: 0.409146
Val Loss: 3.0506 | C-index: 0.6053

Epoch 15
-------------------------------
loss: 0.987535  [   64/  677]
loss: 1.860326  [  256/  677]
loss: 1.346999  [  448/  677]
loss: 1.178426  [  640/  677]
Average Training Loss: 0.488481
Val Loss: 2.9268 | C-index: 0.6664

Stopping early at Epoch 15 since no C-Index improvement after 5 epochs.
Done!
Best C-Index = 0.6976902173913043 at Epoch 10

=========================================
FOLD 2/5
=========================================

Epoch 1
-------------------------------
loss: 2.730696  [   64/  677]
loss: 3.165244  [  256/  677]
loss: 2.807870  [  448/  677]
loss: 2.840177  [  640/  677]
Average Training Loss: 1.049453
Val Loss: 2.7421 | C-index: 0.5961

Epoch 2
-------------------------------
loss: 3.463002  [   64/  677]
loss: 2.641131  [  256/  677]
loss: 2.835706  [  448/  677]
loss: 2.900664  [  640/  677]
Average Training Loss: 1.076409
Val Loss: 2.7362 | C-index: 0.6239

Epoch 3
-------------------------------
loss: 2.997292  [   64/  677]
loss: 2.463491  [  256/  677]
loss: 2.767600  [  448/  677]
loss: 2.200747  [  640/  677]
Average Training Loss: 0.948103
Val Loss: 2.7786 | C-index: 0.6124

Epoch 4
-------------------------------
loss: 2.694118  [   64/  677]
loss: 2.750298  [  256/  677]
loss: 2.411492  [  448/  677]
loss: 2.021722  [  640/  677]
Average Training Loss: 0.897966
Val Loss: 2.7829 | C-index: 0.6246

Epoch 5
-------------------------------
loss: 1.767887  [   64/  677]
loss: 2.488797  [  256/  677]
loss: 2.702985  [  448/  677]
loss: 1.447967  [  640/  677]
Average Training Loss: 0.764330
Val Loss: 2.7711 | C-index: 0.6314

Epoch 6
-------------------------------
loss: 1.768488  [   64/  677]
loss: 2.060929  [  256/  677]
loss: 1.755732  [  448/  677]
loss: 2.232355  [  640/  677]
Average Training Loss: 0.710682
Val Loss: 3.1520 | C-index: 0.6029

Epoch 7
-------------------------------
loss: 1.852800  [   64/  677]
loss: 1.283655  [  256/  677]
loss: 1.548191  [  448/  677]
loss: 1.558373  [  640/  677]
Average Training Loss: 0.567547
Val Loss: 3.0897 | C-index: 0.5777

Epoch 8
-------------------------------
loss: 1.347869  [   64/  677]
loss: 1.457961  [  256/  677]
loss: 1.315817  [  448/  677]
loss: 1.439337  [  640/  677]
Average Training Loss: 0.505544
Val Loss: 3.2895 | C-index: 0.6029

Epoch 9
-------------------------------
loss: 0.761153  [   64/  677]
loss: 1.546301  [  256/  677]
loss: 0.909563  [  448/  677]
loss: 1.143729  [  640/  677]
Average Training Loss: 0.396431
Val Loss: 3.6429 | C-index: 0.5954

Epoch 10
-------------------------------
loss: 0.607092  [   64/  677]
loss: 1.253773  [  256/  677]
loss: 1.212315  [  448/  677]
loss: 0.907207  [  640/  677]
Average Training Loss: 0.361853
Val Loss: 3.7835 | C-index: 0.6626

Epoch 11
-------------------------------
loss: 0.849231  [   64/  677]
loss: 1.282087  [  256/  677]
loss: 0.879092  [  448/  677]
loss: 0.521842  [  640/  677]
Average Training Loss: 0.321114
Val Loss: 4.3455 | C-index: 0.5852

Epoch 12
-------------------------------
loss: 1.070717  [   64/  677]
loss: 1.301271  [  256/  677]
loss: 0.773046  [  448/  677]
loss: 1.597737  [  640/  677]
Average Training Loss: 0.431161
Val Loss: 3.2324 | C-index: 0.6178

Epoch 13
-------------------------------
loss: 1.178368  [   64/  677]
loss: 1.493756  [  256/  677]
loss: 0.704425  [  448/  677]
loss: 1.067092  [  640/  677]
Average Training Loss: 0.403967
Val Loss: 3.4781 | C-index: 0.6504

Epoch 14
-------------------------------
loss: 1.198443  [   64/  677]
loss: 1.370544  [  256/  677]
loss: 1.642303  [  448/  677]
loss: 0.962668  [  640/  677]
Average Training Loss: 0.470360
Val Loss: 3.2871 | C-index: 0.6239

Epoch 15
-------------------------------
loss: 0.415190  [   64/  677]
loss: 0.813415  [  256/  677]
loss: 0.910979  [  448/  677]
loss: 0.863174  [  640/  677]
Average Training Loss: 0.272978
Val Loss: 3.4321 | C-index: 0.6402

Stopping early at Epoch 15 since no C-Index improvement after 5 epochs.
Done!
Best C-Index = 0.6625933469110659 at Epoch 10

=========================================
FOLD 3/5
=========================================

Epoch 1
-------------------------------
loss: 2.274882  [   64/  678]
loss: 3.074919  [  256/  678]
loss: 3.234697  [  448/  678]
loss: 3.017915  [  640/  678]
Average Training Loss: 1.054765
Val Loss: 2.4618 | C-index: 0.5766

Epoch 2
-------------------------------
loss: 2.859628  [   64/  678]
loss: 2.791031  [  256/  678]
loss: 3.207129  [  448/  678]
loss: 2.631759  [  640/  678]
Average Training Loss: 1.044504
Val Loss: 2.4445 | C-index: 0.5675

Epoch 3
-------------------------------
loss: 2.799454  [   64/  678]
loss: 2.890461  [  256/  678]
loss: 2.765789  [  448/  678]
loss: 3.226808  [  640/  678]
Average Training Loss: 1.062047
Val Loss: 2.4028 | C-index: 0.5918

Epoch 4
-------------------------------
loss: 2.865214  [   64/  678]
loss: 2.716912  [  256/  678]
loss: 1.917510  [  448/  678]
loss: 2.051850  [  640/  678]
Average Training Loss: 0.868317
Val Loss: 2.3924 | C-index: 0.6062

Epoch 5
-------------------------------
loss: 2.434081  [   64/  678]
loss: 2.095051  [  256/  678]
loss: 2.172635  [  448/  678]
loss: 2.107004  [  640/  678]
Average Training Loss: 0.800797
Val Loss: 2.1904 | C-index: 0.6768

Epoch 6
-------------------------------
loss: 2.178975  [   64/  678]
loss: 2.129654  [  256/  678]
loss: 1.831566  [  448/  678]
loss: 1.355458  [  640/  678]
Average Training Loss: 0.681423
Val Loss: 2.2509 | C-index: 0.7451

Epoch 7
-------------------------------
loss: 1.289131  [   64/  678]
loss: 1.547945  [  256/  678]
loss: 1.681828  [  448/  678]
loss: 0.914066  [  640/  678]
Average Training Loss: 0.493906
Val Loss: 2.6085 | C-index: 0.6335

Epoch 8
-------------------------------
loss: 1.319080  [   64/  678]
loss: 1.152536  [  256/  678]
loss: 1.595908  [  448/  678]
loss: 1.442065  [  640/  678]
Average Training Loss: 0.500872
Val Loss: 2.3773 | C-index: 0.7200

Epoch 9
-------------------------------
loss: 1.287695  [   64/  678]
loss: 1.691167  [  256/  678]
loss: 2.557987  [  448/  678]
loss: 3.846917  [  640/  678]
Average Training Loss: 0.853070
Val Loss: 2.7343 | C-index: 0.6396

Epoch 10
-------------------------------
loss: 1.519793  [   64/  678]
loss: 1.653458  [  256/  678]
loss: 1.751251  [  448/  678]
loss: 1.121403  [  640/  678]
Average Training Loss: 0.549628
Val Loss: 2.4206 | C-index: 0.6457

Epoch 11
-------------------------------
loss: 0.915302  [   64/  678]
loss: 1.068966  [  256/  678]
loss: 1.232028  [  448/  678]
loss: 1.141778  [  640/  678]
Average Training Loss: 0.396188
Val Loss: 2.3864 | C-index: 0.7405

Stopping early at Epoch 11 since no C-Index improvement after 5 epochs.
Done!
Best C-Index = 0.7450682852807283 at Epoch 6

=========================================
FOLD 4/5
=========================================

Epoch 1
-------------------------------
loss: 2.868374  [   64/  678]
loss: 2.623007  [  256/  678]
loss: 2.483535  [  448/  678]
loss: 3.400503  [  640/  678]
Average Training Loss: 1.034129
Val Loss: 3.0270 | C-index: 0.4550

Epoch 2
-------------------------------
loss: 3.225817  [   64/  678]
loss: 2.648486  [  256/  678]
loss: 2.872564  [  448/  678]
loss: 2.753507  [  640/  678]
Average Training Loss: 1.045489
Val Loss: 3.0379 | C-index: 0.4646

Epoch 3
-------------------------------
loss: 2.727232  [   64/  678]
loss: 3.326495  [  256/  678]
loss: 2.892668  [  448/  678]
loss: 2.556846  [  640/  678]
Average Training Loss: 1.045749
Val Loss: 3.0028 | C-index: 0.5473

Epoch 4
-------------------------------
loss: 2.376592  [   64/  678]
loss: 2.752485  [  256/  678]
loss: 2.200704  [  448/  678]
loss: 1.912762  [  640/  678]
Average Training Loss: 0.840231
Val Loss: 3.0556 | C-index: 0.5140

Epoch 5
-------------------------------
loss: 1.947423  [   64/  678]
loss: 1.502113  [  256/  678]
loss: 2.390731  [  448/  678]
loss: 2.157534  [  640/  678]
Average Training Loss: 0.727073
Val Loss: 2.9577 | C-index: 0.6510

Epoch 6
-------------------------------
loss: 1.914169  [   64/  678]
loss: 2.126467  [  256/  678]
loss: 1.315307  [  448/  678]
loss: 2.408969  [  640/  678]
Average Training Loss: 0.705901
Val Loss: 3.4281 | C-index: 0.6135

Epoch 7
-------------------------------
loss: 1.573651  [   64/  678]
loss: 1.307801  [  256/  678]
loss: 2.117735  [  448/  678]
loss: 1.518488  [  640/  678]
Average Training Loss: 0.592516
Val Loss: 3.5033 | C-index: 0.5342

Epoch 8
-------------------------------
loss: 2.057510  [   64/  678]
loss: 1.070091  [  256/  678]
loss: 1.475831  [  448/  678]
loss: 1.654160  [  640/  678]
Average Training Loss: 0.568872
Val Loss: 3.0344 | C-index: 0.5855

Epoch 9
-------------------------------
loss: 1.428652  [   64/  678]
loss: 1.442125  [  256/  678]
loss: 1.319809  [  448/  678]
loss: 1.519019  [  640/  678]
Average Training Loss: 0.519055
Val Loss: 3.4857 | C-index: 0.5884

Epoch 10
-------------------------------
loss: 1.645619  [   64/  678]
loss: 1.382900  [  256/  678]
loss: 2.081710  [  448/  678]
loss: 1.316065  [  640/  678]
Average Training Loss: 0.584208
Val Loss: 2.9083 | C-index: 0.6897

Epoch 11
-------------------------------
loss: 1.929021  [   64/  678]
loss: 0.702534  [  256/  678]
loss: 1.462709  [  448/  678]
loss: 0.338968  [  640/  678]
Average Training Loss: 0.403021
Val Loss: 3.2992 | C-index: 0.5902

Epoch 12
-------------------------------
loss: 0.718831  [   64/  678]
loss: 1.440473  [  256/  678]
loss: 1.618090  [  448/  678]
loss: 1.546739  [  640/  678]
Average Training Loss: 0.484012
Val Loss: 3.1940 | C-index: 0.6182

Epoch 13
-------------------------------
loss: 1.385396  [   64/  678]
loss: 0.740380  [  256/  678]
loss: 0.684081  [  448/  678]
loss: 0.313845  [  640/  678]
Average Training Loss: 0.283973
Val Loss: 3.2651 | C-index: 0.6474

Epoch 14
-------------------------------
loss: 0.584253  [   64/  678]
loss: 1.270305  [  256/  678]
loss: 1.652536  [  448/  678]
loss: 0.397538  [  640/  678]
Average Training Loss: 0.354967
Val Loss: 2.8205 | C-index: 0.7260

Epoch 15
-------------------------------
loss: 1.164500  [   64/  678]
loss: 1.065283  [  256/  678]
loss: 0.794045  [  448/  678]
loss: 0.973196  [  640/  678]
Average Training Loss: 0.363366
Val Loss: 3.7531 | C-index: 0.6027

Epoch 16
-------------------------------
loss: 1.427006  [   64/  678]
loss: 0.822280  [  256/  678]
loss: 1.272080  [  448/  678]
loss: 1.868979  [  640/  678]
Average Training Loss: 0.490031
Val Loss: 3.1261 | C-index: 0.6563

Epoch 17
-------------------------------
loss: 1.405006  [   64/  678]
loss: 0.446451  [  256/  678]
loss: 0.896851  [  448/  678]
loss: 0.968043  [  640/  678]
Average Training Loss: 0.337850
Val Loss: 3.7881 | C-index: 0.6474

Epoch 18
-------------------------------
loss: 0.890378  [   64/  678]
loss: 0.914254  [  256/  678]
loss: 1.779779  [  448/  678]
loss: 1.498712  [  640/  678]
Average Training Loss: 0.462102
Val Loss: 3.6731 | C-index: 0.6212

Epoch 19
-------------------------------
loss: 1.146296  [   64/  678]
loss: 1.364677  [  256/  678]
loss: 1.465677  [  448/  678]
loss: 1.037431  [  640/  678]
Average Training Loss: 0.455826
Val Loss: 3.2637 | C-index: 0.6939

Stopping early at Epoch 19 since no C-Index improvement after 5 epochs.
Done!
Best C-Index = 0.726027397260274 at Epoch 14

=========================================
FOLD 5/5
=========================================

Epoch 1
-------------------------------
loss: 2.615982  [   64/  678]
loss: 2.958932  [  256/  678]
loss: 3.359635  [  448/  678]
loss: 2.693601  [  640/  678]
Average Training Loss: 1.057105
Val Loss: 2.9935 | C-index: 0.5599

Epoch 2
-------------------------------
loss: 2.863671  [   64/  678]
loss: 2.852976  [  256/  678]
loss: 3.090055  [  448/  678]
loss: 2.430205  [  640/  678]
Average Training Loss: 1.021537
Val Loss: 3.0003 | C-index: 0.5382

Epoch 3
-------------------------------
loss: 2.145246  [   64/  678]
loss: 2.434012  [  256/  678]
loss: 2.770983  [  448/  678]
loss: 2.626542  [  640/  678]
Average Training Loss: 0.906980
Val Loss: 2.9455 | C-index: 0.5377

Epoch 4
-------------------------------
loss: 2.010554  [   64/  678]
loss: 2.522366  [  256/  678]
loss: 2.606669  [  448/  678]
loss: 2.447494  [  640/  678]
Average Training Loss: 0.871553
Val Loss: 3.0065 | C-index: 0.5872

Epoch 5
-------------------------------
loss: 1.945529  [   64/  678]
loss: 1.601373  [  256/  678]
loss: 1.396513  [  448/  678]
loss: 1.714931  [  640/  678]
Average Training Loss: 0.605304
Val Loss: 3.5952 | C-index: 0.5849

Epoch 6
-------------------------------
loss: 1.705491  [   64/  678]
loss: 0.820109  [  256/  678]
loss: 1.307908  [  448/  678]
loss: 1.716882  [  640/  678]
Average Training Loss: 0.504581
Val Loss: 3.4317 | C-index: 0.5877

Epoch 7
-------------------------------
loss: 1.997300  [   64/  678]
loss: 1.383342  [  256/  678]
loss: 1.376311  [  448/  678]
loss: 1.655423  [  640/  678]
Average Training Loss: 0.582943
Val Loss: 3.2136 | C-index: 0.6553

Epoch 8
-------------------------------
loss: 1.590623  [   64/  678]
loss: 1.400533  [  256/  678]
loss: 1.728228  [  448/  678]
loss: 1.518452  [  640/  678]
Average Training Loss: 0.567076
Val Loss: 4.0786 | C-index: 0.5770

Epoch 9
-------------------------------
loss: 1.125708  [   64/  678]
loss: 1.381642  [  256/  678]
loss: 2.896179  [  448/  678]
loss: 1.621392  [  640/  678]
Average Training Loss: 0.638629
Val Loss: 3.6101 | C-index: 0.6252

Epoch 10
-------------------------------
loss: 1.241292  [   64/  678]
loss: 1.423677  [  256/  678]
loss: 1.126573  [  448/  678]
loss: 1.379016  [  640/  678]
Average Training Loss: 0.470051
Val Loss: 3.1978 | C-index: 0.6677

Epoch 11
-------------------------------
loss: 0.970811  [   64/  678]
loss: 1.099200  [  256/  678]
loss: 1.284127  [  448/  678]
loss: 1.362289  [  640/  678]
Average Training Loss: 0.428766
Val Loss: 3.2008 | C-index: 0.6909

Epoch 12
-------------------------------
loss: 1.068947  [   64/  678]
loss: 1.277110  [  256/  678]
loss: 0.777743  [  448/  678]
loss: 0.937799  [  640/  678]
Average Training Loss: 0.369236
Val Loss: 3.5853 | C-index: 0.6284

Epoch 13
-------------------------------
loss: 1.514789  [   64/  678]
loss: 1.192604  [  256/  678]
loss: 1.156066  [  448/  678]
loss: 1.434408  [  640/  678]
Average Training Loss: 0.481624
Val Loss: 3.2193 | C-index: 0.6428

Epoch 14
-------------------------------
loss: 0.835148  [   64/  678]
loss: 1.591619  [  256/  678]
loss: 1.159045  [  448/  678]
loss: 0.850224  [  640/  678]
Average Training Loss: 0.403276
Val Loss: 3.5142 | C-index: 0.6224

Epoch 15
-------------------------------
loss: 1.150354  [   64/  678]
loss: 1.246328  [  256/  678]
loss: 0.882657  [  448/  678]
loss: 1.102383  [  640/  678]
Average Training Loss: 0.398338
Val Loss: 3.3816 | C-index: 0.6849

Epoch 16
-------------------------------
loss: 0.923585  [   64/  678]
loss: 1.291821  [  256/  678]
loss: 1.174511  [  448/  678]
loss: 1.020670  [  640/  678]
Average Training Loss: 0.400962
Val Loss: 3.5851 | C-index: 0.6631

Stopping early at Epoch 16 since no C-Index improvement after 5 epochs.
Done!
Best C-Index = 0.6908838500694123 at Epoch 11

=========================================
CV training complete! Mean ± std C-index: 0.7045 ± 0.0286
Best epochs per fold: [10, 10, 6, 14, 11]

=========================================
Retraining model on full train+val for 10 epochs...
Epoch 1
-------------------------------
loss: 3.387512  [   64/  847]
loss: 2.529195  [  320/  847]
loss: 2.764709  [  576/  847]
loss: 2.876047  [  832/  847]
Average Training Loss: 0.825533
Val Loss: 2.7746 | C-index: 0.6046

Epoch 2
-------------------------------
loss: 3.006948  [   64/  847]
loss: 2.870891  [  320/  847]
loss: 3.474822  [  576/  847]
loss: 3.043134  [  832/  847]
Average Training Loss: 0.885414
Val Loss: 2.6900 | C-index: 0.7326

Epoch 3
-------------------------------
loss: 2.022017  [   64/  847]
loss: 2.699465  [  320/  847]
loss: 2.534777  [  576/  847]
loss: 2.747573  [  832/  847]
Average Training Loss: 0.714559
Val Loss: 2.2662 | C-index: 0.8908

Epoch 4
-------------------------------
loss: 1.894314  [   64/  847]
loss: 1.394462  [  320/  847]
loss: 2.423164  [  576/  847]
loss: 1.687401  [  832/  847]
Average Training Loss: 0.528524
Val Loss: 1.7945 | C-index: 0.9164

Epoch 5
-------------------------------
loss: 2.258689  [   64/  847]
loss: 2.238556  [  320/  847]
loss: 1.677156  [  576/  847]
loss: 2.688448  [  832/  847]
Average Training Loss: 0.633061
Val Loss: 1.5706 | C-index: 0.9276

Epoch 6
-------------------------------
loss: 1.765446  [   64/  847]
loss: 1.232872  [  320/  847]
loss: 2.109954  [  576/  847]
loss: 1.719921  [  832/  847]
Average Training Loss: 0.487728
Val Loss: 1.3087 | C-index: 0.9580

Epoch 7
-------------------------------
loss: 1.441508  [   64/  847]
loss: 1.414695  [  320/  847]
loss: 2.212497  [  576/  847]
loss: 1.602383  [  832/  847]
Average Training Loss: 0.476506
Val Loss: 1.1930 | C-index: 0.9589

Epoch 8
-------------------------------
loss: 0.823398  [   64/  847]
loss: 1.952147  [  320/  847]
loss: 1.803764  [  576/  847]
loss: 1.652890  [  832/  847]
Average Training Loss: 0.445157
Val Loss: 1.1885 | C-index: 0.9611

Epoch 9
-------------------------------
loss: 1.522526  [   64/  847]
loss: 1.118482  [  320/  847]
loss: 1.833705  [  576/  847]
loss: 1.608969  [  832/  847]
Average Training Loss: 0.434549
Val Loss: 1.0812 | C-index: 0.9750

Epoch 10
-------------------------------
loss: 0.969118  [   64/  847]
loss: 0.863972  [  320/  847]
loss: 1.008815  [  576/  847]
loss: 1.918061  [  832/  847]
Average Training Loss: 0.339998
Val Loss: 1.0216 | C-index: 0.9703

Done!
Best C-Index = 0.9749969656511712 at Epoch 9
FINAL TEST Average Loss: 3.0186
FINAL TEST C-index: 0.7074
Bootstrap 95% CI: [0.6330, 0.7808]
Top 10 activated pathways:
{'R-HSA-351202': 0.052918870002031326, 'R-HSA-5625900': 0.04724140092730522, 'R-HSA-5223345': 0.04704895243048668, 'R-HSA-176187': 0.045723799616098404, 'R-HSA-202427': 0.04358270391821861, 'R-HSA-354192': 0.04167250916361809, 'R-HSA-167169': 0.041579511016607285, 'R-HSA-432720': 0.04144373536109924, 'R-HSA-399955': 0.04004915803670883, 'R-HSA-901042': 0.03956455737352371}
Results saved to /Users/evan/Documents/GitHub/HyBINN/experiments/runs/binn_gene/seed_6/results.json
