train_hybinn.py log started 2026-06-17 01:03:35.796859
=========================================
Model Active Branches: ['gene']
=========================================

=========================================
FOLD 1/5
=========================================

Epoch 1
-------------------------------
loss: 2.619266  [   64/  677]
loss: 2.983172  [  256/  677]
loss: 3.482456  [  448/  677]
loss: 2.983395  [  640/  677]
Average Training Loss: 1.097117
Val Loss: 2.5757 | C-index: 0.6168

Epoch 2
-------------------------------
loss: 2.978740  [   64/  677]
loss: 2.604627  [  256/  677]
loss: 2.846878  [  448/  677]
loss: 2.591330  [  640/  677]
Average Training Loss: 1.001961
Val Loss: 2.5793 | C-index: 0.5734

Epoch 3
-------------------------------
loss: 2.914809  [   64/  677]
loss: 2.713302  [  256/  677]
loss: 2.601556  [  448/  677]
loss: 2.309126  [  640/  677]
Average Training Loss: 0.958072
Val Loss: 2.4930 | C-index: 0.6822

Epoch 4
-------------------------------
loss: 2.734638  [   64/  677]
loss: 2.287176  [  256/  677]
loss: 2.714335  [  448/  677]
loss: 2.648327  [  640/  677]
Average Training Loss: 0.944043
Val Loss: 2.4123 | C-index: 0.7363

Epoch 5
-------------------------------
loss: 2.263827  [   64/  677]
loss: 2.304641  [  256/  677]
loss: 1.275143  [  448/  677]
loss: 2.428145  [  640/  677]
Average Training Loss: 0.751978
Val Loss: 2.5957 | C-index: 0.6689

Epoch 6
-------------------------------
loss: 1.593931  [   64/  677]
loss: 1.808877  [  256/  677]
loss: 1.824663  [  448/  677]
loss: 2.310745  [  640/  677]
Average Training Loss: 0.685292
Val Loss: 2.6492 | C-index: 0.7009

Epoch 7
-------------------------------
loss: 1.465767  [   64/  677]
loss: 1.571012  [  256/  677]
loss: 1.468897  [  448/  677]
loss: 2.177037  [  640/  677]
Average Training Loss: 0.607519
Val Loss: 2.8022 | C-index: 0.7163

Epoch 8
-------------------------------
loss: 0.663661  [   64/  677]
loss: 1.523739  [  256/  677]
loss: 1.415954  [  448/  677]
loss: 1.034693  [  640/  677]
Average Training Loss: 0.421641
Val Loss: 3.0229 | C-index: 0.7210

Epoch 9
-------------------------------
loss: 1.343219  [   64/  677]
loss: 1.230429  [  256/  677]
loss: 1.697437  [  448/  677]
loss: 1.686691  [  640/  677]
Average Training Loss: 0.541616
Val Loss: 3.0248 | C-index: 0.7417

Epoch 10
-------------------------------
loss: 1.060921  [   64/  677]
loss: 1.578803  [  256/  677]
loss: 1.456569  [  448/  677]
loss: 0.530994  [  640/  677]
Average Training Loss: 0.420662
Val Loss: 3.2114 | C-index: 0.7510

Epoch 11
-------------------------------
loss: 1.011801  [   64/  677]
loss: 1.432496  [  256/  677]
loss: 1.093766  [  448/  677]
loss: 1.250461  [  640/  677]
Average Training Loss: 0.435320
Val Loss: 3.3497 | C-index: 0.7210

Epoch 12
-------------------------------
loss: 0.765447  [   64/  677]
loss: 0.769359  [  256/  677]
loss: 1.785875  [  448/  677]
loss: 0.895927  [  640/  677]
Average Training Loss: 0.383328
Val Loss: 3.3682 | C-index: 0.6562

Epoch 13
-------------------------------
loss: 1.280674  [   64/  677]
loss: 1.058769  [  256/  677]
loss: 1.181437  [  448/  677]
loss: 1.005231  [  640/  677]
Average Training Loss: 0.411465
Val Loss: 3.2573 | C-index: 0.7657

Epoch 14
-------------------------------
loss: 0.858159  [   64/  677]
loss: 1.711153  [  256/  677]
loss: 0.786106  [  448/  677]
loss: 0.989106  [  640/  677]
Average Training Loss: 0.394957
Val Loss: 3.2591 | C-index: 0.6609

Epoch 15
-------------------------------
loss: 0.672814  [   64/  677]
loss: 1.308969  [  256/  677]
loss: 0.971360  [  448/  677]
loss: 1.097393  [  640/  677]
Average Training Loss: 0.368231
Val Loss: 3.1111 | C-index: 0.7363

Epoch 16
-------------------------------
loss: 0.329992  [   64/  677]
loss: 1.163390  [  256/  677]
loss: 1.294295  [  448/  677]
loss: 0.768978  [  640/  677]
Average Training Loss: 0.323332
Val Loss: 3.3248 | C-index: 0.7497

Epoch 17
-------------------------------
loss: 0.925338  [   64/  677]
loss: 0.873742  [  256/  677]
loss: 0.885328  [  448/  677]
loss: 0.913344  [  640/  677]
Average Training Loss: 0.327068
Val Loss: 2.9646 | C-index: 0.7443

Epoch 18
-------------------------------
loss: 1.207029  [   64/  677]
loss: 0.876690  [  256/  677]
loss: 1.257508  [  448/  677]
loss: 0.679274  [  640/  677]
Average Training Loss: 0.365500
Val Loss: 2.9767 | C-index: 0.6809

Stopping early at Epoch 18 since no C-Index improvement after 5 epochs.
Done!
Best C-Index = 0.7656875834445928 at Epoch 13

=========================================
FOLD 2/5
=========================================

Epoch 1
-------------------------------
loss: 2.926410  [   64/  677]
loss: 3.311602  [  256/  677]
loss: 3.166057  [  448/  677]
loss: 3.067757  [  640/  677]
Average Training Loss: 1.133802
Val Loss: 2.8327 | C-index: 0.3979

Epoch 2
-------------------------------
loss: 3.025604  [   64/  677]
loss: 2.666414  [  256/  677]
loss: 2.975240  [  448/  677]
loss: 2.968593  [  640/  677]
Average Training Loss: 1.057805
Val Loss: 2.8829 | C-index: 0.4132

Epoch 3
-------------------------------
loss: 2.784265  [   64/  677]
loss: 2.798111  [  256/  677]
loss: 2.383504  [  448/  677]
loss: 2.857687  [  640/  677]
Average Training Loss: 0.983961
Val Loss: 2.8577 | C-index: 0.4982

Epoch 4
-------------------------------
loss: 2.322961  [   64/  677]
loss: 2.445345  [  256/  677]
loss: 1.499478  [  448/  677]
loss: 2.282891  [  640/  677]
Average Training Loss: 0.777334
Val Loss: 2.9659 | C-index: 0.5094

Epoch 5
-------------------------------
loss: 2.085298  [   64/  677]
loss: 1.930620  [  256/  677]
loss: 1.602239  [  448/  677]
loss: 2.163460  [  640/  677]
Average Training Loss: 0.707420
Val Loss: 3.0618 | C-index: 0.5177

Epoch 6
-------------------------------
loss: 1.669049  [   64/  677]
loss: 1.282955  [  256/  677]
loss: 1.603786  [  448/  677]
loss: 1.786902  [  640/  677]
Average Training Loss: 0.576608
Val Loss: 3.4939 | C-index: 0.5218

Epoch 7
-------------------------------
loss: 1.887838  [   64/  677]
loss: 1.181845  [  256/  677]
loss: 1.299649  [  448/  677]
loss: 1.648061  [  640/  677]
Average Training Loss: 0.547036
Val Loss: 3.1341 | C-index: 0.5407

Epoch 8
-------------------------------
loss: 1.251574  [   64/  677]
loss: 1.358891  [  256/  677]
loss: 2.183020  [  448/  677]
loss: 1.243616  [  640/  677]
Average Training Loss: 0.548827
Val Loss: 3.8766 | C-index: 0.4776

Epoch 9
-------------------------------
loss: 1.592319  [   64/  677]
loss: 2.125198  [  256/  677]
loss: 1.006767  [  448/  677]
loss: 1.297665  [  640/  677]
Average Training Loss: 0.547450
Val Loss: 3.1468 | C-index: 0.5785

Epoch 10
-------------------------------
loss: 1.095033  [   64/  677]
loss: 1.341462  [  256/  677]
loss: 1.454215  [  448/  677]
loss: 0.944188  [  640/  677]
Average Training Loss: 0.439536
Val Loss: 3.3500 | C-index: 0.5850

Epoch 11
-------------------------------
loss: 1.393768  [   64/  677]
loss: 0.727067  [  256/  677]
loss: 1.669885  [  448/  677]
loss: 1.036150  [  640/  677]
Average Training Loss: 0.438806
Val Loss: 3.8506 | C-index: 0.5248

Epoch 12
-------------------------------
loss: 0.789486  [   64/  677]
loss: 0.773569  [  256/  677]
loss: 1.322457  [  448/  677]
loss: 1.415837  [  640/  677]
Average Training Loss: 0.391032
Val Loss: 3.5206 | C-index: 0.5874

Epoch 13
-------------------------------
loss: 1.000826  [   64/  677]
loss: 1.270589  [  256/  677]
loss: 1.074070  [  448/  677]
loss: 1.758306  [  640/  677]
Average Training Loss: 0.463981
Val Loss: 3.6791 | C-index: 0.5449

Epoch 14
-------------------------------
loss: 0.747802  [   64/  677]
loss: 1.017543  [  256/  677]
loss: 1.425812  [  448/  677]
loss: 1.307364  [  640/  677]
Average Training Loss: 0.408956
Val Loss: 3.5657 | C-index: 0.5815

Epoch 15
-------------------------------
loss: 1.281939  [   64/  677]
loss: 0.706054  [  256/  677]
loss: 1.112090  [  448/  677]
loss: 0.881570  [  640/  677]
Average Training Loss: 0.361968
Val Loss: 3.9144 | C-index: 0.5136

Epoch 16
-------------------------------
loss: 1.127691  [   64/  677]
loss: 1.243092  [  256/  677]
loss: 1.152251  [  448/  677]
loss: 1.614249  [  640/  677]
Average Training Loss: 0.467026
Val Loss: 3.9426 | C-index: 0.5313

Epoch 17
-------------------------------
loss: 1.067708  [   64/  677]
loss: 0.616365  [  256/  677]
loss: 0.757406  [  448/  677]
loss: 1.297198  [  640/  677]
Average Training Loss: 0.339880
Val Loss: 4.2222 | C-index: 0.5390

Stopping early at Epoch 17 since no C-Index improvement after 5 epochs.
Done!
Best C-Index = 0.5873671782762692 at Epoch 12

=========================================
FOLD 3/5
=========================================

Epoch 1
-------------------------------
loss: 2.826220  [   64/  678]
loss: 2.854097  [  256/  678]
loss: 3.211232  [  448/  678]
loss: 2.910933  [  640/  678]
Average Training Loss: 1.072953
Val Loss: 2.9936 | C-index: 0.4499

Epoch 2
-------------------------------
loss: 2.509541  [   64/  678]
loss: 2.762284  [  256/  678]
loss: 2.846309  [  448/  678]
loss: 2.857939  [  640/  678]
Average Training Loss: 0.997825
Val Loss: 2.9346 | C-index: 0.4844

Epoch 3
-------------------------------
loss: 3.351896  [   64/  678]
loss: 2.648947  [  256/  678]
loss: 2.551076  [  448/  678]
loss: 2.921170  [  640/  678]
Average Training Loss: 1.043008
Val Loss: 2.8711 | C-index: 0.5539

Epoch 4
-------------------------------
loss: 2.355191  [   64/  678]
loss: 2.435855  [  256/  678]
loss: 1.527366  [  448/  678]
loss: 2.198998  [  640/  678]
Average Training Loss: 0.774310
Val Loss: 2.7893 | C-index: 0.6137

Epoch 5
-------------------------------
loss: 1.831910  [   64/  678]
loss: 2.100113  [  256/  678]
loss: 2.416006  [  448/  678]
loss: 1.935591  [  640/  678]
Average Training Loss: 0.753056
Val Loss: 2.8221 | C-index: 0.6056

Epoch 6
-------------------------------
loss: 1.271261  [   64/  678]
loss: 1.907395  [  256/  678]
loss: 1.970505  [  448/  678]
loss: 2.280199  [  640/  678]
Average Training Loss: 0.675396
Val Loss: 3.0676 | C-index: 0.5571

Epoch 7
-------------------------------
loss: 1.370374  [   64/  678]
loss: 2.235492  [  256/  678]
loss: 1.731862  [  448/  678]
loss: 1.984805  [  640/  678]
Average Training Loss: 0.665685
Val Loss: 3.1490 | C-index: 0.6460

Epoch 8
-------------------------------
loss: 1.691223  [   64/  678]
loss: 0.799748  [  256/  678]
loss: 1.544878  [  448/  678]
loss: 1.705663  [  640/  678]
Average Training Loss: 0.521956
Val Loss: 3.0426 | C-index: 0.6045

Epoch 9
-------------------------------
loss: 0.437250  [   64/  678]
loss: 1.280009  [  256/  678]
loss: 1.535486  [  448/  678]
loss: 2.159290  [  640/  678]
Average Training Loss: 0.492003
Val Loss: 2.9518 | C-index: 0.6649

Epoch 10
-------------------------------
loss: 0.889197  [   64/  678]
loss: 1.845428  [  256/  678]
loss: 1.563159  [  448/  678]
loss: 1.316031  [  640/  678]
Average Training Loss: 0.510347
Val Loss: 3.2905 | C-index: 0.6541

Epoch 11
-------------------------------
loss: 1.437737  [   64/  678]
loss: 1.350111  [  256/  678]
loss: 1.574003  [  448/  678]
loss: 1.747180  [  640/  678]
Average Training Loss: 0.555366
Val Loss: 2.5883 | C-index: 0.7209

Epoch 12
-------------------------------
loss: 1.038418  [   64/  678]
loss: 1.574115  [  256/  678]
loss: 1.564651  [  448/  678]
loss: 1.233794  [  640/  678]
Average Training Loss: 0.491907
Val Loss: 3.0392 | C-index: 0.6277

Epoch 13
-------------------------------
loss: 1.219170  [   64/  678]
loss: 1.196478  [  256/  678]
loss: 0.858693  [  448/  678]
loss: 0.845153  [  640/  678]
Average Training Loss: 0.374499
Val Loss: 3.2540 | C-index: 0.5964

Epoch 14
-------------------------------
loss: 0.883180  [   64/  678]
loss: 0.732306  [  256/  678]
loss: 1.537234  [  448/  678]
loss: 1.073353  [  640/  678]
Average Training Loss: 0.384189
Val Loss: 3.2211 | C-index: 0.6255

Epoch 15
-------------------------------
loss: 1.287611  [   64/  678]
loss: 0.730115  [  256/  678]
loss: 2.206622  [  448/  678]
loss: 0.669907  [  640/  678]
Average Training Loss: 0.444932
Val Loss: 3.2731 | C-index: 0.6331

Epoch 16
-------------------------------
loss: 1.115726  [   64/  678]
loss: 0.736607  [  256/  678]
loss: 0.541452  [  448/  678]
loss: 1.562603  [  640/  678]
Average Training Loss: 0.359672
Val Loss: 3.1757 | C-index: 0.6298

Stopping early at Epoch 16 since no C-Index improvement after 5 epochs.
Done!
Best C-Index = 0.7209051724137931 at Epoch 11

=========================================
FOLD 4/5
=========================================

Epoch 1
-------------------------------
loss: 2.615411  [   64/  678]
loss: 2.980366  [  256/  678]
loss: 2.813285  [  448/  678]
loss: 2.684619  [  640/  678]
Average Training Loss: 1.008516
Val Loss: 2.7487 | C-index: 0.6145

Epoch 2
-------------------------------
loss: 2.797626  [   64/  678]
loss: 2.966186  [  256/  678]
loss: 3.215858  [  448/  678]
loss: 2.935502  [  640/  678]
Average Training Loss: 1.083197
Val Loss: 2.7558 | C-index: 0.6004

Epoch 3
-------------------------------
loss: 2.837296  [   64/  678]
loss: 2.824310  [  256/  678]
loss: 2.532374  [  448/  678]
loss: 2.426938  [  640/  678]
Average Training Loss: 0.965538
Val Loss: 2.7587 | C-index: 0.5906

Epoch 4
-------------------------------
loss: 2.180385  [   64/  678]
loss: 2.709126  [  256/  678]
loss: 2.472663  [  448/  678]
loss: 2.259976  [  640/  678]
Average Training Loss: 0.874741
Val Loss: 2.7408 | C-index: 0.6610

Epoch 5
-------------------------------
loss: 1.769232  [   64/  678]
loss: 2.458751  [  256/  678]
loss: 1.904091  [  448/  678]
loss: 2.145283  [  640/  678]
Average Training Loss: 0.752487
Val Loss: 2.6524 | C-index: 0.6850

Epoch 6
-------------------------------
loss: 1.768990  [   64/  678]
loss: 1.686546  [  256/  678]
loss: 0.942327  [  448/  678]
loss: 0.994891  [  640/  678]
Average Training Loss: 0.490250
Val Loss: 2.8441 | C-index: 0.6631

Epoch 7
-------------------------------
loss: 1.174016  [   64/  678]
loss: 2.112339  [  256/  678]
loss: 1.516013  [  448/  678]
loss: 1.296552  [  640/  678]
Average Training Loss: 0.554447
Val Loss: 3.0869 | C-index: 0.6279

Epoch 8
-------------------------------
loss: 1.320485  [   64/  678]
loss: 1.499501  [  256/  678]
loss: 1.233483  [  448/  678]
loss: 1.125562  [  640/  678]
Average Training Loss: 0.470821
Val Loss: 3.0672 | C-index: 0.6561

Epoch 9
-------------------------------
loss: 1.169289  [   64/  678]
loss: 1.538210  [  256/  678]
loss: 1.572152  [  448/  678]
loss: 1.414059  [  640/  678]
Average Training Loss: 0.517610
Val Loss: 3.3918 | C-index: 0.6187

Epoch 10
-------------------------------
loss: 1.816133  [   64/  678]
loss: 1.906819  [  256/  678]
loss: 1.790858  [  448/  678]
loss: 1.596166  [  640/  678]
Average Training Loss: 0.646361
Val Loss: 2.7502 | C-index: 0.7174

Epoch 11
-------------------------------
loss: 0.790825  [   64/  678]
loss: 0.587993  [  256/  678]
loss: 1.298703  [  448/  678]
loss: 1.588138  [  640/  678]
Average Training Loss: 0.387787
Val Loss: 3.3289 | C-index: 0.6342

Epoch 12
-------------------------------
loss: 1.276050  [   64/  678]
loss: 1.827407  [  256/  678]
loss: 1.180348  [  448/  678]
loss: 1.666044  [  640/  678]
Average Training Loss: 0.540895
Val Loss: 3.0177 | C-index: 0.6836

Epoch 13
-------------------------------
loss: 0.689574  [   64/  678]
loss: 1.325568  [  256/  678]
loss: 1.115574  [  448/  678]
loss: 1.239755  [  640/  678]
Average Training Loss: 0.397315
Val Loss: 3.1056 | C-index: 0.6533

Epoch 14
-------------------------------
loss: 0.731579  [   64/  678]
loss: 1.015068  [  256/  678]
loss: 0.908710  [  448/  678]
loss: 1.105049  [  640/  678]
Average Training Loss: 0.341855
Val Loss: 3.1915 | C-index: 0.7132

Epoch 15
-------------------------------
loss: 1.513595  [   64/  678]
loss: 1.323173  [  256/  678]
loss: 1.058193  [  448/  678]
loss: 0.784964  [  640/  678]
Average Training Loss: 0.425448
Val Loss: 3.6825 | C-index: 0.6533

Stopping early at Epoch 15 since no C-Index improvement after 5 epochs.
Done!
Best C-Index = 0.7174066243833686 at Epoch 10

=========================================
FOLD 5/5
=========================================

Epoch 1
-------------------------------
loss: 3.220201  [   64/  678]
loss: 2.719686  [  256/  678]
loss: 3.222484  [  448/  678]
loss: 2.679691  [  640/  678]
Average Training Loss: 1.076551
Val Loss: 2.8923 | C-index: 0.6239

Epoch 2
-------------------------------
loss: 3.154931  [   64/  678]
loss: 2.699429  [  256/  678]
loss: 2.541696  [  448/  678]
loss: 3.113761  [  640/  678]
Average Training Loss: 1.046347
Val Loss: 2.9022 | C-index: 0.6615

Epoch 3
-------------------------------
loss: 2.484638  [   64/  678]
loss: 2.957756  [  256/  678]
loss: 2.579203  [  448/  678]
loss: 2.659101  [  640/  678]
Average Training Loss: 0.970972
Val Loss: 2.8170 | C-index: 0.7100

Epoch 4
-------------------------------
loss: 2.480039  [   64/  678]
loss: 2.097984  [  256/  678]
loss: 2.719800  [  448/  678]
loss: 1.841874  [  640/  678]
Average Training Loss: 0.830882
Val Loss: 2.7872 | C-index: 0.7389

Epoch 5
-------------------------------
loss: 1.999100  [   64/  678]
loss: 1.839104  [  256/  678]
loss: 2.147613  [  448/  678]
loss: 1.311664  [  640/  678]
Average Training Loss: 0.663407
Val Loss: 3.1610 | C-index: 0.6262

Epoch 6
-------------------------------
loss: 2.311795  [   64/  678]
loss: 1.133998  [  256/  678]
loss: 1.751098  [  448/  678]
loss: 1.897201  [  640/  678]
Average Training Loss: 0.644918
Val Loss: 3.2628 | C-index: 0.6378

Epoch 7
-------------------------------
loss: 3.849822  [   64/  678]
loss: 1.525662  [  256/  678]
loss: 1.819494  [  448/  678]
loss: 1.905708  [  640/  678]
Average Training Loss: 0.827335
Val Loss: 2.8438 | C-index: 0.6742

Epoch 8
-------------------------------
loss: 2.161553  [   64/  678]
loss: 1.490442  [  256/  678]
loss: 1.528553  [  448/  678]
loss: 1.593929  [  640/  678]
Average Training Loss: 0.615862
Val Loss: 3.6509 | C-index: 0.5962

Epoch 9
-------------------------------
loss: 1.550843  [   64/  678]
loss: 1.562232  [  256/  678]
loss: 1.172929  [  448/  678]
loss: 1.505082  [  640/  678]
Average Training Loss: 0.526462
Val Loss: 3.1917 | C-index: 0.6511

Stopping early at Epoch 9 since no C-Index improvement after 5 epochs.
Done!
Best C-Index = 0.7388792605430387 at Epoch 4

=========================================
CV training complete! Mean ± std C-index: 0.7060 ± 0.0618
Best epochs per fold: [13, 12, 11, 10, 4]

=========================================
Retraining model on full train+val for 10 epochs...
Epoch 1
-------------------------------
loss: 2.855086  [   64/  847]
loss: 3.160564  [  320/  847]
loss: 3.118450  [  576/  847]
loss: 2.531527  [  832/  847]
Average Training Loss: 0.833259
Val Loss: 2.7260 | C-index: 0.6280

Epoch 2
-------------------------------
loss: 2.775871  [   64/  847]
loss: 3.182428  [  320/  847]
loss: 3.273789  [  576/  847]
loss: 3.132424  [  832/  847]
Average Training Loss: 0.883179
Val Loss: 2.5908 | C-index: 0.7710

Epoch 3
-------------------------------
loss: 1.740428  [   64/  847]
loss: 2.763787  [  320/  847]
loss: 2.921863  [  576/  847]
loss: 2.648613  [  832/  847]
Average Training Loss: 0.719621
Val Loss: 2.1905 | C-index: 0.8755

Epoch 4
-------------------------------
loss: 2.699068  [   64/  847]
loss: 2.594899  [  320/  847]
loss: 2.319166  [  576/  847]
loss: 2.349610  [  832/  847]
Average Training Loss: 0.711625
Val Loss: 1.6482 | C-index: 0.9300

Epoch 5
-------------------------------
loss: 1.905448  [   64/  847]
loss: 2.064593  [  320/  847]
loss: 1.728771  [  576/  847]
loss: 1.604120  [  832/  847]
Average Training Loss: 0.521638
Val Loss: 1.2854 | C-index: 0.9597

Epoch 6
-------------------------------
loss: 1.086574  [   64/  847]
loss: 2.910036  [  320/  847]
loss: 2.234519  [  576/  847]
loss: 1.808087  [  832/  847]
Average Training Loss: 0.574230
Val Loss: 1.4362 | C-index: 0.9443

Epoch 7
-------------------------------
loss: 1.929289  [   64/  847]
loss: 1.399553  [  320/  847]
loss: 1.870670  [  576/  847]
loss: 1.930814  [  832/  847]
Average Training Loss: 0.509309
Val Loss: 1.2988 | C-index: 0.9560

Epoch 8
-------------------------------
loss: 1.426747  [   64/  847]
loss: 1.571620  [  320/  847]
loss: 1.624286  [  576/  847]
loss: 2.650304  [  832/  847]
Average Training Loss: 0.519497
Val Loss: 1.2484 | C-index: 0.9653

Epoch 9
-------------------------------
loss: 1.432448  [   64/  847]
loss: 0.921556  [  320/  847]
loss: 1.078092  [  576/  847]
loss: 1.744210  [  832/  847]
Average Training Loss: 0.369736
Val Loss: 1.0865 | C-index: 0.9709

Epoch 10
-------------------------------
loss: 1.245380  [   64/  847]
loss: 1.623373  [  320/  847]
loss: 0.628040  [  576/  847]
loss: 1.293670  [  832/  847]
Average Training Loss: 0.342176
Val Loss: 0.9920 | C-index: 0.9788

Done!
Best C-Index = 0.9787985011483138 at Epoch 10
FINAL TEST Average Loss: 2.7188
FINAL TEST C-index: 0.7297
Bootstrap 95% CI: [0.6031, 0.8322]
Results saved to /Users/evan/Documents/GitHub/HyBINN/experiments/runs/gene/seed_5/results.json
