train_hybinn.py log started 2026-06-17 01:06:43.539040
=========================================
Model Active Branches: ['clinical']
=========================================

=========================================
FOLD 1/5
=========================================

Epoch 1
-------------------------------
loss: 2.909314  [   64/  677]
loss: 2.539598  [  256/  677]
loss: 3.266623  [  448/  677]
loss: 3.263012  [  640/  677]
Average Training Loss: 1.088959
Val Loss: 2.7215 | C-index: 0.7140

Epoch 2
-------------------------------
loss: 3.103063  [   64/  677]
loss: 3.126134  [  256/  677]
loss: 2.593120  [  448/  677]
loss: 3.021929  [  640/  677]
Average Training Loss: 1.076750
Val Loss: 2.7178 | C-index: 0.6513

Epoch 3
-------------------------------
loss: 3.063070  [   64/  677]
loss: 3.167346  [  256/  677]
loss: 3.351958  [  448/  677]
loss: 3.442934  [  640/  677]
Average Training Loss: 1.184119
Val Loss: 2.7149 | C-index: 0.6490

Epoch 4
-------------------------------
loss: 2.914010  [   64/  677]
loss: 3.076931  [  256/  677]
loss: 2.987035  [  448/  677]
loss: 2.999083  [  640/  677]
Average Training Loss: 1.088823
Val Loss: 2.7127 | C-index: 0.6445

Epoch 5
-------------------------------
loss: 2.955315  [   64/  677]
loss: 2.689579  [  256/  677]
loss: 2.469053  [  448/  677]
loss: 2.732517  [  640/  677]
Average Training Loss: 0.986042
Val Loss: 2.7075 | C-index: 0.6597

Epoch 6
-------------------------------
loss: 3.088282  [   64/  677]
loss: 2.899717  [  256/  677]
loss: 2.591900  [  448/  677]
loss: 3.080177  [  640/  677]
Average Training Loss: 1.060007
Val Loss: 2.7033 | C-index: 0.6894

Stopping early at Epoch 6 since no C-Index improvement after 5 epochs.
Done!
Best C-Index = 0.7140056022408964 at Epoch 1

=========================================
FOLD 2/5
=========================================

Epoch 1
-------------------------------
loss: 2.276758  [   64/  677]
loss: 2.411930  [  256/  677]
loss: 3.393569  [  448/  677]
loss: 3.294678  [  640/  677]
Average Training Loss: 1.034267
Val Loss: 2.8875 | C-index: 0.5476

Epoch 2
-------------------------------
loss: 2.980097  [   64/  677]
loss: 2.317028  [  256/  677]
loss: 2.816256  [  448/  677]
loss: 3.030550  [  640/  677]
Average Training Loss: 1.013085
Val Loss: 2.8847 | C-index: 0.5756

Epoch 3
-------------------------------
loss: 3.038660  [   64/  677]
loss: 3.438854  [  256/  677]
loss: 3.185405  [  448/  677]
loss: 2.955058  [  640/  677]
Average Training Loss: 1.147089
Val Loss: 2.8818 | C-index: 0.5833

Epoch 4
-------------------------------
loss: 2.741287  [   64/  677]
loss: 3.043591  [  256/  677]
loss: 3.254355  [  448/  677]
loss: 2.784415  [  640/  677]
Average Training Loss: 1.074877
Val Loss: 2.8786 | C-index: 0.6029

Epoch 5
-------------------------------
loss: 2.920020  [   64/  677]
loss: 2.846462  [  256/  677]
loss: 2.447951  [  448/  677]
loss: 2.920400  [  640/  677]
Average Training Loss: 1.012258
Val Loss: 2.8751 | C-index: 0.5892

Epoch 6
-------------------------------
loss: 2.738109  [   64/  677]
loss: 2.277611  [  256/  677]
loss: 2.931208  [  448/  677]
loss: 3.150049  [  640/  677]
Average Training Loss: 1.008816
Val Loss: 2.8722 | C-index: 0.5898

Epoch 7
-------------------------------
loss: 2.852983  [   64/  677]
loss: 2.798461  [  256/  677]
loss: 3.058277  [  448/  677]
loss: 2.764220  [  640/  677]
Average Training Loss: 1.043086
Val Loss: 2.8704 | C-index: 0.5809

Epoch 8
-------------------------------
loss: 2.678235  [   64/  677]
loss: 2.926098  [  256/  677]
loss: 2.706298  [  448/  677]
loss: 2.683201  [  640/  677]
Average Training Loss: 0.999439
Val Loss: 2.8644 | C-index: 0.5839

Epoch 9
-------------------------------
loss: 2.312185  [   64/  677]
loss: 3.023352  [  256/  677]
loss: 2.894012  [  448/  677]
loss: 2.878524  [  640/  677]
Average Training Loss: 1.009825
Val Loss: 2.8584 | C-index: 0.5863

Stopping early at Epoch 9 since no C-Index improvement after 5 epochs.
Done!
Best C-Index = 0.6029149315883403 at Epoch 4

=========================================
FOLD 3/5
=========================================

Epoch 1
-------------------------------
loss: 3.188527  [   64/  678]
loss: 2.917161  [  256/  678]
loss: 3.165856  [  448/  678]
loss: 2.554009  [  640/  678]
Average Training Loss: 1.075050
Val Loss: 2.3948 | C-index: 0.6889

Epoch 2
-------------------------------
loss: 2.828650  [   64/  678]
loss: 3.285755  [  256/  678]
loss: 3.000112  [  448/  678]
loss: 3.131795  [  640/  678]
Average Training Loss: 1.113301
Val Loss: 2.3911 | C-index: 0.6677

Epoch 3
-------------------------------
loss: 2.918271  [   64/  678]
loss: 3.323416  [  256/  678]
loss: 2.715916  [  448/  678]
loss: 2.525108  [  640/  678]
Average Training Loss: 1.043883
Val Loss: 2.3853 | C-index: 0.7034

Epoch 4
-------------------------------
loss: 2.351921  [   64/  678]
loss: 2.962203  [  256/  678]
loss: 3.255960  [  448/  678]
loss: 3.143706  [  640/  678]
Average Training Loss: 1.064890
Val Loss: 2.3790 | C-index: 0.6872

Epoch 5
-------------------------------
loss: 3.027053  [   64/  678]
loss: 3.095531  [  256/  678]
loss: 3.050368  [  448/  678]
loss: 3.130585  [  640/  678]
Average Training Loss: 1.118503
Val Loss: 2.3694 | C-index: 0.6923

Epoch 6
-------------------------------
loss: 2.754202  [   64/  678]
loss: 2.769725  [  256/  678]
loss: 3.292444  [  448/  678]
loss: 3.025392  [  640/  678]
Average Training Loss: 1.076524
Val Loss: 2.3597 | C-index: 0.7153

Epoch 7
-------------------------------
loss: 2.920241  [   64/  678]
loss: 2.978588  [  256/  678]
loss: 2.914079  [  448/  678]
loss: 3.070615  [  640/  678]
Average Training Loss: 1.080320
Val Loss: 2.3430 | C-index: 0.7051

Epoch 8
-------------------------------
loss: 2.456029  [   64/  678]
loss: 2.876420  [  256/  678]
loss: 3.204822  [  448/  678]
loss: 2.531679  [  640/  678]
Average Training Loss: 1.006268
Val Loss: 2.3339 | C-index: 0.7289

Epoch 9
-------------------------------
loss: 2.885589  [   64/  678]
loss: 2.726192  [  256/  678]
loss: 3.132687  [  448/  678]
loss: 2.679722  [  640/  678]
Average Training Loss: 1.038563
Val Loss: 2.3267 | C-index: 0.7145

Epoch 10
-------------------------------
loss: 2.885339  [   64/  678]
loss: 2.485302  [  256/  678]
loss: 2.783815  [  448/  678]
loss: 2.697214  [  640/  678]
Average Training Loss: 0.986515
Val Loss: 2.3044 | C-index: 0.7153

Epoch 11
-------------------------------
loss: 2.535597  [   64/  678]
loss: 2.845523  [  256/  678]
loss: 3.083973  [  448/  678]
loss: 3.362365  [  640/  678]
Average Training Loss: 1.075223
Val Loss: 2.2701 | C-index: 0.7170

Epoch 12
-------------------------------
loss: 3.185982  [   64/  678]
loss: 2.780450  [  256/  678]
loss: 3.473730  [  448/  678]
loss: 2.444540  [  640/  678]
Average Training Loss: 1.080427
Val Loss: 2.2481 | C-index: 0.7145

Epoch 13
-------------------------------
loss: 2.588606  [   64/  678]
loss: 2.775857  [  256/  678]
loss: 2.707662  [  448/  678]
loss: 2.985591  [  640/  678]
Average Training Loss: 1.005247
Val Loss: 2.2276 | C-index: 0.7213

Stopping early at Epoch 13 since no C-Index improvement after 5 epochs.
Done!
Best C-Index = 0.7289361702127659 at Epoch 8

=========================================
FOLD 4/5
=========================================

Epoch 1
-------------------------------
loss: 2.885380  [   64/  678]
loss: 3.291887  [  256/  678]
loss: 2.449644  [  448/  678]
loss: 3.358723  [  640/  678]
Average Training Loss: 1.089603
Val Loss: 2.8512 | C-index: 0.6904

Epoch 2
-------------------------------
loss: 2.901065  [   64/  678]
loss: 3.090168  [  256/  678]
loss: 3.067487  [  448/  678]
loss: 3.197219  [  640/  678]
Average Training Loss: 1.114176
Val Loss: 2.8477 | C-index: 0.7090

Epoch 3
-------------------------------
loss: 2.215426  [   64/  678]
loss: 3.082678  [  256/  678]
loss: 3.120130  [  448/  678]
loss: 3.134488  [  640/  678]
Average Training Loss: 1.050247
Val Loss: 2.8456 | C-index: 0.7139

Epoch 4
-------------------------------
loss: 3.077747  [   64/  678]
loss: 2.623019  [  256/  678]
loss: 3.038570  [  448/  678]
loss: 3.049474  [  640/  678]
Average Training Loss: 1.071710
Val Loss: 2.8403 | C-index: 0.7183

Epoch 5
-------------------------------
loss: 2.731565  [   64/  678]
loss: 3.320547  [  256/  678]
loss: 2.771863  [  448/  678]
loss: 2.881284  [  640/  678]
Average Training Loss: 1.064114
Val Loss: 2.8372 | C-index: 0.7238

Epoch 6
-------------------------------
loss: 2.857726  [   64/  678]
loss: 2.849529  [  256/  678]
loss: 2.915127  [  448/  678]
loss: 2.848795  [  640/  678]
Average Training Loss: 1.042834
Val Loss: 2.8302 | C-index: 0.7170

Epoch 7
-------------------------------
loss: 2.444362  [   64/  678]
loss: 3.039610  [  256/  678]
loss: 3.302164  [  448/  678]
loss: 2.827845  [  640/  678]
Average Training Loss: 1.055816
Val Loss: 2.8305 | C-index: 0.7232

Epoch 8
-------------------------------
loss: 2.861930  [   64/  678]
loss: 2.731074  [  256/  678]
loss: 3.217856  [  448/  678]
loss: 2.164740  [  640/  678]
Average Training Loss: 0.997782
Val Loss: 2.8223 | C-index: 0.7152

Epoch 9
-------------------------------
loss: 2.639369  [   64/  678]
loss: 2.744193  [  256/  678]
loss: 2.246364  [  448/  678]
loss: 3.468928  [  640/  678]
Average Training Loss: 1.008987
Val Loss: 2.8045 | C-index: 0.7146

Epoch 10
-------------------------------
loss: 2.619714  [   64/  678]
loss: 3.353544  [  256/  678]
loss: 2.862834  [  448/  678]
loss: 2.801529  [  640/  678]
Average Training Loss: 1.057966
Val Loss: 2.8009 | C-index: 0.7146

Stopping early at Epoch 10 since no C-Index improvement after 5 epochs.
Done!
Best C-Index = 0.7238390092879257 at Epoch 5

=========================================
FOLD 5/5
=========================================

Epoch 1
-------------------------------
loss: 3.374251  [   64/  678]
loss: 2.578655  [  256/  678]
loss: 3.073070  [  448/  678]
loss: 2.837888  [  640/  678]
Average Training Loss: 1.078533
Val Loss: 2.7737 | C-index: 0.6152

Epoch 2
-------------------------------
loss: 3.241665  [   64/  678]
loss: 2.678307  [  256/  678]
loss: 2.768312  [  448/  678]
loss: 3.185271  [  640/  678]
Average Training Loss: 1.079414
Val Loss: 2.7676 | C-index: 0.6452

Epoch 3
-------------------------------
loss: 2.799166  [   64/  678]
loss: 2.886027  [  256/  678]
loss: 3.172629  [  448/  678]
loss: 2.684727  [  640/  678]
Average Training Loss: 1.049323
Val Loss: 2.7580 | C-index: 0.6739

Epoch 4
-------------------------------
loss: 3.368062  [   64/  678]
loss: 2.849099  [  256/  678]
loss: 1.996375  [  448/  678]
loss: 2.874646  [  640/  678]
Average Training Loss: 1.008016
Val Loss: 2.7485 | C-index: 0.6777

Epoch 5
-------------------------------
loss: 2.565789  [   64/  678]
loss: 2.326011  [  256/  678]
loss: 3.045455  [  448/  678]
loss: 2.634939  [  640/  678]
Average Training Loss: 0.961109
Val Loss: 2.7425 | C-index: 0.6771

Epoch 6
-------------------------------
loss: 2.998588  [   64/  678]
loss: 3.164933  [  256/  678]
loss: 2.849211  [  448/  678]
loss: 3.153390  [  640/  678]
Average Training Loss: 1.106011
Val Loss: 2.7336 | C-index: 0.6579

Epoch 7
-------------------------------
loss: 2.362280  [   64/  678]
loss: 3.018500  [  256/  678]
loss: 2.869366  [  448/  678]
loss: 3.067811  [  640/  678]
Average Training Loss: 1.028905
Val Loss: 2.7250 | C-index: 0.6541

Epoch 8
-------------------------------
loss: 2.842325  [   64/  678]
loss: 2.775178  [  256/  678]
loss: 2.462463  [  448/  678]
loss: 3.378236  [  640/  678]
Average Training Loss: 1.041655
Val Loss: 2.7192 | C-index: 0.6567

Epoch 9
-------------------------------
loss: 2.753478  [   64/  678]
loss: 3.195926  [  256/  678]
loss: 3.101677  [  448/  678]
loss: 2.737829  [  640/  678]
Average Training Loss: 1.071719
Val Loss: 2.7055 | C-index: 0.6726

Stopping early at Epoch 9 since no C-Index improvement after 5 epochs.
Done!
Best C-Index = 0.6777281429483089 at Epoch 4

=========================================
CV training complete! Mean ± std C-index: 0.6895 ± 0.0468
Best epochs per fold: [1, 4, 8, 5, 4]

=========================================
Retraining model on full train+val for 4 epochs...
Epoch 1
-------------------------------
loss: 2.944633  [   64/  847]
loss: 3.127769  [  320/  847]
loss: 2.799651  [  576/  847]
loss: 3.340868  [  832/  847]
Average Training Loss: 0.872351
Val Loss: 2.8684 | C-index: 0.6356

Epoch 2
-------------------------------
loss: 3.249148  [   64/  847]
loss: 2.748568  [  320/  847]
loss: 2.795668  [  576/  847]
loss: 2.333944  [  832/  847]
Average Training Loss: 0.794809
Val Loss: 2.8109 | C-index: 0.6424

Epoch 3
-------------------------------
loss: 3.144614  [   64/  847]
loss: 1.682368  [  320/  847]
loss: 3.075079  [  576/  847]
loss: 3.225051  [  832/  847]
Average Training Loss: 0.794794
Val Loss: 2.8158 | C-index: 0.6784

Epoch 4
-------------------------------
loss: 3.072432  [   64/  847]
loss: 3.181951  [  320/  847]
loss: 3.253174  [  576/  847]
loss: 2.782739  [  832/  847]
Average Training Loss: 0.877878
Val Loss: 2.7755 | C-index: 0.6887

Done!
Best C-Index = 0.6887270983697572 at Epoch 4
FINAL TEST Average Loss: 2.6614
FINAL TEST C-index: 0.6971
Bootstrap 95% CI: [0.5856, 0.8073]
Results saved to /Users/evan/Documents/GitHub/HyBINN/experiments/runs/clinical/seed_0/results.json
