train_hybinn.py log started 2026-06-05 21:24:05.883699
=========================================
Model Active Branches: ['binn']
=========================================

=========================================
FOLD 1/5
=========================================

Epoch 1
-------------------------------
loss: 3.526604  [   64/  677]
loss: 2.935442  [  256/  677]
loss: 2.894702  [  448/  677]
loss: 2.857892  [  640/  677]
Average Training Loss: 1.110422
Val Loss: 3.1165 | C-index: 0.5793

Epoch 2
-------------------------------
loss: 2.966423  [   64/  677]
loss: 2.817096  [  256/  677]
loss: 3.051848  [  448/  677]
loss: 2.713620  [  640/  677]
Average Training Loss: 1.049908
Val Loss: 3.1094 | C-index: 0.5271

Epoch 3
-------------------------------
loss: 3.126065  [   64/  677]
loss: 3.034896  [  256/  677]
loss: 2.556488  [  448/  677]
loss: 2.796187  [  640/  677]
Average Training Loss: 1.046694
Val Loss: 3.0937 | C-index: 0.6364

Epoch 4
-------------------------------
loss: 2.476084  [   64/  677]
loss: 2.348660  [  256/  677]
loss: 2.908643  [  448/  677]
loss: 3.356219  [  640/  677]
Average Training Loss: 1.008146
Val Loss: 3.0443 | C-index: 0.6159

Epoch 5
-------------------------------
loss: 1.576392  [   64/  677]
loss: 2.594856  [  256/  677]
loss: 3.352713  [  448/  677]
loss: 2.960248  [  640/  677]
Average Training Loss: 0.953110
Val Loss: 2.9904 | C-index: 0.6623

Epoch 6
-------------------------------
loss: 2.669452  [   64/  677]
loss: 2.539718  [  256/  677]
loss: 2.493874  [  448/  677]
loss: 2.995477  [  640/  677]
Average Training Loss: 0.972593
Val Loss: 2.9692 | C-index: 0.6647

Epoch 7
-------------------------------
loss: 2.172328  [   64/  677]
loss: 2.335054  [  256/  677]
loss: 2.717539  [  448/  677]
loss: 2.824052  [  640/  677]
Average Training Loss: 0.913543
Val Loss: 2.9407 | C-index: 0.6715

Epoch 8
-------------------------------
loss: 2.545428  [   64/  677]
loss: 2.248506  [  256/  677]
loss: 2.826668  [  448/  677]
loss: 2.557631  [  640/  677]
Average Training Loss: 0.925294
Val Loss: 2.9038 | C-index: 0.7121

Epoch 9
-------------------------------
loss: 2.203941  [   64/  677]
loss: 2.585293  [  256/  677]
loss: 2.018747  [  448/  677]
loss: 2.795633  [  640/  677]
Average Training Loss: 0.873056
Val Loss: 2.8822 | C-index: 0.6794

Epoch 10
-------------------------------
loss: 2.083630  [   64/  677]
loss: 2.196686  [  256/  677]
loss: 2.689592  [  448/  677]
loss: 2.537176  [  640/  677]
Average Training Loss: 0.864280
Val Loss: 2.8282 | C-index: 0.7125

Epoch 11
-------------------------------
loss: 2.414191  [   64/  677]
loss: 2.479130  [  256/  677]
loss: 2.011583  [  448/  677]
loss: 2.055600  [  640/  677]
Average Training Loss: 0.814591
Val Loss: 2.7508 | C-index: 0.7423

Epoch 12
-------------------------------
loss: 2.060616  [   64/  677]
loss: 1.617248  [  256/  677]
loss: 1.586718  [  448/  677]
loss: 2.649679  [  640/  677]
Average Training Loss: 0.719478
Val Loss: 2.7147 | C-index: 0.6969

Epoch 13
-------------------------------
loss: 2.083904  [   64/  677]
loss: 2.605386  [  256/  677]
loss: 1.932370  [  448/  677]
loss: 2.147663  [  640/  677]
Average Training Loss: 0.797211
Val Loss: 2.9617 | C-index: 0.6955

Epoch 14
-------------------------------
loss: 2.318856  [   64/  677]
loss: 2.123850  [  256/  677]
loss: 2.372180  [  448/  677]
loss: 1.900291  [  640/  677]
Average Training Loss: 0.792289
Val Loss: 2.8192 | C-index: 0.6881

Epoch 15
-------------------------------
loss: 2.040223  [   64/  677]
loss: 2.314087  [  256/  677]
loss: 1.983196  [  448/  677]
loss: 1.942539  [  640/  677]
Average Training Loss: 0.752731
Val Loss: 2.9529 | C-index: 0.7067

Epoch 16
-------------------------------
loss: 2.219233  [   64/  677]
loss: 2.014502  [  256/  677]
loss: 2.800491  [  448/  677]
loss: 2.109653  [  640/  677]
Average Training Loss: 0.831262
Val Loss: 2.9171 | C-index: 0.6925

Stopping early at Epoch 16 since no C-Index improvement after 5 epochs.
Done!
Best C-Index = 0.7423133235724744 at Epoch 11

=========================================
FOLD 2/5
=========================================

Epoch 1
-------------------------------
loss: 3.460493  [   64/  677]
loss: 2.512881  [  256/  677]
loss: 2.795085  [  448/  677]
loss: 2.590763  [  640/  677]
Average Training Loss: 1.032656
Val Loss: 3.0015 | C-index: 0.6585

Epoch 2
-------------------------------
loss: 3.022451  [   64/  677]
loss: 3.024424  [  256/  677]
loss: 3.011898  [  448/  677]
loss: 3.007302  [  640/  677]
Average Training Loss: 1.096916
Val Loss: 2.9950 | C-index: 0.6691

Epoch 3
-------------------------------
loss: 2.002979  [   64/  677]
loss: 2.979894  [  256/  677]
loss: 2.503051  [  448/  677]
loss: 2.316029  [  640/  677]
Average Training Loss: 0.891087
Val Loss: 2.9756 | C-index: 0.6790

Epoch 4
-------------------------------
loss: 2.810160  [   64/  677]
loss: 3.113863  [  256/  677]
loss: 2.906708  [  448/  677]
loss: 2.305372  [  640/  677]
Average Training Loss: 1.012373
Val Loss: 2.9500 | C-index: 0.6785

Epoch 5
-------------------------------
loss: 3.099172  [   64/  677]
loss: 3.023581  [  256/  677]
loss: 2.947034  [  448/  677]
loss: 3.015596  [  640/  677]
Average Training Loss: 1.098671
Val Loss: 2.8846 | C-index: 0.7234

Epoch 6
-------------------------------
loss: 2.903906  [   64/  677]
loss: 2.407022  [  256/  677]
loss: 3.049430  [  448/  677]
loss: 2.338771  [  640/  677]
Average Training Loss: 0.972648
Val Loss: 2.8347 | C-index: 0.7201

Epoch 7
-------------------------------
loss: 2.559689  [   64/  677]
loss: 3.076618  [  256/  677]
loss: 2.255913  [  448/  677]
loss: 2.723783  [  640/  677]
Average Training Loss: 0.965091
Val Loss: 2.7863 | C-index: 0.7190

Epoch 8
-------------------------------
loss: 2.206006  [   64/  677]
loss: 2.680462  [  256/  677]
loss: 2.763409  [  448/  677]
loss: 2.657984  [  640/  677]
Average Training Loss: 0.937078
Val Loss: 2.8031 | C-index: 0.6824

Epoch 9
-------------------------------
loss: 2.288701  [   64/  677]
loss: 2.234735  [  256/  677]
loss: 2.201505  [  448/  677]
loss: 2.549943  [  640/  677]
Average Training Loss: 0.843171
Val Loss: 2.8242 | C-index: 0.6735

Epoch 10
-------------------------------
loss: 2.402569  [   64/  677]
loss: 2.342357  [  256/  677]
loss: 2.278275  [  448/  677]
loss: 2.519148  [  640/  677]
Average Training Loss: 0.867486
Val Loss: 2.8353 | C-index: 0.6630

Stopping early at Epoch 10 since no C-Index improvement after 5 epochs.
Done!
Best C-Index = 0.7233924611973392 at Epoch 5

=========================================
FOLD 3/5
=========================================

Epoch 1
-------------------------------
loss: 2.511774  [   64/  678]
loss: 3.040249  [  256/  678]
loss: 2.811392  [  448/  678]
loss: 2.932556  [  640/  678]
Average Training Loss: 1.026906
Val Loss: 2.4190 | C-index: 0.6661

Epoch 2
-------------------------------
loss: 3.009720  [   64/  678]
loss: 2.905998  [  256/  678]
loss: 2.809362  [  448/  678]
loss: 3.247598  [  640/  678]
Average Training Loss: 1.088425
Val Loss: 2.4124 | C-index: 0.7750

Epoch 3
-------------------------------
loss: 2.874713  [   64/  678]
loss: 3.222239  [  256/  678]
loss: 3.423416  [  448/  678]
loss: 3.265749  [  640/  678]
Average Training Loss: 1.162374
Val Loss: 2.3859 | C-index: 0.7452

Epoch 4
-------------------------------
loss: 2.704422  [   64/  678]
loss: 2.700698  [  256/  678]
loss: 2.992940  [  448/  678]
loss: 3.022363  [  640/  678]
Average Training Loss: 1.038220
Val Loss: 2.3284 | C-index: 0.7468

Epoch 5
-------------------------------
loss: 3.133735  [   64/  678]
loss: 2.827961  [  256/  678]
loss: 2.795861  [  448/  678]
loss: 2.278563  [  640/  678]
Average Training Loss: 1.003284
Val Loss: 2.2673 | C-index: 0.7435

Epoch 6
-------------------------------
loss: 2.315991  [   64/  678]
loss: 2.861449  [  256/  678]
loss: 2.377941  [  448/  678]
loss: 2.648024  [  640/  678]
Average Training Loss: 0.927582
Val Loss: 2.2104 | C-index: 0.7532

Epoch 7
-------------------------------
loss: 2.915126  [   64/  678]
loss: 2.213634  [  256/  678]
loss: 2.700214  [  448/  678]
loss: 2.542733  [  640/  678]
Average Training Loss: 0.942882
Val Loss: 2.2620 | C-index: 0.7024

Stopping early at Epoch 7 since no C-Index improvement after 5 epochs.
Done!
Best C-Index = 0.775 at Epoch 2

=========================================
FOLD 4/5
=========================================

Epoch 1
-------------------------------
loss: 2.636085  [   64/  678]
loss: 2.898161  [  256/  678]
loss: 3.122056  [  448/  678]
loss: 3.590365  [  640/  678]
Average Training Loss: 1.113333
Val Loss: 3.1459 | C-index: 0.4785

Epoch 2
-------------------------------
loss: 3.200487  [   64/  678]
loss: 3.062038  [  256/  678]
loss: 2.851437  [  448/  678]
loss: 2.533273  [  640/  678]
Average Training Loss: 1.058839
Val Loss: 3.1475 | C-index: 0.4747

Epoch 3
-------------------------------
loss: 2.587850  [   64/  678]
loss: 2.550805  [  256/  678]
loss: 2.841938  [  448/  678]
loss: 3.138617  [  640/  678]
Average Training Loss: 1.010837
Val Loss: 3.1643 | C-index: 0.4747

Epoch 4
-------------------------------
loss: 2.556933  [   64/  678]
loss: 2.998740  [  256/  678]
loss: 2.652408  [  448/  678]
loss: 2.899928  [  640/  678]
Average Training Loss: 1.009819
Val Loss: 3.2269 | C-index: 0.5022

Epoch 5
-------------------------------
loss: 2.753509  [   64/  678]
loss: 2.893557  [  256/  678]
loss: 2.706755  [  448/  678]
loss: 3.071484  [  640/  678]
Average Training Loss: 1.038664
Val Loss: 3.2221 | C-index: 0.5614

Epoch 6
-------------------------------
loss: 2.608379  [   64/  678]
loss: 2.436914  [  256/  678]
loss: 2.394413  [  448/  678]
loss: 2.671265  [  640/  678]
Average Training Loss: 0.919179
Val Loss: 3.1667 | C-index: 0.6211

Epoch 7
-------------------------------
loss: 2.427099  [   64/  678]
loss: 2.565343  [  256/  678]
loss: 2.283031  [  448/  678]
loss: 2.441164  [  640/  678]
Average Training Loss: 0.883331
Val Loss: 3.1534 | C-index: 0.6566

Epoch 8
-------------------------------
loss: 2.670345  [   64/  678]
loss: 2.444926  [  256/  678]
loss: 2.562493  [  448/  678]
loss: 2.222283  [  640/  678]
Average Training Loss: 0.900004
Val Loss: 3.1999 | C-index: 0.6276

Epoch 9
-------------------------------
loss: 2.398726  [   64/  678]
loss: 2.260649  [  256/  678]
loss: 2.079109  [  448/  678]
loss: 2.354433  [  640/  678]
Average Training Loss: 0.826629
Val Loss: 3.1628 | C-index: 0.6394

Epoch 10
-------------------------------
loss: 2.394249  [   64/  678]
loss: 1.946278  [  256/  678]
loss: 2.288576  [  448/  678]
loss: 2.587478  [  640/  678]
Average Training Loss: 0.837871
Val Loss: 3.1676 | C-index: 0.6529

Epoch 11
-------------------------------
loss: 2.036582  [   64/  678]
loss: 1.630773  [  256/  678]
loss: 2.286961  [  448/  678]
loss: 1.809036  [  640/  678]
Average Training Loss: 0.705759
Val Loss: 3.2622 | C-index: 0.6173

Epoch 12
-------------------------------
loss: 1.612782  [   64/  678]
loss: 2.278186  [  256/  678]
loss: 1.891087  [  448/  678]
loss: 2.436338  [  640/  678]
Average Training Loss: 0.747127
Val Loss: 3.2206 | C-index: 0.6319

Stopping early at Epoch 12 since no C-Index improvement after 5 epochs.
Done!
Best C-Index = 0.6566200215285253 at Epoch 7

=========================================
FOLD 5/5
=========================================

Epoch 1
-------------------------------
loss: 2.716277  [   64/  678]
loss: 2.569892  [  256/  678]
loss: 3.405065  [  448/  678]
loss: 2.799033  [  640/  678]
Average Training Loss: 1.044570
Val Loss: 2.5616 | C-index: 0.4521

Epoch 2
-------------------------------
loss: 3.259583  [   64/  678]
loss: 3.069041  [  256/  678]
loss: 3.015090  [  448/  678]
loss: 3.214435  [  640/  678]
Average Training Loss: 1.141650
Val Loss: 2.5521 | C-index: 0.3973

Epoch 3
-------------------------------
loss: 2.875210  [   64/  678]
loss: 3.029329  [  256/  678]
loss: 2.720519  [  448/  678]
loss: 3.075894  [  640/  678]
Average Training Loss: 1.063723
Val Loss: 2.5310 | C-index: 0.3904

Epoch 4
-------------------------------
loss: 3.216784  [   64/  678]
loss: 2.289547  [  256/  678]
loss: 3.564262  [  448/  678]
loss: 2.256481  [  640/  678]
Average Training Loss: 1.029734
Val Loss: 2.5164 | C-index: 0.4068

Epoch 5
-------------------------------
loss: 2.979591  [   64/  678]
loss: 2.788965  [  256/  678]
loss: 2.814826  [  448/  678]
loss: 2.778101  [  640/  678]
Average Training Loss: 1.032862
Val Loss: 2.5376 | C-index: 0.4233

Epoch 6
-------------------------------
loss: 2.449300  [   64/  678]
loss: 2.803269  [  256/  678]
loss: 2.250342  [  448/  678]
loss: 2.546766  [  640/  678]
Average Training Loss: 0.913607
Val Loss: 2.6002 | C-index: 0.4247

Stopping early at Epoch 6 since no C-Index improvement after 5 epochs.
Done!
Best C-Index = 0.4520547945205479 at Epoch 1

=========================================
CV training complete! Mean ± std C-index: 0.6699 ± 0.1156
Best epochs per fold: [11, 5, 2, 7, 1]

=========================================
Retraining model on full train+val for 5 epochs...
Epoch 1
-------------------------------
loss: 2.619646  [   64/  847]
loss: 2.568265  [  320/  847]
loss: 3.812432  [  576/  847]
loss: 3.219405  [  832/  847]
Average Training Loss: 0.872839
Val Loss: 2.8705 | C-index: 0.6767

Epoch 2
-------------------------------
loss: 3.123893  [   64/  847]
loss: 3.039135  [  320/  847]
loss: 3.142442  [  576/  847]
loss: 2.830215  [  832/  847]
Average Training Loss: 0.866835
Val Loss: 2.8601 | C-index: 0.6913

Epoch 3
-------------------------------
loss: 3.092525  [   64/  847]
loss: 3.235696  [  320/  847]
loss: 2.769660  [  576/  847]
loss: 3.131298  [  832/  847]
Average Training Loss: 0.873513
Val Loss: 2.8162 | C-index: 0.7014

Epoch 4
-------------------------------
loss: 2.867450  [   64/  847]
loss: 2.442222  [  320/  847]
loss: 2.931975  [  576/  847]
loss: 2.935779  [  832/  847]
Average Training Loss: 0.798388
Val Loss: 2.6299 | C-index: 0.7504

Epoch 5
-------------------------------
loss: 2.776647  [   64/  847]
loss: 2.615134  [  320/  847]
loss: 1.929835  [  576/  847]
loss: 2.416207  [  832/  847]
Average Training Loss: 0.695559
Val Loss: 2.5593 | C-index: 0.8025

Done!
Best C-Index = 0.8024805759498183 at Epoch 5
FINAL TEST Average Loss: 2.5877
FINAL TEST C-index: 0.6247
Bootstrap 95% CI: [0.4754, 0.7666]
Top 10 activated pathways:
{'R-HSA-9927418': 0.05107586458325386, 'R-HSA-167287': 0.049652181565761566, 'R-HSA-5693568': 0.04826836287975311, 'R-HSA-418217': 0.04508577659726143, 'R-HSA-5676594': 0.04166942834854126, 'R-HSA-3928664': 0.041447192430496216, 'R-HSA-9860927': 0.03926554322242737, 'R-HSA-1433559': 0.03800684213638306, 'R-HSA-163359': 0.0363580659031868, 'R-HSA-164952': 0.03448806703090668}
Results saved to /Users/evan/Documents/GitHub/HyBINN/experiments/runs/binn_only/seed_2/results.json
