train_hybinn.py log started 2026-06-05 21:26:45.541954
=========================================
Model Active Branches: ['binn']
=========================================

=========================================
FOLD 1/5
=========================================

Epoch 1
-------------------------------
loss: 2.895049  [   64/  677]
loss: 2.856445  [  256/  677]
loss: 3.075050  [  448/  677]
loss: 3.263298  [  640/  677]
Average Training Loss: 1.099077
Val Loss: 2.7296 | C-index: 0.4867

Epoch 2
-------------------------------
loss: 2.607020  [   64/  677]
loss: 2.727210  [  256/  677]
loss: 3.315371  [  448/  677]
loss: 2.870733  [  640/  677]
Average Training Loss: 1.047303
Val Loss: 2.7271 | C-index: 0.5434

Epoch 3
-------------------------------
loss: 2.874397  [   64/  677]
loss: 2.888293  [  256/  677]
loss: 2.424565  [  448/  677]
loss: 3.476127  [  640/  677]
Average Training Loss: 1.060307
Val Loss: 2.7211 | C-index: 0.5191

Epoch 4
-------------------------------
loss: 3.390559  [   64/  677]
loss: 3.216804  [  256/  677]
loss: 2.145164  [  448/  677]
loss: 3.189360  [  640/  677]
Average Training Loss: 1.085626
Val Loss: 2.6931 | C-index: 0.5694

Epoch 5
-------------------------------
loss: 2.722280  [   64/  677]
loss: 2.017938  [  256/  677]
loss: 2.711272  [  448/  677]
loss: 2.524894  [  640/  677]
Average Training Loss: 0.906944
Val Loss: 2.6405 | C-index: 0.6566

Epoch 6
-------------------------------
loss: 2.869504  [   64/  677]
loss: 2.529015  [  256/  677]
loss: 3.173579  [  448/  677]
loss: 2.923209  [  640/  677]
Average Training Loss: 1.045028
Val Loss: 2.6177 | C-index: 0.6740

Epoch 7
-------------------------------
loss: 3.098562  [   64/  677]
loss: 2.224385  [  256/  677]
loss: 2.207458  [  448/  677]
loss: 2.088048  [  640/  677]
Average Training Loss: 0.874405
Val Loss: 2.6368 | C-index: 0.6231

Epoch 8
-------------------------------
loss: 3.205188  [   64/  677]
loss: 2.318279  [  256/  677]
loss: 2.449628  [  448/  677]
loss: 2.260960  [  640/  677]
Average Training Loss: 0.930369
Val Loss: 2.5682 | C-index: 0.7185

Epoch 9
-------------------------------
loss: 2.261313  [   64/  677]
loss: 2.209332  [  256/  677]
loss: 2.347321  [  448/  677]
loss: 1.996895  [  640/  677]
Average Training Loss: 0.801351
Val Loss: 2.5580 | C-index: 0.7243

Epoch 10
-------------------------------
loss: 2.349565  [   64/  677]
loss: 2.150513  [  256/  677]
loss: 2.549788  [  448/  677]
loss: 2.459750  [  640/  677]
Average Training Loss: 0.864511
Val Loss: 2.5728 | C-index: 0.6988

Epoch 11
-------------------------------
loss: 2.565058  [   64/  677]
loss: 2.288826  [  256/  677]
loss: 1.932526  [  448/  677]
loss: 2.237378  [  640/  677]
Average Training Loss: 0.820344
Val Loss: 2.5250 | C-index: 0.7260

Epoch 12
-------------------------------
loss: 2.519344  [   64/  677]
loss: 2.353207  [  256/  677]
loss: 1.955109  [  448/  677]
loss: 2.203856  [  640/  677]
Average Training Loss: 0.821047
Val Loss: 2.5842 | C-index: 0.7243

Epoch 13
-------------------------------
loss: 2.371617  [   64/  677]
loss: 2.147658  [  256/  677]
loss: 2.675459  [  448/  677]
loss: 2.232948  [  640/  677]
Average Training Loss: 0.857062
Val Loss: 2.6012 | C-index: 0.6688

Epoch 14
-------------------------------
loss: 2.344013  [   64/  677]
loss: 1.697416  [  256/  677]
loss: 2.436234  [  448/  677]
loss: 2.274616  [  640/  677]
Average Training Loss: 0.795662
Val Loss: 2.6094 | C-index: 0.6960

Epoch 15
-------------------------------
loss: 2.215763  [   64/  677]
loss: 2.164453  [  256/  677]
loss: 1.856433  [  448/  677]
loss: 2.115855  [  640/  677]
Average Training Loss: 0.759319
Val Loss: 2.6664 | C-index: 0.6746

Epoch 16
-------------------------------
loss: 2.074348  [   64/  677]
loss: 2.267792  [  256/  677]
loss: 2.019693  [  448/  677]
loss: 1.424498  [  640/  677]
Average Training Loss: 0.707848
Val Loss: 2.6306 | C-index: 0.6977

Stopping early at Epoch 16 since no C-Index improvement after 5 epochs.
Done!
Best C-Index = 0.7260115606936416 at Epoch 11

=========================================
FOLD 2/5
=========================================

Epoch 1
-------------------------------
loss: 2.852948  [   64/  677]
loss: 3.373082  [  256/  677]
loss: 3.116834  [  448/  677]
loss: 2.843777  [  640/  677]
Average Training Loss: 1.107876
Val Loss: 2.4386 | C-index: 0.5992

Epoch 2
-------------------------------
loss: 3.014422  [   64/  677]
loss: 2.876703  [  256/  677]
loss: 3.150837  [  448/  677]
loss: 2.878989  [  640/  677]
Average Training Loss: 1.083723
Val Loss: 2.4361 | C-index: 0.5909

Epoch 3
-------------------------------
loss: 3.300749  [   64/  677]
loss: 3.221635  [  256/  677]
loss: 3.148868  [  448/  677]
loss: 2.864228  [  640/  677]
Average Training Loss: 1.139589
Val Loss: 2.4280 | C-index: 0.5978

Epoch 4
-------------------------------
loss: 3.093319  [   64/  677]
loss: 3.226833  [  256/  677]
loss: 3.049786  [  448/  677]
loss: 2.732475  [  640/  677]
Average Training Loss: 1.100219
Val Loss: 2.4159 | C-index: 0.5971

Epoch 5
-------------------------------
loss: 3.147468  [   64/  677]
loss: 2.685977  [  256/  677]
loss: 2.782824  [  448/  677]
loss: 3.013431  [  640/  677]
Average Training Loss: 1.057245
Val Loss: 2.4117 | C-index: 0.6158

Epoch 6
-------------------------------
loss: 3.166851  [   64/  677]
loss: 2.772171  [  256/  677]
loss: 2.806613  [  448/  677]
loss: 2.912095  [  640/  677]
Average Training Loss: 1.059794
Val Loss: 2.3515 | C-index: 0.6593

Epoch 7
-------------------------------
loss: 2.516933  [   64/  677]
loss: 1.891296  [  256/  677]
loss: 2.565095  [  448/  677]
loss: 2.806667  [  640/  677]
Average Training Loss: 0.889090
Val Loss: 2.3294 | C-index: 0.7125

Epoch 8
-------------------------------
loss: 2.351993  [   64/  677]
loss: 2.431787  [  256/  677]
loss: 2.363098  [  448/  677]
loss: 2.324327  [  640/  677]
Average Training Loss: 0.861019
Val Loss: 2.3128 | C-index: 0.7519

Epoch 9
-------------------------------
loss: 2.557317  [   64/  677]
loss: 2.404294  [  256/  677]
loss: 2.526853  [  448/  677]
loss: 2.322240  [  640/  677]
Average Training Loss: 0.891882
Val Loss: 2.3102 | C-index: 0.7180

Epoch 10
-------------------------------
loss: 2.247025  [   64/  677]
loss: 2.101708  [  256/  677]
loss: 2.666708  [  448/  677]
loss: 2.175158  [  640/  677]
Average Training Loss: 0.835509
Val Loss: 2.3540 | C-index: 0.7167

Epoch 11
-------------------------------
loss: 2.470666  [   64/  677]
loss: 2.126464  [  256/  677]
loss: 2.337320  [  448/  677]
loss: 2.248297  [  640/  677]
Average Training Loss: 0.834795
Val Loss: 2.3588 | C-index: 0.7049

Epoch 12
-------------------------------
loss: 2.301186  [   64/  677]
loss: 2.326334  [  256/  677]
loss: 2.315250  [  448/  677]
loss: 1.617442  [  640/  677]
Average Training Loss: 0.778201
Val Loss: 2.4231 | C-index: 0.6994

Epoch 13
-------------------------------
loss: 2.344805  [   64/  677]
loss: 1.753099  [  256/  677]
loss: 2.063052  [  448/  677]
loss: 2.467009  [  640/  677]
Average Training Loss: 0.784360
Val Loss: 2.3310 | C-index: 0.7353

Stopping early at Epoch 13 since no C-Index improvement after 5 epochs.
Done!
Best C-Index = 0.7519004837595025 at Epoch 8

=========================================
FOLD 3/5
=========================================

Epoch 1
-------------------------------
loss: 2.806727  [   64/  678]
loss: 2.854315  [  256/  678]
loss: 2.621136  [  448/  678]
loss: 2.802054  [  640/  678]
Average Training Loss: 1.007657
Val Loss: 2.8407 | C-index: 0.6189

Epoch 2
-------------------------------
loss: 3.004013  [   64/  678]
loss: 2.699313  [  256/  678]
loss: 2.978903  [  448/  678]
loss: 2.999964  [  640/  678]
Average Training Loss: 1.062017
Val Loss: 2.8345 | C-index: 0.6445

Epoch 3
-------------------------------
loss: 3.159782  [   64/  678]
loss: 2.811099  [  256/  678]
loss: 2.882002  [  448/  678]
loss: 2.847309  [  640/  678]
Average Training Loss: 1.063654
Val Loss: 2.8193 | C-index: 0.6352

Epoch 4
-------------------------------
loss: 2.254643  [   64/  678]
loss: 2.849363  [  256/  678]
loss: 2.911304  [  448/  678]
loss: 2.719590  [  640/  678]
Average Training Loss: 0.975900
Val Loss: 2.8007 | C-index: 0.6591

Epoch 5
-------------------------------
loss: 3.081585  [   64/  678]
loss: 2.733160  [  256/  678]
loss: 2.358367  [  448/  678]
loss: 2.324335  [  640/  678]
Average Training Loss: 0.954313
Val Loss: 2.7833 | C-index: 0.6719

Epoch 6
-------------------------------
loss: 2.330343  [   64/  678]
loss: 2.849530  [  256/  678]
loss: 3.008973  [  448/  678]
loss: 1.727726  [  640/  678]
Average Training Loss: 0.901507
Val Loss: 2.7718 | C-index: 0.6760

Epoch 7
-------------------------------
loss: 2.381369  [   64/  678]
loss: 2.575142  [  256/  678]
loss: 2.547508  [  448/  678]
loss: 2.786589  [  640/  678]
Average Training Loss: 0.935510
Val Loss: 2.7545 | C-index: 0.6952

Epoch 8
-------------------------------
loss: 2.353389  [   64/  678]
loss: 2.569996  [  256/  678]
loss: 2.137483  [  448/  678]
loss: 2.050262  [  640/  678]
Average Training Loss: 0.828285
Val Loss: 2.7527 | C-index: 0.6946

Epoch 9
-------------------------------
loss: 2.545122  [   64/  678]
loss: 2.431753  [  256/  678]
loss: 1.883878  [  448/  678]
loss: 2.231097  [  640/  678]
Average Training Loss: 0.826532
Val Loss: 2.7690 | C-index: 0.6853

Epoch 10
-------------------------------
loss: 1.731703  [   64/  678]
loss: 2.197641  [  256/  678]
loss: 2.279067  [  448/  678]
loss: 2.068940  [  640/  678]
Average Training Loss: 0.752486
Val Loss: 2.7852 | C-index: 0.6970

Epoch 11
-------------------------------
loss: 1.523427  [   64/  678]
loss: 2.683594  [  256/  678]
loss: 2.315466  [  448/  678]
loss: 2.268353  [  640/  678]
Average Training Loss: 0.799167
Val Loss: 2.7837 | C-index: 0.6876

Epoch 12
-------------------------------
loss: 1.799247  [   64/  678]
loss: 1.959180  [  256/  678]
loss: 2.169340  [  448/  678]
loss: 2.276178  [  640/  678]
Average Training Loss: 0.745813
Val Loss: 2.7974 | C-index: 0.6935

Epoch 13
-------------------------------
loss: 2.406320  [   64/  678]
loss: 2.398893  [  256/  678]
loss: 1.952797  [  448/  678]
loss: 1.934267  [  640/  678]
Average Training Loss: 0.790207
Val Loss: 2.7291 | C-index: 0.6894

Epoch 14
-------------------------------
loss: 2.287794  [   64/  678]
loss: 1.980346  [  256/  678]
loss: 1.820615  [  448/  678]
loss: 2.098591  [  640/  678]
Average Training Loss: 0.744304
Val Loss: 2.7801 | C-index: 0.6871

Epoch 15
-------------------------------
loss: 2.189682  [   64/  678]
loss: 2.012557  [  256/  678]
loss: 1.880167  [  448/  678]
loss: 2.114047  [  640/  678]
Average Training Loss: 0.745132
Val Loss: 2.7464 | C-index: 0.6882

Stopping early at Epoch 15 since no C-Index improvement after 5 epochs.
Done!
Best C-Index = 0.696969696969697 at Epoch 10

=========================================
FOLD 4/5
=========================================

Epoch 1
-------------------------------
loss: 3.005177  [   64/  678]
loss: 2.556365  [  256/  678]
loss: 2.798081  [  448/  678]
loss: 2.655676  [  640/  678]
Average Training Loss: 1.001391
Val Loss: 2.6507 | C-index: 0.6625

Epoch 2
-------------------------------
loss: 3.075099  [   64/  678]
loss: 2.904065  [  256/  678]
loss: 3.061550  [  448/  678]
loss: 2.981949  [  640/  678]
Average Training Loss: 1.092969
Val Loss: 2.6461 | C-index: 0.6399

Epoch 3
-------------------------------
loss: 3.315695  [   64/  678]
loss: 2.781243  [  256/  678]
loss: 3.644383  [  448/  678]
loss: 3.347065  [  640/  678]
Average Training Loss: 1.189853
Val Loss: 2.6339 | C-index: 0.6611

Epoch 4
-------------------------------
loss: 2.896655  [   64/  678]
loss: 2.856760  [  256/  678]
loss: 2.888966  [  448/  678]
loss: 2.710180  [  640/  678]
Average Training Loss: 1.032051
Val Loss: 2.6223 | C-index: 0.6611

Epoch 5
-------------------------------
loss: 2.802429  [   64/  678]
loss: 3.103188  [  256/  678]
loss: 3.097200  [  448/  678]
loss: 3.088924  [  640/  678]
Average Training Loss: 1.099249
Val Loss: 2.5780 | C-index: 0.6931

Epoch 6
-------------------------------
loss: 2.841627  [   64/  678]
loss: 3.482452  [  256/  678]
loss: 2.806631  [  448/  678]
loss: 2.454464  [  640/  678]
Average Training Loss: 1.053198
Val Loss: 2.5499 | C-index: 0.7004

Epoch 7
-------------------------------
loss: 2.265024  [   64/  678]
loss: 2.346660  [  256/  678]
loss: 2.483721  [  448/  678]
loss: 2.459485  [  640/  678]
Average Training Loss: 0.868626
Val Loss: 2.5253 | C-index: 0.7289

Epoch 8
-------------------------------
loss: 2.116699  [   64/  678]
loss: 2.103733  [  256/  678]
loss: 2.526778  [  448/  678]
loss: 2.037668  [  640/  678]
Average Training Loss: 0.798625
Val Loss: 2.4955 | C-index: 0.7485

Epoch 9
-------------------------------
loss: 2.120470  [   64/  678]
loss: 2.184812  [  256/  678]
loss: 2.336225  [  448/  678]
loss: 2.375073  [  640/  678]
Average Training Loss: 0.819689
Val Loss: 2.5358 | C-index: 0.7529

Epoch 10
-------------------------------
loss: 2.646423  [   64/  678]
loss: 2.503408  [  256/  678]
loss: 2.764761  [  448/  678]
loss: 1.962357  [  640/  678]
Average Training Loss: 0.897904
Val Loss: 2.5712 | C-index: 0.7405

Epoch 11
-------------------------------
loss: 2.473365  [   64/  678]
loss: 2.010092  [  256/  678]
loss: 2.483640  [  448/  678]
loss: 2.253555  [  640/  678]
Average Training Loss: 0.838241
Val Loss: 2.5405 | C-index: 0.7536

Epoch 12
-------------------------------
loss: 2.235663  [   64/  678]
loss: 1.527352  [  256/  678]
loss: 2.220505  [  448/  678]
loss: 2.258952  [  640/  678]
Average Training Loss: 0.749316
Val Loss: 2.5468 | C-index: 0.7566

Epoch 13
-------------------------------
loss: 2.528801  [   64/  678]
loss: 1.709633  [  256/  678]
loss: 2.170545  [  448/  678]
loss: 2.509312  [  640/  678]
Average Training Loss: 0.810754
Val Loss: 2.6586 | C-index: 0.7515

Epoch 14
-------------------------------
loss: 2.282681  [   64/  678]
loss: 2.282748  [  256/  678]
loss: 2.226481  [  448/  678]
loss: 2.271693  [  640/  678]
Average Training Loss: 0.823964
Val Loss: 2.5330 | C-index: 0.7238

Epoch 15
-------------------------------
loss: 2.190719  [   64/  678]
loss: 2.276858  [  256/  678]
loss: 1.873477  [  448/  678]
loss: 2.231419  [  640/  678]
Average Training Loss: 0.779316
Val Loss: 2.5815 | C-index: 0.7398

Epoch 16
-------------------------------
loss: 2.093154  [   64/  678]
loss: 2.233884  [  256/  678]
loss: 2.014459  [  448/  678]
loss: 2.156690  [  640/  678]
Average Training Loss: 0.772562
Val Loss: 2.5142 | C-index: 0.7332

Epoch 17
-------------------------------
loss: 2.511848  [   64/  678]
loss: 1.845121  [  256/  678]
loss: 1.810229  [  448/  678]
loss: 1.954086  [  640/  678]
Average Training Loss: 0.738299
Val Loss: 2.5660 | C-index: 0.7500

Stopping early at Epoch 17 since no C-Index improvement after 5 epochs.
Done!
Best C-Index = 0.7565597667638484 at Epoch 12

=========================================
FOLD 5/5
=========================================

Epoch 1
-------------------------------
loss: 2.155065  [   64/  678]
loss: 3.212654  [  256/  678]
loss: 2.464383  [  448/  678]
loss: 2.964542  [  640/  678]
Average Training Loss: 0.981513
Val Loss: 3.1182 | C-index: 0.4247

Epoch 2
-------------------------------
loss: 2.823549  [   64/  678]
loss: 2.957322  [  256/  678]
loss: 3.216186  [  448/  678]
loss: 2.972226  [  640/  678]
Average Training Loss: 1.088117
Val Loss: 3.1159 | C-index: 0.4267

Epoch 3
-------------------------------
loss: 2.425855  [   64/  678]
loss: 2.435006  [  256/  678]
loss: 2.637088  [  448/  678]
loss: 2.905551  [  640/  678]
Average Training Loss: 0.945773
Val Loss: 3.1088 | C-index: 0.4597

Epoch 4
-------------------------------
loss: 2.920757  [   64/  678]
loss: 2.476327  [  256/  678]
loss: 2.835598  [  448/  678]
loss: 2.911907  [  640/  678]
Average Training Loss: 1.013144
Val Loss: 3.1002 | C-index: 0.4669

Epoch 5
-------------------------------
loss: 2.195689  [   64/  678]
loss: 2.853647  [  256/  678]
loss: 3.426681  [  448/  678]
loss: 2.003187  [  640/  678]
Average Training Loss: 0.952655
Val Loss: 3.0260 | C-index: 0.5556

Epoch 6
-------------------------------
loss: 3.511171  [   64/  678]
loss: 2.509306  [  256/  678]
loss: 2.807012  [  448/  678]
loss: 2.093825  [  640/  678]
Average Training Loss: 0.992847
Val Loss: 2.8999 | C-index: 0.6826

Epoch 7
-------------------------------
loss: 2.765260  [   64/  678]
loss: 2.901737  [  256/  678]
loss: 2.027056  [  448/  678]
loss: 2.375567  [  640/  678]
Average Training Loss: 0.915420
Val Loss: 2.8609 | C-index: 0.6898

Epoch 8
-------------------------------
loss: 2.642981  [   64/  678]
loss: 2.476656  [  256/  678]
loss: 2.712959  [  448/  678]
loss: 2.671780  [  640/  678]
Average Training Loss: 0.954943
Val Loss: 2.8063 | C-index: 0.7315

Epoch 9
-------------------------------
loss: 2.621706  [   64/  678]
loss: 2.538191  [  256/  678]
loss: 2.115738  [  448/  678]
loss: 1.839777  [  640/  678]
Average Training Loss: 0.828674
Val Loss: 2.8381 | C-index: 0.7450

Epoch 10
-------------------------------
loss: 2.289382  [   64/  678]
loss: 2.078270  [  256/  678]
loss: 1.746385  [  448/  678]
loss: 2.457742  [  640/  678]
Average Training Loss: 0.779253
Val Loss: 2.8210 | C-index: 0.7579

Epoch 11
-------------------------------
loss: 2.194926  [   64/  678]
loss: 1.932537  [  256/  678]
loss: 1.619368  [  448/  678]
loss: 2.338252  [  640/  678]
Average Training Loss: 0.735008
Val Loss: 2.8135 | C-index: 0.7723

Epoch 12
-------------------------------
loss: 2.084314  [   64/  678]
loss: 2.168275  [  256/  678]
loss: 2.666379  [  448/  678]
loss: 2.246033  [  640/  678]
Average Training Loss: 0.833182
Val Loss: 2.8863 | C-index: 0.7239

Epoch 13
-------------------------------
loss: 2.330114  [   64/  678]
loss: 2.025396  [  256/  678]
loss: 2.171369  [  448/  678]
loss: 1.603495  [  640/  678]
Average Training Loss: 0.739125
Val Loss: 2.8323 | C-index: 0.7723

Epoch 14
-------------------------------
loss: 2.099599  [   64/  678]
loss: 2.479145  [  256/  678]
loss: 2.388221  [  448/  678]
loss: 1.900068  [  640/  678]
Average Training Loss: 0.806094
Val Loss: 2.8720 | C-index: 0.7061

Epoch 15
-------------------------------
loss: 2.112170  [   64/  678]
loss: 2.754038  [  256/  678]
loss: 2.380305  [  448/  678]
loss: 1.946633  [  640/  678]
Average Training Loss: 0.835741
Val Loss: 2.8535 | C-index: 0.7546

Epoch 16
-------------------------------
loss: 1.611076  [   64/  678]
loss: 1.655177  [  256/  678]
loss: 2.076198  [  448/  678]
loss: 2.023016  [  640/  678]
Average Training Loss: 0.669588
Val Loss: 2.9703 | C-index: 0.6970

Stopping early at Epoch 16 since no C-Index improvement after 5 epochs.
Done!
Best C-Index = 0.7722914669223394 at Epoch 11

=========================================
CV training complete! Mean ± std C-index: 0.7407 ± 0.0265
Best epochs per fold: [11, 8, 10, 12, 11]

=========================================
Retraining model on full train+val for 10 epochs...
Epoch 1
-------------------------------
loss: 3.150814  [   64/  847]
loss: 2.779785  [  320/  847]
loss: 3.150649  [  576/  847]
loss: 3.353616  [  832/  847]
Average Training Loss: 0.888205
Val Loss: 2.8339 | C-index: 0.7270

Epoch 2
-------------------------------
loss: 2.788069  [   64/  847]
loss: 2.404253  [  320/  847]
loss: 2.902881  [  576/  847]
loss: 3.400264  [  832/  847]
Average Training Loss: 0.821105
Val Loss: 2.7860 | C-index: 0.7189

Epoch 3
-------------------------------
loss: 2.741576  [   64/  847]
loss: 2.881773  [  320/  847]
loss: 2.376602  [  576/  847]
loss: 2.755957  [  832/  847]
Average Training Loss: 0.768279
Val Loss: 2.7618 | C-index: 0.7343

Epoch 4
-------------------------------
loss: 3.157696  [   64/  847]
loss: 2.819126  [  320/  847]
loss: 2.113443  [  576/  847]
loss: 2.769926  [  832/  847]
Average Training Loss: 0.775728
Val Loss: 2.6701 | C-index: 0.7424

Epoch 5
-------------------------------
loss: 2.703732  [   64/  847]
loss: 2.786931  [  320/  847]
loss: 2.908902  [  576/  847]
loss: 2.817123  [  832/  847]
Average Training Loss: 0.801192
Val Loss: 2.5558 | C-index: 0.7816

Epoch 6
-------------------------------
loss: 2.355822  [   64/  847]
loss: 2.709989  [  320/  847]
loss: 3.104717  [  576/  847]
loss: 2.927081  [  832/  847]
Average Training Loss: 0.792686
Val Loss: 2.3527 | C-index: 0.8347

Epoch 7
-------------------------------
loss: 2.402270  [   64/  847]
loss: 2.845597  [  320/  847]
loss: 2.329997  [  576/  847]
loss: 2.460275  [  832/  847]
Average Training Loss: 0.717010
Val Loss: 2.3592 | C-index: 0.8680

Epoch 8
-------------------------------
loss: 2.248556  [   64/  847]
loss: 3.104961  [  320/  847]
loss: 2.611726  [  576/  847]
loss: 2.030545  [  832/  847]
Average Training Loss: 0.713985
Val Loss: 2.2657 | C-index: 0.9002

Epoch 9
-------------------------------
loss: 2.235852  [   64/  847]
loss: 2.050530  [  320/  847]
loss: 2.264934  [  576/  847]
loss: 2.364185  [  832/  847]
Average Training Loss: 0.636822
Val Loss: 2.1231 | C-index: 0.9034

Epoch 10
-------------------------------
loss: 2.323063  [   64/  847]
loss: 1.797076  [  320/  847]
loss: 2.393598  [  576/  847]
loss: 2.196922  [  832/  847]
Average Training Loss: 0.622190
Val Loss: 2.1229 | C-index: 0.9191

Done!
Best C-Index = 0.9191283062810428 at Epoch 10
FINAL TEST Average Loss: 2.5223
FINAL TEST C-index: 0.6725
Bootstrap 95% CI: [0.5556, 0.7789]
Top 10 activated pathways:
{'R-HSA-70895': 0.0685887411236763, 'R-HSA-418457': 0.05696061998605728, 'R-HSA-9659787': 0.0565282441675663, 'R-HSA-5651801': 0.05461274832487106, 'R-HSA-9615933': 0.05077624320983887, 'R-HSA-9834899': 0.05069487914443016, 'R-HSA-9703648': 0.04811588302254677, 'R-HSA-416572': 0.044659800827503204, 'R-HSA-418217': 0.04392946884036064, 'R-HSA-380108': 0.04334038496017456}
Results saved to /Users/evan/Documents/GitHub/HyBINN/experiments/runs/binn_only/seed_8/results.json
