train_hybinn.py log started 2026-06-05 22:46:26.613559
=========================================
Model Active Branches: ['gene', 'clinical']
=========================================

=========================================
FOLD 1/5
=========================================

Epoch 1
-------------------------------
loss: 3.382886  [   64/  677]
loss: 2.783912  [  256/  677]
loss: 3.171079  [  448/  677]
loss: 3.202915  [  640/  677]
Average Training Loss: 1.140072
Val Loss: 2.5865 | C-index: 0.4996

Epoch 2
-------------------------------
loss: 2.898329  [   64/  677]
loss: 3.296064  [  256/  677]
loss: 3.142592  [  448/  677]
loss: 2.935491  [  640/  677]
Average Training Loss: 1.115680
Val Loss: 2.6180 | C-index: 0.4865

Epoch 3
-------------------------------
loss: 2.953848  [   64/  677]
loss: 2.745957  [  256/  677]
loss: 2.719709  [  448/  677]
loss: 2.484921  [  640/  677]
Average Training Loss: 0.991312
Val Loss: 2.6672 | C-index: 0.4742

Epoch 4
-------------------------------
loss: 2.710938  [   64/  677]
loss: 2.567236  [  256/  677]
loss: 2.688883  [  448/  677]
loss: 2.271594  [  640/  677]
Average Training Loss: 0.930786
Val Loss: 2.8949 | C-index: 0.3988

Epoch 5
-------------------------------
loss: 2.511153  [   64/  677]
loss: 2.345287  [  256/  677]
loss: 1.469374  [  448/  677]
loss: 2.232818  [  640/  677]
Average Training Loss: 0.778058
Val Loss: 2.9829 | C-index: 0.4396

Epoch 6
-------------------------------
loss: 1.301687  [   64/  677]
loss: 2.129287  [  256/  677]
loss: 2.199695  [  448/  677]
loss: 1.453180  [  640/  677]
Average Training Loss: 0.643986
Val Loss: 3.2938 | C-index: 0.3941

Stopping early at Epoch 6 since no C-Index improvement after 5 epochs.
Done!
Best C-Index = 0.4996150885296382 at Epoch 1

=========================================
FOLD 2/5
=========================================

Epoch 1
-------------------------------
loss: 2.833773  [   64/  677]
loss: 2.694446  [  256/  677]
loss: 3.357519  [  448/  677]
loss: 3.287443  [  640/  677]
Average Training Loss: 1.106653
Val Loss: 2.8879 | C-index: 0.5778

Epoch 2
-------------------------------
loss: 3.012281  [   64/  677]
loss: 3.152882  [  256/  677]
loss: 3.062894  [  448/  677]
loss: 3.133147  [  640/  677]
Average Training Loss: 1.123746
Val Loss: 2.8431 | C-index: 0.6255

Epoch 3
-------------------------------
loss: 2.450999  [   64/  677]
loss: 2.407987  [  256/  677]
loss: 2.511390  [  448/  677]
loss: 2.879449  [  640/  677]
Average Training Loss: 0.931802
Val Loss: 2.8141 | C-index: 0.6732

Epoch 4
-------------------------------
loss: 2.676908  [   64/  677]
loss: 2.535090  [  256/  677]
loss: 2.221417  [  448/  677]
loss: 2.521843  [  640/  677]
Average Training Loss: 0.905023
Val Loss: 2.7602 | C-index: 0.6704

Epoch 5
-------------------------------
loss: 2.091506  [   64/  677]
loss: 1.898970  [  256/  677]
loss: 1.150148  [  448/  677]
loss: 2.678105  [  640/  677]
Average Training Loss: 0.710794
Val Loss: 2.8127 | C-index: 0.7080

Epoch 6
-------------------------------
loss: 1.709210  [   64/  677]
loss: 1.941763  [  256/  677]
loss: 1.670401  [  448/  677]
loss: 1.751835  [  640/  677]
Average Training Loss: 0.643019
Val Loss: 3.2167 | C-index: 0.6395

Epoch 7
-------------------------------
loss: 2.111751  [   64/  677]
loss: 1.619617  [  256/  677]
loss: 2.010990  [  448/  677]
loss: 1.853319  [  640/  677]
Average Training Loss: 0.690516
Val Loss: 3.1212 | C-index: 0.6727

Epoch 8
-------------------------------
loss: 1.221452  [   64/  677]
loss: 1.000563  [  256/  677]
loss: 2.376316  [  448/  677]
loss: 1.304656  [  640/  677]
Average Training Loss: 0.536635
Val Loss: 3.0587 | C-index: 0.6642

Epoch 9
-------------------------------
loss: 0.946955  [   64/  677]
loss: 0.948470  [  256/  677]
loss: 1.598576  [  448/  677]
loss: 1.736781  [  640/  677]
Average Training Loss: 0.475526
Val Loss: 3.3079 | C-index: 0.6496

Epoch 10
-------------------------------
loss: 1.358293  [   64/  677]
loss: 1.288109  [  256/  677]
loss: 1.272056  [  448/  677]
loss: 1.304997  [  640/  677]
Average Training Loss: 0.474860
Val Loss: 3.1647 | C-index: 0.5817

Stopping early at Epoch 10 since no C-Index improvement after 5 epochs.
Done!
Best C-Index = 0.708029197080292 at Epoch 5

=========================================
FOLD 3/5
=========================================

Epoch 1
-------------------------------
loss: 3.117208  [   64/  678]
loss: 3.006021  [  256/  678]
loss: 2.048566  [  448/  678]
loss: 2.958998  [  640/  678]
Average Training Loss: 1.011890
Val Loss: 2.8164 | C-index: 0.4061

Epoch 2
-------------------------------
loss: 2.911471  [   64/  678]
loss: 2.525942  [  256/  678]
loss: 3.116877  [  448/  678]
loss: 3.494085  [  640/  678]
Average Training Loss: 1.095307
Val Loss: 2.7668 | C-index: 0.5306

Epoch 3
-------------------------------
loss: 2.640054  [   64/  678]
loss: 3.443086  [  256/  678]
loss: 2.644526  [  448/  678]
loss: 2.857780  [  640/  678]
Average Training Loss: 1.053222
Val Loss: 2.7366 | C-index: 0.6256

Epoch 4
-------------------------------
loss: 2.804913  [   64/  678]
loss: 2.400431  [  256/  678]
loss: 2.405653  [  448/  678]
loss: 2.023296  [  640/  678]
Average Training Loss: 0.875845
Val Loss: 2.7153 | C-index: 0.6917

Epoch 5
-------------------------------
loss: 2.244204  [   64/  678]
loss: 1.991952  [  256/  678]
loss: 1.894110  [  448/  678]
loss: 1.948489  [  640/  678]
Average Training Loss: 0.734432
Val Loss: 2.8398 | C-index: 0.6807

Epoch 6
-------------------------------
loss: 2.034306  [   64/  678]
loss: 1.822729  [  256/  678]
loss: 1.752906  [  448/  678]
loss: 1.965726  [  640/  678]
Average Training Loss: 0.688697
Val Loss: 2.8185 | C-index: 0.6449

Epoch 7
-------------------------------
loss: 1.428915  [   64/  678]
loss: 1.082146  [  256/  678]
loss: 1.761805  [  448/  678]
loss: 1.538861  [  640/  678]
Average Training Loss: 0.528339
Val Loss: 3.3949 | C-index: 0.6235

Epoch 8
-------------------------------
loss: 1.128973  [   64/  678]
loss: 1.735129  [  256/  678]
loss: 2.114934  [  448/  678]
loss: 1.831969  [  640/  678]
Average Training Loss: 0.619182
Val Loss: 2.9010 | C-index: 0.6607

Epoch 9
-------------------------------
loss: 1.549379  [   64/  678]
loss: 1.429242  [  256/  678]
loss: 2.094119  [  448/  678]
loss: 1.830765  [  640/  678]
Average Training Loss: 0.627591
Val Loss: 3.4829 | C-index: 0.6228

Stopping early at Epoch 9 since no C-Index improvement after 5 epochs.
Done!
Best C-Index = 0.6916724019270475 at Epoch 4

=========================================
FOLD 4/5
=========================================

Epoch 1
-------------------------------
loss: 2.915776  [   64/  678]
loss: 3.295156  [  256/  678]
loss: 2.762156  [  448/  678]
loss: 2.863785  [  640/  678]
Average Training Loss: 1.076079
Val Loss: 2.8554 | C-index: 0.4603

Epoch 2
-------------------------------
loss: 3.314470  [   64/  678]
loss: 2.342867  [  256/  678]
loss: 2.783472  [  448/  678]
loss: 3.274460  [  640/  678]
Average Training Loss: 1.065024
Val Loss: 2.9400 | C-index: 0.4435

Epoch 3
-------------------------------
loss: 2.998286  [   64/  678]
loss: 2.548561  [  256/  678]
loss: 2.396904  [  448/  678]
loss: 3.046783  [  640/  678]
Average Training Loss: 0.999140
Val Loss: 2.8250 | C-index: 0.5838

Epoch 4
-------------------------------
loss: 2.292953  [   64/  678]
loss: 2.412088  [  256/  678]
loss: 1.977378  [  448/  678]
loss: 2.645531  [  640/  678]
Average Training Loss: 0.847996
Val Loss: 2.8003 | C-index: 0.6336

Epoch 5
-------------------------------
loss: 2.127219  [   64/  678]
loss: 1.678779  [  256/  678]
loss: 2.147053  [  448/  678]
loss: 2.376881  [  640/  678]
Average Training Loss: 0.757267
Val Loss: 2.8073 | C-index: 0.5907

Epoch 6
-------------------------------
loss: 1.599063  [   64/  678]
loss: 1.686666  [  256/  678]
loss: 1.584393  [  448/  678]
loss: 1.855739  [  640/  678]
Average Training Loss: 0.611442
Val Loss: 3.3295 | C-index: 0.4643

Epoch 7
-------------------------------
loss: 0.671450  [   64/  678]
loss: 2.012604  [  256/  678]
loss: 1.173890  [  448/  678]
loss: 1.760157  [  640/  678]
Average Training Loss: 0.510736
Val Loss: 3.2872 | C-index: 0.5067

Epoch 8
-------------------------------
loss: 1.177473  [   64/  678]
loss: 0.777702  [  256/  678]
loss: 1.946353  [  448/  678]
loss: 1.944785  [  640/  678]
Average Training Loss: 0.531483
Val Loss: 3.2085 | C-index: 0.5664

Epoch 9
-------------------------------
loss: 1.718550  [   64/  678]
loss: 1.180244  [  256/  678]
loss: 1.421110  [  448/  678]
loss: 1.965690  [  640/  678]
Average Training Loss: 0.571418
Val Loss: 3.1340 | C-index: 0.5704

Stopping early at Epoch 9 since no C-Index improvement after 5 epochs.
Done!
Best C-Index = 0.6336231884057971 at Epoch 4

=========================================
FOLD 5/5
=========================================

Epoch 1
-------------------------------
loss: 3.119804  [   64/  678]
loss: 2.742781  [  256/  678]
loss: 2.725938  [  448/  678]
loss: 2.841189  [  640/  678]
Average Training Loss: 1.039065
Val Loss: 2.7957 | C-index: 0.6153

Epoch 2
-------------------------------
loss: 3.044876  [   64/  678]
loss: 3.012623  [  256/  678]
loss: 3.086874  [  448/  678]
loss: 2.143691  [  640/  678]
Average Training Loss: 1.026188
Val Loss: 2.7966 | C-index: 0.6214

Epoch 3
-------------------------------
loss: 2.659603  [   64/  678]
loss: 2.481873  [  256/  678]
loss: 2.848182  [  448/  678]
loss: 3.178633  [  640/  678]
Average Training Loss: 1.015299
Val Loss: 2.7963 | C-index: 0.5810

Epoch 4
-------------------------------
loss: 2.919209  [   64/  678]
loss: 2.432114  [  256/  678]
loss: 2.691804  [  448/  678]
loss: 2.141455  [  640/  678]
Average Training Loss: 0.925871
Val Loss: 2.8142 | C-index: 0.5996

Epoch 5
-------------------------------
loss: 2.079014  [   64/  678]
loss: 2.266967  [  256/  678]
loss: 2.218546  [  448/  678]
loss: 1.040383  [  640/  678]
Average Training Loss: 0.691355
Val Loss: 2.7199 | C-index: 0.6237

Epoch 6
-------------------------------
loss: 1.655704  [   64/  678]
loss: 2.255797  [  256/  678]
loss: 1.708627  [  448/  678]
loss: 1.717585  [  640/  678]
Average Training Loss: 0.667065
Val Loss: 3.1702 | C-index: 0.5883

Epoch 7
-------------------------------
loss: 1.739145  [   64/  678]
loss: 1.213048  [  256/  678]
loss: 1.595972  [  448/  678]
loss: 1.198947  [  640/  678]
Average Training Loss: 0.522465
Val Loss: 2.9514 | C-index: 0.6371

Epoch 8
-------------------------------
loss: 1.417364  [   64/  678]
loss: 1.033889  [  256/  678]
loss: 1.189137  [  448/  678]
loss: 0.714619  [  640/  678]
Average Training Loss: 0.395910
Val Loss: 3.2762 | C-index: 0.6220

Epoch 9
-------------------------------
loss: 1.412406  [   64/  678]
loss: 1.962968  [  256/  678]
loss: 1.303920  [  448/  678]
loss: 1.728852  [  640/  678]
Average Training Loss: 0.582559
Val Loss: 3.5478 | C-index: 0.6326

Epoch 10
-------------------------------
loss: 1.334297  [   64/  678]
loss: 1.135170  [  256/  678]
loss: 1.216422  [  448/  678]
loss: 1.748341  [  640/  678]
Average Training Loss: 0.494021
Val Loss: 3.5440 | C-index: 0.6416

Epoch 11
-------------------------------
loss: 1.595733  [   64/  678]
loss: 1.036393  [  256/  678]
loss: 2.488906  [  448/  678]
loss: 1.128707  [  640/  678]
Average Training Loss: 0.568158
Val Loss: 3.2958 | C-index: 0.6568

Epoch 12
-------------------------------
loss: 1.760027  [   64/  678]
loss: 1.321335  [  256/  678]
loss: 0.854969  [  448/  678]
loss: 2.503836  [  640/  678]
Average Training Loss: 0.585470
Val Loss: 3.3423 | C-index: 0.6169

Epoch 13
-------------------------------
loss: 1.134379  [   64/  678]
loss: 1.488738  [  256/  678]
loss: 0.741696  [  448/  678]
loss: 1.346887  [  640/  678]
Average Training Loss: 0.428336
Val Loss: 3.4126 | C-index: 0.6360

Epoch 14
-------------------------------
loss: 0.871534  [   64/  678]
loss: 1.288445  [  256/  678]
loss: 0.379100  [  448/  678]
loss: 1.782421  [  640/  678]
Average Training Loss: 0.392864
Val Loss: 3.4213 | C-index: 0.6455

Epoch 15
-------------------------------
loss: 0.738824  [   64/  678]
loss: 0.855330  [  256/  678]
loss: 1.391772  [  448/  678]
loss: 1.849209  [  640/  678]
Average Training Loss: 0.439558
Val Loss: 3.8555 | C-index: 0.6388

Epoch 16
-------------------------------
loss: 1.391171  [   64/  678]
loss: 1.166922  [  256/  678]
loss: 1.113347  [  448/  678]
loss: 0.824148  [  640/  678]
Average Training Loss: 0.408690
Val Loss: 3.6553 | C-index: 0.5973

Stopping early at Epoch 16 since no C-Index improvement after 5 epochs.
Done!
Best C-Index = 0.656758272574313 at Epoch 11

=========================================
CV training complete! Mean ± std C-index: 0.6379 ± 0.0739
Best epochs per fold: [1, 5, 4, 4, 11]

=========================================
Retraining model on full train+val for 5 epochs...
Epoch 1
-------------------------------
loss: 3.267946  [   64/  847]
loss: 2.606997  [  320/  847]
loss: 2.759423  [  576/  847]
loss: 2.546708  [  832/  847]
Average Training Loss: 0.798648
Val Loss: 2.8034 | C-index: 0.6277

Epoch 2
-------------------------------
loss: 2.564554  [   64/  847]
loss: 3.537202  [  320/  847]
loss: 2.483196  [  576/  847]
loss: 2.730088  [  832/  847]
Average Training Loss: 0.808217
Val Loss: 2.7951 | C-index: 0.7379

Epoch 3
-------------------------------
loss: 2.956078  [   64/  847]
loss: 2.358884  [  320/  847]
loss: 2.801175  [  576/  847]
loss: 2.768067  [  832/  847]
Average Training Loss: 0.777443
Val Loss: 2.5371 | C-index: 0.8390

Epoch 4
-------------------------------
loss: 2.484046  [   64/  847]
loss: 2.547282  [  320/  847]
loss: 2.744931  [  576/  847]
loss: 2.741598  [  832/  847]
Average Training Loss: 0.751276
Val Loss: 1.8961 | C-index: 0.9135

Epoch 5
-------------------------------
loss: 2.270401  [   64/  847]
loss: 2.336175  [  320/  847]
loss: 2.266959  [  576/  847]
loss: 2.542552  [  832/  847]
Average Training Loss: 0.672578
Val Loss: 1.7276 | C-index: 0.9298

Done!
Best C-Index = 0.92976047463777 at Epoch 5
FINAL TEST Average Loss: 2.4280
FINAL TEST C-index: 0.7638
Bootstrap 95% CI: [0.6841, 0.8310]
Results saved to /Users/evan/Documents/GitHub/HyBINN/experiments/runs/gene_clinical/seed_4/results.json
