train_hybinn.py log started 2026-06-17 01:31:19.450327
=========================================
Model Active Branches: ['binn', 'gene', 'clinical']
=========================================

=========================================
FOLD 1/5
=========================================

Epoch 1
-------------------------------
loss: 3.448828  [   64/  677]
loss: 3.085599  [  256/  677]
loss: 3.219373  [  448/  677]
loss: 2.879533  [  640/  677]
Average Training Loss: 1.148485
Val Loss: 2.7607 | C-index: 0.5242

Epoch 2
-------------------------------
loss: 2.956976  [   64/  677]
loss: 3.185744  [  256/  677]
loss: 2.729584  [  448/  677]
loss: 3.238418  [  640/  677]
Average Training Loss: 1.100975
Val Loss: 2.7490 | C-index: 0.5553

Epoch 3
-------------------------------
loss: 2.707844  [   64/  677]
loss: 2.967786  [  256/  677]
loss: 2.508951  [  448/  677]
loss: 2.670686  [  640/  677]
Average Training Loss: 0.986842
Val Loss: 2.6781 | C-index: 0.6393

Epoch 4
-------------------------------
loss: 2.902668  [   64/  677]
loss: 2.353512  [  256/  677]
loss: 2.470112  [  448/  677]
loss: 2.601965  [  640/  677]
Average Training Loss: 0.938932
Val Loss: 2.5625 | C-index: 0.6962

Epoch 5
-------------------------------
loss: 1.871478  [   64/  677]
loss: 2.226435  [  256/  677]
loss: 2.063893  [  448/  677]
loss: 2.177908  [  640/  677]
Average Training Loss: 0.758156
Val Loss: 2.6265 | C-index: 0.6658

Epoch 6
-------------------------------
loss: 1.449559  [   64/  677]
loss: 1.533583  [  256/  677]
loss: 1.449224  [  448/  677]
loss: 1.066093  [  640/  677]
Average Training Loss: 0.499860
Val Loss: 2.6675 | C-index: 0.6565

Epoch 7
-------------------------------
loss: 1.460649  [   64/  677]
loss: 1.785879  [  256/  677]
loss: 1.542646  [  448/  677]
loss: 1.649633  [  640/  677]
Average Training Loss: 0.585346
Val Loss: 2.9383 | C-index: 0.6267

Epoch 8
-------------------------------
loss: 0.955849  [   64/  677]
loss: 1.365343  [  256/  677]
loss: 1.689433  [  448/  677]
loss: 1.098622  [  640/  677]
Average Training Loss: 0.464477
Val Loss: 2.9050 | C-index: 0.5989

Epoch 9
-------------------------------
loss: 0.931909  [   64/  677]
loss: 1.021178  [  256/  677]
loss: 1.840011  [  448/  677]
loss: 1.754200  [  640/  677]
Average Training Loss: 0.504300
Val Loss: 2.8497 | C-index: 0.6195

Stopping early at Epoch 9 since no C-Index improvement after 5 epochs.
Done!
Best C-Index = 0.6962276637988087 at Epoch 4

=========================================
FOLD 2/5
=========================================

Epoch 1
-------------------------------
loss: 3.164433  [   64/  677]
loss: 2.719215  [  256/  677]
loss: 2.947999  [  448/  677]
loss: 2.820009  [  640/  677]
Average Training Loss: 1.059242
Val Loss: 2.8500 | C-index: 0.6048

Epoch 2
-------------------------------
loss: 3.236011  [   64/  677]
loss: 2.972198  [  256/  677]
loss: 2.522941  [  448/  677]
loss: 3.223350  [  640/  677]
Average Training Loss: 1.086773
Val Loss: 2.8137 | C-index: 0.6557

Epoch 3
-------------------------------
loss: 3.111821  [   64/  677]
loss: 2.155219  [  256/  677]
loss: 2.965986  [  448/  677]
loss: 3.007777  [  640/  677]
Average Training Loss: 1.021891
Val Loss: 2.7761 | C-index: 0.6758

Epoch 4
-------------------------------
loss: 2.705927  [   64/  677]
loss: 3.015221  [  256/  677]
loss: 2.366920  [  448/  677]
loss: 2.648647  [  640/  677]
Average Training Loss: 0.976065
Val Loss: 2.6679 | C-index: 0.7267

Epoch 5
-------------------------------
loss: 2.623155  [   64/  677]
loss: 1.808463  [  256/  677]
loss: 2.283145  [  448/  677]
loss: 1.885062  [  640/  677]
Average Training Loss: 0.781802
Val Loss: 2.8010 | C-index: 0.6370

Epoch 6
-------------------------------
loss: 1.662030  [   64/  677]
loss: 1.722374  [  256/  677]
loss: 2.301642  [  448/  677]
loss: 1.568340  [  640/  677]
Average Training Loss: 0.659490
Val Loss: 2.7645 | C-index: 0.7013

Epoch 7
-------------------------------
loss: 1.172502  [   64/  677]
loss: 2.478055  [  256/  677]
loss: 1.774827  [  448/  677]
loss: 1.122793  [  640/  677]
Average Training Loss: 0.595289
Val Loss: 2.7325 | C-index: 0.6999

Epoch 8
-------------------------------
loss: 1.441245  [   64/  677]
loss: 2.610573  [  256/  677]
loss: 1.739059  [  448/  677]
loss: 1.739372  [  640/  677]
Average Training Loss: 0.684568
Val Loss: 2.5082 | C-index: 0.7736

Epoch 9
-------------------------------
loss: 0.749580  [   64/  677]
loss: 1.540876  [  256/  677]
loss: 1.515716  [  448/  677]
loss: 1.207083  [  640/  677]
Average Training Loss: 0.455750
Val Loss: 2.8278 | C-index: 0.7743

Epoch 10
-------------------------------
loss: 1.528835  [   64/  677]
loss: 1.223573  [  256/  677]
loss: 0.833064  [  448/  677]
loss: 0.900049  [  640/  677]
Average Training Loss: 0.407775
Val Loss: 2.7632 | C-index: 0.7120

Epoch 11
-------------------------------
loss: 1.187486  [   64/  677]
loss: 0.792827  [  256/  677]
loss: 1.453597  [  448/  677]
loss: 1.015239  [  640/  677]
Average Training Loss: 0.404468
Val Loss: 2.5522 | C-index: 0.7883

Epoch 12
-------------------------------
loss: 1.428977  [   64/  677]
loss: 1.510026  [  256/  677]
loss: 1.070636  [  448/  677]
loss: 1.356364  [  640/  677]
Average Training Loss: 0.487818
Val Loss: 3.0190 | C-index: 0.7153

Epoch 13
-------------------------------
loss: 1.481682  [   64/  677]
loss: 1.378621  [  256/  677]
loss: 1.285442  [  448/  677]
loss: 0.506198  [  640/  677]
Average Training Loss: 0.422904
Val Loss: 3.0111 | C-index: 0.6597

Epoch 14
-------------------------------
loss: 0.746465  [   64/  677]
loss: 1.173840  [  256/  677]
loss: 1.326653  [  448/  677]
loss: 1.241943  [  640/  677]
Average Training Loss: 0.408082
Val Loss: 2.8578 | C-index: 0.7227

Epoch 15
-------------------------------
loss: 0.512375  [   64/  677]
loss: 1.581378  [  256/  677]
loss: 0.804421  [  448/  677]
loss: 1.663687  [  640/  677]
Average Training Loss: 0.414715
Val Loss: 3.0651 | C-index: 0.7173

Epoch 16
-------------------------------
loss: 1.465516  [   64/  677]
loss: 1.301887  [  256/  677]
loss: 0.740972  [  448/  677]
loss: 1.002961  [  640/  677]
Average Training Loss: 0.410121
Val Loss: 2.8211 | C-index: 0.7482

Stopping early at Epoch 16 since no C-Index improvement after 5 epochs.
Done!
Best C-Index = 0.7883456128600134 at Epoch 11

=========================================
FOLD 3/5
=========================================

Epoch 1
-------------------------------
loss: 2.861395  [   64/  678]
loss: 2.929468  [  256/  678]
loss: 1.790713  [  448/  678]
loss: 2.434131  [  640/  678]
Average Training Loss: 0.910519
Val Loss: 3.3728 | C-index: 0.6367

Epoch 2
-------------------------------
loss: 2.690514  [   64/  678]
loss: 2.787702  [  256/  678]
loss: 3.006733  [  448/  678]
loss: 2.390012  [  640/  678]
Average Training Loss: 0.988633
Val Loss: 3.3689 | C-index: 0.6153

Epoch 3
-------------------------------
loss: 2.881935  [   64/  678]
loss: 2.209385  [  256/  678]
loss: 2.616096  [  448/  678]
loss: 2.686186  [  640/  678]
Average Training Loss: 0.944873
Val Loss: 3.2810 | C-index: 0.6719

Epoch 4
-------------------------------
loss: 2.616710  [   64/  678]
loss: 2.780710  [  256/  678]
loss: 2.270524  [  448/  678]
loss: 2.341292  [  640/  678]
Average Training Loss: 0.909931
Val Loss: 3.2872 | C-index: 0.7021

Epoch 5
-------------------------------
loss: 1.678412  [   64/  678]
loss: 1.837139  [  256/  678]
loss: 1.989888  [  448/  678]
loss: 2.457370  [  640/  678]
Average Training Loss: 0.723892
Val Loss: 3.5586 | C-index: 0.6691

Epoch 6
-------------------------------
loss: 1.472247  [   64/  678]
loss: 1.731682  [  256/  678]
loss: 1.778412  [  448/  678]
loss: 1.195462  [  640/  678]
Average Training Loss: 0.561618
Val Loss: 3.7532 | C-index: 0.6529

Epoch 7
-------------------------------
loss: 0.739681  [   64/  678]
loss: 1.668525  [  256/  678]
loss: 1.802116  [  448/  678]
loss: 1.492942  [  640/  678]
Average Training Loss: 0.518479
Val Loss: 3.3480 | C-index: 0.7035

Epoch 8
-------------------------------
loss: 1.184910  [   64/  678]
loss: 1.631719  [  256/  678]
loss: 1.859342  [  448/  678]
loss: 1.207250  [  640/  678]
Average Training Loss: 0.534838
Val Loss: 3.9938 | C-index: 0.6227

Epoch 9
-------------------------------
loss: 1.739462  [   64/  678]
loss: 1.454870  [  256/  678]
loss: 1.287766  [  448/  678]
loss: 1.318730  [  640/  678]
Average Training Loss: 0.527348
Val Loss: 3.6793 | C-index: 0.6951

Epoch 10
-------------------------------
loss: 1.056648  [   64/  678]
loss: 1.097247  [  256/  678]
loss: 1.212318  [  448/  678]
loss: 1.677876  [  640/  678]
Average Training Loss: 0.458554
Val Loss: 4.2133 | C-index: 0.6854

Epoch 11
-------------------------------
loss: 1.319202  [   64/  678]
loss: 1.058738  [  256/  678]
loss: 1.557136  [  448/  678]
loss: 1.668060  [  640/  678]
Average Training Loss: 0.509376
Val Loss: 4.1592 | C-index: 0.6659

Epoch 12
-------------------------------
loss: 1.298587  [   64/  678]
loss: 0.993263  [  256/  678]
loss: 1.919314  [  448/  678]
loss: 0.761040  [  640/  678]
Average Training Loss: 0.452018
Val Loss: 4.2209 | C-index: 0.6432

Stopping early at Epoch 12 since no C-Index improvement after 5 epochs.
Done!
Best C-Index = 0.7034802784222738 at Epoch 7

=========================================
FOLD 4/5
=========================================

Epoch 1
-------------------------------
loss: 3.162053  [   64/  678]
loss: 2.920897  [  256/  678]
loss: 2.945905  [  448/  678]
loss: 3.236555  [  640/  678]
Average Training Loss: 1.115037
Val Loss: 2.5477 | C-index: 0.5056

Epoch 2
-------------------------------
loss: 2.646082  [   64/  678]
loss: 2.785523  [  256/  678]
loss: 3.014637  [  448/  678]
loss: 3.248793  [  640/  678]
Average Training Loss: 1.063185
Val Loss: 2.5293 | C-index: 0.5383

Epoch 3
-------------------------------
loss: 3.060251  [   64/  678]
loss: 3.142881  [  256/  678]
loss: 2.972918  [  448/  678]
loss: 2.366399  [  640/  678]
Average Training Loss: 1.049314
Val Loss: 2.5029 | C-index: 0.5574

Epoch 4
-------------------------------
loss: 2.145726  [   64/  678]
loss: 2.700587  [  256/  678]
loss: 3.075676  [  448/  678]
loss: 2.749616  [  640/  678]
Average Training Loss: 0.970146
Val Loss: 2.5026 | C-index: 0.5415

Epoch 5
-------------------------------
loss: 2.002954  [   64/  678]
loss: 2.426720  [  256/  678]
loss: 1.718173  [  448/  678]
loss: 1.742710  [  640/  678]
Average Training Loss: 0.717323
Val Loss: 2.5012 | C-index: 0.5558

Epoch 6
-------------------------------
loss: 1.628939  [   64/  678]
loss: 1.685251  [  256/  678]
loss: 1.243742  [  448/  678]
loss: 1.007292  [  640/  678]
Average Training Loss: 0.505929
Val Loss: 2.6941 | C-index: 0.5510

Epoch 7
-------------------------------
loss: 1.249110  [   64/  678]
loss: 2.062297  [  256/  678]
loss: 1.353229  [  448/  678]
loss: 1.251512  [  640/  678]
Average Training Loss: 0.537832
Val Loss: 3.0870 | C-index: 0.5343

Epoch 8
-------------------------------
loss: 1.137769  [   64/  678]
loss: 1.555314  [  256/  678]
loss: 1.012592  [  448/  678]
loss: 1.193330  [  640/  678]
Average Training Loss: 0.445364
Val Loss: 2.7746 | C-index: 0.5909

Epoch 9
-------------------------------
loss: 1.589653  [   64/  678]
loss: 1.428456  [  256/  678]
loss: 1.456151  [  448/  678]
loss: 1.776749  [  640/  678]
Average Training Loss: 0.568274
Val Loss: 3.1408 | C-index: 0.5606

Epoch 10
-------------------------------
loss: 1.239282  [   64/  678]
loss: 0.964270  [  256/  678]
loss: 1.567289  [  448/  678]
loss: 1.445604  [  640/  678]
Average Training Loss: 0.474222
Val Loss: 3.0055 | C-index: 0.5686

Epoch 11
-------------------------------
loss: 1.359837  [   64/  678]
loss: 1.526686  [  256/  678]
loss: 1.381547  [  448/  678]
loss: 1.076527  [  640/  678]
Average Training Loss: 0.485872
Val Loss: 3.1805 | C-index: 0.5622

Epoch 12
-------------------------------
loss: 0.875550  [   64/  678]
loss: 1.034882  [  256/  678]
loss: 1.354501  [  448/  678]
loss: 1.044108  [  640/  678]
Average Training Loss: 0.391731
Val Loss: 2.9253 | C-index: 0.5590

Epoch 13
-------------------------------
loss: 1.203528  [   64/  678]
loss: 1.087368  [  256/  678]
loss: 1.022330  [  448/  678]
loss: 0.286177  [  640/  678]
Average Training Loss: 0.327218
Val Loss: 2.9226 | C-index: 0.5686

Stopping early at Epoch 13 since no C-Index improvement after 5 epochs.
Done!
Best C-Index = 0.5909090909090909 at Epoch 8

=========================================
FOLD 5/5
=========================================

Epoch 1
-------------------------------
loss: 2.798633  [   64/  678]
loss: 2.581123  [  256/  678]
loss: 2.858234  [  448/  678]
loss: 2.762736  [  640/  678]
Average Training Loss: 1.000066
Val Loss: 3.0683 | C-index: 0.6192

Epoch 2
-------------------------------
loss: 2.196239  [   64/  678]
loss: 3.206352  [  256/  678]
loss: 3.020585  [  448/  678]
loss: 3.515759  [  640/  678]
Average Training Loss: 1.085358
Val Loss: 3.0599 | C-index: 0.6119

Epoch 3
-------------------------------
loss: 2.456029  [   64/  678]
loss: 2.608661  [  256/  678]
loss: 3.108513  [  448/  678]
loss: 2.479740  [  640/  678]
Average Training Loss: 0.968449
Val Loss: 3.0373 | C-index: 0.6494

Epoch 4
-------------------------------
loss: 2.598761  [   64/  678]
loss: 2.786975  [  256/  678]
loss: 2.450144  [  448/  678]
loss: 2.268676  [  640/  678]
Average Training Loss: 0.918596
Val Loss: 3.0112 | C-index: 0.6870

Epoch 5
-------------------------------
loss: 1.624766  [   64/  678]
loss: 2.128524  [  256/  678]
loss: 2.232866  [  448/  678]
loss: 1.926185  [  640/  678]
Average Training Loss: 0.719304
Val Loss: 3.1034 | C-index: 0.6426

Epoch 6
-------------------------------
loss: 1.780112  [   64/  678]
loss: 1.604056  [  256/  678]
loss: 1.760082  [  448/  678]
loss: 1.734639  [  640/  678]
Average Training Loss: 0.625354
Val Loss: 2.9536 | C-index: 0.6558

Epoch 7
-------------------------------
loss: 1.419699  [   64/  678]
loss: 1.501948  [  256/  678]
loss: 1.565997  [  448/  678]
loss: 0.903220  [  640/  678]
Average Training Loss: 0.490079
Val Loss: 3.5997 | C-index: 0.6875

Epoch 8
-------------------------------
loss: 1.883983  [   64/  678]
loss: 1.536161  [  256/  678]
loss: 1.719934  [  448/  678]
loss: 1.230460  [  640/  678]
Average Training Loss: 0.579140
Val Loss: 3.2767 | C-index: 0.6514

Epoch 9
-------------------------------
loss: 1.196638  [   64/  678]
loss: 1.068360  [  256/  678]
loss: 1.357018  [  448/  678]
loss: 1.460163  [  640/  678]
Average Training Loss: 0.462016
Val Loss: 3.6986 | C-index: 0.6499

Epoch 10
-------------------------------
loss: 1.077581  [   64/  678]
loss: 0.271680  [  256/  678]
loss: 1.787143  [  448/  678]
loss: 0.828214  [  640/  678]
Average Training Loss: 0.360420
Val Loss: 3.4792 | C-index: 0.6631

Epoch 11
-------------------------------
loss: 1.321615  [   64/  678]
loss: 1.324863  [  256/  678]
loss: 1.107243  [  448/  678]
loss: 1.488752  [  640/  678]
Average Training Loss: 0.476589
Val Loss: 3.6833 | C-index: 0.6660

Epoch 12
-------------------------------
loss: 1.068023  [   64/  678]
loss: 1.176931  [  256/  678]
loss: 1.077737  [  448/  678]
loss: 1.290493  [  640/  678]
Average Training Loss: 0.419380
Val Loss: 3.5260 | C-index: 0.6772

Stopping early at Epoch 12 since no C-Index improvement after 5 epochs.
Done!
Best C-Index = 0.6874695270599708 at Epoch 7

=========================================
CV training complete! Mean ± std C-index: 0.6933 ± 0.0627
Best epochs per fold: [4, 11, 7, 8, 7]

=========================================
Retraining model on full train+val for 7 epochs...
Epoch 1
-------------------------------
loss: 2.673855  [   64/  847]
loss: 3.013676  [  320/  847]
loss: 3.489142  [  576/  847]
loss: 2.753870  [  832/  847]
Average Training Loss: 0.852182
Val Loss: 2.8243 | C-index: 0.6851

Epoch 2
-------------------------------
loss: 3.084730  [   64/  847]
loss: 3.135850  [  320/  847]
loss: 2.573903  [  576/  847]
loss: 2.667984  [  832/  847]
Average Training Loss: 0.818748
Val Loss: 2.7194 | C-index: 0.7869

Epoch 3
-------------------------------
loss: 2.667446  [   64/  847]
loss: 3.031044  [  320/  847]
loss: 3.473750  [  576/  847]
loss: 2.611634  [  832/  847]
Average Training Loss: 0.841705
Val Loss: 2.5599 | C-index: 0.8690

Epoch 4
-------------------------------
loss: 2.152384  [   64/  847]
loss: 2.436321  [  320/  847]
loss: 2.384842  [  576/  847]
loss: 2.606091  [  832/  847]
Average Training Loss: 0.684260
Val Loss: 2.0467 | C-index: 0.9068

Epoch 5
-------------------------------
loss: 2.533631  [   64/  847]
loss: 0.862868  [  320/  847]
loss: 2.133576  [  576/  847]
loss: 1.763238  [  832/  847]
Average Training Loss: 0.520951
Val Loss: 1.7167 | C-index: 0.9196

Epoch 6
-------------------------------
loss: 1.712153  [   64/  847]
loss: 1.630800  [  320/  847]
loss: 2.332690  [  576/  847]
loss: 1.806549  [  832/  847]
Average Training Loss: 0.534442
Val Loss: 1.4620 | C-index: 0.9312

Epoch 7
-------------------------------
loss: 1.217062  [   64/  847]
loss: 2.126903  [  320/  847]
loss: 1.563427  [  576/  847]
loss: 1.422346  [  832/  847]
Average Training Loss: 0.452124
Val Loss: 1.3544 | C-index: 0.9569

Done!
Best C-Index = 0.956921690888831 at Epoch 7
FINAL TEST Average Loss: 3.0518
FINAL TEST C-index: 0.5122
Bootstrap 95% CI: [0.3750, 0.6537]
Top 10 activated pathways:
{'R-HSA-392154': 0.05788058042526245, 'R-HSA-5339562': 0.046631090342998505, 'R-HSA-9821993': 0.04580128937959671, 'R-HSA-6803204': 0.04578525945544243, 'R-HSA-1660661': 0.04115546494722366, 'R-HSA-6811438': 0.03410414978861809, 'R-HSA-1963640': 0.03374223783612251, 'R-HSA-210993': 0.0332065112888813, 'R-HSA-1368108': 0.03224567323923111, 'R-HSA-2024101': 0.03191305696964264}
Results saved to /Users/evan/Documents/GitHub/HyBINN/experiments/runs/full_hybinn/seed_9/results.json
