train_hybinn.py log started 2026-06-17 00:51:08.338860
=========================================
Model Active Branches: ['clinical']
=========================================

=========================================
FOLD 1/5
=========================================

Epoch 1
-------------------------------
loss: 3.022348  [   64/  677]
loss: 2.133601  [  256/  677]
loss: 3.056325  [  448/  677]
loss: 2.934901  [  640/  677]
Average Training Loss: 1.013379
Val Loss: 3.0594 | C-index: 0.7703

Epoch 2
-------------------------------
loss: 2.843297  [   64/  677]
loss: 2.616150  [  256/  677]
loss: 3.199504  [  448/  677]
loss: 2.526327  [  640/  677]
Average Training Loss: 1.016843
Val Loss: 3.0555 | C-index: 0.7937

Epoch 3
-------------------------------
loss: 3.159626  [   64/  677]
loss: 2.922158  [  256/  677]
loss: 3.134259  [  448/  677]
loss: 3.077058  [  640/  677]
Average Training Loss: 1.117555
Val Loss: 3.0504 | C-index: 0.7869

Epoch 4
-------------------------------
loss: 2.502622  [   64/  677]
loss: 3.228786  [  256/  677]
loss: 2.583466  [  448/  677]
loss: 2.654541  [  640/  677]
Average Training Loss: 0.997220
Val Loss: 3.0426 | C-index: 0.7879

Epoch 5
-------------------------------
loss: 2.871818  [   64/  677]
loss: 2.523777  [  256/  677]
loss: 3.017753  [  448/  677]
loss: 2.962890  [  640/  677]
Average Training Loss: 1.034203
Val Loss: 3.0394 | C-index: 0.7772

Epoch 6
-------------------------------
loss: 2.570586  [   64/  677]
loss: 2.746720  [  256/  677]
loss: 2.845221  [  448/  677]
loss: 2.902031  [  640/  677]
Average Training Loss: 1.005869
Val Loss: 3.0306 | C-index: 0.7835

Epoch 7
-------------------------------
loss: 2.880436  [   64/  677]
loss: 2.819720  [  256/  677]
loss: 2.540051  [  448/  677]
loss: 2.857940  [  640/  677]
Average Training Loss: 1.008923
Val Loss: 3.0246 | C-index: 0.7825

Stopping early at Epoch 7 since no C-Index improvement after 5 epochs.
Done!
Best C-Index = 0.7937165124208475 at Epoch 2

=========================================
FOLD 2/5
=========================================

Epoch 1
-------------------------------
loss: 2.505916  [   64/  677]
loss: 2.994966  [  256/  677]
loss: 3.134599  [  448/  677]
loss: 3.929085  [  640/  677]
Average Training Loss: 1.142233
Val Loss: 2.5755 | C-index: 0.5071

Epoch 2
-------------------------------
loss: 3.376533  [   64/  677]
loss: 2.976281  [  256/  677]
loss: 2.926527  [  448/  677]
loss: 2.749330  [  640/  677]
Average Training Loss: 1.093516
Val Loss: 2.5745 | C-index: 0.5044

Epoch 3
-------------------------------
loss: 3.408673  [   64/  677]
loss: 3.163949  [  256/  677]
loss: 2.369418  [  448/  677]
loss: 3.682792  [  640/  677]
Average Training Loss: 1.147712
Val Loss: 2.5730 | C-index: 0.5061

Epoch 4
-------------------------------
loss: 3.312575  [   64/  677]
loss: 3.228818  [  256/  677]
loss: 2.510112  [  448/  677]
loss: 3.455447  [  640/  677]
Average Training Loss: 1.136996
Val Loss: 2.5713 | C-index: 0.5085

Epoch 5
-------------------------------
loss: 3.300608  [   64/  677]
loss: 3.322753  [  256/  677]
loss: 3.433841  [  448/  677]
loss: 3.158600  [  640/  677]
Average Training Loss: 1.201437
Val Loss: 2.5697 | C-index: 0.4966

Epoch 6
-------------------------------
loss: 2.957951  [   64/  677]
loss: 3.175752  [  256/  677]
loss: 3.145121  [  448/  677]
loss: 3.012651  [  640/  677]
Average Training Loss: 1.117407
Val Loss: 2.5661 | C-index: 0.5098

Epoch 7
-------------------------------
loss: 2.657595  [   64/  677]
loss: 3.041965  [  256/  677]
loss: 3.231589  [  448/  677]
loss: 3.215634  [  640/  677]
Average Training Loss: 1.104253
Val Loss: 2.5644 | C-index: 0.5193

Epoch 8
-------------------------------
loss: 2.655119  [   64/  677]
loss: 3.033632  [  256/  677]
loss: 3.095236  [  448/  677]
loss: 3.262764  [  640/  677]
Average Training Loss: 1.095159
Val Loss: 2.5602 | C-index: 0.5274

Epoch 9
-------------------------------
loss: 2.761214  [   64/  677]
loss: 3.198322  [  256/  677]
loss: 3.481077  [  448/  677]
loss: 2.489316  [  640/  677]
Average Training Loss: 1.084539
Val Loss: 2.5562 | C-index: 0.5321

Epoch 10
-------------------------------
loss: 3.046263  [   64/  677]
loss: 2.801054  [  256/  677]
loss: 3.545983  [  448/  677]
loss: 3.095031  [  640/  677]
Average Training Loss: 1.135303
Val Loss: 2.5486 | C-index: 0.5632

Epoch 11
-------------------------------
loss: 2.961183  [   64/  677]
loss: 2.696719  [  256/  677]
loss: 2.952328  [  448/  677]
loss: 3.471763  [  640/  677]
Average Training Loss: 1.098363
Val Loss: 2.5452 | C-index: 0.5551

Epoch 12
-------------------------------
loss: 2.792573  [   64/  677]
loss: 2.690710  [  256/  677]
loss: 2.872628  [  448/  677]
loss: 2.962012  [  640/  677]
Average Training Loss: 1.028902
Val Loss: 2.5391 | C-index: 0.5524

Epoch 13
-------------------------------
loss: 3.195071  [   64/  677]
loss: 3.407597  [  256/  677]
loss: 2.878859  [  448/  677]
loss: 2.771888  [  640/  677]
Average Training Loss: 1.113947
Val Loss: 2.5442 | C-index: 0.5139

Epoch 14
-------------------------------
loss: 2.537703  [   64/  677]
loss: 3.309820  [  256/  677]
loss: 3.109517  [  448/  677]
loss: 3.196200  [  640/  677]
Average Training Loss: 1.104840
Val Loss: 2.5402 | C-index: 0.5335

Epoch 15
-------------------------------
loss: 2.736108  [   64/  677]
loss: 2.977556  [  256/  677]
loss: 3.173459  [  448/  677]
loss: 2.657960  [  640/  677]
Average Training Loss: 1.049553
Val Loss: 2.5287 | C-index: 0.5605

Stopping early at Epoch 15 since no C-Index improvement after 5 epochs.
Done!
Best C-Index = 0.5632183908045977 at Epoch 10

=========================================
FOLD 3/5
=========================================

Epoch 1
-------------------------------
loss: 3.174561  [   64/  678]
loss: 2.519427  [  256/  678]
loss: 3.062091  [  448/  678]
loss: 2.943533  [  640/  678]
Average Training Loss: 1.063601
Val Loss: 2.7926 | C-index: 0.6799

Epoch 2
-------------------------------
loss: 3.217178  [   64/  678]
loss: 3.654940  [  256/  678]
loss: 3.210439  [  448/  678]
loss: 2.355802  [  640/  678]
Average Training Loss: 1.130760
Val Loss: 2.7905 | C-index: 0.6709

Epoch 3
-------------------------------
loss: 3.120460  [   64/  678]
loss: 3.064873  [  256/  678]
loss: 2.638945  [  448/  678]
loss: 3.069694  [  640/  678]
Average Training Loss: 1.081270
Val Loss: 2.7872 | C-index: 0.6286

Epoch 4
-------------------------------
loss: 2.845619  [   64/  678]
loss: 2.663759  [  256/  678]
loss: 3.048192  [  448/  678]
loss: 2.589076  [  640/  678]
Average Training Loss: 1.013331
Val Loss: 2.7826 | C-index: 0.6155

Epoch 5
-------------------------------
loss: 2.621354  [   64/  678]
loss: 2.980073  [  256/  678]
loss: 3.121007  [  448/  678]
loss: 2.621707  [  640/  678]
Average Training Loss: 1.031286
Val Loss: 2.7750 | C-index: 0.6488

Epoch 6
-------------------------------
loss: 3.395087  [   64/  678]
loss: 2.234745  [  256/  678]
loss: 3.040229  [  448/  678]
loss: 2.834003  [  640/  678]
Average Training Loss: 1.045824
Val Loss: 2.7562 | C-index: 0.7062

Epoch 7
-------------------------------
loss: 2.977742  [   64/  678]
loss: 3.256304  [  256/  678]
loss: 2.826790  [  448/  678]
loss: 3.421483  [  640/  678]
Average Training Loss: 1.134756
Val Loss: 2.7478 | C-index: 0.7216

Epoch 8
-------------------------------
loss: 2.902229  [   64/  678]
loss: 2.383548  [  256/  678]
loss: 3.271229  [  448/  678]
loss: 2.688705  [  640/  678]
Average Training Loss: 1.022337
Val Loss: 2.7353 | C-index: 0.7017

Epoch 9
-------------------------------
loss: 3.240878  [   64/  678]
loss: 2.925795  [  256/  678]
loss: 2.777755  [  448/  678]
loss: 2.995672  [  640/  678]
Average Training Loss: 1.085464
Val Loss: 2.7357 | C-index: 0.7194

Epoch 10
-------------------------------
loss: 3.475795  [   64/  678]
loss: 2.492560  [  256/  678]
loss: 2.172803  [  448/  678]
loss: 2.835635  [  640/  678]
Average Training Loss: 0.997890
Val Loss: 2.7203 | C-index: 0.7219

Epoch 11
-------------------------------
loss: 3.066699  [   64/  678]
loss: 3.143492  [  256/  678]
loss: 3.092416  [  448/  678]
loss: 3.171021  [  640/  678]
Average Training Loss: 1.133966
Val Loss: 2.7131 | C-index: 0.7117

Epoch 12
-------------------------------
loss: 3.110449  [   64/  678]
loss: 2.525159  [  256/  678]
loss: 3.065197  [  448/  678]
loss: 2.143226  [  640/  678]
Average Training Loss: 0.985821
Val Loss: 2.6952 | C-index: 0.7075

Epoch 13
-------------------------------
loss: 2.747976  [   64/  678]
loss: 3.097481  [  256/  678]
loss: 2.675137  [  448/  678]
loss: 2.987835  [  640/  678]
Average Training Loss: 1.046221
Val Loss: 2.6899 | C-index: 0.7069

Epoch 14
-------------------------------
loss: 2.503428  [   64/  678]
loss: 2.869440  [  256/  678]
loss: 2.973351  [  448/  678]
loss: 2.884846  [  640/  678]
Average Training Loss: 1.021006
Val Loss: 2.6795 | C-index: 0.7072

Epoch 15
-------------------------------
loss: 2.912938  [   64/  678]
loss: 2.713462  [  256/  678]
loss: 2.646629  [  448/  678]
loss: 2.608810  [  640/  678]
Average Training Loss: 0.989258
Val Loss: 2.6787 | C-index: 0.7139

Stopping early at Epoch 15 since no C-Index improvement after 5 epochs.
Done!
Best C-Index = 0.7219371391917896 at Epoch 10

=========================================
FOLD 4/5
=========================================

Epoch 1
-------------------------------
loss: 3.462830  [   64/  678]
loss: 2.678212  [  256/  678]
loss: 2.685879  [  448/  678]
loss: 2.805708  [  640/  678]
Average Training Loss: 1.057512
Val Loss: 2.7581 | C-index: 0.5910

Epoch 2
-------------------------------
loss: 2.854626  [   64/  678]
loss: 3.282752  [  256/  678]
loss: 2.601279  [  448/  678]
loss: 2.992503  [  640/  678]
Average Training Loss: 1.066469
Val Loss: 2.7572 | C-index: 0.5682

Epoch 3
-------------------------------
loss: 2.332657  [   64/  678]
loss: 3.442910  [  256/  678]
loss: 1.998490  [  448/  678]
loss: 2.950375  [  640/  678]
Average Training Loss: 0.974948
Val Loss: 2.7556 | C-index: 0.6178

Epoch 4
-------------------------------
loss: 3.162339  [   64/  678]
loss: 2.659083  [  256/  678]
loss: 2.509372  [  448/  678]
loss: 2.744494  [  640/  678]
Average Training Loss: 1.006844
Val Loss: 2.7537 | C-index: 0.6439

Epoch 5
-------------------------------
loss: 2.625668  [   64/  678]
loss: 2.898516  [  256/  678]
loss: 3.289901  [  448/  678]
loss: 2.849221  [  640/  678]
Average Training Loss: 1.060300
Val Loss: 2.7525 | C-index: 0.5872

Epoch 6
-------------------------------
loss: 3.156049  [   64/  678]
loss: 2.983952  [  256/  678]
loss: 2.915201  [  448/  678]
loss: 2.929967  [  640/  678]
Average Training Loss: 1.089561
Val Loss: 2.7505 | C-index: 0.5567

Epoch 7
-------------------------------
loss: 3.029212  [   64/  678]
loss: 2.429023  [  256/  678]
loss: 2.764290  [  448/  678]
loss: 3.334557  [  640/  678]
Average Training Loss: 1.050644
Val Loss: 2.7485 | C-index: 0.5849

Epoch 8
-------------------------------
loss: 3.241621  [   64/  678]
loss: 2.504239  [  256/  678]
loss: 2.681379  [  448/  678]
loss: 2.936876  [  640/  678]
Average Training Loss: 1.033101
Val Loss: 2.7449 | C-index: 0.5879

Epoch 9
-------------------------------
loss: 2.647406  [   64/  678]
loss: 3.083004  [  256/  678]
loss: 2.913470  [  448/  678]
loss: 3.147472  [  640/  678]
Average Training Loss: 1.071941
Val Loss: 2.7444 | C-index: 0.6198

Stopping early at Epoch 9 since no C-Index improvement after 5 epochs.
Done!
Best C-Index = 0.6439239646978955 at Epoch 4

=========================================
FOLD 5/5
=========================================

Epoch 1
-------------------------------
loss: 3.045105  [   64/  678]
loss: 2.859291  [  256/  678]
loss: 3.317107  [  448/  678]
loss: 2.778892  [  640/  678]
Average Training Loss: 1.090945
Val Loss: 2.7975 | C-index: 0.7039

Epoch 2
-------------------------------
loss: 3.399750  [   64/  678]
loss: 3.584801  [  256/  678]
loss: 2.739115  [  448/  678]
loss: 3.204174  [  640/  678]
Average Training Loss: 1.175258
Val Loss: 2.7936 | C-index: 0.6968

Epoch 3
-------------------------------
loss: 3.118040  [   64/  678]
loss: 3.036798  [  256/  678]
loss: 2.754069  [  448/  678]
loss: 2.655210  [  640/  678]
Average Training Loss: 1.051283
Val Loss: 2.7886 | C-index: 0.6876

Epoch 4
-------------------------------
loss: 2.577010  [   64/  678]
loss: 3.275377  [  256/  678]
loss: 3.122043  [  448/  678]
loss: 2.871852  [  640/  678]
Average Training Loss: 1.076935
Val Loss: 2.7801 | C-index: 0.6930

Epoch 5
-------------------------------
loss: 2.622451  [   64/  678]
loss: 2.752024  [  256/  678]
loss: 2.791837  [  448/  678]
loss: 2.492604  [  640/  678]
Average Training Loss: 0.968992
Val Loss: 2.7771 | C-index: 0.6914

Epoch 6
-------------------------------
loss: 2.955951  [   64/  678]
loss: 2.657178  [  256/  678]
loss: 2.297893  [  448/  678]
loss: 3.484687  [  640/  678]
Average Training Loss: 1.035974
Val Loss: 2.7667 | C-index: 0.6941

Stopping early at Epoch 6 since no C-Index improvement after 5 epochs.
Done!
Best C-Index = 0.7039258451472192 at Epoch 1

=========================================
CV training complete! Mean ± std C-index: 0.6853 ± 0.0775
Best epochs per fold: [2, 10, 10, 4, 1]

=========================================
Retraining model on full train+val for 5 epochs...
Epoch 1
-------------------------------
loss: 3.245095  [   64/  847]
loss: 2.691541  [  320/  847]
loss: 3.250818  [  576/  847]
loss: 3.356402  [  832/  847]
Average Training Loss: 0.895990
Val Loss: 2.9297 | C-index: 0.6593

Epoch 2
-------------------------------
loss: 2.780765  [   64/  847]
loss: 2.230969  [  320/  847]
loss: 2.743842  [  576/  847]
loss: 2.630247  [  832/  847]
Average Training Loss: 0.741845
Val Loss: 2.8899 | C-index: 0.6414

Epoch 3
-------------------------------
loss: 2.761501  [   64/  847]
loss: 3.092952  [  320/  847]
loss: 3.205174  [  576/  847]
loss: 3.369682  [  832/  847]
Average Training Loss: 0.887808
Val Loss: 2.8497 | C-index: 0.6627

Epoch 4
-------------------------------
loss: 2.587983  [   64/  847]
loss: 3.420317  [  320/  847]
loss: 2.704519  [  576/  847]
loss: 3.131457  [  832/  847]
Average Training Loss: 0.846020
Val Loss: 2.8841 | C-index: 0.6638

Epoch 5
-------------------------------
loss: 2.872996  [   64/  847]
loss: 2.346359  [  320/  847]
loss: 3.337557  [  576/  847]
loss: 2.750047  [  832/  847]
Average Training Loss: 0.807640
Val Loss: 2.8795 | C-index: 0.6722

Done!
Best C-Index = 0.6721670074658804 at Epoch 5
FINAL TEST Average Loss: 2.5013
FINAL TEST C-index: 0.5600
Bootstrap 95% CI: [0.4207, 0.6976]
Results saved to /Users/evan/Documents/GitHub/HyBINN/experiments/runs/other/clinical_architecture_testing/seed1/results.json
