train_hybinn.py log started 2026-06-17 01:06:54.381621
=========================================
Model Active Branches: ['clinical']
=========================================

=========================================
FOLD 1/5
=========================================

Epoch 1
-------------------------------
loss: 2.627036  [   64/  677]
loss: 3.209542  [  256/  677]
loss: 2.693154  [  448/  677]
loss: 3.367032  [  640/  677]
Average Training Loss: 1.081524
Val Loss: 3.0625 | C-index: 0.7825

Epoch 2
-------------------------------
loss: 3.222563  [   64/  677]
loss: 2.653602  [  256/  677]
loss: 3.188963  [  448/  677]
loss: 2.870790  [  640/  677]
Average Training Loss: 1.085083
Val Loss: 3.0559 | C-index: 0.7694

Epoch 3
-------------------------------
loss: 3.422030  [   64/  677]
loss: 2.580919  [  256/  677]
loss: 2.353442  [  448/  677]
loss: 3.196091  [  640/  677]
Average Training Loss: 1.050226
Val Loss: 3.0508 | C-index: 0.7630

Epoch 4
-------------------------------
loss: 2.348941  [   64/  677]
loss: 3.474129  [  256/  677]
loss: 2.564976  [  448/  677]
loss: 3.192531  [  640/  677]
Average Training Loss: 1.052780
Val Loss: 3.0408 | C-index: 0.7679

Epoch 5
-------------------------------
loss: 2.622313  [   64/  677]
loss: 2.683653  [  256/  677]
loss: 2.531744  [  448/  677]
loss: 2.800737  [  640/  677]
Average Training Loss: 0.967131
Val Loss: 3.0319 | C-index: 0.7694

Epoch 6
-------------------------------
loss: 2.289046  [   64/  677]
loss: 2.845361  [  256/  677]
loss: 2.607298  [  448/  677]
loss: 3.759111  [  640/  677]
Average Training Loss: 1.045529
Val Loss: 3.0234 | C-index: 0.7859

Epoch 7
-------------------------------
loss: 2.918579  [   64/  677]
loss: 2.280702  [  256/  677]
loss: 2.820951  [  448/  677]
loss: 3.099333  [  640/  677]
Average Training Loss: 1.010870
Val Loss: 3.0133 | C-index: 0.7859

Epoch 8
-------------------------------
loss: 2.579841  [   64/  677]
loss: 2.620619  [  256/  677]
loss: 2.788548  [  448/  677]
loss: 3.022010  [  640/  677]
Average Training Loss: 1.001002
Val Loss: 2.9964 | C-index: 0.7957

Epoch 9
-------------------------------
loss: 2.920151  [   64/  677]
loss: 3.185946  [  256/  677]
loss: 2.045865  [  448/  677]
loss: 3.490058  [  640/  677]
Average Training Loss: 1.058365
Val Loss: 2.9775 | C-index: 0.7976

Epoch 10
-------------------------------
loss: 3.176399  [   64/  677]
loss: 2.591977  [  256/  677]
loss: 2.442975  [  448/  677]
loss: 3.082230  [  640/  677]
Average Training Loss: 1.026689
Val Loss: 2.9514 | C-index: 0.8025

Epoch 11
-------------------------------
loss: 2.740643  [   64/  677]
loss: 2.095619  [  256/  677]
loss: 2.418031  [  448/  677]
loss: 3.124565  [  640/  677]
Average Training Loss: 0.943533
Val Loss: 2.8957 | C-index: 0.8064

Epoch 12
-------------------------------
loss: 2.557537  [   64/  677]
loss: 2.918325  [  256/  677]
loss: 2.677935  [  448/  677]
loss: 2.612121  [  640/  677]
Average Training Loss: 0.978720
Val Loss: 2.8994 | C-index: 0.8088

Epoch 13
-------------------------------
loss: 2.894397  [   64/  677]
loss: 2.392750  [  256/  677]
loss: 2.804418  [  448/  677]
loss: 3.154501  [  640/  677]
Average Training Loss: 1.022370
Val Loss: 2.8716 | C-index: 0.8044

Epoch 14
-------------------------------
loss: 3.093715  [   64/  677]
loss: 2.934123  [  256/  677]
loss: 2.931405  [  448/  677]
loss: 3.400426  [  640/  677]
Average Training Loss: 1.123606
Val Loss: 2.8333 | C-index: 0.8064

Epoch 15
-------------------------------
loss: 2.570082  [   64/  677]
loss: 2.442608  [  256/  677]
loss: 2.559177  [  448/  677]
loss: 2.496054  [  640/  677]
Average Training Loss: 0.915266
Val Loss: 2.8161 | C-index: 0.8000

Epoch 16
-------------------------------
loss: 2.135415  [   64/  677]
loss: 3.352690  [  256/  677]
loss: 2.507684  [  448/  677]
loss: 2.810416  [  640/  677]
Average Training Loss: 0.982382
Val Loss: 2.8310 | C-index: 0.7998

Epoch 17
-------------------------------
loss: 2.743171  [   64/  677]
loss: 2.831845  [  256/  677]
loss: 3.003729  [  448/  677]
loss: 2.821825  [  640/  677]
Average Training Loss: 1.036415
Val Loss: 2.8223 | C-index: 0.8164

Epoch 18
-------------------------------
loss: 2.920529  [   64/  677]
loss: 2.820853  [  256/  677]
loss: 2.965292  [  448/  677]
loss: 2.698623  [  640/  677]
Average Training Loss: 1.036845
Val Loss: 2.7968 | C-index: 0.8139

Epoch 19
-------------------------------
loss: 2.339539  [   64/  677]
loss: 2.978614  [  256/  677]
loss: 2.941748  [  448/  677]
loss: 2.560541  [  640/  677]
Average Training Loss: 0.983677
Val Loss: 2.7853 | C-index: 0.8156

Epoch 20
-------------------------------
loss: 2.694635  [   64/  677]
loss: 2.864723  [  256/  677]
loss: 3.005985  [  448/  677]
loss: 2.267158  [  640/  677]
Average Training Loss: 0.984773
Val Loss: 2.7722 | C-index: 0.8195

Epoch 21
-------------------------------
loss: 2.094090  [   64/  677]
loss: 2.958883  [  256/  677]
loss: 2.695846  [  448/  677]
loss: 2.886204  [  640/  677]
Average Training Loss: 0.966820
Val Loss: 2.7637 | C-index: 0.8122

Epoch 22
-------------------------------
loss: 2.487490  [   64/  677]
loss: 2.865953  [  256/  677]
loss: 2.181232  [  448/  677]
loss: 2.833595  [  640/  677]
Average Training Loss: 0.942570
Val Loss: 2.7626 | C-index: 0.8161

Epoch 23
-------------------------------
loss: 2.984561  [   64/  677]
loss: 3.065159  [  256/  677]
loss: 2.721384  [  448/  677]
loss: 2.767506  [  640/  677]
Average Training Loss: 1.048965
Val Loss: 2.7410 | C-index: 0.8132

Epoch 24
-------------------------------
loss: 2.512493  [   64/  677]
loss: 2.622635  [  256/  677]
loss: 2.701695  [  448/  677]
loss: 2.931183  [  640/  677]
Average Training Loss: 0.978910
Val Loss: 2.7468 | C-index: 0.8190

Epoch 25
-------------------------------
loss: 2.648183  [   64/  677]
loss: 2.847391  [  256/  677]
loss: 2.348009  [  448/  677]
loss: 2.324686  [  640/  677]
Average Training Loss: 0.924388
Val Loss: 2.7524 | C-index: 0.8169

Stopping early at Epoch 25 since no C-Index improvement after 5 epochs.
Done!
Best C-Index = 0.8195323916220165 at Epoch 20

=========================================
FOLD 2/5
=========================================

Epoch 1
-------------------------------
loss: 3.156069  [   64/  677]
loss: 2.952608  [  256/  677]
loss: 3.315722  [  448/  677]
loss: 3.523854  [  640/  677]
Average Training Loss: 1.177114
Val Loss: 2.5724 | C-index: 0.5179

Epoch 2
-------------------------------
loss: 3.388549  [   64/  677]
loss: 3.115161  [  256/  677]
loss: 3.228528  [  448/  677]
loss: 3.261753  [  640/  677]
Average Training Loss: 1.181272
Val Loss: 2.5668 | C-index: 0.5531

Epoch 3
-------------------------------
loss: 2.804569  [   64/  677]
loss: 2.040736  [  256/  677]
loss: 3.260588  [  448/  677]
loss: 3.155987  [  640/  677]
Average Training Loss: 1.023807
Val Loss: 2.5605 | C-index: 0.5551

Epoch 4
-------------------------------
loss: 3.321604  [   64/  677]
loss: 3.117489  [  256/  677]
loss: 2.851841  [  448/  677]
loss: 2.988026  [  640/  677]
Average Training Loss: 1.116269
Val Loss: 2.5546 | C-index: 0.5592

Epoch 5
-------------------------------
loss: 3.154608  [   64/  677]
loss: 3.191061  [  256/  677]
loss: 2.962134  [  448/  677]
loss: 2.288313  [  640/  677]
Average Training Loss: 1.054192
Val Loss: 2.5446 | C-index: 0.5680

Epoch 6
-------------------------------
loss: 2.487692  [   64/  677]
loss: 3.299436  [  256/  677]
loss: 3.029205  [  448/  677]
loss: 2.256793  [  640/  677]
Average Training Loss: 1.006648
Val Loss: 2.5351 | C-index: 0.5713

Epoch 7
-------------------------------
loss: 3.112898  [   64/  677]
loss: 2.164240  [  256/  677]
loss: 3.516410  [  448/  677]
loss: 2.753365  [  640/  677]
Average Training Loss: 1.049719
Val Loss: 2.5253 | C-index: 0.5754

Epoch 8
-------------------------------
loss: 2.922337  [   64/  677]
loss: 2.762167  [  256/  677]
loss: 3.024425  [  448/  677]
loss: 2.540696  [  640/  677]
Average Training Loss: 1.022693
Val Loss: 2.5157 | C-index: 0.5896

Epoch 9
-------------------------------
loss: 2.564491  [   64/  677]
loss: 2.447254  [  256/  677]
loss: 2.785099  [  448/  677]
loss: 3.266256  [  640/  677]
Average Training Loss: 1.005736
Val Loss: 2.5145 | C-index: 0.5842

Epoch 10
-------------------------------
loss: 2.676159  [   64/  677]
loss: 2.898617  [  256/  677]
loss: 2.644595  [  448/  677]
loss: 2.443829  [  640/  677]
Average Training Loss: 0.969382
Val Loss: 2.5015 | C-index: 0.6018

Epoch 11
-------------------------------
loss: 2.523259  [   64/  677]
loss: 3.170027  [  256/  677]
loss: 2.866685  [  448/  677]
loss: 3.024453  [  640/  677]
Average Training Loss: 1.053129
Val Loss: 2.4966 | C-index: 0.6180

Epoch 12
-------------------------------
loss: 2.861693  [   64/  677]
loss: 2.809565  [  256/  677]
loss: 3.193165  [  448/  677]
loss: 3.082469  [  640/  677]
Average Training Loss: 1.086081
Val Loss: 2.4931 | C-index: 0.6275

Epoch 13
-------------------------------
loss: 3.239125  [   64/  677]
loss: 3.054256  [  256/  677]
loss: 2.950743  [  448/  677]
loss: 2.655593  [  640/  677]
Average Training Loss: 1.081792
Val Loss: 2.4765 | C-index: 0.6315

Epoch 14
-------------------------------
loss: 2.887661  [   64/  677]
loss: 3.224912  [  256/  677]
loss: 2.731899  [  448/  677]
loss: 2.958459  [  640/  677]
Average Training Loss: 1.072994
Val Loss: 2.4623 | C-index: 0.6464

Epoch 15
-------------------------------
loss: 2.914858  [   64/  677]
loss: 3.152951  [  256/  677]
loss: 2.517318  [  448/  677]
loss: 3.198696  [  640/  677]
Average Training Loss: 1.071257
Val Loss: 2.4671 | C-index: 0.6288

Epoch 16
-------------------------------
loss: 2.464634  [   64/  677]
loss: 3.132405  [  256/  677]
loss: 2.523180  [  448/  677]
loss: 3.081931  [  640/  677]
Average Training Loss: 1.018377
Val Loss: 2.4688 | C-index: 0.6410

Epoch 17
-------------------------------
loss: 2.602629  [   64/  677]
loss: 3.134373  [  256/  677]
loss: 3.070144  [  448/  677]
loss: 2.968577  [  640/  677]
Average Training Loss: 1.070520
Val Loss: 2.4687 | C-index: 0.6376

Epoch 18
-------------------------------
loss: 2.543169  [   64/  677]
loss: 3.058031  [  256/  677]
loss: 2.698964  [  448/  677]
loss: 2.623159  [  640/  677]
Average Training Loss: 0.993029
Val Loss: 2.4659 | C-index: 0.6275

Epoch 19
-------------------------------
loss: 2.544635  [   64/  677]
loss: 2.875780  [  256/  677]
loss: 3.006452  [  448/  677]
loss: 2.718345  [  640/  677]
Average Training Loss: 1.013201
Val Loss: 2.4696 | C-index: 0.6038

Stopping early at Epoch 19 since no C-Index improvement after 5 epochs.
Done!
Best C-Index = 0.6463826910074375 at Epoch 14

=========================================
FOLD 3/5
=========================================

Epoch 1
-------------------------------
loss: 3.376737  [   64/  678]
loss: 3.100956  [  256/  678]
loss: 3.059516  [  448/  678]
loss: 2.746737  [  640/  678]
Average Training Loss: 1.116722
Val Loss: 2.7887 | C-index: 0.6344

Epoch 2
-------------------------------
loss: 2.944054  [   64/  678]
loss: 3.093169  [  256/  678]
loss: 2.480844  [  448/  678]
loss: 3.197005  [  640/  678]
Average Training Loss: 1.065007
Val Loss: 2.7802 | C-index: 0.6312

Epoch 3
-------------------------------
loss: 2.620639  [   64/  678]
loss: 3.307158  [  256/  678]
loss: 2.427853  [  448/  678]
loss: 3.253962  [  640/  678]
Average Training Loss: 1.055419
Val Loss: 2.7693 | C-index: 0.6350

Epoch 4
-------------------------------
loss: 2.676614  [   64/  678]
loss: 3.140502  [  256/  678]
loss: 2.927387  [  448/  678]
loss: 3.003799  [  640/  678]
Average Training Loss: 1.068028
Val Loss: 2.7590 | C-index: 0.6395

Epoch 5
-------------------------------
loss: 2.293659  [   64/  678]
loss: 3.215367  [  256/  678]
loss: 2.945317  [  448/  678]
loss: 2.896494  [  640/  678]
Average Training Loss: 1.031894
Val Loss: 2.7476 | C-index: 0.6485

Epoch 6
-------------------------------
loss: 3.258906  [   64/  678]
loss: 2.465799  [  256/  678]
loss: 3.443245  [  448/  678]
loss: 2.930829  [  640/  678]
Average Training Loss: 1.099889
Val Loss: 2.7385 | C-index: 0.6511

Epoch 7
-------------------------------
loss: 2.752928  [   64/  678]
loss: 3.231750  [  256/  678]
loss: 2.575592  [  448/  678]
loss: 3.246791  [  640/  678]
Average Training Loss: 1.073369
Val Loss: 2.7267 | C-index: 0.6632

Epoch 8
-------------------------------
loss: 2.662684  [   64/  678]
loss: 3.205342  [  256/  678]
loss: 2.871782  [  448/  678]
loss: 2.592447  [  640/  678]
Average Training Loss: 1.030205
Val Loss: 2.7160 | C-index: 0.6690

Epoch 9
-------------------------------
loss: 2.637487  [   64/  678]
loss: 2.657965  [  256/  678]
loss: 3.174468  [  448/  678]
loss: 3.313265  [  640/  678]
Average Training Loss: 1.071199
Val Loss: 2.6977 | C-index: 0.6876

Epoch 10
-------------------------------
loss: 2.821877  [   64/  678]
loss: 2.883779  [  256/  678]
loss: 2.845586  [  448/  678]
loss: 2.650914  [  640/  678]
Average Training Loss: 1.018378
Val Loss: 2.6769 | C-index: 0.6934

Epoch 11
-------------------------------
loss: 3.074620  [   64/  678]
loss: 2.829729  [  256/  678]
loss: 2.991877  [  448/  678]
loss: 2.616162  [  640/  678]
Average Training Loss: 1.046581
Val Loss: 2.6700 | C-index: 0.6908

Epoch 12
-------------------------------
loss: 3.011068  [   64/  678]
loss: 2.818335  [  256/  678]
loss: 2.977844  [  448/  678]
loss: 2.985962  [  640/  678]
Average Training Loss: 1.072110
Val Loss: 2.6512 | C-index: 0.6972

Epoch 13
-------------------------------
loss: 3.008094  [   64/  678]
loss: 1.956216  [  256/  678]
loss: 3.141830  [  448/  678]
loss: 2.854744  [  640/  678]
Average Training Loss: 0.996444
Val Loss: 2.6415 | C-index: 0.7306

Epoch 14
-------------------------------
loss: 3.228381  [   64/  678]
loss: 3.420499  [  256/  678]
loss: 2.793359  [  448/  678]
loss: 2.761672  [  640/  678]
Average Training Loss: 1.109446
Val Loss: 2.6195 | C-index: 0.7338

Epoch 15
-------------------------------
loss: 3.151419  [   64/  678]
loss: 3.201846  [  256/  678]
loss: 2.792671  [  448/  678]
loss: 2.851626  [  640/  678]
Average Training Loss: 1.090687
Val Loss: 2.5982 | C-index: 0.7377

Epoch 16
-------------------------------
loss: 2.170440  [   64/  678]
loss: 2.322208  [  256/  678]
loss: 2.722067  [  448/  678]
loss: 3.062377  [  640/  678]
Average Training Loss: 0.934281
Val Loss: 2.6092 | C-index: 0.7505

Epoch 17
-------------------------------
loss: 3.136060  [   64/  678]
loss: 2.560724  [  256/  678]
loss: 3.057335  [  448/  678]
loss: 2.455457  [  640/  678]
Average Training Loss: 1.019052
Val Loss: 2.6212 | C-index: 0.7267

Epoch 18
-------------------------------
loss: 2.935714  [   64/  678]
loss: 2.674753  [  256/  678]
loss: 3.038711  [  448/  678]
loss: 2.797554  [  640/  678]
Average Training Loss: 1.040612
Val Loss: 2.6107 | C-index: 0.7441

Epoch 19
-------------------------------
loss: 2.890346  [   64/  678]
loss: 3.101942  [  256/  678]
loss: 2.762060  [  448/  678]
loss: 3.024600  [  640/  678]
Average Training Loss: 1.070813
Val Loss: 2.5939 | C-index: 0.7486

Epoch 20
-------------------------------
loss: 2.818704  [   64/  678]
loss: 3.194386  [  256/  678]
loss: 2.916002  [  448/  678]
loss: 2.944833  [  640/  678]
Average Training Loss: 1.079448
Val Loss: 2.5945 | C-index: 0.7537

Epoch 21
-------------------------------
loss: 2.887646  [   64/  678]
loss: 2.970157  [  256/  678]
loss: 2.805958  [  448/  678]
loss: 2.345820  [  640/  678]
Average Training Loss: 1.000871
Val Loss: 2.5767 | C-index: 0.7569

Epoch 22
-------------------------------
loss: 2.824296  [   64/  678]
loss: 2.915896  [  256/  678]
loss: 2.584756  [  448/  678]
loss: 2.811723  [  640/  678]
Average Training Loss: 1.012425
Val Loss: 2.5051 | C-index: 0.7646

Epoch 23
-------------------------------
loss: 2.633701  [   64/  678]
loss: 2.686701  [  256/  678]
loss: 2.773405  [  448/  678]
loss: 2.308799  [  640/  678]
Average Training Loss: 0.945691
Val Loss: 2.5179 | C-index: 0.7344

Epoch 24
-------------------------------
loss: 2.629981  [   64/  678]
loss: 2.918241  [  256/  678]
loss: 2.651804  [  448/  678]
loss: 2.944284  [  640/  678]
Average Training Loss: 1.013119
Val Loss: 2.5031 | C-index: 0.7582

Epoch 25
-------------------------------
loss: 2.015406  [   64/  678]
loss: 3.129194  [  256/  678]
loss: 2.695526  [  448/  678]
loss: 3.062141  [  640/  678]
Average Training Loss: 0.991115
Val Loss: 2.5219 | C-index: 0.7620

Epoch 26
-------------------------------
loss: 3.001666  [   64/  678]
loss: 3.264593  [  256/  678]
loss: 2.930946  [  448/  678]
loss: 2.846390  [  640/  678]
Average Training Loss: 1.094872
Val Loss: 2.5236 | C-index: 0.7582

Epoch 27
-------------------------------
loss: 3.003271  [   64/  678]
loss: 2.983778  [  256/  678]
loss: 3.072439  [  448/  678]
loss: 2.662653  [  640/  678]
Average Training Loss: 1.065649
Val Loss: 2.5112 | C-index: 0.7627

Stopping early at Epoch 27 since no C-Index improvement after 5 epochs.
Done!
Best C-Index = 0.7645926876202694 at Epoch 22

=========================================
FOLD 4/5
=========================================

Epoch 1
-------------------------------
loss: 3.085185  [   64/  678]
loss: 2.644261  [  256/  678]
loss: 2.753602  [  448/  678]
loss: 2.916430  [  640/  678]
Average Training Loss: 1.036316
Val Loss: 2.7581 | C-index: 0.5835

Epoch 2
-------------------------------
loss: 2.228037  [   64/  678]
loss: 3.368403  [  256/  678]
loss: 3.183415  [  448/  678]
loss: 2.592731  [  640/  678]
Average Training Loss: 1.033871
Val Loss: 2.7562 | C-index: 0.5686

Epoch 3
-------------------------------
loss: 2.874003  [   64/  678]
loss: 3.138493  [  256/  678]
loss: 2.904893  [  448/  678]
loss: 2.982906  [  640/  678]
Average Training Loss: 1.081845
Val Loss: 2.7532 | C-index: 0.5930

Epoch 4
-------------------------------
loss: 2.655936  [   64/  678]
loss: 2.901143  [  256/  678]
loss: 3.083009  [  448/  678]
loss: 3.256525  [  640/  678]
Average Training Loss: 1.081510
Val Loss: 2.7485 | C-index: 0.6039

Epoch 5
-------------------------------
loss: 2.711055  [   64/  678]
loss: 2.855266  [  256/  678]
loss: 3.069627  [  448/  678]
loss: 3.292845  [  640/  678]
Average Training Loss: 1.084436
Val Loss: 2.7427 | C-index: 0.6086

Epoch 6
-------------------------------
loss: 3.021004  [   64/  678]
loss: 2.842770  [  256/  678]
loss: 2.814842  [  448/  678]
loss: 2.132848  [  640/  678]
Average Training Loss: 0.982860
Val Loss: 2.7385 | C-index: 0.6032

Epoch 7
-------------------------------
loss: 3.023136  [   64/  678]
loss: 3.083514  [  256/  678]
loss: 2.480880  [  448/  678]
loss: 2.617145  [  640/  678]
Average Training Loss: 1.018607
Val Loss: 2.7334 | C-index: 0.6018

Epoch 8
-------------------------------
loss: 2.731166  [   64/  678]
loss: 2.957311  [  256/  678]
loss: 3.146583  [  448/  678]
loss: 2.615466  [  640/  678]
Average Training Loss: 1.040957
Val Loss: 2.7310 | C-index: 0.5957

Epoch 9
-------------------------------
loss: 3.167404  [   64/  678]
loss: 2.561676  [  256/  678]
loss: 3.099504  [  448/  678]
loss: 2.815531  [  640/  678]
Average Training Loss: 1.058556
Val Loss: 2.7292 | C-index: 0.5699

Epoch 10
-------------------------------
loss: 3.176726  [   64/  678]
loss: 3.041609  [  256/  678]
loss: 2.178258  [  448/  678]
loss: 2.877181  [  640/  678]
Average Training Loss: 1.024889
Val Loss: 2.7291 | C-index: 0.5828

Stopping early at Epoch 10 since no C-Index improvement after 5 epochs.
Done!
Best C-Index = 0.608621860149355 at Epoch 5

=========================================
FOLD 5/5
=========================================

Epoch 1
-------------------------------
loss: 3.316574  [   64/  678]
loss: 2.876404  [  256/  678]
loss: 2.844776  [  448/  678]
loss: 3.455463  [  640/  678]
Average Training Loss: 1.135747
Val Loss: 2.7939 | C-index: 0.6832

Epoch 2
-------------------------------
loss: 2.880558  [   64/  678]
loss: 2.430445  [  256/  678]
loss: 2.830483  [  448/  678]
loss: 3.688626  [  640/  678]
Average Training Loss: 1.075465
Val Loss: 2.7891 | C-index: 0.7285

Epoch 3
-------------------------------
loss: 2.701174  [   64/  678]
loss: 2.252987  [  256/  678]
loss: 2.761151  [  448/  678]
loss: 3.160788  [  640/  678]
Average Training Loss: 0.988736
Val Loss: 2.7828 | C-index: 0.7361

Epoch 4
-------------------------------
loss: 2.437524  [   64/  678]
loss: 2.931046  [  256/  678]
loss: 3.162249  [  448/  678]
loss: 2.884450  [  640/  678]
Average Training Loss: 1.037752
Val Loss: 2.7765 | C-index: 0.7377

Epoch 5
-------------------------------
loss: 3.012241  [   64/  678]
loss: 2.980971  [  256/  678]
loss: 2.988250  [  448/  678]
loss: 2.590733  [  640/  678]
Average Training Loss: 1.052018
Val Loss: 2.7720 | C-index: 0.7372

Epoch 6
-------------------------------
loss: 2.673475  [   64/  678]
loss: 2.510701  [  256/  678]
loss: 3.023029  [  448/  678]
loss: 2.624416  [  640/  678]
Average Training Loss: 0.984693
Val Loss: 2.7550 | C-index: 0.7437

Epoch 7
-------------------------------
loss: 3.661046  [   64/  678]
loss: 3.167865  [  256/  678]
loss: 3.063981  [  448/  678]
loss: 2.543652  [  640/  678]
Average Training Loss: 1.130595
Val Loss: 2.7338 | C-index: 0.7399

Epoch 8
-------------------------------
loss: 2.648237  [   64/  678]
loss: 3.103467  [  256/  678]
loss: 2.590700  [  448/  678]
loss: 2.645640  [  640/  678]
Average Training Loss: 0.998913
Val Loss: 2.7240 | C-index: 0.7345

Epoch 9
-------------------------------
loss: 2.462034  [   64/  678]
loss: 2.467322  [  256/  678]
loss: 3.079953  [  448/  678]
loss: 2.689663  [  640/  678]
Average Training Loss: 0.972634
Val Loss: 2.7186 | C-index: 0.7317

Epoch 10
-------------------------------
loss: 2.911586  [   64/  678]
loss: 2.737825  [  256/  678]
loss: 2.981959  [  448/  678]
loss: 3.705613  [  640/  678]
Average Training Loss: 1.121544
Val Loss: 2.7251 | C-index: 0.7383

Epoch 11
-------------------------------
loss: 2.436679  [   64/  678]
loss: 2.624143  [  256/  678]
loss: 2.675574  [  448/  678]
loss: 3.168210  [  640/  678]
Average Training Loss: 0.991328
Val Loss: 2.7227 | C-index: 0.7290

Stopping early at Epoch 11 since no C-Index improvement after 5 epochs.
Done!
Best C-Index = 0.7437295528898582 at Epoch 6

=========================================
CV training complete! Mean ± std C-index: 0.7166 ± 0.0777
Best epochs per fold: [20, 14, 22, 5, 6]

=========================================
Retraining model on full train+val for 13 epochs...
Epoch 1
-------------------------------
loss: 3.292423  [   64/  847]
loss: 3.017272  [  320/  847]
loss: 2.833118  [  576/  847]
loss: 2.916169  [  832/  847]
Average Training Loss: 0.861356
Val Loss: 2.8600 | C-index: 0.6657

Epoch 2
-------------------------------
loss: 3.077854  [   64/  847]
loss: 2.572860  [  320/  847]
loss: 2.705462  [  576/  847]
loss: 2.541976  [  832/  847]
Average Training Loss: 0.778439
Val Loss: 2.7760 | C-index: 0.6605

Epoch 3
-------------------------------
loss: 2.647462  [   64/  847]
loss: 2.558795  [  320/  847]
loss: 3.401298  [  576/  847]
loss: 3.116476  [  832/  847]
Average Training Loss: 0.837431
Val Loss: 2.8133 | C-index: 0.6879

Epoch 4
-------------------------------
loss: 2.961957  [   64/  847]
loss: 2.768432  [  320/  847]
loss: 2.182537  [  576/  847]
loss: 3.117284  [  832/  847]
Average Training Loss: 0.787872
Val Loss: 2.8237 | C-index: 0.6932

Epoch 5
-------------------------------
loss: 2.436483  [   64/  847]
loss: 2.896821  [  320/  847]
loss: 3.023349  [  576/  847]
loss: 3.002526  [  832/  847]
Average Training Loss: 0.811370
Val Loss: 2.8095 | C-index: 0.6969

Epoch 6
-------------------------------
loss: 2.883054  [   64/  847]
loss: 3.117784  [  320/  847]
loss: 2.963300  [  576/  847]
loss: 2.156325  [  832/  847]
Average Training Loss: 0.794319
Val Loss: 2.8595 | C-index: 0.7099

Epoch 7
-------------------------------
loss: 3.151719  [   64/  847]
loss: 3.050681  [  320/  847]
loss: 2.725195  [  576/  847]
loss: 2.738325  [  832/  847]
Average Training Loss: 0.833280
Val Loss: 2.8277 | C-index: 0.7214

Epoch 8
-------------------------------
loss: 2.991850  [   64/  847]
loss: 2.722397  [  320/  847]
loss: 3.108377  [  576/  847]
loss: 3.050751  [  832/  847]
Average Training Loss: 0.848098
Val Loss: 2.6715 | C-index: 0.7271

Epoch 9
-------------------------------
loss: 3.177570  [   64/  847]
loss: 3.041978  [  320/  847]
loss: 2.242830  [  576/  847]
loss: 2.916215  [  832/  847]
Average Training Loss: 0.812757
Val Loss: 2.8127 | C-index: 0.7283

Epoch 10
-------------------------------
loss: 2.656282  [   64/  847]
loss: 3.120529  [  320/  847]
loss: 2.697369  [  576/  847]
loss: 3.245127  [  832/  847]
Average Training Loss: 0.837093
Val Loss: 2.7304 | C-index: 0.7343

Epoch 11
-------------------------------
loss: 2.801949  [   64/  847]
loss: 2.651705  [  320/  847]
loss: 2.783684  [  576/  847]
loss: 2.450429  [  832/  847]
Average Training Loss: 0.763412
Val Loss: 2.7387 | C-index: 0.7287

Epoch 12
-------------------------------
loss: 2.757925  [   64/  847]
loss: 2.759749  [  320/  847]
loss: 2.977130  [  576/  847]
loss: 2.567767  [  832/  847]
Average Training Loss: 0.790184
Val Loss: 2.7480 | C-index: 0.7322

Epoch 13
-------------------------------
loss: 2.471658  [   64/  847]
loss: 3.014102  [  320/  847]
loss: 2.680266  [  576/  847]
loss: 2.609137  [  832/  847]
Average Training Loss: 0.769654
Val Loss: 2.6798 | C-index: 0.7307

Done!
Best C-Index = 0.734307385039707 at Epoch 10
FINAL TEST Average Loss: 2.3161
FINAL TEST C-index: 0.6882
Bootstrap 95% CI: [0.5678, 0.8010]
Results saved to /Users/evan/Documents/GitHub/HyBINN/experiments/runs/clinical/seed_1/results.json
