train_hybinn.py log started 2026-06-17 01:18:02.049536
=========================================
Model Active Branches: ['binn', 'clinical']
=========================================

=========================================
FOLD 1/5
=========================================

Epoch 1
-------------------------------
loss: 2.524766  [   64/  677]
loss: 2.836049  [  256/  677]
loss: 2.616267  [  448/  677]
loss: 3.248704  [  640/  677]
Average Training Loss: 1.020526
Val Loss: 3.0235 | C-index: 0.6752

Epoch 2
-------------------------------
loss: 2.446203  [   64/  677]
loss: 3.048794  [  256/  677]
loss: 3.297439  [  448/  677]
loss: 3.015631  [  640/  677]
Average Training Loss: 1.073461
Val Loss: 3.0195 | C-index: 0.6431

Epoch 3
-------------------------------
loss: 2.798525  [   64/  677]
loss: 2.721158  [  256/  677]
loss: 2.848418  [  448/  677]
loss: 2.502338  [  640/  677]
Average Training Loss: 0.988222
Val Loss: 3.0058 | C-index: 0.6115

Epoch 4
-------------------------------
loss: 2.875769  [   64/  677]
loss: 2.602906  [  256/  677]
loss: 3.131940  [  448/  677]
loss: 2.986809  [  640/  677]
Average Training Loss: 1.054311
Val Loss: 2.9817 | C-index: 0.5949

Epoch 5
-------------------------------
loss: 2.760064  [   64/  677]
loss: 2.732456  [  256/  677]
loss: 3.016810  [  448/  677]
loss: 3.031358  [  640/  677]
Average Training Loss: 1.049153
Val Loss: 2.9332 | C-index: 0.6672

Epoch 6
-------------------------------
loss: 2.664944  [   64/  677]
loss: 3.048125  [  256/  677]
loss: 2.694240  [  448/  677]
loss: 2.211116  [  640/  677]
Average Training Loss: 0.965311
Val Loss: 2.9095 | C-index: 0.7503

Epoch 7
-------------------------------
loss: 2.617066  [   64/  677]
loss: 2.422821  [  256/  677]
loss: 2.812572  [  448/  677]
loss: 2.545710  [  640/  677]
Average Training Loss: 0.945288
Val Loss: 2.8981 | C-index: 0.7326

Epoch 8
-------------------------------
loss: 2.883400  [   64/  677]
loss: 2.900962  [  256/  677]
loss: 2.143524  [  448/  677]
loss: 2.517988  [  640/  677]
Average Training Loss: 0.949625
Val Loss: 2.8672 | C-index: 0.7363

Epoch 9
-------------------------------
loss: 2.806856  [   64/  677]
loss: 2.939904  [  256/  677]
loss: 2.104771  [  448/  677]
loss: 2.586179  [  640/  677]
Average Training Loss: 0.948883
Val Loss: 2.8279 | C-index: 0.7851

Epoch 10
-------------------------------
loss: 2.553975  [   64/  677]
loss: 2.499156  [  256/  677]
loss: 2.553409  [  448/  677]
loss: 2.148583  [  640/  677]
Average Training Loss: 0.886829
Val Loss: 2.7803 | C-index: 0.7556

Epoch 11
-------------------------------
loss: 2.703213  [   64/  677]
loss: 2.163524  [  256/  677]
loss: 2.340885  [  448/  677]
loss: 2.379308  [  640/  677]
Average Training Loss: 0.871539
Val Loss: 2.8436 | C-index: 0.7422

Epoch 12
-------------------------------
loss: 2.304411  [   64/  677]
loss: 2.017510  [  256/  677]
loss: 1.610863  [  448/  677]
loss: 1.994178  [  640/  677]
Average Training Loss: 0.720633
Val Loss: 2.8788 | C-index: 0.7471

Epoch 13
-------------------------------
loss: 2.305711  [   64/  677]
loss: 2.302395  [  256/  677]
loss: 2.445968  [  448/  677]
loss: 2.379024  [  640/  677]
Average Training Loss: 0.857554
Val Loss: 2.9212 | C-index: 0.6693

Epoch 14
-------------------------------
loss: 2.158302  [   64/  677]
loss: 2.585302  [  256/  677]
loss: 2.403251  [  448/  677]
loss: 2.151707  [  640/  677]
Average Training Loss: 0.845324
Val Loss: 2.8864 | C-index: 0.7020

Stopping early at Epoch 14 since no C-Index improvement after 5 epochs.
Done!
Best C-Index = 0.785101822079314 at Epoch 9

=========================================
FOLD 2/5
=========================================

Epoch 1
-------------------------------
loss: 2.461738  [   64/  677]
loss: 3.109715  [  256/  677]
loss: 2.883558  [  448/  677]
loss: 2.952153  [  640/  677]
Average Training Loss: 1.037015
Val Loss: 2.9110 | C-index: 0.5640

Epoch 2
-------------------------------
loss: 2.861253  [   64/  677]
loss: 2.749648  [  256/  677]
loss: 3.171947  [  448/  677]
loss: 3.005697  [  640/  677]
Average Training Loss: 1.071686
Val Loss: 2.9103 | C-index: 0.5508

Epoch 3
-------------------------------
loss: 2.921597  [   64/  677]
loss: 3.144536  [  256/  677]
loss: 2.895834  [  448/  677]
loss: 2.661705  [  640/  677]
Average Training Loss: 1.056698
Val Loss: 2.9018 | C-index: 0.5634

Epoch 4
-------------------------------
loss: 2.915704  [   64/  677]
loss: 2.979903  [  256/  677]
loss: 3.061740  [  448/  677]
loss: 2.757395  [  640/  677]
Average Training Loss: 1.064976
Val Loss: 2.9051 | C-index: 0.5605

Epoch 5
-------------------------------
loss: 2.466038  [   64/  677]
loss: 2.953588  [  256/  677]
loss: 2.883968  [  448/  677]
loss: 2.496931  [  640/  677]
Average Training Loss: 0.981866
Val Loss: 2.9078 | C-index: 0.5886

Epoch 6
-------------------------------
loss: 2.532769  [   64/  677]
loss: 2.785784  [  256/  677]
loss: 2.569492  [  448/  677]
loss: 2.606925  [  640/  677]
Average Training Loss: 0.954088
Val Loss: 2.8677 | C-index: 0.6208

Epoch 7
-------------------------------
loss: 3.076099  [   64/  677]
loss: 2.652833  [  256/  677]
loss: 2.887974  [  448/  677]
loss: 2.762931  [  640/  677]
Average Training Loss: 1.034531
Val Loss: 2.8617 | C-index: 0.6288

Epoch 8
-------------------------------
loss: 2.467711  [   64/  677]
loss: 2.441440  [  256/  677]
loss: 2.917515  [  448/  677]
loss: 2.565425  [  640/  677]
Average Training Loss: 0.944736
Val Loss: 2.8551 | C-index: 0.6655

Epoch 9
-------------------------------
loss: 2.155233  [   64/  677]
loss: 2.270396  [  256/  677]
loss: 2.373702  [  448/  677]
loss: 2.366109  [  640/  677]
Average Training Loss: 0.833222
Val Loss: 2.8702 | C-index: 0.6649

Epoch 10
-------------------------------
loss: 2.695403  [   64/  677]
loss: 2.466050  [  256/  677]
loss: 2.645147  [  448/  677]
loss: 2.749774  [  640/  677]
Average Training Loss: 0.959670
Val Loss: 2.8437 | C-index: 0.6879

Epoch 11
-------------------------------
loss: 3.027052  [   64/  677]
loss: 2.592083  [  256/  677]
loss: 2.349744  [  448/  677]
loss: 2.448138  [  640/  677]
Average Training Loss: 0.947001
Val Loss: 2.8501 | C-index: 0.6701

Epoch 12
-------------------------------
loss: 2.557509  [   64/  677]
loss: 2.500697  [  256/  677]
loss: 2.585793  [  448/  677]
loss: 2.606611  [  640/  677]
Average Training Loss: 0.931874
Val Loss: 2.8112 | C-index: 0.7189

Epoch 13
-------------------------------
loss: 1.870665  [   64/  677]
loss: 2.161923  [  256/  677]
loss: 2.442955  [  448/  677]
loss: 2.943076  [  640/  677]
Average Training Loss: 0.856238
Val Loss: 2.7915 | C-index: 0.7017

Epoch 14
-------------------------------
loss: 2.577905  [   64/  677]
loss: 2.775764  [  256/  677]
loss: 2.039640  [  448/  677]
loss: 2.466980  [  640/  677]
Average Training Loss: 0.896390
Val Loss: 2.8798 | C-index: 0.6351

Epoch 15
-------------------------------
loss: 2.331109  [   64/  677]
loss: 2.442302  [  256/  677]
loss: 2.299725  [  448/  677]
loss: 2.414079  [  640/  677]
Average Training Loss: 0.862474
Val Loss: 2.7609 | C-index: 0.7172

Epoch 16
-------------------------------
loss: 2.358140  [   64/  677]
loss: 2.559328  [  256/  677]
loss: 2.170793  [  448/  677]
loss: 2.598515  [  640/  677]
Average Training Loss: 0.880616
Val Loss: 2.8122 | C-index: 0.7131

Epoch 17
-------------------------------
loss: 2.289252  [   64/  677]
loss: 2.131981  [  256/  677]
loss: 2.627878  [  448/  677]
loss: 2.253655  [  640/  677]
Average Training Loss: 0.845706
Val Loss: 2.8169 | C-index: 0.7068

Stopping early at Epoch 17 since no C-Index improvement after 5 epochs.
Done!
Best C-Index = 0.7188755020080321 at Epoch 12

=========================================
FOLD 3/5
=========================================

Epoch 1
-------------------------------
loss: 2.979697  [   64/  678]
loss: 3.249014  [  256/  678]
loss: 3.252655  [  448/  678]
loss: 2.872789  [  640/  678]
Average Training Loss: 1.123105
Val Loss: 2.9271 | C-index: 0.7622

Epoch 2
-------------------------------
loss: 2.539585  [   64/  678]
loss: 2.637526  [  256/  678]
loss: 2.809071  [  448/  678]
loss: 2.684486  [  640/  678]
Average Training Loss: 0.970061
Val Loss: 2.9184 | C-index: 0.6960

Epoch 3
-------------------------------
loss: 3.288169  [   64/  678]
loss: 2.834786  [  256/  678]
loss: 2.898397  [  448/  678]
loss: 2.785145  [  640/  678]
Average Training Loss: 1.073318
Val Loss: 2.9005 | C-index: 0.6158

Epoch 4
-------------------------------
loss: 2.607006  [   64/  678]
loss: 2.619549  [  256/  678]
loss: 2.916778  [  448/  678]
loss: 3.045968  [  640/  678]
Average Training Loss: 1.017209
Val Loss: 2.8762 | C-index: 0.5880

Epoch 5
-------------------------------
loss: 2.537607  [   64/  678]
loss: 2.892490  [  256/  678]
loss: 3.009643  [  448/  678]
loss: 2.499279  [  640/  678]
Average Training Loss: 0.994456
Val Loss: 2.8553 | C-index: 0.5974

Epoch 6
-------------------------------
loss: 3.539350  [   64/  678]
loss: 3.164824  [  256/  678]
loss: 2.465920  [  448/  678]
loss: 2.659019  [  640/  678]
Average Training Loss: 1.075374
Val Loss: 2.8394 | C-index: 0.6470

Stopping early at Epoch 6 since no C-Index improvement after 5 epochs.
Done!
Best C-Index = 0.762249443207127 at Epoch 1

=========================================
FOLD 4/5
=========================================

Epoch 1
-------------------------------
loss: 3.544767  [   64/  678]
loss: 2.865286  [  256/  678]
loss: 3.148273  [  448/  678]
loss: 3.138944  [  640/  678]
Average Training Loss: 1.154297
Val Loss: 2.5009 | C-index: 0.6771

Epoch 2
-------------------------------
loss: 3.097558  [   64/  678]
loss: 3.661037  [  256/  678]
loss: 2.724692  [  448/  678]
loss: 2.034591  [  640/  678]
Average Training Loss: 1.047080
Val Loss: 2.4980 | C-index: 0.6064

Epoch 3
-------------------------------
loss: 3.216774  [   64/  678]
loss: 2.821336  [  256/  678]
loss: 3.301083  [  448/  678]
loss: 3.185248  [  640/  678]
Average Training Loss: 1.138585
Val Loss: 2.4922 | C-index: 0.5438

Epoch 4
-------------------------------
loss: 3.220991  [   64/  678]
loss: 3.038204  [  256/  678]
loss: 2.491247  [  448/  678]
loss: 3.190837  [  640/  678]
Average Training Loss: 1.085571
Val Loss: 2.5051 | C-index: 0.4779

Epoch 5
-------------------------------
loss: 3.027735  [   64/  678]
loss: 3.023729  [  256/  678]
loss: 2.648382  [  448/  678]
loss: 3.339001  [  640/  678]
Average Training Loss: 1.094441
Val Loss: 2.5026 | C-index: 0.5024

Epoch 6
-------------------------------
loss: 3.149875  [   64/  678]
loss: 2.430437  [  256/  678]
loss: 2.371375  [  448/  678]
loss: 2.303750  [  640/  678]
Average Training Loss: 0.932312
Val Loss: 2.5125 | C-index: 0.5269

Stopping early at Epoch 6 since no C-Index improvement after 5 epochs.
Done!
Best C-Index = 0.6770904146838885 at Epoch 1

=========================================
FOLD 5/5
=========================================

Epoch 1
-------------------------------
loss: 3.293376  [   64/  678]
loss: 2.348590  [  256/  678]
loss: 3.460993  [  448/  678]
loss: 2.784787  [  640/  678]
Average Training Loss: 1.080704
Val Loss: 2.6089 | C-index: 0.6481

Epoch 2
-------------------------------
loss: 2.622315  [   64/  678]
loss: 3.032185  [  256/  678]
loss: 2.740590  [  448/  678]
loss: 3.039399  [  640/  678]
Average Training Loss: 1.039499
Val Loss: 2.6042 | C-index: 0.6094

Epoch 3
-------------------------------
loss: 3.151331  [   64/  678]
loss: 3.111027  [  256/  678]
loss: 2.673019  [  448/  678]
loss: 2.991157  [  640/  678]
Average Training Loss: 1.084230
Val Loss: 2.5893 | C-index: 0.5802

Epoch 4
-------------------------------
loss: 3.049647  [   64/  678]
loss: 2.256341  [  256/  678]
loss: 3.063430  [  448/  678]
loss: 3.089731  [  640/  678]
Average Training Loss: 1.041741
Val Loss: 2.5607 | C-index: 0.5489

Epoch 5
-------------------------------
loss: 2.736071  [   64/  678]
loss: 2.772524  [  256/  678]
loss: 2.757657  [  448/  678]
loss: 3.386286  [  640/  678]
Average Training Loss: 1.059322
Val Loss: 2.5304 | C-index: 0.5618

Epoch 6
-------------------------------
loss: 3.269547  [   64/  678]
loss: 2.630267  [  256/  678]
loss: 2.952678  [  448/  678]
loss: 2.308623  [  640/  678]
Average Training Loss: 1.014647
Val Loss: 2.4909 | C-index: 0.5992

Stopping early at Epoch 6 since no C-Index improvement after 5 epochs.
Done!
Best C-Index = 0.6480978260869565 at Epoch 1

=========================================
CV training complete! Mean ± std C-index: 0.7183 ± 0.0510
Best epochs per fold: [9, 12, 1, 1, 1]

=========================================
Retraining model on full train+val for 5 epochs...
Epoch 1
-------------------------------
loss: 2.960156  [   64/  847]
loss: 3.283276  [  320/  847]
loss: 2.320493  [  576/  847]
loss: 2.774828  [  832/  847]
Average Training Loss: 0.809911
Val Loss: 2.8862 | C-index: 0.7141

Epoch 2
-------------------------------
loss: 2.194984  [   64/  847]
loss: 3.316074  [  320/  847]
loss: 2.990700  [  576/  847]
loss: 2.896514  [  832/  847]
Average Training Loss: 0.814162
Val Loss: 2.8539 | C-index: 0.7350

Epoch 3
-------------------------------
loss: 2.926194  [   64/  847]
loss: 3.381880  [  320/  847]
loss: 3.003907  [  576/  847]
loss: 2.147689  [  832/  847]
Average Training Loss: 0.818548
Val Loss: 2.8434 | C-index: 0.7055

Epoch 4
-------------------------------
loss: 2.804967  [   64/  847]
loss: 3.266418  [  320/  847]
loss: 2.806686  [  576/  847]
loss: 2.507133  [  832/  847]
Average Training Loss: 0.813229
Val Loss: 2.6511 | C-index: 0.7187

Epoch 5
-------------------------------
loss: 3.155091  [   64/  847]
loss: 2.681340  [  320/  847]
loss: 2.746619  [  576/  847]
loss: 2.866380  [  832/  847]
Average Training Loss: 0.817816
Val Loss: 2.5815 | C-index: 0.7876

Done!
Best C-Index = 0.7875956427430696 at Epoch 5
FINAL TEST Average Loss: 2.3882
FINAL TEST C-index: 0.6482
Bootstrap 95% CI: [0.5102, 0.7721]
Top 10 activated pathways:
{'R-HSA-3214842': 0.051837269216775894, 'R-HSA-2559585': 0.045358747243881226, 'R-HSA-72165': 0.04399271681904793, 'R-HSA-3000480': 0.04023674130439758, 'R-HSA-917977': 0.03884470835328102, 'R-HSA-5668599': 0.03479517623782158, 'R-HSA-202427': 0.034413181245326996, 'R-HSA-8955332': 0.03189460188150406, 'R-HSA-9931510': 0.03125693276524544, 'R-HSA-176187': 0.03115607053041458}
Results saved to /Users/evan/Documents/GitHub/HyBINN/experiments/runs/binn_clinical/seed_7/results.json
