train_hybinn.py log started 2026-06-17 01:23:20.458312
=========================================
Model Active Branches: ['gene', 'clinical']
=========================================

=========================================
FOLD 1/5
=========================================

Epoch 1
-------------------------------
loss: 3.369333  [   64/  677]
loss: 3.427298  [  256/  677]
loss: 3.056724  [  448/  677]
loss: 2.484329  [  640/  677]
Average Training Loss: 1.121608
Val Loss: 3.0027 | C-index: 0.6093

Epoch 2
-------------------------------
loss: 2.895549  [   64/  677]
loss: 2.207903  [  256/  677]
loss: 2.927236  [  448/  677]
loss: 2.912423  [  640/  677]
Average Training Loss: 0.994828
Val Loss: 3.0296 | C-index: 0.5606

Epoch 3
-------------------------------
loss: 3.134154  [   64/  677]
loss: 3.111302  [  256/  677]
loss: 2.709488  [  448/  677]
loss: 2.403591  [  640/  677]
Average Training Loss: 1.032594
Val Loss: 2.9781 | C-index: 0.6393

Epoch 4
-------------------------------
loss: 2.402711  [   64/  677]
loss: 2.519408  [  256/  677]
loss: 2.691263  [  448/  677]
loss: 2.243088  [  640/  677]
Average Training Loss: 0.896043
Val Loss: 3.0058 | C-index: 0.6436

Epoch 5
-------------------------------
loss: 1.990724  [   64/  677]
loss: 2.501312  [  256/  677]
loss: 2.346495  [  448/  677]
loss: 2.113891  [  640/  677]
Average Training Loss: 0.813856
Val Loss: 3.0057 | C-index: 0.7111

Epoch 6
-------------------------------
loss: 1.653354  [   64/  677]
loss: 1.831069  [  256/  677]
loss: 1.210850  [  448/  677]
loss: 1.690231  [  640/  677]
Average Training Loss: 0.580500
Val Loss: 3.3961 | C-index: 0.5943

Epoch 7
-------------------------------
loss: 1.214053  [   64/  677]
loss: 1.097563  [  256/  677]
loss: 2.089698  [  448/  677]
loss: 1.483972  [  640/  677]
Average Training Loss: 0.535026
Val Loss: 3.3315 | C-index: 0.6586

Epoch 8
-------------------------------
loss: 0.936241  [   64/  677]
loss: 1.466161  [  256/  677]
loss: 1.747673  [  448/  677]
loss: 1.800177  [  640/  677]
Average Training Loss: 0.540932
Val Loss: 3.3497 | C-index: 0.6645

Epoch 9
-------------------------------
loss: 1.357130  [   64/  677]
loss: 1.553103  [  256/  677]
loss: 1.694645  [  448/  677]
loss: 1.030874  [  640/  677]
Average Training Loss: 0.512341
Val Loss: 3.3157 | C-index: 0.6902

Epoch 10
-------------------------------
loss: 1.112489  [   64/  677]
loss: 1.234049  [  256/  677]
loss: 1.830976  [  448/  677]
loss: 0.865817  [  640/  677]
Average Training Loss: 0.458485
Val Loss: 3.4706 | C-index: 0.6554

Stopping early at Epoch 10 since no C-Index improvement after 5 epochs.
Done!
Best C-Index = 0.7111468381564845 at Epoch 5

=========================================
FOLD 2/5
=========================================

Epoch 1
-------------------------------
loss: 3.551729  [   64/  677]
loss: 2.931907  [  256/  677]
loss: 2.745760  [  448/  677]
loss: 3.002756  [  640/  677]
Average Training Loss: 1.112014
Val Loss: 2.8996 | C-index: 0.5508

Epoch 2
-------------------------------
loss: 2.613819  [   64/  677]
loss: 3.262772  [  256/  677]
loss: 2.892688  [  448/  677]
loss: 3.233889  [  640/  677]
Average Training Loss: 1.091197
Val Loss: 2.8999 | C-index: 0.5485

Epoch 3
-------------------------------
loss: 2.831816  [   64/  677]
loss: 3.083147  [  256/  677]
loss: 2.827428  [  448/  677]
loss: 2.946854  [  640/  677]
Average Training Loss: 1.062659
Val Loss: 2.8748 | C-index: 0.5915

Epoch 4
-------------------------------
loss: 2.586294  [   64/  677]
loss: 1.895286  [  256/  677]
loss: 1.998012  [  448/  677]
loss: 2.327867  [  640/  677]
Average Training Loss: 0.800678
Val Loss: 2.9749 | C-index: 0.5709

Epoch 5
-------------------------------
loss: 2.020424  [   64/  677]
loss: 1.993397  [  256/  677]
loss: 1.851782  [  448/  677]
loss: 1.550639  [  640/  677]
Average Training Loss: 0.674204
Val Loss: 2.8501 | C-index: 0.6408

Epoch 6
-------------------------------
loss: 1.488574  [   64/  677]
loss: 1.331724  [  256/  677]
loss: 1.468607  [  448/  677]
loss: 1.634045  [  640/  677]
Average Training Loss: 0.538450
Val Loss: 2.9844 | C-index: 0.6902

Epoch 7
-------------------------------
loss: 1.437351  [   64/  677]
loss: 1.368354  [  256/  677]
loss: 1.253147  [  448/  677]
loss: 1.845802  [  640/  677]
Average Training Loss: 0.536787
Val Loss: 3.3549 | C-index: 0.5978

Epoch 8
-------------------------------
loss: 1.166205  [   64/  677]
loss: 1.969676  [  256/  677]
loss: 1.475960  [  448/  677]
loss: 1.261562  [  640/  677]
Average Training Loss: 0.533946
Val Loss: 2.9943 | C-index: 0.6776

Epoch 9
-------------------------------
loss: 1.440883  [   64/  677]
loss: 1.245234  [  256/  677]
loss: 1.076204  [  448/  677]
loss: 1.281621  [  640/  677]
Average Training Loss: 0.458540
Val Loss: 3.2459 | C-index: 0.6265

Epoch 10
-------------------------------
loss: 1.527042  [   64/  677]
loss: 1.331948  [  256/  677]
loss: 2.534740  [  448/  677]
loss: 1.164228  [  640/  677]
Average Training Loss: 0.596178
Val Loss: 2.9700 | C-index: 0.6552

Epoch 11
-------------------------------
loss: 0.969971  [   64/  677]
loss: 1.828372  [  256/  677]
loss: 1.257781  [  448/  677]
loss: 1.184165  [  640/  677]
Average Training Loss: 0.476390
Val Loss: 3.4581 | C-index: 0.6070

Stopping early at Epoch 11 since no C-Index improvement after 5 epochs.
Done!
Best C-Index = 0.6901893287435457 at Epoch 6

=========================================
FOLD 3/5
=========================================

Epoch 1
-------------------------------
loss: 3.212369  [   64/  678]
loss: 2.735677  [  256/  678]
loss: 3.443280  [  448/  678]
loss: 2.985195  [  640/  678]
Average Training Loss: 1.125138
Val Loss: 2.9585 | C-index: 0.4883

Epoch 2
-------------------------------
loss: 1.207598  [   64/  678]
loss: 3.538565  [  256/  678]
loss: 2.902276  [  448/  678]
loss: 2.787459  [  640/  678]
Average Training Loss: 0.948718
Val Loss: 2.9318 | C-index: 0.4983

Epoch 3
-------------------------------
loss: 3.166249  [   64/  678]
loss: 2.500084  [  256/  678]
loss: 2.790411  [  448/  678]
loss: 2.880142  [  640/  678]
Average Training Loss: 1.030626
Val Loss: 2.8721 | C-index: 0.5729

Epoch 4
-------------------------------
loss: 1.996687  [   64/  678]
loss: 2.613571  [  256/  678]
loss: 2.052772  [  448/  678]
loss: 2.389272  [  640/  678]
Average Training Loss: 0.822937
Val Loss: 2.7795 | C-index: 0.6876

Epoch 5
-------------------------------
loss: 2.455346  [   64/  678]
loss: 1.362096  [  256/  678]
loss: 1.356986  [  448/  678]
loss: 2.242398  [  640/  678]
Average Training Loss: 0.674257
Val Loss: 2.6927 | C-index: 0.7283

Epoch 6
-------------------------------
loss: 1.695356  [   64/  678]
loss: 2.447448  [  256/  678]
loss: 1.959285  [  448/  678]
loss: 1.644747  [  640/  678]
Average Training Loss: 0.704258
Val Loss: 2.8500 | C-index: 0.6130

Epoch 7
-------------------------------
loss: 0.731496  [   64/  678]
loss: 1.266461  [  256/  678]
loss: 1.666057  [  448/  678]
loss: 1.762777  [  640/  678]
Average Training Loss: 0.493345
Val Loss: 2.8895 | C-index: 0.6364

Epoch 8
-------------------------------
loss: 1.693964  [   64/  678]
loss: 1.092870  [  256/  678]
loss: 1.947859  [  448/  678]
loss: 1.832273  [  640/  678]
Average Training Loss: 0.596997
Val Loss: 3.2875 | C-index: 0.6024

Epoch 9
-------------------------------
loss: 1.737353  [   64/  678]
loss: 1.748514  [  256/  678]
loss: 1.833668  [  448/  678]
loss: 1.791698  [  640/  678]
Average Training Loss: 0.646476
Val Loss: 2.8272 | C-index: 0.6888

Epoch 10
-------------------------------
loss: 1.332569  [   64/  678]
loss: 1.219638  [  256/  678]
loss: 1.368918  [  448/  678]
loss: 0.889322  [  640/  678]
Average Training Loss: 0.437313
Val Loss: 3.0539 | C-index: 0.6080

Stopping early at Epoch 10 since no C-Index improvement after 5 epochs.
Done!
Best C-Index = 0.7282850779510023 at Epoch 5

=========================================
FOLD 4/5
=========================================

Epoch 1
-------------------------------
loss: 2.826447  [   64/  678]
loss: 3.016316  [  256/  678]
loss: 3.548062  [  448/  678]
loss: 3.258377  [  640/  678]
Average Training Loss: 1.149927
Val Loss: 2.4975 | C-index: 0.5880

Epoch 2
-------------------------------
loss: 3.036578  [   64/  678]
loss: 3.076086  [  256/  678]
loss: 2.973442  [  448/  678]
loss: 2.853680  [  640/  678]
Average Training Loss: 1.085435
Val Loss: 2.4629 | C-index: 0.5819

Epoch 3
-------------------------------
loss: 3.040538  [   64/  678]
loss: 3.056415  [  256/  678]
loss: 2.023578  [  448/  678]
loss: 2.179775  [  640/  678]
Average Training Loss: 0.936391
Val Loss: 2.4597 | C-index: 0.5846

Epoch 4
-------------------------------
loss: 2.873439  [   64/  678]
loss: 2.609748  [  256/  678]
loss: 2.735805  [  448/  678]
loss: 2.623368  [  640/  678]
Average Training Loss: 0.985669
Val Loss: 2.4042 | C-index: 0.6683

Epoch 5
-------------------------------
loss: 2.102195  [   64/  678]
loss: 1.981702  [  256/  678]
loss: 1.753472  [  448/  678]
loss: 2.016214  [  640/  678]
Average Training Loss: 0.713962
Val Loss: 2.3865 | C-index: 0.6791

Epoch 6
-------------------------------
loss: 1.748186  [   64/  678]
loss: 2.008787  [  256/  678]
loss: 1.432698  [  448/  678]
loss: 2.037146  [  640/  678]
Average Training Loss: 0.656983
Val Loss: 2.6363 | C-index: 0.6207

Epoch 7
-------------------------------
loss: 1.290938  [   64/  678]
loss: 1.664043  [  256/  678]
loss: 1.946044  [  448/  678]
loss: 1.403905  [  640/  678]
Average Training Loss: 0.573175
Val Loss: 2.3777 | C-index: 0.6349

Epoch 8
-------------------------------
loss: 1.512442  [   64/  678]
loss: 1.318946  [  256/  678]
loss: 1.458226  [  448/  678]
loss: 1.959736  [  640/  678]
Average Training Loss: 0.568123
Val Loss: 2.9374 | C-index: 0.6091

Epoch 9
-------------------------------
loss: 0.861889  [   64/  678]
loss: 1.887593  [  256/  678]
loss: 1.707880  [  448/  678]
loss: 1.314894  [  640/  678]
Average Training Loss: 0.524751
Val Loss: 2.8026 | C-index: 0.5982

Epoch 10
-------------------------------
loss: 1.356194  [   64/  678]
loss: 1.443974  [  256/  678]
loss: 1.404216  [  448/  678]
loss: 0.716606  [  640/  678]
Average Training Loss: 0.447363
Val Loss: 2.4763 | C-index: 0.5642

Stopping early at Epoch 10 since no C-Index improvement after 5 epochs.
Done!
Best C-Index = 0.6791298436437797 at Epoch 5

=========================================
FOLD 5/5
=========================================

Epoch 1
-------------------------------
loss: 3.162956  [   64/  678]
loss: 2.507089  [  256/  678]
loss: 2.763737  [  448/  678]
loss: 3.165390  [  640/  678]
Average Training Loss: 1.054470
Val Loss: 2.5897 | C-index: 0.5571

Epoch 2
-------------------------------
loss: 2.814859  [   64/  678]
loss: 2.885227  [  256/  678]
loss: 2.783036  [  448/  678]
loss: 2.330938  [  640/  678]
Average Training Loss: 0.983096
Val Loss: 2.5586 | C-index: 0.5516

Epoch 3
-------------------------------
loss: 2.922323  [   64/  678]
loss: 2.990700  [  256/  678]
loss: 2.479298  [  448/  678]
loss: 3.088273  [  640/  678]
Average Training Loss: 1.043690
Val Loss: 2.4891 | C-index: 0.6216

Epoch 4
-------------------------------
loss: 2.536067  [   64/  678]
loss: 2.260371  [  256/  678]
loss: 2.624474  [  448/  678]
loss: 2.360285  [  640/  678]
Average Training Loss: 0.889200
Val Loss: 2.3926 | C-index: 0.6746

Epoch 5
-------------------------------
loss: 2.171269  [   64/  678]
loss: 2.137821  [  256/  678]
loss: 1.980455  [  448/  678]
loss: 2.281388  [  640/  678]
Average Training Loss: 0.779176
Val Loss: 2.5124 | C-index: 0.6943

Epoch 6
-------------------------------
loss: 1.227524  [   64/  678]
loss: 1.701406  [  256/  678]
loss: 2.039318  [  448/  678]
loss: 1.871231  [  640/  678]
Average Training Loss: 0.621771
Val Loss: 2.4366 | C-index: 0.6461

Epoch 7
-------------------------------
loss: 2.148516  [   64/  678]
loss: 1.585196  [  256/  678]
loss: 1.591260  [  448/  678]
loss: 1.777565  [  640/  678]
Average Training Loss: 0.645685
Val Loss: 2.7047 | C-index: 0.6406

Epoch 8
-------------------------------
loss: 1.715263  [   64/  678]
loss: 1.601593  [  256/  678]
loss: 1.324084  [  448/  678]
loss: 1.106351  [  640/  678]
Average Training Loss: 0.522481
Val Loss: 2.2991 | C-index: 0.6902

Epoch 9
-------------------------------
loss: 1.183725  [   64/  678]
loss: 1.651799  [  256/  678]
loss: 0.989426  [  448/  678]
loss: 1.375982  [  640/  678]
Average Training Loss: 0.472812
Val Loss: 2.8444 | C-index: 0.6732

Epoch 10
-------------------------------
loss: 1.356481  [   64/  678]
loss: 1.406795  [  256/  678]
loss: 0.997797  [  448/  678]
loss: 1.906710  [  640/  678]
Average Training Loss: 0.515253
Val Loss: 3.0899 | C-index: 0.6365

Stopping early at Epoch 10 since no C-Index improvement after 5 epochs.
Done!
Best C-Index = 0.6942934782608695 at Epoch 5

=========================================
CV training complete! Mean ± std C-index: 0.7006 ± 0.0172
Best epochs per fold: [5, 6, 5, 5, 5]

=========================================
Retraining model on full train+val for 5 epochs...
Epoch 1
-------------------------------
loss: 2.631844  [   64/  847]
loss: 2.726449  [  320/  847]
loss: 3.313646  [  576/  847]
loss: 2.831417  [  832/  847]
Average Training Loss: 0.821668
Val Loss: 2.7925 | C-index: 0.6930

Epoch 2
-------------------------------
loss: 2.738076  [   64/  847]
loss: 3.123870  [  320/  847]
loss: 2.275558  [  576/  847]
loss: 2.904758  [  832/  847]
Average Training Loss: 0.788733
Val Loss: 2.6092 | C-index: 0.7994

Epoch 3
-------------------------------
loss: 2.879141  [   64/  847]
loss: 2.451250  [  320/  847]
loss: 2.735986  [  576/  847]
loss: 2.763865  [  832/  847]
Average Training Loss: 0.773589
Val Loss: 2.3818 | C-index: 0.8997

Epoch 4
-------------------------------
loss: 2.383106  [   64/  847]
loss: 2.922174  [  320/  847]
loss: 2.345715  [  576/  847]
loss: 1.522431  [  832/  847]
Average Training Loss: 0.655245
Val Loss: 1.8170 | C-index: 0.9176

Epoch 5
-------------------------------
loss: 2.318825  [   64/  847]
loss: 1.881704  [  320/  847]
loss: 2.314969  [  576/  847]
loss: 1.541315  [  832/  847]
Average Training Loss: 0.575487
Val Loss: 1.5833 | C-index: 0.9331

Done!
Best C-Index = 0.933115629394799 at Epoch 5
FINAL TEST Average Loss: 2.6855
FINAL TEST C-index: 0.6086
Bootstrap 95% CI: [0.4925, 0.7315]
Results saved to /Users/evan/Documents/GitHub/HyBINN/experiments/runs/gene_clinical/seed_7/results.json
