train_hybinn.py log started 2026-06-17 01:10:32.669038
=========================================
Model Active Branches: ['binn', 'gene']
=========================================

=========================================
FOLD 1/5
=========================================

Epoch 1
-------------------------------
loss: 3.058655  [   64/  677]
loss: 3.180367  [  256/  677]
loss: 3.059058  [  448/  677]
loss: 2.817070  [  640/  677]
Average Training Loss: 1.101377
Val Loss: 3.0578 | C-index: 0.4700

Epoch 2
-------------------------------
loss: 3.363894  [   64/  677]
loss: 3.042744  [  256/  677]
loss: 2.854444  [  448/  677]
loss: 2.865160  [  640/  677]
Average Training Loss: 1.102386
Val Loss: 3.0784 | C-index: 0.4586

Epoch 3
-------------------------------
loss: 2.531415  [   64/  677]
loss: 3.242106  [  256/  677]
loss: 3.086632  [  448/  677]
loss: 2.614381  [  640/  677]
Average Training Loss: 1.043139
Val Loss: 2.9824 | C-index: 0.5916

Epoch 4
-------------------------------
loss: 2.306120  [   64/  677]
loss: 2.589031  [  256/  677]
loss: 3.027833  [  448/  677]
loss: 2.755904  [  640/  677]
Average Training Loss: 0.970808
Val Loss: 2.7626 | C-index: 0.7752

Epoch 5
-------------------------------
loss: 2.272419  [   64/  677]
loss: 2.611168  [  256/  677]
loss: 1.683133  [  448/  677]
loss: 2.572281  [  640/  677]
Average Training Loss: 0.830818
Val Loss: 2.9765 | C-index: 0.7027

Epoch 6
-------------------------------
loss: 1.650228  [   64/  677]
loss: 1.502312  [  256/  677]
loss: 1.586340  [  448/  677]
loss: 1.479868  [  640/  677]
Average Training Loss: 0.565341
Val Loss: 2.9129 | C-index: 0.7042

Epoch 7
-------------------------------
loss: 1.696704  [   64/  677]
loss: 2.480014  [  256/  677]
loss: 1.385438  [  448/  677]
loss: 0.868823  [  640/  677]
Average Training Loss: 0.584634
Val Loss: 3.0348 | C-index: 0.7007

Epoch 8
-------------------------------
loss: 1.335038  [   64/  677]
loss: 1.948766  [  256/  677]
loss: 1.654231  [  448/  677]
loss: 2.947625  [  640/  677]
Average Training Loss: 0.716878
Val Loss: 3.0750 | C-index: 0.7007

Epoch 9
-------------------------------
loss: 0.647753  [   64/  677]
loss: 1.634083  [  256/  677]
loss: 1.508067  [  448/  677]
loss: 1.879780  [  640/  677]
Average Training Loss: 0.515426
Val Loss: 2.8536 | C-index: 0.7390

Stopping early at Epoch 9 since no C-Index improvement after 5 epochs.
Done!
Best C-Index = 0.7751861042183623 at Epoch 4

=========================================
FOLD 2/5
=========================================

Epoch 1
-------------------------------
loss: 3.011262  [   64/  677]
loss: 2.299969  [  256/  677]
loss: 2.987547  [  448/  677]
loss: 3.183974  [  640/  677]
Average Training Loss: 1.043887
Val Loss: 2.6025 | C-index: 0.5317

Epoch 2
-------------------------------
loss: 2.557155  [   64/  677]
loss: 2.731251  [  256/  677]
loss: 2.942391  [  448/  677]
loss: 2.793638  [  640/  677]
Average Training Loss: 1.002221
Val Loss: 2.5719 | C-index: 0.5921

Epoch 3
-------------------------------
loss: 3.099645  [   64/  677]
loss: 2.888085  [  256/  677]
loss: 3.507814  [  448/  677]
loss: 2.664526  [  640/  677]
Average Training Loss: 1.105461
Val Loss: 2.5507 | C-index: 0.6246

Epoch 4
-------------------------------
loss: 2.240452  [   64/  677]
loss: 2.103248  [  256/  677]
loss: 2.633650  [  448/  677]
loss: 2.344537  [  640/  677]
Average Training Loss: 0.847444
Val Loss: 2.5716 | C-index: 0.6817

Epoch 5
-------------------------------
loss: 2.347677  [   64/  677]
loss: 1.694511  [  256/  677]
loss: 1.819692  [  448/  677]
loss: 1.560257  [  640/  677]
Average Training Loss: 0.674740
Val Loss: 2.5013 | C-index: 0.6920

Epoch 6
-------------------------------
loss: 1.939588  [   64/  677]
loss: 2.242521  [  256/  677]
loss: 1.784000  [  448/  677]
loss: 1.821212  [  640/  677]
Average Training Loss: 0.707938
Val Loss: 2.9255 | C-index: 0.6440

Epoch 7
-------------------------------
loss: 1.331103  [   64/  677]
loss: 1.763545  [  256/  677]
loss: 1.262458  [  448/  677]
loss: 1.402634  [  640/  677]
Average Training Loss: 0.523613
Val Loss: 3.2465 | C-index: 0.6121

Epoch 8
-------------------------------
loss: 1.171215  [   64/  677]
loss: 1.471321  [  256/  677]
loss: 1.140655  [  448/  677]
loss: 1.513415  [  640/  677]
Average Training Loss: 0.481510
Val Loss: 3.1213 | C-index: 0.7210

Epoch 9
-------------------------------
loss: 1.457145  [   64/  677]
loss: 0.814579  [  256/  677]
loss: 1.563211  [  448/  677]
loss: 1.907147  [  640/  677]
Average Training Loss: 0.522007
Val Loss: 3.0721 | C-index: 0.6680

Epoch 10
-------------------------------
loss: 0.697390  [   64/  677]
loss: 0.974702  [  256/  677]
loss: 1.797601  [  448/  677]
loss: 2.129850  [  640/  677]
Average Training Loss: 0.509049
Val Loss: 2.9598 | C-index: 0.7028

Epoch 11
-------------------------------
loss: 1.201311  [   64/  677]
loss: 1.331304  [  256/  677]
loss: 0.887624  [  448/  677]
loss: 1.341089  [  640/  677]
Average Training Loss: 0.432848
Val Loss: 3.0214 | C-index: 0.6834

Epoch 12
-------------------------------
loss: 1.218813  [   64/  677]
loss: 0.293917  [  256/  677]
loss: 1.519606  [  448/  677]
loss: 1.127151  [  640/  677]
Average Training Loss: 0.378135
Val Loss: 3.3411 | C-index: 0.6977

Epoch 13
-------------------------------
loss: 1.138677  [   64/  677]
loss: 1.156516  [  256/  677]
loss: 0.641958  [  448/  677]
loss: 1.044097  [  640/  677]
Average Training Loss: 0.361932
Val Loss: 3.0735 | C-index: 0.6246

Stopping early at Epoch 13 since no C-Index improvement after 5 epochs.
Done!
Best C-Index = 0.7210496292070736 at Epoch 8

=========================================
FOLD 3/5
=========================================

Epoch 1
-------------------------------
loss: 2.890873  [   64/  678]
loss: 3.237788  [  256/  678]
loss: 2.417718  [  448/  678]
loss: 2.817952  [  640/  678]
Average Training Loss: 1.033121
Val Loss: 3.0324 | C-index: 0.5225

Epoch 2
-------------------------------
loss: 2.889019  [   64/  678]
loss: 2.807550  [  256/  678]
loss: 2.972694  [  448/  678]
loss: 2.392741  [  640/  678]
Average Training Loss: 1.005637
Val Loss: 3.0390 | C-index: 0.5791

Epoch 3
-------------------------------
loss: 2.809259  [   64/  678]
loss: 3.228131  [  256/  678]
loss: 2.492785  [  448/  678]
loss: 2.441183  [  640/  678]
Average Training Loss: 0.997396
Val Loss: 3.0624 | C-index: 0.5781

Epoch 4
-------------------------------
loss: 2.676072  [   64/  678]
loss: 2.471501  [  256/  678]
loss: 2.456855  [  448/  678]
loss: 2.758172  [  640/  678]
Average Training Loss: 0.942055
Val Loss: 3.1197 | C-index: 0.6022

Epoch 5
-------------------------------
loss: 2.006485  [   64/  678]
loss: 2.004948  [  256/  678]
loss: 1.021096  [  448/  678]
loss: 2.252992  [  640/  678]
Average Training Loss: 0.662320
Val Loss: 3.4507 | C-index: 0.5472

Epoch 6
-------------------------------
loss: 1.753702  [   64/  678]
loss: 2.286196  [  256/  678]
loss: 1.372211  [  448/  678]
loss: 1.530503  [  640/  678]
Average Training Loss: 0.631147
Val Loss: 3.4410 | C-index: 0.6048

Epoch 7
-------------------------------
loss: 1.948784  [   64/  678]
loss: 2.364768  [  256/  678]
loss: 2.062145  [  448/  678]
loss: 1.496816  [  640/  678]
Average Training Loss: 0.715683
Val Loss: 3.7182 | C-index: 0.5634

Epoch 8
-------------------------------
loss: 1.356357  [   64/  678]
loss: 0.439366  [  256/  678]
loss: 1.304371  [  448/  678]
loss: 1.329152  [  640/  678]
Average Training Loss: 0.402659
Val Loss: 3.6099 | C-index: 0.5938

Epoch 9
-------------------------------
loss: 1.907177  [   64/  678]
loss: 1.379997  [  256/  678]
loss: 1.335137  [  448/  678]
loss: 1.225549  [  640/  678]
Average Training Loss: 0.531624
Val Loss: 3.5706 | C-index: 0.6006

Epoch 10
-------------------------------
loss: 0.549267  [   64/  678]
loss: 0.963109  [  256/  678]
loss: 1.067047  [  448/  678]
loss: 1.596634  [  640/  678]
Average Training Loss: 0.379641
Val Loss: 3.6642 | C-index: 0.5870

Epoch 11
-------------------------------
loss: 1.240097  [   64/  678]
loss: 1.219164  [  256/  678]
loss: 0.608739  [  448/  678]
loss: 0.896775  [  640/  678]
Average Training Loss: 0.360434
Val Loss: 3.6897 | C-index: 0.6059

Epoch 12
-------------------------------
loss: 1.069645  [   64/  678]
loss: 1.723794  [  256/  678]
loss: 1.348615  [  448/  678]
loss: 1.599781  [  640/  678]
Average Training Loss: 0.521985
Val Loss: 3.6601 | C-index: 0.6085

Epoch 13
-------------------------------
loss: 1.254755  [   64/  678]
loss: 1.727800  [  256/  678]
loss: 1.443436  [  448/  678]
loss: 1.276761  [  640/  678]
Average Training Loss: 0.518432
Val Loss: 3.6038 | C-index: 0.6001

Epoch 14
-------------------------------
loss: 1.265360  [   64/  678]
loss: 1.223340  [  256/  678]
loss: 1.699808  [  448/  678]
loss: 0.628173  [  640/  678]
Average Training Loss: 0.437880
Val Loss: 3.4450 | C-index: 0.5891

Epoch 15
-------------------------------
loss: 1.330355  [   64/  678]
loss: 0.933148  [  256/  678]
loss: 0.668968  [  448/  678]
loss: 1.283516  [  640/  678]
Average Training Loss: 0.383272
Val Loss: 3.4825 | C-index: 0.6305

Epoch 16
-------------------------------
loss: 0.680157  [   64/  678]
loss: 1.424868  [  256/  678]
loss: 1.899171  [  448/  678]
loss: 1.100295  [  640/  678]
Average Training Loss: 0.464045
Val Loss: 3.4562 | C-index: 0.6205

Epoch 17
-------------------------------
loss: 0.986128  [   64/  678]
loss: 1.207792  [  256/  678]
loss: 1.026823  [  448/  678]
loss: 1.116196  [  640/  678]
Average Training Loss: 0.394267
Val Loss: 3.8078 | C-index: 0.5907

Epoch 18
-------------------------------
loss: 0.841485  [   64/  678]
loss: 0.988122  [  256/  678]
loss: 0.749487  [  448/  678]
loss: 1.612692  [  640/  678]
Average Training Loss: 0.381072
Val Loss: 3.9297 | C-index: 0.5870

Epoch 19
-------------------------------
loss: 1.358298  [   64/  678]
loss: 0.809626  [  256/  678]
loss: 1.031239  [  448/  678]
loss: 1.085766  [  640/  678]
Average Training Loss: 0.389539
Val Loss: 4.0120 | C-index: 0.5770

Epoch 20
-------------------------------
loss: 1.069035  [   64/  678]
loss: 0.720349  [  256/  678]
loss: 1.477392  [  448/  678]
loss: 1.347723  [  640/  678]
Average Training Loss: 0.419500
Val Loss: 3.9153 | C-index: 0.6074

Stopping early at Epoch 20 since no C-Index improvement after 5 epochs.
Done!
Best C-Index = 0.6305031446540881 at Epoch 15

=========================================
FOLD 4/5
=========================================

Epoch 1
-------------------------------
loss: 3.248665  [   64/  678]
loss: 3.151837  [  256/  678]
loss: 3.001848  [  448/  678]
loss: 3.134443  [  640/  678]
Average Training Loss: 1.139708
Val Loss: 2.2407 | C-index: 0.7201

Epoch 2
-------------------------------
loss: 3.291187  [   64/  678]
loss: 3.145932  [  256/  678]
loss: 3.107238  [  448/  678]
loss: 3.099177  [  640/  678]
Average Training Loss: 1.149412
Val Loss: 2.1970 | C-index: 0.7400

Epoch 3
-------------------------------
loss: 3.383260  [   64/  678]
loss: 2.508607  [  256/  678]
loss: 2.924925  [  448/  678]
loss: 3.306710  [  640/  678]
Average Training Loss: 1.102137
Val Loss: 2.1481 | C-index: 0.7111

Epoch 4
-------------------------------
loss: 2.688993  [   64/  678]
loss: 3.380736  [  256/  678]
loss: 3.072551  [  448/  678]
loss: 3.215298  [  640/  678]
Average Training Loss: 1.123416
Val Loss: 2.3255 | C-index: 0.6223

Epoch 5
-------------------------------
loss: 2.690949  [   64/  678]
loss: 2.211900  [  256/  678]
loss: 2.094570  [  448/  678]
loss: 1.875283  [  640/  678]
Average Training Loss: 0.806609
Val Loss: 2.2894 | C-index: 0.6413

Epoch 6
-------------------------------
loss: 1.314506  [   64/  678]
loss: 2.339909  [  256/  678]
loss: 1.881155  [  448/  678]
loss: 2.043602  [  640/  678]
Average Training Loss: 0.689016
Val Loss: 2.3204 | C-index: 0.6422

Epoch 7
-------------------------------
loss: 1.192635  [   64/  678]
loss: 2.019187  [  256/  678]
loss: 1.733889  [  448/  678]
loss: 1.758789  [  640/  678]
Average Training Loss: 0.609500
Val Loss: 2.5870 | C-index: 0.6168

Stopping early at Epoch 7 since no C-Index improvement after 5 epochs.
Done!
Best C-Index = 0.740036231884058 at Epoch 2

=========================================
FOLD 5/5
=========================================

Epoch 1
-------------------------------
loss: 3.334040  [   64/  678]
loss: 3.227114  [  256/  678]
loss: 3.114832  [  448/  678]
loss: 3.433169  [  640/  678]
Average Training Loss: 1.191741
Val Loss: 2.8964 | C-index: 0.5944

Epoch 2
-------------------------------
loss: 2.605544  [   64/  678]
loss: 2.817310  [  256/  678]
loss: 2.719439  [  448/  678]
loss: 2.628969  [  640/  678]
Average Training Loss: 0.979206
Val Loss: 2.8906 | C-index: 0.5980

Epoch 3
-------------------------------
loss: 2.729568  [   64/  678]
loss: 2.662162  [  256/  678]
loss: 2.778453  [  448/  678]
loss: 2.696018  [  640/  678]
Average Training Loss: 0.987836
Val Loss: 2.8408 | C-index: 0.6278

Epoch 4
-------------------------------
loss: 2.417520  [   64/  678]
loss: 2.743871  [  256/  678]
loss: 2.425135  [  448/  678]
loss: 1.435780  [  640/  678]
Average Training Loss: 0.820210
Val Loss: 3.0335 | C-index: 0.6171

Epoch 5
-------------------------------
loss: 2.212322  [   64/  678]
loss: 1.238709  [  256/  678]
loss: 2.130060  [  448/  678]
loss: 1.579774  [  640/  678]
Average Training Loss: 0.650988
Val Loss: 3.0404 | C-index: 0.6320

Epoch 6
-------------------------------
loss: 1.416635  [   64/  678]
loss: 1.468524  [  256/  678]
loss: 1.287788  [  448/  678]
loss: 2.597271  [  640/  678]
Average Training Loss: 0.615474
Val Loss: 2.9691 | C-index: 0.6189

Epoch 7
-------------------------------
loss: 2.053227  [   64/  678]
loss: 1.539607  [  256/  678]
loss: 1.942703  [  448/  678]
loss: 1.625306  [  640/  678]
Average Training Loss: 0.650986
Val Loss: 3.4882 | C-index: 0.6517

Epoch 8
-------------------------------
loss: 2.273860  [   64/  678]
loss: 1.345008  [  256/  678]
loss: 1.663248  [  448/  678]
loss: 1.650739  [  640/  678]
Average Training Loss: 0.630260
Val Loss: 3.0573 | C-index: 0.5759

Epoch 9
-------------------------------
loss: 0.633447  [   64/  678]
loss: 1.561420  [  256/  678]
loss: 1.448713  [  448/  678]
loss: 1.670595  [  640/  678]
Average Training Loss: 0.483107
Val Loss: 3.3822 | C-index: 0.6225

Epoch 10
-------------------------------
loss: 1.656398  [   64/  678]
loss: 0.818951  [  256/  678]
loss: 1.445558  [  448/  678]
loss: 0.773659  [  640/  678]
Average Training Loss: 0.426779
Val Loss: 3.3769 | C-index: 0.6476

Epoch 11
-------------------------------
loss: 1.310058  [   64/  678]
loss: 1.423878  [  256/  678]
loss: 1.748636  [  448/  678]
loss: 1.311536  [  640/  678]
Average Training Loss: 0.526737
Val Loss: 4.0620 | C-index: 0.6010

Epoch 12
-------------------------------
loss: 1.124418  [   64/  678]
loss: 0.996814  [  256/  678]
loss: 1.353590  [  448/  678]
loss: 1.267657  [  640/  678]
Average Training Loss: 0.431134
Val Loss: 3.1932 | C-index: 0.6356

Stopping early at Epoch 12 since no C-Index improvement after 5 epochs.
Done!
Best C-Index = 0.6517323775388292 at Epoch 7

=========================================
CV training complete! Mean ± std C-index: 0.7037 ± 0.0544
Best epochs per fold: [4, 8, 15, 2, 7]

=========================================
Retraining model on full train+val for 7 epochs...
Epoch 1
-------------------------------
loss: 3.345216  [   64/  847]
loss: 3.482213  [  320/  847]
loss: 3.242589  [  576/  847]
loss: 3.509693  [  832/  847]
Average Training Loss: 0.969979
Val Loss: 2.9276 | C-index: 0.6813

Epoch 2
-------------------------------
loss: 2.635785  [   64/  847]
loss: 3.363068  [  320/  847]
loss: 2.421064  [  576/  847]
loss: 2.700306  [  832/  847]
Average Training Loss: 0.794302
Val Loss: 2.6704 | C-index: 0.7686

Epoch 3
-------------------------------
loss: 2.115753  [   64/  847]
loss: 3.123296  [  320/  847]
loss: 2.992614  [  576/  847]
loss: 2.548335  [  832/  847]
Average Training Loss: 0.770000
Val Loss: 2.3887 | C-index: 0.8497

Epoch 4
-------------------------------
loss: 2.565417  [   64/  847]
loss: 2.525610  [  320/  847]
loss: 2.464323  [  576/  847]
loss: 2.568865  [  832/  847]
Average Training Loss: 0.723158
Val Loss: 1.9757 | C-index: 0.9051

Epoch 5
-------------------------------
loss: 2.346400  [   64/  847]
loss: 2.548213  [  320/  847]
loss: 2.273407  [  576/  847]
loss: 1.559825  [  832/  847]
Average Training Loss: 0.623418
Val Loss: 1.7945 | C-index: 0.9174

Epoch 6
-------------------------------
loss: 1.758355  [   64/  847]
loss: 1.672705  [  320/  847]
loss: 2.355126  [  576/  847]
loss: 2.225144  [  832/  847]
Average Training Loss: 0.572238
Val Loss: 1.4173 | C-index: 0.9477

Epoch 7
-------------------------------
loss: 0.712273  [   64/  847]
loss: 1.961394  [  320/  847]
loss: 1.278128  [  576/  847]
loss: 1.099322  [  832/  847]
Average Training Loss: 0.360794
Val Loss: 1.3614 | C-index: 0.9475

Done!
Best C-Index = 0.9477496120020693 at Epoch 6
FINAL TEST Average Loss: 2.6091
FINAL TEST C-index: 0.5992
Bootstrap 95% CI: [0.4478, 0.7553]
Top 10 activated pathways:
{'R-HSA-9909505': 0.04398762062191963, 'R-HSA-6803529': 0.042263664305210114, 'R-HSA-1368108': 0.04054008051753044, 'R-HSA-167169': 0.04036223143339157, 'R-HSA-9725371': 0.039225514978170395, 'R-HSA-4791275': 0.03851617872714996, 'R-HSA-1222556': 0.03837434574961662, 'R-HSA-164938': 0.03622065484523773, 'R-HSA-5357956': 0.03493993729352951, 'R-HSA-9840309': 0.03464275598526001}
Results saved to /Users/evan/Documents/GitHub/HyBINN/experiments/runs/binn_gene/seed_3/results.json
