train_hybinn.py log started 2026-06-05 22:30:44.833108
=========================================
Model Active Branches: ['binn', 'gene', 'clinical']
=========================================

=========================================
FOLD 1/5
=========================================

Epoch 1
-------------------------------
loss: 2.681328  [   64/  677]
loss: 2.980878  [  256/  677]
loss: 2.670589  [  448/  677]
loss: 3.245911  [  640/  677]
Average Training Loss: 1.052610
Val Loss: 2.7216 | C-index: 0.6081

Epoch 2
-------------------------------
loss: 2.080408  [   64/  677]
loss: 3.048117  [  256/  677]
loss: 3.292398  [  448/  677]
loss: 2.961015  [  640/  677]
Average Training Loss: 1.034722
Val Loss: 2.6891 | C-index: 0.6705

Epoch 3
-------------------------------
loss: 3.189066  [   64/  677]
loss: 3.158209  [  256/  677]
loss: 2.744138  [  448/  677]
loss: 3.015570  [  640/  677]
Average Training Loss: 1.100635
Val Loss: 2.6520 | C-index: 0.6699

Epoch 4
-------------------------------
loss: 2.493013  [   64/  677]
loss: 2.942001  [  256/  677]
loss: 2.747334  [  448/  677]
loss: 2.654790  [  640/  677]
Average Training Loss: 0.985194
Val Loss: 2.5527 | C-index: 0.7428

Epoch 5
-------------------------------
loss: 2.608066  [   64/  677]
loss: 2.148789  [  256/  677]
loss: 1.649833  [  448/  677]
loss: 2.380832  [  640/  677]
Average Training Loss: 0.798865
Val Loss: 2.5962 | C-index: 0.6289

Epoch 6
-------------------------------
loss: 2.016658  [   64/  677]
loss: 1.588552  [  256/  677]
loss: 1.374142  [  448/  677]
loss: 1.290555  [  640/  677]
Average Training Loss: 0.569992
Val Loss: 2.4862 | C-index: 0.6723

Epoch 7
-------------------------------
loss: 1.192001  [   64/  677]
loss: 1.297461  [  256/  677]
loss: 2.086991  [  448/  677]
loss: 1.913310  [  640/  677]
Average Training Loss: 0.589978
Val Loss: 2.6280 | C-index: 0.6815

Epoch 8
-------------------------------
loss: 1.793020  [   64/  677]
loss: 1.270285  [  256/  677]
loss: 1.506768  [  448/  677]
loss: 1.730108  [  640/  677]
Average Training Loss: 0.572744
Val Loss: 2.7128 | C-index: 0.6272

Epoch 9
-------------------------------
loss: 1.648977  [   64/  677]
loss: 1.157011  [  256/  677]
loss: 1.328937  [  448/  677]
loss: 1.675784  [  640/  677]
Average Training Loss: 0.528246
Val Loss: 2.6512 | C-index: 0.6728

Stopping early at Epoch 9 since no C-Index improvement after 5 epochs.
Done!
Best C-Index = 0.7427745664739884 at Epoch 4

=========================================
FOLD 2/5
=========================================

Epoch 1
-------------------------------
loss: 3.176478  [   64/  677]
loss: 3.190455  [  256/  677]
loss: 3.064763  [  448/  677]
loss: 3.270085  [  640/  677]
Average Training Loss: 1.154707
Val Loss: 2.4335 | C-index: 0.5397

Epoch 2
-------------------------------
loss: 3.468145  [   64/  677]
loss: 2.902937  [  256/  677]
loss: 3.499126  [  448/  677]
loss: 2.691773  [  640/  677]
Average Training Loss: 1.141998
Val Loss: 2.4161 | C-index: 0.6655

Epoch 3
-------------------------------
loss: 2.319646  [   64/  677]
loss: 3.312188  [  256/  677]
loss: 2.906317  [  448/  677]
loss: 2.793784  [  640/  677]
Average Training Loss: 1.030176
Val Loss: 2.3916 | C-index: 0.6524

Epoch 4
-------------------------------
loss: 2.725414  [   64/  677]
loss: 2.727422  [  256/  677]
loss: 2.682330  [  448/  677]
loss: 2.399606  [  640/  677]
Average Training Loss: 0.957707
Val Loss: 2.3629 | C-index: 0.6759

Epoch 5
-------------------------------
loss: 2.319151  [   64/  677]
loss: 2.082510  [  256/  677]
loss: 2.035479  [  448/  677]
loss: 2.189590  [  640/  677]
Average Training Loss: 0.784248
Val Loss: 2.3408 | C-index: 0.6489

Epoch 6
-------------------------------
loss: 2.128540  [   64/  677]
loss: 1.745356  [  256/  677]
loss: 2.022719  [  448/  677]
loss: 1.143870  [  640/  677]
Average Training Loss: 0.640044
Val Loss: 2.3521 | C-index: 0.7056

Epoch 7
-------------------------------
loss: 1.163443  [   64/  677]
loss: 1.683738  [  256/  677]
loss: 1.077543  [  448/  677]
loss: 1.505120  [  640/  677]
Average Training Loss: 0.493622
Val Loss: 3.0866 | C-index: 0.5736

Epoch 8
-------------------------------
loss: 1.546562  [   64/  677]
loss: 0.754586  [  256/  677]
loss: 1.378663  [  448/  677]
loss: 1.922272  [  640/  677]
Average Training Loss: 0.509280
Val Loss: 2.6014 | C-index: 0.6966

Epoch 9
-------------------------------
loss: 1.069888  [   64/  677]
loss: 1.285341  [  256/  677]
loss: 1.183531  [  448/  677]
loss: 1.904443  [  640/  677]
Average Training Loss: 0.494837
Val Loss: 2.4570 | C-index: 0.6780

Epoch 10
-------------------------------
loss: 1.269227  [   64/  677]
loss: 2.396058  [  256/  677]
loss: 2.175215  [  448/  677]
loss: 0.958214  [  640/  677]
Average Training Loss: 0.618065
Val Loss: 2.3573 | C-index: 0.7402

Epoch 11
-------------------------------
loss: 2.025148  [   64/  677]
loss: 1.457225  [  256/  677]
loss: 1.435021  [  448/  677]
loss: 1.078076  [  640/  677]
Average Training Loss: 0.545043
Val Loss: 2.4718 | C-index: 0.6945

Epoch 12
-------------------------------
loss: 1.308225  [   64/  677]
loss: 1.481242  [  256/  677]
loss: 1.644722  [  448/  677]
loss: 1.440434  [  640/  677]
Average Training Loss: 0.534057
Val Loss: 2.4855 | C-index: 0.6980

Epoch 13
-------------------------------
loss: 1.146667  [   64/  677]
loss: 0.761307  [  256/  677]
loss: 1.201469  [  448/  677]
loss: 1.192208  [  640/  677]
Average Training Loss: 0.391059
Val Loss: 2.9122 | C-index: 0.6676

Epoch 14
-------------------------------
loss: 1.164054  [   64/  677]
loss: 1.260532  [  256/  677]
loss: 0.924239  [  448/  677]
loss: 0.907384  [  640/  677]
Average Training Loss: 0.386928
Val Loss: 2.7380 | C-index: 0.6538

Epoch 15
-------------------------------
loss: 1.327672  [   64/  677]
loss: 1.483822  [  256/  677]
loss: 2.176609  [  448/  677]
loss: 0.768346  [  640/  677]
Average Training Loss: 0.523313
Val Loss: 2.9198 | C-index: 0.6669

Stopping early at Epoch 15 since no C-Index improvement after 5 epochs.
Done!
Best C-Index = 0.7401520387007602 at Epoch 10

=========================================
FOLD 3/5
=========================================

Epoch 1
-------------------------------
loss: 3.395110  [   64/  678]
loss: 3.045877  [  256/  678]
loss: 2.950656  [  448/  678]
loss: 2.947133  [  640/  678]
Average Training Loss: 1.121707
Val Loss: 2.8135 | C-index: 0.6294

Epoch 2
-------------------------------
loss: 2.799388  [   64/  678]
loss: 2.189297  [  256/  678]
loss: 2.491549  [  448/  678]
loss: 2.980961  [  640/  678]
Average Training Loss: 0.951018
Val Loss: 2.7815 | C-index: 0.6643

Epoch 3
-------------------------------
loss: 2.370112  [   64/  678]
loss: 3.027968  [  256/  678]
loss: 2.920344  [  448/  678]
loss: 1.962316  [  640/  678]
Average Training Loss: 0.934613
Val Loss: 2.7740 | C-index: 0.6871

Epoch 4
-------------------------------
loss: 2.035781  [   64/  678]
loss: 1.908769  [  256/  678]
loss: 2.845089  [  448/  678]
loss: 2.673948  [  640/  678]
Average Training Loss: 0.860326
Val Loss: 2.7790 | C-index: 0.6865

Epoch 5
-------------------------------
loss: 1.988243  [   64/  678]
loss: 2.199646  [  256/  678]
loss: 2.269877  [  448/  678]
loss: 2.001641  [  640/  678]
Average Training Loss: 0.769037
Val Loss: 2.8610 | C-index: 0.7110

Epoch 6
-------------------------------
loss: 1.923342  [   64/  678]
loss: 1.454385  [  256/  678]
loss: 2.084991  [  448/  678]
loss: 2.035836  [  640/  678]
Average Training Loss: 0.681687
Val Loss: 2.9341 | C-index: 0.6888

Epoch 7
-------------------------------
loss: 1.990912  [   64/  678]
loss: 1.754358  [  256/  678]
loss: 2.094113  [  448/  678]
loss: 1.030208  [  640/  678]
Average Training Loss: 0.624508
Val Loss: 2.7787 | C-index: 0.7057

Epoch 8
-------------------------------
loss: 0.981178  [   64/  678]
loss: 1.661642  [  256/  678]
loss: 1.431002  [  448/  678]
loss: 2.164197  [  640/  678]
Average Training Loss: 0.567093
Val Loss: 3.0948 | C-index: 0.7139

Epoch 9
-------------------------------
loss: 0.872820  [   64/  678]
loss: 1.391726  [  256/  678]
loss: 1.506134  [  448/  678]
loss: 1.377605  [  640/  678]
Average Training Loss: 0.468026
Val Loss: 3.0566 | C-index: 0.7191

Epoch 10
-------------------------------
loss: 1.265534  [   64/  678]
loss: 1.370542  [  256/  678]
loss: 1.138721  [  448/  678]
loss: 0.976848  [  640/  678]
Average Training Loss: 0.431968
Val Loss: 3.1564 | C-index: 0.7104

Epoch 11
-------------------------------
loss: 1.261406  [   64/  678]
loss: 1.357307  [  256/  678]
loss: 1.360687  [  448/  678]
loss: 1.922623  [  640/  678]
Average Training Loss: 0.536548
Val Loss: 3.3085 | C-index: 0.6929

Epoch 12
-------------------------------
loss: 0.988557  [   64/  678]
loss: 0.937817  [  256/  678]
loss: 1.241846  [  448/  678]
loss: 0.928509  [  640/  678]
Average Training Loss: 0.372430
Val Loss: 3.5171 | C-index: 0.6987

Epoch 13
-------------------------------
loss: 1.146670  [   64/  678]
loss: 1.377303  [  256/  678]
loss: 1.510363  [  448/  678]
loss: 1.158555  [  640/  678]
Average Training Loss: 0.472081
Val Loss: 3.5920 | C-index: 0.7110

Epoch 14
-------------------------------
loss: 1.129872  [   64/  678]
loss: 0.663367  [  256/  678]
loss: 1.316640  [  448/  678]
loss: 1.638323  [  640/  678]
Average Training Loss: 0.431655
Val Loss: 3.5804 | C-index: 0.6742

Stopping early at Epoch 14 since no C-Index improvement after 5 epochs.
Done!
Best C-Index = 0.7191142191142191 at Epoch 9

=========================================
FOLD 4/5
=========================================

Epoch 1
-------------------------------
loss: 2.294390  [   64/  678]
loss: 2.719387  [  256/  678]
loss: 2.989561  [  448/  678]
loss: 2.829824  [  640/  678]
Average Training Loss: 0.984833
Val Loss: 2.6221 | C-index: 0.6603

Epoch 2
-------------------------------
loss: 2.909698  [   64/  678]
loss: 2.975763  [  256/  678]
loss: 3.540696  [  448/  678]
loss: 2.579633  [  640/  678]
Average Training Loss: 1.091435
Val Loss: 2.6113 | C-index: 0.6596

Epoch 3
-------------------------------
loss: 3.028226  [   64/  678]
loss: 1.843857  [  256/  678]
loss: 2.691363  [  448/  678]
loss: 3.222728  [  640/  678]
Average Training Loss: 0.980561
Val Loss: 2.5742 | C-index: 0.6873

Epoch 4
-------------------------------
loss: 2.391667  [   64/  678]
loss: 2.766063  [  256/  678]
loss: 3.137825  [  448/  678]
loss: 2.246339  [  640/  678]
Average Training Loss: 0.958354
Val Loss: 2.5498 | C-index: 0.6851

Epoch 5
-------------------------------
loss: 2.032030  [   64/  678]
loss: 1.585008  [  256/  678]
loss: 2.134378  [  448/  678]
loss: 2.247754  [  640/  678]
Average Training Loss: 0.727197
Val Loss: 2.8075 | C-index: 0.7194

Epoch 6
-------------------------------
loss: 1.462263  [   64/  678]
loss: 1.532671  [  256/  678]
loss: 1.902720  [  448/  678]
loss: 2.014042  [  640/  678]
Average Training Loss: 0.628336
Val Loss: 2.5923 | C-index: 0.6939

Epoch 7
-------------------------------
loss: 2.002157  [   64/  678]
loss: 1.856662  [  256/  678]
loss: 1.849069  [  448/  678]
loss: 1.450916  [  640/  678]
Average Training Loss: 0.650800
Val Loss: 2.6268 | C-index: 0.7456

Epoch 8
-------------------------------
loss: 1.729450  [   64/  678]
loss: 1.178704  [  256/  678]
loss: 1.806715  [  448/  678]
loss: 1.180643  [  640/  678]
Average Training Loss: 0.535956
Val Loss: 3.2956 | C-index: 0.6122

Epoch 9
-------------------------------
loss: 1.475834  [   64/  678]
loss: 1.543717  [  256/  678]
loss: 1.654815  [  448/  678]
loss: 1.312049  [  640/  678]
Average Training Loss: 0.544220
Val Loss: 2.5153 | C-index: 0.7354

Epoch 10
-------------------------------
loss: 1.319206  [   64/  678]
loss: 2.083320  [  256/  678]
loss: 1.730262  [  448/  678]
loss: 1.257648  [  640/  678]
Average Training Loss: 0.580949
Val Loss: 2.9476 | C-index: 0.6822

Epoch 11
-------------------------------
loss: 1.736768  [   64/  678]
loss: 1.282115  [  256/  678]
loss: 1.253658  [  448/  678]
loss: 1.483523  [  640/  678]
Average Training Loss: 0.523279
Val Loss: 2.8303 | C-index: 0.7252

Epoch 12
-------------------------------
loss: 1.287330  [   64/  678]
loss: 1.874591  [  256/  678]
loss: 1.082576  [  448/  678]
loss: 1.756358  [  640/  678]
Average Training Loss: 0.545532
Val Loss: 2.6441 | C-index: 0.7573

Epoch 13
-------------------------------
loss: 0.954060  [   64/  678]
loss: 1.079705  [  256/  678]
loss: 1.249609  [  448/  678]
loss: 1.646529  [  640/  678]
Average Training Loss: 0.448173
Val Loss: 2.8129 | C-index: 0.6983

Epoch 14
-------------------------------
loss: 1.677310  [   64/  678]
loss: 1.091453  [  256/  678]
loss: 1.127122  [  448/  678]
loss: 0.913939  [  640/  678]
Average Training Loss: 0.437257
Val Loss: 2.9168 | C-index: 0.7617

Epoch 15
-------------------------------
loss: 0.916257  [   64/  678]
loss: 1.079072  [  256/  678]
loss: 1.032437  [  448/  678]
loss: 1.286381  [  640/  678]
Average Training Loss: 0.392195
Val Loss: 2.8229 | C-index: 0.7070

Epoch 16
-------------------------------
loss: 1.169463  [   64/  678]
loss: 0.097969  [  256/  678]
loss: 1.478878  [  448/  678]
loss: 1.495790  [  640/  678]
Average Training Loss: 0.385645
Val Loss: 2.8005 | C-index: 0.7536

Epoch 17
-------------------------------
loss: 0.841471  [   64/  678]
loss: 1.185729  [  256/  678]
loss: 1.849536  [  448/  678]
loss: 0.788435  [  640/  678]
Average Training Loss: 0.424106
Val Loss: 3.0853 | C-index: 0.6983

Epoch 18
-------------------------------
loss: 1.149934  [   64/  678]
loss: 1.050754  [  256/  678]
loss: 2.251091  [  448/  678]
loss: 1.067170  [  640/  678]
Average Training Loss: 0.501723
Val Loss: 3.4640 | C-index: 0.6946

Epoch 19
-------------------------------
loss: 0.466104  [   64/  678]
loss: 1.057435  [  256/  678]
loss: 1.448802  [  448/  678]
loss: 1.325860  [  640/  678]
Average Training Loss: 0.390745
Val Loss: 3.4582 | C-index: 0.6618

Stopping early at Epoch 19 since no C-Index improvement after 5 epochs.
Done!
Best C-Index = 0.7616618075801749 at Epoch 14

=========================================
FOLD 5/5
=========================================

Epoch 1
-------------------------------
loss: 3.148740  [   64/  678]
loss: 3.021000  [  256/  678]
loss: 3.120127  [  448/  678]
loss: 2.265907  [  640/  678]
Average Training Loss: 1.050525
Val Loss: 3.1189 | C-index: 0.4281

Epoch 2
-------------------------------
loss: 2.543587  [   64/  678]
loss: 3.399593  [  256/  678]
loss: 3.082684  [  448/  678]
loss: 2.820278  [  640/  678]
Average Training Loss: 1.076922
Val Loss: 3.0983 | C-index: 0.5144

Epoch 3
-------------------------------
loss: 2.943866  [   64/  678]
loss: 2.517276  [  256/  678]
loss: 2.960834  [  448/  678]
loss: 2.468006  [  640/  678]
Average Training Loss: 0.989998
Val Loss: 3.0013 | C-index: 0.6534

Epoch 4
-------------------------------
loss: 2.451635  [   64/  678]
loss: 3.127473  [  256/  678]
loss: 2.110171  [  448/  678]
loss: 1.996018  [  640/  678]
Average Training Loss: 0.880482
Val Loss: 2.9111 | C-index: 0.7210

Epoch 5
-------------------------------
loss: 2.685878  [   64/  678]
loss: 2.220318  [  256/  678]
loss: 1.756968  [  448/  678]
loss: 1.802955  [  640/  678]
Average Training Loss: 0.769647
Val Loss: 2.9249 | C-index: 0.6496

Epoch 6
-------------------------------
loss: 1.567438  [   64/  678]
loss: 1.832978  [  256/  678]
loss: 1.943325  [  448/  678]
loss: 1.677947  [  640/  678]
Average Training Loss: 0.638335
Val Loss: 3.2227 | C-index: 0.6093

Epoch 7
-------------------------------
loss: 1.635228  [   64/  678]
loss: 2.252883  [  256/  678]
loss: 1.608448  [  448/  678]
loss: 1.552734  [  640/  678]
Average Training Loss: 0.640845
Val Loss: 2.8169 | C-index: 0.7090

Epoch 8
-------------------------------
loss: 1.616496  [   64/  678]
loss: 1.323733  [  256/  678]
loss: 2.237322  [  448/  678]
loss: 1.655757  [  640/  678]
Average Training Loss: 0.621210
Val Loss: 3.1686 | C-index: 0.5901

Epoch 9
-------------------------------
loss: 1.565786  [   64/  678]
loss: 1.595533  [  256/  678]
loss: 1.509035  [  448/  678]
loss: 1.359456  [  640/  678]
Average Training Loss: 0.548165
Val Loss: 2.8234 | C-index: 0.6865

Stopping early at Epoch 9 since no C-Index improvement after 5 epochs.
Done!
Best C-Index = 0.7209971236816874 at Epoch 4

=========================================
CV training complete! Mean ± std C-index: 0.7369 ± 0.0157
Best epochs per fold: [4, 10, 9, 14, 4]

=========================================
Retraining model on full train+val for 8 epochs...
Epoch 1
-------------------------------
loss: 3.082277  [   64/  847]
loss: 1.995798  [  320/  847]
loss: 2.921430  [  576/  847]
loss: 2.845328  [  832/  847]
Average Training Loss: 0.774631
Val Loss: 2.8717 | C-index: 0.6626

Epoch 2
-------------------------------
loss: 2.805083  [   64/  847]
loss: 2.533327  [  320/  847]
loss: 3.144997  [  576/  847]
loss: 2.559268  [  832/  847]
Average Training Loss: 0.788762
Val Loss: 2.7607 | C-index: 0.7940

Epoch 3
-------------------------------
loss: 2.470571  [   64/  847]
loss: 2.632090  [  320/  847]
loss: 2.953681  [  576/  847]
loss: 2.691794  [  832/  847]
Average Training Loss: 0.767724
Val Loss: 2.4337 | C-index: 0.8838

Epoch 4
-------------------------------
loss: 2.823462  [   64/  847]
loss: 2.422437  [  320/  847]
loss: 2.175788  [  576/  847]
loss: 2.295262  [  832/  847]
Average Training Loss: 0.694068
Val Loss: 2.0417 | C-index: 0.8681

Epoch 5
-------------------------------
loss: 1.895066  [   64/  847]
loss: 1.938125  [  320/  847]
loss: 1.656306  [  576/  847]
loss: 2.411282  [  832/  847]
Average Training Loss: 0.564341
Val Loss: 1.7400 | C-index: 0.9382

Epoch 6
-------------------------------
loss: 2.641208  [   64/  847]
loss: 1.474361  [  320/  847]
loss: 2.087679  [  576/  847]
loss: 1.887700  [  832/  847]
Average Training Loss: 0.577925
Val Loss: 1.4751 | C-index: 0.9529

Epoch 7
-------------------------------
loss: 1.589976  [   64/  847]
loss: 1.605215  [  320/  847]
loss: 1.583048  [  576/  847]
loss: 1.933237  [  832/  847]
Average Training Loss: 0.479391
Val Loss: 1.2749 | C-index: 0.9577

Epoch 8
-------------------------------
loss: 1.673971  [   64/  847]
loss: 1.162862  [  320/  847]
loss: 1.231367  [  576/  847]
loss: 1.347145  [  832/  847]
Average Training Loss: 0.386810
Val Loss: 1.2326 | C-index: 0.9644

Done!
Best C-Index = 0.9643527650371919 at Epoch 8
FINAL TEST Average Loss: 2.5493
FINAL TEST C-index: 0.6840
Bootstrap 95% CI: [0.5683, 0.7820]
Top 10 activated pathways:
{'R-HSA-163560': 0.050087541341781616, 'R-HSA-5685938': 0.04648277163505554, 'R-HSA-73927': 0.04466720670461655, 'R-HSA-9648002': 0.043541427701711655, 'R-HSA-9927432': 0.04025613144040108, 'R-HSA-5339562': 0.039966683834791183, 'R-HSA-1592389': 0.03978458791971207, 'R-HSA-8863795': 0.038495004177093506, 'R-HSA-162588': 0.03725600987672806, 'R-HSA-156590': 0.03708520904183388}
Results saved to /Users/evan/Documents/GitHub/HyBINN/experiments/runs/full_hybinn/seed_8/results.json
