train_hybinn.py log started 2026-06-05 22:35:12.256448
=========================================
Model Active Branches: ['gene']
=========================================

=========================================
FOLD 1/5
=========================================

Epoch 1
-------------------------------
loss: 2.612739  [   64/  677]
loss: 3.005424  [  256/  677]
loss: 3.494010  [  448/  677]
loss: 2.984205  [  640/  677]
Average Training Loss: 1.099671
Val Loss: 2.5689 | C-index: 0.6235

Epoch 2
-------------------------------
loss: 3.010263  [   64/  677]
loss: 2.626124  [  256/  677]
loss: 2.833112  [  448/  677]
loss: 2.666967  [  640/  677]
Average Training Loss: 1.012406
Val Loss: 2.5667 | C-index: 0.5768

Epoch 3
-------------------------------
loss: 2.941473  [   64/  677]
loss: 2.726644  [  256/  677]
loss: 2.694859  [  448/  677]
loss: 2.386859  [  640/  677]
Average Training Loss: 0.977258
Val Loss: 2.4904 | C-index: 0.6582

Epoch 4
-------------------------------
loss: 2.754582  [   64/  677]
loss: 2.444290  [  256/  677]
loss: 2.917207  [  448/  677]
loss: 2.667448  [  640/  677]
Average Training Loss: 0.980321
Val Loss: 2.4229 | C-index: 0.7570

Epoch 5
-------------------------------
loss: 2.262429  [   64/  677]
loss: 2.376818  [  256/  677]
loss: 1.442207  [  448/  677]
loss: 2.529608  [  640/  677]
Average Training Loss: 0.782824
Val Loss: 2.6330 | C-index: 0.6322

Epoch 6
-------------------------------
loss: 1.732478  [   64/  677]
loss: 1.652736  [  256/  677]
loss: 1.703299  [  448/  677]
loss: 1.892511  [  640/  677]
Average Training Loss: 0.634638
Val Loss: 2.7393 | C-index: 0.6923

Epoch 7
-------------------------------
loss: 1.413719  [   64/  677]
loss: 1.057030  [  256/  677]
loss: 1.092866  [  448/  677]
loss: 2.210664  [  640/  677]
Average Training Loss: 0.524935
Val Loss: 2.8526 | C-index: 0.7457

Epoch 8
-------------------------------
loss: 0.865301  [   64/  677]
loss: 1.406826  [  256/  677]
loss: 1.395838  [  448/  677]
loss: 1.349028  [  640/  677]
Average Training Loss: 0.456090
Val Loss: 2.9155 | C-index: 0.7230

Epoch 9
-------------------------------
loss: 1.360207  [   64/  677]
loss: 1.330690  [  256/  677]
loss: 1.653280  [  448/  677]
loss: 1.947018  [  640/  677]
Average Training Loss: 0.571927
Val Loss: 2.7918 | C-index: 0.7630

Epoch 10
-------------------------------
loss: 0.993260  [   64/  677]
loss: 2.133970  [  256/  677]
loss: 1.337140  [  448/  677]
loss: 0.779459  [  640/  677]
Average Training Loss: 0.476712
Val Loss: 2.7806 | C-index: 0.7276

Epoch 11
-------------------------------
loss: 0.978813  [   64/  677]
loss: 0.664093  [  256/  677]
loss: 1.366857  [  448/  677]
loss: 1.155612  [  640/  677]
Average Training Loss: 0.378670
Val Loss: 3.1189 | C-index: 0.7477

Epoch 12
-------------------------------
loss: 0.820102  [   64/  677]
loss: 0.547581  [  256/  677]
loss: 1.315570  [  448/  677]
loss: 0.982322  [  640/  677]
Average Training Loss: 0.333234
Val Loss: 3.2857 | C-index: 0.6622

Epoch 13
-------------------------------
loss: 1.475453  [   64/  677]
loss: 0.806755  [  256/  677]
loss: 1.750368  [  448/  677]
loss: 1.648773  [  640/  677]
Average Training Loss: 0.516486
Val Loss: 3.0956 | C-index: 0.7750

Epoch 14
-------------------------------
loss: 0.974473  [   64/  677]
loss: 1.308837  [  256/  677]
loss: 0.776578  [  448/  677]
loss: 1.051269  [  640/  677]
Average Training Loss: 0.373742
Val Loss: 3.2599 | C-index: 0.6342

Epoch 15
-------------------------------
loss: 0.711753  [   64/  677]
loss: 1.598162  [  256/  677]
loss: 1.162647  [  448/  677]
loss: 1.623860  [  640/  677]
Average Training Loss: 0.463311
Val Loss: 3.2504 | C-index: 0.7390

Epoch 16
-------------------------------
loss: 0.615713  [   64/  677]
loss: 1.497711  [  256/  677]
loss: 0.570747  [  448/  677]
loss: 1.065731  [  640/  677]
Average Training Loss: 0.340900
Val Loss: 3.4465 | C-index: 0.6569

Epoch 17
-------------------------------
loss: 0.865462  [   64/  677]
loss: 1.315451  [  256/  677]
loss: 0.998817  [  448/  677]
loss: 0.489658  [  640/  677]
Average Training Loss: 0.333581
Val Loss: 3.5024 | C-index: 0.6756

Epoch 18
-------------------------------
loss: 1.001905  [   64/  677]
loss: 0.574032  [  256/  677]
loss: 0.979995  [  448/  677]
loss: 0.868321  [  640/  677]
Average Training Loss: 0.311296
Val Loss: 3.2988 | C-index: 0.7016

Stopping early at Epoch 18 since no C-Index improvement after 5 epochs.
Done!
Best C-Index = 0.7750333778371161 at Epoch 13

=========================================
FOLD 2/5
=========================================

Epoch 1
-------------------------------
loss: 2.924762  [   64/  677]
loss: 3.305145  [  256/  677]
loss: 3.170363  [  448/  677]
loss: 3.089859  [  640/  677]
Average Training Loss: 1.135466
Val Loss: 2.8173 | C-index: 0.4398

Epoch 2
-------------------------------
loss: 2.985139  [   64/  677]
loss: 2.674648  [  256/  677]
loss: 2.967757  [  448/  677]
loss: 3.014405  [  640/  677]
Average Training Loss: 1.058359
Val Loss: 2.8545 | C-index: 0.4368

Epoch 3
-------------------------------
loss: 2.896716  [   64/  677]
loss: 2.828002  [  256/  677]
loss: 2.392228  [  448/  677]
loss: 2.863995  [  640/  677]
Average Training Loss: 0.998267
Val Loss: 2.8575 | C-index: 0.4923

Epoch 4
-------------------------------
loss: 2.362557  [   64/  677]
loss: 2.497003  [  256/  677]
loss: 1.598540  [  448/  677]
loss: 2.360022  [  640/  677]
Average Training Loss: 0.801648
Val Loss: 3.0150 | C-index: 0.4941

Epoch 5
-------------------------------
loss: 2.122046  [   64/  677]
loss: 2.047494  [  256/  677]
loss: 1.734048  [  448/  677]
loss: 2.569353  [  640/  677]
Average Training Loss: 0.770267
Val Loss: 3.0848 | C-index: 0.5201

Epoch 6
-------------------------------
loss: 1.858535  [   64/  677]
loss: 1.521865  [  256/  677]
loss: 1.749603  [  448/  677]
loss: 1.729326  [  640/  677]
Average Training Loss: 0.623575
Val Loss: 3.5332 | C-index: 0.4728

Epoch 7
-------------------------------
loss: 2.084004  [   64/  677]
loss: 0.973300  [  256/  677]
loss: 1.653171  [  448/  677]
loss: 1.755886  [  640/  677]
Average Training Loss: 0.587851
Val Loss: 3.2349 | C-index: 0.5573

Epoch 8
-------------------------------
loss: 1.320599  [   64/  677]
loss: 1.526326  [  256/  677]
loss: 1.591500  [  448/  677]
loss: 1.176281  [  640/  677]
Average Training Loss: 0.510428
Val Loss: 3.6448 | C-index: 0.5142

Epoch 9
-------------------------------
loss: 1.534520  [   64/  677]
loss: 1.499361  [  256/  677]
loss: 0.922753  [  448/  677]
loss: 1.388794  [  640/  677]
Average Training Loss: 0.485948
Val Loss: 3.7960 | C-index: 0.5584

Epoch 10
-------------------------------
loss: 1.100154  [   64/  677]
loss: 1.440077  [  256/  677]
loss: 1.412875  [  448/  677]
loss: 1.742587  [  640/  677]
Average Training Loss: 0.517790
Val Loss: 3.7304 | C-index: 0.5195

Epoch 11
-------------------------------
loss: 1.113671  [   64/  677]
loss: 1.082580  [  256/  677]
loss: 1.555154  [  448/  677]
loss: 1.121435  [  640/  677]
Average Training Loss: 0.442985
Val Loss: 3.6223 | C-index: 0.5667

Epoch 12
-------------------------------
loss: 0.610149  [   64/  677]
loss: 1.241783  [  256/  677]
loss: 1.408337  [  448/  677]
loss: 1.777665  [  640/  677]
Average Training Loss: 0.457994
Val Loss: 3.5152 | C-index: 0.5307

Epoch 13
-------------------------------
loss: 0.797207  [   64/  677]
loss: 1.082117  [  256/  677]
loss: 0.542272  [  448/  677]
loss: 1.438682  [  640/  677]
Average Training Loss: 0.350934
Val Loss: 3.7257 | C-index: 0.4764

Epoch 14
-------------------------------
loss: 0.734233  [   64/  677]
loss: 0.992212  [  256/  677]
loss: 1.813862  [  448/  677]
loss: 1.140845  [  640/  677]
Average Training Loss: 0.425559
Val Loss: 3.4506 | C-index: 0.5366

Epoch 15
-------------------------------
loss: 0.995638  [   64/  677]
loss: 1.059525  [  256/  677]
loss: 1.263296  [  448/  677]
loss: 1.074840  [  640/  677]
Average Training Loss: 0.399391
Val Loss: 3.7865 | C-index: 0.5484

Epoch 16
-------------------------------
loss: 1.905035  [   64/  677]
loss: 0.760204  [  256/  677]
loss: 0.812782  [  448/  677]
loss: 2.506088  [  640/  677]
Average Training Loss: 0.544010
Val Loss: 4.0086 | C-index: 0.5844

Epoch 17
-------------------------------
loss: 0.733442  [   64/  677]
loss: 0.696224  [  256/  677]
loss: 0.835158  [  448/  677]
loss: 0.823387  [  640/  677]
Average Training Loss: 0.280746
Val Loss: 4.2927 | C-index: 0.5396

Epoch 18
-------------------------------
loss: 0.863414  [   64/  677]
loss: 1.008084  [  256/  677]
loss: 0.963614  [  448/  677]
loss: 1.187999  [  640/  677]
Average Training Loss: 0.365737
Val Loss: 3.8805 | C-index: 0.4994

Epoch 19
-------------------------------
loss: 0.678175  [   64/  677]
loss: 1.817219  [  256/  677]
loss: 1.258052  [  448/  677]
loss: 0.796646  [  640/  677]
Average Training Loss: 0.413645
Val Loss: 3.7588 | C-index: 0.5732

Epoch 20
-------------------------------
loss: 0.549362  [   64/  677]
loss: 0.783861  [  256/  677]
loss: 1.246607  [  448/  677]
loss: 0.887039  [  640/  677]
Average Training Loss: 0.315170
Val Loss: 3.8718 | C-index: 0.5785

Epoch 21
-------------------------------
loss: 0.369906  [   64/  677]
loss: 1.100441  [  256/  677]
loss: 0.763552  [  448/  677]
loss: 0.988671  [  640/  677]
Average Training Loss: 0.292961
Val Loss: 4.2269 | C-index: 0.5531

Stopping early at Epoch 21 since no C-Index improvement after 5 epochs.
Done!
Best C-Index = 0.5844155844155844 at Epoch 16

=========================================
FOLD 3/5
=========================================

Epoch 1
-------------------------------
loss: 2.893236  [   64/  678]
loss: 2.784002  [  256/  678]
loss: 2.923252  [  448/  678]
loss: 3.206481  [  640/  678]
Average Training Loss: 1.073361
Val Loss: 2.8975 | C-index: 0.4693

Epoch 2
-------------------------------
loss: 3.090895  [   64/  678]
loss: 3.024159  [  256/  678]
loss: 2.786029  [  448/  678]
loss: 2.839956  [  640/  678]
Average Training Loss: 1.067367
Val Loss: 2.9116 | C-index: 0.5226

Epoch 3
-------------------------------
loss: 2.824227  [   64/  678]
loss: 2.800910  [  256/  678]
loss: 2.481098  [  448/  678]
loss: 2.275371  [  640/  678]
Average Training Loss: 0.943782
Val Loss: 2.9797 | C-index: 0.5447

Epoch 4
-------------------------------
loss: 2.967021  [   64/  678]
loss: 2.178370  [  256/  678]
loss: 2.046130  [  448/  678]
loss: 2.557581  [  640/  678]
Average Training Loss: 0.886282
Val Loss: 2.9431 | C-index: 0.5948

Epoch 5
-------------------------------
loss: 1.754537  [   64/  678]
loss: 1.644684  [  256/  678]
loss: 1.570627  [  448/  678]
loss: 1.812429  [  640/  678]
Average Training Loss: 0.616571
Val Loss: 2.6936 | C-index: 0.6002

Epoch 6
-------------------------------
loss: 1.170990  [   64/  678]
loss: 0.999431  [  256/  678]
loss: 1.643306  [  448/  678]
loss: 1.350375  [  640/  678]
Average Training Loss: 0.469464
Val Loss: 3.0307 | C-index: 0.6169

Epoch 7
-------------------------------
loss: 1.322088  [   64/  678]
loss: 1.382081  [  256/  678]
loss: 1.480417  [  448/  678]
loss: 1.384455  [  640/  678]
Average Training Loss: 0.506276
Val Loss: 2.9710 | C-index: 0.6401

Epoch 8
-------------------------------
loss: 1.692051  [   64/  678]
loss: 1.067321  [  256/  678]
loss: 1.672666  [  448/  678]
loss: 1.593514  [  640/  678]
Average Training Loss: 0.547777
Val Loss: 3.3750 | C-index: 0.5927

Epoch 9
-------------------------------
loss: 1.180261  [   64/  678]
loss: 0.714213  [  256/  678]
loss: 1.704795  [  448/  678]
loss: 1.424351  [  640/  678]
Average Training Loss: 0.456693
Val Loss: 3.2892 | C-index: 0.6379

Epoch 10
-------------------------------
loss: 1.691661  [   64/  678]
loss: 0.858476  [  256/  678]
loss: 1.266381  [  448/  678]
loss: 1.846078  [  640/  678]
Average Training Loss: 0.514781
Val Loss: 3.0024 | C-index: 0.5846

Epoch 11
-------------------------------
loss: 1.285185  [   64/  678]
loss: 1.395506  [  256/  678]
loss: 1.378554  [  448/  678]
loss: 1.166853  [  640/  678]
Average Training Loss: 0.475100
Val Loss: 2.9220 | C-index: 0.6083

Epoch 12
-------------------------------
loss: 1.372449  [   64/  678]
loss: 1.071443  [  256/  678]
loss: 1.537336  [  448/  678]
loss: 0.801743  [  640/  678]
Average Training Loss: 0.434816
Val Loss: 3.3798 | C-index: 0.6169

Stopping early at Epoch 12 since no C-Index improvement after 5 epochs.
Done!
Best C-Index = 0.6400862068965517 at Epoch 7

=========================================
FOLD 4/5
=========================================

Epoch 1
-------------------------------
loss: 3.338480  [   64/  678]
loss: 2.601483  [  256/  678]
loss: 2.867439  [  448/  678]
loss: 3.199903  [  640/  678]
Average Training Loss: 1.091573
Val Loss: 2.7458 | C-index: 0.5722

Epoch 2
-------------------------------
loss: 2.482927  [   64/  678]
loss: 3.164946  [  256/  678]
loss: 3.175200  [  448/  678]
loss: 2.720394  [  640/  678]
Average Training Loss: 1.049406
Val Loss: 2.7490 | C-index: 0.6061

Epoch 3
-------------------------------
loss: 1.531764  [   64/  678]
loss: 2.258052  [  256/  678]
loss: 2.835517  [  448/  678]
loss: 2.574666  [  640/  678]
Average Training Loss: 0.836363
Val Loss: 2.7638 | C-index: 0.5779

Epoch 4
-------------------------------
loss: 1.980135  [   64/  678]
loss: 2.078211  [  256/  678]
loss: 2.605178  [  448/  678]
loss: 2.491077  [  640/  678]
Average Training Loss: 0.832236
Val Loss: 2.8223 | C-index: 0.5870

Epoch 5
-------------------------------
loss: 0.918016  [   64/  678]
loss: 1.802106  [  256/  678]
loss: 2.111797  [  448/  678]
loss: 2.298602  [  640/  678]
Average Training Loss: 0.648229
Val Loss: 3.0589 | C-index: 0.6082

Epoch 6
-------------------------------
loss: 0.445881  [   64/  678]
loss: 1.736317  [  256/  678]
loss: 1.855717  [  448/  678]
loss: 1.633961  [  640/  678]
Average Training Loss: 0.515625
Val Loss: 3.1638 | C-index: 0.6836

Epoch 7
-------------------------------
loss: 1.538751  [   64/  678]
loss: 0.959903  [  256/  678]
loss: 1.214706  [  448/  678]
loss: 1.658731  [  640/  678]
Average Training Loss: 0.488372
Val Loss: 3.2141 | C-index: 0.5793

Epoch 8
-------------------------------
loss: 1.520294  [   64/  678]
loss: 1.895699  [  256/  678]
loss: 1.563855  [  448/  678]
loss: 1.061495  [  640/  678]
Average Training Loss: 0.549213
Val Loss: 3.0181 | C-index: 0.6977

Epoch 9
-------------------------------
loss: 0.301531  [   64/  678]
loss: 1.795682  [  256/  678]
loss: 1.362401  [  448/  678]
loss: 0.777889  [  640/  678]
Average Training Loss: 0.385228
Val Loss: 2.9706 | C-index: 0.6427

Epoch 10
-------------------------------
loss: 0.881788  [   64/  678]
loss: 1.141557  [  256/  678]
loss: 1.169701  [  448/  678]
loss: 1.404019  [  640/  678]
Average Training Loss: 0.417915
Val Loss: 2.9873 | C-index: 0.6744

Epoch 11
-------------------------------
loss: 0.798255  [   64/  678]
loss: 1.558285  [  256/  678]
loss: 1.600596  [  448/  678]
loss: 1.285896  [  640/  678]
Average Training Loss: 0.476639
Val Loss: 3.3093 | C-index: 0.7068

Epoch 12
-------------------------------
loss: 1.055701  [   64/  678]
loss: 1.184399  [  256/  678]
loss: 1.414338  [  448/  678]
loss: 1.326034  [  640/  678]
Average Training Loss: 0.452770
Val Loss: 3.2919 | C-index: 0.7125

Epoch 13
-------------------------------
loss: 1.534408  [   64/  678]
loss: 0.280295  [  256/  678]
loss: 1.146417  [  448/  678]
loss: 1.791839  [  640/  678]
Average Training Loss: 0.432087
Val Loss: 3.3053 | C-index: 0.6582

Epoch 14
-------------------------------
loss: 0.515659  [   64/  678]
loss: 0.908008  [  256/  678]
loss: 1.544681  [  448/  678]
loss: 2.413115  [  640/  678]
Average Training Loss: 0.489224
Val Loss: 3.0314 | C-index: 0.6934

Epoch 15
-------------------------------
loss: 0.749922  [   64/  678]
loss: 1.637930  [  256/  678]
loss: 1.104662  [  448/  678]
loss: 0.979739  [  640/  678]
Average Training Loss: 0.406568
Val Loss: 2.8562 | C-index: 0.6808

Epoch 16
-------------------------------
loss: 1.242979  [   64/  678]
loss: 1.028192  [  256/  678]
loss: 0.126588  [  448/  678]
loss: 0.987514  [  640/  678]
Average Training Loss: 0.307752
Val Loss: 3.0395 | C-index: 0.7132

Epoch 17
-------------------------------
loss: 1.030901  [   64/  678]
loss: 1.194322  [  256/  678]
loss: 1.045729  [  448/  678]
loss: 2.651712  [  640/  678]
Average Training Loss: 0.538424
Val Loss: 2.9698 | C-index: 0.7371

Epoch 18
-------------------------------
loss: 1.402007  [   64/  678]
loss: 0.804432  [  256/  678]
loss: 1.106559  [  448/  678]
loss: 1.405142  [  640/  678]
Average Training Loss: 0.428922
Val Loss: 3.2154 | C-index: 0.6441

Epoch 19
-------------------------------
loss: 1.091902  [   64/  678]
loss: 1.408580  [  256/  678]
loss: 0.874022  [  448/  678]
loss: 0.780632  [  640/  678]
Average Training Loss: 0.377740
Val Loss: 3.0510 | C-index: 0.6737

Epoch 20
-------------------------------
loss: 0.658303  [   64/  678]
loss: 0.907758  [  256/  678]
loss: 1.117704  [  448/  678]
loss: 1.927476  [  640/  678]
Average Training Loss: 0.419204
Val Loss: 3.1248 | C-index: 0.7273

Epoch 21
-------------------------------
loss: 0.888508  [   64/  678]
loss: 0.980296  [  256/  678]
loss: 0.898862  [  448/  678]
loss: 0.731065  [  640/  678]
Average Training Loss: 0.318066
Val Loss: 3.4946 | C-index: 0.6843

Epoch 22
-------------------------------
loss: 0.899001  [   64/  678]
loss: 0.771412  [  256/  678]
loss: 0.966373  [  448/  678]
loss: 0.841395  [  640/  678]
Average Training Loss: 0.316198
Val Loss: 3.1088 | C-index: 0.7188

Stopping early at Epoch 22 since no C-Index improvement after 5 epochs.
Done!
Best C-Index = 0.7371388301620859 at Epoch 17

=========================================
FOLD 5/5
=========================================

Epoch 1
-------------------------------
loss: 2.763416  [   64/  678]
loss: 3.156822  [  256/  678]
loss: 2.947083  [  448/  678]
loss: 2.381261  [  640/  678]
Average Training Loss: 1.022598
Val Loss: 2.8907 | C-index: 0.6782

Epoch 2
-------------------------------
loss: 2.587237  [   64/  678]
loss: 3.135258  [  256/  678]
loss: 2.993738  [  448/  678]
loss: 2.991675  [  640/  678]
Average Training Loss: 1.064355
Val Loss: 2.8922 | C-index: 0.6707

Epoch 3
-------------------------------
loss: 3.140135  [   64/  678]
loss: 2.764216  [  256/  678]
loss: 3.182236  [  448/  678]
loss: 2.603798  [  640/  678]
Average Training Loss: 1.062762
Val Loss: 2.8265 | C-index: 0.7094

Epoch 4
-------------------------------
loss: 2.075047  [   64/  678]
loss: 2.182519  [  256/  678]
loss: 2.229159  [  448/  678]
loss: 2.675310  [  640/  678]
Average Training Loss: 0.832912
Val Loss: 2.7749 | C-index: 0.7129

Epoch 5
-------------------------------
loss: 2.015980  [   64/  678]
loss: 2.523024  [  256/  678]
loss: 2.202687  [  448/  678]
loss: 1.598555  [  640/  678]
Average Training Loss: 0.758204
Val Loss: 2.9318 | C-index: 0.5633

Epoch 6
-------------------------------
loss: 1.537959  [   64/  678]
loss: 1.689368  [  256/  678]
loss: 2.362484  [  448/  678]
loss: 1.862859  [  640/  678]
Average Training Loss: 0.677515
Val Loss: 3.3775 | C-index: 0.5962

Epoch 7
-------------------------------
loss: 1.814425  [   64/  678]
loss: 1.698630  [  256/  678]
loss: 1.401168  [  448/  678]
loss: 1.534295  [  640/  678]
Average Training Loss: 0.586229
Val Loss: 3.2421 | C-index: 0.6014

Epoch 8
-------------------------------
loss: 2.145499  [   64/  678]
loss: 2.066401  [  256/  678]
loss: 1.125748  [  448/  678]
loss: 2.063905  [  640/  678]
Average Training Loss: 0.672868
Val Loss: 3.0641 | C-index: 0.6199

Epoch 9
-------------------------------
loss: 1.315230  [   64/  678]
loss: 0.914778  [  256/  678]
loss: 1.286172  [  448/  678]
loss: 1.465822  [  640/  678]
Average Training Loss: 0.452909
Val Loss: 3.4914 | C-index: 0.6170

Stopping early at Epoch 9 since no C-Index improvement after 5 epochs.
Done!
Best C-Index = 0.7128827267475448 at Epoch 4

=========================================
CV training complete! Mean ± std C-index: 0.6899 ± 0.0687
Best epochs per fold: [13, 16, 7, 17, 4]

=========================================
Retraining model on full train+val for 11 epochs...
Epoch 1
-------------------------------
loss: 2.898632  [   64/  847]
loss: 3.029212  [  320/  847]
loss: 2.912850  [  576/  847]
loss: 2.916271  [  832/  847]
Average Training Loss: 0.839783
Val Loss: 2.7289 | C-index: 0.6204

Epoch 2
-------------------------------
loss: 2.995472  [   64/  847]
loss: 3.062377  [  320/  847]
loss: 3.118012  [  576/  847]
loss: 2.644495  [  832/  847]
Average Training Loss: 0.844311
Val Loss: 2.5412 | C-index: 0.7909

Epoch 3
-------------------------------
loss: 2.696448  [   64/  847]
loss: 3.023945  [  320/  847]
loss: 3.014488  [  576/  847]
loss: 2.635686  [  832/  847]
Average Training Loss: 0.812183
Val Loss: 2.3448 | C-index: 0.8682

Epoch 4
-------------------------------
loss: 2.494582  [   64/  847]
loss: 2.020640  [  320/  847]
loss: 2.269138  [  576/  847]
loss: 2.110164  [  832/  847]
Average Training Loss: 0.635323
Val Loss: 1.8095 | C-index: 0.9314

Epoch 5
-------------------------------
loss: 2.310053  [   64/  847]
loss: 1.266804  [  320/  847]
loss: 2.155105  [  576/  847]
loss: 2.502244  [  832/  847]
Average Training Loss: 0.588158
Val Loss: 1.6387 | C-index: 0.9166

Epoch 6
-------------------------------
loss: 2.172352  [   64/  847]
loss: 1.488294  [  320/  847]
loss: 1.958218  [  576/  847]
loss: 2.529197  [  832/  847]
Average Training Loss: 0.582004
Val Loss: 1.3666 | C-index: 0.9559

Epoch 7
-------------------------------
loss: 1.368821  [   64/  847]
loss: 1.535148  [  320/  847]
loss: 1.253371  [  576/  847]
loss: 1.620477  [  832/  847]
Average Training Loss: 0.412701
Val Loss: 1.3249 | C-index: 0.9570

Epoch 8
-------------------------------
loss: 1.713605  [   64/  847]
loss: 1.818749  [  320/  847]
loss: 1.576894  [  576/  847]
loss: 1.082964  [  832/  847]
Average Training Loss: 0.442301
Val Loss: 1.0952 | C-index: 0.9678

Epoch 9
-------------------------------
loss: 1.361548  [   64/  847]
loss: 1.818923  [  320/  847]
loss: 1.754961  [  576/  847]
loss: 1.185485  [  832/  847]
Average Training Loss: 0.437208
Val Loss: 1.1236 | C-index: 0.9649

Epoch 10
-------------------------------
loss: 1.600304  [   64/  847]
loss: 1.509161  [  320/  847]
loss: 1.683133  [  576/  847]
loss: 1.392315  [  832/  847]
Average Training Loss: 0.441780
Val Loss: 1.2795 | C-index: 0.9617

Epoch 11
-------------------------------
loss: 1.646452  [   64/  847]
loss: 1.596707  [  320/  847]
loss: 1.187836  [  576/  847]
loss: 0.378115  [  832/  847]
Average Training Loss: 0.343508
Val Loss: 1.4228 | C-index: 0.9497

Done!
Best C-Index = 0.9677746887465248 at Epoch 8
FINAL TEST Average Loss: 2.9396
FINAL TEST C-index: 0.6789
Bootstrap 95% CI: [0.5570, 0.7878]
Results saved to /Users/evan/Documents/GitHub/HyBINN/experiments/runs/gene_only/seed_5/results.json
